package fwprovider

import (
	"context"
	"fmt"

	"github.com/DataDog/datadog-api-client-go/v2/api/datadogV2"
	"github.com/hashicorp/terraform-plugin-framework/datasource"
	"github.com/hashicorp/terraform-plugin-framework/datasource/schema"
	"github.com/hashicorp/terraform-plugin-framework/types"

	"github.com/terraform-providers/terraform-provider-datadog/datadog/internal/utils"
)

var (
	_ datasource.DataSourceWithConfigure = &teamsDataSource{}
)

type teamsDataSourceModel struct {
	// Query Parameters
	FilterKeyword types.String `tfsdk:"filter_keyword"`
	FilterMe      types.Bool   `tfsdk:"filter_me"`

	// Results
	ID    types.String `tfsdk:"id"`
	Teams []*TeamModel `tfsdk:"teams"`
}

type TeamModel struct {
	Description types.String `tfsdk:"description"`
	Handle      types.String `tfsdk:"handle"`
	ID          types.String `tfsdk:"id"`
	LinkCount   types.Int64  `tfsdk:"link_count"`
	Name        types.String `tfsdk:"name"`
	Summary     types.String `tfsdk:"summary"`
	UserCount   types.Int64  `tfsdk:"user_count"`
}

type teamsDataSource struct {
	Api  *datadogV2.TeamsApi
	Auth context.Context
}

func NewTeamsDataSource() datasource.DataSource {
	return &teamsDataSource{}
}

func (d *teamsDataSource) Configure(_ context.Context, request datasource.ConfigureRequest, response *datasource.ConfigureResponse) {
	providerData, _ := request.ProviderData.(*FrameworkProvider)
	d.Api = providerData.DatadogApiInstances.GetTeamsApiV2()
	d.Auth = providerData.Auth
}

func (d *teamsDataSource) Metadata(_ context.Context, request datasource.MetadataRequest, response *datasource.MetadataResponse) {
	response.TypeName = "teams"
}

func (d *teamsDataSource) Schema(_ context.Context, _ datasource.SchemaRequest, response *datasource.SchemaResponse) {
	response.Schema = schema.Schema{
		Description: "Use this data source to retrieve information about existing teams for use in other resources.",
		Attributes: map[string]schema.Attribute{
			"id": utils.ResourceIDAttribute(),
			"filter_keyword": schema.StringAttribute{
				Description: "Search query. Can be team name, team handle, or email of team member.",
				Optional:    true,
			},
			"filter_me": schema.BoolAttribute{
				Description: "When true, only returns teams the current user belongs to.",
				Optional:    true,
			},
		},
		Blocks: map[string]schema.Block{
			"teams": schema.ListNestedBlock{
				Description: "List of teams",
				NestedObject: schema.NestedBlockObject{
					Attributes: map[string]schema.Attribute{
						"description": schema.StringAttribute{
							Description: "Free-form markdown description/content for the team's homepage.",
							Computed:    true,
						},
						"handle": schema.StringAttribute{
							Description: "The team's handle.",
							Computed:    true,
						},
						"id": schema.StringAttribute{
							Description: "The team's identifier.",
							Computed:    true,
						},
						"link_count": schema.Int64Attribute{
							Description: "The number of links belonging to the team.",
							Computed:    true,
						},
						"name": schema.StringAttribute{
							Description: "The name of the team.",
							Computed:    true,
						},
						"summary": schema.StringAttribute{
							Description: "A brief summary of the team, derived from the `description`.",
							Computed:    true,
						},
						"user_count": schema.Int64Attribute{
							Description: "The number of users belonging to the team.",
							Computed:    true,
						},
					},
				},
			},
		},
	}
}

func (d *teamsDataSource) Read(ctx context.Context, request datasource.ReadRequest, response *datasource.ReadResponse) {
	var state teamsDataSourceModel
	response.Diagnostics.Append(request.Config.Get(ctx, &state)...)
	if response.Diagnostics.HasError() {
		return
	}

	var optionalParams datadogV2.ListTeamsOptionalParameters
	if !state.FilterKeyword.IsNull() {
		optionalParams.FilterKeyword = state.FilterKeyword.ValueStringPointer()
	}
	if !state.FilterMe.IsNull() {
		optionalParams.FilterMe = state.FilterMe.ValueBoolPointer()
	}

	var items []datadogV2.Team
	result, cancel := d.Api.ListTeamsWithPagination(d.Auth, optionalParams)
	defer cancel()
	for paginationResult := range result {
		if paginationResult.Error != nil {
			response.Diagnostics.Append(utils.FrameworkErrorDiag(paginationResult.Error, "Error when calling `ListTeamsWithPagination`"))
			return
		}
		items = append(items, paginationResult.Item)
	}

	d.updateState(ctx, &state, &items)
	response.Diagnostics.Append(response.State.Set(ctx, &state)...)
}

func (d *teamsDataSource) updateState(state *teamsDataSourceModel, data *[]datadogV2.Team) {
	results := make([]*TeamModel, 0, len(*data))
	for _, item := range *data {
		r := TeamModel{
			Description: types.StringValue(item.GetAttributes().GetDescription()),
			Handle:      types.StringValue(item.GetAttributes().GetHandle()),
			ID:          types.StringValue(item.GetId()),
			LinkCount:   types.Int64Value(int64(item.GetAttributes().GetLinkCount())),
			Name:        types.StringValue(item.GetAttributes().GetName()),
			Summary:     types.StringValue(item.GetAttributes().GetSummary()),
			UserCount:   types.Int64Value(int64(item.GetAttributes().GetUserCount())),
		}
		results = append(results, &r)
	}

	hashingData := fmt.Sprintf("%s:%t", state.FilterKeyword.ValueString(), state.FilterMe.ValueBool())
	state.ID = types.StringValue(utils.ConvertToSha256(hashingData))
	state.Teams = results
}
