---
version: 1
interactions:
- request:
    body: |
      {"description":"Created using the Datadog provider in Terraform","id":"","is_read_only":true,"layout_type":"free","notify_list":[],"template_variable_presets":[],"template_variables":[],"title":"tf-TestAccDatadogDashboardEventStream-local-1602487053","widgets":[{"definition":{"event_size":"l","query":"*","tags_execution":"and","time":{"live_span":"4h"},"title":"Widget Title","title_align":"right","title_size":"16","type":"event_stream"},"layout":{"height":43,"width":32,"x":5,"y":5}}]}
    form: {}
    headers:
      Accept:
      - application/json
      Content-Type:
      - application/json
      Dd-Operation-Id:
      - CreateDashboard
      User-Agent:
      - terraform-provider-datadog/dev (terraform 1.15.0; terraform-cli 0.12.7-sdk)
        datadog-api-client-go/1.0.0-beta.9+dev (go go1.15.2; os darwin; arch amd64)
      X-Datadog-Parent-Id:
      - "5532577344140588906"
      X-Datadog-Sampling-Priority:
      - "1"
      X-Datadog-Trace-Id:
      - "816471839772011496"
    url: https://api.datadoghq.com/api/v1/dashboard
    method: POST
  response:
    body: '{"notify_list":[],"description":"Created using the Datadog provider in
      Terraform","author_name":null,"template_variable_presets":[],"template_variables":[],"is_read_only":true,"id":"qqq-pd3-sny","title":"tf-TestAccDatadogDashboardEventStream-local-1602487053","url":"/dashboard/qqq-pd3-sny/tf-testaccdatadogdashboardeventstream-local-1602487053","created_at":"2020-10-12T07:21:24.128079+00:00","modified_at":"2020-10-12T07:21:24.128079+00:00","author_handle":"frog@datadoghq.com","widgets":[{"definition":{"title_size":"16","title":"Widget
      Title","title_align":"right","tags_execution":"and","time":{"live_span":"4h"},"query":"*","type":"event_stream","event_size":"l"},"layout":{"y":5,"width":32,"x":5,"height":43},"id":7218141157221373}],"layout_type":"free"}'
    headers:
      Cache-Control:
      - no-cache
      Connection:
      - keep-alive
      Content-Security-Policy:
      - frame-ancestors 'self'; report-uri https://api.datadoghq.com/csp-report
      Content-Type:
      - application/json
      Date:
      - Mon, 12 Oct 2020 07:21:24 GMT
      Dd-Pool:
      - dogweb
      Pragma:
      - no-cache
      Set-Cookie:
      - DD-PSHARD=233; Max-Age=604800; Path=/; expires=Mon, 19-Oct-2020 07:21:24 GMT;
        secure; HttpOnly
      Strict-Transport-Security:
      - max-age=15724800;
      Vary:
      - Accept-Encoding
      X-Content-Type-Options:
      - nosniff
      X-Dd-Debug:
      - RCObiQ2dtM/JQUOdAbTQmIrpsZR5eT9bZEwE14hAfjq3x8DBTBCy/8ina/nQCRGE
      X-Dd-Version:
      - "35.3178388"
      X-Frame-Options:
      - SAMEORIGIN
    status: 200 OK
    code: 200
    duration: ""
- request:
    body: ""
    form: {}
    headers:
      Accept:
      - application/json
      Dd-Operation-Id:
      - GetDashboard
      User-Agent:
      - terraform-provider-datadog/dev (terraform 1.15.0; terraform-cli 0.12.7-sdk)
        datadog-api-client-go/1.0.0-beta.9+dev (go go1.15.2; os darwin; arch amd64)
      X-Datadog-Parent-Id:
      - "6974459815654813028"
      X-Datadog-Sampling-Priority:
      - "1"
      X-Datadog-Trace-Id:
      - "816471839772011496"
    url: https://api.datadoghq.com/api/v1/dashboard/qqq-pd3-sny
    method: GET
  response:
    body: '{"notify_list":[],"description":"Created using the Datadog provider in
      Terraform","author_name":null,"template_variable_presets":[],"template_variables":[],"is_read_only":true,"id":"qqq-pd3-sny","title":"tf-TestAccDatadogDashboardEventStream-local-1602487053","url":"/dashboard/qqq-pd3-sny/tf-testaccdatadogdashboardeventstream-local-1602487053","created_at":"2020-10-12T07:21:24.128079+00:00","modified_at":"2020-10-12T07:21:24.128079+00:00","author_handle":"frog@datadoghq.com","widgets":[{"definition":{"title_size":"16","title":"Widget
      Title","title_align":"right","tags_execution":"and","time":{"live_span":"4h"},"query":"*","type":"event_stream","event_size":"l"},"layout":{"y":5,"width":32,"x":5,"height":43},"id":7218141157221373}],"layout_type":"free"}'
    headers:
      Cache-Control:
      - no-cache
      Connection:
      - keep-alive
      Content-Security-Policy:
      - frame-ancestors 'self'; report-uri https://api.datadoghq.com/csp-report
      Content-Type:
      - application/json
      Date:
      - Mon, 12 Oct 2020 07:21:24 GMT
      Dd-Pool:
      - dogweb
      Pragma:
      - no-cache
      Set-Cookie:
      - DD-PSHARD=233; Max-Age=604800; Path=/; expires=Mon, 19-Oct-2020 07:21:24 GMT;
        secure; HttpOnly
      Strict-Transport-Security:
      - max-age=15724800;
      Vary:
      - Accept-Encoding
      X-Content-Type-Options:
      - nosniff
      X-Dd-Debug:
      - oqlClNgBffXSYxjxM4MXW8YBCUkTvkeEyGekJFD2ia4zlDKNcD3ROot7wMYW8Xj+
      X-Dd-Version:
      - "35.3178388"
      X-Frame-Options:
      - SAMEORIGIN
    status: 200 OK
    code: 200
    duration: ""
- request:
    body: ""
    form: {}
    headers:
      Accept:
      - application/json
      Dd-Operation-Id:
      - GetDashboard
      User-Agent:
      - terraform-provider-datadog/dev (terraform 1.15.0; terraform-cli 0.12.7-sdk)
        datadog-api-client-go/1.0.0-beta.9+dev (go go1.15.2; os darwin; arch amd64)
      X-Datadog-Parent-Id:
      - "105057274558502543"
      X-Datadog-Sampling-Priority:
      - "1"
      X-Datadog-Trace-Id:
      - "816471839772011496"
    url: https://api.datadoghq.com/api/v1/dashboard/qqq-pd3-sny
    method: GET
  response:
    body: '{"notify_list":[],"description":"Created using the Datadog provider in
      Terraform","author_name":null,"template_variable_presets":[],"template_variables":[],"is_read_only":true,"id":"qqq-pd3-sny","title":"tf-TestAccDatadogDashboardEventStream-local-1602487053","url":"/dashboard/qqq-pd3-sny/tf-testaccdatadogdashboardeventstream-local-1602487053","created_at":"2020-10-12T07:21:24.128079+00:00","modified_at":"2020-10-12T07:21:24.128079+00:00","author_handle":"frog@datadoghq.com","widgets":[{"definition":{"title_size":"16","title":"Widget
      Title","title_align":"right","tags_execution":"and","time":{"live_span":"4h"},"query":"*","type":"event_stream","event_size":"l"},"layout":{"y":5,"width":32,"x":5,"height":43},"id":7218141157221373}],"layout_type":"free"}'
    headers:
      Cache-Control:
      - no-cache
      Connection:
      - keep-alive
      Content-Security-Policy:
      - frame-ancestors 'self'; report-uri https://api.datadoghq.com/csp-report
      Content-Type:
      - application/json
      Date:
      - Mon, 12 Oct 2020 07:21:25 GMT
      Dd-Pool:
      - dogweb
      Pragma:
      - no-cache
      Set-Cookie:
      - DD-PSHARD=233; Max-Age=604800; Path=/; expires=Mon, 19-Oct-2020 07:21:25 GMT;
        secure; HttpOnly
      Strict-Transport-Security:
      - max-age=15724800;
      Vary:
      - Accept-Encoding
      X-Content-Type-Options:
      - nosniff
      X-Dd-Debug:
      - k/zHOOzqpc4r+ZK5tvPeMjc5yHaZZgqaNAwCywXjTJpLyIGjDeV+DLPBFsNU82W8
      X-Dd-Version:
      - "35.3178388"
      X-Frame-Options:
      - SAMEORIGIN
    status: 200 OK
    code: 200
    duration: ""
- request:
    body: ""
    form: {}
    headers:
      Accept:
      - application/json
      Dd-Operation-Id:
      - GetDashboard
      User-Agent:
      - terraform-provider-datadog/dev (terraform 1.15.0; terraform-cli 0.12.7-sdk)
        datadog-api-client-go/1.0.0-beta.9+dev (go go1.15.2; os darwin; arch amd64)
      X-Datadog-Parent-Id:
      - "7758599608752679926"
      X-Datadog-Sampling-Priority:
      - "1"
      X-Datadog-Trace-Id:
      - "816471839772011496"
    url: https://api.datadoghq.com/api/v1/dashboard/qqq-pd3-sny
    method: GET
  response:
    body: '{"notify_list":[],"description":"Created using the Datadog provider in
      Terraform","author_name":null,"template_variable_presets":[],"template_variables":[],"is_read_only":true,"id":"qqq-pd3-sny","title":"tf-TestAccDatadogDashboardEventStream-local-1602487053","url":"/dashboard/qqq-pd3-sny/tf-testaccdatadogdashboardeventstream-local-1602487053","created_at":"2020-10-12T07:21:24.128079+00:00","modified_at":"2020-10-12T07:21:24.128079+00:00","author_handle":"frog@datadoghq.com","widgets":[{"definition":{"title_size":"16","title":"Widget
      Title","title_align":"right","tags_execution":"and","time":{"live_span":"4h"},"query":"*","type":"event_stream","event_size":"l"},"layout":{"y":5,"width":32,"x":5,"height":43},"id":7218141157221373}],"layout_type":"free"}'
    headers:
      Cache-Control:
      - no-cache
      Connection:
      - keep-alive
      Content-Security-Policy:
      - frame-ancestors 'self'; report-uri https://api.datadoghq.com/csp-report
      Content-Type:
      - application/json
      Date:
      - Mon, 12 Oct 2020 07:21:29 GMT
      Dd-Pool:
      - dogweb
      Pragma:
      - no-cache
      Set-Cookie:
      - DD-PSHARD=233; Max-Age=604800; Path=/; expires=Mon, 19-Oct-2020 07:21:29 GMT;
        secure; HttpOnly
      Strict-Transport-Security:
      - max-age=15724800;
      Vary:
      - Accept-Encoding
      X-Content-Type-Options:
      - nosniff
      X-Dd-Debug:
      - F+MB1uJtICegWSQGMRxkng/mFaS+IzSp7MVdNCMxEuNz7Df8CVcsilcdpPZyVGTp
      X-Dd-Version:
      - "35.3178388"
      X-Frame-Options:
      - SAMEORIGIN
    status: 200 OK
    code: 200
    duration: ""
- request:
    body: ""
    form: {}
    headers:
      Accept:
      - application/json
      Dd-Operation-Id:
      - GetDashboard
      User-Agent:
      - terraform-provider-datadog/dev (terraform 1.15.0; terraform-cli 0.12.7-sdk)
        datadog-api-client-go/1.0.0-beta.9+dev (go go1.15.2; os darwin; arch amd64)
      X-Datadog-Parent-Id:
      - "54009849930989242"
      X-Datadog-Sampling-Priority:
      - "1"
      X-Datadog-Trace-Id:
      - "816471839772011496"
    url: https://api.datadoghq.com/api/v1/dashboard/qqq-pd3-sny
    method: GET
  response:
    body: '{"notify_list":[],"description":"Created using the Datadog provider in
      Terraform","author_name":null,"template_variable_presets":[],"template_variables":[],"is_read_only":true,"id":"qqq-pd3-sny","title":"tf-TestAccDatadogDashboardEventStream-local-1602487053","url":"/dashboard/qqq-pd3-sny/tf-testaccdatadogdashboardeventstream-local-1602487053","created_at":"2020-10-12T07:21:24.128079+00:00","modified_at":"2020-10-12T07:21:24.128079+00:00","author_handle":"frog@datadoghq.com","widgets":[{"definition":{"title_size":"16","title":"Widget
      Title","title_align":"right","tags_execution":"and","time":{"live_span":"4h"},"query":"*","type":"event_stream","event_size":"l"},"layout":{"y":5,"width":32,"x":5,"height":43},"id":7218141157221373}],"layout_type":"free"}'
    headers:
      Cache-Control:
      - no-cache
      Connection:
      - keep-alive
      Content-Security-Policy:
      - frame-ancestors 'self'; report-uri https://api.datadoghq.com/csp-report
      Content-Type:
      - application/json
      Date:
      - Mon, 12 Oct 2020 07:21:29 GMT
      Dd-Pool:
      - dogweb
      Pragma:
      - no-cache
      Set-Cookie:
      - DD-PSHARD=233; Max-Age=604800; Path=/; expires=Mon, 19-Oct-2020 07:21:29 GMT;
        secure; HttpOnly
      Strict-Transport-Security:
      - max-age=15724800;
      Vary:
      - Accept-Encoding
      X-Content-Type-Options:
      - nosniff
      X-Dd-Debug:
      - RquGBod+QwJwo5jKyeuGJHvfWvWfZ0hMpUnxtqqEEEpqySzsuyt8sx6iN5riB0bK
      X-Dd-Version:
      - "35.3178388"
      X-Frame-Options:
      - SAMEORIGIN
    status: 200 OK
    code: 200
    duration: ""
- request:
    body: ""
    form: {}
    headers:
      Accept:
      - application/json
      Dd-Operation-Id:
      - GetDashboard
      User-Agent:
      - terraform-provider-datadog/dev (terraform 1.15.0; terraform-cli 0.12.7-sdk)
        datadog-api-client-go/1.0.0-beta.9+dev (go go1.15.2; os darwin; arch amd64)
      X-Datadog-Parent-Id:
      - "8934851061681975820"
      X-Datadog-Sampling-Priority:
      - "1"
      X-Datadog-Trace-Id:
      - "816471839772011496"
    url: https://api.datadoghq.com/api/v1/dashboard/qqq-pd3-sny
    method: GET
  response:
    body: '{"notify_list":[],"description":"Created using the Datadog provider in
      Terraform","author_name":null,"template_variable_presets":[],"template_variables":[],"is_read_only":true,"id":"qqq-pd3-sny","title":"tf-TestAccDatadogDashboardEventStream-local-1602487053","url":"/dashboard/qqq-pd3-sny/tf-testaccdatadogdashboardeventstream-local-1602487053","created_at":"2020-10-12T07:21:24.128079+00:00","modified_at":"2020-10-12T07:21:24.128079+00:00","author_handle":"frog@datadoghq.com","widgets":[{"definition":{"title_size":"16","title":"Widget
      Title","title_align":"right","tags_execution":"and","time":{"live_span":"4h"},"query":"*","type":"event_stream","event_size":"l"},"layout":{"y":5,"width":32,"x":5,"height":43},"id":7218141157221373}],"layout_type":"free"}'
    headers:
      Cache-Control:
      - no-cache
      Connection:
      - keep-alive
      Content-Security-Policy:
      - frame-ancestors 'self'; report-uri https://api.datadoghq.com/csp-report
      Content-Type:
      - application/json
      Date:
      - Mon, 12 Oct 2020 07:21:36 GMT
      Dd-Pool:
      - dogweb
      Pragma:
      - no-cache
      Set-Cookie:
      - DD-PSHARD=233; Max-Age=604800; Path=/; expires=Mon, 19-Oct-2020 07:21:36 GMT;
        secure; HttpOnly
      Strict-Transport-Security:
      - max-age=15724800;
      Vary:
      - Accept-Encoding
      X-Content-Type-Options:
      - nosniff
      X-Dd-Debug:
      - e/TBw3pWhecz3q7fqdapZ13ekoT8GYh8GanHtnVYHy0/nVmlugu7QHmJ8ANRx8P5
      X-Dd-Version:
      - "35.3178388"
      X-Frame-Options:
      - SAMEORIGIN
    status: 200 OK
    code: 200
    duration: ""
- request:
    body: ""
    form: {}
    headers:
      Accept:
      - application/json
      Dd-Operation-Id:
      - GetDashboard
      User-Agent:
      - terraform-provider-datadog/dev (terraform 1.15.0; terraform-cli 0.12.7-sdk)
        datadog-api-client-go/1.0.0-beta.9+dev (go go1.15.2; os darwin; arch amd64)
      X-Datadog-Parent-Id:
      - "1431320857654901140"
      X-Datadog-Sampling-Priority:
      - "1"
      X-Datadog-Trace-Id:
      - "816471839772011496"
    url: https://api.datadoghq.com/api/v1/dashboard/qqq-pd3-sny
    method: GET
  response:
    body: '{"notify_list":[],"description":"Created using the Datadog provider in
      Terraform","author_name":null,"template_variable_presets":[],"template_variables":[],"is_read_only":true,"id":"qqq-pd3-sny","title":"tf-TestAccDatadogDashboardEventStream-local-1602487053","url":"/dashboard/qqq-pd3-sny/tf-testaccdatadogdashboardeventstream-local-1602487053","created_at":"2020-10-12T07:21:24.128079+00:00","modified_at":"2020-10-12T07:21:24.128079+00:00","author_handle":"frog@datadoghq.com","widgets":[{"definition":{"title_size":"16","title":"Widget
      Title","title_align":"right","tags_execution":"and","time":{"live_span":"4h"},"query":"*","type":"event_stream","event_size":"l"},"layout":{"y":5,"width":32,"x":5,"height":43},"id":7218141157221373}],"layout_type":"free"}'
    headers:
      Cache-Control:
      - no-cache
      Connection:
      - keep-alive
      Content-Security-Policy:
      - frame-ancestors 'self'; report-uri https://api.datadoghq.com/csp-report
      Content-Type:
      - application/json
      Date:
      - Mon, 12 Oct 2020 07:21:36 GMT
      Dd-Pool:
      - dogweb
      Pragma:
      - no-cache
      Set-Cookie:
      - DD-PSHARD=233; Max-Age=604800; Path=/; expires=Mon, 19-Oct-2020 07:21:36 GMT;
        secure; HttpOnly
      Strict-Transport-Security:
      - max-age=15724800;
      Vary:
      - Accept-Encoding
      X-Content-Type-Options:
      - nosniff
      X-Dd-Debug:
      - ilZ2Tz4sOtnH2tGRqlD9p6NDcucj4gVBdvczlxiOPhY/AWnWhycAWjVucOU5/NQA
      X-Dd-Version:
      - "35.3178388"
      X-Frame-Options:
      - SAMEORIGIN
    status: 200 OK
    code: 200
    duration: ""
- request:
    body: ""
    form: {}
    headers:
      Accept:
      - application/json
      Dd-Operation-Id:
      - DeleteDashboard
      User-Agent:
      - terraform-provider-datadog/dev (terraform 1.15.0; terraform-cli 0.12.7-sdk)
        datadog-api-client-go/1.0.0-beta.9+dev (go go1.15.2; os darwin; arch amd64)
      X-Datadog-Parent-Id:
      - "1232109083293665323"
      X-Datadog-Sampling-Priority:
      - "1"
      X-Datadog-Trace-Id:
      - "816471839772011496"
    url: https://api.datadoghq.com/api/v1/dashboard/qqq-pd3-sny
    method: DELETE
  response:
    body: '{"deleted_dashboard_id":"qqq-pd3-sny"}'
    headers:
      Cache-Control:
      - no-cache
      Connection:
      - keep-alive
      Content-Security-Policy:
      - frame-ancestors 'self'; report-uri https://api.datadoghq.com/csp-report
      Content-Type:
      - application/json
      Date:
      - Mon, 12 Oct 2020 07:22:35 GMT
      Dd-Pool:
      - dogweb
      Pragma:
      - no-cache
      Set-Cookie:
      - DD-PSHARD=233; Max-Age=604800; Path=/; expires=Mon, 19-Oct-2020 07:21:40 GMT;
        secure; HttpOnly
      Strict-Transport-Security:
      - max-age=15724800;
      Vary:
      - Accept-Encoding
      X-Content-Type-Options:
      - nosniff
      X-Dd-Debug:
      - hw3ZauSSamfHLo55DFwif1/mO6RiYSc0/libBchlIMnyWX9rK7JgS3Pek5rkz683
      X-Dd-Version:
      - "35.3178388"
      X-Frame-Options:
      - SAMEORIGIN
    status: 200 OK
    code: 200
    duration: ""
- request:
    body: ""
    form: {}
    headers:
      Accept:
      - application/json
      Dd-Operation-Id:
      - GetDashboard
      User-Agent:
      - terraform-provider-datadog/dev (terraform 1.15.0; terraform-cli 0.12.7-sdk)
        datadog-api-client-go/1.0.0-beta.9+dev (go go1.15.2; os darwin; arch amd64)
      X-Datadog-Parent-Id:
      - "2079259838796318758"
      X-Datadog-Sampling-Priority:
      - "1"
      X-Datadog-Trace-Id:
      - "816471839772011496"
    url: https://api.datadoghq.com/api/v1/dashboard/qqq-pd3-sny
    method: GET
  response:
    body: '{"errors": ["Dashboard with ID qqq-pd3-sny not found"]}'
    headers:
      Cache-Control:
      - no-cache
      Connection:
      - keep-alive
      Content-Security-Policy:
      - frame-ancestors 'self'; report-uri https://api.datadoghq.com/csp-report
      Content-Type:
      - application/json
      Date:
      - Mon, 12 Oct 2020 07:22:35 GMT
      Dd-Pool:
      - dogweb
      Pragma:
      - no-cache
      Strict-Transport-Security:
      - max-age=15724800;
      Vary:
      - Accept-Encoding
      X-Content-Type-Options:
      - nosniff
      X-Dd-Version:
      - "35.3178388"
      X-Frame-Options:
      - SAMEORIGIN
    status: 404 Not Found
    code: 404
    duration: ""
