---
version: 1
interactions:
- request:
    body: |
      {"message":"test","name":"tf-TestAccDatadogMonitor_MuteUnmuteSpecificScopes-local-1609757379","options":{"include_tags":true,"new_host_delay":300,"no_data_timeframe":10,"notify_no_data":false,"require_full_window":true,"silenced":{"host:myserver":0},"thresholds":{"critical":100}},"priority":0,"query":"avg(last_5m):max:system.load.1{*} by {host} \u003e 100","tags":[],"type":"metric alert"}
    form: {}
    headers:
      Accept:
      - application/json
      Content-Type:
      - application/json
      Dd-Operation-Id:
      - ValidateMonitor
      User-Agent:
      - terraform-provider-datadog/dev (terraform 1.15.0; terraform-cli 0.12.7-sdk)
        datadog-api-client-go/1.0.0-beta.13+dev (go go1.15.4; os darwin; arch amd64)
      X-Datadog-Parent-Id:
      - "5932524603324573987"
      X-Datadog-Sampling-Priority:
      - "1"
      X-Datadog-Trace-Id:
      - "1909892237191192138"
    url: https://api.datadoghq.com/api/v1/monitor/validate
    method: POST
  response:
    body: '{}'
    headers:
      Cache-Control:
      - no-cache
      Connection:
      - keep-alive
      Content-Length:
      - "2"
      Content-Security-Policy:
      - frame-ancestors 'self'; report-uri https://api.datadoghq.com/csp-report
      Content-Type:
      - application/json
      Date:
      - Mon, 04 Jan 2021 10:49:39 GMT
      Pragma:
      - no-cache
      Set-Cookie:
      - DD-PSHARD=233; Max-Age=604800; Path=/; expires=Mon, 11-Jan-2021 10:49:39 GMT;
        secure; HttpOnly
      Strict-Transport-Security:
      - max-age=15724800;
      X-Content-Type-Options:
      - nosniff
      X-Dd-Debug:
      - RKpd63U5fOB9KQENZW/9vNmGmUgGzAVI24Vei0avdDhXQLPqbS5iSkbtN5YHNt1I
      X-Dd-Version:
      - "35.3632102"
      X-Frame-Options:
      - SAMEORIGIN
    status: 200 OK
    code: 200
    duration: ""
- request:
    body: |
      {"message":"test","name":"tf-TestAccDatadogMonitor_MuteUnmuteSpecificScopes-local-1609757379","options":{"include_tags":true,"new_host_delay":300,"no_data_timeframe":10,"notify_no_data":false,"require_full_window":true,"silenced":{"host:myserver":0},"thresholds":{"critical":100}},"priority":0,"query":"avg(last_5m):max:system.load.1{*} by {host} \u003e 100","tags":[],"type":"metric alert"}
    form: {}
    headers:
      Accept:
      - application/json
      Content-Type:
      - application/json
      Dd-Operation-Id:
      - ValidateMonitor
      User-Agent:
      - terraform-provider-datadog/dev (terraform 1.15.0; terraform-cli 0.12.7-sdk)
        datadog-api-client-go/1.0.0-beta.13+dev (go go1.15.4; os darwin; arch amd64)
      X-Datadog-Parent-Id:
      - "2496250895932201226"
      X-Datadog-Sampling-Priority:
      - "1"
      X-Datadog-Trace-Id:
      - "1909892237191192138"
    url: https://api.datadoghq.com/api/v1/monitor/validate
    method: POST
  response:
    body: '{}'
    headers:
      Cache-Control:
      - no-cache
      Connection:
      - keep-alive
      Content-Length:
      - "2"
      Content-Security-Policy:
      - frame-ancestors 'self'; report-uri https://api.datadoghq.com/csp-report
      Content-Type:
      - application/json
      Date:
      - Mon, 04 Jan 2021 10:49:39 GMT
      Pragma:
      - no-cache
      Set-Cookie:
      - DD-PSHARD=233; Max-Age=604800; Path=/; expires=Mon, 11-Jan-2021 10:49:39 GMT;
        secure; HttpOnly
      Strict-Transport-Security:
      - max-age=15724800;
      X-Content-Type-Options:
      - nosniff
      X-Dd-Debug:
      - 3AvoK4pndynA7PY/liBTdpx9AsQktJu+aWgi7foN678xjM6qh6SX+QmI+4s5bpFv
      X-Dd-Version:
      - "35.3632102"
      X-Frame-Options:
      - SAMEORIGIN
    status: 200 OK
    code: 200
    duration: ""
- request:
    body: |
      {"message":"test","name":"tf-TestAccDatadogMonitor_MuteUnmuteSpecificScopes-local-1609757379","options":{"include_tags":true,"new_host_delay":300,"notify_no_data":false,"require_full_window":true,"silenced":{"host:myserver":0},"thresholds":{"critical":100}},"priority":0,"query":"avg(last_5m):max:system.load.1{*} by {host} \u003e 100","tags":[],"type":"metric alert"}
    form: {}
    headers:
      Accept:
      - application/json
      Content-Type:
      - application/json
      Dd-Operation-Id:
      - CreateMonitor
      User-Agent:
      - terraform-provider-datadog/dev (terraform 1.15.0; terraform-cli 0.12.7-sdk)
        datadog-api-client-go/1.0.0-beta.13+dev (go go1.15.4; os darwin; arch amd64)
      X-Datadog-Parent-Id:
      - "5430779702998852676"
      X-Datadog-Sampling-Priority:
      - "1"
      X-Datadog-Trace-Id:
      - "1909892237191192138"
    url: https://api.datadoghq.com/api/v1/monitor
    method: POST
  response:
    body: '{"restricted_roles":null,"tags":[],"deleted":null,"query":"avg(last_5m):max:system.load.1{*}
      by {host} > 100","message":"test","id":28169968,"multi":true,"name":"tf-TestAccDatadogMonitor_MuteUnmuteSpecificScopes-local-1609757379","created":"2021-01-04T10:49:40.039834+00:00","created_at":1609757380000,"creator":{"id":1445416,"handle":"frog@datadoghq.com","name":null,"email":"frog@datadoghq.com"},"org_id":321813,"modified":"2021-01-04T10:49:40.039834+00:00","overall_state_modified":null,"overall_state":"No
      Data","type":"metric alert","options":{"notify_audit":false,"locked":false,"silenced":{"host:myserver":null},"include_tags":true,"thresholds":{"critical":100.0},"new_host_delay":300,"require_full_window":true,"notify_no_data":false}}'
    headers:
      Cache-Control:
      - no-cache
      Connection:
      - keep-alive
      Content-Security-Policy:
      - frame-ancestors 'self'; report-uri https://api.datadoghq.com/csp-report
      Content-Type:
      - application/json
      Date:
      - Mon, 04 Jan 2021 10:49:40 GMT
      Pragma:
      - no-cache
      Set-Cookie:
      - DD-PSHARD=233; Max-Age=604800; Path=/; expires=Mon, 11-Jan-2021 10:49:40 GMT;
        secure; HttpOnly
      Strict-Transport-Security:
      - max-age=15724800;
      Vary:
      - Accept-Encoding
      X-Content-Type-Options:
      - nosniff
      X-Dd-Debug:
      - hw3ZauSSamfHLo55DFwif1/mO6RiYSc0/libBchlIMnyWX9rK7JgS3Pek5rkz683
      X-Dd-Version:
      - "35.3632102"
      X-Frame-Options:
      - SAMEORIGIN
      X-Ratelimit-Limit:
      - "500"
      X-Ratelimit-Period:
      - "10"
      X-Ratelimit-Remaining:
      - "499"
      X-Ratelimit-Reset:
      - "10"
    status: 200 OK
    code: 200
    duration: ""
- request:
    body: ""
    form: {}
    headers:
      Accept:
      - application/json
      Dd-Operation-Id:
      - GetMonitor
      User-Agent:
      - terraform-provider-datadog/dev (terraform 1.15.0; terraform-cli 0.12.7-sdk)
        datadog-api-client-go/1.0.0-beta.13+dev (go go1.15.4; os darwin; arch amd64)
      X-Datadog-Parent-Id:
      - "3898228246981732186"
      X-Datadog-Sampling-Priority:
      - "1"
      X-Datadog-Trace-Id:
      - "1909892237191192138"
    url: https://api.datadoghq.com/api/v1/monitor/28169968
    method: GET
  response:
    body: '{"restricted_roles":null,"tags":[],"deleted":null,"query":"avg(last_5m):max:system.load.1{*}
      by {host} > 100","message":"test","id":28169968,"multi":true,"name":"tf-TestAccDatadogMonitor_MuteUnmuteSpecificScopes-local-1609757379","created":"2021-01-04T10:49:40.039834+00:00","created_at":1609757380000,"creator":{"id":1445416,"handle":"frog@datadoghq.com","name":null,"email":"frog@datadoghq.com"},"org_id":321813,"modified":"2021-01-04T10:49:40.039834+00:00","overall_state_modified":null,"overall_state":"No
      Data","type":"metric alert","options":{"notify_audit":false,"locked":false,"silenced":{"host:myserver":null},"include_tags":true,"thresholds":{"critical":100.0},"new_host_delay":300,"require_full_window":true,"notify_no_data":false}}'
    headers:
      Cache-Control:
      - no-cache
      Connection:
      - keep-alive
      Content-Security-Policy:
      - frame-ancestors 'self'; report-uri https://api.datadoghq.com/csp-report
      Content-Type:
      - application/json
      Date:
      - Mon, 04 Jan 2021 10:49:40 GMT
      Pragma:
      - no-cache
      Set-Cookie:
      - DD-PSHARD=233; Max-Age=604800; Path=/; expires=Mon, 11-Jan-2021 10:49:40 GMT;
        secure; HttpOnly
      Strict-Transport-Security:
      - max-age=15724800;
      Vary:
      - Accept-Encoding
      X-Content-Type-Options:
      - nosniff
      X-Dd-Debug:
      - mjjix3i7KxHakJGjOSXbyjGLp+IPNWPrPaCVopgkuqm46lk1b+kLivuxRokDQC1N
      X-Dd-Version:
      - "35.3632102"
      X-Frame-Options:
      - SAMEORIGIN
      X-Ratelimit-Limit:
      - "3000"
      X-Ratelimit-Period:
      - "10"
      X-Ratelimit-Remaining:
      - "2999"
      X-Ratelimit-Reset:
      - "10"
    status: 200 OK
    code: 200
    duration: ""
- request:
    body: ""
    form: {}
    headers:
      User-Agent:
      - terraform-provider-datadog/dev (terraform 1.15.0; terraform-cli 0.12.7-sdk)
        datadog-api-client-go/go-datadog-api (go go1.15.4; os darwin; arch amd64)
      X-Datadog-Parent-Id:
      - "8433185277942345067"
      X-Datadog-Sampling-Priority:
      - "1"
      X-Datadog-Trace-Id:
      - "8433185277942345067"
    url: https://api.datadoghq.com/api/v1/monitor/28169968
    method: GET
  response:
    body: '{"restricted_roles":null,"tags":[],"deleted":null,"query":"avg(last_5m):max:system.load.1{*}
      by {host} > 100","message":"test","id":28169968,"multi":true,"name":"tf-TestAccDatadogMonitor_MuteUnmuteSpecificScopes-local-1609757379","created":"2021-01-04T10:49:40.039834+00:00","created_at":1609757380000,"creator":{"id":1445416,"handle":"frog@datadoghq.com","name":null,"email":"frog@datadoghq.com"},"org_id":321813,"modified":"2021-01-04T10:49:40.039834+00:00","overall_state_modified":null,"overall_state":"No
      Data","type":"metric alert","options":{"notify_audit":false,"locked":false,"silenced":{"host:myserver":null},"include_tags":true,"thresholds":{"critical":100.0},"new_host_delay":300,"require_full_window":true,"notify_no_data":false}}'
    headers:
      Cache-Control:
      - no-cache
      Connection:
      - keep-alive
      Content-Security-Policy:
      - frame-ancestors 'self'; report-uri https://api.datadoghq.com/csp-report
      Content-Type:
      - application/json
      Date:
      - Mon, 04 Jan 2021 10:49:40 GMT
      Pragma:
      - no-cache
      Set-Cookie:
      - DD-PSHARD=233; Max-Age=604800; Path=/; expires=Mon, 11-Jan-2021 10:49:40 GMT;
        secure; HttpOnly
      Strict-Transport-Security:
      - max-age=15724800;
      Vary:
      - Accept-Encoding
      X-Content-Type-Options:
      - nosniff
      X-Dd-Debug:
      - /0aUVUH/0B08LSgkH1j961ejfqRhimJkYAixzpnRf5lscmOFHWjl/leOQ3Mnfn7R
      X-Dd-Version:
      - "35.3632102"
      X-Frame-Options:
      - SAMEORIGIN
      X-Ratelimit-Limit:
      - "3000"
      X-Ratelimit-Period:
      - "10"
      X-Ratelimit-Remaining:
      - "2998"
      X-Ratelimit-Reset:
      - "10"
    status: 200 OK
    code: 200
    duration: ""
- request:
    body: |
      {"message":"test","name":"tf-TestAccDatadogMonitor_MuteUnmuteSpecificScopes-local-1609757379","options":{"include_tags":true,"new_host_delay":300,"no_data_timeframe":10,"notify_no_data":false,"require_full_window":true,"silenced":{"host:myserver":0},"thresholds":{"critical":100}},"priority":0,"query":"avg(last_5m):max:system.load.1{*} by {host} \u003e 100","tags":[],"type":"metric alert"}
    form: {}
    headers:
      Accept:
      - application/json
      Content-Type:
      - application/json
      Dd-Operation-Id:
      - ValidateMonitor
      User-Agent:
      - terraform-provider-datadog/dev (terraform 1.15.0; terraform-cli 0.12.7-sdk)
        datadog-api-client-go/1.0.0-beta.13+dev (go go1.15.4; os darwin; arch amd64)
      X-Datadog-Parent-Id:
      - "4997646458039909991"
      X-Datadog-Sampling-Priority:
      - "1"
      X-Datadog-Trace-Id:
      - "1909892237191192138"
    url: https://api.datadoghq.com/api/v1/monitor/validate
    method: POST
  response:
    body: '{}'
    headers:
      Cache-Control:
      - no-cache
      Connection:
      - keep-alive
      Content-Length:
      - "2"
      Content-Security-Policy:
      - frame-ancestors 'self'; report-uri https://api.datadoghq.com/csp-report
      Content-Type:
      - application/json
      Date:
      - Mon, 04 Jan 2021 10:49:40 GMT
      Pragma:
      - no-cache
      Set-Cookie:
      - DD-PSHARD=233; Max-Age=604800; Path=/; expires=Mon, 11-Jan-2021 10:49:40 GMT;
        secure; HttpOnly
      Strict-Transport-Security:
      - max-age=15724800;
      X-Content-Type-Options:
      - nosniff
      X-Dd-Debug:
      - gr+QII7IFZVxhXS35BsEOrW9Uz3gs+l7g2tB1FOjy4hKCe3rtnWg3KfE74dirBtE
      X-Dd-Version:
      - "35.3632102"
      X-Frame-Options:
      - SAMEORIGIN
    status: 200 OK
    code: 200
    duration: ""
- request:
    body: ""
    form: {}
    headers:
      Accept:
      - application/json
      Dd-Operation-Id:
      - GetMonitor
      User-Agent:
      - terraform-provider-datadog/dev (terraform 1.15.0; terraform-cli 0.12.7-sdk)
        datadog-api-client-go/1.0.0-beta.13+dev (go go1.15.4; os darwin; arch amd64)
      X-Datadog-Parent-Id:
      - "4293736894796984235"
      X-Datadog-Sampling-Priority:
      - "1"
      X-Datadog-Trace-Id:
      - "1909892237191192138"
    url: https://api.datadoghq.com/api/v1/monitor/28169968
    method: GET
  response:
    body: '{"restricted_roles":null,"tags":[],"deleted":null,"query":"avg(last_5m):max:system.load.1{*}
      by {host} > 100","message":"test","id":28169968,"multi":true,"name":"tf-TestAccDatadogMonitor_MuteUnmuteSpecificScopes-local-1609757379","created":"2021-01-04T10:49:40.039834+00:00","created_at":1609757380000,"creator":{"id":1445416,"handle":"frog@datadoghq.com","name":null,"email":"frog@datadoghq.com"},"org_id":321813,"modified":"2021-01-04T10:49:40.039834+00:00","overall_state_modified":null,"overall_state":"No
      Data","type":"metric alert","options":{"notify_audit":false,"locked":false,"silenced":{"host:myserver":null},"include_tags":true,"thresholds":{"critical":100.0},"new_host_delay":300,"require_full_window":true,"notify_no_data":false}}'
    headers:
      Cache-Control:
      - no-cache
      Connection:
      - keep-alive
      Content-Security-Policy:
      - frame-ancestors 'self'; report-uri https://api.datadoghq.com/csp-report
      Content-Type:
      - application/json
      Date:
      - Mon, 04 Jan 2021 10:49:40 GMT
      Pragma:
      - no-cache
      Set-Cookie:
      - DD-PSHARD=233; Max-Age=604800; Path=/; expires=Mon, 11-Jan-2021 10:49:40 GMT;
        secure; HttpOnly
      Strict-Transport-Security:
      - max-age=15724800;
      Vary:
      - Accept-Encoding
      X-Content-Type-Options:
      - nosniff
      X-Dd-Debug:
      - bCBSaf0t3cWhIJuGOGz9PtbBY7MrMPu1HpZVAposegdxNlFMe/qHi/UbtNAIVmzS
      X-Dd-Version:
      - "35.3632102"
      X-Frame-Options:
      - SAMEORIGIN
      X-Ratelimit-Limit:
      - "3000"
      X-Ratelimit-Period:
      - "10"
      X-Ratelimit-Remaining:
      - "2997"
      X-Ratelimit-Reset:
      - "10"
    status: 200 OK
    code: 200
    duration: ""
- request:
    body: |
      {"message":"test","name":"tf-TestAccDatadogMonitor_MuteUnmuteSpecificScopes-local-1609757379","options":{"include_tags":true,"new_host_delay":300,"no_data_timeframe":10,"notify_no_data":false,"require_full_window":true,"silenced":{"host:myserver":0},"thresholds":{"critical":100}},"priority":0,"query":"avg(last_5m):max:system.load.1{*} by {host} \u003e 100","tags":[],"type":"metric alert"}
    form: {}
    headers:
      Accept:
      - application/json
      Content-Type:
      - application/json
      Dd-Operation-Id:
      - ValidateMonitor
      User-Agent:
      - terraform-provider-datadog/dev (terraform 1.15.0; terraform-cli 0.12.7-sdk)
        datadog-api-client-go/1.0.0-beta.13+dev (go go1.15.4; os darwin; arch amd64)
      X-Datadog-Parent-Id:
      - "2814168790291330010"
      X-Datadog-Sampling-Priority:
      - "1"
      X-Datadog-Trace-Id:
      - "1909892237191192138"
    url: https://api.datadoghq.com/api/v1/monitor/validate
    method: POST
  response:
    body: '{}'
    headers:
      Cache-Control:
      - no-cache
      Connection:
      - keep-alive
      Content-Length:
      - "2"
      Content-Security-Policy:
      - frame-ancestors 'self'; report-uri https://api.datadoghq.com/csp-report
      Content-Type:
      - application/json
      Date:
      - Mon, 04 Jan 2021 10:49:40 GMT
      Pragma:
      - no-cache
      Set-Cookie:
      - DD-PSHARD=233; Max-Age=604800; Path=/; expires=Mon, 11-Jan-2021 10:49:40 GMT;
        secure; HttpOnly
      Strict-Transport-Security:
      - max-age=15724800;
      X-Content-Type-Options:
      - nosniff
      X-Dd-Debug:
      - 554jtl/SJjxTmK4ElYRM70FG0Y8nm2ZpMLRYU7gYOwQo5oClqUW2XRpaqEBdUJZQ
      X-Dd-Version:
      - "35.3632102"
      X-Frame-Options:
      - SAMEORIGIN
    status: 200 OK
    code: 200
    duration: ""
- request:
    body: ""
    form: {}
    headers:
      Accept:
      - application/json
      Dd-Operation-Id:
      - GetMonitor
      User-Agent:
      - terraform-provider-datadog/dev (terraform 1.15.0; terraform-cli 0.12.7-sdk)
        datadog-api-client-go/1.0.0-beta.13+dev (go go1.15.4; os darwin; arch amd64)
      X-Datadog-Parent-Id:
      - "965339294954268644"
      X-Datadog-Sampling-Priority:
      - "1"
      X-Datadog-Trace-Id:
      - "1909892237191192138"
    url: https://api.datadoghq.com/api/v1/monitor/28169968
    method: GET
  response:
    body: '{"restricted_roles":null,"tags":[],"deleted":null,"query":"avg(last_5m):max:system.load.1{*}
      by {host} > 100","message":"test","id":28169968,"multi":true,"name":"tf-TestAccDatadogMonitor_MuteUnmuteSpecificScopes-local-1609757379","created":"2021-01-04T10:49:40.039834+00:00","created_at":1609757380000,"creator":{"id":1445416,"handle":"frog@datadoghq.com","name":null,"email":"frog@datadoghq.com"},"org_id":321813,"modified":"2021-01-04T10:49:40.039834+00:00","overall_state_modified":null,"overall_state":"No
      Data","type":"metric alert","options":{"notify_audit":false,"locked":false,"silenced":{"host:myserver":null},"include_tags":true,"thresholds":{"critical":100.0},"new_host_delay":300,"require_full_window":true,"notify_no_data":false}}'
    headers:
      Cache-Control:
      - no-cache
      Connection:
      - keep-alive
      Content-Security-Policy:
      - frame-ancestors 'self'; report-uri https://api.datadoghq.com/csp-report
      Content-Type:
      - application/json
      Date:
      - Mon, 04 Jan 2021 10:49:41 GMT
      Pragma:
      - no-cache
      Set-Cookie:
      - DD-PSHARD=233; Max-Age=604800; Path=/; expires=Mon, 11-Jan-2021 10:49:41 GMT;
        secure; HttpOnly
      Strict-Transport-Security:
      - max-age=15724800;
      Vary:
      - Accept-Encoding
      X-Content-Type-Options:
      - nosniff
      X-Dd-Debug:
      - gOE+aFCHWuxgDnurm/juvZNkjdmweNjl464qle0N/zRJcc4Hspd926ElnnqPP95G
      X-Dd-Version:
      - "35.3632102"
      X-Frame-Options:
      - SAMEORIGIN
      X-Ratelimit-Limit:
      - "3000"
      X-Ratelimit-Period:
      - "10"
      X-Ratelimit-Remaining:
      - "2996"
      X-Ratelimit-Reset:
      - "9"
    status: 200 OK
    code: 200
    duration: ""
- request:
    body: |
      {"message":"test","name":"tf-TestAccDatadogMonitor_MuteUnmuteSpecificScopes-local-1609757379","options":{"include_tags":true,"new_host_delay":300,"no_data_timeframe":10,"notify_no_data":false,"require_full_window":true,"thresholds":{"critical":100}},"priority":0,"query":"avg(last_5m):max:system.load.1{*} by {host} \u003e 100","tags":[],"type":"metric alert"}
    form: {}
    headers:
      Accept:
      - application/json
      Content-Type:
      - application/json
      Dd-Operation-Id:
      - ValidateMonitor
      User-Agent:
      - terraform-provider-datadog/dev (terraform 1.15.0; terraform-cli 0.12.7-sdk)
        datadog-api-client-go/1.0.0-beta.13+dev (go go1.15.4; os darwin; arch amd64)
      X-Datadog-Parent-Id:
      - "3928837227926745515"
      X-Datadog-Sampling-Priority:
      - "1"
      X-Datadog-Trace-Id:
      - "1909892237191192138"
    url: https://api.datadoghq.com/api/v1/monitor/validate
    method: POST
  response:
    body: '{}'
    headers:
      Cache-Control:
      - no-cache
      Connection:
      - keep-alive
      Content-Length:
      - "2"
      Content-Security-Policy:
      - frame-ancestors 'self'; report-uri https://api.datadoghq.com/csp-report
      Content-Type:
      - application/json
      Date:
      - Mon, 04 Jan 2021 10:49:41 GMT
      Pragma:
      - no-cache
      Set-Cookie:
      - DD-PSHARD=233; Max-Age=604800; Path=/; expires=Mon, 11-Jan-2021 10:49:41 GMT;
        secure; HttpOnly
      Strict-Transport-Security:
      - max-age=15724800;
      X-Content-Type-Options:
      - nosniff
      X-Dd-Debug:
      - 4XEHrKCjPbSbs1iu1F78+tH4eaIPZCq+IGDoHN/GQcOsLq6w3Zzz7ZK1RqpTUzFS
      X-Dd-Version:
      - "35.3632102"
      X-Frame-Options:
      - SAMEORIGIN
    status: 200 OK
    code: 200
    duration: ""
- request:
    body: |
      {"message":"test","name":"tf-TestAccDatadogMonitor_MuteUnmuteSpecificScopes-local-1609757379","options":{"include_tags":true,"new_host_delay":300,"no_data_timeframe":10,"notify_no_data":false,"require_full_window":true,"thresholds":{"critical":100}},"priority":0,"query":"avg(last_5m):max:system.load.1{*} by {host} \u003e 100","tags":[],"type":"metric alert"}
    form: {}
    headers:
      Accept:
      - application/json
      Content-Type:
      - application/json
      Dd-Operation-Id:
      - ValidateMonitor
      User-Agent:
      - terraform-provider-datadog/dev (terraform 1.15.0; terraform-cli 0.12.7-sdk)
        datadog-api-client-go/1.0.0-beta.13+dev (go go1.15.4; os darwin; arch amd64)
      X-Datadog-Parent-Id:
      - "7948454859215665994"
      X-Datadog-Sampling-Priority:
      - "1"
      X-Datadog-Trace-Id:
      - "1909892237191192138"
    url: https://api.datadoghq.com/api/v1/monitor/validate
    method: POST
  response:
    body: '{}'
    headers:
      Cache-Control:
      - no-cache
      Connection:
      - keep-alive
      Content-Length:
      - "2"
      Content-Security-Policy:
      - frame-ancestors 'self'; report-uri https://api.datadoghq.com/csp-report
      Content-Type:
      - application/json
      Date:
      - Mon, 04 Jan 2021 10:49:41 GMT
      Pragma:
      - no-cache
      Set-Cookie:
      - DD-PSHARD=233; Max-Age=604800; Path=/; expires=Mon, 11-Jan-2021 10:49:41 GMT;
        secure; HttpOnly
      Strict-Transport-Security:
      - max-age=15724800;
      X-Content-Type-Options:
      - nosniff
      X-Dd-Debug:
      - mpg/BCzsUMOxVwcAuQg/6c40bDAb3ejXVT4tkiODN0ExybQ/Ia68faurJX6CivjX
      X-Dd-Version:
      - "35.3632102"
      X-Frame-Options:
      - SAMEORIGIN
    status: 200 OK
    code: 200
    duration: ""
- request:
    body: |
      {"id":28169968,"message":"test","name":"tf-TestAccDatadogMonitor_MuteUnmuteSpecificScopes-local-1609757379","options":{"include_tags":true,"new_host_delay":300,"notify_no_data":false,"require_full_window":true,"thresholds":{"critical":100}},"priority":0,"query":"avg(last_5m):max:system.load.1{*} by {host} \u003e 100","tags":[],"type":"metric alert"}
    form: {}
    headers:
      Accept:
      - application/json
      Content-Type:
      - application/json
      Dd-Operation-Id:
      - UpdateMonitor
      User-Agent:
      - terraform-provider-datadog/dev (terraform 1.15.0; terraform-cli 0.12.7-sdk)
        datadog-api-client-go/1.0.0-beta.13+dev (go go1.15.4; os darwin; arch amd64)
      X-Datadog-Parent-Id:
      - "4098198223963885149"
      X-Datadog-Sampling-Priority:
      - "1"
      X-Datadog-Trace-Id:
      - "1909892237191192138"
    url: https://api.datadoghq.com/api/v1/monitor/28169968
    method: PUT
  response:
    body: '{"restricted_roles":null,"tags":[],"deleted":null,"query":"avg(last_5m):max:system.load.1{*}
      by {host} > 100","message":"test","id":28169968,"multi":true,"name":"tf-TestAccDatadogMonitor_MuteUnmuteSpecificScopes-local-1609757379","created":"2021-01-04T10:49:40.039834+00:00","created_at":1609757380000,"org_id":321813,"modified":"2021-01-04T10:49:41.532290+00:00","overall_state_modified":null,"overall_state":"No
      Data","type":"metric alert","options":{"notify_audit":false,"locked":false,"silenced":{"host:myserver":null},"include_tags":true,"thresholds":{"critical":100.0},"new_host_delay":300,"require_full_window":true,"notify_no_data":false}}'
    headers:
      Cache-Control:
      - no-cache
      Connection:
      - keep-alive
      Content-Security-Policy:
      - frame-ancestors 'self'; report-uri https://api.datadoghq.com/csp-report
      Content-Type:
      - application/json
      Date:
      - Mon, 04 Jan 2021 10:49:41 GMT
      Pragma:
      - no-cache
      Set-Cookie:
      - DD-PSHARD=233; Max-Age=604800; Path=/; expires=Mon, 11-Jan-2021 10:49:41 GMT;
        secure; HttpOnly
      Strict-Transport-Security:
      - max-age=15724800;
      Vary:
      - Accept-Encoding
      X-Content-Type-Options:
      - nosniff
      X-Dd-Debug:
      - Eb2J7DZKGMCxUULFPVCE5N014uh3tvnvHgnaA7NVroaoqvWd6z7v+RZklq5100Rp
      X-Dd-Version:
      - "35.3632102"
      X-Frame-Options:
      - SAMEORIGIN
      X-Ratelimit-Limit:
      - "500"
      X-Ratelimit-Period:
      - "10"
      X-Ratelimit-Remaining:
      - "499"
      X-Ratelimit-Reset:
      - "9"
    status: 200 OK
    code: 200
    duration: ""
- request:
    body: ""
    form: {}
    headers:
      Accept:
      - application/json
      Dd-Operation-Id:
      - GetMonitor
      User-Agent:
      - terraform-provider-datadog/dev (terraform 1.15.0; terraform-cli 0.12.7-sdk)
        datadog-api-client-go/1.0.0-beta.13+dev (go go1.15.4; os darwin; arch amd64)
      X-Datadog-Parent-Id:
      - "758249293070278760"
      X-Datadog-Sampling-Priority:
      - "1"
      X-Datadog-Trace-Id:
      - "1909892237191192138"
    url: https://api.datadoghq.com/api/v1/monitor/28169968
    method: GET
  response:
    body: '{"restricted_roles":null,"tags":[],"deleted":null,"query":"avg(last_5m):max:system.load.1{*}
      by {host} > 100","message":"test","id":28169968,"multi":true,"name":"tf-TestAccDatadogMonitor_MuteUnmuteSpecificScopes-local-1609757379","created":"2021-01-04T10:49:40.039834+00:00","created_at":1609757380000,"creator":{"id":1445416,"handle":"frog@datadoghq.com","name":null,"email":"frog@datadoghq.com"},"org_id":321813,"modified":"2021-01-04T10:49:41.532290+00:00","overall_state_modified":null,"overall_state":"No
      Data","type":"metric alert","options":{"notify_audit":false,"locked":false,"silenced":{"host:myserver":null},"include_tags":true,"thresholds":{"critical":100.0},"new_host_delay":300,"require_full_window":true,"notify_no_data":false}}'
    headers:
      Cache-Control:
      - no-cache
      Connection:
      - keep-alive
      Content-Security-Policy:
      - frame-ancestors 'self'; report-uri https://api.datadoghq.com/csp-report
      Content-Type:
      - application/json
      Date:
      - Mon, 04 Jan 2021 10:49:41 GMT
      Pragma:
      - no-cache
      Set-Cookie:
      - DD-PSHARD=233; Max-Age=604800; Path=/; expires=Mon, 11-Jan-2021 10:49:41 GMT;
        secure; HttpOnly
      Strict-Transport-Security:
      - max-age=15724800;
      Vary:
      - Accept-Encoding
      X-Content-Type-Options:
      - nosniff
      X-Dd-Debug:
      - ViVCPXX6Ly37Yq2uFkha4NuJPBq3hQNknFQSAg7/RbVncSIYTDoKelvl87NEURiA
      X-Dd-Version:
      - "35.3632102"
      X-Frame-Options:
      - SAMEORIGIN
      X-Ratelimit-Limit:
      - "3000"
      X-Ratelimit-Period:
      - "10"
      X-Ratelimit-Remaining:
      - "2995"
      X-Ratelimit-Reset:
      - "9"
    status: 200 OK
    code: 200
    duration: ""
- request:
    body: |
      {"id":28169968,"message":"test","name":"tf-TestAccDatadogMonitor_MuteUnmuteSpecificScopes-local-1609757379","options":{"include_tags":true,"new_host_delay":300,"notify_no_data":false,"require_full_window":true,"silenced":{"host:myserver":1609757379},"thresholds":{"critical":100}},"priority":0,"query":"avg(last_5m):max:system.load.1{*} by {host} \u003e 100","tags":[],"type":"metric alert"}
    form: {}
    headers:
      Accept:
      - application/json
      Content-Type:
      - application/json
      Dd-Operation-Id:
      - UpdateMonitor
      User-Agent:
      - terraform-provider-datadog/dev (terraform 1.15.0; terraform-cli 0.12.7-sdk)
        datadog-api-client-go/1.0.0-beta.13+dev (go go1.15.4; os darwin; arch amd64)
      X-Datadog-Parent-Id:
      - "8571672315931015224"
      X-Datadog-Sampling-Priority:
      - "1"
      X-Datadog-Trace-Id:
      - "1909892237191192138"
    url: https://api.datadoghq.com/api/v1/monitor/28169968
    method: PUT
  response:
    body: '{"restricted_roles":null,"tags":[],"deleted":null,"query":"avg(last_5m):max:system.load.1{*}
      by {host} > 100","message":"test","id":28169968,"multi":true,"name":"tf-TestAccDatadogMonitor_MuteUnmuteSpecificScopes-local-1609757379","created":"2021-01-04T10:49:40.039834+00:00","created_at":1609757380000,"org_id":321813,"modified":"2021-01-04T10:49:41.855719+00:00","overall_state_modified":null,"overall_state":"No
      Data","type":"metric alert","options":{"notify_audit":false,"locked":false,"silenced":{"host:myserver":null},"include_tags":true,"thresholds":{"critical":100.0},"new_host_delay":300,"require_full_window":true,"notify_no_data":false}}'
    headers:
      Cache-Control:
      - no-cache
      Connection:
      - keep-alive
      Content-Security-Policy:
      - frame-ancestors 'self'; report-uri https://api.datadoghq.com/csp-report
      Content-Type:
      - application/json
      Date:
      - Mon, 04 Jan 2021 10:49:41 GMT
      Pragma:
      - no-cache
      Set-Cookie:
      - DD-PSHARD=233; Max-Age=604800; Path=/; expires=Mon, 11-Jan-2021 10:49:41 GMT;
        secure; HttpOnly
      Strict-Transport-Security:
      - max-age=15724800;
      Vary:
      - Accept-Encoding
      X-Content-Type-Options:
      - nosniff
      X-Dd-Debug:
      - iYSQoeIUH6tZkV8oNBADyUh0i8imvOo9jWWOUgywP9QJ7opgBoT0cWGeCUTl7m+0
      X-Dd-Version:
      - "35.3632102"
      X-Frame-Options:
      - SAMEORIGIN
      X-Ratelimit-Limit:
      - "500"
      X-Ratelimit-Period:
      - "10"
      X-Ratelimit-Remaining:
      - "498"
      X-Ratelimit-Reset:
      - "9"
    status: 200 OK
    code: 200
    duration: ""
- request:
    body: ""
    form: {}
    headers:
      Accept:
      - application/json
      Dd-Operation-Id:
      - GetMonitor
      User-Agent:
      - terraform-provider-datadog/dev (terraform 1.15.0; terraform-cli 0.12.7-sdk)
        datadog-api-client-go/1.0.0-beta.13+dev (go go1.15.4; os darwin; arch amd64)
      X-Datadog-Parent-Id:
      - "6003845689196432641"
      X-Datadog-Sampling-Priority:
      - "1"
      X-Datadog-Trace-Id:
      - "1909892237191192138"
    url: https://api.datadoghq.com/api/v1/monitor/28169968
    method: GET
  response:
    body: '{"restricted_roles":null,"tags":[],"deleted":null,"query":"avg(last_5m):max:system.load.1{*}
      by {host} > 100","message":"test","id":28169968,"multi":true,"name":"tf-TestAccDatadogMonitor_MuteUnmuteSpecificScopes-local-1609757379","created":"2021-01-04T10:49:40.039834+00:00","created_at":1609757380000,"creator":{"id":1445416,"handle":"frog@datadoghq.com","name":null,"email":"frog@datadoghq.com"},"org_id":321813,"modified":"2021-01-04T10:49:41.855719+00:00","overall_state_modified":null,"overall_state":"No
      Data","type":"metric alert","options":{"notify_audit":false,"locked":false,"silenced":{"host:myserver":null},"include_tags":true,"thresholds":{"critical":100.0},"new_host_delay":300,"require_full_window":true,"notify_no_data":false}}'
    headers:
      Cache-Control:
      - no-cache
      Connection:
      - keep-alive
      Content-Security-Policy:
      - frame-ancestors 'self'; report-uri https://api.datadoghq.com/csp-report
      Content-Type:
      - application/json
      Date:
      - Mon, 04 Jan 2021 10:49:42 GMT
      Pragma:
      - no-cache
      Set-Cookie:
      - DD-PSHARD=233; Max-Age=604800; Path=/; expires=Mon, 11-Jan-2021 10:49:41 GMT;
        secure; HttpOnly
      Strict-Transport-Security:
      - max-age=15724800;
      Vary:
      - Accept-Encoding
      X-Content-Type-Options:
      - nosniff
      X-Dd-Debug:
      - d31ebXSBBNIfMRbwTUSeNjY3IxejCQxGK8GB7MdTMNs7w40n94in+BXmkLo5BsFJ
      X-Dd-Version:
      - "35.3632102"
      X-Frame-Options:
      - SAMEORIGIN
      X-Ratelimit-Limit:
      - "3000"
      X-Ratelimit-Period:
      - "10"
      X-Ratelimit-Remaining:
      - "2994"
      X-Ratelimit-Reset:
      - "9"
    status: 200 OK
    code: 200
    duration: ""
- request:
    body: ""
    form: {}
    headers:
      User-Agent:
      - terraform-provider-datadog/dev (terraform 1.15.0; terraform-cli 0.12.7-sdk)
        datadog-api-client-go/go-datadog-api (go go1.15.4; os darwin; arch amd64)
      X-Datadog-Parent-Id:
      - "8970378198002273003"
      X-Datadog-Sampling-Priority:
      - "1"
      X-Datadog-Trace-Id:
      - "8970378198002273003"
    url: https://api.datadoghq.com/api/v1/monitor/28169968
    method: GET
  response:
    body: '{"restricted_roles":null,"tags":[],"deleted":null,"query":"avg(last_5m):max:system.load.1{*}
      by {host} > 100","message":"test","id":28169968,"multi":true,"name":"tf-TestAccDatadogMonitor_MuteUnmuteSpecificScopes-local-1609757379","created":"2021-01-04T10:49:40.039834+00:00","created_at":1609757380000,"creator":{"id":1445416,"handle":"frog@datadoghq.com","name":null,"email":"frog@datadoghq.com"},"org_id":321813,"modified":"2021-01-04T10:49:41.855719+00:00","overall_state_modified":null,"overall_state":"No
      Data","type":"metric alert","options":{"notify_audit":false,"locked":false,"silenced":{"host:myserver":null},"include_tags":true,"thresholds":{"critical":100.0},"new_host_delay":300,"require_full_window":true,"notify_no_data":false}}'
    headers:
      Cache-Control:
      - no-cache
      Connection:
      - keep-alive
      Content-Security-Policy:
      - frame-ancestors 'self'; report-uri https://api.datadoghq.com/csp-report
      Content-Type:
      - application/json
      Date:
      - Mon, 04 Jan 2021 10:49:42 GMT
      Pragma:
      - no-cache
      Set-Cookie:
      - DD-PSHARD=233; Max-Age=604800; Path=/; expires=Mon, 11-Jan-2021 10:49:42 GMT;
        secure; HttpOnly
      Strict-Transport-Security:
      - max-age=15724800;
      Vary:
      - Accept-Encoding
      X-Content-Type-Options:
      - nosniff
      X-Dd-Debug:
      - Q8knEw82SgGErSuAaD0RuA7obbJQJNFXaFmNNzPtQBtywdtSi82Z9gGaD787DJ0K
      X-Dd-Version:
      - "35.3632102"
      X-Frame-Options:
      - SAMEORIGIN
      X-Ratelimit-Limit:
      - "3000"
      X-Ratelimit-Period:
      - "10"
      X-Ratelimit-Remaining:
      - "2993"
      X-Ratelimit-Reset:
      - "8"
    status: 200 OK
    code: 200
    duration: ""
- request:
    body: |
      {"message":"test","name":"tf-TestAccDatadogMonitor_MuteUnmuteSpecificScopes-local-1609757379","options":{"include_tags":true,"new_host_delay":300,"no_data_timeframe":10,"notify_no_data":false,"require_full_window":true,"thresholds":{"critical":100}},"priority":0,"query":"avg(last_5m):max:system.load.1{*} by {host} \u003e 100","tags":[],"type":"metric alert"}
    form: {}
    headers:
      Accept:
      - application/json
      Content-Type:
      - application/json
      Dd-Operation-Id:
      - ValidateMonitor
      User-Agent:
      - terraform-provider-datadog/dev (terraform 1.15.0; terraform-cli 0.12.7-sdk)
        datadog-api-client-go/1.0.0-beta.13+dev (go go1.15.4; os darwin; arch amd64)
      X-Datadog-Parent-Id:
      - "5726555407768354324"
      X-Datadog-Sampling-Priority:
      - "1"
      X-Datadog-Trace-Id:
      - "1909892237191192138"
    url: https://api.datadoghq.com/api/v1/monitor/validate
    method: POST
  response:
    body: '{}'
    headers:
      Cache-Control:
      - no-cache
      Connection:
      - keep-alive
      Content-Length:
      - "2"
      Content-Security-Policy:
      - frame-ancestors 'self'; report-uri https://api.datadoghq.com/csp-report
      Content-Type:
      - application/json
      Date:
      - Mon, 04 Jan 2021 10:49:42 GMT
      Pragma:
      - no-cache
      Set-Cookie:
      - DD-PSHARD=233; Max-Age=604800; Path=/; expires=Mon, 11-Jan-2021 10:49:42 GMT;
        secure; HttpOnly
      Strict-Transport-Security:
      - max-age=15724800;
      X-Content-Type-Options:
      - nosniff
      X-Dd-Debug:
      - D+hkk7e2X3EuNxftUaY91jzWGBfEd7A+eDYGxWMtn/TmtYeM4TBuB2YAuVObC6zB
      X-Dd-Version:
      - "34.3624385"
      X-Frame-Options:
      - SAMEORIGIN
    status: 200 OK
    code: 200
    duration: ""
- request:
    body: ""
    form: {}
    headers:
      Accept:
      - application/json
      Dd-Operation-Id:
      - GetMonitor
      User-Agent:
      - terraform-provider-datadog/dev (terraform 1.15.0; terraform-cli 0.12.7-sdk)
        datadog-api-client-go/1.0.0-beta.13+dev (go go1.15.4; os darwin; arch amd64)
      X-Datadog-Parent-Id:
      - "8382056990999003503"
      X-Datadog-Sampling-Priority:
      - "1"
      X-Datadog-Trace-Id:
      - "1909892237191192138"
    url: https://api.datadoghq.com/api/v1/monitor/28169968
    method: GET
  response:
    body: '{"restricted_roles":null,"tags":[],"deleted":null,"query":"avg(last_5m):max:system.load.1{*}
      by {host} > 100","message":"test","id":28169968,"multi":true,"name":"tf-TestAccDatadogMonitor_MuteUnmuteSpecificScopes-local-1609757379","created":"2021-01-04T10:49:40.039834+00:00","created_at":1609757380000,"creator":{"id":1445416,"handle":"frog@datadoghq.com","name":null,"email":"frog@datadoghq.com"},"org_id":321813,"modified":"2021-01-04T10:49:41.855719+00:00","overall_state_modified":null,"overall_state":"No
      Data","type":"metric alert","options":{"notify_audit":false,"locked":false,"silenced":{"host:myserver":null},"include_tags":true,"thresholds":{"critical":100.0},"new_host_delay":300,"require_full_window":true,"notify_no_data":false}}'
    headers:
      Cache-Control:
      - no-cache
      Connection:
      - keep-alive
      Content-Security-Policy:
      - frame-ancestors 'self'; report-uri https://api.datadoghq.com/csp-report
      Content-Type:
      - application/json
      Date:
      - Mon, 04 Jan 2021 10:49:42 GMT
      Pragma:
      - no-cache
      Set-Cookie:
      - DD-PSHARD=233; Max-Age=604800; Path=/; expires=Mon, 11-Jan-2021 10:49:42 GMT;
        secure; HttpOnly
      Strict-Transport-Security:
      - max-age=15724800;
      Vary:
      - Accept-Encoding
      X-Content-Type-Options:
      - nosniff
      X-Dd-Debug:
      - cLmbdqkoXAogp+jvJYjDem2Ccuhd9u5QaFds8gBIEk61c952eYE473HKvGYqQTh2
      X-Dd-Version:
      - "35.3632102"
      X-Frame-Options:
      - SAMEORIGIN
      X-Ratelimit-Limit:
      - "3000"
      X-Ratelimit-Period:
      - "10"
      X-Ratelimit-Remaining:
      - "2992"
      X-Ratelimit-Reset:
      - "8"
    status: 200 OK
    code: 200
    duration: ""
- request:
    body: ""
    form: {}
    headers:
      Accept:
      - application/json
      Dd-Operation-Id:
      - DeleteMonitor
      User-Agent:
      - terraform-provider-datadog/dev (terraform 1.15.0; terraform-cli 0.12.7-sdk)
        datadog-api-client-go/1.0.0-beta.13+dev (go go1.15.4; os darwin; arch amd64)
      X-Datadog-Parent-Id:
      - "2102710546131347594"
      X-Datadog-Sampling-Priority:
      - "1"
      X-Datadog-Trace-Id:
      - "1909892237191192138"
    url: https://api.datadoghq.com/api/v1/monitor/28169968
    method: DELETE
  response:
    body: '{"deleted_monitor_id":28169968}'
    headers:
      Cache-Control:
      - no-cache
      Connection:
      - keep-alive
      Content-Security-Policy:
      - frame-ancestors 'self'; report-uri https://api.datadoghq.com/csp-report
      Content-Type:
      - application/json
      Date:
      - Mon, 04 Jan 2021 10:49:42 GMT
      Pragma:
      - no-cache
      Set-Cookie:
      - DD-PSHARD=233; Max-Age=604800; Path=/; expires=Mon, 11-Jan-2021 10:49:42 GMT;
        secure; HttpOnly
      Strict-Transport-Security:
      - max-age=15724800;
      Vary:
      - Accept-Encoding
      X-Content-Type-Options:
      - nosniff
      X-Dd-Debug:
      - O3O7xE5uwHtX7J0LqZ8TwbNGWo9Sdsox9lgU7fr/GZp13UzdkbKQZW76fPVpoSDj
      X-Dd-Version:
      - "35.3632102"
      X-Frame-Options:
      - SAMEORIGIN
    status: 200 OK
    code: 200
    duration: ""
- request:
    body: ""
    form: {}
    headers:
      User-Agent:
      - terraform-provider-datadog/dev (terraform 1.15.0; terraform-cli 0.12.7-sdk)
        datadog-api-client-go/go-datadog-api (go go1.15.4; os darwin; arch amd64)
      X-Datadog-Parent-Id:
      - "2575315361589070097"
      X-Datadog-Sampling-Priority:
      - "1"
      X-Datadog-Trace-Id:
      - "2575315361589070097"
    url: https://api.datadoghq.com/api/v1/monitor/28169968
    method: GET
  response:
    body: '{"errors":["Monitor not found"]}'
    headers:
      Cache-Control:
      - no-cache
      Connection:
      - keep-alive
      Content-Security-Policy:
      - frame-ancestors 'self'; report-uri https://api.datadoghq.com/csp-report
      Content-Type:
      - application/json
      Date:
      - Mon, 04 Jan 2021 10:49:42 GMT
      Pragma:
      - no-cache
      Strict-Transport-Security:
      - max-age=15724800;
      Vary:
      - Accept-Encoding
      X-Content-Type-Options:
      - nosniff
      X-Dd-Version:
      - "35.3632102"
      X-Frame-Options:
      - SAMEORIGIN
      X-Ratelimit-Limit:
      - "3000"
      X-Ratelimit-Period:
      - "10"
      X-Ratelimit-Remaining:
      - "2991"
      X-Ratelimit-Reset:
      - "8"
    status: 404 Not Found
    code: 404
    duration: ""
