---
version: 1
interactions:
- request:
    body: |
      {"description":"Created using the Datadog provider in Terraform","id":"","is_read_only":true,"layout_type":"free","notify_list":[],"template_variable_presets":[{"name":"preset_1","template_variables":[{"name":"var_1","value":"var_1_value"},{"name":"var_2","value":"var_2_value"}]},{"name":"preset_2","template_variables":[{"name":"var_1","value":"var_1_value"}]}],"template_variables":[{"default":"aws","name":"var_1","prefix":"host"},{"default":"autoscaling","name":"var_2","prefix":"service_name"}],"title":"tf-TestAccDatadogDashboardLayoutForceNew-local-1607350502","widgets":[{"definition":{"alert_id":"895605","time":{"live_span":"1h"},"title":"Widget Title","type":"alert_graph","viz_type":"timeseries"},"layout":{"height":43,"width":32,"x":5,"y":5}}]}
    form: {}
    headers:
      Accept:
      - application/json
      Content-Type:
      - application/json
      Dd-Operation-Id:
      - CreateDashboard
      User-Agent:
      - terraform-provider-datadog/dev (terraform 1.15.0; terraform-cli 0.12.7-sdk)
        datadog-api-client-go/1.0.0-beta.11 (go go1.15.4; os darwin; arch amd64)
      X-Datadog-Parent-Id:
      - "2216060718624230254"
      X-Datadog-Sampling-Priority:
      - "1"
      X-Datadog-Trace-Id:
      - "3157521384868134745"
    url: https://api.datadoghq.com/api/v1/dashboard
    method: POST
  response:
    body: '{"notify_list":[],"description":"Created using the Datadog provider in
      Terraform","author_name":null,"template_variable_presets":[{"template_variables":[{"name":"var_1","value":"var_1_value"},{"name":"var_2","value":"var_2_value"}],"name":"preset_1"},{"template_variables":[{"name":"var_1","value":"var_1_value"}],"name":"preset_2"}],"template_variables":[{"default":"aws","prefix":"host","name":"var_1"},{"default":"autoscaling","prefix":"service_name","name":"var_2"}],"is_read_only":true,"id":"jbm-qtr-e5p","title":"tf-TestAccDatadogDashboardLayoutForceNew-local-1607350502","url":"/dashboard/jbm-qtr-e5p/tf-testaccdatadogdashboardlayoutforcenew-local-1607350502","created_at":"2020-12-07T14:15:06.538853+00:00","modified_at":"2020-12-07T14:15:06.538853+00:00","author_handle":"frog@datadoghq.com","widgets":[{"definition":{"alert_id":"895605","title":"Widget
      Title","type":"alert_graph","viz_type":"timeseries","time":{"live_span":"1h"}},"layout":{"y":5,"width":32,"x":5,"height":43},"id":1625193144442572}],"layout_type":"free"}'
    headers:
      Cache-Control:
      - no-cache
      Connection:
      - keep-alive
      Content-Security-Policy:
      - frame-ancestors 'self'; report-uri https://api.datadoghq.com/csp-report
      Content-Type:
      - application/json
      Date:
      - Mon, 07 Dec 2020 14:15:08 GMT
      Dd-Pool:
      - dogweb
      Pragma:
      - no-cache
      Set-Cookie:
      - DD-PSHARD=233; Max-Age=604800; Path=/; expires=Mon, 14-Dec-2020 14:15:06 GMT;
        secure; HttpOnly
      Strict-Transport-Security:
      - max-age=15724800;
      Vary:
      - Accept-Encoding
      X-Content-Type-Options:
      - nosniff
      X-Dd-Debug:
      - h6yqPaHNwx3ZGZPMs75pO93HC01YoL8B6e/Fb89zqQCmU57u6KTAhksrYQV/dzkY
      X-Dd-Version:
      - "35.3489274"
      X-Frame-Options:
      - SAMEORIGIN
    status: 200 OK
    code: 200
    duration: ""
- request:
    body: ""
    form: {}
    headers:
      Accept:
      - application/json
      Dd-Operation-Id:
      - GetDashboard
      User-Agent:
      - terraform-provider-datadog/dev (terraform 1.15.0; terraform-cli 0.12.7-sdk)
        datadog-api-client-go/1.0.0-beta.11 (go go1.15.4; os darwin; arch amd64)
      X-Datadog-Parent-Id:
      - "2220063909136450511"
      X-Datadog-Sampling-Priority:
      - "1"
      X-Datadog-Trace-Id:
      - "3157521384868134745"
    url: https://api.datadoghq.com/api/v1/dashboard/jbm-qtr-e5p
    method: GET
  response:
    body: '{"notify_list":[],"description":"Created using the Datadog provider in
      Terraform","author_name":null,"template_variable_presets":[{"template_variables":[{"name":"var_1","value":"var_1_value"},{"name":"var_2","value":"var_2_value"}],"name":"preset_1"},{"template_variables":[{"name":"var_1","value":"var_1_value"}],"name":"preset_2"}],"template_variables":[{"default":"aws","prefix":"host","name":"var_1"},{"default":"autoscaling","prefix":"service_name","name":"var_2"}],"is_read_only":true,"id":"jbm-qtr-e5p","title":"tf-TestAccDatadogDashboardLayoutForceNew-local-1607350502","url":"/dashboard/jbm-qtr-e5p/tf-testaccdatadogdashboardlayoutforcenew-local-1607350502","created_at":"2020-12-07T14:15:06.538853+00:00","modified_at":"2020-12-07T14:15:06.538853+00:00","author_handle":"frog@datadoghq.com","widgets":[{"definition":{"alert_id":"895605","title":"Widget
      Title","type":"alert_graph","viz_type":"timeseries","time":{"live_span":"1h"}},"layout":{"y":5,"width":32,"x":5,"height":43},"id":1625193144442572}],"layout_type":"free"}'
    headers:
      Cache-Control:
      - no-cache
      Connection:
      - keep-alive
      Content-Security-Policy:
      - frame-ancestors 'self'; report-uri https://api.datadoghq.com/csp-report
      Content-Type:
      - application/json
      Date:
      - Mon, 07 Dec 2020 14:15:08 GMT
      Dd-Pool:
      - dogweb
      Pragma:
      - no-cache
      Set-Cookie:
      - DD-PSHARD=233; Max-Age=604800; Path=/; expires=Mon, 14-Dec-2020 14:15:08 GMT;
        secure; HttpOnly
      Strict-Transport-Security:
      - max-age=15724800;
      Vary:
      - Accept-Encoding
      X-Content-Type-Options:
      - nosniff
      X-Dd-Debug:
      - hhAfI9DpjHRbHS2z+2prVh0mHwAun3McFDOF8AzNv8c8J6c/l2q8Kye8syKGTxkY
      X-Dd-Version:
      - "35.3489274"
      X-Frame-Options:
      - SAMEORIGIN
    status: 200 OK
    code: 200
    duration: ""
- request:
    body: ""
    form: {}
    headers:
      Accept:
      - application/json
      Dd-Operation-Id:
      - GetDashboard
      User-Agent:
      - terraform-provider-datadog/dev (terraform 1.15.0; terraform-cli 0.12.7-sdk)
        datadog-api-client-go/1.0.0-beta.11 (go go1.15.4; os darwin; arch amd64)
      X-Datadog-Parent-Id:
      - "5605793877046171930"
      X-Datadog-Sampling-Priority:
      - "1"
      X-Datadog-Trace-Id:
      - "3157521384868134745"
    url: https://api.datadoghq.com/api/v1/dashboard/jbm-qtr-e5p
    method: GET
  response:
    body: '{"notify_list":[],"description":"Created using the Datadog provider in
      Terraform","author_name":null,"template_variable_presets":[{"template_variables":[{"name":"var_1","value":"var_1_value"},{"name":"var_2","value":"var_2_value"}],"name":"preset_1"},{"template_variables":[{"name":"var_1","value":"var_1_value"}],"name":"preset_2"}],"template_variables":[{"default":"aws","prefix":"host","name":"var_1"},{"default":"autoscaling","prefix":"service_name","name":"var_2"}],"is_read_only":true,"id":"jbm-qtr-e5p","title":"tf-TestAccDatadogDashboardLayoutForceNew-local-1607350502","url":"/dashboard/jbm-qtr-e5p/tf-testaccdatadogdashboardlayoutforcenew-local-1607350502","created_at":"2020-12-07T14:15:06.538853+00:00","modified_at":"2020-12-07T14:15:06.538853+00:00","author_handle":"frog@datadoghq.com","widgets":[{"definition":{"alert_id":"895605","title":"Widget
      Title","type":"alert_graph","viz_type":"timeseries","time":{"live_span":"1h"}},"layout":{"y":5,"width":32,"x":5,"height":43},"id":1625193144442572}],"layout_type":"free"}'
    headers:
      Cache-Control:
      - no-cache
      Connection:
      - keep-alive
      Content-Security-Policy:
      - frame-ancestors 'self'; report-uri https://api.datadoghq.com/csp-report
      Content-Type:
      - application/json
      Date:
      - Mon, 07 Dec 2020 14:15:09 GMT
      Dd-Pool:
      - dogweb
      Pragma:
      - no-cache
      Set-Cookie:
      - DD-PSHARD=233; Max-Age=604800; Path=/; expires=Mon, 14-Dec-2020 14:15:09 GMT;
        secure; HttpOnly
      Strict-Transport-Security:
      - max-age=15724800;
      Vary:
      - Accept-Encoding
      X-Content-Type-Options:
      - nosniff
      X-Dd-Debug:
      - 1cd0/X8iFjFNZXjpX11JpiLJbbxmicjztoLT0xgVCngh7XkSAjfiT2A4vALPTlNE
      X-Dd-Version:
      - "35.3489274"
      X-Frame-Options:
      - SAMEORIGIN
    status: 200 OK
    code: 200
    duration: ""
- request:
    body: ""
    form: {}
    headers:
      Accept:
      - application/json
      Dd-Operation-Id:
      - GetDashboard
      User-Agent:
      - terraform-provider-datadog/dev (terraform 1.15.0; terraform-cli 0.12.7-sdk)
        datadog-api-client-go/1.0.0-beta.11 (go go1.15.4; os darwin; arch amd64)
      X-Datadog-Parent-Id:
      - "6223942433404261285"
      X-Datadog-Sampling-Priority:
      - "1"
      X-Datadog-Trace-Id:
      - "3157521384868134745"
    url: https://api.datadoghq.com/api/v1/dashboard/jbm-qtr-e5p
    method: GET
  response:
    body: '{"notify_list":[],"description":"Created using the Datadog provider in
      Terraform","author_name":null,"template_variable_presets":[{"template_variables":[{"name":"var_1","value":"var_1_value"},{"name":"var_2","value":"var_2_value"}],"name":"preset_1"},{"template_variables":[{"name":"var_1","value":"var_1_value"}],"name":"preset_2"}],"template_variables":[{"default":"aws","prefix":"host","name":"var_1"},{"default":"autoscaling","prefix":"service_name","name":"var_2"}],"is_read_only":true,"id":"jbm-qtr-e5p","title":"tf-TestAccDatadogDashboardLayoutForceNew-local-1607350502","url":"/dashboard/jbm-qtr-e5p/tf-testaccdatadogdashboardlayoutforcenew-local-1607350502","created_at":"2020-12-07T14:15:06.538853+00:00","modified_at":"2020-12-07T14:15:06.538853+00:00","author_handle":"frog@datadoghq.com","widgets":[{"definition":{"alert_id":"895605","title":"Widget
      Title","type":"alert_graph","viz_type":"timeseries","time":{"live_span":"1h"}},"layout":{"y":5,"width":32,"x":5,"height":43},"id":1625193144442572}],"layout_type":"free"}'
    headers:
      Cache-Control:
      - no-cache
      Connection:
      - keep-alive
      Content-Security-Policy:
      - frame-ancestors 'self'; report-uri https://api.datadoghq.com/csp-report
      Content-Type:
      - application/json
      Date:
      - Mon, 07 Dec 2020 14:15:12 GMT
      Dd-Pool:
      - dogweb
      Pragma:
      - no-cache
      Set-Cookie:
      - DD-PSHARD=233; Max-Age=604800; Path=/; expires=Mon, 14-Dec-2020 14:15:12 GMT;
        secure; HttpOnly
      Strict-Transport-Security:
      - max-age=15724800;
      Vary:
      - Accept-Encoding
      X-Content-Type-Options:
      - nosniff
      X-Dd-Debug:
      - Et2YiqVRxti9EZo6Gk/yyRrgDmYxZuoE62JE6GLJjDYX0PgDmkmo9d4ASFrtRIDj
      X-Dd-Version:
      - "35.3489274"
      X-Frame-Options:
      - SAMEORIGIN
    status: 200 OK
    code: 200
    duration: ""
- request:
    body: ""
    form: {}
    headers:
      Accept:
      - application/json
      Dd-Operation-Id:
      - GetDashboard
      User-Agent:
      - terraform-provider-datadog/dev (terraform 1.15.0; terraform-cli 0.12.7-sdk)
        datadog-api-client-go/1.0.0-beta.11 (go go1.15.4; os darwin; arch amd64)
      X-Datadog-Parent-Id:
      - "2621740728271994435"
      X-Datadog-Sampling-Priority:
      - "1"
      X-Datadog-Trace-Id:
      - "3157521384868134745"
    url: https://api.datadoghq.com/api/v1/dashboard/jbm-qtr-e5p
    method: GET
  response:
    body: '{"notify_list":[],"description":"Created using the Datadog provider in
      Terraform","author_name":null,"template_variable_presets":[{"template_variables":[{"name":"var_1","value":"var_1_value"},{"name":"var_2","value":"var_2_value"}],"name":"preset_1"},{"template_variables":[{"name":"var_1","value":"var_1_value"}],"name":"preset_2"}],"template_variables":[{"default":"aws","prefix":"host","name":"var_1"},{"default":"autoscaling","prefix":"service_name","name":"var_2"}],"is_read_only":true,"id":"jbm-qtr-e5p","title":"tf-TestAccDatadogDashboardLayoutForceNew-local-1607350502","url":"/dashboard/jbm-qtr-e5p/tf-testaccdatadogdashboardlayoutforcenew-local-1607350502","created_at":"2020-12-07T14:15:06.538853+00:00","modified_at":"2020-12-07T14:15:06.538853+00:00","author_handle":"frog@datadoghq.com","widgets":[{"definition":{"alert_id":"895605","title":"Widget
      Title","type":"alert_graph","viz_type":"timeseries","time":{"live_span":"1h"}},"layout":{"y":5,"width":32,"x":5,"height":43},"id":1625193144442572}],"layout_type":"free"}'
    headers:
      Cache-Control:
      - no-cache
      Connection:
      - keep-alive
      Content-Security-Policy:
      - frame-ancestors 'self'; report-uri https://api.datadoghq.com/csp-report
      Content-Type:
      - application/json
      Date:
      - Mon, 07 Dec 2020 14:15:12 GMT
      Dd-Pool:
      - dogweb
      Pragma:
      - no-cache
      Set-Cookie:
      - DD-PSHARD=233; Max-Age=604800; Path=/; expires=Mon, 14-Dec-2020 14:15:12 GMT;
        secure; HttpOnly
      Strict-Transport-Security:
      - max-age=15724800;
      Vary:
      - Accept-Encoding
      X-Content-Type-Options:
      - nosniff
      X-Dd-Debug:
      - WrTDvawKJxc/3XHcVO+oe9kLOi9bBLB0fyesfpZ4AlLEoPVyUvH7rJdlyTxrqyNg
      X-Dd-Version:
      - "35.3489274"
      X-Frame-Options:
      - SAMEORIGIN
    status: 200 OK
    code: 200
    duration: ""
- request:
    body: ""
    form: {}
    headers:
      Accept:
      - application/json
      Dd-Operation-Id:
      - GetDashboard
      User-Agent:
      - terraform-provider-datadog/dev (terraform 1.15.0; terraform-cli 0.12.7-sdk)
        datadog-api-client-go/1.0.0-beta.11 (go go1.15.4; os darwin; arch amd64)
      X-Datadog-Parent-Id:
      - "7496617422952093671"
      X-Datadog-Sampling-Priority:
      - "1"
      X-Datadog-Trace-Id:
      - "3157521384868134745"
    url: https://api.datadoghq.com/api/v1/dashboard/jbm-qtr-e5p
    method: GET
  response:
    body: '{"notify_list":[],"description":"Created using the Datadog provider in
      Terraform","author_name":null,"template_variable_presets":[{"template_variables":[{"name":"var_1","value":"var_1_value"},{"name":"var_2","value":"var_2_value"}],"name":"preset_1"},{"template_variables":[{"name":"var_1","value":"var_1_value"}],"name":"preset_2"}],"template_variables":[{"default":"aws","prefix":"host","name":"var_1"},{"default":"autoscaling","prefix":"service_name","name":"var_2"}],"is_read_only":true,"id":"jbm-qtr-e5p","title":"tf-TestAccDatadogDashboardLayoutForceNew-local-1607350502","url":"/dashboard/jbm-qtr-e5p/tf-testaccdatadogdashboardlayoutforcenew-local-1607350502","created_at":"2020-12-07T14:15:06.538853+00:00","modified_at":"2020-12-07T14:15:06.538853+00:00","author_handle":"frog@datadoghq.com","widgets":[{"definition":{"alert_id":"895605","title":"Widget
      Title","type":"alert_graph","viz_type":"timeseries","time":{"live_span":"1h"}},"layout":{"y":5,"width":32,"x":5,"height":43},"id":1625193144442572}],"layout_type":"free"}'
    headers:
      Cache-Control:
      - no-cache
      Connection:
      - keep-alive
      Content-Security-Policy:
      - frame-ancestors 'self'; report-uri https://api.datadoghq.com/csp-report
      Content-Type:
      - application/json
      Date:
      - Mon, 07 Dec 2020 14:15:15 GMT
      Dd-Pool:
      - dogweb
      Pragma:
      - no-cache
      Set-Cookie:
      - DD-PSHARD=233; Max-Age=604800; Path=/; expires=Mon, 14-Dec-2020 14:15:15 GMT;
        secure; HttpOnly
      Strict-Transport-Security:
      - max-age=15724800;
      Vary:
      - Accept-Encoding
      X-Content-Type-Options:
      - nosniff
      X-Dd-Debug:
      - uJ83xA1OCfjNbetv+4JhF+oFizEHF56t3Lja6jtB8P5etMWBi14GRkWSrGetOvyr
      X-Dd-Version:
      - "35.3489274"
      X-Frame-Options:
      - SAMEORIGIN
    status: 200 OK
    code: 200
    duration: ""
- request:
    body: ""
    form: {}
    headers:
      Accept:
      - application/json
      Dd-Operation-Id:
      - GetDashboard
      User-Agent:
      - terraform-provider-datadog/dev (terraform 1.15.0; terraform-cli 0.12.7-sdk)
        datadog-api-client-go/1.0.0-beta.11 (go go1.15.4; os darwin; arch amd64)
      X-Datadog-Parent-Id:
      - "6964454650219550674"
      X-Datadog-Sampling-Priority:
      - "1"
      X-Datadog-Trace-Id:
      - "3157521384868134745"
    url: https://api.datadoghq.com/api/v1/dashboard/jbm-qtr-e5p
    method: GET
  response:
    body: '{"notify_list":[],"description":"Created using the Datadog provider in
      Terraform","author_name":null,"template_variable_presets":[{"template_variables":[{"name":"var_1","value":"var_1_value"},{"name":"var_2","value":"var_2_value"}],"name":"preset_1"},{"template_variables":[{"name":"var_1","value":"var_1_value"}],"name":"preset_2"}],"template_variables":[{"default":"aws","prefix":"host","name":"var_1"},{"default":"autoscaling","prefix":"service_name","name":"var_2"}],"is_read_only":true,"id":"jbm-qtr-e5p","title":"tf-TestAccDatadogDashboardLayoutForceNew-local-1607350502","url":"/dashboard/jbm-qtr-e5p/tf-testaccdatadogdashboardlayoutforcenew-local-1607350502","created_at":"2020-12-07T14:15:06.538853+00:00","modified_at":"2020-12-07T14:15:06.538853+00:00","author_handle":"frog@datadoghq.com","widgets":[{"definition":{"alert_id":"895605","title":"Widget
      Title","type":"alert_graph","viz_type":"timeseries","time":{"live_span":"1h"}},"layout":{"y":5,"width":32,"x":5,"height":43},"id":1625193144442572}],"layout_type":"free"}'
    headers:
      Cache-Control:
      - no-cache
      Connection:
      - keep-alive
      Content-Security-Policy:
      - frame-ancestors 'self'; report-uri https://api.datadoghq.com/csp-report
      Content-Type:
      - application/json
      Date:
      - Mon, 07 Dec 2020 14:15:15 GMT
      Dd-Pool:
      - dogweb
      Pragma:
      - no-cache
      Set-Cookie:
      - DD-PSHARD=233; Max-Age=604800; Path=/; expires=Mon, 14-Dec-2020 14:15:15 GMT;
        secure; HttpOnly
      Strict-Transport-Security:
      - max-age=15724800;
      Vary:
      - Accept-Encoding
      X-Content-Type-Options:
      - nosniff
      X-Dd-Debug:
      - nuSFLkQ1s7gwoRNAfifc8jXTyjLsWBSRPtQKveq6qMTKGNJs/ULg6uo/9G1YZzFs
      X-Dd-Version:
      - "35.3489274"
      X-Frame-Options:
      - SAMEORIGIN
    status: 200 OK
    code: 200
    duration: ""
- request:
    body: ""
    form: {}
    headers:
      Accept:
      - application/json
      Dd-Operation-Id:
      - DeleteDashboard
      User-Agent:
      - terraform-provider-datadog/dev (terraform 1.15.0; terraform-cli 0.12.7-sdk)
        datadog-api-client-go/1.0.0-beta.11 (go go1.15.4; os darwin; arch amd64)
      X-Datadog-Parent-Id:
      - "4846062211972653755"
      X-Datadog-Sampling-Priority:
      - "1"
      X-Datadog-Trace-Id:
      - "3157521384868134745"
    url: https://api.datadoghq.com/api/v1/dashboard/jbm-qtr-e5p
    method: DELETE
  response:
    body: '{"deleted_dashboard_id":"jbm-qtr-e5p"}'
    headers:
      Cache-Control:
      - no-cache
      Connection:
      - keep-alive
      Content-Security-Policy:
      - frame-ancestors 'self'; report-uri https://api.datadoghq.com/csp-report
      Content-Type:
      - application/json
      Date:
      - Mon, 07 Dec 2020 14:15:19 GMT
      Dd-Pool:
      - dogweb
      Pragma:
      - no-cache
      Set-Cookie:
      - DD-PSHARD=233; Max-Age=604800; Path=/; expires=Mon, 14-Dec-2020 14:15:19 GMT;
        secure; HttpOnly
      Strict-Transport-Security:
      - max-age=15724800;
      Vary:
      - Accept-Encoding
      X-Content-Type-Options:
      - nosniff
      X-Dd-Debug:
      - fOvn++WNyeGiJqGJ1RGVl2OtzlCSW+9FmhW07NDhLHuS9Ypy2JL89j65gnqIRQTf
      X-Dd-Version:
      - "35.3489274"
      X-Frame-Options:
      - SAMEORIGIN
    status: 200 OK
    code: 200
    duration: ""
- request:
    body: |
      {"description":"Created using the Datadog provider in Terraform","id":"","is_read_only":true,"layout_type":"ordered","notify_list":[],"template_variable_presets":[{"name":"preset_1","template_variables":[{"name":"var_1","value":"var_1_value"},{"name":"var_2","value":"var_2_value"}]},{"name":"preset_2","template_variables":[{"name":"var_1","value":"var_1_value"}]}],"template_variables":[{"default":"aws","name":"var_1","prefix":"host"},{"default":"autoscaling","name":"var_2","prefix":"service_name"}],"title":"tf-TestAccDatadogDashboardLayoutForceNew-local-1607350502","widgets":[{"definition":{"alert_id":"895605","time":{"live_span":"1h"},"title":"Widget Title","type":"alert_graph","viz_type":"timeseries"}}]}
    form: {}
    headers:
      Accept:
      - application/json
      Content-Type:
      - application/json
      Dd-Operation-Id:
      - CreateDashboard
      User-Agent:
      - terraform-provider-datadog/dev (terraform 1.15.0; terraform-cli 0.12.7-sdk)
        datadog-api-client-go/1.0.0-beta.11 (go go1.15.4; os darwin; arch amd64)
      X-Datadog-Parent-Id:
      - "8889367777527632453"
      X-Datadog-Sampling-Priority:
      - "1"
      X-Datadog-Trace-Id:
      - "3157521384868134745"
    url: https://api.datadoghq.com/api/v1/dashboard
    method: POST
  response:
    body: '{"notify_list":[],"description":"Created using the Datadog provider in
      Terraform","author_name":null,"template_variable_presets":[{"template_variables":[{"name":"var_1","value":"var_1_value"},{"name":"var_2","value":"var_2_value"}],"name":"preset_1"},{"template_variables":[{"name":"var_1","value":"var_1_value"}],"name":"preset_2"}],"template_variables":[{"default":"aws","prefix":"host","name":"var_1"},{"default":"autoscaling","prefix":"service_name","name":"var_2"}],"is_read_only":true,"id":"zy3-43t-a6x","title":"tf-TestAccDatadogDashboardLayoutForceNew-local-1607350502","url":"/dashboard/zy3-43t-a6x/tf-testaccdatadogdashboardlayoutforcenew-local-1607350502","created_at":"2020-12-07T14:15:20.327246+00:00","modified_at":"2020-12-07T14:15:20.327246+00:00","author_handle":"frog@datadoghq.com","widgets":[{"definition":{"alert_id":"895605","title":"Widget
      Title","type":"alert_graph","viz_type":"timeseries","time":{"live_span":"1h"}},"id":3062722593411806}],"layout_type":"ordered"}'
    headers:
      Cache-Control:
      - no-cache
      Connection:
      - keep-alive
      Content-Security-Policy:
      - frame-ancestors 'self'; report-uri https://api.datadoghq.com/csp-report
      Content-Type:
      - application/json
      Date:
      - Mon, 07 Dec 2020 14:15:22 GMT
      Dd-Pool:
      - dogweb
      Pragma:
      - no-cache
      Set-Cookie:
      - DD-PSHARD=233; Max-Age=604800; Path=/; expires=Mon, 14-Dec-2020 14:15:20 GMT;
        secure; HttpOnly
      Strict-Transport-Security:
      - max-age=15724800;
      Vary:
      - Accept-Encoding
      X-Content-Type-Options:
      - nosniff
      X-Dd-Debug:
      - RquGBod+QwJwo5jKyeuGJHvfWvWfZ0hMpUnxtqqEEEpqySzsuyt8sx6iN5riB0bK
      X-Dd-Version:
      - "35.3489274"
      X-Frame-Options:
      - SAMEORIGIN
    status: 200 OK
    code: 200
    duration: ""
- request:
    body: ""
    form: {}
    headers:
      Accept:
      - application/json
      Dd-Operation-Id:
      - GetDashboard
      User-Agent:
      - terraform-provider-datadog/dev (terraform 1.15.0; terraform-cli 0.12.7-sdk)
        datadog-api-client-go/1.0.0-beta.11 (go go1.15.4; os darwin; arch amd64)
      X-Datadog-Parent-Id:
      - "4330142395310191417"
      X-Datadog-Sampling-Priority:
      - "1"
      X-Datadog-Trace-Id:
      - "3157521384868134745"
    url: https://api.datadoghq.com/api/v1/dashboard/zy3-43t-a6x
    method: GET
  response:
    body: '{"notify_list":[],"description":"Created using the Datadog provider in
      Terraform","author_name":null,"template_variable_presets":[{"template_variables":[{"name":"var_1","value":"var_1_value"},{"name":"var_2","value":"var_2_value"}],"name":"preset_1"},{"template_variables":[{"name":"var_1","value":"var_1_value"}],"name":"preset_2"}],"template_variables":[{"default":"aws","prefix":"host","name":"var_1"},{"default":"autoscaling","prefix":"service_name","name":"var_2"}],"is_read_only":true,"id":"zy3-43t-a6x","title":"tf-TestAccDatadogDashboardLayoutForceNew-local-1607350502","url":"/dashboard/zy3-43t-a6x/tf-testaccdatadogdashboardlayoutforcenew-local-1607350502","created_at":"2020-12-07T14:15:20.327246+00:00","modified_at":"2020-12-07T14:15:20.327246+00:00","author_handle":"frog@datadoghq.com","widgets":[{"definition":{"alert_id":"895605","title":"Widget
      Title","type":"alert_graph","viz_type":"timeseries","time":{"live_span":"1h"}},"id":3062722593411806}],"layout_type":"ordered"}'
    headers:
      Cache-Control:
      - no-cache
      Connection:
      - keep-alive
      Content-Security-Policy:
      - frame-ancestors 'self'; report-uri https://api.datadoghq.com/csp-report
      Content-Type:
      - application/json
      Date:
      - Mon, 07 Dec 2020 14:15:22 GMT
      Dd-Pool:
      - dogweb
      Pragma:
      - no-cache
      Set-Cookie:
      - DD-PSHARD=233; Max-Age=604800; Path=/; expires=Mon, 14-Dec-2020 14:15:22 GMT;
        secure; HttpOnly
      Strict-Transport-Security:
      - max-age=15724800;
      Vary:
      - Accept-Encoding
      X-Content-Type-Options:
      - nosniff
      X-Dd-Debug:
      - IEUzjgpnyUrp74lH2dqPweGXNQU7es3CY44HHPIdy7aSNeimMebMvcKCoCgyWWVx
      X-Dd-Version:
      - "35.3489274"
      X-Frame-Options:
      - SAMEORIGIN
    status: 200 OK
    code: 200
    duration: ""
- request:
    body: ""
    form: {}
    headers:
      Accept:
      - application/json
      Dd-Operation-Id:
      - GetDashboard
      User-Agent:
      - terraform-provider-datadog/dev (terraform 1.15.0; terraform-cli 0.12.7-sdk)
        datadog-api-client-go/1.0.0-beta.11 (go go1.15.4; os darwin; arch amd64)
      X-Datadog-Parent-Id:
      - "6314419353035793540"
      X-Datadog-Sampling-Priority:
      - "1"
      X-Datadog-Trace-Id:
      - "3157521384868134745"
    url: https://api.datadoghq.com/api/v1/dashboard/zy3-43t-a6x
    method: GET
  response:
    body: '{"notify_list":[],"description":"Created using the Datadog provider in
      Terraform","author_name":null,"template_variable_presets":[{"template_variables":[{"name":"var_1","value":"var_1_value"},{"name":"var_2","value":"var_2_value"}],"name":"preset_1"},{"template_variables":[{"name":"var_1","value":"var_1_value"}],"name":"preset_2"}],"template_variables":[{"default":"aws","prefix":"host","name":"var_1"},{"default":"autoscaling","prefix":"service_name","name":"var_2"}],"is_read_only":true,"id":"zy3-43t-a6x","title":"tf-TestAccDatadogDashboardLayoutForceNew-local-1607350502","url":"/dashboard/zy3-43t-a6x/tf-testaccdatadogdashboardlayoutforcenew-local-1607350502","created_at":"2020-12-07T14:15:20.327246+00:00","modified_at":"2020-12-07T14:15:20.327246+00:00","author_handle":"frog@datadoghq.com","widgets":[{"definition":{"alert_id":"895605","title":"Widget
      Title","type":"alert_graph","viz_type":"timeseries","time":{"live_span":"1h"}},"id":3062722593411806}],"layout_type":"ordered"}'
    headers:
      Cache-Control:
      - no-cache
      Connection:
      - keep-alive
      Content-Security-Policy:
      - frame-ancestors 'self'; report-uri https://api.datadoghq.com/csp-report
      Content-Type:
      - application/json
      Date:
      - Mon, 07 Dec 2020 14:15:22 GMT
      Dd-Pool:
      - dogweb
      Pragma:
      - no-cache
      Set-Cookie:
      - DD-PSHARD=233; Max-Age=604800; Path=/; expires=Mon, 14-Dec-2020 14:15:22 GMT;
        secure; HttpOnly
      Strict-Transport-Security:
      - max-age=15724800;
      Vary:
      - Accept-Encoding
      X-Content-Type-Options:
      - nosniff
      X-Dd-Debug:
      - KcNcHUGB08YdugVH3r9bPpps+kNHA5hdt/i0HnHlCpX4wCTIXYMJnhyM7E+8Tni0
      X-Dd-Version:
      - "35.3489274"
      X-Frame-Options:
      - SAMEORIGIN
    status: 200 OK
    code: 200
    duration: ""
- request:
    body: ""
    form: {}
    headers:
      Accept:
      - application/json
      Dd-Operation-Id:
      - GetDashboard
      User-Agent:
      - terraform-provider-datadog/dev (terraform 1.15.0; terraform-cli 0.12.7-sdk)
        datadog-api-client-go/1.0.0-beta.11 (go go1.15.4; os darwin; arch amd64)
      X-Datadog-Parent-Id:
      - "3055179343000267262"
      X-Datadog-Sampling-Priority:
      - "1"
      X-Datadog-Trace-Id:
      - "3157521384868134745"
    url: https://api.datadoghq.com/api/v1/dashboard/zy3-43t-a6x
    method: GET
  response:
    body: '{"notify_list":[],"description":"Created using the Datadog provider in
      Terraform","author_name":null,"template_variable_presets":[{"template_variables":[{"name":"var_1","value":"var_1_value"},{"name":"var_2","value":"var_2_value"}],"name":"preset_1"},{"template_variables":[{"name":"var_1","value":"var_1_value"}],"name":"preset_2"}],"template_variables":[{"default":"aws","prefix":"host","name":"var_1"},{"default":"autoscaling","prefix":"service_name","name":"var_2"}],"is_read_only":true,"id":"zy3-43t-a6x","title":"tf-TestAccDatadogDashboardLayoutForceNew-local-1607350502","url":"/dashboard/zy3-43t-a6x/tf-testaccdatadogdashboardlayoutforcenew-local-1607350502","created_at":"2020-12-07T14:15:20.327246+00:00","modified_at":"2020-12-07T14:15:20.327246+00:00","author_handle":"frog@datadoghq.com","widgets":[{"definition":{"alert_id":"895605","title":"Widget
      Title","type":"alert_graph","viz_type":"timeseries","time":{"live_span":"1h"}},"id":3062722593411806}],"layout_type":"ordered"}'
    headers:
      Cache-Control:
      - no-cache
      Connection:
      - keep-alive
      Content-Security-Policy:
      - frame-ancestors 'self'; report-uri https://api.datadoghq.com/csp-report
      Content-Type:
      - application/json
      Date:
      - Mon, 07 Dec 2020 14:15:25 GMT
      Dd-Pool:
      - dogweb
      Pragma:
      - no-cache
      Set-Cookie:
      - DD-PSHARD=233; Max-Age=604800; Path=/; expires=Mon, 14-Dec-2020 14:15:25 GMT;
        secure; HttpOnly
      Strict-Transport-Security:
      - max-age=15724800;
      Vary:
      - Accept-Encoding
      X-Content-Type-Options:
      - nosniff
      X-Dd-Debug:
      - POuDbGLugqXrJfoVh1EySG2rrzsK54DWLRF5/pTAPkxizo7RlYf80RrCYTzc0hnv
      X-Dd-Version:
      - "35.3489274"
      X-Frame-Options:
      - SAMEORIGIN
    status: 200 OK
    code: 200
    duration: ""
- request:
    body: ""
    form: {}
    headers:
      Accept:
      - application/json
      Dd-Operation-Id:
      - GetDashboard
      User-Agent:
      - terraform-provider-datadog/dev (terraform 1.15.0; terraform-cli 0.12.7-sdk)
        datadog-api-client-go/1.0.0-beta.11 (go go1.15.4; os darwin; arch amd64)
      X-Datadog-Parent-Id:
      - "5346147524728751328"
      X-Datadog-Sampling-Priority:
      - "1"
      X-Datadog-Trace-Id:
      - "3157521384868134745"
    url: https://api.datadoghq.com/api/v1/dashboard/zy3-43t-a6x
    method: GET
  response:
    body: '{"notify_list":[],"description":"Created using the Datadog provider in
      Terraform","author_name":null,"template_variable_presets":[{"template_variables":[{"name":"var_1","value":"var_1_value"},{"name":"var_2","value":"var_2_value"}],"name":"preset_1"},{"template_variables":[{"name":"var_1","value":"var_1_value"}],"name":"preset_2"}],"template_variables":[{"default":"aws","prefix":"host","name":"var_1"},{"default":"autoscaling","prefix":"service_name","name":"var_2"}],"is_read_only":true,"id":"zy3-43t-a6x","title":"tf-TestAccDatadogDashboardLayoutForceNew-local-1607350502","url":"/dashboard/zy3-43t-a6x/tf-testaccdatadogdashboardlayoutforcenew-local-1607350502","created_at":"2020-12-07T14:15:20.327246+00:00","modified_at":"2020-12-07T14:15:20.327246+00:00","author_handle":"frog@datadoghq.com","widgets":[{"definition":{"alert_id":"895605","title":"Widget
      Title","type":"alert_graph","viz_type":"timeseries","time":{"live_span":"1h"}},"id":3062722593411806}],"layout_type":"ordered"}'
    headers:
      Cache-Control:
      - no-cache
      Connection:
      - keep-alive
      Content-Security-Policy:
      - frame-ancestors 'self'; report-uri https://api.datadoghq.com/csp-report
      Content-Type:
      - application/json
      Date:
      - Mon, 07 Dec 2020 14:15:25 GMT
      Dd-Pool:
      - dogweb
      Pragma:
      - no-cache
      Set-Cookie:
      - DD-PSHARD=233; Max-Age=604800; Path=/; expires=Mon, 14-Dec-2020 14:15:25 GMT;
        secure; HttpOnly
      Strict-Transport-Security:
      - max-age=15724800;
      Vary:
      - Accept-Encoding
      X-Content-Type-Options:
      - nosniff
      X-Dd-Debug:
      - Y0Wuc8E3+SpVlnTzK4RUu97zkN6KtouappB64/8RP7vhb/NV3oylxGvm6vZWDPy/
      X-Dd-Version:
      - "35.3489274"
      X-Frame-Options:
      - SAMEORIGIN
    status: 200 OK
    code: 200
    duration: ""
- request:
    body: ""
    form: {}
    headers:
      Accept:
      - application/json
      Dd-Operation-Id:
      - GetDashboard
      User-Agent:
      - terraform-provider-datadog/dev (terraform 1.15.0; terraform-cli 0.12.7-sdk)
        datadog-api-client-go/1.0.0-beta.11 (go go1.15.4; os darwin; arch amd64)
      X-Datadog-Parent-Id:
      - "6974849189974639766"
      X-Datadog-Sampling-Priority:
      - "1"
      X-Datadog-Trace-Id:
      - "3157521384868134745"
    url: https://api.datadoghq.com/api/v1/dashboard/zy3-43t-a6x
    method: GET
  response:
    body: '{"notify_list":[],"description":"Created using the Datadog provider in
      Terraform","author_name":null,"template_variable_presets":[{"template_variables":[{"name":"var_1","value":"var_1_value"},{"name":"var_2","value":"var_2_value"}],"name":"preset_1"},{"template_variables":[{"name":"var_1","value":"var_1_value"}],"name":"preset_2"}],"template_variables":[{"default":"aws","prefix":"host","name":"var_1"},{"default":"autoscaling","prefix":"service_name","name":"var_2"}],"is_read_only":true,"id":"zy3-43t-a6x","title":"tf-TestAccDatadogDashboardLayoutForceNew-local-1607350502","url":"/dashboard/zy3-43t-a6x/tf-testaccdatadogdashboardlayoutforcenew-local-1607350502","created_at":"2020-12-07T14:15:20.327246+00:00","modified_at":"2020-12-07T14:15:20.327246+00:00","author_handle":"frog@datadoghq.com","widgets":[{"definition":{"alert_id":"895605","title":"Widget
      Title","type":"alert_graph","viz_type":"timeseries","time":{"live_span":"1h"}},"id":3062722593411806}],"layout_type":"ordered"}'
    headers:
      Cache-Control:
      - no-cache
      Connection:
      - keep-alive
      Content-Security-Policy:
      - frame-ancestors 'self'; report-uri https://api.datadoghq.com/csp-report
      Content-Type:
      - application/json
      Date:
      - Mon, 07 Dec 2020 14:15:29 GMT
      Dd-Pool:
      - dogweb
      Pragma:
      - no-cache
      Set-Cookie:
      - DD-PSHARD=233; Max-Age=604800; Path=/; expires=Mon, 14-Dec-2020 14:15:29 GMT;
        secure; HttpOnly
      Strict-Transport-Security:
      - max-age=15724800;
      Vary:
      - Accept-Encoding
      X-Content-Type-Options:
      - nosniff
      X-Dd-Debug:
      - 5Cj6NNcncFcQ6G9NKti+kar8gWVql7fBvPeJG7XhNnPs269m3W9o1I+JeGPUiuK3
      X-Dd-Version:
      - "35.3489274"
      X-Frame-Options:
      - SAMEORIGIN
    status: 200 OK
    code: 200
    duration: ""
- request:
    body: ""
    form: {}
    headers:
      Accept:
      - application/json
      Dd-Operation-Id:
      - GetDashboard
      User-Agent:
      - terraform-provider-datadog/dev (terraform 1.15.0; terraform-cli 0.12.7-sdk)
        datadog-api-client-go/1.0.0-beta.11 (go go1.15.4; os darwin; arch amd64)
      X-Datadog-Parent-Id:
      - "664223317668234733"
      X-Datadog-Sampling-Priority:
      - "1"
      X-Datadog-Trace-Id:
      - "3157521384868134745"
    url: https://api.datadoghq.com/api/v1/dashboard/zy3-43t-a6x
    method: GET
  response:
    body: '{"notify_list":[],"description":"Created using the Datadog provider in
      Terraform","author_name":null,"template_variable_presets":[{"template_variables":[{"name":"var_1","value":"var_1_value"},{"name":"var_2","value":"var_2_value"}],"name":"preset_1"},{"template_variables":[{"name":"var_1","value":"var_1_value"}],"name":"preset_2"}],"template_variables":[{"default":"aws","prefix":"host","name":"var_1"},{"default":"autoscaling","prefix":"service_name","name":"var_2"}],"is_read_only":true,"id":"zy3-43t-a6x","title":"tf-TestAccDatadogDashboardLayoutForceNew-local-1607350502","url":"/dashboard/zy3-43t-a6x/tf-testaccdatadogdashboardlayoutforcenew-local-1607350502","created_at":"2020-12-07T14:15:20.327246+00:00","modified_at":"2020-12-07T14:15:20.327246+00:00","author_handle":"frog@datadoghq.com","widgets":[{"definition":{"alert_id":"895605","title":"Widget
      Title","type":"alert_graph","viz_type":"timeseries","time":{"live_span":"1h"}},"id":3062722593411806}],"layout_type":"ordered"}'
    headers:
      Cache-Control:
      - no-cache
      Connection:
      - keep-alive
      Content-Security-Policy:
      - frame-ancestors 'self'; report-uri https://api.datadoghq.com/csp-report
      Content-Type:
      - application/json
      Date:
      - Mon, 07 Dec 2020 14:15:29 GMT
      Dd-Pool:
      - dogweb
      Pragma:
      - no-cache
      Set-Cookie:
      - DD-PSHARD=233; Max-Age=604800; Path=/; expires=Mon, 14-Dec-2020 14:15:29 GMT;
        secure; HttpOnly
      Strict-Transport-Security:
      - max-age=15724800;
      Vary:
      - Accept-Encoding
      X-Content-Type-Options:
      - nosniff
      X-Dd-Debug:
      - lqMB0JFM99VhRtxXIpWUr9JgjDFKxnlkUv1nxFsIcQfFO0NMuI7D2Hh8tiSgYzCo
      X-Dd-Version:
      - "35.3489274"
      X-Frame-Options:
      - SAMEORIGIN
    status: 200 OK
    code: 200
    duration: ""
- request:
    body: ""
    form: {}
    headers:
      Accept:
      - application/json
      Dd-Operation-Id:
      - DeleteDashboard
      User-Agent:
      - terraform-provider-datadog/dev (terraform 1.15.0; terraform-cli 0.12.7-sdk)
        datadog-api-client-go/1.0.0-beta.11 (go go1.15.4; os darwin; arch amd64)
      X-Datadog-Parent-Id:
      - "6864982892059661627"
      X-Datadog-Sampling-Priority:
      - "1"
      X-Datadog-Trace-Id:
      - "3157521384868134745"
    url: https://api.datadoghq.com/api/v1/dashboard/zy3-43t-a6x
    method: DELETE
  response:
    body: '{"deleted_dashboard_id":"zy3-43t-a6x"}'
    headers:
      Cache-Control:
      - no-cache
      Connection:
      - keep-alive
      Content-Security-Policy:
      - frame-ancestors 'self'; report-uri https://api.datadoghq.com/csp-report
      Content-Type:
      - application/json
      Date:
      - Mon, 07 Dec 2020 14:15:31 GMT
      Dd-Pool:
      - dogweb
      Pragma:
      - no-cache
      Set-Cookie:
      - DD-PSHARD=233; Max-Age=604800; Path=/; expires=Mon, 14-Dec-2020 14:15:31 GMT;
        secure; HttpOnly
      Strict-Transport-Security:
      - max-age=15724800;
      Vary:
      - Accept-Encoding
      X-Content-Type-Options:
      - nosniff
      X-Dd-Debug:
      - FHfHzbfIddsg0sQ7IeNBOxLqb5wz+d6n32kEDCDFZtJpoagPnr4KgZnA3JebHBTT
      X-Dd-Version:
      - "35.3489274"
      X-Frame-Options:
      - SAMEORIGIN
    status: 200 OK
    code: 200
    duration: ""
- request:
    body: ""
    form: {}
    headers:
      Accept:
      - application/json
      Dd-Operation-Id:
      - GetDashboard
      User-Agent:
      - terraform-provider-datadog/dev (terraform 1.15.0; terraform-cli 0.12.7-sdk)
        datadog-api-client-go/1.0.0-beta.11 (go go1.15.4; os darwin; arch amd64)
      X-Datadog-Parent-Id:
      - "4191609285543505470"
      X-Datadog-Sampling-Priority:
      - "1"
      X-Datadog-Trace-Id:
      - "3157521384868134745"
    url: https://api.datadoghq.com/api/v1/dashboard/zy3-43t-a6x
    method: GET
  response:
    body: '{"errors": ["Dashboard with ID zy3-43t-a6x not found"]}'
    headers:
      Cache-Control:
      - no-cache
      Connection:
      - keep-alive
      Content-Security-Policy:
      - frame-ancestors 'self'; report-uri https://api.datadoghq.com/csp-report
      Content-Type:
      - application/json
      Date:
      - Mon, 07 Dec 2020 14:15:31 GMT
      Dd-Pool:
      - dogweb
      Pragma:
      - no-cache
      Strict-Transport-Security:
      - max-age=15724800;
      Vary:
      - Accept-Encoding
      X-Content-Type-Options:
      - nosniff
      X-Dd-Version:
      - "35.3489274"
      X-Frame-Options:
      - SAMEORIGIN
    status: 404 Not Found
    code: 404
    duration: ""
