---
version: 1
interactions:
- request:
    body: |
      {"description":"Created using the Datadog provider in Terraform","id":"","is_read_only":true,"layout_type":"free","notify_list":[],"template_variable_presets":[],"template_variables":[],"title":"tf-TestAccDatadogDashboardFreeText_import-local-1602487053","widgets":[{"definition":{"color":"#eb364b","font_size":"56","text":"Free Text","text_align":"left","type":"free_text"},"layout":{"height":43,"width":32,"x":5,"y":5}}]}
    form: {}
    headers:
      Accept:
      - application/json
      Content-Type:
      - application/json
      Dd-Operation-Id:
      - CreateDashboard
      User-Agent:
      - terraform-provider-datadog/dev (terraform 1.15.0; terraform-cli 0.12.7-sdk)
        datadog-api-client-go/1.0.0-beta.9+dev (go go1.15.2; os darwin; arch amd64)
      X-Datadog-Parent-Id:
      - "3240995658352022727"
      X-Datadog-Sampling-Priority:
      - "1"
      X-Datadog-Trace-Id:
      - "4759987439042005117"
    url: https://api.datadoghq.com/api/v1/dashboard
    method: POST
  response:
    body: '{"notify_list":[],"description":"Created using the Datadog provider in
      Terraform","author_name":null,"template_variable_presets":[],"template_variables":[],"is_read_only":true,"id":"crw-cy3-fw8","title":"tf-TestAccDatadogDashboardFreeText_import-local-1602487053","url":"/dashboard/crw-cy3-fw8/tf-testaccdatadogdashboardfreetextimport-local-1602487053","created_at":"2020-10-12T07:21:45.248959+00:00","modified_at":"2020-10-12T07:21:45.248959+00:00","author_handle":"frog@datadoghq.com","widgets":[{"definition":{"color":"#eb364b","text":"Free
      Text","font_size":"56","text_align":"left","type":"free_text"},"layout":{"y":5,"width":32,"x":5,"height":43},"id":2721262246169339}],"layout_type":"free"}'
    headers:
      Cache-Control:
      - no-cache
      Connection:
      - keep-alive
      Content-Security-Policy:
      - frame-ancestors 'self'; report-uri https://api.datadoghq.com/csp-report
      Content-Type:
      - application/json
      Date:
      - Mon, 12 Oct 2020 07:21:45 GMT
      Dd-Pool:
      - dogweb
      Pragma:
      - no-cache
      Set-Cookie:
      - DD-PSHARD=233; Max-Age=604800; Path=/; expires=Mon, 19-Oct-2020 07:21:45 GMT;
        secure; HttpOnly
      Strict-Transport-Security:
      - max-age=15724800;
      Vary:
      - Accept-Encoding
      X-Content-Type-Options:
      - nosniff
      X-Dd-Debug:
      - sY27RT2rAVs9Imt5xTmPKBmhAzxpa7AQtTrw7L5i9IuvHhhrKb0AIwGzO934kbtj
      X-Dd-Version:
      - "35.3178388"
      X-Frame-Options:
      - SAMEORIGIN
    status: 200 OK
    code: 200
    duration: ""
- request:
    body: ""
    form: {}
    headers:
      Accept:
      - application/json
      Dd-Operation-Id:
      - GetDashboard
      User-Agent:
      - terraform-provider-datadog/dev (terraform 1.15.0; terraform-cli 0.12.7-sdk)
        datadog-api-client-go/1.0.0-beta.9+dev (go go1.15.2; os darwin; arch amd64)
      X-Datadog-Parent-Id:
      - "7100973274196753226"
      X-Datadog-Sampling-Priority:
      - "1"
      X-Datadog-Trace-Id:
      - "4759987439042005117"
    url: https://api.datadoghq.com/api/v1/dashboard/crw-cy3-fw8
    method: GET
  response:
    body: '{"notify_list":[],"description":"Created using the Datadog provider in
      Terraform","author_name":null,"template_variable_presets":[],"template_variables":[],"is_read_only":true,"id":"crw-cy3-fw8","title":"tf-TestAccDatadogDashboardFreeText_import-local-1602487053","url":"/dashboard/crw-cy3-fw8/tf-testaccdatadogdashboardfreetextimport-local-1602487053","created_at":"2020-10-12T07:21:45.248959+00:00","modified_at":"2020-10-12T07:21:45.248959+00:00","author_handle":"frog@datadoghq.com","widgets":[{"definition":{"color":"#eb364b","text":"Free
      Text","font_size":"56","text_align":"left","type":"free_text"},"layout":{"y":5,"width":32,"x":5,"height":43},"id":2721262246169339}],"layout_type":"free"}'
    headers:
      Cache-Control:
      - no-cache
      Connection:
      - keep-alive
      Content-Security-Policy:
      - frame-ancestors 'self'; report-uri https://api.datadoghq.com/csp-report
      Content-Type:
      - application/json
      Date:
      - Mon, 12 Oct 2020 07:21:45 GMT
      Dd-Pool:
      - dogweb
      Pragma:
      - no-cache
      Set-Cookie:
      - DD-PSHARD=233; Max-Age=604800; Path=/; expires=Mon, 19-Oct-2020 07:21:45 GMT;
        secure; HttpOnly
      Strict-Transport-Security:
      - max-age=15724800;
      Vary:
      - Accept-Encoding
      X-Content-Type-Options:
      - nosniff
      X-Dd-Debug:
      - I0yEH4xFhLuk+yM2GIR/dtCF29+DEBKb58kq6TOpApqsa53yIh0t7lSVmFnrgEx+
      X-Dd-Version:
      - "35.3178388"
      X-Frame-Options:
      - SAMEORIGIN
    status: 200 OK
    code: 200
    duration: ""
- request:
    body: ""
    form: {}
    headers:
      Accept:
      - application/json
      Dd-Operation-Id:
      - GetDashboard
      User-Agent:
      - terraform-provider-datadog/dev (terraform 1.15.0; terraform-cli 0.12.7-sdk)
        datadog-api-client-go/1.0.0-beta.9+dev (go go1.15.2; os darwin; arch amd64)
      X-Datadog-Parent-Id:
      - "2610422788336390885"
      X-Datadog-Sampling-Priority:
      - "1"
      X-Datadog-Trace-Id:
      - "4759987439042005117"
    url: https://api.datadoghq.com/api/v1/dashboard/crw-cy3-fw8
    method: GET
  response:
    body: '{"notify_list":[],"description":"Created using the Datadog provider in
      Terraform","author_name":null,"template_variable_presets":[],"template_variables":[],"is_read_only":true,"id":"crw-cy3-fw8","title":"tf-TestAccDatadogDashboardFreeText_import-local-1602487053","url":"/dashboard/crw-cy3-fw8/tf-testaccdatadogdashboardfreetextimport-local-1602487053","created_at":"2020-10-12T07:21:45.248959+00:00","modified_at":"2020-10-12T07:21:45.248959+00:00","author_handle":"frog@datadoghq.com","widgets":[{"definition":{"color":"#eb364b","text":"Free
      Text","font_size":"56","text_align":"left","type":"free_text"},"layout":{"y":5,"width":32,"x":5,"height":43},"id":2721262246169339}],"layout_type":"free"}'
    headers:
      Cache-Control:
      - no-cache
      Connection:
      - keep-alive
      Content-Security-Policy:
      - frame-ancestors 'self'; report-uri https://api.datadoghq.com/csp-report
      Content-Type:
      - application/json
      Date:
      - Mon, 12 Oct 2020 07:21:51 GMT
      Dd-Pool:
      - dogweb
      Pragma:
      - no-cache
      Set-Cookie:
      - DD-PSHARD=233; Max-Age=604800; Path=/; expires=Mon, 19-Oct-2020 07:21:51 GMT;
        secure; HttpOnly
      Strict-Transport-Security:
      - max-age=15724800;
      Vary:
      - Accept-Encoding
      X-Content-Type-Options:
      - nosniff
      X-Dd-Debug:
      - UiHAIpiIPiMTUiGNeR+rZVnFnmJkUm64kqWBQawJNSrsYAeselUV6xrARY3WHwv4
      X-Dd-Version:
      - "35.3178388"
      X-Frame-Options:
      - SAMEORIGIN
    status: 200 OK
    code: 200
    duration: ""
- request:
    body: ""
    form: {}
    headers:
      Accept:
      - application/json
      Dd-Operation-Id:
      - GetDashboard
      User-Agent:
      - terraform-provider-datadog/dev (terraform 1.15.0; terraform-cli 0.12.7-sdk)
        datadog-api-client-go/1.0.0-beta.9+dev (go go1.15.2; os darwin; arch amd64)
      X-Datadog-Parent-Id:
      - "8791426832659008206"
      X-Datadog-Sampling-Priority:
      - "1"
      X-Datadog-Trace-Id:
      - "4759987439042005117"
    url: https://api.datadoghq.com/api/v1/dashboard/crw-cy3-fw8
    method: GET
  response:
    body: '{"notify_list":[],"description":"Created using the Datadog provider in
      Terraform","author_name":null,"template_variable_presets":[],"template_variables":[],"is_read_only":true,"id":"crw-cy3-fw8","title":"tf-TestAccDatadogDashboardFreeText_import-local-1602487053","url":"/dashboard/crw-cy3-fw8/tf-testaccdatadogdashboardfreetextimport-local-1602487053","created_at":"2020-10-12T07:21:45.248959+00:00","modified_at":"2020-10-12T07:21:45.248959+00:00","author_handle":"frog@datadoghq.com","widgets":[{"definition":{"color":"#eb364b","text":"Free
      Text","font_size":"56","text_align":"left","type":"free_text"},"layout":{"y":5,"width":32,"x":5,"height":43},"id":2721262246169339}],"layout_type":"free"}'
    headers:
      Cache-Control:
      - no-cache
      Connection:
      - keep-alive
      Content-Security-Policy:
      - frame-ancestors 'self'; report-uri https://api.datadoghq.com/csp-report
      Content-Type:
      - application/json
      Date:
      - Mon, 12 Oct 2020 07:21:51 GMT
      Dd-Pool:
      - dogweb
      Pragma:
      - no-cache
      Set-Cookie:
      - DD-PSHARD=233; Max-Age=604800; Path=/; expires=Mon, 19-Oct-2020 07:21:51 GMT;
        secure; HttpOnly
      Strict-Transport-Security:
      - max-age=15724800;
      Vary:
      - Accept-Encoding
      X-Content-Type-Options:
      - nosniff
      X-Dd-Debug:
      - UPwGSEkEo+aTtV9/qlvsM9xVIKq1xypRG0bv22kO1eeJfu8bY+H+f1xOa3JlvZhZ
      X-Dd-Version:
      - "35.3178388"
      X-Frame-Options:
      - SAMEORIGIN
    status: 200 OK
    code: 200
    duration: ""
- request:
    body: ""
    form: {}
    headers:
      Accept:
      - application/json
      Dd-Operation-Id:
      - GetDashboard
      User-Agent:
      - terraform-provider-datadog/dev (terraform 1.15.0; terraform-cli 0.12.7-sdk)
        datadog-api-client-go/1.0.0-beta.9+dev (go go1.15.2; os darwin; arch amd64)
      X-Datadog-Parent-Id:
      - "8837650310688276009"
      X-Datadog-Sampling-Priority:
      - "1"
      X-Datadog-Trace-Id:
      - "4759987439042005117"
    url: https://api.datadoghq.com/api/v1/dashboard/crw-cy3-fw8
    method: GET
  response:
    body: '{"notify_list":[],"description":"Created using the Datadog provider in
      Terraform","author_name":null,"template_variable_presets":[],"template_variables":[],"is_read_only":true,"id":"crw-cy3-fw8","title":"tf-TestAccDatadogDashboardFreeText_import-local-1602487053","url":"/dashboard/crw-cy3-fw8/tf-testaccdatadogdashboardfreetextimport-local-1602487053","created_at":"2020-10-12T07:21:45.248959+00:00","modified_at":"2020-10-12T07:21:45.248959+00:00","author_handle":"frog@datadoghq.com","widgets":[{"definition":{"color":"#eb364b","text":"Free
      Text","font_size":"56","text_align":"left","type":"free_text"},"layout":{"y":5,"width":32,"x":5,"height":43},"id":2721262246169339}],"layout_type":"free"}'
    headers:
      Cache-Control:
      - no-cache
      Connection:
      - keep-alive
      Content-Security-Policy:
      - frame-ancestors 'self'; report-uri https://api.datadoghq.com/csp-report
      Content-Type:
      - application/json
      Date:
      - Mon, 12 Oct 2020 07:21:53 GMT
      Dd-Pool:
      - dogweb
      Pragma:
      - no-cache
      Set-Cookie:
      - DD-PSHARD=233; Max-Age=604800; Path=/; expires=Mon, 19-Oct-2020 07:21:53 GMT;
        secure; HttpOnly
      Strict-Transport-Security:
      - max-age=15724800;
      Vary:
      - Accept-Encoding
      X-Content-Type-Options:
      - nosniff
      X-Dd-Debug:
      - 0dpwUqkfQHWkgXeMRxMzd53GmXFItYtBrsUmywck00fH892lNzaBVoL155iIFepa
      X-Dd-Version:
      - "35.3178388"
      X-Frame-Options:
      - SAMEORIGIN
    status: 200 OK
    code: 200
    duration: ""
- request:
    body: ""
    form: {}
    headers:
      Accept:
      - application/json
      Dd-Operation-Id:
      - GetDashboard
      User-Agent:
      - terraform-provider-datadog/dev (terraform 1.15.0; terraform-cli 0.12.7-sdk)
        datadog-api-client-go/1.0.0-beta.9+dev (go go1.15.2; os darwin; arch amd64)
      X-Datadog-Parent-Id:
      - "1338489877421696129"
      X-Datadog-Sampling-Priority:
      - "1"
      X-Datadog-Trace-Id:
      - "4759987439042005117"
    url: https://api.datadoghq.com/api/v1/dashboard/crw-cy3-fw8
    method: GET
  response:
    body: '{"notify_list":[],"description":"Created using the Datadog provider in
      Terraform","author_name":null,"template_variable_presets":[],"template_variables":[],"is_read_only":true,"id":"crw-cy3-fw8","title":"tf-TestAccDatadogDashboardFreeText_import-local-1602487053","url":"/dashboard/crw-cy3-fw8/tf-testaccdatadogdashboardfreetextimport-local-1602487053","created_at":"2020-10-12T07:21:45.248959+00:00","modified_at":"2020-10-12T07:21:45.248959+00:00","author_handle":"frog@datadoghq.com","widgets":[{"definition":{"color":"#eb364b","text":"Free
      Text","font_size":"56","text_align":"left","type":"free_text"},"layout":{"y":5,"width":32,"x":5,"height":43},"id":2721262246169339}],"layout_type":"free"}'
    headers:
      Cache-Control:
      - no-cache
      Connection:
      - keep-alive
      Content-Security-Policy:
      - frame-ancestors 'self'; report-uri https://api.datadoghq.com/csp-report
      Content-Type:
      - application/json
      Date:
      - Mon, 12 Oct 2020 07:21:54 GMT
      Dd-Pool:
      - dogweb
      Pragma:
      - no-cache
      Set-Cookie:
      - DD-PSHARD=233; Max-Age=604800; Path=/; expires=Mon, 19-Oct-2020 07:21:54 GMT;
        secure; HttpOnly
      Strict-Transport-Security:
      - max-age=15724800;
      Vary:
      - Accept-Encoding
      X-Content-Type-Options:
      - nosniff
      X-Dd-Debug:
      - AqBVHmyy+L9zrCUEAQ2Jd2pwskksgC+7nOsWqbNjcjcM+9M/ChipUo2OR6Q8oPwE
      X-Dd-Version:
      - "35.3178388"
      X-Frame-Options:
      - SAMEORIGIN
    status: 200 OK
    code: 200
    duration: ""
- request:
    body: ""
    form: {}
    headers:
      Accept:
      - application/json
      Dd-Operation-Id:
      - GetDashboard
      User-Agent:
      - terraform-provider-datadog/dev (terraform 1.15.0; terraform-cli 0.12.7-sdk)
        datadog-api-client-go/1.0.0-beta.9+dev (go go1.15.2; os darwin; arch amd64)
      X-Datadog-Parent-Id:
      - "308058412400215217"
      X-Datadog-Sampling-Priority:
      - "1"
      X-Datadog-Trace-Id:
      - "4759987439042005117"
    url: https://api.datadoghq.com/api/v1/dashboard/crw-cy3-fw8
    method: GET
  response:
    body: '{"notify_list":[],"description":"Created using the Datadog provider in
      Terraform","author_name":null,"template_variable_presets":[],"template_variables":[],"is_read_only":true,"id":"crw-cy3-fw8","title":"tf-TestAccDatadogDashboardFreeText_import-local-1602487053","url":"/dashboard/crw-cy3-fw8/tf-testaccdatadogdashboardfreetextimport-local-1602487053","created_at":"2020-10-12T07:21:45.248959+00:00","modified_at":"2020-10-12T07:21:45.248959+00:00","author_handle":"frog@datadoghq.com","widgets":[{"definition":{"color":"#eb364b","text":"Free
      Text","font_size":"56","text_align":"left","type":"free_text"},"layout":{"y":5,"width":32,"x":5,"height":43},"id":2721262246169339}],"layout_type":"free"}'
    headers:
      Cache-Control:
      - no-cache
      Connection:
      - keep-alive
      Content-Security-Policy:
      - frame-ancestors 'self'; report-uri https://api.datadoghq.com/csp-report
      Content-Type:
      - application/json
      Date:
      - Mon, 12 Oct 2020 07:21:54 GMT
      Dd-Pool:
      - dogweb
      Pragma:
      - no-cache
      Set-Cookie:
      - DD-PSHARD=233; Max-Age=604800; Path=/; expires=Mon, 19-Oct-2020 07:21:54 GMT;
        secure; HttpOnly
      Strict-Transport-Security:
      - max-age=15724800;
      Vary:
      - Accept-Encoding
      X-Content-Type-Options:
      - nosniff
      X-Dd-Debug:
      - bCBSaf0t3cWhIJuGOGz9PtbBY7MrMPu1HpZVAposegdxNlFMe/qHi/UbtNAIVmzS
      X-Dd-Version:
      - "35.3178388"
      X-Frame-Options:
      - SAMEORIGIN
    status: 200 OK
    code: 200
    duration: ""
- request:
    body: ""
    form: {}
    headers:
      Accept:
      - application/json
      Dd-Operation-Id:
      - GetDashboard
      User-Agent:
      - terraform-provider-datadog/dev (terraform 1.15.0; terraform-cli 0.12.7-sdk)
        datadog-api-client-go/1.0.0-beta.9+dev (go go1.15.2; os darwin; arch amd64)
      X-Datadog-Parent-Id:
      - "5726319695771171202"
      X-Datadog-Sampling-Priority:
      - "1"
      X-Datadog-Trace-Id:
      - "4759987439042005117"
    url: https://api.datadoghq.com/api/v1/dashboard/crw-cy3-fw8
    method: GET
  response:
    body: '{"notify_list":[],"description":"Created using the Datadog provider in
      Terraform","author_name":null,"template_variable_presets":[],"template_variables":[],"is_read_only":true,"id":"crw-cy3-fw8","title":"tf-TestAccDatadogDashboardFreeText_import-local-1602487053","url":"/dashboard/crw-cy3-fw8/tf-testaccdatadogdashboardfreetextimport-local-1602487053","created_at":"2020-10-12T07:21:45.248959+00:00","modified_at":"2020-10-12T07:21:45.248959+00:00","author_handle":"frog@datadoghq.com","widgets":[{"definition":{"color":"#eb364b","text":"Free
      Text","font_size":"56","text_align":"left","type":"free_text"},"layout":{"y":5,"width":32,"x":5,"height":43},"id":2721262246169339}],"layout_type":"free"}'
    headers:
      Cache-Control:
      - no-cache
      Connection:
      - keep-alive
      Content-Security-Policy:
      - frame-ancestors 'self'; report-uri https://api.datadoghq.com/csp-report
      Content-Type:
      - application/json
      Date:
      - Mon, 12 Oct 2020 07:21:55 GMT
      Dd-Pool:
      - dogweb
      Pragma:
      - no-cache
      Set-Cookie:
      - DD-PSHARD=233; Max-Age=604800; Path=/; expires=Mon, 19-Oct-2020 07:21:55 GMT;
        secure; HttpOnly
      Strict-Transport-Security:
      - max-age=15724800;
      Vary:
      - Accept-Encoding
      X-Content-Type-Options:
      - nosniff
      X-Dd-Debug:
      - fOvn++WNyeGiJqGJ1RGVl2OtzlCSW+9FmhW07NDhLHuS9Ypy2JL89j65gnqIRQTf
      X-Dd-Version:
      - "35.3178388"
      X-Frame-Options:
      - SAMEORIGIN
    status: 200 OK
    code: 200
    duration: ""
- request:
    body: ""
    form: {}
    headers:
      Accept:
      - application/json
      Dd-Operation-Id:
      - GetDashboard
      User-Agent:
      - terraform-provider-datadog/dev (terraform 1.15.0; terraform-cli 0.12.7-sdk)
        datadog-api-client-go/1.0.0-beta.9+dev (go go1.15.2; os darwin; arch amd64)
      X-Datadog-Parent-Id:
      - "5825357629399133974"
      X-Datadog-Sampling-Priority:
      - "1"
      X-Datadog-Trace-Id:
      - "4759987439042005117"
    url: https://api.datadoghq.com/api/v1/dashboard/crw-cy3-fw8
    method: GET
  response:
    body: '{"notify_list":[],"description":"Created using the Datadog provider in
      Terraform","author_name":null,"template_variable_presets":[],"template_variables":[],"is_read_only":true,"id":"crw-cy3-fw8","title":"tf-TestAccDatadogDashboardFreeText_import-local-1602487053","url":"/dashboard/crw-cy3-fw8/tf-testaccdatadogdashboardfreetextimport-local-1602487053","created_at":"2020-10-12T07:21:45.248959+00:00","modified_at":"2020-10-12T07:21:45.248959+00:00","author_handle":"frog@datadoghq.com","widgets":[{"definition":{"color":"#eb364b","text":"Free
      Text","font_size":"56","text_align":"left","type":"free_text"},"layout":{"y":5,"width":32,"x":5,"height":43},"id":2721262246169339}],"layout_type":"free"}'
    headers:
      Cache-Control:
      - no-cache
      Connection:
      - keep-alive
      Content-Security-Policy:
      - frame-ancestors 'self'; report-uri https://api.datadoghq.com/csp-report
      Content-Type:
      - application/json
      Date:
      - Mon, 12 Oct 2020 07:21:55 GMT
      Dd-Pool:
      - dogweb
      Pragma:
      - no-cache
      Set-Cookie:
      - DD-PSHARD=233; Max-Age=604800; Path=/; expires=Mon, 19-Oct-2020 07:21:55 GMT;
        secure; HttpOnly
      Strict-Transport-Security:
      - max-age=15724800;
      Vary:
      - Accept-Encoding
      X-Content-Type-Options:
      - nosniff
      X-Dd-Debug:
      - LeIXOZ//FAgX4PAg4j6Bsh31EU8EFOlq+rcBJ6/UKozJVG3ekjClEE/+uYnXssRC
      X-Dd-Version:
      - "35.3178388"
      X-Frame-Options:
      - SAMEORIGIN
    status: 200 OK
    code: 200
    duration: ""
- request:
    body: ""
    form: {}
    headers:
      Accept:
      - application/json
      Dd-Operation-Id:
      - DeleteDashboard
      User-Agent:
      - terraform-provider-datadog/dev (terraform 1.15.0; terraform-cli 0.12.7-sdk)
        datadog-api-client-go/1.0.0-beta.9+dev (go go1.15.2; os darwin; arch amd64)
      X-Datadog-Parent-Id:
      - "552648217365411251"
      X-Datadog-Sampling-Priority:
      - "1"
      X-Datadog-Trace-Id:
      - "4759987439042005117"
    url: https://api.datadoghq.com/api/v1/dashboard/crw-cy3-fw8
    method: DELETE
  response:
    body: '{"deleted_dashboard_id":"crw-cy3-fw8"}'
    headers:
      Cache-Control:
      - no-cache
      Connection:
      - keep-alive
      Content-Security-Policy:
      - frame-ancestors 'self'; report-uri https://api.datadoghq.com/csp-report
      Content-Type:
      - application/json
      Date:
      - Mon, 12 Oct 2020 07:22:46 GMT
      Dd-Pool:
      - dogweb
      Pragma:
      - no-cache
      Set-Cookie:
      - DD-PSHARD=233; Max-Age=604800; Path=/; expires=Mon, 19-Oct-2020 07:21:57 GMT;
        secure; HttpOnly
      Strict-Transport-Security:
      - max-age=15724800;
      Vary:
      - Accept-Encoding
      X-Content-Type-Options:
      - nosniff
      X-Dd-Debug:
      - E8kYJH6Hb74I4gS4d8oTnZBbKR38RfM4isuhSW09hK2ARkJHcJxE0DNPxSd582jS
      X-Dd-Version:
      - "35.3178388"
      X-Frame-Options:
      - SAMEORIGIN
    status: 200 OK
    code: 200
    duration: ""
- request:
    body: ""
    form: {}
    headers:
      Accept:
      - application/json
      Dd-Operation-Id:
      - GetDashboard
      User-Agent:
      - terraform-provider-datadog/dev (terraform 1.15.0; terraform-cli 0.12.7-sdk)
        datadog-api-client-go/1.0.0-beta.9+dev (go go1.15.2; os darwin; arch amd64)
      X-Datadog-Parent-Id:
      - "5973858114795823160"
      X-Datadog-Sampling-Priority:
      - "1"
      X-Datadog-Trace-Id:
      - "4759987439042005117"
    url: https://api.datadoghq.com/api/v1/dashboard/crw-cy3-fw8
    method: GET
  response:
    body: '{"errors": ["Dashboard with ID crw-cy3-fw8 not found"]}'
    headers:
      Cache-Control:
      - no-cache
      Connection:
      - keep-alive
      Content-Security-Policy:
      - frame-ancestors 'self'; report-uri https://api.datadoghq.com/csp-report
      Content-Type:
      - application/json
      Date:
      - Mon, 12 Oct 2020 07:22:46 GMT
      Dd-Pool:
      - dogweb
      Pragma:
      - no-cache
      Strict-Transport-Security:
      - max-age=15724800;
      Vary:
      - Accept-Encoding
      X-Content-Type-Options:
      - nosniff
      X-Dd-Version:
      - "35.3178388"
      X-Frame-Options:
      - SAMEORIGIN
    status: 404 Not Found
    code: 404
    duration: ""
