---
version: 1
interactions:
- request:
    body: '{"end":1735765200,"message":"Example Datadog downtime message.","monitor_tags":["*"],"timezone":"UTC","scope":["host:NoRecurrence"],"start":1735707600}'
    form: {}
    headers:
      Content-Type:
      - application/json
      User-Agent:
      - Datadog/dev/terraform (go1.13)
    url: https://api.datadoghq.com/api/v1/downtime
    method: POST
  response:
    body: '{"recurrence":null,"end":1735765200,"monitor_tags":["*"],"canceled":null,"monitor_id":null,"org_id":321813,"disabled":false,"start":1735707600,"creator_id":1445416,"parent_id":null,"timezone":"UTC","active":false,"scope":["host:NoRecurrence"],"message":"Example
      Datadog downtime message.","downtime_type":1,"id":753093998,"updater_id":null}'
    headers:
      Cache-Control:
      - no-cache
      Connection:
      - keep-alive
      Content-Security-Policy:
      - frame-ancestors 'self'; report-uri https://api.datadoghq.com/csp-report
      Content-Type:
      - application/json; charset=utf-8
      Date:
      - Mon, 02 Mar 2020 19:15:37 GMT
      Dd-Pool:
      - dogweb
      Pragma:
      - no-cache
      Set-Cookie:
      - DD-PSHARD=233; Max-Age=604800; Path=/; expires=Mon, 09-Mar-2020 19:15:37 GMT;
        secure; HttpOnly
      Strict-Transport-Security:
      - max-age=15724800;
      Vary:
      - Accept-Encoding
      X-Content-Type-Options:
      - nosniff
      X-Dd-Debug:
      - F2g1vP9i37Cj4rH5vEufbSNzCmriMTDVzKKqVk/JOUesbIz8psR3R2945wO0PbTf
      X-Dd-Version:
      - "35.2232835"
      X-Frame-Options:
      - SAMEORIGIN
    status: 200 OK
    code: 200
    duration: ""
- request:
    body: ""
    form: {}
    headers:
      User-Agent:
      - Datadog/dev/terraform (go1.13)
    url: https://api.datadoghq.com/api/v1/downtime/753093998
    method: GET
  response:
    body: '{"recurrence":null,"end":1735765200,"monitor_tags":["*"],"canceled":null,"monitor_id":null,"org_id":321813,"disabled":false,"start":1735707600,"creator_id":1445416,"parent_id":null,"timezone":"UTC","active":false,"scope":["host:NoRecurrence"],"message":"Example
      Datadog downtime message.","downtime_type":1,"id":753093998,"updater_id":null}'
    headers:
      Cache-Control:
      - no-cache
      Connection:
      - keep-alive
      Content-Security-Policy:
      - frame-ancestors 'self'; report-uri https://api.datadoghq.com/csp-report
      Content-Type:
      - application/json; charset=utf-8
      Date:
      - Mon, 02 Mar 2020 19:15:37 GMT
      Dd-Pool:
      - dogweb
      Pragma:
      - no-cache
      Set-Cookie:
      - DD-PSHARD=233; Max-Age=604800; Path=/; expires=Mon, 09-Mar-2020 19:15:37 GMT;
        secure; HttpOnly
      Strict-Transport-Security:
      - max-age=15724800;
      Vary:
      - Accept-Encoding
      X-Content-Type-Options:
      - nosniff
      X-Dd-Debug:
      - 8jOW1djIgkdkj4STw+0pQ3G+kGKfu548DWINvnE6phacY0k9vgC3cU1LaI38XIYk
      X-Dd-Version:
      - "35.2232835"
      X-Frame-Options:
      - SAMEORIGIN
    status: 200 OK
    code: 200
    duration: ""
- request:
    body: ""
    form: {}
    headers:
      User-Agent:
      - Datadog/dev/terraform (go1.13)
    url: https://api.datadoghq.com/api/v1/downtime/753093998
    method: GET
  response:
    body: '{"recurrence":null,"end":1735765200,"monitor_tags":["*"],"canceled":null,"monitor_id":null,"org_id":321813,"disabled":false,"start":1735707600,"creator_id":1445416,"parent_id":null,"timezone":"UTC","active":false,"scope":["host:NoRecurrence"],"message":"Example
      Datadog downtime message.","downtime_type":1,"id":753093998,"updater_id":null}'
    headers:
      Cache-Control:
      - no-cache
      Connection:
      - keep-alive
      Content-Security-Policy:
      - frame-ancestors 'self'; report-uri https://api.datadoghq.com/csp-report
      Content-Type:
      - application/json; charset=utf-8
      Date:
      - Mon, 02 Mar 2020 19:15:37 GMT
      Dd-Pool:
      - dogweb
      Pragma:
      - no-cache
      Set-Cookie:
      - DD-PSHARD=233; Max-Age=604800; Path=/; expires=Mon, 09-Mar-2020 19:15:37 GMT;
        secure; HttpOnly
      Strict-Transport-Security:
      - max-age=15724800;
      Vary:
      - Accept-Encoding
      X-Content-Type-Options:
      - nosniff
      X-Dd-Debug:
      - OxP+mFpjAbASiVhNf+t4MttAs95ZlMiGosIRnYJJGFoApNgv2oxtdzpnmNlMOki6
      X-Dd-Version:
      - "35.2232835"
      X-Frame-Options:
      - SAMEORIGIN
    status: 200 OK
    code: 200
    duration: ""
- request:
    body: ""
    form: {}
    headers:
      User-Agent:
      - Datadog/dev/terraform (go1.13)
    url: https://api.datadoghq.com/api/v1/downtime/753093998
    method: GET
  response:
    body: '{"recurrence":null,"end":1735765200,"monitor_tags":["*"],"canceled":null,"monitor_id":null,"org_id":321813,"disabled":false,"start":1735707600,"creator_id":1445416,"parent_id":null,"timezone":"UTC","active":false,"scope":["host:NoRecurrence"],"message":"Example
      Datadog downtime message.","downtime_type":1,"id":753093998,"updater_id":null}'
    headers:
      Cache-Control:
      - no-cache
      Connection:
      - keep-alive
      Content-Security-Policy:
      - frame-ancestors 'self'; report-uri https://api.datadoghq.com/csp-report
      Content-Type:
      - application/json; charset=utf-8
      Date:
      - Mon, 02 Mar 2020 19:15:37 GMT
      Dd-Pool:
      - dogweb
      Pragma:
      - no-cache
      Set-Cookie:
      - DD-PSHARD=233; Max-Age=604800; Path=/; expires=Mon, 09-Mar-2020 19:15:37 GMT;
        secure; HttpOnly
      Strict-Transport-Security:
      - max-age=15724800;
      Vary:
      - Accept-Encoding
      X-Content-Type-Options:
      - nosniff
      X-Dd-Debug:
      - DNJM9d0LaQZJbuEjasKEmgCwDoiLnJW9mPQJm+yWIlQRbFhX4Vzx4uuDCt38dWhb
      X-Dd-Version:
      - "35.2232835"
      X-Frame-Options:
      - SAMEORIGIN
    status: 200 OK
    code: 200
    duration: ""
- request:
    body: ""
    form: {}
    headers:
      User-Agent:
      - Datadog/dev/terraform (go1.13)
    url: https://api.datadoghq.com/api/v1/downtime/753093998
    method: GET
  response:
    body: '{"recurrence":null,"end":1735765200,"monitor_tags":["*"],"canceled":null,"monitor_id":null,"org_id":321813,"disabled":false,"start":1735707600,"creator_id":1445416,"parent_id":null,"timezone":"UTC","active":false,"scope":["host:NoRecurrence"],"message":"Example
      Datadog downtime message.","downtime_type":1,"id":753093998,"updater_id":null}'
    headers:
      Cache-Control:
      - no-cache
      Connection:
      - keep-alive
      Content-Security-Policy:
      - frame-ancestors 'self'; report-uri https://api.datadoghq.com/csp-report
      Content-Type:
      - application/json; charset=utf-8
      Date:
      - Mon, 02 Mar 2020 19:15:37 GMT
      Dd-Pool:
      - dogweb
      Pragma:
      - no-cache
      Set-Cookie:
      - DD-PSHARD=233; Max-Age=604800; Path=/; expires=Mon, 09-Mar-2020 19:15:37 GMT;
        secure; HttpOnly
      Strict-Transport-Security:
      - max-age=15724800;
      Vary:
      - Accept-Encoding
      X-Content-Type-Options:
      - nosniff
      X-Dd-Debug:
      - nSRgqrrNNmPPT6VSGZq0R9QdtdJF1qxzho2//eboP+tsIQDRgfSx3bSVb1t6QyYb
      X-Dd-Version:
      - "35.2232835"
      X-Frame-Options:
      - SAMEORIGIN
    status: 200 OK
    code: 200
    duration: ""
- request:
    body: ""
    form: {}
    headers:
      User-Agent:
      - Datadog/dev/terraform (go1.13)
    url: https://api.datadoghq.com/api/v1/downtime/753093998
    method: GET
  response:
    body: '{"recurrence":null,"end":1735765200,"monitor_tags":["*"],"canceled":null,"monitor_id":null,"org_id":321813,"disabled":false,"start":1735707600,"creator_id":1445416,"parent_id":null,"timezone":"UTC","active":false,"scope":["host:NoRecurrence"],"message":"Example
      Datadog downtime message.","downtime_type":1,"id":753093998,"updater_id":null}'
    headers:
      Cache-Control:
      - no-cache
      Connection:
      - keep-alive
      Content-Security-Policy:
      - frame-ancestors 'self'; report-uri https://api.datadoghq.com/csp-report
      Content-Type:
      - application/json; charset=utf-8
      Date:
      - Mon, 02 Mar 2020 19:15:38 GMT
      Dd-Pool:
      - dogweb
      Pragma:
      - no-cache
      Set-Cookie:
      - DD-PSHARD=233; Max-Age=604800; Path=/; expires=Mon, 09-Mar-2020 19:15:38 GMT;
        secure; HttpOnly
      Strict-Transport-Security:
      - max-age=15724800;
      Vary:
      - Accept-Encoding
      X-Content-Type-Options:
      - nosniff
      X-Dd-Debug:
      - i90G6k4M6qI4UypyvMoczcO5m+jatiEQSMeHpdjycp0h4nWxRpKUHr6efynkbQs+
      X-Dd-Version:
      - "35.2232835"
      X-Frame-Options:
      - SAMEORIGIN
    status: 200 OK
    code: 200
    duration: ""
- request:
    body: ""
    form: {}
    headers:
      User-Agent:
      - Datadog/dev/terraform (go1.13)
    url: https://api.datadoghq.com/api/v1/downtime/753093998
    method: DELETE
  response:
    body: ""
    headers:
      Cache-Control:
      - no-cache
      Connection:
      - keep-alive
      Content-Length:
      - "0"
      Content-Security-Policy:
      - frame-ancestors 'self'; report-uri https://api.datadoghq.com/csp-report
      Content-Type:
      - text/html; charset=utf-8
      Date:
      - Mon, 02 Mar 2020 19:15:38 GMT
      Dd-Pool:
      - dogweb
      Pragma:
      - no-cache
      Set-Cookie:
      - DD-PSHARD=233; Max-Age=604800; Path=/; expires=Mon, 09-Mar-2020 19:15:38 GMT;
        secure; HttpOnly
      Strict-Transport-Security:
      - max-age=15724800;
      X-Content-Type-Options:
      - nosniff
      X-Dd-Debug:
      - JbIYRXbRMsAVaKGy+d2H1ud8Z295ghodOPi6eELPzhmBKrZI3+dlseyrUY1cqOAd
      X-Dd-Version:
      - "35.2232835"
      X-Frame-Options:
      - SAMEORIGIN
    status: 204 No Content
    code: 204
    duration: ""
- request:
    body: ""
    form: {}
    headers:
      User-Agent:
      - Datadog/dev/terraform (go1.13)
    url: https://api.datadoghq.com/api/v1/downtime/753093998
    method: GET
  response:
    body: '{"recurrence":null,"end":1735765200,"monitor_tags":["*"],"canceled":1583176538,"monitor_id":null,"org_id":321813,"disabled":true,"start":1735707600,"creator_id":1445416,"parent_id":null,"timezone":"UTC","active":false,"scope":["host:NoRecurrence"],"message":"Example
      Datadog downtime message.","downtime_type":1,"id":753093998,"updater_id":1445416}'
    headers:
      Cache-Control:
      - no-cache
      Connection:
      - keep-alive
      Content-Security-Policy:
      - frame-ancestors 'self'; report-uri https://api.datadoghq.com/csp-report
      Content-Type:
      - application/json; charset=utf-8
      Date:
      - Mon, 02 Mar 2020 19:15:38 GMT
      Dd-Pool:
      - dogweb
      Pragma:
      - no-cache
      Set-Cookie:
      - DD-PSHARD=233; Max-Age=604800; Path=/; expires=Mon, 09-Mar-2020 19:15:38 GMT;
        secure; HttpOnly
      Strict-Transport-Security:
      - max-age=15724800;
      Vary:
      - Accept-Encoding
      X-Content-Type-Options:
      - nosniff
      X-Dd-Debug:
      - PmDXJXCpOnq24qtagNCLPTUoILSRgi3DGaXUca70kUEAM8DZBLYkwSVilYSYEHCG
      X-Dd-Version:
      - "35.2232835"
      X-Frame-Options:
      - SAMEORIGIN
    status: 200 OK
    code: 200
    duration: ""
