---
version: 1
interactions:
- request:
    body: |
      {"description":"Created using the Datadog provider in Terraform","id":"","is_read_only":true,"layout_type":"free","notify_list":[],"template_variable_presets":[],"template_variables":[],"title":"tf-TestAccDatadogDashboardImage_import-local-1596529552","widgets":[{"definition":{"margin":"small","sizing":"fit","type":"image","url":"https://i.picsum.photos/id/826/200/300.jpg"},"layout":{"height":43,"width":32,"x":5,"y":5}}]}
    form: {}
    headers:
      Accept:
      - application/json
      Content-Type:
      - application/json
      Dd-Operation-Id:
      - CreateDashboard
      User-Agent:
      - terraform-provider-datadog/dev (terraform 1.10.0; terraform-cli ) datadog-api-client-go/1.0.0-beta.8+dev
        (go go1.14.4; os darwin; arch amd64)
      X-Datadog-Parent-Id:
      - "5865712841313555851"
      X-Datadog-Sampling-Priority:
      - "1"
      X-Datadog-Trace-Id:
      - "1455000005303817322"
    url: https://api.datadoghq.com/api/v1/dashboard
    method: POST
  response:
    body: '{"notify_list":[],"description":"Created using the Datadog provider in
      Terraform","author_name":"Slavek Kabrda","template_variable_presets":[],"template_variables":[],"is_read_only":true,"id":"64u-si3-xdj","title":"tf-TestAccDatadogDashboardImage_import-local-1596529552","url":"/dashboard/64u-si3-xdj/tf-testaccdatadogdashboardimageimport-local-1596529552","created_at":"2020-08-04T08:26:02.040590+00:00","modified_at":"2020-08-04T08:26:02.040590+00:00","author_handle":"slavek.kabrda@datadoghq.com","widgets":[{"definition":{"sizing":"fit","type":"image","margin":"small","url":"https://i.picsum.photos/id/826/200/300.jpg"},"layout":{"y":5,"width":32,"x":5,"height":43},"id":38772835958749}],"layout_type":"free"}'
    headers:
      Cache-Control:
      - no-cache
      Connection:
      - keep-alive
      Content-Security-Policy:
      - frame-ancestors 'self'; report-uri https://api.datadoghq.com/csp-report
      Content-Type:
      - application/json
      Date:
      - Tue, 04 Aug 2020 08:26:02 GMT
      Dd-Pool:
      - dogweb
      Pragma:
      - no-cache
      Set-Cookie:
      - DD-PSHARD=233; Max-Age=604800; Path=/; expires=Tue, 11-Aug-2020 08:26:01 GMT;
        secure; HttpOnly
      Strict-Transport-Security:
      - max-age=15724800;
      Vary:
      - Accept-Encoding
      X-Content-Type-Options:
      - nosniff
      X-Dd-Debug:
      - TgvTZJVR9dSgWy7VpnTS9CSjPc//LY/ZavlFOijm8MvrHh32ShfxeiEOiDlrzwkJ
      X-Dd-Version:
      - "35.2828800"
      X-Frame-Options:
      - SAMEORIGIN
    status: 200 OK
    code: 200
    duration: ""
- request:
    body: ""
    form: {}
    headers:
      Accept:
      - application/json
      Dd-Operation-Id:
      - GetDashboard
      User-Agent:
      - terraform-provider-datadog/dev (terraform 1.10.0; terraform-cli ) datadog-api-client-go/1.0.0-beta.8+dev
        (go go1.14.4; os darwin; arch amd64)
      X-Datadog-Parent-Id:
      - "2993788429105277511"
      X-Datadog-Sampling-Priority:
      - "1"
      X-Datadog-Trace-Id:
      - "1455000005303817322"
    url: https://api.datadoghq.com/api/v1/dashboard/64u-si3-xdj
    method: GET
  response:
    body: '{"notify_list":[],"description":"Created using the Datadog provider in
      Terraform","author_name":"Slavek Kabrda","template_variable_presets":[],"template_variables":[],"is_read_only":true,"id":"64u-si3-xdj","title":"tf-TestAccDatadogDashboardImage_import-local-1596529552","url":"/dashboard/64u-si3-xdj/tf-testaccdatadogdashboardimageimport-local-1596529552","created_at":"2020-08-04T08:26:02.040590+00:00","modified_at":"2020-08-04T08:26:02.040590+00:00","author_handle":"slavek.kabrda@datadoghq.com","widgets":[{"definition":{"sizing":"fit","type":"image","margin":"small","url":"https://i.picsum.photos/id/826/200/300.jpg"},"layout":{"y":5,"width":32,"x":5,"height":43},"id":38772835958749}],"layout_type":"free"}'
    headers:
      Cache-Control:
      - no-cache
      Connection:
      - keep-alive
      Content-Security-Policy:
      - frame-ancestors 'self'; report-uri https://api.datadoghq.com/csp-report
      Content-Type:
      - application/json
      Date:
      - Tue, 04 Aug 2020 08:26:02 GMT
      Dd-Pool:
      - dogweb
      Pragma:
      - no-cache
      Set-Cookie:
      - DD-PSHARD=233; Max-Age=604800; Path=/; expires=Tue, 11-Aug-2020 08:26:02 GMT;
        secure; HttpOnly
      Strict-Transport-Security:
      - max-age=15724800;
      Vary:
      - Accept-Encoding
      X-Content-Type-Options:
      - nosniff
      X-Dd-Debug:
      - cu4ubWPaZkBMUv9wY+BMEsSkjI3HyJpNGTHUlz49kJQE+yRhx+femTjVp6b3BG0j
      X-Dd-Version:
      - "35.2828800"
      X-Frame-Options:
      - SAMEORIGIN
    status: 200 OK
    code: 200
    duration: ""
- request:
    body: ""
    form: {}
    headers:
      Accept:
      - application/json
      Dd-Operation-Id:
      - GetDashboard
      User-Agent:
      - terraform-provider-datadog/dev (terraform 1.10.0; terraform-cli ) datadog-api-client-go/1.0.0-beta.8+dev
        (go go1.14.4; os darwin; arch amd64)
      X-Datadog-Parent-Id:
      - "4384247348036245252"
      X-Datadog-Sampling-Priority:
      - "1"
      X-Datadog-Trace-Id:
      - "1455000005303817322"
    url: https://api.datadoghq.com/api/v1/dashboard/64u-si3-xdj
    method: GET
  response:
    body: '{"notify_list":[],"description":"Created using the Datadog provider in
      Terraform","author_name":"Slavek Kabrda","template_variable_presets":[],"template_variables":[],"is_read_only":true,"id":"64u-si3-xdj","title":"tf-TestAccDatadogDashboardImage_import-local-1596529552","url":"/dashboard/64u-si3-xdj/tf-testaccdatadogdashboardimageimport-local-1596529552","created_at":"2020-08-04T08:26:02.040590+00:00","modified_at":"2020-08-04T08:26:02.040590+00:00","author_handle":"slavek.kabrda@datadoghq.com","widgets":[{"definition":{"sizing":"fit","type":"image","margin":"small","url":"https://i.picsum.photos/id/826/200/300.jpg"},"layout":{"y":5,"width":32,"x":5,"height":43},"id":38772835958749}],"layout_type":"free"}'
    headers:
      Cache-Control:
      - no-cache
      Connection:
      - keep-alive
      Content-Security-Policy:
      - frame-ancestors 'self'; report-uri https://api.datadoghq.com/csp-report
      Content-Type:
      - application/json
      Date:
      - Tue, 04 Aug 2020 08:26:10 GMT
      Dd-Pool:
      - dogweb
      Pragma:
      - no-cache
      Set-Cookie:
      - DD-PSHARD=233; Max-Age=604800; Path=/; expires=Tue, 11-Aug-2020 08:26:10 GMT;
        secure; HttpOnly
      Strict-Transport-Security:
      - max-age=15724800;
      Vary:
      - Accept-Encoding
      X-Content-Type-Options:
      - nosniff
      X-Dd-Debug:
      - HjTiOLkf7BSSh5CnlIvxi+NF7PvA5AFcXaUyHcNLP+PB2QwnnvpNcny3K9NcNXpO
      X-Dd-Version:
      - "35.2828800"
      X-Frame-Options:
      - SAMEORIGIN
    status: 200 OK
    code: 200
    duration: ""
- request:
    body: ""
    form: {}
    headers:
      Accept:
      - application/json
      Dd-Operation-Id:
      - GetDashboard
      User-Agent:
      - terraform-provider-datadog/dev (terraform 1.10.0; terraform-cli ) datadog-api-client-go/1.0.0-beta.8+dev
        (go go1.14.4; os darwin; arch amd64)
      X-Datadog-Parent-Id:
      - "421116444590935014"
      X-Datadog-Sampling-Priority:
      - "1"
      X-Datadog-Trace-Id:
      - "1455000005303817322"
    url: https://api.datadoghq.com/api/v1/dashboard/64u-si3-xdj
    method: GET
  response:
    body: '{"notify_list":[],"description":"Created using the Datadog provider in
      Terraform","author_name":"Slavek Kabrda","template_variable_presets":[],"template_variables":[],"is_read_only":true,"id":"64u-si3-xdj","title":"tf-TestAccDatadogDashboardImage_import-local-1596529552","url":"/dashboard/64u-si3-xdj/tf-testaccdatadogdashboardimageimport-local-1596529552","created_at":"2020-08-04T08:26:02.040590+00:00","modified_at":"2020-08-04T08:26:02.040590+00:00","author_handle":"slavek.kabrda@datadoghq.com","widgets":[{"definition":{"sizing":"fit","type":"image","margin":"small","url":"https://i.picsum.photos/id/826/200/300.jpg"},"layout":{"y":5,"width":32,"x":5,"height":43},"id":38772835958749}],"layout_type":"free"}'
    headers:
      Cache-Control:
      - no-cache
      Connection:
      - keep-alive
      Content-Security-Policy:
      - frame-ancestors 'self'; report-uri https://api.datadoghq.com/csp-report
      Content-Type:
      - application/json
      Date:
      - Tue, 04 Aug 2020 08:26:10 GMT
      Dd-Pool:
      - dogweb
      Pragma:
      - no-cache
      Set-Cookie:
      - DD-PSHARD=233; Max-Age=604800; Path=/; expires=Tue, 11-Aug-2020 08:26:10 GMT;
        secure; HttpOnly
      Strict-Transport-Security:
      - max-age=15724800;
      Vary:
      - Accept-Encoding
      X-Content-Type-Options:
      - nosniff
      X-Dd-Debug:
      - s2HaexNSftssEbGdjGTop9VxkwcJQZq0vwKpaI+ektLwU8HNs79OhtuRP7tt2ybw
      X-Dd-Version:
      - "35.2828800"
      X-Frame-Options:
      - SAMEORIGIN
    status: 200 OK
    code: 200
    duration: ""
- request:
    body: ""
    form: {}
    headers:
      Accept:
      - application/json
      Dd-Operation-Id:
      - GetDashboard
      User-Agent:
      - terraform-provider-datadog/dev (terraform 1.10.0; terraform-cli ) datadog-api-client-go/1.0.0-beta.8+dev
        (go go1.14.4; os darwin; arch amd64)
      X-Datadog-Parent-Id:
      - "8929351672431493942"
      X-Datadog-Sampling-Priority:
      - "1"
      X-Datadog-Trace-Id:
      - "1455000005303817322"
    url: https://api.datadoghq.com/api/v1/dashboard/64u-si3-xdj
    method: GET
  response:
    body: '{"notify_list":[],"description":"Created using the Datadog provider in
      Terraform","author_name":"Slavek Kabrda","template_variable_presets":[],"template_variables":[],"is_read_only":true,"id":"64u-si3-xdj","title":"tf-TestAccDatadogDashboardImage_import-local-1596529552","url":"/dashboard/64u-si3-xdj/tf-testaccdatadogdashboardimageimport-local-1596529552","created_at":"2020-08-04T08:26:02.040590+00:00","modified_at":"2020-08-04T08:26:02.040590+00:00","author_handle":"slavek.kabrda@datadoghq.com","widgets":[{"definition":{"sizing":"fit","type":"image","margin":"small","url":"https://i.picsum.photos/id/826/200/300.jpg"},"layout":{"y":5,"width":32,"x":5,"height":43},"id":38772835958749}],"layout_type":"free"}'
    headers:
      Cache-Control:
      - no-cache
      Connection:
      - keep-alive
      Content-Security-Policy:
      - frame-ancestors 'self'; report-uri https://api.datadoghq.com/csp-report
      Content-Type:
      - application/json
      Date:
      - Tue, 04 Aug 2020 08:26:14 GMT
      Dd-Pool:
      - dogweb
      Pragma:
      - no-cache
      Set-Cookie:
      - DD-PSHARD=233; Max-Age=604800; Path=/; expires=Tue, 11-Aug-2020 08:26:14 GMT;
        secure; HttpOnly
      Strict-Transport-Security:
      - max-age=15724800;
      Vary:
      - Accept-Encoding
      X-Content-Type-Options:
      - nosniff
      X-Dd-Debug:
      - Sc81anVvfsmA9uLEbY+DlKuQk0Yw2B8ZuX6/EowtJY6eWOM1pxoG0YAtV/6CltUH
      X-Dd-Version:
      - "35.2828800"
      X-Frame-Options:
      - SAMEORIGIN
    status: 200 OK
    code: 200
    duration: ""
- request:
    body: ""
    form: {}
    headers:
      Accept:
      - application/json
      Dd-Operation-Id:
      - GetDashboard
      User-Agent:
      - terraform-provider-datadog/dev (terraform 1.10.0; terraform-cli ) datadog-api-client-go/1.0.0-beta.8+dev
        (go go1.14.4; os darwin; arch amd64)
      X-Datadog-Parent-Id:
      - "2372286345866536127"
      X-Datadog-Sampling-Priority:
      - "1"
      X-Datadog-Trace-Id:
      - "1455000005303817322"
    url: https://api.datadoghq.com/api/v1/dashboard/64u-si3-xdj
    method: GET
  response:
    body: '{"notify_list":[],"description":"Created using the Datadog provider in
      Terraform","author_name":"Slavek Kabrda","template_variable_presets":[],"template_variables":[],"is_read_only":true,"id":"64u-si3-xdj","title":"tf-TestAccDatadogDashboardImage_import-local-1596529552","url":"/dashboard/64u-si3-xdj/tf-testaccdatadogdashboardimageimport-local-1596529552","created_at":"2020-08-04T08:26:02.040590+00:00","modified_at":"2020-08-04T08:26:02.040590+00:00","author_handle":"slavek.kabrda@datadoghq.com","widgets":[{"definition":{"sizing":"fit","type":"image","margin":"small","url":"https://i.picsum.photos/id/826/200/300.jpg"},"layout":{"y":5,"width":32,"x":5,"height":43},"id":38772835958749}],"layout_type":"free"}'
    headers:
      Cache-Control:
      - no-cache
      Connection:
      - keep-alive
      Content-Security-Policy:
      - frame-ancestors 'self'; report-uri https://api.datadoghq.com/csp-report
      Content-Type:
      - application/json
      Date:
      - Tue, 04 Aug 2020 08:26:15 GMT
      Dd-Pool:
      - dogweb
      Pragma:
      - no-cache
      Set-Cookie:
      - DD-PSHARD=233; Max-Age=604800; Path=/; expires=Tue, 11-Aug-2020 08:26:15 GMT;
        secure; HttpOnly
      Strict-Transport-Security:
      - max-age=15724800;
      Vary:
      - Accept-Encoding
      X-Content-Type-Options:
      - nosniff
      X-Dd-Debug:
      - HasKwykQLvNHSarF13HYx8iRsR73y73GMiAGfbVJBvWbLcOqFMPsjMR3IjYdwfiC
      X-Dd-Version:
      - "35.2828800"
      X-Frame-Options:
      - SAMEORIGIN
    status: 200 OK
    code: 200
    duration: ""
- request:
    body: ""
    form: {}
    headers:
      Accept:
      - application/json
      Dd-Operation-Id:
      - GetDashboard
      User-Agent:
      - terraform-provider-datadog/dev (terraform 1.10.0; terraform-cli ) datadog-api-client-go/1.0.0-beta.8+dev
        (go go1.14.4; os darwin; arch amd64)
      X-Datadog-Parent-Id:
      - "2679600201498618469"
      X-Datadog-Sampling-Priority:
      - "1"
      X-Datadog-Trace-Id:
      - "1455000005303817322"
    url: https://api.datadoghq.com/api/v1/dashboard/64u-si3-xdj
    method: GET
  response:
    body: '{"notify_list":[],"description":"Created using the Datadog provider in
      Terraform","author_name":"Slavek Kabrda","template_variable_presets":[],"template_variables":[],"is_read_only":true,"id":"64u-si3-xdj","title":"tf-TestAccDatadogDashboardImage_import-local-1596529552","url":"/dashboard/64u-si3-xdj/tf-testaccdatadogdashboardimageimport-local-1596529552","created_at":"2020-08-04T08:26:02.040590+00:00","modified_at":"2020-08-04T08:26:02.040590+00:00","author_handle":"slavek.kabrda@datadoghq.com","widgets":[{"definition":{"sizing":"fit","type":"image","margin":"small","url":"https://i.picsum.photos/id/826/200/300.jpg"},"layout":{"y":5,"width":32,"x":5,"height":43},"id":38772835958749}],"layout_type":"free"}'
    headers:
      Cache-Control:
      - no-cache
      Connection:
      - keep-alive
      Content-Security-Policy:
      - frame-ancestors 'self'; report-uri https://api.datadoghq.com/csp-report
      Content-Type:
      - application/json
      Date:
      - Tue, 04 Aug 2020 08:26:15 GMT
      Dd-Pool:
      - dogweb
      Pragma:
      - no-cache
      Set-Cookie:
      - DD-PSHARD=233; Max-Age=604800; Path=/; expires=Tue, 11-Aug-2020 08:26:15 GMT;
        secure; HttpOnly
      Strict-Transport-Security:
      - max-age=15724800;
      Vary:
      - Accept-Encoding
      X-Content-Type-Options:
      - nosniff
      X-Dd-Debug:
      - Svc+PNDCExenPeSdlDU1/hfnnXnGoSBmQ0cXMIN2GIajp6Ywr3vNkU/EUwPmMpm/
      X-Dd-Version:
      - "35.2828800"
      X-Frame-Options:
      - SAMEORIGIN
    status: 200 OK
    code: 200
    duration: ""
- request:
    body: ""
    form: {}
    headers:
      Accept:
      - application/json
      Dd-Operation-Id:
      - GetDashboard
      User-Agent:
      - terraform-provider-datadog/dev (terraform 1.10.0; terraform-cli ) datadog-api-client-go/1.0.0-beta.8+dev
        (go go1.14.4; os darwin; arch amd64)
      X-Datadog-Parent-Id:
      - "7325708873954163551"
      X-Datadog-Sampling-Priority:
      - "1"
      X-Datadog-Trace-Id:
      - "1455000005303817322"
    url: https://api.datadoghq.com/api/v1/dashboard/64u-si3-xdj
    method: GET
  response:
    body: '{"notify_list":[],"description":"Created using the Datadog provider in
      Terraform","author_name":"Slavek Kabrda","template_variable_presets":[],"template_variables":[],"is_read_only":true,"id":"64u-si3-xdj","title":"tf-TestAccDatadogDashboardImage_import-local-1596529552","url":"/dashboard/64u-si3-xdj/tf-testaccdatadogdashboardimageimport-local-1596529552","created_at":"2020-08-04T08:26:02.040590+00:00","modified_at":"2020-08-04T08:26:02.040590+00:00","author_handle":"slavek.kabrda@datadoghq.com","widgets":[{"definition":{"sizing":"fit","type":"image","margin":"small","url":"https://i.picsum.photos/id/826/200/300.jpg"},"layout":{"y":5,"width":32,"x":5,"height":43},"id":38772835958749}],"layout_type":"free"}'
    headers:
      Cache-Control:
      - no-cache
      Connection:
      - keep-alive
      Content-Security-Policy:
      - frame-ancestors 'self'; report-uri https://api.datadoghq.com/csp-report
      Content-Type:
      - application/json
      Date:
      - Tue, 04 Aug 2020 08:26:17 GMT
      Dd-Pool:
      - dogweb
      Pragma:
      - no-cache
      Set-Cookie:
      - DD-PSHARD=233; Max-Age=604800; Path=/; expires=Tue, 11-Aug-2020 08:26:17 GMT;
        secure; HttpOnly
      Strict-Transport-Security:
      - max-age=15724800;
      Vary:
      - Accept-Encoding
      X-Content-Type-Options:
      - nosniff
      X-Dd-Debug:
      - uyXO33vE+LGU1ODHWgqP3RdqrPMTKcPLr+Burt5RS51mD4WQkReK1lizXOB1y+KQ
      X-Dd-Version:
      - "35.2828800"
      X-Frame-Options:
      - SAMEORIGIN
    status: 200 OK
    code: 200
    duration: ""
- request:
    body: ""
    form: {}
    headers:
      Accept:
      - application/json
      Dd-Operation-Id:
      - GetDashboard
      User-Agent:
      - terraform-provider-datadog/dev (terraform 1.10.0; terraform-cli ) datadog-api-client-go/1.0.0-beta.8+dev
        (go go1.14.4; os darwin; arch amd64)
      X-Datadog-Parent-Id:
      - "546064943215560935"
      X-Datadog-Sampling-Priority:
      - "1"
      X-Datadog-Trace-Id:
      - "1455000005303817322"
    url: https://api.datadoghq.com/api/v1/dashboard/64u-si3-xdj
    method: GET
  response:
    body: '{"notify_list":[],"description":"Created using the Datadog provider in
      Terraform","author_name":"Slavek Kabrda","template_variable_presets":[],"template_variables":[],"is_read_only":true,"id":"64u-si3-xdj","title":"tf-TestAccDatadogDashboardImage_import-local-1596529552","url":"/dashboard/64u-si3-xdj/tf-testaccdatadogdashboardimageimport-local-1596529552","created_at":"2020-08-04T08:26:02.040590+00:00","modified_at":"2020-08-04T08:26:02.040590+00:00","author_handle":"slavek.kabrda@datadoghq.com","widgets":[{"definition":{"sizing":"fit","type":"image","margin":"small","url":"https://i.picsum.photos/id/826/200/300.jpg"},"layout":{"y":5,"width":32,"x":5,"height":43},"id":38772835958749}],"layout_type":"free"}'
    headers:
      Cache-Control:
      - no-cache
      Connection:
      - keep-alive
      Content-Security-Policy:
      - frame-ancestors 'self'; report-uri https://api.datadoghq.com/csp-report
      Content-Type:
      - application/json
      Date:
      - Tue, 04 Aug 2020 08:26:18 GMT
      Dd-Pool:
      - dogweb
      Pragma:
      - no-cache
      Set-Cookie:
      - DD-PSHARD=233; Max-Age=604800; Path=/; expires=Tue, 11-Aug-2020 08:26:18 GMT;
        secure; HttpOnly
      Strict-Transport-Security:
      - max-age=15724800;
      Vary:
      - Accept-Encoding
      X-Content-Type-Options:
      - nosniff
      X-Dd-Debug:
      - bVmOWMc3HjqG2Owiv+o+LCPzHb7xBWcBtqqIjpwAwY4BhQ3N4DhkvKoYyG6yY+lZ
      X-Dd-Version:
      - "35.2828800"
      X-Frame-Options:
      - SAMEORIGIN
    status: 200 OK
    code: 200
    duration: ""
- request:
    body: ""
    form: {}
    headers:
      Accept:
      - application/json
      Dd-Operation-Id:
      - DeleteDashboard
      User-Agent:
      - terraform-provider-datadog/dev (terraform 1.10.0; terraform-cli ) datadog-api-client-go/1.0.0-beta.8+dev
        (go go1.14.4; os darwin; arch amd64)
      X-Datadog-Parent-Id:
      - "2494318005412068348"
      X-Datadog-Sampling-Priority:
      - "1"
      X-Datadog-Trace-Id:
      - "1455000005303817322"
    url: https://api.datadoghq.com/api/v1/dashboard/64u-si3-xdj
    method: DELETE
  response:
    body: '{"deleted_dashboard_id":"64u-si3-xdj"}'
    headers:
      Cache-Control:
      - no-cache
      Connection:
      - keep-alive
      Content-Security-Policy:
      - frame-ancestors 'self'; report-uri https://api.datadoghq.com/csp-report
      Content-Type:
      - application/json
      Date:
      - Tue, 04 Aug 2020 08:26:45 GMT
      Dd-Pool:
      - dogweb
      Pragma:
      - no-cache
      Set-Cookie:
      - DD-PSHARD=233; Max-Age=604800; Path=/; expires=Tue, 11-Aug-2020 08:26:22 GMT;
        secure; HttpOnly
      Strict-Transport-Security:
      - max-age=15724800;
      Vary:
      - Accept-Encoding
      X-Content-Type-Options:
      - nosniff
      X-Dd-Debug:
      - p4NmCafosmibz8IWdrnaytb4VFg52vrRAwg7ZpVpA960oaVmtBmDKqK2J4VV/O6l
      X-Dd-Version:
      - "35.2828800"
      X-Frame-Options:
      - SAMEORIGIN
    status: 200 OK
    code: 200
    duration: ""
- request:
    body: ""
    form: {}
    headers:
      Accept:
      - application/json
      Dd-Operation-Id:
      - GetDashboard
      User-Agent:
      - terraform-provider-datadog/dev (terraform 1.10.0; terraform-cli ) datadog-api-client-go/1.0.0-beta.8+dev
        (go go1.14.4; os darwin; arch amd64)
      X-Datadog-Parent-Id:
      - "8662695555063507973"
      X-Datadog-Sampling-Priority:
      - "1"
      X-Datadog-Trace-Id:
      - "1455000005303817322"
    url: https://api.datadoghq.com/api/v1/dashboard/64u-si3-xdj
    method: GET
  response:
    body: '{"errors": ["Dashboard with ID 64u-si3-xdj not found"]}'
    headers:
      Cache-Control:
      - no-cache
      Connection:
      - keep-alive
      Content-Security-Policy:
      - frame-ancestors 'self'; report-uri https://api.datadoghq.com/csp-report
      Content-Type:
      - application/json
      Date:
      - Tue, 04 Aug 2020 08:26:46 GMT
      Dd-Pool:
      - dogweb
      Pragma:
      - no-cache
      Strict-Transport-Security:
      - max-age=15724800;
      Vary:
      - Accept-Encoding
      X-Content-Type-Options:
      - nosniff
      X-Dd-Version:
      - "35.2828800"
      X-Frame-Options:
      - SAMEORIGIN
    status: 404 Not Found
    code: 404
    duration: ""
