---
version: 1
interactions:
- request:
    body: |
      {"account_id":"571029755529","role_name":"testacc-datadog-integration-role"}
    form: {}
    headers:
      Accept:
      - application/json
      Content-Type:
      - application/json
      Dd-Operation-Id:
      - CreateAWSAccount
      User-Agent:
      - terraform-provider-datadog/dev (terraform 1.16.0; terraform-cli 0.12.7-sdk)
        datadog-api-client-go/1.0.0-beta.15 (go go1.15.7; os darwin; arch amd64)
    url: https://api.datadoghq.com/api/v1/integration/aws
    method: POST
  response:
    body: '{"external_id":"119f773622234811be15c13892df4a48"}'
    headers:
      Cache-Control:
      - no-cache
      Connection:
      - keep-alive
      Content-Security-Policy:
      - frame-ancestors 'self'; report-uri https://api.datadoghq.com/csp-report
      Content-Type:
      - application/json
      Date:
      - Thu, 11 Feb 2021 10:23:00 GMT
      Pragma:
      - no-cache
      Set-Cookie:
      - DD-PSHARD=233; Max-Age=604800; Path=/; expires=Thu, 18-Feb-2021 10:23:00 GMT;
        secure; HttpOnly
      Strict-Transport-Security:
      - max-age=15724800;
      Vary:
      - Accept-Encoding
      X-Content-Type-Options:
      - nosniff
      X-Dd-Debug:
      - tpRCH6w417YjBovRJ8VmtuXmNONVYiRp2c8d2AxjPdGBn8PCtgG4vAztrx3qUZAN
      X-Dd-Version:
      - "35.3888616"
      X-Frame-Options:
      - SAMEORIGIN
    status: 200 OK
    code: 200
    duration: ""
- request:
    body: ""
    form: {}
    headers:
      Accept:
      - application/json
      Dd-Operation-Id:
      - ListAWSAccounts
      User-Agent:
      - terraform-provider-datadog/dev (terraform 1.16.0; terraform-cli 0.12.7-sdk)
        datadog-api-client-go/1.0.0-beta.15 (go go1.15.7; os darwin; arch amd64)
    url: https://api.datadoghq.com/api/v1/integration/aws
    method: GET
  response:
    body: '{"accounts":[{"role_name":"java-aWSLogsCheckServicesAsyncTest-45249-1612586088","excluded_regions":[],"account_id":"java_+8Abz+j","host_tags":["javaTag:one","java:success","javaTag:one","java:success","javaTag:one","java:success","javaTag:one","java:success","javaTag:one","java:success","javaTag:one","java:success","javaTag:one","java:success"],"account_specific_namespace_rules":{"api_gateway":true},"errors":[],"filter_tags":["dontCollect:java","dontCollect:java","dontCollect:java","dontCollect:java","dontCollect:java","dontCollect:java","dontCollect:java"]},{"role_name":"testacc-datadog-integration-role","excluded_regions":[],"account_id":"123456789012","host_tags":[],"account_specific_namespace_rules":{},"errors":[],"filter_tags":[]},{"role_name":"testacc-datadog-integration-role","excluded_regions":[],"account_id":"525610050565","host_tags":[],"account_specific_namespace_rules":{},"errors":[],"filter_tags":[]},{"role_name":"testacc-datadog-integration-role","excluded_regions":[],"account_id":"571029755529","host_tags":[],"account_specific_namespace_rules":{},"errors":[],"filter_tags":[]}]}'
    headers:
      Cache-Control:
      - no-cache
      Connection:
      - keep-alive
      Content-Security-Policy:
      - frame-ancestors 'self'; report-uri https://api.datadoghq.com/csp-report
      Content-Type:
      - application/json
      Date:
      - Thu, 11 Feb 2021 10:23:02 GMT
      Pragma:
      - no-cache
      Set-Cookie:
      - DD-PSHARD=233; Max-Age=604800; Path=/; expires=Thu, 18-Feb-2021 10:23:01 GMT;
        secure; HttpOnly
      Strict-Transport-Security:
      - max-age=15724800;
      Vary:
      - Accept-Encoding
      X-Content-Type-Options:
      - nosniff
      X-Dd-Debug:
      - twvpGlmuom5y6A0pjGtXzTf554cmwJgTcCZ71fK4H/RDi+v5ehBK0zQiRcTJQG5C
      X-Dd-Version:
      - "35.3888616"
      X-Frame-Options:
      - SAMEORIGIN
    status: 200 OK
    code: 200
    duration: ""
- request:
    body: |
      {"data":{"attributes":{"destination":{"bucket":"my-bucket","integration":{"account_id":"571029755529","role_name":"testacc-datadog-integration-role"},"path":"/path/foo","type":"s3"},"include_tags":true,"name":"my first s3 archive","query":"service:tutu","rehydration_tags":["team:intake","team:app"]},"type":"archives"}}
    form: {}
    headers:
      Accept:
      - application/json
      Content-Type:
      - application/json
      Dd-Operation-Id:
      - CreateLogsArchive
      User-Agent:
      - terraform-provider-datadog/dev (terraform 1.16.0; terraform-cli 0.12.7-sdk)
        datadog-api-client-go/1.0.0-beta.15 (go go1.15.7; os darwin; arch amd64)
    url: https://api.datadoghq.com/api/v2/logs/config/archives
    method: POST
  response:
    body: '{"data":{"type":"archives","id":"HBSNPI4ERZiTErWfIHfg6g","attributes":{"name":"my
      first s3 archive","query":"service:tutu","state":"UNKNOWN","destination":{"bucket":"my-bucket","path":"/path/foo","type":"s3","integration":{"role_name":"testacc-datadog-integration-role","account_id":"571029755529"}},"rehydration_tags":["team:intake","team:app"],"include_tags":true}}}'
    headers:
      Cache-Control:
      - no-cache
      Connection:
      - keep-alive
      Content-Security-Policy:
      - frame-ancestors 'self'; report-uri https://api.datadoghq.com/csp-report
      Content-Type:
      - application/json
      Date:
      - Thu, 11 Feb 2021 10:23:02 GMT
      Pragma:
      - no-cache
      Set-Cookie:
      - DD-PSHARD=233; Max-Age=604800; Path=/; expires=Thu, 18-Feb-2021 10:23:02 GMT;
        secure; HttpOnly
      Strict-Transport-Security:
      - max-age=15724800;
      Vary:
      - Accept-Encoding
      X-Content-Type-Options:
      - nosniff
      X-Dd-Debug:
      - F5gm0Rce1/Abr9/0Fw8HAqWfiz0FdiH8er/AXnN6lOn3L6KyGgbsLCwgPlob1No8
      X-Dd-Version:
      - "35.3888616"
      X-Frame-Options:
      - SAMEORIGIN
      X-Ratelimit-Limit:
      - "300"
      X-Ratelimit-Period:
      - "300"
      X-Ratelimit-Remaining:
      - "284"
      X-Ratelimit-Reset:
      - "118"
    status: 200 OK
    code: 200
    duration: ""
- request:
    body: ""
    form: {}
    headers:
      Accept:
      - application/json
      Dd-Operation-Id:
      - ListAWSAccounts
      User-Agent:
      - terraform-provider-datadog/dev (terraform 1.16.0; terraform-cli 0.12.7-sdk)
        datadog-api-client-go/1.0.0-beta.15 (go go1.15.7; os darwin; arch amd64)
    url: https://api.datadoghq.com/api/v1/integration/aws
    method: GET
  response:
    body: '{"accounts":[{"role_name":"java-aWSLogsCheckServicesAsyncTest-45249-1612586088","excluded_regions":[],"account_id":"java_+8Abz+j","host_tags":["javaTag:one","java:success","javaTag:one","java:success","javaTag:one","java:success","javaTag:one","java:success","javaTag:one","java:success","javaTag:one","java:success","javaTag:one","java:success"],"account_specific_namespace_rules":{"api_gateway":true},"errors":[],"filter_tags":["dontCollect:java","dontCollect:java","dontCollect:java","dontCollect:java","dontCollect:java","dontCollect:java","dontCollect:java"]},{"role_name":"testacc-datadog-integration-role","excluded_regions":[],"account_id":"123456789012","host_tags":[],"account_specific_namespace_rules":{},"errors":[],"filter_tags":[]},{"role_name":"testacc-datadog-integration-role","excluded_regions":[],"account_id":"525610050565","host_tags":[],"account_specific_namespace_rules":{},"errors":[],"filter_tags":[]},{"role_name":"testacc-datadog-integration-role","excluded_regions":[],"account_id":"571029755529","host_tags":[],"account_specific_namespace_rules":{},"errors":[],"filter_tags":[]}]}'
    headers:
      Cache-Control:
      - no-cache
      Connection:
      - keep-alive
      Content-Security-Policy:
      - frame-ancestors 'self'; report-uri https://api.datadoghq.com/csp-report
      Content-Type:
      - application/json
      Date:
      - Thu, 11 Feb 2021 10:23:03 GMT
      Pragma:
      - no-cache
      Set-Cookie:
      - DD-PSHARD=233; Max-Age=604800; Path=/; expires=Thu, 18-Feb-2021 10:23:02 GMT;
        secure; HttpOnly
      Strict-Transport-Security:
      - max-age=15724800;
      Vary:
      - Accept-Encoding
      X-Content-Type-Options:
      - nosniff
      X-Dd-Debug:
      - gYZcaADwbKcv7Hm19HJx6WsLoKuOijDWAt2viPeCfWqUgyKY+9e1xZdmMJeXV3YV
      X-Dd-Version:
      - "35.3888616"
      X-Frame-Options:
      - SAMEORIGIN
    status: 200 OK
    code: 200
    duration: ""
- request:
    body: ""
    form: {}
    headers:
      Accept:
      - application/json
      Dd-Operation-Id:
      - GetLogsArchive
      User-Agent:
      - terraform-provider-datadog/dev (terraform 1.16.0; terraform-cli 0.12.7-sdk)
        datadog-api-client-go/1.0.0-beta.15 (go go1.15.7; os darwin; arch amd64)
    url: https://api.datadoghq.com/api/v2/logs/config/archives/HBSNPI4ERZiTErWfIHfg6g
    method: GET
  response:
    body: '{"data":{"type":"archives","id":"HBSNPI4ERZiTErWfIHfg6g","attributes":{"name":"my
      first s3 archive","query":"service:tutu","state":"UNKNOWN","destination":{"bucket":"my-bucket","path":"/path/foo","type":"s3","integration":{"role_name":"testacc-datadog-integration-role","account_id":"571029755529"}},"rehydration_tags":["team:intake","team:app"],"include_tags":true}}}'
    headers:
      Cache-Control:
      - no-cache
      Connection:
      - keep-alive
      Content-Security-Policy:
      - frame-ancestors 'self'; report-uri https://api.datadoghq.com/csp-report
      Content-Type:
      - application/json
      Date:
      - Thu, 11 Feb 2021 10:23:04 GMT
      Pragma:
      - no-cache
      Set-Cookie:
      - DD-PSHARD=233; Max-Age=604800; Path=/; expires=Thu, 18-Feb-2021 10:23:04 GMT;
        secure; HttpOnly
      Strict-Transport-Security:
      - max-age=15724800;
      Vary:
      - Accept-Encoding
      X-Content-Type-Options:
      - nosniff
      X-Dd-Debug:
      - JpIJLwIH2nFlZOC+u71rq7aAOL43MLZN3MUsL+gpYHdZz5QLUOG8Jysf8kVK6tPU
      X-Dd-Version:
      - "35.3888616"
      X-Frame-Options:
      - SAMEORIGIN
      X-Ratelimit-Limit:
      - "5000"
      X-Ratelimit-Period:
      - "3600"
      X-Ratelimit-Remaining:
      - "4961"
      X-Ratelimit-Reset:
      - "2216"
    status: 200 OK
    code: 200
    duration: ""
- request:
    body: ""
    form: {}
    headers:
      Accept:
      - application/json
      Dd-Operation-Id:
      - ListAWSAccounts
      User-Agent:
      - terraform-provider-datadog/dev (terraform 1.16.0; terraform-cli 0.12.7-sdk)
        datadog-api-client-go/1.0.0-beta.15 (go go1.15.7; os darwin; arch amd64)
    url: https://api.datadoghq.com/api/v1/integration/aws
    method: GET
  response:
    body: '{"accounts":[{"role_name":"java-aWSLogsCheckServicesAsyncTest-45249-1612586088","excluded_regions":[],"account_id":"java_+8Abz+j","host_tags":["javaTag:one","java:success","javaTag:one","java:success","javaTag:one","java:success","javaTag:one","java:success","javaTag:one","java:success","javaTag:one","java:success","javaTag:one","java:success"],"account_specific_namespace_rules":{"api_gateway":true},"errors":[],"filter_tags":["dontCollect:java","dontCollect:java","dontCollect:java","dontCollect:java","dontCollect:java","dontCollect:java","dontCollect:java"]},{"role_name":"testacc-datadog-integration-role","excluded_regions":[],"account_id":"123456789012","host_tags":[],"account_specific_namespace_rules":{},"errors":[],"filter_tags":[]},{"role_name":"testacc-datadog-integration-role","excluded_regions":[],"account_id":"525610050565","host_tags":[],"account_specific_namespace_rules":{},"errors":[],"filter_tags":[]},{"role_name":"testacc-datadog-integration-role","excluded_regions":[],"account_id":"571029755529","host_tags":[],"account_specific_namespace_rules":{},"errors":[],"filter_tags":[]}]}'
    headers:
      Cache-Control:
      - no-cache
      Connection:
      - keep-alive
      Content-Security-Policy:
      - frame-ancestors 'self'; report-uri https://api.datadoghq.com/csp-report
      Content-Type:
      - application/json
      Date:
      - Thu, 11 Feb 2021 10:23:04 GMT
      Pragma:
      - no-cache
      Set-Cookie:
      - DD-PSHARD=233; Max-Age=604800; Path=/; expires=Thu, 18-Feb-2021 10:23:04 GMT;
        secure; HttpOnly
      Strict-Transport-Security:
      - max-age=15724800;
      Vary:
      - Accept-Encoding
      X-Content-Type-Options:
      - nosniff
      X-Dd-Debug:
      - /L+SFFO+m1pPY+hRCpk5325fvfrNl0KmiquUNJolBN/5hu3HIwflqjZSbJ6NxDFG
      X-Dd-Version:
      - "35.3888616"
      X-Frame-Options:
      - SAMEORIGIN
    status: 200 OK
    code: 200
    duration: ""
- request:
    body: ""
    form: {}
    headers:
      Accept:
      - application/json
      Dd-Operation-Id:
      - GetLogsArchive
      User-Agent:
      - terraform-provider-datadog/dev (terraform 1.16.0; terraform-cli 0.12.7-sdk)
        datadog-api-client-go/1.0.0-beta.15 (go go1.15.7; os darwin; arch amd64)
    url: https://api.datadoghq.com/api/v2/logs/config/archives/HBSNPI4ERZiTErWfIHfg6g
    method: GET
  response:
    body: '{"data":{"type":"archives","id":"HBSNPI4ERZiTErWfIHfg6g","attributes":{"name":"my
      first s3 archive","query":"service:tutu","state":"UNKNOWN","destination":{"bucket":"my-bucket","path":"/path/foo","type":"s3","integration":{"role_name":"testacc-datadog-integration-role","account_id":"571029755529"}},"rehydration_tags":["team:intake","team:app"],"include_tags":true}}}'
    headers:
      Cache-Control:
      - no-cache
      Connection:
      - keep-alive
      Content-Security-Policy:
      - frame-ancestors 'self'; report-uri https://api.datadoghq.com/csp-report
      Content-Type:
      - application/json
      Date:
      - Thu, 11 Feb 2021 10:23:04 GMT
      Pragma:
      - no-cache
      Set-Cookie:
      - DD-PSHARD=233; Max-Age=604800; Path=/; expires=Thu, 18-Feb-2021 10:23:04 GMT;
        secure; HttpOnly
      Strict-Transport-Security:
      - max-age=15724800;
      Vary:
      - Accept-Encoding
      X-Content-Type-Options:
      - nosniff
      X-Dd-Debug:
      - bgHykj7A9bfZx0Y5ZO3swhhp5tGUSNJHqFWR868+qg087CYrDOd5hQslC+noiEtH
      X-Dd-Version:
      - "35.3888616"
      X-Frame-Options:
      - SAMEORIGIN
      X-Ratelimit-Limit:
      - "5000"
      X-Ratelimit-Period:
      - "3600"
      X-Ratelimit-Remaining:
      - "4960"
      X-Ratelimit-Reset:
      - "2216"
    status: 200 OK
    code: 200
    duration: ""
- request:
    body: ""
    form: {}
    headers:
      Accept:
      - application/json
      Dd-Operation-Id:
      - DeleteLogsArchive
      User-Agent:
      - terraform-provider-datadog/dev (terraform 1.16.0; terraform-cli 0.12.7-sdk)
        datadog-api-client-go/1.0.0-beta.15 (go go1.15.7; os darwin; arch amd64)
    url: https://api.datadoghq.com/api/v2/logs/config/archives/HBSNPI4ERZiTErWfIHfg6g
    method: DELETE
  response:
    body: ""
    headers:
      Cache-Control:
      - no-cache
      Connection:
      - keep-alive
      Content-Length:
      - "0"
      Content-Security-Policy:
      - frame-ancestors 'self'; report-uri https://api.datadoghq.com/csp-report
      Content-Type:
      - application/json
      Date:
      - Thu, 11 Feb 2021 10:23:04 GMT
      Pragma:
      - no-cache
      Set-Cookie:
      - DD-PSHARD=233; Max-Age=604800; Path=/; expires=Thu, 18-Feb-2021 10:23:04 GMT;
        secure; HttpOnly
      Strict-Transport-Security:
      - max-age=15724800;
      X-Content-Type-Options:
      - nosniff
      X-Dd-Debug:
      - nLnnBNvlCFDECRnZvzDb0z4sAO35G+IMidcAs8vrCKyjvsKWE8Yd9S3n6OjZ1qRN
      X-Dd-Version:
      - "35.3888616"
      X-Frame-Options:
      - SAMEORIGIN
      X-Ratelimit-Limit:
      - "300"
      X-Ratelimit-Period:
      - "300"
      X-Ratelimit-Remaining:
      - "283"
      X-Ratelimit-Reset:
      - "116"
    status: 204 No Content
    code: 204
    duration: ""
- request:
    body: |
      {"account_id":"571029755529","role_name":"testacc-datadog-integration-role"}
    form: {}
    headers:
      Accept:
      - application/json
      Content-Type:
      - application/json
      Dd-Operation-Id:
      - DeleteAWSAccount
      User-Agent:
      - terraform-provider-datadog/dev (terraform 1.16.0; terraform-cli 0.12.7-sdk)
        datadog-api-client-go/1.0.0-beta.15 (go go1.15.7; os darwin; arch amd64)
    url: https://api.datadoghq.com/api/v1/integration/aws
    method: DELETE
  response:
    body: '{}'
    headers:
      Cache-Control:
      - no-cache
      Connection:
      - keep-alive
      Content-Length:
      - "2"
      Content-Security-Policy:
      - frame-ancestors 'self'; report-uri https://api.datadoghq.com/csp-report
      Content-Type:
      - application/json
      Date:
      - Thu, 11 Feb 2021 10:23:05 GMT
      Pragma:
      - no-cache
      Set-Cookie:
      - DD-PSHARD=233; Max-Age=604800; Path=/; expires=Thu, 18-Feb-2021 10:23:04 GMT;
        secure; HttpOnly
      Strict-Transport-Security:
      - max-age=15724800;
      X-Content-Type-Options:
      - nosniff
      X-Dd-Debug:
      - L3ULR3HwCWYmEqCWGz2Yob3chcH4pjowBacBXkncP7o+/uPqKt9yGEYf/g1AJPzQ
      X-Dd-Version:
      - "35.3888616"
      X-Frame-Options:
      - SAMEORIGIN
    status: 200 OK
    code: 200
    duration: ""
- request:
    body: ""
    form: {}
    headers:
      Accept:
      - application/json
      Dd-Operation-Id:
      - GetLogsArchive
      User-Agent:
      - terraform-provider-datadog/dev (terraform 1.16.0; terraform-cli 0.12.7-sdk)
        datadog-api-client-go/1.0.0-beta.15 (go go1.15.7; os darwin; arch amd64)
    url: https://api.datadoghq.com/api/v2/logs/config/archives/HBSNPI4ERZiTErWfIHfg6g
    method: GET
  response:
    body: '{"errors": ["Archive HBSNPI4ERZiTErWfIHfg6g not found"]}'
    headers:
      Cache-Control:
      - no-cache
      Connection:
      - keep-alive
      Content-Security-Policy:
      - frame-ancestors 'self'; report-uri https://api.datadoghq.com/csp-report
      Content-Type:
      - application/json
      Date:
      - Thu, 11 Feb 2021 10:23:05 GMT
      Pragma:
      - no-cache
      Strict-Transport-Security:
      - max-age=15724800;
      Vary:
      - Accept-Encoding
      X-Content-Type-Options:
      - nosniff
      X-Dd-Version:
      - "35.3888616"
      X-Frame-Options:
      - SAMEORIGIN
      X-Ratelimit-Limit:
      - "5000"
      X-Ratelimit-Period:
      - "3600"
      X-Ratelimit-Remaining:
      - "4959"
      X-Ratelimit-Reset:
      - "2215"
    status: 404 Not Found
    code: 404
    duration: ""
- request:
    body: ""
    form: {}
    headers:
      Accept:
      - application/json
      Dd-Operation-Id:
      - ListAWSAccounts
      User-Agent:
      - terraform-provider-datadog/dev (terraform 1.16.0; terraform-cli 0.12.7-sdk)
        datadog-api-client-go/1.0.0-beta.15 (go go1.15.7; os darwin; arch amd64)
    url: https://api.datadoghq.com/api/v1/integration/aws
    method: GET
  response:
    body: '{"accounts":[{"role_name":"java-aWSLogsCheckServicesAsyncTest-45249-1612586088","excluded_regions":[],"account_id":"java_+8Abz+j","host_tags":["javaTag:one","java:success","javaTag:one","java:success","javaTag:one","java:success","javaTag:one","java:success","javaTag:one","java:success","javaTag:one","java:success","javaTag:one","java:success"],"account_specific_namespace_rules":{"api_gateway":true},"errors":[],"filter_tags":["dontCollect:java","dontCollect:java","dontCollect:java","dontCollect:java","dontCollect:java","dontCollect:java","dontCollect:java"]},{"role_name":"testacc-datadog-integration-role","excluded_regions":[],"account_id":"123456789012","host_tags":[],"account_specific_namespace_rules":{},"errors":[],"filter_tags":[]},{"role_name":"testacc-datadog-integration-role","excluded_regions":[],"account_id":"525610050565","host_tags":[],"account_specific_namespace_rules":{},"errors":[],"filter_tags":[]}]}'
    headers:
      Cache-Control:
      - no-cache
      Connection:
      - keep-alive
      Content-Security-Policy:
      - frame-ancestors 'self'; report-uri https://api.datadoghq.com/csp-report
      Content-Type:
      - application/json
      Date:
      - Thu, 11 Feb 2021 10:23:06 GMT
      Pragma:
      - no-cache
      Set-Cookie:
      - DD-PSHARD=233; Max-Age=604800; Path=/; expires=Thu, 18-Feb-2021 10:23:06 GMT;
        secure; HttpOnly
      Strict-Transport-Security:
      - max-age=15724800;
      Vary:
      - Accept-Encoding
      X-Content-Type-Options:
      - nosniff
      X-Dd-Debug:
      - S1wfaMZOKGT/IoMw6fqAwAwGWo2vQ44sjF3YzuETnQfxZO2T5eJbs0aX3UKb9Dwu
      X-Dd-Version:
      - "35.3888616"
      X-Frame-Options:
      - SAMEORIGIN
    status: 200 OK
    code: 200
    duration: ""
