---
version: 1
interactions:
- request:
    body: |
      {"message":"some message Notify: @hipchat-channel","name":"tf_TestAccDatadogMonitorDatasource_local_1597737257","options":{"escalation_message":"the situation has escalated @pagerduty","evaluation_delay":700,"include_tags":true,"new_host_delay":600,"no_data_timeframe":10,"notify_no_data":false,"renotify_interval":60,"require_full_window":true,"thresholds":{"critical":2,"critical_recovery":1.5,"warning":1,"warning_recovery":0.5},"timeout_h":60},"query":"avg(last_1h):avg:aws.ec2.cpu{environment:foo,host:foo,test_datasource_monitor_scope:tf_TestAccDatadogMonitorDatasource_local_1597737257} by {host} \u003e 2","tags":["baz","test_datasource_monitor:tf_TestAccDatadogMonitorDatasource_local_1597737257"],"type":"query alert"}
    form: {}
    headers:
      Accept:
      - application/json
      Content-Type:
      - application/json
      Dd-Operation-Id:
      - ValidateMonitor
      User-Agent:
      - terraform-provider-datadog/dev (terraform 1.10.0; terraform-cli 0.12.7-sdk)
        datadog-api-client-go/1.0.0-beta.8+dev (go go1.14.7; os darwin; arch amd64)
      X-Datadog-Parent-Id:
      - "6234057855652922781"
      X-Datadog-Sampling-Priority:
      - "1"
      X-Datadog-Trace-Id:
      - "4873118076939435338"
    url: https://api.datadoghq.com/api/v1/monitor/validate
    method: POST
  response:
    body: '{}'
    headers:
      Cache-Control:
      - no-cache
      Connection:
      - keep-alive
      Content-Length:
      - "2"
      Content-Security-Policy:
      - frame-ancestors 'self'; report-uri https://api.datadoghq.com/csp-report
      Content-Type:
      - application/json; charset=utf-8
      Date:
      - Tue, 18 Aug 2020 07:54:18 GMT
      Dd-Pool:
      - dogweb
      Pragma:
      - no-cache
      Set-Cookie:
      - DD-PSHARD=233; Max-Age=604800; Path=/; expires=Tue, 25-Aug-2020 07:54:18 GMT;
        secure; HttpOnly
      Strict-Transport-Security:
      - max-age=15724800;
      X-Content-Type-Options:
      - nosniff
      X-Dd-Debug:
      - USPe37g2wIwIGkWqvMeYK22fiihO1rdleNZ85kBYngzEXbpyfQ3VYIDyHV+nawI1
      X-Dd-Version:
      - "35.2892776"
      X-Frame-Options:
      - SAMEORIGIN
    status: 200 OK
    code: 200
    duration: ""
- request:
    body: |
      {"message":"some message Notify: @hipchat-channel","name":"tf_TestAccDatadogMonitorDatasource_local_1597737257","options":{"escalation_message":"the situation has escalated @pagerduty","evaluation_delay":700,"include_tags":true,"new_host_delay":600,"no_data_timeframe":10,"notify_no_data":false,"renotify_interval":60,"require_full_window":true,"thresholds":{"critical":2,"critical_recovery":1.5,"warning":1,"warning_recovery":0.5},"timeout_h":60},"query":"avg(last_1h):avg:aws.ec2.cpu{environment:foo,host:foo,test_datasource_monitor_scope:tf_TestAccDatadogMonitorDatasource_local_1597737257} by {host} \u003e 2","tags":["baz","test_datasource_monitor:tf_TestAccDatadogMonitorDatasource_local_1597737257"],"type":"query alert"}
    form: {}
    headers:
      Accept:
      - application/json
      Content-Type:
      - application/json
      Dd-Operation-Id:
      - ValidateMonitor
      User-Agent:
      - terraform-provider-datadog/dev (terraform 1.10.0; terraform-cli 0.12.7-sdk)
        datadog-api-client-go/1.0.0-beta.8+dev (go go1.14.7; os darwin; arch amd64)
      X-Datadog-Parent-Id:
      - "2978521132437323175"
      X-Datadog-Sampling-Priority:
      - "1"
      X-Datadog-Trace-Id:
      - "4873118076939435338"
    url: https://api.datadoghq.com/api/v1/monitor/validate
    method: POST
  response:
    body: '{}'
    headers:
      Cache-Control:
      - no-cache
      Connection:
      - keep-alive
      Content-Length:
      - "2"
      Content-Security-Policy:
      - frame-ancestors 'self'; report-uri https://api.datadoghq.com/csp-report
      Content-Type:
      - application/json; charset=utf-8
      Date:
      - Tue, 18 Aug 2020 07:54:18 GMT
      Dd-Pool:
      - dogweb
      Pragma:
      - no-cache
      Set-Cookie:
      - DD-PSHARD=233; Max-Age=604800; Path=/; expires=Tue, 25-Aug-2020 07:54:18 GMT;
        secure; HttpOnly
      Strict-Transport-Security:
      - max-age=15724800;
      X-Content-Type-Options:
      - nosniff
      X-Dd-Debug:
      - sKAY0l5Dq+9OdN3cdjnBmv3dOgVdaJs4B9XR5o+IUZC5EZY9C+nnqv+YslWCCjmi
      X-Dd-Version:
      - "35.2892776"
      X-Frame-Options:
      - SAMEORIGIN
    status: 200 OK
    code: 200
    duration: ""
- request:
    body: |
      {"message":"some message Notify: @hipchat-channel","name":"tf_TestAccDatadogMonitorDatasource_local_1597737257","options":{"escalation_message":"the situation has escalated @pagerduty","evaluation_delay":700,"include_tags":true,"new_host_delay":600,"notify_no_data":false,"renotify_interval":60,"require_full_window":true,"thresholds":{"critical":2,"critical_recovery":1.5,"warning":1,"warning_recovery":0.5},"timeout_h":60},"query":"avg(last_1h):avg:aws.ec2.cpu{environment:foo,host:foo,test_datasource_monitor_scope:tf_TestAccDatadogMonitorDatasource_local_1597737257} by {host} \u003e 2","tags":["baz","test_datasource_monitor:tf_TestAccDatadogMonitorDatasource_local_1597737257"],"type":"query alert"}
    form: {}
    headers:
      Accept:
      - application/json
      Content-Type:
      - application/json
      Dd-Operation-Id:
      - CreateMonitor
      User-Agent:
      - terraform-provider-datadog/dev (terraform 1.10.0; terraform-cli 0.12.7-sdk)
        datadog-api-client-go/1.0.0-beta.8+dev (go go1.14.7; os darwin; arch amd64)
      X-Datadog-Parent-Id:
      - "7045248942812559889"
      X-Datadog-Sampling-Priority:
      - "1"
      X-Datadog-Trace-Id:
      - "4873118076939435338"
    url: https://api.datadoghq.com/api/v1/monitor
    method: POST
  response:
    body: '{"restricted_roles":null,"tags":["baz","test_datasource_monitor:tf_TestAccDatadogMonitorDatasource_local_1597737257"],"deleted":null,"query":"avg(last_1h):avg:aws.ec2.cpu{environment:foo,host:foo,test_datasource_monitor_scope:tf_TestAccDatadogMonitorDatasource_local_1597737257}
      by {host} > 2","message":"some message Notify: @hipchat-channel","id":21224361,"multi":true,"name":"tf_TestAccDatadogMonitorDatasource_local_1597737257","created":"2020-08-18T07:54:18.754307+00:00","created_at":1597737258000,"creator":{"id":1445416,"handle":"frog@datadoghq.com","name":null,"email":"frog@datadoghq.com"},"org_id":321813,"modified":"2020-08-18T07:54:18.754307+00:00","overall_state_modified":null,"overall_state":"No
      Data","type":"query alert","options":{"notify_audit":false,"locked":false,"timeout_h":60,"silenced":{},"include_tags":true,"thresholds":{"critical":2.0,"warning":1.0,"warning_recovery":0.5,"critical_recovery":1.5},"new_host_delay":600,"require_full_window":true,"notify_no_data":false,"renotify_interval":60,"evaluation_delay":700,"escalation_message":"the
      situation has escalated @pagerduty"}}'
    headers:
      Cache-Control:
      - no-cache
      Connection:
      - keep-alive
      Content-Security-Policy:
      - frame-ancestors 'self'; report-uri https://api.datadoghq.com/csp-report
      Content-Type:
      - application/json; charset=utf-8
      Date:
      - Tue, 18 Aug 2020 07:54:18 GMT
      Dd-Pool:
      - dogweb
      Pragma:
      - no-cache
      Set-Cookie:
      - DD-PSHARD=233; Max-Age=604800; Path=/; expires=Tue, 25-Aug-2020 07:54:18 GMT;
        secure; HttpOnly
      Strict-Transport-Security:
      - max-age=15724800;
      Vary:
      - Accept-Encoding
      X-Content-Type-Options:
      - nosniff
      X-Dd-Debug:
      - 5wdhN0hQ3iCb6rPEyTmtJgDoUUDVVv7iPVPqacx637Q129Xhp7q16M7tWLSeKwvC
      X-Dd-Version:
      - "35.2892776"
      X-Frame-Options:
      - SAMEORIGIN
      X-Ratelimit-Limit:
      - "500"
      X-Ratelimit-Period:
      - "10"
      X-Ratelimit-Remaining:
      - "497"
      X-Ratelimit-Reset:
      - "2"
    status: 200 OK
    code: 200
    duration: ""
- request:
    body: ""
    form: {}
    headers:
      Accept:
      - application/json
      Dd-Operation-Id:
      - GetMonitor
      User-Agent:
      - terraform-provider-datadog/dev (terraform 1.10.0; terraform-cli 0.12.7-sdk)
        datadog-api-client-go/1.0.0-beta.8+dev (go go1.14.7; os darwin; arch amd64)
      X-Datadog-Parent-Id:
      - "4576646004678928707"
      X-Datadog-Sampling-Priority:
      - "1"
      X-Datadog-Trace-Id:
      - "4873118076939435338"
    url: https://api.datadoghq.com/api/v1/monitor/21224361
    method: GET
  response:
    body: '{"restricted_roles":null,"tags":["baz","test_datasource_monitor:tf_TestAccDatadogMonitorDatasource_local_1597737257"],"deleted":null,"query":"avg(last_1h):avg:aws.ec2.cpu{environment:foo,host:foo,test_datasource_monitor_scope:tf_TestAccDatadogMonitorDatasource_local_1597737257}
      by {host} > 2","message":"some message Notify: @hipchat-channel","id":21224361,"multi":true,"name":"tf_TestAccDatadogMonitorDatasource_local_1597737257","created":"2020-08-18T07:54:18.754307+00:00","created_at":1597737258000,"creator":{"id":1445416,"handle":"frog@datadoghq.com","name":null,"email":"frog@datadoghq.com"},"org_id":321813,"modified":"2020-08-18T07:54:18.754307+00:00","overall_state_modified":null,"overall_state":"No
      Data","type":"query alert","options":{"notify_audit":false,"locked":false,"timeout_h":60,"silenced":{},"include_tags":true,"thresholds":{"critical":2.0,"warning":1.0,"warning_recovery":0.5,"critical_recovery":1.5},"new_host_delay":600,"require_full_window":true,"notify_no_data":false,"renotify_interval":60,"evaluation_delay":700,"escalation_message":"the
      situation has escalated @pagerduty"}}'
    headers:
      Cache-Control:
      - no-cache
      Connection:
      - keep-alive
      Content-Security-Policy:
      - frame-ancestors 'self'; report-uri https://api.datadoghq.com/csp-report
      Content-Type:
      - application/json; charset=utf-8
      Date:
      - Tue, 18 Aug 2020 07:54:19 GMT
      Dd-Pool:
      - dogweb
      Pragma:
      - no-cache
      Set-Cookie:
      - DD-PSHARD=233; Max-Age=604800; Path=/; expires=Tue, 25-Aug-2020 07:54:18 GMT;
        secure; HttpOnly
      Strict-Transport-Security:
      - max-age=15724800;
      Vary:
      - Accept-Encoding
      X-Content-Type-Options:
      - nosniff
      X-Dd-Debug:
      - P6Akw3EF5CkRD9dRTLe+2D7FUH3E+plOtxsv0XR1d07sSAJOUbLe0N5LZ7Ruz6Fj
      X-Dd-Version:
      - "35.2892776"
      X-Frame-Options:
      - SAMEORIGIN
      X-Ratelimit-Limit:
      - "3000"
      X-Ratelimit-Period:
      - "10"
      X-Ratelimit-Remaining:
      - "2998"
      X-Ratelimit-Reset:
      - "2"
    status: 200 OK
    code: 200
    duration: ""
- request:
    body: ""
    form: {}
    headers:
      Accept:
      - application/json
      Dd-Operation-Id:
      - ListMonitors
      User-Agent:
      - terraform-provider-datadog/dev (terraform 1.10.0; terraform-cli 0.12.7-sdk)
        datadog-api-client-go/1.0.0-beta.8+dev (go go1.14.7; os darwin; arch amd64)
      X-Datadog-Parent-Id:
      - "4363187568343781130"
      X-Datadog-Sampling-Priority:
      - "1"
      X-Datadog-Trace-Id:
      - "4873118076939435338"
    url: https://api.datadoghq.com/api/v1/monitor?name=tf_TestAccDatadogMonitorDatasource_local_1597737257
    method: GET
  response:
    body: '[{"restricted_roles":null,"tags":["baz","test_datasource_monitor:tf_TestAccDatadogMonitorDatasource_local_1597737257"],"deleted":null,"query":"avg(last_1h):avg:aws.ec2.cpu{environment:foo,host:foo,test_datasource_monitor_scope:tf_TestAccDatadogMonitorDatasource_local_1597737257}
      by {host} > 2","message":"some message Notify: @hipchat-channel","matching_downtimes":[],"id":21224361,"multi":true,"name":"tf_TestAccDatadogMonitorDatasource_local_1597737257","created":"2020-08-18T07:54:18.754307+00:00","created_at":1597737258000,"creator":{"id":1445416,"handle":"frog@datadoghq.com","name":null,"email":"frog@datadoghq.com"},"org_id":321813,"modified":"2020-08-18T07:54:18.754307+00:00","overall_state_modified":null,"overall_state":"No
      Data","type":"query alert","options":{"notify_audit":false,"locked":false,"timeout_h":60,"silenced":{},"include_tags":true,"thresholds":{"critical":2.0,"warning":1.0,"warning_recovery":0.5,"critical_recovery":1.5},"new_host_delay":600,"require_full_window":true,"notify_no_data":false,"renotify_interval":60,"evaluation_delay":700,"escalation_message":"the
      situation has escalated @pagerduty"}}]'
    headers:
      Cache-Control:
      - no-cache
      Connection:
      - keep-alive
      Content-Security-Policy:
      - frame-ancestors 'self'; report-uri https://api.datadoghq.com/csp-report
      Content-Type:
      - application/json
      Date:
      - Tue, 18 Aug 2020 07:54:19 GMT
      Dd-Pool:
      - dogweb
      Etag:
      - W/"1816a82b0b27b46550566e8f93cbf100"
      Pragma:
      - no-cache
      Set-Cookie:
      - DD-PSHARD=233; Max-Age=604800; Path=/; expires=Tue, 25-Aug-2020 07:54:19 GMT;
        secure; HttpOnly
      Strict-Transport-Security:
      - max-age=15724800;
      Vary:
      - Accept-Encoding
      X-Content-Type-Options:
      - nosniff
      X-Dd-Debug:
      - qQXsO+f4B3HCvLT+wx7LVBDCKoA9+mEzcYYTapfT4+npOWtAMz9R4B+8HSWkVhsm
      X-Dd-Version:
      - "35.2892776"
      X-Frame-Options:
      - SAMEORIGIN
      X-Ratelimit-Limit:
      - "1000"
      X-Ratelimit-Period:
      - "10"
      X-Ratelimit-Remaining:
      - "999"
      X-Ratelimit-Reset:
      - "1"
    status: 200 OK
    code: 200
    duration: ""
- request:
    body: ""
    form: {}
    headers:
      User-Agent:
      - terraform-provider-datadog/dev (terraform 1.10.0; terraform-cli 0.12.7-sdk)
        datadog-api-client-go/go-datadog-api (go go1.14.7; os darwin; arch amd64)
      X-Datadog-Parent-Id:
      - "4731789639393920922"
      X-Datadog-Sampling-Priority:
      - "1"
      X-Datadog-Trace-Id:
      - "4731789639393920922"
    url: https://api.datadoghq.com/api/v1/monitor/21224361
    method: GET
  response:
    body: '{"restricted_roles":null,"tags":["baz","test_datasource_monitor:tf_TestAccDatadogMonitorDatasource_local_1597737257"],"deleted":null,"query":"avg(last_1h):avg:aws.ec2.cpu{environment:foo,host:foo,test_datasource_monitor_scope:tf_TestAccDatadogMonitorDatasource_local_1597737257}
      by {host} > 2","message":"some message Notify: @hipchat-channel","id":21224361,"multi":true,"name":"tf_TestAccDatadogMonitorDatasource_local_1597737257","created":"2020-08-18T07:54:18.754307+00:00","created_at":1597737258000,"creator":{"id":1445416,"handle":"frog@datadoghq.com","name":null,"email":"frog@datadoghq.com"},"org_id":321813,"modified":"2020-08-18T07:54:18.754307+00:00","overall_state_modified":null,"overall_state":"No
      Data","type":"query alert","options":{"notify_audit":false,"locked":false,"timeout_h":60,"silenced":{},"include_tags":true,"thresholds":{"critical":2.0,"warning":1.0,"warning_recovery":0.5,"critical_recovery":1.5},"new_host_delay":600,"require_full_window":true,"notify_no_data":false,"renotify_interval":60,"evaluation_delay":700,"escalation_message":"the
      situation has escalated @pagerduty"}}'
    headers:
      Cache-Control:
      - no-cache
      Connection:
      - keep-alive
      Content-Security-Policy:
      - frame-ancestors 'self'; report-uri https://api.datadoghq.com/csp-report
      Content-Type:
      - application/json; charset=utf-8
      Date:
      - Tue, 18 Aug 2020 07:54:19 GMT
      Dd-Pool:
      - dogweb
      Pragma:
      - no-cache
      Set-Cookie:
      - DD-PSHARD=233; Max-Age=604800; Path=/; expires=Tue, 25-Aug-2020 07:54:19 GMT;
        secure; HttpOnly
      Strict-Transport-Security:
      - max-age=15724800;
      Vary:
      - Accept-Encoding
      X-Content-Type-Options:
      - nosniff
      X-Dd-Debug:
      - t3HUEZc5ir8lXNnqzkff2uqNehUi1czGcghjOPRgwaz4xZmG6O4HwEI6mdtgJV0i
      X-Dd-Version:
      - "35.2892776"
      X-Frame-Options:
      - SAMEORIGIN
      X-Ratelimit-Limit:
      - "3000"
      X-Ratelimit-Period:
      - "10"
      X-Ratelimit-Remaining:
      - "2985"
      X-Ratelimit-Reset:
      - "1"
    status: 200 OK
    code: 200
    duration: ""
- request:
    body: ""
    form: {}
    headers:
      User-Agent:
      - terraform-provider-datadog/dev (terraform 1.10.0; terraform-cli 0.12.7-sdk)
        datadog-api-client-go/go-datadog-api (go go1.14.7; os darwin; arch amd64)
      X-Datadog-Parent-Id:
      - "4788410378359380900"
      X-Datadog-Sampling-Priority:
      - "1"
      X-Datadog-Trace-Id:
      - "4788410378359380900"
    url: https://api.datadoghq.com/api/v1/monitor/21224361
    method: GET
  response:
    body: '{"restricted_roles":null,"tags":["baz","test_datasource_monitor:tf_TestAccDatadogMonitorDatasource_local_1597737257"],"deleted":null,"query":"avg(last_1h):avg:aws.ec2.cpu{environment:foo,host:foo,test_datasource_monitor_scope:tf_TestAccDatadogMonitorDatasource_local_1597737257}
      by {host} > 2","message":"some message Notify: @hipchat-channel","id":21224361,"multi":true,"name":"tf_TestAccDatadogMonitorDatasource_local_1597737257","created":"2020-08-18T07:54:18.754307+00:00","created_at":1597737258000,"creator":{"id":1445416,"handle":"frog@datadoghq.com","name":null,"email":"frog@datadoghq.com"},"org_id":321813,"modified":"2020-08-18T07:54:18.754307+00:00","overall_state_modified":null,"overall_state":"No
      Data","type":"query alert","options":{"notify_audit":false,"locked":false,"timeout_h":60,"silenced":{},"include_tags":true,"thresholds":{"critical":2.0,"warning":1.0,"warning_recovery":0.5,"critical_recovery":1.5},"new_host_delay":600,"require_full_window":true,"notify_no_data":false,"renotify_interval":60,"evaluation_delay":700,"escalation_message":"the
      situation has escalated @pagerduty"}}'
    headers:
      Cache-Control:
      - no-cache
      Connection:
      - keep-alive
      Content-Security-Policy:
      - frame-ancestors 'self'; report-uri https://api.datadoghq.com/csp-report
      Content-Type:
      - application/json; charset=utf-8
      Date:
      - Tue, 18 Aug 2020 07:54:19 GMT
      Dd-Pool:
      - dogweb
      Pragma:
      - no-cache
      Set-Cookie:
      - DD-PSHARD=233; Max-Age=604800; Path=/; expires=Tue, 25-Aug-2020 07:54:19 GMT;
        secure; HttpOnly
      Strict-Transport-Security:
      - max-age=15724800;
      Vary:
      - Accept-Encoding
      X-Content-Type-Options:
      - nosniff
      X-Dd-Debug:
      - 5H2EXEXOPQC4s7BfWBFjlM6rKywFNh1Cf33eK1xYuPFdBfR+3y2m7Dyr75gZ4kw1
      X-Dd-Version:
      - "35.2892776"
      X-Frame-Options:
      - SAMEORIGIN
      X-Ratelimit-Limit:
      - "3000"
      X-Ratelimit-Period:
      - "10"
      X-Ratelimit-Remaining:
      - "2983"
      X-Ratelimit-Reset:
      - "1"
    status: 200 OK
    code: 200
    duration: ""
- request:
    body: |
      {"message":"some message Notify: @hipchat-channel","name":"tf_TestAccDatadogMonitorDatasource_local_1597737257","options":{"escalation_message":"the situation has escalated @pagerduty","evaluation_delay":700,"include_tags":true,"new_host_delay":600,"no_data_timeframe":10,"notify_no_data":false,"renotify_interval":60,"require_full_window":true,"thresholds":{"critical":2,"critical_recovery":1.5,"warning":1,"warning_recovery":0.5},"timeout_h":60},"query":"avg(last_1h):avg:aws.ec2.cpu{environment:foo,host:foo,test_datasource_monitor_scope:tf_TestAccDatadogMonitorDatasource_local_1597737257} by {host} \u003e 2","tags":["baz","test_datasource_monitor:tf_TestAccDatadogMonitorDatasource_local_1597737257"],"type":"query alert"}
    form: {}
    headers:
      Accept:
      - application/json
      Content-Type:
      - application/json
      Dd-Operation-Id:
      - ValidateMonitor
      User-Agent:
      - terraform-provider-datadog/dev (terraform 1.10.0; terraform-cli 0.12.7-sdk)
        datadog-api-client-go/1.0.0-beta.8+dev (go go1.14.7; os darwin; arch amd64)
      X-Datadog-Parent-Id:
      - "7729388238377129255"
      X-Datadog-Sampling-Priority:
      - "1"
      X-Datadog-Trace-Id:
      - "4873118076939435338"
    url: https://api.datadoghq.com/api/v1/monitor/validate
    method: POST
  response:
    body: '{}'
    headers:
      Cache-Control:
      - no-cache
      Connection:
      - keep-alive
      Content-Length:
      - "2"
      Content-Security-Policy:
      - frame-ancestors 'self'; report-uri https://api.datadoghq.com/csp-report
      Content-Type:
      - application/json; charset=utf-8
      Date:
      - Tue, 18 Aug 2020 07:54:19 GMT
      Dd-Pool:
      - dogweb
      Pragma:
      - no-cache
      Set-Cookie:
      - DD-PSHARD=233; Max-Age=604800; Path=/; expires=Tue, 25-Aug-2020 07:54:19 GMT;
        secure; HttpOnly
      Strict-Transport-Security:
      - max-age=15724800;
      X-Content-Type-Options:
      - nosniff
      X-Dd-Debug:
      - OSnlMA94qf6tQJCwfvEoH/jwX/DggtlgsdqS+e+OJa9tWKbj5pKt4hrEHvm/iLkj
      X-Dd-Version:
      - "35.2892776"
      X-Frame-Options:
      - SAMEORIGIN
    status: 200 OK
    code: 200
    duration: ""
- request:
    body: ""
    form: {}
    headers:
      Accept:
      - application/json
      Dd-Operation-Id:
      - GetMonitor
      User-Agent:
      - terraform-provider-datadog/dev (terraform 1.10.0; terraform-cli 0.12.7-sdk)
        datadog-api-client-go/1.0.0-beta.8+dev (go go1.14.7; os darwin; arch amd64)
      X-Datadog-Parent-Id:
      - "616500909406603020"
      X-Datadog-Sampling-Priority:
      - "1"
      X-Datadog-Trace-Id:
      - "4873118076939435338"
    url: https://api.datadoghq.com/api/v1/monitor/21224361
    method: GET
  response:
    body: '{"restricted_roles":null,"tags":["baz","test_datasource_monitor:tf_TestAccDatadogMonitorDatasource_local_1597737257"],"deleted":null,"query":"avg(last_1h):avg:aws.ec2.cpu{environment:foo,host:foo,test_datasource_monitor_scope:tf_TestAccDatadogMonitorDatasource_local_1597737257}
      by {host} > 2","message":"some message Notify: @hipchat-channel","id":21224361,"multi":true,"name":"tf_TestAccDatadogMonitorDatasource_local_1597737257","created":"2020-08-18T07:54:18.754307+00:00","created_at":1597737258000,"creator":{"id":1445416,"handle":"frog@datadoghq.com","name":null,"email":"frog@datadoghq.com"},"org_id":321813,"modified":"2020-08-18T07:54:18.754307+00:00","overall_state_modified":null,"overall_state":"No
      Data","type":"query alert","options":{"notify_audit":false,"locked":false,"timeout_h":60,"silenced":{},"include_tags":true,"thresholds":{"critical":2.0,"warning":1.0,"warning_recovery":0.5,"critical_recovery":1.5},"new_host_delay":600,"require_full_window":true,"notify_no_data":false,"renotify_interval":60,"evaluation_delay":700,"escalation_message":"the
      situation has escalated @pagerduty"}}'
    headers:
      Cache-Control:
      - no-cache
      Connection:
      - keep-alive
      Content-Security-Policy:
      - frame-ancestors 'self'; report-uri https://api.datadoghq.com/csp-report
      Content-Type:
      - application/json; charset=utf-8
      Date:
      - Tue, 18 Aug 2020 07:54:20 GMT
      Dd-Pool:
      - dogweb
      Pragma:
      - no-cache
      Set-Cookie:
      - DD-PSHARD=233; Max-Age=604800; Path=/; expires=Tue, 25-Aug-2020 07:54:20 GMT;
        secure; HttpOnly
      Strict-Transport-Security:
      - max-age=15724800;
      Vary:
      - Accept-Encoding
      X-Content-Type-Options:
      - nosniff
      X-Dd-Debug:
      - sLT3tMuT71X28AXLk8mlGwO3D5oSAoXgZd6lTF4A+2/3S3PMDx4PqPKge+DRhV/G
      X-Dd-Version:
      - "35.2892776"
      X-Frame-Options:
      - SAMEORIGIN
      X-Ratelimit-Limit:
      - "3000"
      X-Ratelimit-Period:
      - "10"
      X-Ratelimit-Remaining:
      - "2997"
      X-Ratelimit-Reset:
      - "10"
    status: 200 OK
    code: 200
    duration: ""
- request:
    body: ""
    form: {}
    headers:
      Accept:
      - application/json
      Dd-Operation-Id:
      - GetMonitor
      User-Agent:
      - terraform-provider-datadog/dev (terraform 1.10.0; terraform-cli 0.12.7-sdk)
        datadog-api-client-go/1.0.0-beta.8+dev (go go1.14.7; os darwin; arch amd64)
      X-Datadog-Parent-Id:
      - "3244820089648097397"
      X-Datadog-Sampling-Priority:
      - "1"
      X-Datadog-Trace-Id:
      - "4873118076939435338"
    url: https://api.datadoghq.com/api/v1/monitor/21224361
    method: GET
  response:
    body: '{"restricted_roles":null,"tags":["baz","test_datasource_monitor:tf_TestAccDatadogMonitorDatasource_local_1597737257"],"deleted":null,"query":"avg(last_1h):avg:aws.ec2.cpu{environment:foo,host:foo,test_datasource_monitor_scope:tf_TestAccDatadogMonitorDatasource_local_1597737257}
      by {host} > 2","message":"some message Notify: @hipchat-channel","id":21224361,"multi":true,"name":"tf_TestAccDatadogMonitorDatasource_local_1597737257","created":"2020-08-18T07:54:18.754307+00:00","created_at":1597737258000,"creator":{"id":1445416,"handle":"frog@datadoghq.com","name":null,"email":"frog@datadoghq.com"},"org_id":321813,"modified":"2020-08-18T07:54:18.754307+00:00","overall_state_modified":null,"overall_state":"No
      Data","type":"query alert","options":{"notify_audit":false,"locked":false,"timeout_h":60,"silenced":{},"include_tags":true,"thresholds":{"critical":2.0,"warning":1.0,"warning_recovery":0.5,"critical_recovery":1.5},"new_host_delay":600,"require_full_window":true,"notify_no_data":false,"renotify_interval":60,"evaluation_delay":700,"escalation_message":"the
      situation has escalated @pagerduty"}}'
    headers:
      Cache-Control:
      - no-cache
      Connection:
      - keep-alive
      Content-Security-Policy:
      - frame-ancestors 'self'; report-uri https://api.datadoghq.com/csp-report
      Content-Type:
      - application/json; charset=utf-8
      Date:
      - Tue, 18 Aug 2020 07:54:20 GMT
      Dd-Pool:
      - dogweb
      Pragma:
      - no-cache
      Set-Cookie:
      - DD-PSHARD=233; Max-Age=604800; Path=/; expires=Tue, 25-Aug-2020 07:54:20 GMT;
        secure; HttpOnly
      Strict-Transport-Security:
      - max-age=15724800;
      Vary:
      - Accept-Encoding
      X-Content-Type-Options:
      - nosniff
      X-Dd-Debug:
      - ylBElmyGwKGD9U7vyDU/qHCi6QpDzALB8kY9TyVsQmpRCm4VjPYEdilo336ix6wj
      X-Dd-Version:
      - "35.2892776"
      X-Frame-Options:
      - SAMEORIGIN
      X-Ratelimit-Limit:
      - "3000"
      X-Ratelimit-Period:
      - "10"
      X-Ratelimit-Remaining:
      - "2994"
      X-Ratelimit-Reset:
      - "10"
    status: 200 OK
    code: 200
    duration: ""
- request:
    body: |
      {"message":"some message Notify: @hipchat-channel","name":"tf_TestAccDatadogMonitorDatasource_local_1597737257","options":{"escalation_message":"the situation has escalated @pagerduty","evaluation_delay":700,"include_tags":true,"new_host_delay":600,"no_data_timeframe":10,"notify_no_data":false,"renotify_interval":60,"require_full_window":true,"thresholds":{"critical":2,"critical_recovery":1.5,"warning":1,"warning_recovery":0.5},"timeout_h":60},"query":"avg(last_1h):avg:aws.ec2.cpu{environment:foo,host:foo,test_datasource_monitor_scope:tf_TestAccDatadogMonitorDatasource_local_1597737257} by {host} \u003e 2","tags":["baz","test_datasource_monitor:tf_TestAccDatadogMonitorDatasource_local_1597737257"],"type":"query alert"}
    form: {}
    headers:
      Accept:
      - application/json
      Content-Type:
      - application/json
      Dd-Operation-Id:
      - ValidateMonitor
      User-Agent:
      - terraform-provider-datadog/dev (terraform 1.10.0; terraform-cli 0.12.7-sdk)
        datadog-api-client-go/1.0.0-beta.8+dev (go go1.14.7; os darwin; arch amd64)
      X-Datadog-Parent-Id:
      - "2188328867054316072"
      X-Datadog-Sampling-Priority:
      - "1"
      X-Datadog-Trace-Id:
      - "4873118076939435338"
    url: https://api.datadoghq.com/api/v1/monitor/validate
    method: POST
  response:
    body: '{}'
    headers:
      Cache-Control:
      - no-cache
      Connection:
      - keep-alive
      Content-Length:
      - "2"
      Content-Security-Policy:
      - frame-ancestors 'self'; report-uri https://api.datadoghq.com/csp-report
      Content-Type:
      - application/json; charset=utf-8
      Date:
      - Tue, 18 Aug 2020 07:54:20 GMT
      Dd-Pool:
      - dogweb
      Pragma:
      - no-cache
      Set-Cookie:
      - DD-PSHARD=233; Max-Age=604800; Path=/; expires=Tue, 25-Aug-2020 07:54:20 GMT;
        secure; HttpOnly
      Strict-Transport-Security:
      - max-age=15724800;
      X-Content-Type-Options:
      - nosniff
      X-Dd-Debug:
      - L5YZybc1cyjBP6Pj7fxCLn7WXppFUz91jOJ8laQX9oZfrQHZBjzm1VU3LVztvJTa
      X-Dd-Version:
      - "35.2892776"
      X-Frame-Options:
      - SAMEORIGIN
    status: 200 OK
    code: 200
    duration: ""
- request:
    body: ""
    form: {}
    headers:
      Accept:
      - application/json
      Dd-Operation-Id:
      - GetMonitor
      User-Agent:
      - terraform-provider-datadog/dev (terraform 1.10.0; terraform-cli 0.12.7-sdk)
        datadog-api-client-go/1.0.0-beta.8+dev (go go1.14.7; os darwin; arch amd64)
      X-Datadog-Parent-Id:
      - "1665866294284034309"
      X-Datadog-Sampling-Priority:
      - "1"
      X-Datadog-Trace-Id:
      - "4873118076939435338"
    url: https://api.datadoghq.com/api/v1/monitor/21224361
    method: GET
  response:
    body: '{"restricted_roles":null,"tags":["baz","test_datasource_monitor:tf_TestAccDatadogMonitorDatasource_local_1597737257"],"deleted":null,"query":"avg(last_1h):avg:aws.ec2.cpu{environment:foo,host:foo,test_datasource_monitor_scope:tf_TestAccDatadogMonitorDatasource_local_1597737257}
      by {host} > 2","message":"some message Notify: @hipchat-channel","id":21224361,"multi":true,"name":"tf_TestAccDatadogMonitorDatasource_local_1597737257","created":"2020-08-18T07:54:18.754307+00:00","created_at":1597737258000,"creator":{"id":1445416,"handle":"frog@datadoghq.com","name":null,"email":"frog@datadoghq.com"},"org_id":321813,"modified":"2020-08-18T07:54:18.754307+00:00","overall_state_modified":null,"overall_state":"No
      Data","type":"query alert","options":{"notify_audit":false,"locked":false,"timeout_h":60,"silenced":{},"include_tags":true,"thresholds":{"critical":2.0,"warning":1.0,"warning_recovery":0.5,"critical_recovery":1.5},"new_host_delay":600,"require_full_window":true,"notify_no_data":false,"renotify_interval":60,"evaluation_delay":700,"escalation_message":"the
      situation has escalated @pagerduty"}}'
    headers:
      Cache-Control:
      - no-cache
      Connection:
      - keep-alive
      Content-Security-Policy:
      - frame-ancestors 'self'; report-uri https://api.datadoghq.com/csp-report
      Content-Type:
      - application/json; charset=utf-8
      Date:
      - Tue, 18 Aug 2020 07:54:20 GMT
      Dd-Pool:
      - dogweb
      Pragma:
      - no-cache
      Set-Cookie:
      - DD-PSHARD=233; Max-Age=604800; Path=/; expires=Tue, 25-Aug-2020 07:54:20 GMT;
        secure; HttpOnly
      Strict-Transport-Security:
      - max-age=15724800;
      Vary:
      - Accept-Encoding
      X-Content-Type-Options:
      - nosniff
      X-Dd-Debug:
      - 8fXgGAAoNDkfuneKCnTnqB8DKjHLTs+9UWiAzHHQVcEGbAPX4uItc5+97fNEvGUG
      X-Dd-Version:
      - "35.2892776"
      X-Frame-Options:
      - SAMEORIGIN
      X-Ratelimit-Limit:
      - "3000"
      X-Ratelimit-Period:
      - "10"
      X-Ratelimit-Remaining:
      - "2983"
      X-Ratelimit-Reset:
      - "10"
    status: 200 OK
    code: 200
    duration: ""
- request:
    body: ""
    form: {}
    headers:
      Accept:
      - application/json
      Dd-Operation-Id:
      - GetMonitor
      User-Agent:
      - terraform-provider-datadog/dev (terraform 1.10.0; terraform-cli 0.12.7-sdk)
        datadog-api-client-go/1.0.0-beta.8+dev (go go1.14.7; os darwin; arch amd64)
      X-Datadog-Parent-Id:
      - "9129404496556454255"
      X-Datadog-Sampling-Priority:
      - "1"
      X-Datadog-Trace-Id:
      - "4873118076939435338"
    url: https://api.datadoghq.com/api/v1/monitor/21224361
    method: GET
  response:
    body: '{"restricted_roles":null,"tags":["baz","test_datasource_monitor:tf_TestAccDatadogMonitorDatasource_local_1597737257"],"deleted":null,"query":"avg(last_1h):avg:aws.ec2.cpu{environment:foo,host:foo,test_datasource_monitor_scope:tf_TestAccDatadogMonitorDatasource_local_1597737257}
      by {host} > 2","message":"some message Notify: @hipchat-channel","id":21224361,"multi":true,"name":"tf_TestAccDatadogMonitorDatasource_local_1597737257","created":"2020-08-18T07:54:18.754307+00:00","created_at":1597737258000,"creator":{"id":1445416,"handle":"frog@datadoghq.com","name":null,"email":"frog@datadoghq.com"},"org_id":321813,"modified":"2020-08-18T07:54:18.754307+00:00","overall_state_modified":null,"overall_state":"No
      Data","type":"query alert","options":{"notify_audit":false,"locked":false,"timeout_h":60,"silenced":{},"include_tags":true,"thresholds":{"critical":2.0,"warning":1.0,"warning_recovery":0.5,"critical_recovery":1.5},"new_host_delay":600,"require_full_window":true,"notify_no_data":false,"renotify_interval":60,"evaluation_delay":700,"escalation_message":"the
      situation has escalated @pagerduty"}}'
    headers:
      Cache-Control:
      - no-cache
      Connection:
      - keep-alive
      Content-Security-Policy:
      - frame-ancestors 'self'; report-uri https://api.datadoghq.com/csp-report
      Content-Type:
      - application/json; charset=utf-8
      Date:
      - Tue, 18 Aug 2020 07:54:20 GMT
      Dd-Pool:
      - dogweb
      Pragma:
      - no-cache
      Set-Cookie:
      - DD-PSHARD=233; Max-Age=604800; Path=/; expires=Tue, 25-Aug-2020 07:54:20 GMT;
        secure; HttpOnly
      Strict-Transport-Security:
      - max-age=15724800;
      Vary:
      - Accept-Encoding
      X-Content-Type-Options:
      - nosniff
      X-Dd-Debug:
      - shSARNU4/WQFPOKM8NVdagbh/ZoS+zYzlyviY3k5npVGETiEU89iNTNvqiMXn1f6
      X-Dd-Version:
      - "35.2892776"
      X-Frame-Options:
      - SAMEORIGIN
      X-Ratelimit-Limit:
      - "3000"
      X-Ratelimit-Period:
      - "10"
      X-Ratelimit-Remaining:
      - "2980"
      X-Ratelimit-Reset:
      - "10"
    status: 200 OK
    code: 200
    duration: ""
- request:
    body: |
      {"message":"some message Notify: @hipchat-channel","name":"tf_TestAccDatadogMonitorDatasource_local_1597737257","options":{"escalation_message":"the situation has escalated @pagerduty","evaluation_delay":700,"include_tags":true,"new_host_delay":600,"no_data_timeframe":10,"notify_no_data":false,"renotify_interval":60,"require_full_window":true,"thresholds":{"critical":2,"critical_recovery":1.5,"warning":1,"warning_recovery":0.5},"timeout_h":60},"query":"avg(last_1h):avg:aws.ec2.cpu{environment:foo,host:foo,test_datasource_monitor_scope:tf_TestAccDatadogMonitorDatasource_local_1597737257} by {host} \u003e 2","tags":["baz","test_datasource_monitor:tf_TestAccDatadogMonitorDatasource_local_1597737257"],"type":"query alert"}
    form: {}
    headers:
      Accept:
      - application/json
      Content-Type:
      - application/json
      Dd-Operation-Id:
      - ValidateMonitor
      User-Agent:
      - terraform-provider-datadog/dev (terraform 1.10.0; terraform-cli 0.12.7-sdk)
        datadog-api-client-go/1.0.0-beta.8+dev (go go1.14.7; os darwin; arch amd64)
      X-Datadog-Parent-Id:
      - "237053589427010624"
      X-Datadog-Sampling-Priority:
      - "1"
      X-Datadog-Trace-Id:
      - "4873118076939435338"
    url: https://api.datadoghq.com/api/v1/monitor/validate
    method: POST
  response:
    body: '{}'
    headers:
      Cache-Control:
      - no-cache
      Connection:
      - keep-alive
      Content-Length:
      - "2"
      Content-Security-Policy:
      - frame-ancestors 'self'; report-uri https://api.datadoghq.com/csp-report
      Content-Type:
      - application/json; charset=utf-8
      Date:
      - Tue, 18 Aug 2020 07:54:21 GMT
      Dd-Pool:
      - dogweb
      Pragma:
      - no-cache
      Set-Cookie:
      - DD-PSHARD=233; Max-Age=604800; Path=/; expires=Tue, 25-Aug-2020 07:54:21 GMT;
        secure; HttpOnly
      Strict-Transport-Security:
      - max-age=15724800;
      X-Content-Type-Options:
      - nosniff
      X-Dd-Debug:
      - 1yK3PnBzCoxF/WGKEJeJqS2Jb9mutr3xDuvLdPbJCfX1HVDqeCXkaWYDO6wQpQhO
      X-Dd-Version:
      - "35.2892776"
      X-Frame-Options:
      - SAMEORIGIN
    status: 200 OK
    code: 200
    duration: ""
- request:
    body: ""
    form: {}
    headers:
      Accept:
      - application/json
      Dd-Operation-Id:
      - ListMonitors
      User-Agent:
      - terraform-provider-datadog/dev (terraform 1.10.0; terraform-cli 0.12.7-sdk)
        datadog-api-client-go/1.0.0-beta.8+dev (go go1.14.7; os darwin; arch amd64)
      X-Datadog-Parent-Id:
      - "3655174154742550302"
      X-Datadog-Sampling-Priority:
      - "1"
      X-Datadog-Trace-Id:
      - "4873118076939435338"
    url: https://api.datadoghq.com/api/v1/monitor?tags=test_datasource_monitor_scope%3Atf_TestAccDatadogMonitorDatasource_local_1597737257
    method: GET
  response:
    body: '[{"restricted_roles":null,"tags":["baz","test_datasource_monitor:tf_TestAccDatadogMonitorDatasource_local_1597737257"],"deleted":null,"query":"avg(last_1h):avg:aws.ec2.cpu{environment:foo,host:foo,test_datasource_monitor_scope:tf_TestAccDatadogMonitorDatasource_local_1597737257}
      by {host} > 2","message":"some message Notify: @hipchat-channel","matching_downtimes":[],"id":21224361,"multi":true,"name":"tf_TestAccDatadogMonitorDatasource_local_1597737257","created":"2020-08-18T07:54:18.754307+00:00","created_at":1597737258000,"creator":{"id":1445416,"handle":"frog@datadoghq.com","name":null,"email":"frog@datadoghq.com"},"org_id":321813,"modified":"2020-08-18T07:54:18.754307+00:00","overall_state_modified":null,"overall_state":"No
      Data","type":"query alert","options":{"notify_audit":false,"locked":false,"timeout_h":60,"silenced":{},"include_tags":true,"thresholds":{"critical":2.0,"warning":1.0,"warning_recovery":0.5,"critical_recovery":1.5},"new_host_delay":600,"require_full_window":true,"notify_no_data":false,"renotify_interval":60,"evaluation_delay":700,"escalation_message":"the
      situation has escalated @pagerduty"}}]'
    headers:
      Cache-Control:
      - no-cache
      Connection:
      - keep-alive
      Content-Security-Policy:
      - frame-ancestors 'self'; report-uri https://api.datadoghq.com/csp-report
      Content-Type:
      - application/json
      Date:
      - Tue, 18 Aug 2020 07:54:21 GMT
      Dd-Pool:
      - dogweb
      Etag:
      - W/"1816a82b0b27b46550566e8f93cbf100"
      Pragma:
      - no-cache
      Set-Cookie:
      - DD-PSHARD=233; Max-Age=604800; Path=/; expires=Tue, 25-Aug-2020 07:54:21 GMT;
        secure; HttpOnly
      Strict-Transport-Security:
      - max-age=15724800;
      Vary:
      - Accept-Encoding
      X-Content-Type-Options:
      - nosniff
      X-Dd-Debug:
      - PXsBn7cqKzggIvyD8j5x5jml9M2/eD36uWUijJ+SgilVHKKIZzr4rqQ7/eRsKvdS
      X-Dd-Version:
      - "35.2892776"
      X-Frame-Options:
      - SAMEORIGIN
      X-Ratelimit-Limit:
      - "1000"
      X-Ratelimit-Period:
      - "10"
      X-Ratelimit-Remaining:
      - "999"
      X-Ratelimit-Reset:
      - "9"
    status: 200 OK
    code: 200
    duration: ""
- request:
    body: ""
    form: {}
    headers:
      User-Agent:
      - terraform-provider-datadog/dev (terraform 1.10.0; terraform-cli 0.12.7-sdk)
        datadog-api-client-go/go-datadog-api (go go1.14.7; os darwin; arch amd64)
      X-Datadog-Parent-Id:
      - "2726231672255526659"
      X-Datadog-Sampling-Priority:
      - "1"
      X-Datadog-Trace-Id:
      - "2726231672255526659"
    url: https://api.datadoghq.com/api/v1/monitor/21224361
    method: GET
  response:
    body: '{"restricted_roles":null,"tags":["baz","test_datasource_monitor:tf_TestAccDatadogMonitorDatasource_local_1597737257"],"deleted":null,"query":"avg(last_1h):avg:aws.ec2.cpu{environment:foo,host:foo,test_datasource_monitor_scope:tf_TestAccDatadogMonitorDatasource_local_1597737257}
      by {host} > 2","message":"some message Notify: @hipchat-channel","id":21224361,"multi":true,"name":"tf_TestAccDatadogMonitorDatasource_local_1597737257","created":"2020-08-18T07:54:18.754307+00:00","created_at":1597737258000,"creator":{"id":1445416,"handle":"frog@datadoghq.com","name":null,"email":"frog@datadoghq.com"},"org_id":321813,"modified":"2020-08-18T07:54:18.754307+00:00","overall_state_modified":null,"overall_state":"No
      Data","type":"query alert","options":{"notify_audit":false,"locked":false,"timeout_h":60,"silenced":{},"include_tags":true,"thresholds":{"critical":2.0,"warning":1.0,"warning_recovery":0.5,"critical_recovery":1.5},"new_host_delay":600,"require_full_window":true,"notify_no_data":false,"renotify_interval":60,"evaluation_delay":700,"escalation_message":"the
      situation has escalated @pagerduty"}}'
    headers:
      Cache-Control:
      - no-cache
      Connection:
      - keep-alive
      Content-Security-Policy:
      - frame-ancestors 'self'; report-uri https://api.datadoghq.com/csp-report
      Content-Type:
      - application/json; charset=utf-8
      Date:
      - Tue, 18 Aug 2020 07:54:21 GMT
      Dd-Pool:
      - dogweb
      Pragma:
      - no-cache
      Set-Cookie:
      - DD-PSHARD=233; Max-Age=604800; Path=/; expires=Tue, 25-Aug-2020 07:54:21 GMT;
        secure; HttpOnly
      Strict-Transport-Security:
      - max-age=15724800;
      Vary:
      - Accept-Encoding
      X-Content-Type-Options:
      - nosniff
      X-Dd-Debug:
      - aULNoq4B+Li2RyvImqqIGvV9zBOy+W4ECQXeYm6tlt00wjSS0XOfIhyiB91s+vQw
      X-Dd-Version:
      - "35.2892776"
      X-Frame-Options:
      - SAMEORIGIN
      X-Ratelimit-Limit:
      - "3000"
      X-Ratelimit-Period:
      - "10"
      X-Ratelimit-Remaining:
      - "2972"
      X-Ratelimit-Reset:
      - "9"
    status: 200 OK
    code: 200
    duration: ""
- request:
    body: ""
    form: {}
    headers:
      User-Agent:
      - terraform-provider-datadog/dev (terraform 1.10.0; terraform-cli 0.12.7-sdk)
        datadog-api-client-go/go-datadog-api (go go1.14.7; os darwin; arch amd64)
      X-Datadog-Parent-Id:
      - "1311636657068170746"
      X-Datadog-Sampling-Priority:
      - "1"
      X-Datadog-Trace-Id:
      - "1311636657068170746"
    url: https://api.datadoghq.com/api/v1/monitor/21224361
    method: GET
  response:
    body: '{"restricted_roles":null,"tags":["baz","test_datasource_monitor:tf_TestAccDatadogMonitorDatasource_local_1597737257"],"deleted":null,"query":"avg(last_1h):avg:aws.ec2.cpu{environment:foo,host:foo,test_datasource_monitor_scope:tf_TestAccDatadogMonitorDatasource_local_1597737257}
      by {host} > 2","message":"some message Notify: @hipchat-channel","id":21224361,"multi":true,"name":"tf_TestAccDatadogMonitorDatasource_local_1597737257","created":"2020-08-18T07:54:18.754307+00:00","created_at":1597737258000,"creator":{"id":1445416,"handle":"frog@datadoghq.com","name":null,"email":"frog@datadoghq.com"},"org_id":321813,"modified":"2020-08-18T07:54:18.754307+00:00","overall_state_modified":null,"overall_state":"No
      Data","type":"query alert","options":{"notify_audit":false,"locked":false,"timeout_h":60,"silenced":{},"include_tags":true,"thresholds":{"critical":2.0,"warning":1.0,"warning_recovery":0.5,"critical_recovery":1.5},"new_host_delay":600,"require_full_window":true,"notify_no_data":false,"renotify_interval":60,"evaluation_delay":700,"escalation_message":"the
      situation has escalated @pagerduty"}}'
    headers:
      Cache-Control:
      - no-cache
      Connection:
      - keep-alive
      Content-Security-Policy:
      - frame-ancestors 'self'; report-uri https://api.datadoghq.com/csp-report
      Content-Type:
      - application/json; charset=utf-8
      Date:
      - Tue, 18 Aug 2020 07:54:22 GMT
      Dd-Pool:
      - dogweb
      Pragma:
      - no-cache
      Set-Cookie:
      - DD-PSHARD=233; Max-Age=604800; Path=/; expires=Tue, 25-Aug-2020 07:54:21 GMT;
        secure; HttpOnly
      Strict-Transport-Security:
      - max-age=15724800;
      Vary:
      - Accept-Encoding
      X-Content-Type-Options:
      - nosniff
      X-Dd-Debug:
      - cwBlcFIcwDsv4IobSK5BCzc5xYE7Ob8qdF8Udq49IJhq23UAvY7SHKc1FyJJqC66
      X-Dd-Version:
      - "35.2892776"
      X-Frame-Options:
      - SAMEORIGIN
      X-Ratelimit-Limit:
      - "3000"
      X-Ratelimit-Period:
      - "10"
      X-Ratelimit-Remaining:
      - "2965"
      X-Ratelimit-Reset:
      - "9"
    status: 200 OK
    code: 200
    duration: ""
- request:
    body: |
      {"message":"some message Notify: @hipchat-channel","name":"tf_TestAccDatadogMonitorDatasource_local_1597737257","options":{"escalation_message":"the situation has escalated @pagerduty","evaluation_delay":700,"include_tags":true,"new_host_delay":600,"no_data_timeframe":10,"notify_no_data":false,"renotify_interval":60,"require_full_window":true,"thresholds":{"critical":2,"critical_recovery":1.5,"warning":1,"warning_recovery":0.5},"timeout_h":60},"query":"avg(last_1h):avg:aws.ec2.cpu{environment:foo,host:foo,test_datasource_monitor_scope:tf_TestAccDatadogMonitorDatasource_local_1597737257} by {host} \u003e 2","tags":["baz","test_datasource_monitor:tf_TestAccDatadogMonitorDatasource_local_1597737257"],"type":"query alert"}
    form: {}
    headers:
      Accept:
      - application/json
      Content-Type:
      - application/json
      Dd-Operation-Id:
      - ValidateMonitor
      User-Agent:
      - terraform-provider-datadog/dev (terraform 1.10.0; terraform-cli 0.12.7-sdk)
        datadog-api-client-go/1.0.0-beta.8+dev (go go1.14.7; os darwin; arch amd64)
      X-Datadog-Parent-Id:
      - "1061886719745994774"
      X-Datadog-Sampling-Priority:
      - "1"
      X-Datadog-Trace-Id:
      - "4873118076939435338"
    url: https://api.datadoghq.com/api/v1/monitor/validate
    method: POST
  response:
    body: '{}'
    headers:
      Cache-Control:
      - no-cache
      Connection:
      - keep-alive
      Content-Length:
      - "2"
      Content-Security-Policy:
      - frame-ancestors 'self'; report-uri https://api.datadoghq.com/csp-report
      Content-Type:
      - application/json; charset=utf-8
      Date:
      - Tue, 18 Aug 2020 07:54:22 GMT
      Dd-Pool:
      - dogweb
      Pragma:
      - no-cache
      Set-Cookie:
      - DD-PSHARD=233; Max-Age=604800; Path=/; expires=Tue, 25-Aug-2020 07:54:22 GMT;
        secure; HttpOnly
      Strict-Transport-Security:
      - max-age=15724800;
      X-Content-Type-Options:
      - nosniff
      X-Dd-Debug:
      - Y8u+fIaXZZ2yK5ttthsjkZm5Z3VHyXaOdS8/tSd/bNF4IfeGhCl8vKDnFe8gSTEA
      X-Dd-Version:
      - "35.2892776"
      X-Frame-Options:
      - SAMEORIGIN
    status: 200 OK
    code: 200
    duration: ""
- request:
    body: ""
    form: {}
    headers:
      Accept:
      - application/json
      Dd-Operation-Id:
      - GetMonitor
      User-Agent:
      - terraform-provider-datadog/dev (terraform 1.10.0; terraform-cli 0.12.7-sdk)
        datadog-api-client-go/1.0.0-beta.8+dev (go go1.14.7; os darwin; arch amd64)
      X-Datadog-Parent-Id:
      - "7184837567565776715"
      X-Datadog-Sampling-Priority:
      - "1"
      X-Datadog-Trace-Id:
      - "4873118076939435338"
    url: https://api.datadoghq.com/api/v1/monitor/21224361
    method: GET
  response:
    body: '{"restricted_roles":null,"tags":["baz","test_datasource_monitor:tf_TestAccDatadogMonitorDatasource_local_1597737257"],"deleted":null,"query":"avg(last_1h):avg:aws.ec2.cpu{environment:foo,host:foo,test_datasource_monitor_scope:tf_TestAccDatadogMonitorDatasource_local_1597737257}
      by {host} > 2","message":"some message Notify: @hipchat-channel","id":21224361,"multi":true,"name":"tf_TestAccDatadogMonitorDatasource_local_1597737257","created":"2020-08-18T07:54:18.754307+00:00","created_at":1597737258000,"creator":{"id":1445416,"handle":"frog@datadoghq.com","name":null,"email":"frog@datadoghq.com"},"org_id":321813,"modified":"2020-08-18T07:54:18.754307+00:00","overall_state_modified":null,"overall_state":"No
      Data","type":"query alert","options":{"notify_audit":false,"locked":false,"timeout_h":60,"silenced":{},"include_tags":true,"thresholds":{"critical":2.0,"warning":1.0,"warning_recovery":0.5,"critical_recovery":1.5},"new_host_delay":600,"require_full_window":true,"notify_no_data":false,"renotify_interval":60,"evaluation_delay":700,"escalation_message":"the
      situation has escalated @pagerduty"}}'
    headers:
      Cache-Control:
      - no-cache
      Connection:
      - keep-alive
      Content-Security-Policy:
      - frame-ancestors 'self'; report-uri https://api.datadoghq.com/csp-report
      Content-Type:
      - application/json; charset=utf-8
      Date:
      - Tue, 18 Aug 2020 07:54:22 GMT
      Dd-Pool:
      - dogweb
      Pragma:
      - no-cache
      Set-Cookie:
      - DD-PSHARD=233; Max-Age=604800; Path=/; expires=Tue, 25-Aug-2020 07:54:22 GMT;
        secure; HttpOnly
      Strict-Transport-Security:
      - max-age=15724800;
      Vary:
      - Accept-Encoding
      X-Content-Type-Options:
      - nosniff
      X-Dd-Debug:
      - L5YZybc1cyjBP6Pj7fxCLn7WXppFUz91jOJ8laQX9oZfrQHZBjzm1VU3LVztvJTa
      X-Dd-Version:
      - "35.2892776"
      X-Frame-Options:
      - SAMEORIGIN
      X-Ratelimit-Limit:
      - "3000"
      X-Ratelimit-Period:
      - "10"
      X-Ratelimit-Remaining:
      - "2959"
      X-Ratelimit-Reset:
      - "8"
    status: 200 OK
    code: 200
    duration: ""
- request:
    body: ""
    form: {}
    headers:
      Accept:
      - application/json
      Dd-Operation-Id:
      - GetMonitor
      User-Agent:
      - terraform-provider-datadog/dev (terraform 1.10.0; terraform-cli 0.12.7-sdk)
        datadog-api-client-go/1.0.0-beta.8+dev (go go1.14.7; os darwin; arch amd64)
      X-Datadog-Parent-Id:
      - "7055767988608566417"
      X-Datadog-Sampling-Priority:
      - "1"
      X-Datadog-Trace-Id:
      - "4873118076939435338"
    url: https://api.datadoghq.com/api/v1/monitor/21224361
    method: GET
  response:
    body: '{"restricted_roles":null,"tags":["baz","test_datasource_monitor:tf_TestAccDatadogMonitorDatasource_local_1597737257"],"deleted":null,"query":"avg(last_1h):avg:aws.ec2.cpu{environment:foo,host:foo,test_datasource_monitor_scope:tf_TestAccDatadogMonitorDatasource_local_1597737257}
      by {host} > 2","message":"some message Notify: @hipchat-channel","id":21224361,"multi":true,"name":"tf_TestAccDatadogMonitorDatasource_local_1597737257","created":"2020-08-18T07:54:18.754307+00:00","created_at":1597737258000,"creator":{"id":1445416,"handle":"frog@datadoghq.com","name":null,"email":"frog@datadoghq.com"},"org_id":321813,"modified":"2020-08-18T07:54:18.754307+00:00","overall_state_modified":null,"overall_state":"No
      Data","type":"query alert","options":{"notify_audit":false,"locked":false,"timeout_h":60,"silenced":{},"include_tags":true,"thresholds":{"critical":2.0,"warning":1.0,"warning_recovery":0.5,"critical_recovery":1.5},"new_host_delay":600,"require_full_window":true,"notify_no_data":false,"renotify_interval":60,"evaluation_delay":700,"escalation_message":"the
      situation has escalated @pagerduty"}}'
    headers:
      Cache-Control:
      - no-cache
      Connection:
      - keep-alive
      Content-Security-Policy:
      - frame-ancestors 'self'; report-uri https://api.datadoghq.com/csp-report
      Content-Type:
      - application/json; charset=utf-8
      Date:
      - Tue, 18 Aug 2020 07:54:22 GMT
      Dd-Pool:
      - dogweb
      Pragma:
      - no-cache
      Set-Cookie:
      - DD-PSHARD=233; Max-Age=604800; Path=/; expires=Tue, 25-Aug-2020 07:54:22 GMT;
        secure; HttpOnly
      Strict-Transport-Security:
      - max-age=15724800;
      Vary:
      - Accept-Encoding
      X-Content-Type-Options:
      - nosniff
      X-Dd-Debug:
      - cdvpcwnkjuISrw6rfWS7apTmBr9FZehyT0DDN5M25OjQvVqdwR/v3ItBF4P2Rbv7
      X-Dd-Version:
      - "35.2892776"
      X-Frame-Options:
      - SAMEORIGIN
      X-Ratelimit-Limit:
      - "3000"
      X-Ratelimit-Period:
      - "10"
      X-Ratelimit-Remaining:
      - "2952"
      X-Ratelimit-Reset:
      - "8"
    status: 200 OK
    code: 200
    duration: ""
- request:
    body: |
      {"message":"some message Notify: @hipchat-channel","name":"tf_TestAccDatadogMonitorDatasource_local_1597737257","options":{"escalation_message":"the situation has escalated @pagerduty","evaluation_delay":700,"include_tags":true,"new_host_delay":600,"no_data_timeframe":10,"notify_no_data":false,"renotify_interval":60,"require_full_window":true,"thresholds":{"critical":2,"critical_recovery":1.5,"warning":1,"warning_recovery":0.5},"timeout_h":60},"query":"avg(last_1h):avg:aws.ec2.cpu{environment:foo,host:foo,test_datasource_monitor_scope:tf_TestAccDatadogMonitorDatasource_local_1597737257} by {host} \u003e 2","tags":["baz","test_datasource_monitor:tf_TestAccDatadogMonitorDatasource_local_1597737257"],"type":"query alert"}
    form: {}
    headers:
      Accept:
      - application/json
      Content-Type:
      - application/json
      Dd-Operation-Id:
      - ValidateMonitor
      User-Agent:
      - terraform-provider-datadog/dev (terraform 1.10.0; terraform-cli 0.12.7-sdk)
        datadog-api-client-go/1.0.0-beta.8+dev (go go1.14.7; os darwin; arch amd64)
      X-Datadog-Parent-Id:
      - "204386173741209081"
      X-Datadog-Sampling-Priority:
      - "1"
      X-Datadog-Trace-Id:
      - "4873118076939435338"
    url: https://api.datadoghq.com/api/v1/monitor/validate
    method: POST
  response:
    body: '{}'
    headers:
      Cache-Control:
      - no-cache
      Connection:
      - keep-alive
      Content-Length:
      - "2"
      Content-Security-Policy:
      - frame-ancestors 'self'; report-uri https://api.datadoghq.com/csp-report
      Content-Type:
      - application/json; charset=utf-8
      Date:
      - Tue, 18 Aug 2020 07:54:22 GMT
      Dd-Pool:
      - dogweb
      Pragma:
      - no-cache
      Set-Cookie:
      - DD-PSHARD=233; Max-Age=604800; Path=/; expires=Tue, 25-Aug-2020 07:54:22 GMT;
        secure; HttpOnly
      Strict-Transport-Security:
      - max-age=15724800;
      X-Content-Type-Options:
      - nosniff
      X-Dd-Debug:
      - 5H2EXEXOPQC4s7BfWBFjlM6rKywFNh1Cf33eK1xYuPFdBfR+3y2m7Dyr75gZ4kw1
      X-Dd-Version:
      - "35.2892776"
      X-Frame-Options:
      - SAMEORIGIN
    status: 200 OK
    code: 200
    duration: ""
- request:
    body: ""
    form: {}
    headers:
      Accept:
      - application/json
      Dd-Operation-Id:
      - GetMonitor
      User-Agent:
      - terraform-provider-datadog/dev (terraform 1.10.0; terraform-cli 0.12.7-sdk)
        datadog-api-client-go/1.0.0-beta.8+dev (go go1.14.7; os darwin; arch amd64)
      X-Datadog-Parent-Id:
      - "2639166490369082018"
      X-Datadog-Sampling-Priority:
      - "1"
      X-Datadog-Trace-Id:
      - "4873118076939435338"
    url: https://api.datadoghq.com/api/v1/monitor/21224361
    method: GET
  response:
    body: '{"restricted_roles":null,"tags":["baz","test_datasource_monitor:tf_TestAccDatadogMonitorDatasource_local_1597737257"],"deleted":null,"query":"avg(last_1h):avg:aws.ec2.cpu{environment:foo,host:foo,test_datasource_monitor_scope:tf_TestAccDatadogMonitorDatasource_local_1597737257}
      by {host} > 2","message":"some message Notify: @hipchat-channel","id":21224361,"multi":true,"name":"tf_TestAccDatadogMonitorDatasource_local_1597737257","created":"2020-08-18T07:54:18.754307+00:00","created_at":1597737258000,"creator":{"id":1445416,"handle":"frog@datadoghq.com","name":null,"email":"frog@datadoghq.com"},"org_id":321813,"modified":"2020-08-18T07:54:18.754307+00:00","overall_state_modified":null,"overall_state":"No
      Data","type":"query alert","options":{"notify_audit":false,"locked":false,"timeout_h":60,"silenced":{},"include_tags":true,"thresholds":{"critical":2.0,"warning":1.0,"warning_recovery":0.5,"critical_recovery":1.5},"new_host_delay":600,"require_full_window":true,"notify_no_data":false,"renotify_interval":60,"evaluation_delay":700,"escalation_message":"the
      situation has escalated @pagerduty"}}'
    headers:
      Cache-Control:
      - no-cache
      Connection:
      - keep-alive
      Content-Security-Policy:
      - frame-ancestors 'self'; report-uri https://api.datadoghq.com/csp-report
      Content-Type:
      - application/json; charset=utf-8
      Date:
      - Tue, 18 Aug 2020 07:54:23 GMT
      Dd-Pool:
      - dogweb
      Pragma:
      - no-cache
      Set-Cookie:
      - DD-PSHARD=233; Max-Age=604800; Path=/; expires=Tue, 25-Aug-2020 07:54:23 GMT;
        secure; HttpOnly
      Strict-Transport-Security:
      - max-age=15724800;
      Vary:
      - Accept-Encoding
      X-Content-Type-Options:
      - nosniff
      X-Dd-Debug:
      - FHfHzbfIddsg0sQ7IeNBOxLqb5wz+d6n32kEDCDFZtJpoagPnr4KgZnA3JebHBTT
      X-Dd-Version:
      - "35.2892776"
      X-Frame-Options:
      - SAMEORIGIN
      X-Ratelimit-Limit:
      - "3000"
      X-Ratelimit-Period:
      - "10"
      X-Ratelimit-Remaining:
      - "2947"
      X-Ratelimit-Reset:
      - "7"
    status: 200 OK
    code: 200
    duration: ""
- request:
    body: ""
    form: {}
    headers:
      Accept:
      - application/json
      Dd-Operation-Id:
      - GetMonitor
      User-Agent:
      - terraform-provider-datadog/dev (terraform 1.10.0; terraform-cli 0.12.7-sdk)
        datadog-api-client-go/1.0.0-beta.8+dev (go go1.14.7; os darwin; arch amd64)
      X-Datadog-Parent-Id:
      - "859999852306982630"
      X-Datadog-Sampling-Priority:
      - "1"
      X-Datadog-Trace-Id:
      - "4873118076939435338"
    url: https://api.datadoghq.com/api/v1/monitor/21224361
    method: GET
  response:
    body: '{"restricted_roles":null,"tags":["baz","test_datasource_monitor:tf_TestAccDatadogMonitorDatasource_local_1597737257"],"deleted":null,"query":"avg(last_1h):avg:aws.ec2.cpu{environment:foo,host:foo,test_datasource_monitor_scope:tf_TestAccDatadogMonitorDatasource_local_1597737257}
      by {host} > 2","message":"some message Notify: @hipchat-channel","id":21224361,"multi":true,"name":"tf_TestAccDatadogMonitorDatasource_local_1597737257","created":"2020-08-18T07:54:18.754307+00:00","created_at":1597737258000,"creator":{"id":1445416,"handle":"frog@datadoghq.com","name":null,"email":"frog@datadoghq.com"},"org_id":321813,"modified":"2020-08-18T07:54:18.754307+00:00","overall_state_modified":null,"overall_state":"No
      Data","type":"query alert","options":{"notify_audit":false,"locked":false,"timeout_h":60,"silenced":{},"include_tags":true,"thresholds":{"critical":2.0,"warning":1.0,"warning_recovery":0.5,"critical_recovery":1.5},"new_host_delay":600,"require_full_window":true,"notify_no_data":false,"renotify_interval":60,"evaluation_delay":700,"escalation_message":"the
      situation has escalated @pagerduty"}}'
    headers:
      Cache-Control:
      - no-cache
      Connection:
      - keep-alive
      Content-Security-Policy:
      - frame-ancestors 'self'; report-uri https://api.datadoghq.com/csp-report
      Content-Type:
      - application/json; charset=utf-8
      Date:
      - Tue, 18 Aug 2020 07:54:23 GMT
      Dd-Pool:
      - dogweb
      Pragma:
      - no-cache
      Set-Cookie:
      - DD-PSHARD=233; Max-Age=604800; Path=/; expires=Tue, 25-Aug-2020 07:54:23 GMT;
        secure; HttpOnly
      Strict-Transport-Security:
      - max-age=15724800;
      Vary:
      - Accept-Encoding
      X-Content-Type-Options:
      - nosniff
      X-Dd-Debug:
      - NVdxML/FOEgLJzsz37XLTVVLcoGTHoJzcuGu2ZwX+JAXQfJkO87pOpfJK6E0a8TN
      X-Dd-Version:
      - "35.2892776"
      X-Frame-Options:
      - SAMEORIGIN
      X-Ratelimit-Limit:
      - "3000"
      X-Ratelimit-Period:
      - "10"
      X-Ratelimit-Remaining:
      - "2940"
      X-Ratelimit-Reset:
      - "7"
    status: 200 OK
    code: 200
    duration: ""
- request:
    body: |
      {"message":"some message Notify: @hipchat-channel","name":"tf_TestAccDatadogMonitorDatasource_local_1597737257","options":{"escalation_message":"the situation has escalated @pagerduty","evaluation_delay":700,"include_tags":true,"new_host_delay":600,"no_data_timeframe":10,"notify_no_data":false,"renotify_interval":60,"require_full_window":true,"thresholds":{"critical":2,"critical_recovery":1.5,"warning":1,"warning_recovery":0.5},"timeout_h":60},"query":"avg(last_1h):avg:aws.ec2.cpu{environment:foo,host:foo,test_datasource_monitor_scope:tf_TestAccDatadogMonitorDatasource_local_1597737257} by {host} \u003e 2","tags":["baz","test_datasource_monitor:tf_TestAccDatadogMonitorDatasource_local_1597737257"],"type":"query alert"}
    form: {}
    headers:
      Accept:
      - application/json
      Content-Type:
      - application/json
      Dd-Operation-Id:
      - ValidateMonitor
      User-Agent:
      - terraform-provider-datadog/dev (terraform 1.10.0; terraform-cli 0.12.7-sdk)
        datadog-api-client-go/1.0.0-beta.8+dev (go go1.14.7; os darwin; arch amd64)
      X-Datadog-Parent-Id:
      - "5794793804152799559"
      X-Datadog-Sampling-Priority:
      - "1"
      X-Datadog-Trace-Id:
      - "4873118076939435338"
    url: https://api.datadoghq.com/api/v1/monitor/validate
    method: POST
  response:
    body: '{}'
    headers:
      Cache-Control:
      - no-cache
      Connection:
      - keep-alive
      Content-Length:
      - "2"
      Content-Security-Policy:
      - frame-ancestors 'self'; report-uri https://api.datadoghq.com/csp-report
      Content-Type:
      - application/json; charset=utf-8
      Date:
      - Tue, 18 Aug 2020 07:54:23 GMT
      Dd-Pool:
      - dogweb
      Pragma:
      - no-cache
      Set-Cookie:
      - DD-PSHARD=233; Max-Age=604800; Path=/; expires=Tue, 25-Aug-2020 07:54:23 GMT;
        secure; HttpOnly
      Strict-Transport-Security:
      - max-age=15724800;
      X-Content-Type-Options:
      - nosniff
      X-Dd-Debug:
      - xX5B3VEUzj/lf2mLoLzvYApJQ8Milw+OjpcorJhw8mNeFxMv2SeFpmruGZDusq8/
      X-Dd-Version:
      - "35.2892776"
      X-Frame-Options:
      - SAMEORIGIN
    status: 200 OK
    code: 200
    duration: ""
- request:
    body: ""
    form: {}
    headers:
      Accept:
      - application/json
      Dd-Operation-Id:
      - ListMonitors
      User-Agent:
      - terraform-provider-datadog/dev (terraform 1.10.0; terraform-cli 0.12.7-sdk)
        datadog-api-client-go/1.0.0-beta.8+dev (go go1.14.7; os darwin; arch amd64)
      X-Datadog-Parent-Id:
      - "6889134382437105284"
      X-Datadog-Sampling-Priority:
      - "1"
      X-Datadog-Trace-Id:
      - "4873118076939435338"
    url: https://api.datadoghq.com/api/v1/monitor?monitor_tags=test_datasource_monitor%3Atf_TestAccDatadogMonitorDatasource_local_1597737257
    method: GET
  response:
    body: '[{"restricted_roles":null,"tags":["baz","test_datasource_monitor:tf_TestAccDatadogMonitorDatasource_local_1597737257"],"deleted":null,"query":"avg(last_1h):avg:aws.ec2.cpu{environment:foo,host:foo,test_datasource_monitor_scope:tf_TestAccDatadogMonitorDatasource_local_1597737257}
      by {host} > 2","message":"some message Notify: @hipchat-channel","matching_downtimes":[],"id":21224361,"multi":true,"name":"tf_TestAccDatadogMonitorDatasource_local_1597737257","created":"2020-08-18T07:54:18.754307+00:00","created_at":1597737258000,"creator":{"id":1445416,"handle":"frog@datadoghq.com","name":null,"email":"frog@datadoghq.com"},"org_id":321813,"modified":"2020-08-18T07:54:18.754307+00:00","overall_state_modified":null,"overall_state":"No
      Data","type":"query alert","options":{"notify_audit":false,"locked":false,"timeout_h":60,"silenced":{},"include_tags":true,"thresholds":{"critical":2.0,"warning":1.0,"warning_recovery":0.5,"critical_recovery":1.5},"new_host_delay":600,"require_full_window":true,"notify_no_data":false,"renotify_interval":60,"evaluation_delay":700,"escalation_message":"the
      situation has escalated @pagerduty"}}]'
    headers:
      Cache-Control:
      - no-cache
      Connection:
      - keep-alive
      Content-Security-Policy:
      - frame-ancestors 'self'; report-uri https://api.datadoghq.com/csp-report
      Content-Type:
      - application/json
      Date:
      - Tue, 18 Aug 2020 07:54:23 GMT
      Dd-Pool:
      - dogweb
      Etag:
      - W/"1816a82b0b27b46550566e8f93cbf100"
      Pragma:
      - no-cache
      Set-Cookie:
      - DD-PSHARD=233; Max-Age=604800; Path=/; expires=Tue, 25-Aug-2020 07:54:23 GMT;
        secure; HttpOnly
      Strict-Transport-Security:
      - max-age=15724800;
      Vary:
      - Accept-Encoding
      X-Content-Type-Options:
      - nosniff
      X-Dd-Debug:
      - /3efrffY0fOidOw5YXy+ujUt+jIWndj9KkkaQ3CKNiYFs6CCTkTChAR8M9mejUqc
      X-Dd-Version:
      - "35.2892776"
      X-Frame-Options:
      - SAMEORIGIN
      X-Ratelimit-Limit:
      - "1000"
      X-Ratelimit-Period:
      - "10"
      X-Ratelimit-Remaining:
      - "998"
      X-Ratelimit-Reset:
      - "7"
    status: 200 OK
    code: 200
    duration: ""
- request:
    body: ""
    form: {}
    headers:
      User-Agent:
      - terraform-provider-datadog/dev (terraform 1.10.0; terraform-cli 0.12.7-sdk)
        datadog-api-client-go/go-datadog-api (go go1.14.7; os darwin; arch amd64)
      X-Datadog-Parent-Id:
      - "3042798188620252398"
      X-Datadog-Sampling-Priority:
      - "1"
      X-Datadog-Trace-Id:
      - "3042798188620252398"
    url: https://api.datadoghq.com/api/v1/monitor/21224361
    method: GET
  response:
    body: '{"restricted_roles":null,"tags":["baz","test_datasource_monitor:tf_TestAccDatadogMonitorDatasource_local_1597737257"],"deleted":null,"query":"avg(last_1h):avg:aws.ec2.cpu{environment:foo,host:foo,test_datasource_monitor_scope:tf_TestAccDatadogMonitorDatasource_local_1597737257}
      by {host} > 2","message":"some message Notify: @hipchat-channel","id":21224361,"multi":true,"name":"tf_TestAccDatadogMonitorDatasource_local_1597737257","created":"2020-08-18T07:54:18.754307+00:00","created_at":1597737258000,"creator":{"id":1445416,"handle":"frog@datadoghq.com","name":null,"email":"frog@datadoghq.com"},"org_id":321813,"modified":"2020-08-18T07:54:18.754307+00:00","overall_state_modified":null,"overall_state":"No
      Data","type":"query alert","options":{"notify_audit":false,"locked":false,"timeout_h":60,"silenced":{},"include_tags":true,"thresholds":{"critical":2.0,"warning":1.0,"warning_recovery":0.5,"critical_recovery":1.5},"new_host_delay":600,"require_full_window":true,"notify_no_data":false,"renotify_interval":60,"evaluation_delay":700,"escalation_message":"the
      situation has escalated @pagerduty"}}'
    headers:
      Cache-Control:
      - no-cache
      Connection:
      - keep-alive
      Content-Security-Policy:
      - frame-ancestors 'self'; report-uri https://api.datadoghq.com/csp-report
      Content-Type:
      - application/json; charset=utf-8
      Date:
      - Tue, 18 Aug 2020 07:54:23 GMT
      Dd-Pool:
      - dogweb
      Pragma:
      - no-cache
      Set-Cookie:
      - DD-PSHARD=233; Max-Age=604800; Path=/; expires=Tue, 25-Aug-2020 07:54:23 GMT;
        secure; HttpOnly
      Strict-Transport-Security:
      - max-age=15724800;
      Vary:
      - Accept-Encoding
      X-Content-Type-Options:
      - nosniff
      X-Dd-Debug:
      - WmMtMFngDL31sZYuYCiUaMFRtAs90zyIJHnMIoB4iHZztA/Ona9SnOav516bWmh7
      X-Dd-Version:
      - "35.2892776"
      X-Frame-Options:
      - SAMEORIGIN
      X-Ratelimit-Limit:
      - "3000"
      X-Ratelimit-Period:
      - "10"
      X-Ratelimit-Remaining:
      - "2931"
      X-Ratelimit-Reset:
      - "7"
    status: 200 OK
    code: 200
    duration: ""
- request:
    body: ""
    form: {}
    headers:
      User-Agent:
      - terraform-provider-datadog/dev (terraform 1.10.0; terraform-cli 0.12.7-sdk)
        datadog-api-client-go/go-datadog-api (go go1.14.7; os darwin; arch amd64)
      X-Datadog-Parent-Id:
      - "4765532021771207392"
      X-Datadog-Sampling-Priority:
      - "1"
      X-Datadog-Trace-Id:
      - "4765532021771207392"
    url: https://api.datadoghq.com/api/v1/monitor/21224361
    method: GET
  response:
    body: '{"restricted_roles":null,"tags":["baz","test_datasource_monitor:tf_TestAccDatadogMonitorDatasource_local_1597737257"],"deleted":null,"query":"avg(last_1h):avg:aws.ec2.cpu{environment:foo,host:foo,test_datasource_monitor_scope:tf_TestAccDatadogMonitorDatasource_local_1597737257}
      by {host} > 2","message":"some message Notify: @hipchat-channel","id":21224361,"multi":true,"name":"tf_TestAccDatadogMonitorDatasource_local_1597737257","created":"2020-08-18T07:54:18.754307+00:00","created_at":1597737258000,"creator":{"id":1445416,"handle":"frog@datadoghq.com","name":null,"email":"frog@datadoghq.com"},"org_id":321813,"modified":"2020-08-18T07:54:18.754307+00:00","overall_state_modified":null,"overall_state":"No
      Data","type":"query alert","options":{"notify_audit":false,"locked":false,"timeout_h":60,"silenced":{},"include_tags":true,"thresholds":{"critical":2.0,"warning":1.0,"warning_recovery":0.5,"critical_recovery":1.5},"new_host_delay":600,"require_full_window":true,"notify_no_data":false,"renotify_interval":60,"evaluation_delay":700,"escalation_message":"the
      situation has escalated @pagerduty"}}'
    headers:
      Cache-Control:
      - no-cache
      Connection:
      - keep-alive
      Content-Security-Policy:
      - frame-ancestors 'self'; report-uri https://api.datadoghq.com/csp-report
      Content-Type:
      - application/json; charset=utf-8
      Date:
      - Tue, 18 Aug 2020 07:54:24 GMT
      Dd-Pool:
      - dogweb
      Pragma:
      - no-cache
      Set-Cookie:
      - DD-PSHARD=233; Max-Age=604800; Path=/; expires=Tue, 25-Aug-2020 07:54:24 GMT;
        secure; HttpOnly
      Strict-Transport-Security:
      - max-age=15724800;
      Vary:
      - Accept-Encoding
      X-Content-Type-Options:
      - nosniff
      X-Dd-Debug:
      - 554jtl/SJjxTmK4ElYRM70FG0Y8nm2ZpMLRYU7gYOwQo5oClqUW2XRpaqEBdUJZQ
      X-Dd-Version:
      - "35.2892776"
      X-Frame-Options:
      - SAMEORIGIN
      X-Ratelimit-Limit:
      - "3000"
      X-Ratelimit-Period:
      - "10"
      X-Ratelimit-Remaining:
      - "2927"
      X-Ratelimit-Reset:
      - "6"
    status: 200 OK
    code: 200
    duration: ""
- request:
    body: |
      {"message":"some message Notify: @hipchat-channel","name":"tf_TestAccDatadogMonitorDatasource_local_1597737257","options":{"escalation_message":"the situation has escalated @pagerduty","evaluation_delay":700,"include_tags":true,"new_host_delay":600,"no_data_timeframe":10,"notify_no_data":false,"renotify_interval":60,"require_full_window":true,"thresholds":{"critical":2,"critical_recovery":1.5,"warning":1,"warning_recovery":0.5},"timeout_h":60},"query":"avg(last_1h):avg:aws.ec2.cpu{environment:foo,host:foo,test_datasource_monitor_scope:tf_TestAccDatadogMonitorDatasource_local_1597737257} by {host} \u003e 2","tags":["baz","test_datasource_monitor:tf_TestAccDatadogMonitorDatasource_local_1597737257"],"type":"query alert"}
    form: {}
    headers:
      Accept:
      - application/json
      Content-Type:
      - application/json
      Dd-Operation-Id:
      - ValidateMonitor
      User-Agent:
      - terraform-provider-datadog/dev (terraform 1.10.0; terraform-cli 0.12.7-sdk)
        datadog-api-client-go/1.0.0-beta.8+dev (go go1.14.7; os darwin; arch amd64)
      X-Datadog-Parent-Id:
      - "565661611302037573"
      X-Datadog-Sampling-Priority:
      - "1"
      X-Datadog-Trace-Id:
      - "4873118076939435338"
    url: https://api.datadoghq.com/api/v1/monitor/validate
    method: POST
  response:
    body: '{}'
    headers:
      Cache-Control:
      - no-cache
      Connection:
      - keep-alive
      Content-Length:
      - "2"
      Content-Security-Policy:
      - frame-ancestors 'self'; report-uri https://api.datadoghq.com/csp-report
      Content-Type:
      - application/json; charset=utf-8
      Date:
      - Tue, 18 Aug 2020 07:54:24 GMT
      Dd-Pool:
      - dogweb
      Pragma:
      - no-cache
      Set-Cookie:
      - DD-PSHARD=233; Max-Age=604800; Path=/; expires=Tue, 25-Aug-2020 07:54:24 GMT;
        secure; HttpOnly
      Strict-Transport-Security:
      - max-age=15724800;
      X-Content-Type-Options:
      - nosniff
      X-Dd-Debug:
      - 2V6J6bfi8Lp+2UjnPdTvcW5IjbRGxJrhStYZW/ACt/za6xfDiK/Y5IuDyUadsRtA
      X-Dd-Version:
      - "35.2892776"
      X-Frame-Options:
      - SAMEORIGIN
    status: 200 OK
    code: 200
    duration: ""
- request:
    body: ""
    form: {}
    headers:
      Accept:
      - application/json
      Dd-Operation-Id:
      - GetMonitor
      User-Agent:
      - terraform-provider-datadog/dev (terraform 1.10.0; terraform-cli 0.12.7-sdk)
        datadog-api-client-go/1.0.0-beta.8+dev (go go1.14.7; os darwin; arch amd64)
      X-Datadog-Parent-Id:
      - "2685350451699155024"
      X-Datadog-Sampling-Priority:
      - "1"
      X-Datadog-Trace-Id:
      - "4873118076939435338"
    url: https://api.datadoghq.com/api/v1/monitor/21224361
    method: GET
  response:
    body: '{"restricted_roles":null,"tags":["baz","test_datasource_monitor:tf_TestAccDatadogMonitorDatasource_local_1597737257"],"deleted":null,"query":"avg(last_1h):avg:aws.ec2.cpu{environment:foo,host:foo,test_datasource_monitor_scope:tf_TestAccDatadogMonitorDatasource_local_1597737257}
      by {host} > 2","message":"some message Notify: @hipchat-channel","id":21224361,"multi":true,"name":"tf_TestAccDatadogMonitorDatasource_local_1597737257","created":"2020-08-18T07:54:18.754307+00:00","created_at":1597737258000,"creator":{"id":1445416,"handle":"frog@datadoghq.com","name":null,"email":"frog@datadoghq.com"},"org_id":321813,"modified":"2020-08-18T07:54:18.754307+00:00","overall_state_modified":null,"overall_state":"No
      Data","type":"query alert","options":{"notify_audit":false,"locked":false,"timeout_h":60,"silenced":{},"include_tags":true,"thresholds":{"critical":2.0,"warning":1.0,"warning_recovery":0.5,"critical_recovery":1.5},"new_host_delay":600,"require_full_window":true,"notify_no_data":false,"renotify_interval":60,"evaluation_delay":700,"escalation_message":"the
      situation has escalated @pagerduty"}}'
    headers:
      Cache-Control:
      - no-cache
      Connection:
      - keep-alive
      Content-Security-Policy:
      - frame-ancestors 'self'; report-uri https://api.datadoghq.com/csp-report
      Content-Type:
      - application/json; charset=utf-8
      Date:
      - Tue, 18 Aug 2020 07:54:24 GMT
      Dd-Pool:
      - dogweb
      Pragma:
      - no-cache
      Set-Cookie:
      - DD-PSHARD=233; Max-Age=604800; Path=/; expires=Tue, 25-Aug-2020 07:54:24 GMT;
        secure; HttpOnly
      Strict-Transport-Security:
      - max-age=15724800;
      Vary:
      - Accept-Encoding
      X-Content-Type-Options:
      - nosniff
      X-Dd-Debug:
      - 4zw1NnYiZt4wp0syhFEidO9Mcjc6rfPz6lIvXBSwWuplBSXLVyoWV6VIuyPxYSUD
      X-Dd-Version:
      - "35.2892776"
      X-Frame-Options:
      - SAMEORIGIN
      X-Ratelimit-Limit:
      - "3000"
      X-Ratelimit-Period:
      - "10"
      X-Ratelimit-Remaining:
      - "2921"
      X-Ratelimit-Reset:
      - "6"
    status: 200 OK
    code: 200
    duration: ""
- request:
    body: ""
    form: {}
    headers:
      Accept:
      - application/json
      Dd-Operation-Id:
      - GetMonitor
      User-Agent:
      - terraform-provider-datadog/dev (terraform 1.10.0; terraform-cli 0.12.7-sdk)
        datadog-api-client-go/1.0.0-beta.8+dev (go go1.14.7; os darwin; arch amd64)
      X-Datadog-Parent-Id:
      - "6322583722511889728"
      X-Datadog-Sampling-Priority:
      - "1"
      X-Datadog-Trace-Id:
      - "4873118076939435338"
    url: https://api.datadoghq.com/api/v1/monitor/21224361
    method: GET
  response:
    body: '{"restricted_roles":null,"tags":["baz","test_datasource_monitor:tf_TestAccDatadogMonitorDatasource_local_1597737257"],"deleted":null,"query":"avg(last_1h):avg:aws.ec2.cpu{environment:foo,host:foo,test_datasource_monitor_scope:tf_TestAccDatadogMonitorDatasource_local_1597737257}
      by {host} > 2","message":"some message Notify: @hipchat-channel","id":21224361,"multi":true,"name":"tf_TestAccDatadogMonitorDatasource_local_1597737257","created":"2020-08-18T07:54:18.754307+00:00","created_at":1597737258000,"creator":{"id":1445416,"handle":"frog@datadoghq.com","name":null,"email":"frog@datadoghq.com"},"org_id":321813,"modified":"2020-08-18T07:54:18.754307+00:00","overall_state_modified":null,"overall_state":"No
      Data","type":"query alert","options":{"notify_audit":false,"locked":false,"timeout_h":60,"silenced":{},"include_tags":true,"thresholds":{"critical":2.0,"warning":1.0,"warning_recovery":0.5,"critical_recovery":1.5},"new_host_delay":600,"require_full_window":true,"notify_no_data":false,"renotify_interval":60,"evaluation_delay":700,"escalation_message":"the
      situation has escalated @pagerduty"}}'
    headers:
      Cache-Control:
      - no-cache
      Connection:
      - keep-alive
      Content-Security-Policy:
      - frame-ancestors 'self'; report-uri https://api.datadoghq.com/csp-report
      Content-Type:
      - application/json; charset=utf-8
      Date:
      - Tue, 18 Aug 2020 07:54:24 GMT
      Dd-Pool:
      - dogweb
      Pragma:
      - no-cache
      Set-Cookie:
      - DD-PSHARD=233; Max-Age=604800; Path=/; expires=Tue, 25-Aug-2020 07:54:24 GMT;
        secure; HttpOnly
      Strict-Transport-Security:
      - max-age=15724800;
      Vary:
      - Accept-Encoding
      X-Content-Type-Options:
      - nosniff
      X-Dd-Debug:
      - 7QEcyEeiQNfV/0gu5JIpTHXljtLMqyFtDSs67sHgArYEiV5BVrC9iQFEWV1cGojK
      X-Dd-Version:
      - "35.2892776"
      X-Frame-Options:
      - SAMEORIGIN
      X-Ratelimit-Limit:
      - "3000"
      X-Ratelimit-Period:
      - "10"
      X-Ratelimit-Remaining:
      - "2917"
      X-Ratelimit-Reset:
      - "6"
    status: 200 OK
    code: 200
    duration: ""
- request:
    body: |
      {"message":"some message Notify: @hipchat-channel","name":"tf_TestAccDatadogMonitorDatasource_local_1597737257","options":{"escalation_message":"the situation has escalated @pagerduty","evaluation_delay":700,"include_tags":true,"new_host_delay":600,"no_data_timeframe":10,"notify_no_data":false,"renotify_interval":60,"require_full_window":true,"thresholds":{"critical":2,"critical_recovery":1.5,"warning":1,"warning_recovery":0.5},"timeout_h":60},"query":"avg(last_1h):avg:aws.ec2.cpu{environment:foo,host:foo,test_datasource_monitor_scope:tf_TestAccDatadogMonitorDatasource_local_1597737257} by {host} \u003e 2","tags":["baz","test_datasource_monitor:tf_TestAccDatadogMonitorDatasource_local_1597737257"],"type":"query alert"}
    form: {}
    headers:
      Accept:
      - application/json
      Content-Type:
      - application/json
      Dd-Operation-Id:
      - ValidateMonitor
      User-Agent:
      - terraform-provider-datadog/dev (terraform 1.10.0; terraform-cli 0.12.7-sdk)
        datadog-api-client-go/1.0.0-beta.8+dev (go go1.14.7; os darwin; arch amd64)
      X-Datadog-Parent-Id:
      - "2719696552440161684"
      X-Datadog-Sampling-Priority:
      - "1"
      X-Datadog-Trace-Id:
      - "4873118076939435338"
    url: https://api.datadoghq.com/api/v1/monitor/validate
    method: POST
  response:
    body: '{}'
    headers:
      Cache-Control:
      - no-cache
      Connection:
      - keep-alive
      Content-Length:
      - "2"
      Content-Security-Policy:
      - frame-ancestors 'self'; report-uri https://api.datadoghq.com/csp-report
      Content-Type:
      - application/json; charset=utf-8
      Date:
      - Tue, 18 Aug 2020 07:54:24 GMT
      Dd-Pool:
      - dogweb
      Pragma:
      - no-cache
      Set-Cookie:
      - DD-PSHARD=233; Max-Age=604800; Path=/; expires=Tue, 25-Aug-2020 07:54:24 GMT;
        secure; HttpOnly
      Strict-Transport-Security:
      - max-age=15724800;
      X-Content-Type-Options:
      - nosniff
      X-Dd-Debug:
      - UPwGSEkEo+aTtV9/qlvsM9xVIKq1xypRG0bv22kO1eeJfu8bY+H+f1xOa3JlvZhZ
      X-Dd-Version:
      - "35.2892776"
      X-Frame-Options:
      - SAMEORIGIN
    status: 200 OK
    code: 200
    duration: ""
- request:
    body: ""
    form: {}
    headers:
      Accept:
      - application/json
      Dd-Operation-Id:
      - GetMonitor
      User-Agent:
      - terraform-provider-datadog/dev (terraform 1.10.0; terraform-cli 0.12.7-sdk)
        datadog-api-client-go/1.0.0-beta.8+dev (go go1.14.7; os darwin; arch amd64)
      X-Datadog-Parent-Id:
      - "4337384406349612902"
      X-Datadog-Sampling-Priority:
      - "1"
      X-Datadog-Trace-Id:
      - "4873118076939435338"
    url: https://api.datadoghq.com/api/v1/monitor/21224361
    method: GET
  response:
    body: '{"restricted_roles":null,"tags":["baz","test_datasource_monitor:tf_TestAccDatadogMonitorDatasource_local_1597737257"],"deleted":null,"query":"avg(last_1h):avg:aws.ec2.cpu{environment:foo,host:foo,test_datasource_monitor_scope:tf_TestAccDatadogMonitorDatasource_local_1597737257}
      by {host} > 2","message":"some message Notify: @hipchat-channel","id":21224361,"multi":true,"name":"tf_TestAccDatadogMonitorDatasource_local_1597737257","created":"2020-08-18T07:54:18.754307+00:00","created_at":1597737258000,"creator":{"id":1445416,"handle":"frog@datadoghq.com","name":null,"email":"frog@datadoghq.com"},"org_id":321813,"modified":"2020-08-18T07:54:18.754307+00:00","overall_state_modified":null,"overall_state":"No
      Data","type":"query alert","options":{"notify_audit":false,"locked":false,"timeout_h":60,"silenced":{},"include_tags":true,"thresholds":{"critical":2.0,"warning":1.0,"warning_recovery":0.5,"critical_recovery":1.5},"new_host_delay":600,"require_full_window":true,"notify_no_data":false,"renotify_interval":60,"evaluation_delay":700,"escalation_message":"the
      situation has escalated @pagerduty"}}'
    headers:
      Cache-Control:
      - no-cache
      Connection:
      - keep-alive
      Content-Security-Policy:
      - frame-ancestors 'self'; report-uri https://api.datadoghq.com/csp-report
      Content-Type:
      - application/json; charset=utf-8
      Date:
      - Tue, 18 Aug 2020 07:54:25 GMT
      Dd-Pool:
      - dogweb
      Pragma:
      - no-cache
      Set-Cookie:
      - DD-PSHARD=233; Max-Age=604800; Path=/; expires=Tue, 25-Aug-2020 07:54:25 GMT;
        secure; HttpOnly
      Strict-Transport-Security:
      - max-age=15724800;
      Vary:
      - Accept-Encoding
      X-Content-Type-Options:
      - nosniff
      X-Dd-Debug:
      - fbpub1YRPbOoyJvhJBk1iFu2e+h0/QC0EzprMcQ+j5QBEVxUjSwBwj1+J3+NnpX8
      X-Dd-Version:
      - "35.2892776"
      X-Frame-Options:
      - SAMEORIGIN
      X-Ratelimit-Limit:
      - "3000"
      X-Ratelimit-Period:
      - "10"
      X-Ratelimit-Remaining:
      - "2911"
      X-Ratelimit-Reset:
      - "5"
    status: 200 OK
    code: 200
    duration: ""
- request:
    body: ""
    form: {}
    headers:
      Accept:
      - application/json
      Dd-Operation-Id:
      - GetMonitor
      User-Agent:
      - terraform-provider-datadog/dev (terraform 1.10.0; terraform-cli 0.12.7-sdk)
        datadog-api-client-go/1.0.0-beta.8+dev (go go1.14.7; os darwin; arch amd64)
      X-Datadog-Parent-Id:
      - "7772963817243304796"
      X-Datadog-Sampling-Priority:
      - "1"
      X-Datadog-Trace-Id:
      - "4873118076939435338"
    url: https://api.datadoghq.com/api/v1/monitor/21224361
    method: GET
  response:
    body: '{"restricted_roles":null,"tags":["baz","test_datasource_monitor:tf_TestAccDatadogMonitorDatasource_local_1597737257"],"deleted":null,"query":"avg(last_1h):avg:aws.ec2.cpu{environment:foo,host:foo,test_datasource_monitor_scope:tf_TestAccDatadogMonitorDatasource_local_1597737257}
      by {host} > 2","message":"some message Notify: @hipchat-channel","id":21224361,"multi":true,"name":"tf_TestAccDatadogMonitorDatasource_local_1597737257","created":"2020-08-18T07:54:18.754307+00:00","created_at":1597737258000,"creator":{"id":1445416,"handle":"frog@datadoghq.com","name":null,"email":"frog@datadoghq.com"},"org_id":321813,"modified":"2020-08-18T07:54:18.754307+00:00","overall_state_modified":null,"overall_state":"No
      Data","type":"query alert","options":{"notify_audit":false,"locked":false,"timeout_h":60,"silenced":{},"include_tags":true,"thresholds":{"critical":2.0,"warning":1.0,"warning_recovery":0.5,"critical_recovery":1.5},"new_host_delay":600,"require_full_window":true,"notify_no_data":false,"renotify_interval":60,"evaluation_delay":700,"escalation_message":"the
      situation has escalated @pagerduty"}}'
    headers:
      Cache-Control:
      - no-cache
      Connection:
      - keep-alive
      Content-Security-Policy:
      - frame-ancestors 'self'; report-uri https://api.datadoghq.com/csp-report
      Content-Type:
      - application/json; charset=utf-8
      Date:
      - Tue, 18 Aug 2020 07:54:25 GMT
      Dd-Pool:
      - dogweb
      Pragma:
      - no-cache
      Set-Cookie:
      - DD-PSHARD=233; Max-Age=604800; Path=/; expires=Tue, 25-Aug-2020 07:54:25 GMT;
        secure; HttpOnly
      Strict-Transport-Security:
      - max-age=15724800;
      Vary:
      - Accept-Encoding
      X-Content-Type-Options:
      - nosniff
      X-Dd-Debug:
      - CEeLq0Go7dWGJU+fr2n+CYAUDbVj0m8JNtbW3olNX1v3toKEuyF2ucrViqaycHWr
      X-Dd-Version:
      - "35.2892776"
      X-Frame-Options:
      - SAMEORIGIN
      X-Ratelimit-Limit:
      - "3000"
      X-Ratelimit-Period:
      - "10"
      X-Ratelimit-Remaining:
      - "2905"
      X-Ratelimit-Reset:
      - "5"
    status: 200 OK
    code: 200
    duration: ""
- request:
    body: ""
    form: {}
    headers:
      Accept:
      - application/json
      Dd-Operation-Id:
      - DeleteMonitor
      User-Agent:
      - terraform-provider-datadog/dev (terraform 1.10.0; terraform-cli 0.12.7-sdk)
        datadog-api-client-go/1.0.0-beta.8+dev (go go1.14.7; os darwin; arch amd64)
      X-Datadog-Parent-Id:
      - "3292324479403831560"
      X-Datadog-Sampling-Priority:
      - "1"
      X-Datadog-Trace-Id:
      - "4873118076939435338"
    url: https://api.datadoghq.com/api/v1/monitor/21224361
    method: DELETE
  response:
    body: '{"deleted_monitor_id":21224361}'
    headers:
      Cache-Control:
      - no-cache
      Connection:
      - keep-alive
      Content-Security-Policy:
      - frame-ancestors 'self'; report-uri https://api.datadoghq.com/csp-report
      Content-Type:
      - application/json; charset=utf-8
      Date:
      - Tue, 18 Aug 2020 07:54:25 GMT
      Dd-Pool:
      - dogweb
      Pragma:
      - no-cache
      Set-Cookie:
      - DD-PSHARD=233; Max-Age=604800; Path=/; expires=Tue, 25-Aug-2020 07:54:25 GMT;
        secure; HttpOnly
      Strict-Transport-Security:
      - max-age=15724800;
      Vary:
      - Accept-Encoding
      X-Content-Type-Options:
      - nosniff
      X-Dd-Debug:
      - BOgijYhCo0CttPnSWZcLYHKTePSgoxVuOq+kB6EUYRO9ebsORT5Z6Oj0yUoAyx8n
      X-Dd-Version:
      - "35.2892776"
      X-Frame-Options:
      - SAMEORIGIN
    status: 200 OK
    code: 200
    duration: ""
- request:
    body: ""
    form: {}
    headers:
      User-Agent:
      - terraform-provider-datadog/dev (terraform 1.10.0; terraform-cli 0.12.7-sdk)
        datadog-api-client-go/go-datadog-api (go go1.14.7; os darwin; arch amd64)
      X-Datadog-Parent-Id:
      - "6410002572046463636"
      X-Datadog-Sampling-Priority:
      - "1"
      X-Datadog-Trace-Id:
      - "6410002572046463636"
    url: https://api.datadoghq.com/api/v1/monitor/21224361
    method: GET
  response:
    body: '{"errors":["Monitor not found"]}'
    headers:
      Cache-Control:
      - no-cache
      Connection:
      - keep-alive
      Content-Security-Policy:
      - frame-ancestors 'self'; report-uri https://api.datadoghq.com/csp-report
      Content-Type:
      - application/json
      Date:
      - Tue, 18 Aug 2020 07:54:25 GMT
      Dd-Pool:
      - dogweb
      Pragma:
      - no-cache
      Strict-Transport-Security:
      - max-age=15724800;
      Vary:
      - Accept-Encoding
      X-Content-Type-Options:
      - nosniff
      X-Dd-Version:
      - "35.2892776"
      X-Frame-Options:
      - SAMEORIGIN
      X-Ratelimit-Limit:
      - "3000"
      X-Ratelimit-Period:
      - "10"
      X-Ratelimit-Remaining:
      - "2897"
      X-Ratelimit-Reset:
      - "5"
    status: 404 Not Found
    code: 404
    duration: ""
