---
version: 1
interactions:
- request:
    body: |
      {"description":"Created using the Datadog provider in Terraform","id":"","is_read_only":true,"layout_type":"ordered","notify_list":[],"template_variable_presets":[],"template_variables":[],"title":"tf-TestAccDatadogDashboardSLO-local-1609425728","widgets":[{"definition":{"show_error_budget":true,"slo_id":"b4c7739b2af25f9d947f828730357832","time_windows":["90d","previous_week","month_to_date"],"title_align":"center","title_size":"16","type":"slo","view_mode":"both","view_type":"detail"}}]}
    form: {}
    headers:
      Accept:
      - application/json
      Content-Type:
      - application/json
      Dd-Operation-Id:
      - CreateDashboard
      User-Agent:
      - terraform-provider-datadog/dev (terraform 1.15.0; terraform-cli 0.12.7-sdk)
        datadog-api-client-go/1.0.0-beta.13+dev (go go1.15.4; os darwin; arch amd64)
      X-Datadog-Parent-Id:
      - "2536960467135546483"
      X-Datadog-Sampling-Priority:
      - "1"
      X-Datadog-Trace-Id:
      - "3774039910136269242"
    url: https://api.datadoghq.com/api/v1/dashboard
    method: POST
  response:
    body: '{"notify_list":[],"description":"Created using the Datadog provider in
      Terraform","author_name":null,"template_variable_presets":[],"template_variables":[],"is_read_only":true,"id":"jqd-dmg-f6k","title":"tf-TestAccDatadogDashboardSLO-local-1609425728","url":"/dashboard/jqd-dmg-f6k/tf-testaccdatadogdashboardslo-local-1609425728","created_at":"2020-12-31T14:47:28.936745+00:00","modified_at":"2020-12-31T14:47:28.936745+00:00","author_handle":"frog@datadoghq.com","widgets":[{"definition":{"time_windows":["90d","previous_week","month_to_date"],"title_size":"16","show_error_budget":true,"view_type":"detail","title_align":"center","slo_id":"b4c7739b2af25f9d947f828730357832","view_mode":"both","type":"slo"},"id":5741153896436531}],"layout_type":"ordered"}'
    headers:
      Cache-Control:
      - no-cache
      Connection:
      - keep-alive
      Content-Security-Policy:
      - frame-ancestors 'self'; report-uri https://api.datadoghq.com/csp-report
      Content-Type:
      - application/json
      Date:
      - Thu, 31 Dec 2020 14:47:31 GMT
      Pragma:
      - no-cache
      Set-Cookie:
      - DD-PSHARD=233; Max-Age=604800; Path=/; expires=Thu, 07-Jan-2021 14:47:28 GMT;
        secure; HttpOnly
      Strict-Transport-Security:
      - max-age=15724800;
      Vary:
      - Accept-Encoding
      X-Content-Type-Options:
      - nosniff
      X-Dd-Debug:
      - n9uz1T+WujhmfsGndIdy1tCYb5bh9AzSyYOT5TTjJX23RGEavHxGqcz400IC+bY1
      X-Dd-Version:
      - "35.3622023"
      X-Frame-Options:
      - SAMEORIGIN
    status: 200 OK
    code: 200
    duration: ""
- request:
    body: ""
    form: {}
    headers:
      Accept:
      - application/json
      Dd-Operation-Id:
      - GetDashboard
      User-Agent:
      - terraform-provider-datadog/dev (terraform 1.15.0; terraform-cli 0.12.7-sdk)
        datadog-api-client-go/1.0.0-beta.13+dev (go go1.15.4; os darwin; arch amd64)
      X-Datadog-Parent-Id:
      - "4910372447923647931"
      X-Datadog-Sampling-Priority:
      - "1"
      X-Datadog-Trace-Id:
      - "3774039910136269242"
    url: https://api.datadoghq.com/api/v1/dashboard/jqd-dmg-f6k
    method: GET
  response:
    body: '{"notify_list":[],"description":"Created using the Datadog provider in
      Terraform","author_name":null,"template_variable_presets":[],"template_variables":[],"is_read_only":true,"id":"jqd-dmg-f6k","title":"tf-TestAccDatadogDashboardSLO-local-1609425728","url":"/dashboard/jqd-dmg-f6k/tf-testaccdatadogdashboardslo-local-1609425728","created_at":"2020-12-31T14:47:28.936745+00:00","modified_at":"2020-12-31T14:47:28.936745+00:00","author_handle":"frog@datadoghq.com","widgets":[{"definition":{"time_windows":["90d","previous_week","month_to_date"],"title_size":"16","show_error_budget":true,"view_type":"detail","title_align":"center","slo_id":"b4c7739b2af25f9d947f828730357832","view_mode":"both","type":"slo"},"id":5741153896436531}],"layout_type":"ordered"}'
    headers:
      Cache-Control:
      - no-cache
      Connection:
      - keep-alive
      Content-Security-Policy:
      - frame-ancestors 'self'; report-uri https://api.datadoghq.com/csp-report
      Content-Type:
      - application/json
      Date:
      - Thu, 31 Dec 2020 14:47:31 GMT
      Pragma:
      - no-cache
      Set-Cookie:
      - DD-PSHARD=233; Max-Age=604800; Path=/; expires=Thu, 07-Jan-2021 14:47:31 GMT;
        secure; HttpOnly
      Strict-Transport-Security:
      - max-age=15724800;
      Vary:
      - Accept-Encoding
      X-Content-Type-Options:
      - nosniff
      X-Dd-Debug:
      - mkUBxR9AT7fES9d8jomGHhjQo+QS6q6R/gxmujd5IzTAGUw8Yw9FrdECMNXXfuHz
      X-Dd-Version:
      - "35.3622023"
      X-Frame-Options:
      - SAMEORIGIN
    status: 200 OK
    code: 200
    duration: ""
- request:
    body: ""
    form: {}
    headers:
      Accept:
      - application/json
      Dd-Operation-Id:
      - GetDashboard
      User-Agent:
      - terraform-provider-datadog/dev (terraform 1.15.0; terraform-cli 0.12.7-sdk)
        datadog-api-client-go/1.0.0-beta.13+dev (go go1.15.4; os darwin; arch amd64)
      X-Datadog-Parent-Id:
      - "6022265559684104454"
      X-Datadog-Sampling-Priority:
      - "1"
      X-Datadog-Trace-Id:
      - "3774039910136269242"
    url: https://api.datadoghq.com/api/v1/dashboard/jqd-dmg-f6k
    method: GET
  response:
    body: '{"notify_list":[],"description":"Created using the Datadog provider in
      Terraform","author_name":null,"template_variable_presets":[],"template_variables":[],"is_read_only":true,"id":"jqd-dmg-f6k","title":"tf-TestAccDatadogDashboardSLO-local-1609425728","url":"/dashboard/jqd-dmg-f6k/tf-testaccdatadogdashboardslo-local-1609425728","created_at":"2020-12-31T14:47:28.936745+00:00","modified_at":"2020-12-31T14:47:28.936745+00:00","author_handle":"frog@datadoghq.com","widgets":[{"definition":{"time_windows":["90d","previous_week","month_to_date"],"title_size":"16","show_error_budget":true,"view_type":"detail","title_align":"center","slo_id":"b4c7739b2af25f9d947f828730357832","view_mode":"both","type":"slo"},"id":5741153896436531}],"layout_type":"ordered"}'
    headers:
      Cache-Control:
      - no-cache
      Connection:
      - keep-alive
      Content-Security-Policy:
      - frame-ancestors 'self'; report-uri https://api.datadoghq.com/csp-report
      Content-Type:
      - application/json
      Date:
      - Thu, 31 Dec 2020 14:47:33 GMT
      Pragma:
      - no-cache
      Set-Cookie:
      - DD-PSHARD=233; Max-Age=604800; Path=/; expires=Thu, 07-Jan-2021 14:47:33 GMT;
        secure; HttpOnly
      Strict-Transport-Security:
      - max-age=15724800;
      Vary:
      - Accept-Encoding
      X-Content-Type-Options:
      - nosniff
      X-Dd-Debug:
      - GVd3H6+s0wOEEQNbWfOlfSTR2GEFs46b/AVWKmAErR/5auOQpwMvzy3i6o9DNymz
      X-Dd-Version:
      - "35.3622023"
      X-Frame-Options:
      - SAMEORIGIN
    status: 200 OK
    code: 200
    duration: ""
- request:
    body: ""
    form: {}
    headers:
      Accept:
      - application/json
      Dd-Operation-Id:
      - GetDashboard
      User-Agent:
      - terraform-provider-datadog/dev (terraform 1.15.0; terraform-cli 0.12.7-sdk)
        datadog-api-client-go/1.0.0-beta.13+dev (go go1.15.4; os darwin; arch amd64)
      X-Datadog-Parent-Id:
      - "1425037915360109436"
      X-Datadog-Sampling-Priority:
      - "1"
      X-Datadog-Trace-Id:
      - "3774039910136269242"
    url: https://api.datadoghq.com/api/v1/dashboard/jqd-dmg-f6k
    method: GET
  response:
    body: '{"notify_list":[],"description":"Created using the Datadog provider in
      Terraform","author_name":null,"template_variable_presets":[],"template_variables":[],"is_read_only":true,"id":"jqd-dmg-f6k","title":"tf-TestAccDatadogDashboardSLO-local-1609425728","url":"/dashboard/jqd-dmg-f6k/tf-testaccdatadogdashboardslo-local-1609425728","created_at":"2020-12-31T14:47:28.936745+00:00","modified_at":"2020-12-31T14:47:28.936745+00:00","author_handle":"frog@datadoghq.com","widgets":[{"definition":{"time_windows":["90d","previous_week","month_to_date"],"title_size":"16","show_error_budget":true,"view_type":"detail","title_align":"center","slo_id":"b4c7739b2af25f9d947f828730357832","view_mode":"both","type":"slo"},"id":5741153896436531}],"layout_type":"ordered"}'
    headers:
      Cache-Control:
      - no-cache
      Connection:
      - keep-alive
      Content-Security-Policy:
      - frame-ancestors 'self'; report-uri https://api.datadoghq.com/csp-report
      Content-Type:
      - application/json
      Date:
      - Thu, 31 Dec 2020 14:47:39 GMT
      Pragma:
      - no-cache
      Set-Cookie:
      - DD-PSHARD=233; Max-Age=604800; Path=/; expires=Thu, 07-Jan-2021 14:47:39 GMT;
        secure; HttpOnly
      Strict-Transport-Security:
      - max-age=15724800;
      Vary:
      - Accept-Encoding
      X-Content-Type-Options:
      - nosniff
      X-Dd-Debug:
      - E8kYJH6Hb74I4gS4d8oTnZBbKR38RfM4isuhSW09hK2ARkJHcJxE0DNPxSd582jS
      X-Dd-Version:
      - "35.3622023"
      X-Frame-Options:
      - SAMEORIGIN
    status: 200 OK
    code: 200
    duration: ""
- request:
    body: ""
    form: {}
    headers:
      Accept:
      - application/json
      Dd-Operation-Id:
      - GetDashboard
      User-Agent:
      - terraform-provider-datadog/dev (terraform 1.15.0; terraform-cli 0.12.7-sdk)
        datadog-api-client-go/1.0.0-beta.13+dev (go go1.15.4; os darwin; arch amd64)
      X-Datadog-Parent-Id:
      - "2608531921233669676"
      X-Datadog-Sampling-Priority:
      - "1"
      X-Datadog-Trace-Id:
      - "3774039910136269242"
    url: https://api.datadoghq.com/api/v1/dashboard/jqd-dmg-f6k
    method: GET
  response:
    body: '{"notify_list":[],"description":"Created using the Datadog provider in
      Terraform","author_name":null,"template_variable_presets":[],"template_variables":[],"is_read_only":true,"id":"jqd-dmg-f6k","title":"tf-TestAccDatadogDashboardSLO-local-1609425728","url":"/dashboard/jqd-dmg-f6k/tf-testaccdatadogdashboardslo-local-1609425728","created_at":"2020-12-31T14:47:28.936745+00:00","modified_at":"2020-12-31T14:47:28.936745+00:00","author_handle":"frog@datadoghq.com","widgets":[{"definition":{"time_windows":["90d","previous_week","month_to_date"],"title_size":"16","show_error_budget":true,"view_type":"detail","title_align":"center","slo_id":"b4c7739b2af25f9d947f828730357832","view_mode":"both","type":"slo"},"id":5741153896436531}],"layout_type":"ordered"}'
    headers:
      Cache-Control:
      - no-cache
      Connection:
      - keep-alive
      Content-Security-Policy:
      - frame-ancestors 'self'; report-uri https://api.datadoghq.com/csp-report
      Content-Type:
      - application/json
      Date:
      - Thu, 31 Dec 2020 14:47:48 GMT
      Pragma:
      - no-cache
      Set-Cookie:
      - DD-PSHARD=233; Max-Age=604800; Path=/; expires=Thu, 07-Jan-2021 14:47:48 GMT;
        secure; HttpOnly
      Strict-Transport-Security:
      - max-age=15724800;
      Vary:
      - Accept-Encoding
      X-Content-Type-Options:
      - nosniff
      X-Dd-Debug:
      - 1P9wTBqAbIBgrelvLhZC6yMU4dh3hoPJxqgVxGKRZAP7KGr8YPkzxcmHF9q0g7sB
      X-Dd-Version:
      - "35.3622023"
      X-Frame-Options:
      - SAMEORIGIN
    status: 200 OK
    code: 200
    duration: ""
- request:
    body: ""
    form: {}
    headers:
      Accept:
      - application/json
      Dd-Operation-Id:
      - DeleteDashboard
      User-Agent:
      - terraform-provider-datadog/dev (terraform 1.15.0; terraform-cli 0.12.7-sdk)
        datadog-api-client-go/1.0.0-beta.13+dev (go go1.15.4; os darwin; arch amd64)
      X-Datadog-Parent-Id:
      - "7637925637138175048"
      X-Datadog-Sampling-Priority:
      - "1"
      X-Datadog-Trace-Id:
      - "3774039910136269242"
    url: https://api.datadoghq.com/api/v1/dashboard/jqd-dmg-f6k
    method: DELETE
  response:
    body: '{"deleted_dashboard_id":"jqd-dmg-f6k"}'
    headers:
      Cache-Control:
      - no-cache
      Connection:
      - keep-alive
      Content-Security-Policy:
      - frame-ancestors 'self'; report-uri https://api.datadoghq.com/csp-report
      Content-Type:
      - application/json
      Date:
      - Thu, 31 Dec 2020 14:47:53 GMT
      Pragma:
      - no-cache
      Set-Cookie:
      - DD-PSHARD=233; Max-Age=604800; Path=/; expires=Thu, 07-Jan-2021 14:47:53 GMT;
        secure; HttpOnly
      Strict-Transport-Security:
      - max-age=15724800;
      Vary:
      - Accept-Encoding
      X-Content-Type-Options:
      - nosniff
      X-Dd-Debug:
      - AqBVHmyy+L9zrCUEAQ2Jd2pwskksgC+7nOsWqbNjcjcM+9M/ChipUo2OR6Q8oPwE
      X-Dd-Version:
      - "35.3622023"
      X-Frame-Options:
      - SAMEORIGIN
    status: 200 OK
    code: 200
    duration: ""
- request:
    body: ""
    form: {}
    headers:
      Accept:
      - application/json
      Dd-Operation-Id:
      - GetDashboard
      User-Agent:
      - terraform-provider-datadog/dev (terraform 1.15.0; terraform-cli 0.12.7-sdk)
        datadog-api-client-go/1.0.0-beta.13+dev (go go1.15.4; os darwin; arch amd64)
      X-Datadog-Parent-Id:
      - "2666215142048473393"
      X-Datadog-Sampling-Priority:
      - "1"
      X-Datadog-Trace-Id:
      - "3774039910136269242"
    url: https://api.datadoghq.com/api/v1/dashboard/jqd-dmg-f6k
    method: GET
  response:
    body: '{"errors": ["Dashboard with ID jqd-dmg-f6k not found"]}'
    headers:
      Cache-Control:
      - no-cache
      Connection:
      - keep-alive
      Content-Security-Policy:
      - frame-ancestors 'self'; report-uri https://api.datadoghq.com/csp-report
      Content-Type:
      - application/json
      Date:
      - Thu, 31 Dec 2020 14:47:54 GMT
      Pragma:
      - no-cache
      Strict-Transport-Security:
      - max-age=15724800;
      Vary:
      - Accept-Encoding
      X-Content-Type-Options:
      - nosniff
      X-Dd-Version:
      - "35.3622023"
      X-Frame-Options:
      - SAMEORIGIN
    status: 404 Not Found
    code: 404
    duration: ""
