---
version: 1
interactions:
- request:
    body: '{"name":"name for metric SLO foo","description":"some description about
      foo SLO","tags":["baz","foo:bar"],"thresholds":[{"timeframe":"7d","target":99.5,"warning":99.8},{"timeframe":"30d","target":99},{"timeframe":"90d","target":99}],"type":"metric","query":{"numerator":"sum:my.metric{type:good}.as_count()","denominator":"sum:my.metric{*}.as_count()"}}'
    form: {}
    headers:
      Content-Type:
      - application/json
      User-Agent:
      - Datadog/dev/terraform (go1.13)
    url: https://api.datadoghq.com/api/v1/slo
    method: POST
  response:
    body: '{"data":[{"description":"some description about foo SLO","monitor_tags":[],"creator":{"handle":"frog@datadoghq.com","name":null,"email":"frog@datadoghq.com"},"thresholds":[{"warning":99.8,"warning_display":"99.8","target":99.5,"target_display":"99.5","timeframe":"7d"},{"target":99.0,"target_display":"99.","timeframe":"30d"},{"target":99.0,"target_display":"99.","timeframe":"90d"}],"type_id":1,"query":{"denominator":"sum:my.metric{*}.as_count()","numerator":"sum:my.metric{type:good}.as_count()"},"id":"4ea2772ca6df5d2cb6f6647e20f0b146","name":"name
      for metric SLO foo","created_at":1583328124,"tags":["foo:bar","baz"],"modified_at":1583328124,"type":"metric"}],"error":null}'
    headers:
      Cache-Control:
      - no-cache
      Connection:
      - keep-alive
      Content-Security-Policy:
      - frame-ancestors 'self'; report-uri https://api.datadoghq.com/csp-report
      Content-Type:
      - application/json
      Date:
      - Wed, 04 Mar 2020 13:22:04 GMT
      Dd-Pool:
      - dogweb
      Pragma:
      - no-cache
      Set-Cookie:
      - DD-PSHARD=233; Max-Age=604800; Path=/; expires=Wed, 11-Mar-2020 13:22:04 GMT;
        secure; HttpOnly
      Strict-Transport-Security:
      - max-age=15724800;
      Vary:
      - Accept-Encoding
      X-Content-Type-Options:
      - nosniff
      X-Dd-Debug:
      - eORbNuNjI+uNwQ5fL4WiSFLQTO+rx/Fd8RRk0TnSyEY4gQIkjrXIuJ1XAoOa+8yj
      X-Dd-Version:
      - "35.2240669"
      X-Frame-Options:
      - SAMEORIGIN
    status: 200 OK
    code: 200
    duration: ""
- request:
    body: ""
    form: {}
    headers:
      User-Agent:
      - Datadog/dev/terraform (go1.13)
    url: https://api.datadoghq.com/api/v1/slo/4ea2772ca6df5d2cb6f6647e20f0b146
    method: GET
  response:
    body: '{"data":{"description":"some description about foo SLO","monitor_tags":[],"creator":{"handle":"frog@datadoghq.com","name":null,"email":"frog@datadoghq.com"},"thresholds":[{"warning":99.8,"warning_display":"99.8","target":99.5,"target_display":"99.5","timeframe":"7d"},{"target":99.0,"target_display":"99.","timeframe":"30d"},{"target":99.0,"target_display":"99.","timeframe":"90d"}],"type_id":1,"query":{"denominator":"sum:my.metric{*}.as_count()","numerator":"sum:my.metric{type:good}.as_count()"},"id":"4ea2772ca6df5d2cb6f6647e20f0b146","name":"name
      for metric SLO foo","created_at":1583328124,"tags":["foo:bar","baz"],"modified_at":1583328124,"type":"metric"},"error":null}'
    headers:
      Cache-Control:
      - no-cache
      Connection:
      - keep-alive
      Content-Security-Policy:
      - frame-ancestors 'self'; report-uri https://api.datadoghq.com/csp-report
      Content-Type:
      - application/json
      Date:
      - Wed, 04 Mar 2020 13:22:04 GMT
      Dd-Pool:
      - dogweb
      Pragma:
      - no-cache
      Set-Cookie:
      - DD-PSHARD=233; Max-Age=604800; Path=/; expires=Wed, 11-Mar-2020 13:22:04 GMT;
        secure; HttpOnly
      Strict-Transport-Security:
      - max-age=15724800;
      Vary:
      - Accept-Encoding
      X-Content-Type-Options:
      - nosniff
      X-Dd-Debug:
      - 3GTZ6ImnvkiMOuKTP2ILv/2CbQJLb5wTjyX1KOTCD/aaxDS+HyYye1EH1uVK9Ajh
      X-Dd-Version:
      - "35.2240669"
      X-Frame-Options:
      - SAMEORIGIN
    status: 200 OK
    code: 200
    duration: ""
- request:
    body: ""
    form: {}
    headers:
      User-Agent:
      - Datadog/dev/terraform (go1.13)
    url: https://api.datadoghq.com/api/v1/slo/4ea2772ca6df5d2cb6f6647e20f0b146
    method: GET
  response:
    body: '{"data":{"description":"some description about foo SLO","monitor_tags":[],"creator":{"handle":"frog@datadoghq.com","name":null,"email":"frog@datadoghq.com"},"thresholds":[{"warning":99.8,"warning_display":"99.8","target":99.5,"target_display":"99.5","timeframe":"7d"},{"target":99.0,"target_display":"99.","timeframe":"30d"},{"target":99.0,"target_display":"99.","timeframe":"90d"}],"type_id":1,"query":{"denominator":"sum:my.metric{*}.as_count()","numerator":"sum:my.metric{type:good}.as_count()"},"id":"4ea2772ca6df5d2cb6f6647e20f0b146","name":"name
      for metric SLO foo","created_at":1583328124,"tags":["foo:bar","baz"],"modified_at":1583328124,"type":"metric"},"error":null}'
    headers:
      Cache-Control:
      - no-cache
      Connection:
      - keep-alive
      Content-Security-Policy:
      - frame-ancestors 'self'; report-uri https://api.datadoghq.com/csp-report
      Content-Type:
      - application/json
      Date:
      - Wed, 04 Mar 2020 13:22:04 GMT
      Dd-Pool:
      - dogweb
      Pragma:
      - no-cache
      Set-Cookie:
      - DD-PSHARD=233; Max-Age=604800; Path=/; expires=Wed, 11-Mar-2020 13:22:04 GMT;
        secure; HttpOnly
      Strict-Transport-Security:
      - max-age=15724800;
      Vary:
      - Accept-Encoding
      X-Content-Type-Options:
      - nosniff
      X-Dd-Debug:
      - OGWvqyuIWnbl6WkXpkkRXBvKLURJhdDx+xXZ6vxnnyjZzYdefkAlNGOfG85GcOUu
      X-Dd-Version:
      - "35.2240669"
      X-Frame-Options:
      - SAMEORIGIN
    status: 200 OK
    code: 200
    duration: ""
- request:
    body: ""
    form: {}
    headers:
      User-Agent:
      - Datadog/dev/terraform (go1.13)
    url: https://api.datadoghq.com/api/v1/slo/4ea2772ca6df5d2cb6f6647e20f0b146
    method: GET
  response:
    body: '{"data":{"description":"some description about foo SLO","monitor_tags":[],"creator":{"handle":"frog@datadoghq.com","name":null,"email":"frog@datadoghq.com"},"thresholds":[{"warning":99.8,"warning_display":"99.8","target":99.5,"target_display":"99.5","timeframe":"7d"},{"target":99.0,"target_display":"99.","timeframe":"30d"},{"target":99.0,"target_display":"99.","timeframe":"90d"}],"type_id":1,"query":{"denominator":"sum:my.metric{*}.as_count()","numerator":"sum:my.metric{type:good}.as_count()"},"id":"4ea2772ca6df5d2cb6f6647e20f0b146","name":"name
      for metric SLO foo","created_at":1583328124,"tags":["foo:bar","baz"],"modified_at":1583328124,"type":"metric"},"error":null}'
    headers:
      Cache-Control:
      - no-cache
      Connection:
      - keep-alive
      Content-Security-Policy:
      - frame-ancestors 'self'; report-uri https://api.datadoghq.com/csp-report
      Content-Type:
      - application/json
      Date:
      - Wed, 04 Mar 2020 13:22:04 GMT
      Dd-Pool:
      - dogweb
      Pragma:
      - no-cache
      Set-Cookie:
      - DD-PSHARD=233; Max-Age=604800; Path=/; expires=Wed, 11-Mar-2020 13:22:04 GMT;
        secure; HttpOnly
      Strict-Transport-Security:
      - max-age=15724800;
      Vary:
      - Accept-Encoding
      X-Content-Type-Options:
      - nosniff
      X-Dd-Debug:
      - CPK+34LtKdL5YYX/NFOJUdMpxMoO80HISGpGpzDG5fENYSoZ2QNw1gEubOsJ9JNb
      X-Dd-Version:
      - "35.2240669"
      X-Frame-Options:
      - SAMEORIGIN
    status: 200 OK
    code: 200
    duration: ""
- request:
    body: ""
    form: {}
    headers:
      User-Agent:
      - Datadog/dev/terraform (go1.13)
    url: https://api.datadoghq.com/api/v1/slo/4ea2772ca6df5d2cb6f6647e20f0b146
    method: GET
  response:
    body: '{"data":{"description":"some description about foo SLO","monitor_tags":[],"creator":{"handle":"frog@datadoghq.com","name":null,"email":"frog@datadoghq.com"},"thresholds":[{"warning":99.8,"warning_display":"99.8","target":99.5,"target_display":"99.5","timeframe":"7d"},{"target":99.0,"target_display":"99.","timeframe":"30d"},{"target":99.0,"target_display":"99.","timeframe":"90d"}],"type_id":1,"query":{"denominator":"sum:my.metric{*}.as_count()","numerator":"sum:my.metric{type:good}.as_count()"},"id":"4ea2772ca6df5d2cb6f6647e20f0b146","name":"name
      for metric SLO foo","created_at":1583328124,"tags":["foo:bar","baz"],"modified_at":1583328124,"type":"metric"},"error":null}'
    headers:
      Cache-Control:
      - no-cache
      Connection:
      - keep-alive
      Content-Security-Policy:
      - frame-ancestors 'self'; report-uri https://api.datadoghq.com/csp-report
      Content-Type:
      - application/json
      Date:
      - Wed, 04 Mar 2020 13:22:04 GMT
      Dd-Pool:
      - dogweb
      Pragma:
      - no-cache
      Set-Cookie:
      - DD-PSHARD=233; Max-Age=604800; Path=/; expires=Wed, 11-Mar-2020 13:22:04 GMT;
        secure; HttpOnly
      Strict-Transport-Security:
      - max-age=15724800;
      Vary:
      - Accept-Encoding
      X-Content-Type-Options:
      - nosniff
      X-Dd-Debug:
      - FGm8mbL/ixNS/zyX94m5xaWAxszhu9w68KL0QwTbLNqYgp2ZyX2W4rsoYLDoadr+
      X-Dd-Version:
      - "35.2240669"
      X-Frame-Options:
      - SAMEORIGIN
    status: 200 OK
    code: 200
    duration: ""
- request:
    body: ""
    form: {}
    headers:
      User-Agent:
      - Datadog/dev/terraform (go1.13)
    url: https://api.datadoghq.com/api/v1/slo/4ea2772ca6df5d2cb6f6647e20f0b146
    method: GET
  response:
    body: '{"data":{"description":"some description about foo SLO","monitor_tags":[],"creator":{"handle":"frog@datadoghq.com","name":null,"email":"frog@datadoghq.com"},"thresholds":[{"warning":99.8,"warning_display":"99.8","target":99.5,"target_display":"99.5","timeframe":"7d"},{"target":99.0,"target_display":"99.","timeframe":"30d"},{"target":99.0,"target_display":"99.","timeframe":"90d"}],"type_id":1,"query":{"denominator":"sum:my.metric{*}.as_count()","numerator":"sum:my.metric{type:good}.as_count()"},"id":"4ea2772ca6df5d2cb6f6647e20f0b146","name":"name
      for metric SLO foo","created_at":1583328124,"tags":["foo:bar","baz"],"modified_at":1583328124,"type":"metric"},"error":null}'
    headers:
      Cache-Control:
      - no-cache
      Connection:
      - keep-alive
      Content-Security-Policy:
      - frame-ancestors 'self'; report-uri https://api.datadoghq.com/csp-report
      Content-Type:
      - application/json
      Date:
      - Wed, 04 Mar 2020 13:22:05 GMT
      Dd-Pool:
      - dogweb
      Pragma:
      - no-cache
      Set-Cookie:
      - DD-PSHARD=233; Max-Age=604800; Path=/; expires=Wed, 11-Mar-2020 13:22:05 GMT;
        secure; HttpOnly
      Strict-Transport-Security:
      - max-age=15724800;
      Vary:
      - Accept-Encoding
      X-Content-Type-Options:
      - nosniff
      X-Dd-Debug:
      - HTCsbjwqQM0jTFHFq9ukWObBv4f/yxvHIxzrANPhzJkr6s3+rN5uCN3TcZuK2V2B
      X-Dd-Version:
      - "35.2240669"
      X-Frame-Options:
      - SAMEORIGIN
    status: 200 OK
    code: 200
    duration: ""
- request:
    body: ""
    form: {}
    headers:
      User-Agent:
      - Datadog/dev/terraform (go1.13)
    url: https://api.datadoghq.com/api/v1/slo/4ea2772ca6df5d2cb6f6647e20f0b146
    method: GET
  response:
    body: '{"data":{"description":"some description about foo SLO","monitor_tags":[],"creator":{"handle":"frog@datadoghq.com","name":null,"email":"frog@datadoghq.com"},"thresholds":[{"warning":99.8,"warning_display":"99.8","target":99.5,"target_display":"99.5","timeframe":"7d"},{"target":99.0,"target_display":"99.","timeframe":"30d"},{"target":99.0,"target_display":"99.","timeframe":"90d"}],"type_id":1,"query":{"denominator":"sum:my.metric{*}.as_count()","numerator":"sum:my.metric{type:good}.as_count()"},"id":"4ea2772ca6df5d2cb6f6647e20f0b146","name":"name
      for metric SLO foo","created_at":1583328124,"tags":["foo:bar","baz"],"modified_at":1583328124,"type":"metric"},"error":null}'
    headers:
      Cache-Control:
      - no-cache
      Connection:
      - keep-alive
      Content-Security-Policy:
      - frame-ancestors 'self'; report-uri https://api.datadoghq.com/csp-report
      Content-Type:
      - application/json
      Date:
      - Wed, 04 Mar 2020 13:22:05 GMT
      Dd-Pool:
      - dogweb
      Pragma:
      - no-cache
      Set-Cookie:
      - DD-PSHARD=233; Max-Age=604800; Path=/; expires=Wed, 11-Mar-2020 13:22:05 GMT;
        secure; HttpOnly
      Strict-Transport-Security:
      - max-age=15724800;
      Vary:
      - Accept-Encoding
      X-Content-Type-Options:
      - nosniff
      X-Dd-Debug:
      - nRZqCODixwNZX0HLyT17WzYwenviVG0rmnZak57k5KsDWun3aWEsPedTsRpiFQxf
      X-Dd-Version:
      - "35.2240669"
      X-Frame-Options:
      - SAMEORIGIN
    status: 200 OK
    code: 200
    duration: ""
- request:
    body: '{"id":"4ea2772ca6df5d2cb6f6647e20f0b146","name":"updated name for metric
      SLO foo","description":"some updated description about foo SLO","tags":["baz","foo:bar"],"thresholds":[{"timeframe":"7d","target":99.5,"target_display":"99.5","warning":99.8,"warning_display":"99.8"},{"timeframe":"30d","target":98,"target_display":"99.","warning":99},{"timeframe":"90d","target":99.9,"target_display":"99."}],"type":"metric","query":{"numerator":"sum:my.metric{type:good}.as_count()","denominator":"sum:my.metric{type:good}.as_count()
      + sum:my.metric{type:bad}.as_count()"}}'
    form: {}
    headers:
      Content-Type:
      - application/json
      User-Agent:
      - Datadog/dev/terraform (go1.13)
    url: https://api.datadoghq.com/api/v1/slo/4ea2772ca6df5d2cb6f6647e20f0b146
    method: PUT
  response:
    body: '{"data":[{"description":"some updated description about foo SLO","monitor_tags":[],"creator":{"handle":"frog@datadoghq.com","name":null,"email":"frog@datadoghq.com"},"thresholds":[{"warning":99.8,"warning_display":"99.8","target":99.5,"target_display":"99.5","timeframe":"7d"},{"warning":99.0,"warning_display":"99.","target":98.0,"target_display":"98.","timeframe":"30d"},{"target":99.9,"target_display":"99.9","timeframe":"90d"}],"type_id":1,"query":{"denominator":"sum:my.metric{type:good}.as_count()
      + sum:my.metric{type:bad}.as_count()","numerator":"sum:my.metric{type:good}.as_count()"},"id":"4ea2772ca6df5d2cb6f6647e20f0b146","name":"updated
      name for metric SLO foo","created_at":1583328124,"tags":["foo:bar","baz"],"modified_at":1583328125,"type":"metric"}],"error":null}'
    headers:
      Cache-Control:
      - no-cache
      Connection:
      - keep-alive
      Content-Security-Policy:
      - frame-ancestors 'self'; report-uri https://api.datadoghq.com/csp-report
      Content-Type:
      - application/json
      Date:
      - Wed, 04 Mar 2020 13:22:05 GMT
      Dd-Pool:
      - dogweb
      Pragma:
      - no-cache
      Set-Cookie:
      - DD-PSHARD=233; Max-Age=604800; Path=/; expires=Wed, 11-Mar-2020 13:22:05 GMT;
        secure; HttpOnly
      Strict-Transport-Security:
      - max-age=15724800;
      Vary:
      - Accept-Encoding
      X-Content-Type-Options:
      - nosniff
      X-Dd-Debug:
      - FiLv+OaMPfXL1uddbn+9yDPMV5awac1EEhAgzXF2ZG6GNVh7KFUCM+HhGv6IDSg0
      X-Dd-Version:
      - "35.2240669"
      X-Frame-Options:
      - SAMEORIGIN
    status: 200 OK
    code: 200
    duration: ""
- request:
    body: ""
    form: {}
    headers:
      User-Agent:
      - Datadog/dev/terraform (go1.13)
    url: https://api.datadoghq.com/api/v1/slo/4ea2772ca6df5d2cb6f6647e20f0b146
    method: GET
  response:
    body: '{"data":{"description":"some updated description about foo SLO","monitor_tags":[],"creator":{"handle":"frog@datadoghq.com","name":null,"email":"frog@datadoghq.com"},"thresholds":[{"warning":99.8,"warning_display":"99.8","target":99.5,"target_display":"99.5","timeframe":"7d"},{"warning":99.0,"warning_display":"99.","target":98.0,"target_display":"98.","timeframe":"30d"},{"target":99.9,"target_display":"99.9","timeframe":"90d"}],"type_id":1,"query":{"denominator":"sum:my.metric{type:good}.as_count()
      + sum:my.metric{type:bad}.as_count()","numerator":"sum:my.metric{type:good}.as_count()"},"id":"4ea2772ca6df5d2cb6f6647e20f0b146","name":"updated
      name for metric SLO foo","created_at":1583328124,"tags":["foo:bar","baz"],"modified_at":1583328125,"type":"metric"},"error":null}'
    headers:
      Cache-Control:
      - no-cache
      Connection:
      - keep-alive
      Content-Security-Policy:
      - frame-ancestors 'self'; report-uri https://api.datadoghq.com/csp-report
      Content-Type:
      - application/json
      Date:
      - Wed, 04 Mar 2020 13:22:05 GMT
      Dd-Pool:
      - dogweb
      Pragma:
      - no-cache
      Set-Cookie:
      - DD-PSHARD=233; Max-Age=604800; Path=/; expires=Wed, 11-Mar-2020 13:22:05 GMT;
        secure; HttpOnly
      Strict-Transport-Security:
      - max-age=15724800;
      Vary:
      - Accept-Encoding
      X-Content-Type-Options:
      - nosniff
      X-Dd-Debug:
      - ns395qtajdi4vImLC5PhByq3vzX3KV9r4kOaLqZ3Kb42AGxxpM06vNzB/Pdubr1b
      X-Dd-Version:
      - "35.2240669"
      X-Frame-Options:
      - SAMEORIGIN
    status: 200 OK
    code: 200
    duration: ""
- request:
    body: ""
    form: {}
    headers:
      User-Agent:
      - Datadog/dev/terraform (go1.13)
    url: https://api.datadoghq.com/api/v1/slo/4ea2772ca6df5d2cb6f6647e20f0b146
    method: GET
  response:
    body: '{"data":{"description":"some updated description about foo SLO","monitor_tags":[],"creator":{"handle":"frog@datadoghq.com","name":null,"email":"frog@datadoghq.com"},"thresholds":[{"warning":99.8,"warning_display":"99.8","target":99.5,"target_display":"99.5","timeframe":"7d"},{"warning":99.0,"warning_display":"99.","target":98.0,"target_display":"98.","timeframe":"30d"},{"target":99.9,"target_display":"99.9","timeframe":"90d"}],"type_id":1,"query":{"denominator":"sum:my.metric{type:good}.as_count()
      + sum:my.metric{type:bad}.as_count()","numerator":"sum:my.metric{type:good}.as_count()"},"id":"4ea2772ca6df5d2cb6f6647e20f0b146","name":"updated
      name for metric SLO foo","created_at":1583328124,"tags":["foo:bar","baz"],"modified_at":1583328125,"type":"metric"},"error":null}'
    headers:
      Cache-Control:
      - no-cache
      Connection:
      - keep-alive
      Content-Security-Policy:
      - frame-ancestors 'self'; report-uri https://api.datadoghq.com/csp-report
      Content-Type:
      - application/json
      Date:
      - Wed, 04 Mar 2020 13:22:05 GMT
      Dd-Pool:
      - dogweb
      Pragma:
      - no-cache
      Set-Cookie:
      - DD-PSHARD=233; Max-Age=604800; Path=/; expires=Wed, 11-Mar-2020 13:22:05 GMT;
        secure; HttpOnly
      Strict-Transport-Security:
      - max-age=15724800;
      Vary:
      - Accept-Encoding
      X-Content-Type-Options:
      - nosniff
      X-Dd-Debug:
      - cYNsy3QDuOaYo2clO/PharSNtCykS9KtUfiNevH3xDbHJlRyddWkNpuDhMgHWZ43
      X-Dd-Version:
      - "35.2240669"
      X-Frame-Options:
      - SAMEORIGIN
    status: 200 OK
    code: 200
    duration: ""
- request:
    body: ""
    form: {}
    headers:
      User-Agent:
      - Datadog/dev/terraform (go1.13)
    url: https://api.datadoghq.com/api/v1/slo/4ea2772ca6df5d2cb6f6647e20f0b146
    method: GET
  response:
    body: '{"data":{"description":"some updated description about foo SLO","monitor_tags":[],"creator":{"handle":"frog@datadoghq.com","name":null,"email":"frog@datadoghq.com"},"thresholds":[{"warning":99.8,"warning_display":"99.8","target":99.5,"target_display":"99.5","timeframe":"7d"},{"warning":99.0,"warning_display":"99.","target":98.0,"target_display":"98.","timeframe":"30d"},{"target":99.9,"target_display":"99.9","timeframe":"90d"}],"type_id":1,"query":{"denominator":"sum:my.metric{type:good}.as_count()
      + sum:my.metric{type:bad}.as_count()","numerator":"sum:my.metric{type:good}.as_count()"},"id":"4ea2772ca6df5d2cb6f6647e20f0b146","name":"updated
      name for metric SLO foo","created_at":1583328124,"tags":["foo:bar","baz"],"modified_at":1583328125,"type":"metric"},"error":null}'
    headers:
      Cache-Control:
      - no-cache
      Connection:
      - keep-alive
      Content-Security-Policy:
      - frame-ancestors 'self'; report-uri https://api.datadoghq.com/csp-report
      Content-Type:
      - application/json
      Date:
      - Wed, 04 Mar 2020 13:22:05 GMT
      Dd-Pool:
      - dogweb
      Pragma:
      - no-cache
      Set-Cookie:
      - DD-PSHARD=233; Max-Age=604800; Path=/; expires=Wed, 11-Mar-2020 13:22:05 GMT;
        secure; HttpOnly
      Strict-Transport-Security:
      - max-age=15724800;
      Vary:
      - Accept-Encoding
      X-Content-Type-Options:
      - nosniff
      X-Dd-Debug:
      - xKFgbVhCHArG4Y0sXMtZ5P8r3tuxi63adTKFxNzM7f4aJAAu82zS1Bp7ak9HjM4Y
      X-Dd-Version:
      - "35.2240669"
      X-Frame-Options:
      - SAMEORIGIN
    status: 200 OK
    code: 200
    duration: ""
- request:
    body: ""
    form: {}
    headers:
      User-Agent:
      - Datadog/dev/terraform (go1.13)
    url: https://api.datadoghq.com/api/v1/slo/4ea2772ca6df5d2cb6f6647e20f0b146
    method: GET
  response:
    body: '{"data":{"description":"some updated description about foo SLO","monitor_tags":[],"creator":{"handle":"frog@datadoghq.com","name":null,"email":"frog@datadoghq.com"},"thresholds":[{"warning":99.8,"warning_display":"99.8","target":99.5,"target_display":"99.5","timeframe":"7d"},{"warning":99.0,"warning_display":"99.","target":98.0,"target_display":"98.","timeframe":"30d"},{"target":99.9,"target_display":"99.9","timeframe":"90d"}],"type_id":1,"query":{"denominator":"sum:my.metric{type:good}.as_count()
      + sum:my.metric{type:bad}.as_count()","numerator":"sum:my.metric{type:good}.as_count()"},"id":"4ea2772ca6df5d2cb6f6647e20f0b146","name":"updated
      name for metric SLO foo","created_at":1583328124,"tags":["foo:bar","baz"],"modified_at":1583328125,"type":"metric"},"error":null}'
    headers:
      Cache-Control:
      - no-cache
      Connection:
      - keep-alive
      Content-Security-Policy:
      - frame-ancestors 'self'; report-uri https://api.datadoghq.com/csp-report
      Content-Type:
      - application/json
      Date:
      - Wed, 04 Mar 2020 13:22:05 GMT
      Dd-Pool:
      - dogweb
      Pragma:
      - no-cache
      Set-Cookie:
      - DD-PSHARD=233; Max-Age=604800; Path=/; expires=Wed, 11-Mar-2020 13:22:05 GMT;
        secure; HttpOnly
      Strict-Transport-Security:
      - max-age=15724800;
      Vary:
      - Accept-Encoding
      X-Content-Type-Options:
      - nosniff
      X-Dd-Debug:
      - IRAJ1mQ+c3epm0CLGtZoe/y8O4TCss3jYw+fwQOm7+eSKRCE+p3OtawVnIQ5ts76
      X-Dd-Version:
      - "35.2240669"
      X-Frame-Options:
      - SAMEORIGIN
    status: 200 OK
    code: 200
    duration: ""
- request:
    body: ""
    form: {}
    headers:
      User-Agent:
      - Datadog/dev/terraform (go1.13)
    url: https://api.datadoghq.com/api/v1/slo/4ea2772ca6df5d2cb6f6647e20f0b146
    method: GET
  response:
    body: '{"data":{"description":"some updated description about foo SLO","monitor_tags":[],"creator":{"handle":"frog@datadoghq.com","name":null,"email":"frog@datadoghq.com"},"thresholds":[{"warning":99.8,"warning_display":"99.8","target":99.5,"target_display":"99.5","timeframe":"7d"},{"warning":99.0,"warning_display":"99.","target":98.0,"target_display":"98.","timeframe":"30d"},{"target":99.9,"target_display":"99.9","timeframe":"90d"}],"type_id":1,"query":{"denominator":"sum:my.metric{type:good}.as_count()
      + sum:my.metric{type:bad}.as_count()","numerator":"sum:my.metric{type:good}.as_count()"},"id":"4ea2772ca6df5d2cb6f6647e20f0b146","name":"updated
      name for metric SLO foo","created_at":1583328124,"tags":["foo:bar","baz"],"modified_at":1583328125,"type":"metric"},"error":null}'
    headers:
      Cache-Control:
      - no-cache
      Connection:
      - keep-alive
      Content-Security-Policy:
      - frame-ancestors 'self'; report-uri https://api.datadoghq.com/csp-report
      Content-Type:
      - application/json
      Date:
      - Wed, 04 Mar 2020 13:22:06 GMT
      Dd-Pool:
      - dogweb
      Pragma:
      - no-cache
      Set-Cookie:
      - DD-PSHARD=233; Max-Age=604800; Path=/; expires=Wed, 11-Mar-2020 13:22:06 GMT;
        secure; HttpOnly
      Strict-Transport-Security:
      - max-age=15724800;
      Vary:
      - Accept-Encoding
      X-Content-Type-Options:
      - nosniff
      X-Dd-Debug:
      - l+fZq7vW9gg1qInAzXkJZdt8f8e/094RDnN9pOEIlkXbx1jb6kpjgt1+syYCZyFC
      X-Dd-Version:
      - "35.2240669"
      X-Frame-Options:
      - SAMEORIGIN
    status: 200 OK
    code: 200
    duration: ""
- request:
    body: ""
    form: {}
    headers:
      User-Agent:
      - Datadog/dev/terraform (go1.13)
    url: https://api.datadoghq.com/api/v1/slo/4ea2772ca6df5d2cb6f6647e20f0b146
    method: GET
  response:
    body: '{"data":{"description":"some updated description about foo SLO","monitor_tags":[],"creator":{"handle":"frog@datadoghq.com","name":null,"email":"frog@datadoghq.com"},"thresholds":[{"warning":99.8,"warning_display":"99.8","target":99.5,"target_display":"99.5","timeframe":"7d"},{"warning":99.0,"warning_display":"99.","target":98.0,"target_display":"98.","timeframe":"30d"},{"target":99.9,"target_display":"99.9","timeframe":"90d"}],"type_id":1,"query":{"denominator":"sum:my.metric{type:good}.as_count()
      + sum:my.metric{type:bad}.as_count()","numerator":"sum:my.metric{type:good}.as_count()"},"id":"4ea2772ca6df5d2cb6f6647e20f0b146","name":"updated
      name for metric SLO foo","created_at":1583328124,"tags":["foo:bar","baz"],"modified_at":1583328125,"type":"metric"},"error":null}'
    headers:
      Cache-Control:
      - no-cache
      Connection:
      - keep-alive
      Content-Security-Policy:
      - frame-ancestors 'self'; report-uri https://api.datadoghq.com/csp-report
      Content-Type:
      - application/json
      Date:
      - Wed, 04 Mar 2020 13:22:06 GMT
      Dd-Pool:
      - dogweb
      Pragma:
      - no-cache
      Set-Cookie:
      - DD-PSHARD=233; Max-Age=604800; Path=/; expires=Wed, 11-Mar-2020 13:22:06 GMT;
        secure; HttpOnly
      Strict-Transport-Security:
      - max-age=15724800;
      Vary:
      - Accept-Encoding
      X-Content-Type-Options:
      - nosniff
      X-Dd-Debug:
      - fFk0sZgwwse+ZeEmqVGZPgcNG+SDXdM7Y74n6iOGuvoZenvaYEqZOvpOSMu1XDXx
      X-Dd-Version:
      - "35.2240669"
      X-Frame-Options:
      - SAMEORIGIN
    status: 200 OK
    code: 200
    duration: ""
- request:
    body: ""
    form: {}
    headers:
      User-Agent:
      - Datadog/dev/terraform (go1.13)
    url: https://api.datadoghq.com/api/v1/slo/4ea2772ca6df5d2cb6f6647e20f0b146
    method: DELETE
  response:
    body: '{"data":["4ea2772ca6df5d2cb6f6647e20f0b146"],"error":null}'
    headers:
      Cache-Control:
      - no-cache
      Connection:
      - keep-alive
      Content-Security-Policy:
      - frame-ancestors 'self'; report-uri https://api.datadoghq.com/csp-report
      Content-Type:
      - application/json
      Date:
      - Wed, 04 Mar 2020 13:22:06 GMT
      Dd-Pool:
      - dogweb
      Pragma:
      - no-cache
      Set-Cookie:
      - DD-PSHARD=233; Max-Age=604800; Path=/; expires=Wed, 11-Mar-2020 13:22:06 GMT;
        secure; HttpOnly
      Strict-Transport-Security:
      - max-age=15724800;
      Vary:
      - Accept-Encoding
      X-Content-Type-Options:
      - nosniff
      X-Dd-Debug:
      - nL/U8Nu7782wU68M7elx8MY/T+2opB0U5/flvjGsH/qXfYEORYWxwdDpQFq78Mxt
      X-Dd-Version:
      - "35.2240669"
      X-Frame-Options:
      - SAMEORIGIN
    status: 200 OK
    code: 200
    duration: ""
- request:
    body: ""
    form: {}
    headers:
      User-Agent:
      - Datadog/dev/terraform (go1.13)
    url: https://api.datadoghq.com/api/v1/slo/4ea2772ca6df5d2cb6f6647e20f0b146
    method: GET
  response:
    body: '{"errors": ["SLO not found: 4ea2772ca6df5d2cb6f6647e20f0b146 not found"]}'
    headers:
      Cache-Control:
      - no-cache
      Connection:
      - keep-alive
      Content-Security-Policy:
      - frame-ancestors 'self'; report-uri https://api.datadoghq.com/csp-report
      Content-Type:
      - application/json
      Date:
      - Wed, 04 Mar 2020 13:22:06 GMT
      Dd-Pool:
      - dogweb
      Pragma:
      - no-cache
      Strict-Transport-Security:
      - max-age=15724800;
      Vary:
      - Accept-Encoding
      X-Content-Type-Options:
      - nosniff
      X-Dd-Version:
      - "35.2240669"
      X-Frame-Options:
      - SAMEORIGIN
    status: 404 Not Found
    code: 404
    duration: ""
