---
version: 1
interactions:
- request:
    body: |
      {"end":1735765200,"message":"tf-TestAccDatadogDowntime_Updated-local-1596618377","monitor_tags":["service","app:webserver"],"recurrence":{"period":1,"type":"days"},"scope":["*"],"start":1735707600,"timezone":"UTC"}
    form: {}
    headers:
      Accept:
      - application/json
      Content-Type:
      - application/json
      Dd-Operation-Id:
      - CreateDowntime
      User-Agent:
      - terraform-provider-datadog/dev (terraform 1.10.0; terraform-cli 0.12.7-sdk)
        datadog-api-client-go/1.0.0-beta.8+dev (go go1.14.4; os darwin; arch amd64)
      X-Datadog-Parent-Id:
      - "7144511704676804469"
      X-Datadog-Sampling-Priority:
      - "1"
      X-Datadog-Trace-Id:
      - "6857673165101648107"
    url: https://api.datadoghq.com/api/v1/downtime
    method: POST
  response:
    body: '{"recurrence":{"until_date":null,"until_occurrences":null,"week_days":null,"type":"days","period":1},"end":1735765200,"monitor_tags":["app:webserver","service"],"canceled":null,"monitor_id":null,"org_id":321813,"disabled":false,"start":1735707600,"creator_id":1379826,"parent_id":null,"timezone":"UTC","active":false,"scope":["*"],"message":"tf-TestAccDatadogDowntime_Updated-local-1596618377","downtime_type":0,"id":915328227,"updater_id":null}'
    headers:
      Cache-Control:
      - no-cache
      Connection:
      - keep-alive
      Content-Security-Policy:
      - frame-ancestors 'self'; report-uri https://api.datadoghq.com/csp-report
      Content-Type:
      - application/json; charset=utf-8
      Date:
      - Wed, 05 Aug 2020 09:06:21 GMT
      Dd-Pool:
      - dogweb
      Pragma:
      - no-cache
      Set-Cookie:
      - DD-PSHARD=233; Max-Age=604800; Path=/; expires=Wed, 12-Aug-2020 09:06:21 GMT;
        secure; HttpOnly
      Strict-Transport-Security:
      - max-age=15724800;
      Vary:
      - Accept-Encoding
      X-Content-Type-Options:
      - nosniff
      X-Dd-Debug:
      - AoQa/CbBsu86hFV0oRUmFXUPKtuUUU218tVgcps5vbKSkUB7xDVNH82Rt+BPzd7S
      X-Dd-Version:
      - "35.2834998"
      X-Frame-Options:
      - SAMEORIGIN
    status: 200 OK
    code: 200
    duration: ""
- request:
    body: ""
    form: {}
    headers:
      Accept:
      - application/json
      Dd-Operation-Id:
      - GetDowntime
      User-Agent:
      - terraform-provider-datadog/dev (terraform 1.10.0; terraform-cli 0.12.7-sdk)
        datadog-api-client-go/1.0.0-beta.8+dev (go go1.14.4; os darwin; arch amd64)
      X-Datadog-Parent-Id:
      - "5545851354699742337"
      X-Datadog-Sampling-Priority:
      - "1"
      X-Datadog-Trace-Id:
      - "6857673165101648107"
    url: https://api.datadoghq.com/api/v1/downtime/915328227
    method: GET
  response:
    body: '{"recurrence":{"until_date":null,"until_occurrences":null,"week_days":null,"type":"days","period":1},"end":1735765200,"monitor_tags":["app:webserver","service"],"canceled":null,"monitor_id":null,"org_id":321813,"disabled":false,"start":1735707600,"creator_id":1379826,"parent_id":null,"timezone":"UTC","active":false,"scope":["*"],"message":"tf-TestAccDatadogDowntime_Updated-local-1596618377","downtime_type":0,"id":915328227,"updater_id":null}'
    headers:
      Cache-Control:
      - no-cache
      Connection:
      - keep-alive
      Content-Security-Policy:
      - frame-ancestors 'self'; report-uri https://api.datadoghq.com/csp-report
      Content-Type:
      - application/json; charset=utf-8
      Date:
      - Wed, 05 Aug 2020 09:06:21 GMT
      Dd-Pool:
      - dogweb
      Pragma:
      - no-cache
      Set-Cookie:
      - DD-PSHARD=233; Max-Age=604800; Path=/; expires=Wed, 12-Aug-2020 09:06:21 GMT;
        secure; HttpOnly
      Strict-Transport-Security:
      - max-age=15724800;
      Vary:
      - Accept-Encoding
      X-Content-Type-Options:
      - nosniff
      X-Dd-Debug:
      - 8SRiUWbXROhxbt2qTQIHI0/ItB0astmOk0SdLblSP1dc2sgzXOkFLy1C59PpfWH3
      X-Dd-Version:
      - "35.2834998"
      X-Frame-Options:
      - SAMEORIGIN
    status: 200 OK
    code: 200
    duration: ""
- request:
    body: ""
    form: {}
    headers:
      Accept:
      - application/json
      Dd-Operation-Id:
      - GetDowntime
      User-Agent:
      - terraform-provider-datadog/dev (terraform 1.10.0; terraform-cli 0.12.7-sdk)
        datadog-api-client-go/1.0.0-beta.8+dev (go go1.14.4; os darwin; arch amd64)
      X-Datadog-Parent-Id:
      - "4572715090364222423"
      X-Datadog-Sampling-Priority:
      - "1"
      X-Datadog-Trace-Id:
      - "6857673165101648107"
    url: https://api.datadoghq.com/api/v1/downtime/915328227
    method: GET
  response:
    body: '{"recurrence":{"until_date":null,"until_occurrences":null,"week_days":null,"type":"days","period":1},"end":1735765200,"monitor_tags":["app:webserver","service"],"canceled":null,"monitor_id":null,"org_id":321813,"disabled":false,"start":1735707600,"creator_id":1379826,"parent_id":null,"timezone":"UTC","active":false,"scope":["*"],"message":"tf-TestAccDatadogDowntime_Updated-local-1596618377","downtime_type":0,"id":915328227,"updater_id":null}'
    headers:
      Cache-Control:
      - no-cache
      Connection:
      - keep-alive
      Content-Security-Policy:
      - frame-ancestors 'self'; report-uri https://api.datadoghq.com/csp-report
      Content-Type:
      - application/json; charset=utf-8
      Date:
      - Wed, 05 Aug 2020 09:06:21 GMT
      Dd-Pool:
      - dogweb
      Pragma:
      - no-cache
      Set-Cookie:
      - DD-PSHARD=233; Max-Age=604800; Path=/; expires=Wed, 12-Aug-2020 09:06:21 GMT;
        secure; HttpOnly
      Strict-Transport-Security:
      - max-age=15724800;
      Vary:
      - Accept-Encoding
      X-Content-Type-Options:
      - nosniff
      X-Dd-Debug:
      - b27Zq5Wy7oAnZxlsGqmQzZQCnr9CxlKvwrgvfuudDwr1BTrsj1X8cZcOj+nTIiGm
      X-Dd-Version:
      - "35.2834998"
      X-Frame-Options:
      - SAMEORIGIN
    status: 200 OK
    code: 200
    duration: ""
- request:
    body: ""
    form: {}
    headers:
      Accept:
      - application/json
      Dd-Operation-Id:
      - GetDowntime
      User-Agent:
      - terraform-provider-datadog/dev (terraform 1.10.0; terraform-cli 0.12.7-sdk)
        datadog-api-client-go/1.0.0-beta.8+dev (go go1.14.4; os darwin; arch amd64)
      X-Datadog-Parent-Id:
      - "3765558701590466557"
      X-Datadog-Sampling-Priority:
      - "1"
      X-Datadog-Trace-Id:
      - "6857673165101648107"
    url: https://api.datadoghq.com/api/v1/downtime/915328227
    method: GET
  response:
    body: '{"recurrence":{"until_date":null,"until_occurrences":null,"week_days":null,"type":"days","period":1},"end":1735765200,"monitor_tags":["app:webserver","service"],"canceled":null,"monitor_id":null,"org_id":321813,"disabled":false,"start":1735707600,"creator_id":1379826,"parent_id":null,"timezone":"UTC","active":false,"scope":["*"],"message":"tf-TestAccDatadogDowntime_Updated-local-1596618377","downtime_type":0,"id":915328227,"updater_id":null}'
    headers:
      Cache-Control:
      - no-cache
      Connection:
      - keep-alive
      Content-Security-Policy:
      - frame-ancestors 'self'; report-uri https://api.datadoghq.com/csp-report
      Content-Type:
      - application/json; charset=utf-8
      Date:
      - Wed, 05 Aug 2020 09:06:21 GMT
      Dd-Pool:
      - dogweb
      Pragma:
      - no-cache
      Set-Cookie:
      - DD-PSHARD=233; Max-Age=604800; Path=/; expires=Wed, 12-Aug-2020 09:06:21 GMT;
        secure; HttpOnly
      Strict-Transport-Security:
      - max-age=15724800;
      Vary:
      - Accept-Encoding
      X-Content-Type-Options:
      - nosniff
      X-Dd-Debug:
      - 5SAG8lv0MhY4kZJnd5qEW3TFs7P9UpN3X2ioDrINr25HfRaRWrwlUDc5/3lM+wZb
      X-Dd-Version:
      - "35.2834998"
      X-Frame-Options:
      - SAMEORIGIN
    status: 200 OK
    code: 200
    duration: ""
- request:
    body: ""
    form: {}
    headers:
      Accept:
      - application/json
      Dd-Operation-Id:
      - GetDowntime
      User-Agent:
      - terraform-provider-datadog/dev (terraform 1.10.0; terraform-cli 0.12.7-sdk)
        datadog-api-client-go/1.0.0-beta.8+dev (go go1.14.4; os darwin; arch amd64)
      X-Datadog-Parent-Id:
      - "5816002867979678624"
      X-Datadog-Sampling-Priority:
      - "1"
      X-Datadog-Trace-Id:
      - "6857673165101648107"
    url: https://api.datadoghq.com/api/v1/downtime/915328227
    method: GET
  response:
    body: '{"recurrence":{"until_date":null,"until_occurrences":null,"week_days":null,"type":"days","period":1},"end":1735765200,"monitor_tags":["app:webserver","service"],"canceled":null,"monitor_id":null,"org_id":321813,"disabled":false,"start":1735707600,"creator_id":1379826,"parent_id":null,"timezone":"UTC","active":false,"scope":["*"],"message":"tf-TestAccDatadogDowntime_Updated-local-1596618377","downtime_type":0,"id":915328227,"updater_id":null}'
    headers:
      Cache-Control:
      - no-cache
      Connection:
      - keep-alive
      Content-Security-Policy:
      - frame-ancestors 'self'; report-uri https://api.datadoghq.com/csp-report
      Content-Type:
      - application/json; charset=utf-8
      Date:
      - Wed, 05 Aug 2020 09:06:22 GMT
      Dd-Pool:
      - dogweb
      Pragma:
      - no-cache
      Set-Cookie:
      - DD-PSHARD=233; Max-Age=604800; Path=/; expires=Wed, 12-Aug-2020 09:06:21 GMT;
        secure; HttpOnly
      Strict-Transport-Security:
      - max-age=15724800;
      Vary:
      - Accept-Encoding
      X-Content-Type-Options:
      - nosniff
      X-Dd-Debug:
      - iJcfYqmJ64NFnSF7F6YziHIq6sHR5qcZKHLCyrvUGNmKL+5B79MQEIOqpIAwDGGu
      X-Dd-Version:
      - "35.2834998"
      X-Frame-Options:
      - SAMEORIGIN
    status: 200 OK
    code: 200
    duration: ""
- request:
    body: ""
    form: {}
    headers:
      Accept:
      - application/json
      Dd-Operation-Id:
      - GetDowntime
      User-Agent:
      - terraform-provider-datadog/dev (terraform 1.10.0; terraform-cli 0.12.7-sdk)
        datadog-api-client-go/1.0.0-beta.8+dev (go go1.14.4; os darwin; arch amd64)
      X-Datadog-Parent-Id:
      - "2243072547318531847"
      X-Datadog-Sampling-Priority:
      - "1"
      X-Datadog-Trace-Id:
      - "6857673165101648107"
    url: https://api.datadoghq.com/api/v1/downtime/915328227
    method: GET
  response:
    body: '{"recurrence":{"until_date":null,"until_occurrences":null,"week_days":null,"type":"days","period":1},"end":1735765200,"monitor_tags":["app:webserver","service"],"canceled":null,"monitor_id":null,"org_id":321813,"disabled":false,"start":1735707600,"creator_id":1379826,"parent_id":null,"timezone":"UTC","active":false,"scope":["*"],"message":"tf-TestAccDatadogDowntime_Updated-local-1596618377","downtime_type":0,"id":915328227,"updater_id":null}'
    headers:
      Cache-Control:
      - no-cache
      Connection:
      - keep-alive
      Content-Security-Policy:
      - frame-ancestors 'self'; report-uri https://api.datadoghq.com/csp-report
      Content-Type:
      - application/json; charset=utf-8
      Date:
      - Wed, 05 Aug 2020 09:06:22 GMT
      Dd-Pool:
      - dogweb
      Pragma:
      - no-cache
      Set-Cookie:
      - DD-PSHARD=233; Max-Age=604800; Path=/; expires=Wed, 12-Aug-2020 09:06:22 GMT;
        secure; HttpOnly
      Strict-Transport-Security:
      - max-age=15724800;
      Vary:
      - Accept-Encoding
      X-Content-Type-Options:
      - nosniff
      X-Dd-Debug:
      - 3g97Hdr7X135lH5odCqjIafZF0FBtNvO/eZCtGffedMmtJCxzlNVaqGH7be6pKAH
      X-Dd-Version:
      - "35.2834998"
      X-Frame-Options:
      - SAMEORIGIN
    status: 200 OK
    code: 200
    duration: ""
- request:
    body: ""
    form: {}
    headers:
      Accept:
      - application/json
      Dd-Operation-Id:
      - GetDowntime
      User-Agent:
      - terraform-provider-datadog/dev (terraform 1.10.0; terraform-cli 0.12.7-sdk)
        datadog-api-client-go/1.0.0-beta.8+dev (go go1.14.4; os darwin; arch amd64)
      X-Datadog-Parent-Id:
      - "612847287821370575"
      X-Datadog-Sampling-Priority:
      - "1"
      X-Datadog-Trace-Id:
      - "6857673165101648107"
    url: https://api.datadoghq.com/api/v1/downtime/915328227
    method: GET
  response:
    body: '{"recurrence":{"until_date":null,"until_occurrences":null,"week_days":null,"type":"days","period":1},"end":1735765200,"monitor_tags":["app:webserver","service"],"canceled":null,"monitor_id":null,"org_id":321813,"disabled":false,"start":1735707600,"creator_id":1379826,"parent_id":null,"timezone":"UTC","active":false,"scope":["*"],"message":"tf-TestAccDatadogDowntime_Updated-local-1596618377","downtime_type":0,"id":915328227,"updater_id":null}'
    headers:
      Cache-Control:
      - no-cache
      Connection:
      - keep-alive
      Content-Security-Policy:
      - frame-ancestors 'self'; report-uri https://api.datadoghq.com/csp-report
      Content-Type:
      - application/json; charset=utf-8
      Date:
      - Wed, 05 Aug 2020 09:06:22 GMT
      Dd-Pool:
      - dogweb
      Pragma:
      - no-cache
      Set-Cookie:
      - DD-PSHARD=233; Max-Age=604800; Path=/; expires=Wed, 12-Aug-2020 09:06:22 GMT;
        secure; HttpOnly
      Strict-Transport-Security:
      - max-age=15724800;
      Vary:
      - Accept-Encoding
      X-Content-Type-Options:
      - nosniff
      X-Dd-Debug:
      - KWFYkqq/bCYPvFkmXv6yRC22pYi3ixhtj5Lwkuex88jCzYJThjuX8yZSJbFftuIx
      X-Dd-Version:
      - "35.2834998"
      X-Frame-Options:
      - SAMEORIGIN
    status: 200 OK
    code: 200
    duration: ""
- request:
    body: ""
    form: {}
    headers:
      Accept:
      - application/json
      Dd-Operation-Id:
      - GetDowntime
      User-Agent:
      - terraform-provider-datadog/dev (terraform 1.10.0; terraform-cli 0.12.7-sdk)
        datadog-api-client-go/1.0.0-beta.8+dev (go go1.14.4; os darwin; arch amd64)
      X-Datadog-Parent-Id:
      - "6326714141854188476"
      X-Datadog-Sampling-Priority:
      - "1"
      X-Datadog-Trace-Id:
      - "6857673165101648107"
    url: https://api.datadoghq.com/api/v1/downtime/915328227
    method: GET
  response:
    body: '{"recurrence":{"until_date":null,"until_occurrences":null,"week_days":null,"type":"days","period":1},"end":1735765200,"monitor_tags":["app:webserver","service"],"canceled":null,"monitor_id":null,"org_id":321813,"disabled":false,"start":1735707600,"creator_id":1379826,"parent_id":null,"timezone":"UTC","active":false,"scope":["*"],"message":"tf-TestAccDatadogDowntime_Updated-local-1596618377","downtime_type":0,"id":915328227,"updater_id":null}'
    headers:
      Cache-Control:
      - no-cache
      Connection:
      - keep-alive
      Content-Security-Policy:
      - frame-ancestors 'self'; report-uri https://api.datadoghq.com/csp-report
      Content-Type:
      - application/json; charset=utf-8
      Date:
      - Wed, 05 Aug 2020 09:06:22 GMT
      Dd-Pool:
      - dogweb
      Pragma:
      - no-cache
      Set-Cookie:
      - DD-PSHARD=233; Max-Age=604800; Path=/; expires=Wed, 12-Aug-2020 09:06:22 GMT;
        secure; HttpOnly
      Strict-Transport-Security:
      - max-age=15724800;
      Vary:
      - Accept-Encoding
      X-Content-Type-Options:
      - nosniff
      X-Dd-Debug:
      - VjinYMgcHeTS+4UVCOEhEGvgWjJPtRxsW8GlqE809DNx0uHDxIwRAogYhVtPLSve
      X-Dd-Version:
      - "35.2834998"
      X-Frame-Options:
      - SAMEORIGIN
    status: 200 OK
    code: 200
    duration: ""
- request:
    body: |
      {"id":915328227,"message":"tf-TestAccDatadogDowntime_Updated-local-1596618377","monitor_tags":["*"],"recurrence":{"period":3,"type":"days"},"scope":["Updated"],"timezone":"UTC"}
    form: {}
    headers:
      Accept:
      - application/json
      Content-Type:
      - application/json
      Dd-Operation-Id:
      - UpdateDowntime
      User-Agent:
      - terraform-provider-datadog/dev (terraform 1.10.0; terraform-cli 0.12.7-sdk)
        datadog-api-client-go/1.0.0-beta.8+dev (go go1.14.4; os darwin; arch amd64)
      X-Datadog-Parent-Id:
      - "985055540559924376"
      X-Datadog-Sampling-Priority:
      - "1"
      X-Datadog-Trace-Id:
      - "6857673165101648107"
    url: https://api.datadoghq.com/api/v1/downtime/915328227
    method: PUT
  response:
    body: '{"recurrence":{"until_date":null,"until_occurrences":null,"week_days":null,"type":"days","period":3},"end":1735765200,"monitor_tags":["*"],"canceled":null,"monitor_id":null,"org_id":321813,"disabled":false,"start":1735707600,"creator_id":1379826,"parent_id":null,"timezone":"UTC","active":false,"scope":["Updated"],"message":"tf-TestAccDatadogDowntime_Updated-local-1596618377","downtime_type":2,"id":915328227,"updater_id":1379826}'
    headers:
      Cache-Control:
      - no-cache
      Connection:
      - keep-alive
      Content-Security-Policy:
      - frame-ancestors 'self'; report-uri https://api.datadoghq.com/csp-report
      Content-Type:
      - application/json; charset=utf-8
      Date:
      - Wed, 05 Aug 2020 09:06:23 GMT
      Dd-Pool:
      - dogweb
      Pragma:
      - no-cache
      Set-Cookie:
      - DD-PSHARD=233; Max-Age=604800; Path=/; expires=Wed, 12-Aug-2020 09:06:23 GMT;
        secure; HttpOnly
      Strict-Transport-Security:
      - max-age=15724800;
      Vary:
      - Accept-Encoding
      X-Content-Type-Options:
      - nosniff
      X-Dd-Debug:
      - r+LqqNVWhLmaYzj++ZeaLch1+8vUpSB1USQIvTTVWPV6yb+HlMPU5znZZFzqMaSL
      X-Dd-Version:
      - "35.2834998"
      X-Frame-Options:
      - SAMEORIGIN
    status: 200 OK
    code: 200
    duration: ""
- request:
    body: ""
    form: {}
    headers:
      Accept:
      - application/json
      Dd-Operation-Id:
      - GetDowntime
      User-Agent:
      - terraform-provider-datadog/dev (terraform 1.10.0; terraform-cli 0.12.7-sdk)
        datadog-api-client-go/1.0.0-beta.8+dev (go go1.14.4; os darwin; arch amd64)
      X-Datadog-Parent-Id:
      - "1631074929613766587"
      X-Datadog-Sampling-Priority:
      - "1"
      X-Datadog-Trace-Id:
      - "6857673165101648107"
    url: https://api.datadoghq.com/api/v1/downtime/915328227
    method: GET
  response:
    body: '{"recurrence":{"until_date":null,"until_occurrences":null,"week_days":null,"type":"days","period":3},"end":1735765200,"monitor_tags":["*"],"canceled":null,"monitor_id":null,"org_id":321813,"disabled":false,"start":1735707600,"creator_id":1379826,"parent_id":null,"timezone":"UTC","active":false,"scope":["Updated"],"message":"tf-TestAccDatadogDowntime_Updated-local-1596618377","downtime_type":2,"id":915328227,"updater_id":1379826}'
    headers:
      Cache-Control:
      - no-cache
      Connection:
      - keep-alive
      Content-Security-Policy:
      - frame-ancestors 'self'; report-uri https://api.datadoghq.com/csp-report
      Content-Type:
      - application/json; charset=utf-8
      Date:
      - Wed, 05 Aug 2020 09:06:23 GMT
      Dd-Pool:
      - dogweb
      Pragma:
      - no-cache
      Set-Cookie:
      - DD-PSHARD=233; Max-Age=604800; Path=/; expires=Wed, 12-Aug-2020 09:06:23 GMT;
        secure; HttpOnly
      Strict-Transport-Security:
      - max-age=15724800;
      Vary:
      - Accept-Encoding
      X-Content-Type-Options:
      - nosniff
      X-Dd-Debug:
      - cu+xiOT7hIBgS03q/GGP340Oy0ONcG6pZ9wqJI2u7YJJl2O0i7XfYQHy5cqEHiiU
      X-Dd-Version:
      - "35.2834998"
      X-Frame-Options:
      - SAMEORIGIN
    status: 200 OK
    code: 200
    duration: ""
- request:
    body: ""
    form: {}
    headers:
      Accept:
      - application/json
      Dd-Operation-Id:
      - GetDowntime
      User-Agent:
      - terraform-provider-datadog/dev (terraform 1.10.0; terraform-cli 0.12.7-sdk)
        datadog-api-client-go/1.0.0-beta.8+dev (go go1.14.4; os darwin; arch amd64)
      X-Datadog-Parent-Id:
      - "9202600703185331289"
      X-Datadog-Sampling-Priority:
      - "1"
      X-Datadog-Trace-Id:
      - "6857673165101648107"
    url: https://api.datadoghq.com/api/v1/downtime/915328227
    method: GET
  response:
    body: '{"recurrence":{"until_date":null,"until_occurrences":null,"week_days":null,"type":"days","period":3},"end":1735765200,"monitor_tags":["*"],"canceled":null,"monitor_id":null,"org_id":321813,"disabled":false,"start":1735707600,"creator_id":1379826,"parent_id":null,"timezone":"UTC","active":false,"scope":["Updated"],"message":"tf-TestAccDatadogDowntime_Updated-local-1596618377","downtime_type":2,"id":915328227,"updater_id":1379826}'
    headers:
      Cache-Control:
      - no-cache
      Connection:
      - keep-alive
      Content-Security-Policy:
      - frame-ancestors 'self'; report-uri https://api.datadoghq.com/csp-report
      Content-Type:
      - application/json; charset=utf-8
      Date:
      - Wed, 05 Aug 2020 09:06:23 GMT
      Dd-Pool:
      - dogweb
      Pragma:
      - no-cache
      Set-Cookie:
      - DD-PSHARD=233; Max-Age=604800; Path=/; expires=Wed, 12-Aug-2020 09:06:23 GMT;
        secure; HttpOnly
      Strict-Transport-Security:
      - max-age=15724800;
      Vary:
      - Accept-Encoding
      X-Content-Type-Options:
      - nosniff
      X-Dd-Debug:
      - vucyvJMbGEiNnSU83vGjPRdyTSz/YY5UDJNb+IVsmkn2In/xalZEdVdKgPaH+5e3
      X-Dd-Version:
      - "35.2834998"
      X-Frame-Options:
      - SAMEORIGIN
    status: 200 OK
    code: 200
    duration: ""
- request:
    body: ""
    form: {}
    headers:
      Accept:
      - application/json
      Dd-Operation-Id:
      - GetDowntime
      User-Agent:
      - terraform-provider-datadog/dev (terraform 1.10.0; terraform-cli 0.12.7-sdk)
        datadog-api-client-go/1.0.0-beta.8+dev (go go1.14.4; os darwin; arch amd64)
      X-Datadog-Parent-Id:
      - "8558385054789587923"
      X-Datadog-Sampling-Priority:
      - "1"
      X-Datadog-Trace-Id:
      - "6857673165101648107"
    url: https://api.datadoghq.com/api/v1/downtime/915328227
    method: GET
  response:
    body: '{"recurrence":{"until_date":null,"until_occurrences":null,"week_days":null,"type":"days","period":3},"end":1735765200,"monitor_tags":["*"],"canceled":null,"monitor_id":null,"org_id":321813,"disabled":false,"start":1735707600,"creator_id":1379826,"parent_id":null,"timezone":"UTC","active":false,"scope":["Updated"],"message":"tf-TestAccDatadogDowntime_Updated-local-1596618377","downtime_type":2,"id":915328227,"updater_id":1379826}'
    headers:
      Cache-Control:
      - no-cache
      Connection:
      - keep-alive
      Content-Security-Policy:
      - frame-ancestors 'self'; report-uri https://api.datadoghq.com/csp-report
      Content-Type:
      - application/json; charset=utf-8
      Date:
      - Wed, 05 Aug 2020 09:06:23 GMT
      Dd-Pool:
      - dogweb
      Pragma:
      - no-cache
      Set-Cookie:
      - DD-PSHARD=233; Max-Age=604800; Path=/; expires=Wed, 12-Aug-2020 09:06:23 GMT;
        secure; HttpOnly
      Strict-Transport-Security:
      - max-age=15724800;
      Vary:
      - Accept-Encoding
      X-Content-Type-Options:
      - nosniff
      X-Dd-Debug:
      - IjFhvGvRVibw5qto2z+aHRHwRHId5lg2yB7WOyGbVZgwXCsXHEpV1gB7uMLOw0Bx
      X-Dd-Version:
      - "35.2834998"
      X-Frame-Options:
      - SAMEORIGIN
    status: 200 OK
    code: 200
    duration: ""
- request:
    body: ""
    form: {}
    headers:
      Accept:
      - application/json
      Dd-Operation-Id:
      - GetDowntime
      User-Agent:
      - terraform-provider-datadog/dev (terraform 1.10.0; terraform-cli 0.12.7-sdk)
        datadog-api-client-go/1.0.0-beta.8+dev (go go1.14.4; os darwin; arch amd64)
      X-Datadog-Parent-Id:
      - "2043180489190411960"
      X-Datadog-Sampling-Priority:
      - "1"
      X-Datadog-Trace-Id:
      - "6857673165101648107"
    url: https://api.datadoghq.com/api/v1/downtime/915328227
    method: GET
  response:
    body: '{"recurrence":{"until_date":null,"until_occurrences":null,"week_days":null,"type":"days","period":3},"end":1735765200,"monitor_tags":["*"],"canceled":null,"monitor_id":null,"org_id":321813,"disabled":false,"start":1735707600,"creator_id":1379826,"parent_id":null,"timezone":"UTC","active":false,"scope":["Updated"],"message":"tf-TestAccDatadogDowntime_Updated-local-1596618377","downtime_type":2,"id":915328227,"updater_id":1379826}'
    headers:
      Cache-Control:
      - no-cache
      Connection:
      - keep-alive
      Content-Security-Policy:
      - frame-ancestors 'self'; report-uri https://api.datadoghq.com/csp-report
      Content-Type:
      - application/json; charset=utf-8
      Date:
      - Wed, 05 Aug 2020 09:06:24 GMT
      Dd-Pool:
      - dogweb
      Pragma:
      - no-cache
      Set-Cookie:
      - DD-PSHARD=233; Max-Age=604800; Path=/; expires=Wed, 12-Aug-2020 09:06:23 GMT;
        secure; HttpOnly
      Strict-Transport-Security:
      - max-age=15724800;
      Vary:
      - Accept-Encoding
      X-Content-Type-Options:
      - nosniff
      X-Dd-Debug:
      - FGZc3Mf8OA2JwJGJg6vVUKpUj9a6QK4iUt4etWonM72SPoDhQHTvR4PktQX+3TEl
      X-Dd-Version:
      - "35.2834998"
      X-Frame-Options:
      - SAMEORIGIN
    status: 200 OK
    code: 200
    duration: ""
- request:
    body: ""
    form: {}
    headers:
      Accept:
      - application/json
      Dd-Operation-Id:
      - GetDowntime
      User-Agent:
      - terraform-provider-datadog/dev (terraform 1.10.0; terraform-cli 0.12.7-sdk)
        datadog-api-client-go/1.0.0-beta.8+dev (go go1.14.4; os darwin; arch amd64)
      X-Datadog-Parent-Id:
      - "5456190538682345678"
      X-Datadog-Sampling-Priority:
      - "1"
      X-Datadog-Trace-Id:
      - "6857673165101648107"
    url: https://api.datadoghq.com/api/v1/downtime/915328227
    method: GET
  response:
    body: '{"recurrence":{"until_date":null,"until_occurrences":null,"week_days":null,"type":"days","period":3},"end":1735765200,"monitor_tags":["*"],"canceled":null,"monitor_id":null,"org_id":321813,"disabled":false,"start":1735707600,"creator_id":1379826,"parent_id":null,"timezone":"UTC","active":false,"scope":["Updated"],"message":"tf-TestAccDatadogDowntime_Updated-local-1596618377","downtime_type":2,"id":915328227,"updater_id":1379826}'
    headers:
      Cache-Control:
      - no-cache
      Connection:
      - keep-alive
      Content-Security-Policy:
      - frame-ancestors 'self'; report-uri https://api.datadoghq.com/csp-report
      Content-Type:
      - application/json; charset=utf-8
      Date:
      - Wed, 05 Aug 2020 09:06:24 GMT
      Dd-Pool:
      - dogweb
      Pragma:
      - no-cache
      Set-Cookie:
      - DD-PSHARD=233; Max-Age=604800; Path=/; expires=Wed, 12-Aug-2020 09:06:24 GMT;
        secure; HttpOnly
      Strict-Transport-Security:
      - max-age=15724800;
      Vary:
      - Accept-Encoding
      X-Content-Type-Options:
      - nosniff
      X-Dd-Debug:
      - o6ZIvBagr8VX68MF0Hm+zNgPay+HIW6dp/DSiWTaMVcM4Ce4ARB8lNjJgb7erxpo
      X-Dd-Version:
      - "35.2834998"
      X-Frame-Options:
      - SAMEORIGIN
    status: 200 OK
    code: 200
    duration: ""
- request:
    body: ""
    form: {}
    headers:
      Accept:
      - application/json
      Dd-Operation-Id:
      - GetDowntime
      User-Agent:
      - terraform-provider-datadog/dev (terraform 1.10.0; terraform-cli 0.12.7-sdk)
        datadog-api-client-go/1.0.0-beta.8+dev (go go1.14.4; os darwin; arch amd64)
      X-Datadog-Parent-Id:
      - "891245845130821400"
      X-Datadog-Sampling-Priority:
      - "1"
      X-Datadog-Trace-Id:
      - "6857673165101648107"
    url: https://api.datadoghq.com/api/v1/downtime/915328227
    method: GET
  response:
    body: '{"recurrence":{"until_date":null,"until_occurrences":null,"week_days":null,"type":"days","period":3},"end":1735765200,"monitor_tags":["*"],"canceled":null,"monitor_id":null,"org_id":321813,"disabled":false,"start":1735707600,"creator_id":1379826,"parent_id":null,"timezone":"UTC","active":false,"scope":["Updated"],"message":"tf-TestAccDatadogDowntime_Updated-local-1596618377","downtime_type":2,"id":915328227,"updater_id":1379826}'
    headers:
      Cache-Control:
      - no-cache
      Connection:
      - keep-alive
      Content-Security-Policy:
      - frame-ancestors 'self'; report-uri https://api.datadoghq.com/csp-report
      Content-Type:
      - application/json; charset=utf-8
      Date:
      - Wed, 05 Aug 2020 09:06:24 GMT
      Dd-Pool:
      - dogweb
      Pragma:
      - no-cache
      Set-Cookie:
      - DD-PSHARD=233; Max-Age=604800; Path=/; expires=Wed, 12-Aug-2020 09:06:24 GMT;
        secure; HttpOnly
      Strict-Transport-Security:
      - max-age=15724800;
      Vary:
      - Accept-Encoding
      X-Content-Type-Options:
      - nosniff
      X-Dd-Debug:
      - eqrH1g3VF0oj6xRRluneeUlf2+KlOLMDwfb+2r9w9N8dBjyazw8AOgUZ4CXhSQfA
      X-Dd-Version:
      - "35.2834998"
      X-Frame-Options:
      - SAMEORIGIN
    status: 200 OK
    code: 200
    duration: ""
- request:
    body: ""
    form: {}
    headers:
      Accept:
      - application/json
      Dd-Operation-Id:
      - CancelDowntime
      User-Agent:
      - terraform-provider-datadog/dev (terraform 1.10.0; terraform-cli 0.12.7-sdk)
        datadog-api-client-go/1.0.0-beta.8+dev (go go1.14.4; os darwin; arch amd64)
      X-Datadog-Parent-Id:
      - "3062269330005765668"
      X-Datadog-Sampling-Priority:
      - "1"
      X-Datadog-Trace-Id:
      - "6857673165101648107"
    url: https://api.datadoghq.com/api/v1/downtime/915328227
    method: DELETE
  response:
    body: ""
    headers:
      Cache-Control:
      - no-cache
      Connection:
      - keep-alive
      Content-Length:
      - "0"
      Content-Security-Policy:
      - frame-ancestors 'self'; report-uri https://api.datadoghq.com/csp-report
      Content-Type:
      - text/html; charset=utf-8
      Date:
      - Wed, 05 Aug 2020 09:06:24 GMT
      Dd-Pool:
      - dogweb
      Pragma:
      - no-cache
      Set-Cookie:
      - DD-PSHARD=233; Max-Age=604800; Path=/; expires=Wed, 12-Aug-2020 09:06:24 GMT;
        secure; HttpOnly
      Strict-Transport-Security:
      - max-age=15724800;
      X-Content-Type-Options:
      - nosniff
      X-Dd-Debug:
      - Z9WzCmBHxyUzHalCbEiJOxeZujJKNiZRhK/6aib+/Z0JTaz0lnnMaC+k3nufqqqQ
      X-Dd-Version:
      - "35.2834998"
      X-Frame-Options:
      - SAMEORIGIN
    status: 204 No Content
    code: 204
    duration: ""
- request:
    body: ""
    form: {}
    headers:
      Accept:
      - application/json
      Dd-Operation-Id:
      - GetDowntime
      User-Agent:
      - terraform-provider-datadog/dev (terraform 1.10.0; terraform-cli 0.12.7-sdk)
        datadog-api-client-go/1.0.0-beta.8+dev (go go1.14.4; os darwin; arch amd64)
      X-Datadog-Parent-Id:
      - "3135885520060345267"
      X-Datadog-Sampling-Priority:
      - "1"
      X-Datadog-Trace-Id:
      - "6857673165101648107"
    url: https://api.datadoghq.com/api/v1/downtime/915328227
    method: GET
  response:
    body: '{"recurrence":{"until_date":null,"until_occurrences":null,"week_days":null,"type":"days","period":3},"end":1735765200,"monitor_tags":["*"],"canceled":1596618384,"monitor_id":null,"org_id":321813,"disabled":true,"start":1735707600,"creator_id":1379826,"parent_id":null,"timezone":"UTC","active":false,"scope":["Updated"],"message":"tf-TestAccDatadogDowntime_Updated-local-1596618377","downtime_type":2,"id":915328227,"updater_id":1379826}'
    headers:
      Cache-Control:
      - no-cache
      Connection:
      - keep-alive
      Content-Security-Policy:
      - frame-ancestors 'self'; report-uri https://api.datadoghq.com/csp-report
      Content-Type:
      - application/json; charset=utf-8
      Date:
      - Wed, 05 Aug 2020 09:06:24 GMT
      Dd-Pool:
      - dogweb
      Pragma:
      - no-cache
      Set-Cookie:
      - DD-PSHARD=233; Max-Age=604800; Path=/; expires=Wed, 12-Aug-2020 09:06:24 GMT;
        secure; HttpOnly
      Strict-Transport-Security:
      - max-age=15724800;
      Vary:
      - Accept-Encoding
      X-Content-Type-Options:
      - nosniff
      X-Dd-Debug:
      - cJvXacONojRk0/17Cm0VszgYzjECWHpUBJCNmuW/Kh2mQ32nyjPe3yDm8IWEv7Is
      X-Dd-Version:
      - "35.2834998"
      X-Frame-Options:
      - SAMEORIGIN
    status: 200 OK
    code: 200
    duration: ""
