---
version: 1
interactions:
- request:
    body: |
      {"description":"Created using the Datadog provider in Terraform","id":"","is_read_only":true,"layout_type":"ordered","notify_list":[],"template_variable_presets":[],"template_variables":[],"title":"tf-TestAccDatadogDashboardCheckStatus_import-local-1602246890","widgets":[{"definition":{"check":"aws.ec2.host_status","group_by":["app"],"grouping":"cluster","tags":["account:prod"],"title":"Agent Up","title_align":"center","title_size":"16","type":"check_status"}}]}
    form: {}
    headers:
      Accept:
      - application/json
      Content-Type:
      - application/json
      Dd-Operation-Id:
      - CreateDashboard
      User-Agent:
      - terraform-provider-datadog/dev (terraform 1.15.0; terraform-cli 0.12.7-sdk)
        datadog-api-client-go/1.0.0-beta.9+dev (go go1.14.2; os darwin; arch amd64)
      X-Datadog-Parent-Id:
      - "1877926328104189647"
      X-Datadog-Sampling-Priority:
      - "1"
      X-Datadog-Trace-Id:
      - "7144558442855411504"
    url: https://api.datadoghq.com/api/v1/dashboard
    method: POST
  response:
    body: '{"notify_list":[],"description":"Created using the Datadog provider in
      Terraform","author_name":null,"template_variable_presets":[],"template_variables":[],"is_read_only":true,"id":"3qp-m6x-x98","title":"tf-TestAccDatadogDashboardCheckStatus_import-local-1602246890","url":"/dashboard/3qp-m6x-x98/tf-testaccdatadogdashboardcheckstatusimport-local-1602246890","created_at":"2020-10-09T12:39:33.590914+00:00","modified_at":"2020-10-09T12:39:33.590914+00:00","author_handle":"frog@datadoghq.com","widgets":[{"definition":{"title_size":"16","title":"Agent
      Up","title_align":"center","group_by":["app"],"type":"check_status","check":"aws.ec2.host_status","tags":["account:prod"],"grouping":"cluster"},"id":7949580685086690}],"layout_type":"ordered"}'
    headers:
      Cache-Control:
      - no-cache
      Connection:
      - keep-alive
      Content-Security-Policy:
      - frame-ancestors 'self'; report-uri https://api.datadoghq.com/csp-report
      Content-Type:
      - application/json
      Date:
      - Fri, 09 Oct 2020 12:39:33 GMT
      Dd-Pool:
      - dogweb
      Pragma:
      - no-cache
      Set-Cookie:
      - DD-PSHARD=233; Max-Age=604800; Path=/; expires=Fri, 16-Oct-2020 12:39:33 GMT;
        secure; HttpOnly
      Strict-Transport-Security:
      - max-age=15724800;
      Vary:
      - Accept-Encoding
      X-Content-Type-Options:
      - nosniff
      X-Dd-Debug:
      - x0lXQI7rzyICHjQ6egBdIXvv6oH1uc+zPjPKGBnD3VLYo8imKB14VpRl9Uf7xZN/
      X-Dd-Version:
      - "35.3169891"
      X-Frame-Options:
      - SAMEORIGIN
    status: 200 OK
    code: 200
    duration: ""
- request:
    body: ""
    form: {}
    headers:
      Accept:
      - application/json
      Dd-Operation-Id:
      - GetDashboard
      User-Agent:
      - terraform-provider-datadog/dev (terraform 1.15.0; terraform-cli 0.12.7-sdk)
        datadog-api-client-go/1.0.0-beta.9+dev (go go1.14.2; os darwin; arch amd64)
      X-Datadog-Parent-Id:
      - "6660334102677452934"
      X-Datadog-Sampling-Priority:
      - "1"
      X-Datadog-Trace-Id:
      - "7144558442855411504"
    url: https://api.datadoghq.com/api/v1/dashboard/3qp-m6x-x98
    method: GET
  response:
    body: '{"notify_list":[],"description":"Created using the Datadog provider in
      Terraform","author_name":null,"template_variable_presets":[],"template_variables":[],"is_read_only":true,"id":"3qp-m6x-x98","title":"tf-TestAccDatadogDashboardCheckStatus_import-local-1602246890","url":"/dashboard/3qp-m6x-x98/tf-testaccdatadogdashboardcheckstatusimport-local-1602246890","created_at":"2020-10-09T12:39:33.590914+00:00","modified_at":"2020-10-09T12:39:33.590914+00:00","author_handle":"frog@datadoghq.com","widgets":[{"definition":{"title_size":"16","title":"Agent
      Up","title_align":"center","group_by":["app"],"type":"check_status","check":"aws.ec2.host_status","tags":["account:prod"],"grouping":"cluster"},"id":7949580685086690}],"layout_type":"ordered"}'
    headers:
      Cache-Control:
      - no-cache
      Connection:
      - keep-alive
      Content-Security-Policy:
      - frame-ancestors 'self'; report-uri https://api.datadoghq.com/csp-report
      Content-Type:
      - application/json
      Date:
      - Fri, 09 Oct 2020 12:39:33 GMT
      Dd-Pool:
      - dogweb
      Pragma:
      - no-cache
      Set-Cookie:
      - DD-PSHARD=233; Max-Age=604800; Path=/; expires=Fri, 16-Oct-2020 12:39:33 GMT;
        secure; HttpOnly
      Strict-Transport-Security:
      - max-age=15724800;
      Vary:
      - Accept-Encoding
      X-Content-Type-Options:
      - nosniff
      X-Dd-Debug:
      - hkXZRrnCTh2pkyHJgLo1+B5+sLp+RYzQrqT867R6UzDvqVGo8Av8yUCpaA0POidP
      X-Dd-Version:
      - "35.3169891"
      X-Frame-Options:
      - SAMEORIGIN
    status: 200 OK
    code: 200
    duration: ""
- request:
    body: ""
    form: {}
    headers:
      Accept:
      - application/json
      Dd-Operation-Id:
      - GetDashboard
      User-Agent:
      - terraform-provider-datadog/dev (terraform 1.15.0; terraform-cli 0.12.7-sdk)
        datadog-api-client-go/1.0.0-beta.9+dev (go go1.14.2; os darwin; arch amd64)
      X-Datadog-Parent-Id:
      - "2485880821000736471"
      X-Datadog-Sampling-Priority:
      - "1"
      X-Datadog-Trace-Id:
      - "7144558442855411504"
    url: https://api.datadoghq.com/api/v1/dashboard/3qp-m6x-x98
    method: GET
  response:
    body: '{"notify_list":[],"description":"Created using the Datadog provider in
      Terraform","author_name":null,"template_variable_presets":[],"template_variables":[],"is_read_only":true,"id":"3qp-m6x-x98","title":"tf-TestAccDatadogDashboardCheckStatus_import-local-1602246890","url":"/dashboard/3qp-m6x-x98/tf-testaccdatadogdashboardcheckstatusimport-local-1602246890","created_at":"2020-10-09T12:39:33.590914+00:00","modified_at":"2020-10-09T12:39:33.590914+00:00","author_handle":"frog@datadoghq.com","widgets":[{"definition":{"title_size":"16","title":"Agent
      Up","title_align":"center","group_by":["app"],"type":"check_status","check":"aws.ec2.host_status","tags":["account:prod"],"grouping":"cluster"},"id":7949580685086690}],"layout_type":"ordered"}'
    headers:
      Cache-Control:
      - no-cache
      Connection:
      - keep-alive
      Content-Security-Policy:
      - frame-ancestors 'self'; report-uri https://api.datadoghq.com/csp-report
      Content-Type:
      - application/json
      Date:
      - Fri, 09 Oct 2020 12:39:36 GMT
      Dd-Pool:
      - dogweb
      Pragma:
      - no-cache
      Set-Cookie:
      - DD-PSHARD=233; Max-Age=604800; Path=/; expires=Fri, 16-Oct-2020 12:39:36 GMT;
        secure; HttpOnly
      Strict-Transport-Security:
      - max-age=15724800;
      Vary:
      - Accept-Encoding
      X-Content-Type-Options:
      - nosniff
      X-Dd-Debug:
      - 5x0PMB2EV7ostoQ8Atq4xA2+Yg42JuDoghGuHR/nVEOXOx15i0lNYfIS41IGAJpz
      X-Dd-Version:
      - "35.3169891"
      X-Frame-Options:
      - SAMEORIGIN
    status: 200 OK
    code: 200
    duration: ""
- request:
    body: ""
    form: {}
    headers:
      Accept:
      - application/json
      Dd-Operation-Id:
      - GetDashboard
      User-Agent:
      - terraform-provider-datadog/dev (terraform 1.15.0; terraform-cli 0.12.7-sdk)
        datadog-api-client-go/1.0.0-beta.9+dev (go go1.14.2; os darwin; arch amd64)
      X-Datadog-Parent-Id:
      - "9199246344116720083"
      X-Datadog-Sampling-Priority:
      - "1"
      X-Datadog-Trace-Id:
      - "7144558442855411504"
    url: https://api.datadoghq.com/api/v1/dashboard/3qp-m6x-x98
    method: GET
  response:
    body: '{"notify_list":[],"description":"Created using the Datadog provider in
      Terraform","author_name":null,"template_variable_presets":[],"template_variables":[],"is_read_only":true,"id":"3qp-m6x-x98","title":"tf-TestAccDatadogDashboardCheckStatus_import-local-1602246890","url":"/dashboard/3qp-m6x-x98/tf-testaccdatadogdashboardcheckstatusimport-local-1602246890","created_at":"2020-10-09T12:39:33.590914+00:00","modified_at":"2020-10-09T12:39:33.590914+00:00","author_handle":"frog@datadoghq.com","widgets":[{"definition":{"title_size":"16","title":"Agent
      Up","title_align":"center","group_by":["app"],"type":"check_status","check":"aws.ec2.host_status","tags":["account:prod"],"grouping":"cluster"},"id":7949580685086690}],"layout_type":"ordered"}'
    headers:
      Cache-Control:
      - no-cache
      Connection:
      - keep-alive
      Content-Security-Policy:
      - frame-ancestors 'self'; report-uri https://api.datadoghq.com/csp-report
      Content-Type:
      - application/json
      Date:
      - Fri, 09 Oct 2020 12:39:36 GMT
      Dd-Pool:
      - dogweb
      Pragma:
      - no-cache
      Set-Cookie:
      - DD-PSHARD=233; Max-Age=604800; Path=/; expires=Fri, 16-Oct-2020 12:39:36 GMT;
        secure; HttpOnly
      Strict-Transport-Security:
      - max-age=15724800;
      Vary:
      - Accept-Encoding
      X-Content-Type-Options:
      - nosniff
      X-Dd-Debug:
      - /waQ67o9EXsAiQILmFHWOTHDJ6E+x7ROC0G8iNmC+2lV58E3PSGYbXj1H62A/c+u
      X-Dd-Version:
      - "35.3169891"
      X-Frame-Options:
      - SAMEORIGIN
    status: 200 OK
    code: 200
    duration: ""
- request:
    body: ""
    form: {}
    headers:
      Accept:
      - application/json
      Dd-Operation-Id:
      - GetDashboard
      User-Agent:
      - terraform-provider-datadog/dev (terraform 1.15.0; terraform-cli 0.12.7-sdk)
        datadog-api-client-go/1.0.0-beta.9+dev (go go1.14.2; os darwin; arch amd64)
      X-Datadog-Parent-Id:
      - "3357288113215990176"
      X-Datadog-Sampling-Priority:
      - "1"
      X-Datadog-Trace-Id:
      - "7144558442855411504"
    url: https://api.datadoghq.com/api/v1/dashboard/3qp-m6x-x98
    method: GET
  response:
    body: '{"notify_list":[],"description":"Created using the Datadog provider in
      Terraform","author_name":null,"template_variable_presets":[],"template_variables":[],"is_read_only":true,"id":"3qp-m6x-x98","title":"tf-TestAccDatadogDashboardCheckStatus_import-local-1602246890","url":"/dashboard/3qp-m6x-x98/tf-testaccdatadogdashboardcheckstatusimport-local-1602246890","created_at":"2020-10-09T12:39:33.590914+00:00","modified_at":"2020-10-09T12:39:33.590914+00:00","author_handle":"frog@datadoghq.com","widgets":[{"definition":{"title_size":"16","title":"Agent
      Up","title_align":"center","group_by":["app"],"type":"check_status","check":"aws.ec2.host_status","tags":["account:prod"],"grouping":"cluster"},"id":7949580685086690}],"layout_type":"ordered"}'
    headers:
      Cache-Control:
      - no-cache
      Connection:
      - keep-alive
      Content-Security-Policy:
      - frame-ancestors 'self'; report-uri https://api.datadoghq.com/csp-report
      Content-Type:
      - application/json
      Date:
      - Fri, 09 Oct 2020 12:39:38 GMT
      Dd-Pool:
      - dogweb
      Pragma:
      - no-cache
      Set-Cookie:
      - DD-PSHARD=233; Max-Age=604800; Path=/; expires=Fri, 16-Oct-2020 12:39:38 GMT;
        secure; HttpOnly
      Strict-Transport-Security:
      - max-age=15724800;
      Vary:
      - Accept-Encoding
      X-Content-Type-Options:
      - nosniff
      X-Dd-Debug:
      - 35J49GdWRZ44BXWQv5M8k5DMOKDsnUL/+b8VnKl01OT828ngNdfZvXJ9jRXKLHFA
      X-Dd-Version:
      - "35.3169891"
      X-Frame-Options:
      - SAMEORIGIN
    status: 200 OK
    code: 200
    duration: ""
- request:
    body: ""
    form: {}
    headers:
      Accept:
      - application/json
      Dd-Operation-Id:
      - GetDashboard
      User-Agent:
      - terraform-provider-datadog/dev (terraform 1.15.0; terraform-cli 0.12.7-sdk)
        datadog-api-client-go/1.0.0-beta.9+dev (go go1.14.2; os darwin; arch amd64)
      X-Datadog-Parent-Id:
      - "6565870518988624997"
      X-Datadog-Sampling-Priority:
      - "1"
      X-Datadog-Trace-Id:
      - "7144558442855411504"
    url: https://api.datadoghq.com/api/v1/dashboard/3qp-m6x-x98
    method: GET
  response:
    body: '{"notify_list":[],"description":"Created using the Datadog provider in
      Terraform","author_name":null,"template_variable_presets":[],"template_variables":[],"is_read_only":true,"id":"3qp-m6x-x98","title":"tf-TestAccDatadogDashboardCheckStatus_import-local-1602246890","url":"/dashboard/3qp-m6x-x98/tf-testaccdatadogdashboardcheckstatusimport-local-1602246890","created_at":"2020-10-09T12:39:33.590914+00:00","modified_at":"2020-10-09T12:39:33.590914+00:00","author_handle":"frog@datadoghq.com","widgets":[{"definition":{"title_size":"16","title":"Agent
      Up","title_align":"center","group_by":["app"],"type":"check_status","check":"aws.ec2.host_status","tags":["account:prod"],"grouping":"cluster"},"id":7949580685086690}],"layout_type":"ordered"}'
    headers:
      Cache-Control:
      - no-cache
      Connection:
      - keep-alive
      Content-Security-Policy:
      - frame-ancestors 'self'; report-uri https://api.datadoghq.com/csp-report
      Content-Type:
      - application/json
      Date:
      - Fri, 09 Oct 2020 12:39:38 GMT
      Dd-Pool:
      - dogweb
      Pragma:
      - no-cache
      Set-Cookie:
      - DD-PSHARD=233; Max-Age=604800; Path=/; expires=Fri, 16-Oct-2020 12:39:38 GMT;
        secure; HttpOnly
      Strict-Transport-Security:
      - max-age=15724800;
      Vary:
      - Accept-Encoding
      X-Content-Type-Options:
      - nosniff
      X-Dd-Debug:
      - jIHwMGAozg7YLLMxg68/xcSQvrFCUULkLnRH70ENUITWzZ3Z86IAFBgHj9JuCUXt
      X-Dd-Version:
      - "35.3169891"
      X-Frame-Options:
      - SAMEORIGIN
    status: 200 OK
    code: 200
    duration: ""
- request:
    body: ""
    form: {}
    headers:
      Accept:
      - application/json
      Dd-Operation-Id:
      - GetDashboard
      User-Agent:
      - terraform-provider-datadog/dev (terraform 1.15.0; terraform-cli 0.12.7-sdk)
        datadog-api-client-go/1.0.0-beta.9+dev (go go1.14.2; os darwin; arch amd64)
      X-Datadog-Parent-Id:
      - "3180754455652172836"
      X-Datadog-Sampling-Priority:
      - "1"
      X-Datadog-Trace-Id:
      - "7144558442855411504"
    url: https://api.datadoghq.com/api/v1/dashboard/3qp-m6x-x98
    method: GET
  response:
    body: '{"notify_list":[],"description":"Created using the Datadog provider in
      Terraform","author_name":null,"template_variable_presets":[],"template_variables":[],"is_read_only":true,"id":"3qp-m6x-x98","title":"tf-TestAccDatadogDashboardCheckStatus_import-local-1602246890","url":"/dashboard/3qp-m6x-x98/tf-testaccdatadogdashboardcheckstatusimport-local-1602246890","created_at":"2020-10-09T12:39:33.590914+00:00","modified_at":"2020-10-09T12:39:33.590914+00:00","author_handle":"frog@datadoghq.com","widgets":[{"definition":{"title_size":"16","title":"Agent
      Up","title_align":"center","group_by":["app"],"type":"check_status","check":"aws.ec2.host_status","tags":["account:prod"],"grouping":"cluster"},"id":7949580685086690}],"layout_type":"ordered"}'
    headers:
      Cache-Control:
      - no-cache
      Connection:
      - keep-alive
      Content-Security-Policy:
      - frame-ancestors 'self'; report-uri https://api.datadoghq.com/csp-report
      Content-Type:
      - application/json
      Date:
      - Fri, 09 Oct 2020 12:39:38 GMT
      Dd-Pool:
      - dogweb
      Pragma:
      - no-cache
      Set-Cookie:
      - DD-PSHARD=233; Max-Age=604800; Path=/; expires=Fri, 16-Oct-2020 12:39:38 GMT;
        secure; HttpOnly
      Strict-Transport-Security:
      - max-age=15724800;
      Vary:
      - Accept-Encoding
      X-Content-Type-Options:
      - nosniff
      X-Dd-Debug:
      - UPwGSEkEo+aTtV9/qlvsM9xVIKq1xypRG0bv22kO1eeJfu8bY+H+f1xOa3JlvZhZ
      X-Dd-Version:
      - "35.3169891"
      X-Frame-Options:
      - SAMEORIGIN
    status: 200 OK
    code: 200
    duration: ""
- request:
    body: ""
    form: {}
    headers:
      Accept:
      - application/json
      Dd-Operation-Id:
      - GetDashboard
      User-Agent:
      - terraform-provider-datadog/dev (terraform 1.15.0; terraform-cli 0.12.7-sdk)
        datadog-api-client-go/1.0.0-beta.9+dev (go go1.14.2; os darwin; arch amd64)
      X-Datadog-Parent-Id:
      - "1967778760833643373"
      X-Datadog-Sampling-Priority:
      - "1"
      X-Datadog-Trace-Id:
      - "7144558442855411504"
    url: https://api.datadoghq.com/api/v1/dashboard/3qp-m6x-x98
    method: GET
  response:
    body: '{"notify_list":[],"description":"Created using the Datadog provider in
      Terraform","author_name":null,"template_variable_presets":[],"template_variables":[],"is_read_only":true,"id":"3qp-m6x-x98","title":"tf-TestAccDatadogDashboardCheckStatus_import-local-1602246890","url":"/dashboard/3qp-m6x-x98/tf-testaccdatadogdashboardcheckstatusimport-local-1602246890","created_at":"2020-10-09T12:39:33.590914+00:00","modified_at":"2020-10-09T12:39:33.590914+00:00","author_handle":"frog@datadoghq.com","widgets":[{"definition":{"title_size":"16","title":"Agent
      Up","title_align":"center","group_by":["app"],"type":"check_status","check":"aws.ec2.host_status","tags":["account:prod"],"grouping":"cluster"},"id":7949580685086690}],"layout_type":"ordered"}'
    headers:
      Cache-Control:
      - no-cache
      Connection:
      - keep-alive
      Content-Security-Policy:
      - frame-ancestors 'self'; report-uri https://api.datadoghq.com/csp-report
      Content-Type:
      - application/json
      Date:
      - Fri, 09 Oct 2020 12:39:39 GMT
      Dd-Pool:
      - dogweb
      Pragma:
      - no-cache
      Set-Cookie:
      - DD-PSHARD=233; Max-Age=604800; Path=/; expires=Fri, 16-Oct-2020 12:39:39 GMT;
        secure; HttpOnly
      Strict-Transport-Security:
      - max-age=15724800;
      Vary:
      - Accept-Encoding
      X-Content-Type-Options:
      - nosniff
      X-Dd-Debug:
      - H6YNJZe2hxg7AD4MytxnK6WTGV3v238t6qy6wX4rqFlv+Cb0Gp+GU8J41gMZvmVb
      X-Dd-Version:
      - "35.3169891"
      X-Frame-Options:
      - SAMEORIGIN
    status: 200 OK
    code: 200
    duration: ""
- request:
    body: ""
    form: {}
    headers:
      Accept:
      - application/json
      Dd-Operation-Id:
      - GetDashboard
      User-Agent:
      - terraform-provider-datadog/dev (terraform 1.15.0; terraform-cli 0.12.7-sdk)
        datadog-api-client-go/1.0.0-beta.9+dev (go go1.14.2; os darwin; arch amd64)
      X-Datadog-Parent-Id:
      - "7098783610258595573"
      X-Datadog-Sampling-Priority:
      - "1"
      X-Datadog-Trace-Id:
      - "7144558442855411504"
    url: https://api.datadoghq.com/api/v1/dashboard/3qp-m6x-x98
    method: GET
  response:
    body: '{"notify_list":[],"description":"Created using the Datadog provider in
      Terraform","author_name":null,"template_variable_presets":[],"template_variables":[],"is_read_only":true,"id":"3qp-m6x-x98","title":"tf-TestAccDatadogDashboardCheckStatus_import-local-1602246890","url":"/dashboard/3qp-m6x-x98/tf-testaccdatadogdashboardcheckstatusimport-local-1602246890","created_at":"2020-10-09T12:39:33.590914+00:00","modified_at":"2020-10-09T12:39:33.590914+00:00","author_handle":"frog@datadoghq.com","widgets":[{"definition":{"title_size":"16","title":"Agent
      Up","title_align":"center","group_by":["app"],"type":"check_status","check":"aws.ec2.host_status","tags":["account:prod"],"grouping":"cluster"},"id":7949580685086690}],"layout_type":"ordered"}'
    headers:
      Cache-Control:
      - no-cache
      Connection:
      - keep-alive
      Content-Security-Policy:
      - frame-ancestors 'self'; report-uri https://api.datadoghq.com/csp-report
      Content-Type:
      - application/json
      Date:
      - Fri, 09 Oct 2020 12:39:39 GMT
      Dd-Pool:
      - dogweb
      Pragma:
      - no-cache
      Set-Cookie:
      - DD-PSHARD=233; Max-Age=604800; Path=/; expires=Fri, 16-Oct-2020 12:39:39 GMT;
        secure; HttpOnly
      Strict-Transport-Security:
      - max-age=15724800;
      Vary:
      - Accept-Encoding
      X-Content-Type-Options:
      - nosniff
      X-Dd-Debug:
      - laGkCMnt9yzADERvt5/nU5tJ2BKmoQx1BUE4x31rlC7mriAyKM9Zk5E+JikpAz3V
      X-Dd-Version:
      - "35.3169891"
      X-Frame-Options:
      - SAMEORIGIN
    status: 200 OK
    code: 200
    duration: ""
- request:
    body: ""
    form: {}
    headers:
      Accept:
      - application/json
      Dd-Operation-Id:
      - DeleteDashboard
      User-Agent:
      - terraform-provider-datadog/dev (terraform 1.15.0; terraform-cli 0.12.7-sdk)
        datadog-api-client-go/1.0.0-beta.9+dev (go go1.14.2; os darwin; arch amd64)
      X-Datadog-Parent-Id:
      - "1617565149117328923"
      X-Datadog-Sampling-Priority:
      - "1"
      X-Datadog-Trace-Id:
      - "7144558442855411504"
    url: https://api.datadoghq.com/api/v1/dashboard/3qp-m6x-x98
    method: DELETE
  response:
    body: '{"deleted_dashboard_id":"3qp-m6x-x98"}'
    headers:
      Cache-Control:
      - no-cache
      Connection:
      - keep-alive
      Content-Security-Policy:
      - frame-ancestors 'self'; report-uri https://api.datadoghq.com/csp-report
      Content-Type:
      - application/json
      Date:
      - Fri, 09 Oct 2020 12:40:27 GMT
      Dd-Pool:
      - dogweb
      Pragma:
      - no-cache
      Set-Cookie:
      - DD-PSHARD=233; Max-Age=604800; Path=/; expires=Fri, 16-Oct-2020 12:39:41 GMT;
        secure; HttpOnly
      Strict-Transport-Security:
      - max-age=15724800;
      Vary:
      - Accept-Encoding
      X-Content-Type-Options:
      - nosniff
      X-Dd-Debug:
      - 1P9wTBqAbIBgrelvLhZC6yMU4dh3hoPJxqgVxGKRZAP7KGr8YPkzxcmHF9q0g7sB
      X-Dd-Version:
      - "35.3169891"
      X-Frame-Options:
      - SAMEORIGIN
    status: 200 OK
    code: 200
    duration: ""
- request:
    body: ""
    form: {}
    headers:
      Accept:
      - application/json
      Dd-Operation-Id:
      - GetDashboard
      User-Agent:
      - terraform-provider-datadog/dev (terraform 1.15.0; terraform-cli 0.12.7-sdk)
        datadog-api-client-go/1.0.0-beta.9+dev (go go1.14.2; os darwin; arch amd64)
      X-Datadog-Parent-Id:
      - "3294853142203914390"
      X-Datadog-Sampling-Priority:
      - "1"
      X-Datadog-Trace-Id:
      - "7144558442855411504"
    url: https://api.datadoghq.com/api/v1/dashboard/3qp-m6x-x98
    method: GET
  response:
    body: '{"errors": ["Dashboard with ID 3qp-m6x-x98 not found"]}'
    headers:
      Cache-Control:
      - no-cache
      Connection:
      - keep-alive
      Content-Security-Policy:
      - frame-ancestors 'self'; report-uri https://api.datadoghq.com/csp-report
      Content-Type:
      - application/json
      Date:
      - Fri, 09 Oct 2020 12:40:27 GMT
      Dd-Pool:
      - dogweb
      Pragma:
      - no-cache
      Strict-Transport-Security:
      - max-age=15724800;
      Vary:
      - Accept-Encoding
      X-Content-Type-Options:
      - nosniff
      X-Dd-Version:
      - "35.3169891"
      X-Frame-Options:
      - SAMEORIGIN
    status: 404 Not Found
    code: 404
    duration: ""
