---
version: 1
interactions:
- request:
    body: |
      {"config":{"assertions":[{"operator":"is","property":"A","target":"0.0.0.0","type":"recordSome"}],"request":{"dnsServer":"8.8.8.8","host":"https://www.datadoghq.com"},"variables":[]},"locations":["aws:eu-central-1"],"message":"Notify @datadog.user","name":"tf-TestAccDatadogSyntheticsDNSTest_Basic-local-1609425877","options":{"min_location_failed":1,"tick_every":60},"status":"paused","subtype":"dns","tags":["foo:bar","baz"],"type":"api"}
    form: {}
    headers:
      Accept:
      - application/json
      Content-Type:
      - application/json
      Dd-Operation-Id:
      - CreateTest
      User-Agent:
      - terraform-provider-datadog/dev (terraform 1.15.0; terraform-cli 0.12.7-sdk)
        datadog-api-client-go/1.0.0-beta.13+dev (go go1.15.4; os darwin; arch amd64)
      X-Datadog-Parent-Id:
      - "4810924162207841149"
      X-Datadog-Sampling-Priority:
      - "1"
      X-Datadog-Trace-Id:
      - "6789039715340569159"
    url: https://api.datadoghq.com/api/v1/synthetics/tests
    method: POST
  response:
    body: '{"status":"paused","public_id":"5by-eji-qvk","tags":["foo:bar","baz"],"org_id":321813,"locations":["aws:eu-central-1"],"message":"Notify
      @datadog.user","deleted_at":null,"name":"tf-TestAccDatadogSyntheticsDNSTest_Basic-local-1609425877","monitor_id":28076502,"type":"api","created_at":"2020-12-31T14:44:54.372590+00:00","modified_at":"2020-12-31T14:44:54.372590+00:00","subtype":"dns","config":{"variables":[],"request":{"host":"https://www.datadoghq.com","dnsServer":"8.8.8.8"},"assertions":[{"operator":"is","property":"A","type":"recordSome","target":"0.0.0.0"}]},"options":{"min_location_failed":1,"tick_every":60}}'
    headers:
      Cache-Control:
      - no-cache
      Connection:
      - keep-alive
      Content-Security-Policy:
      - frame-ancestors 'self'; report-uri https://api.datadoghq.com/csp-report
      Content-Type:
      - application/json
      Date:
      - Thu, 31 Dec 2020 14:44:54 GMT
      Pragma:
      - no-cache
      Set-Cookie:
      - DD-PSHARD=233; Max-Age=604800; Path=/; expires=Thu, 07-Jan-2021 14:44:54 GMT;
        secure; HttpOnly
      Strict-Transport-Security:
      - max-age=15724800;
      Vary:
      - Accept-Encoding
      X-Content-Type-Options:
      - nosniff
      X-Dd-Debug:
      - HvCCHsTxMdYM0gaKHtI2IcmEJsAxsAXyEwSakV4VwU0gJM0DBm5BMD3H6ZYBdo1H
      X-Dd-Version:
      - "35.3622023"
      X-Frame-Options:
      - SAMEORIGIN
      X-Ratelimit-Limit:
      - "120"
      X-Ratelimit-Period:
      - "60"
      X-Ratelimit-Remaining:
      - "115"
      X-Ratelimit-Reset:
      - "6"
    status: 200 OK
    code: 200
    duration: ""
- request:
    body: ""
    form: {}
    headers:
      Accept:
      - application/json
      Dd-Operation-Id:
      - GetTest
      User-Agent:
      - terraform-provider-datadog/dev (terraform 1.15.0; terraform-cli 0.12.7-sdk)
        datadog-api-client-go/1.0.0-beta.13+dev (go go1.15.4; os darwin; arch amd64)
      X-Datadog-Parent-Id:
      - "6613947797004418857"
      X-Datadog-Sampling-Priority:
      - "1"
      X-Datadog-Trace-Id:
      - "6789039715340569159"
    url: https://api.datadoghq.com/api/v1/synthetics/tests/5by-eji-qvk
    method: GET
  response:
    body: '{"status":"paused","public_id":"5by-eji-qvk","tags":["foo:bar","baz"],"locations":["aws:eu-central-1"],"message":"Notify
      @datadog.user","name":"tf-TestAccDatadogSyntheticsDNSTest_Basic-local-1609425877","monitor_id":28076502,"type":"api","subtype":"dns","config":{"variables":[],"request":{"host":"https://www.datadoghq.com","dnsServer":"8.8.8.8"},"assertions":[{"operator":"is","property":"A","type":"recordSome","target":"0.0.0.0"}]},"options":{"min_location_failed":1,"tick_every":60}}'
    headers:
      Cache-Control:
      - no-cache
      Connection:
      - keep-alive
      Content-Security-Policy:
      - frame-ancestors 'self'; report-uri https://api.datadoghq.com/csp-report
      Content-Type:
      - application/json
      Date:
      - Thu, 31 Dec 2020 14:44:54 GMT
      Pragma:
      - no-cache
      Set-Cookie:
      - DD-PSHARD=233; Max-Age=604800; Path=/; expires=Thu, 07-Jan-2021 14:44:54 GMT;
        secure; HttpOnly
      Strict-Transport-Security:
      - max-age=15724800;
      Vary:
      - Accept-Encoding
      X-Content-Type-Options:
      - nosniff
      X-Dd-Debug:
      - 6YI14yy1UIYAi82dujc7/xgv6937EWLOlBHoHTAQSms4rn791eBn4DrROxMzXWWv
      X-Dd-Version:
      - "35.3622023"
      X-Frame-Options:
      - SAMEORIGIN
      X-Ratelimit-Limit:
      - "1000"
      X-Ratelimit-Period:
      - "60"
      X-Ratelimit-Remaining:
      - "977"
      X-Ratelimit-Reset:
      - "6"
    status: 200 OK
    code: 200
    duration: ""
- request:
    body: ""
    form: {}
    headers:
      Accept:
      - application/json
      Dd-Operation-Id:
      - GetTest
      User-Agent:
      - terraform-provider-datadog/dev (terraform 1.15.0; terraform-cli 0.12.7-sdk)
        datadog-api-client-go/1.0.0-beta.13+dev (go go1.15.4; os darwin; arch amd64)
      X-Datadog-Parent-Id:
      - "9071562099849089090"
      X-Datadog-Sampling-Priority:
      - "1"
      X-Datadog-Trace-Id:
      - "6789039715340569159"
    url: https://api.datadoghq.com/api/v1/synthetics/tests/5by-eji-qvk
    method: GET
  response:
    body: '{"status":"paused","public_id":"5by-eji-qvk","tags":["foo:bar","baz"],"locations":["aws:eu-central-1"],"message":"Notify
      @datadog.user","name":"tf-TestAccDatadogSyntheticsDNSTest_Basic-local-1609425877","monitor_id":28076502,"type":"api","subtype":"dns","config":{"variables":[],"request":{"host":"https://www.datadoghq.com","dnsServer":"8.8.8.8"},"assertions":[{"operator":"is","property":"A","type":"recordSome","target":"0.0.0.0"}]},"options":{"min_location_failed":1,"tick_every":60}}'
    headers:
      Cache-Control:
      - no-cache
      Connection:
      - keep-alive
      Content-Security-Policy:
      - frame-ancestors 'self'; report-uri https://api.datadoghq.com/csp-report
      Content-Type:
      - application/json
      Date:
      - Thu, 31 Dec 2020 14:44:54 GMT
      Pragma:
      - no-cache
      Set-Cookie:
      - DD-PSHARD=233; Max-Age=604800; Path=/; expires=Thu, 07-Jan-2021 14:44:54 GMT;
        secure; HttpOnly
      Strict-Transport-Security:
      - max-age=15724800;
      Vary:
      - Accept-Encoding
      X-Content-Type-Options:
      - nosniff
      X-Dd-Debug:
      - oqlClNgBffXSYxjxM4MXW8YBCUkTvkeEyGekJFD2ia4zlDKNcD3ROot7wMYW8Xj+
      X-Dd-Version:
      - "35.3622023"
      X-Frame-Options:
      - SAMEORIGIN
      X-Ratelimit-Limit:
      - "1000"
      X-Ratelimit-Period:
      - "60"
      X-Ratelimit-Remaining:
      - "976"
      X-Ratelimit-Reset:
      - "6"
    status: 200 OK
    code: 200
    duration: ""
- request:
    body: ""
    form: {}
    headers:
      Accept:
      - application/json
      Dd-Operation-Id:
      - GetTest
      User-Agent:
      - terraform-provider-datadog/dev (terraform 1.15.0; terraform-cli 0.12.7-sdk)
        datadog-api-client-go/1.0.0-beta.13+dev (go go1.15.4; os darwin; arch amd64)
      X-Datadog-Parent-Id:
      - "7973889510552741279"
      X-Datadog-Sampling-Priority:
      - "1"
      X-Datadog-Trace-Id:
      - "6789039715340569159"
    url: https://api.datadoghq.com/api/v1/synthetics/tests/5by-eji-qvk
    method: GET
  response:
    body: '{"status":"paused","public_id":"5by-eji-qvk","tags":["foo:bar","baz"],"locations":["aws:eu-central-1"],"message":"Notify
      @datadog.user","name":"tf-TestAccDatadogSyntheticsDNSTest_Basic-local-1609425877","monitor_id":28076502,"type":"api","subtype":"dns","config":{"variables":[],"request":{"host":"https://www.datadoghq.com","dnsServer":"8.8.8.8"},"assertions":[{"operator":"is","property":"A","type":"recordSome","target":"0.0.0.0"}]},"options":{"min_location_failed":1,"tick_every":60}}'
    headers:
      Cache-Control:
      - no-cache
      Connection:
      - keep-alive
      Content-Security-Policy:
      - frame-ancestors 'self'; report-uri https://api.datadoghq.com/csp-report
      Content-Type:
      - application/json
      Date:
      - Thu, 31 Dec 2020 14:44:55 GMT
      Pragma:
      - no-cache
      Set-Cookie:
      - DD-PSHARD=233; Max-Age=604800; Path=/; expires=Thu, 07-Jan-2021 14:44:55 GMT;
        secure; HttpOnly
      Strict-Transport-Security:
      - max-age=15724800;
      Vary:
      - Accept-Encoding
      X-Content-Type-Options:
      - nosniff
      X-Dd-Debug:
      - +TTazL1HF8qoxYARkG/60PGoq8sbkYkmqeurNry46zV0aHqBZfUrKqxtiyo42NRf
      X-Dd-Version:
      - "35.3622023"
      X-Frame-Options:
      - SAMEORIGIN
      X-Ratelimit-Limit:
      - "1000"
      X-Ratelimit-Period:
      - "60"
      X-Ratelimit-Remaining:
      - "974"
      X-Ratelimit-Reset:
      - "5"
    status: 200 OK
    code: 200
    duration: ""
- request:
    body: ""
    form: {}
    headers:
      Accept:
      - application/json
      Dd-Operation-Id:
      - GetTest
      User-Agent:
      - terraform-provider-datadog/dev (terraform 1.15.0; terraform-cli 0.12.7-sdk)
        datadog-api-client-go/1.0.0-beta.13+dev (go go1.15.4; os darwin; arch amd64)
      X-Datadog-Parent-Id:
      - "6595073838700477500"
      X-Datadog-Sampling-Priority:
      - "1"
      X-Datadog-Trace-Id:
      - "6789039715340569159"
    url: https://api.datadoghq.com/api/v1/synthetics/tests/5by-eji-qvk
    method: GET
  response:
    body: '{"status":"paused","public_id":"5by-eji-qvk","tags":["foo:bar","baz"],"locations":["aws:eu-central-1"],"message":"Notify
      @datadog.user","name":"tf-TestAccDatadogSyntheticsDNSTest_Basic-local-1609425877","monitor_id":28076502,"type":"api","subtype":"dns","config":{"variables":[],"request":{"host":"https://www.datadoghq.com","dnsServer":"8.8.8.8"},"assertions":[{"operator":"is","property":"A","type":"recordSome","target":"0.0.0.0"}]},"options":{"min_location_failed":1,"tick_every":60}}'
    headers:
      Cache-Control:
      - no-cache
      Connection:
      - keep-alive
      Content-Security-Policy:
      - frame-ancestors 'self'; report-uri https://api.datadoghq.com/csp-report
      Content-Type:
      - application/json
      Date:
      - Thu, 31 Dec 2020 14:44:55 GMT
      Pragma:
      - no-cache
      Set-Cookie:
      - DD-PSHARD=233; Max-Age=604800; Path=/; expires=Thu, 07-Jan-2021 14:44:55 GMT;
        secure; HttpOnly
      Strict-Transport-Security:
      - max-age=15724800;
      Vary:
      - Accept-Encoding
      X-Content-Type-Options:
      - nosniff
      X-Dd-Debug:
      - 554jtl/SJjxTmK4ElYRM70FG0Y8nm2ZpMLRYU7gYOwQo5oClqUW2XRpaqEBdUJZQ
      X-Dd-Version:
      - "35.3622023"
      X-Frame-Options:
      - SAMEORIGIN
      X-Ratelimit-Limit:
      - "1000"
      X-Ratelimit-Period:
      - "60"
      X-Ratelimit-Remaining:
      - "972"
      X-Ratelimit-Reset:
      - "5"
    status: 200 OK
    code: 200
    duration: ""
- request:
    body: |
      {"public_ids":["5by-eji-qvk"]}
    form: {}
    headers:
      Accept:
      - application/json
      Content-Type:
      - application/json
      Dd-Operation-Id:
      - DeleteTests
      User-Agent:
      - terraform-provider-datadog/dev (terraform 1.15.0; terraform-cli 0.12.7-sdk)
        datadog-api-client-go/1.0.0-beta.13+dev (go go1.15.4; os darwin; arch amd64)
      X-Datadog-Parent-Id:
      - "548327183180371640"
      X-Datadog-Sampling-Priority:
      - "1"
      X-Datadog-Trace-Id:
      - "6789039715340569159"
    url: https://api.datadoghq.com/api/v1/synthetics/tests/delete
    method: POST
  response:
    body: '{"deleted_tests":[{"deleted_at":"2020-12-31T14:44:55.754855+00:00","public_id":"5by-eji-qvk"}]}'
    headers:
      Cache-Control:
      - no-cache
      Connection:
      - keep-alive
      Content-Security-Policy:
      - frame-ancestors 'self'; report-uri https://api.datadoghq.com/csp-report
      Content-Type:
      - application/json
      Date:
      - Thu, 31 Dec 2020 14:44:55 GMT
      Pragma:
      - no-cache
      Set-Cookie:
      - DD-PSHARD=233; Max-Age=604800; Path=/; expires=Thu, 07-Jan-2021 14:44:55 GMT;
        secure; HttpOnly
      Strict-Transport-Security:
      - max-age=15724800;
      Vary:
      - Accept-Encoding
      X-Content-Type-Options:
      - nosniff
      X-Dd-Debug:
      - UPwGSEkEo+aTtV9/qlvsM9xVIKq1xypRG0bv22kO1eeJfu8bY+H+f1xOa3JlvZhZ
      X-Dd-Version:
      - "35.3622023"
      X-Frame-Options:
      - SAMEORIGIN
      X-Ratelimit-Limit:
      - "120"
      X-Ratelimit-Period:
      - "60"
      X-Ratelimit-Remaining:
      - "116"
      X-Ratelimit-Reset:
      - "5"
    status: 200 OK
    code: 200
    duration: ""
- request:
    body: ""
    form: {}
    headers:
      Accept:
      - application/json
      Dd-Operation-Id:
      - GetTest
      User-Agent:
      - terraform-provider-datadog/dev (terraform 1.15.0; terraform-cli 0.12.7-sdk)
        datadog-api-client-go/1.0.0-beta.13+dev (go go1.15.4; os darwin; arch amd64)
      X-Datadog-Parent-Id:
      - "4494058466444885439"
      X-Datadog-Sampling-Priority:
      - "1"
      X-Datadog-Trace-Id:
      - "6789039715340569159"
    url: https://api.datadoghq.com/api/v1/synthetics/tests/5by-eji-qvk
    method: GET
  response:
    body: '{"errors": ["Synthetics test not found"]}'
    headers:
      Cache-Control:
      - no-cache
      Connection:
      - keep-alive
      Content-Security-Policy:
      - frame-ancestors 'self'; report-uri https://api.datadoghq.com/csp-report
      Content-Type:
      - application/json
      Date:
      - Thu, 31 Dec 2020 14:44:56 GMT
      Pragma:
      - no-cache
      Strict-Transport-Security:
      - max-age=15724800;
      Vary:
      - Accept-Encoding
      X-Content-Type-Options:
      - nosniff
      X-Dd-Version:
      - "35.3622023"
      X-Frame-Options:
      - SAMEORIGIN
      X-Ratelimit-Limit:
      - "1000"
      X-Ratelimit-Period:
      - "60"
      X-Ratelimit-Remaining:
      - "968"
      X-Ratelimit-Reset:
      - "4"
    status: 404 Not Found
    code: 404
    duration: ""
