---
version: 1
interactions:
- request:
    body: '{"name":"name for synthetics test ssl","type":"api","subtype":"ssl","tags":["foo:bar","baz"],"config":{"request":{"host":"datadoghq.com","port":443},"assertions":[{"operator":"isInMoreThan","type":"certificate","target":30}]},"message":"Notify
      @datadog.user","options":{"tick_every":60,"accept_self_signed":true},"locations":["aws:eu-central-1"],"status":"paused"}'
    form: {}
    headers:
      Content-Type:
      - application/json
      User-Agent:
      - Datadog/dev/terraform (go1.13)
    url: https://api.datadoghq.com/api/v1/synthetics/tests
    method: POST
  response:
    body: '{"status":"paused","public_id":"wpg-jaf-mwb","tags":["foo:bar","baz"],"org_id":321813,"locations":["aws:eu-central-1"],"message":"Notify
      @datadog.user","deleted_at":null,"name":"name for synthetics test ssl","monitor_id":16887167,"type":"api","created_at":"2020-03-16T13:06:38.213624+00:00","modified_at":"2020-03-16T13:06:38.213624+00:00","subtype":"ssl","config":{"request":{"host":"datadoghq.com","port":443},"assertions":[{"operator":"isInMoreThan","type":"certificate","target":30}]},"options":{"accept_self_signed":true,"tick_every":60}}'
    headers:
      Cache-Control:
      - no-cache
      Connection:
      - keep-alive
      Content-Security-Policy:
      - frame-ancestors 'self'; report-uri https://api.datadoghq.com/csp-report
      Content-Type:
      - application/json
      Date:
      - Mon, 16 Mar 2020 13:06:38 GMT
      Dd-Pool:
      - dogweb
      Pragma:
      - no-cache
      Set-Cookie:
      - DD-PSHARD=233; Max-Age=604800; Path=/; expires=Mon, 23-Mar-2020 13:06:38 GMT;
        secure; HttpOnly
      Strict-Transport-Security:
      - max-age=15724800;
      Vary:
      - Accept-Encoding
      X-Content-Type-Options:
      - nosniff
      X-Dd-Debug:
      - LSmCynIhKaei2ZXhUwyt9n5ny5nHZCYRNYsTU4+Q86mceDsWCQtfUVf4lac22qNa
      X-Dd-Version:
      - "35.2282030"
      X-Frame-Options:
      - SAMEORIGIN
      X-Ratelimit-Limit:
      - "120"
      X-Ratelimit-Period:
      - "60"
      X-Ratelimit-Remaining:
      - "112"
      X-Ratelimit-Reset:
      - "22"
    status: 200 OK
    code: 200
    duration: ""
- request:
    body: ""
    form: {}
    headers:
      User-Agent:
      - Datadog/dev/terraform (go1.13)
    url: https://api.datadoghq.com/api/v1/synthetics/tests/wpg-jaf-mwb
    method: GET
  response:
    body: '{"status":"paused","public_id":"wpg-jaf-mwb","tags":["foo:bar","baz"],"locations":["aws:eu-central-1"],"message":"Notify
      @datadog.user","modified_by":{"email":"frog@datadoghq.com","handle":"frog@datadoghq.com","id":1445416,"name":null},"name":"name
      for synthetics test ssl","monitor_id":16887167,"type":"api","created_at":"2020-03-16T13:06:38.213624+00:00","modified_at":"2020-03-16T13:06:38.213624+00:00","created_by":{"email":"frog@datadoghq.com","handle":"frog@datadoghq.com","id":1445416,"name":null},"subtype":"ssl","config":{"request":{"host":"datadoghq.com","port":443},"assertions":[{"operator":"isInMoreThan","type":"certificate","target":30}]},"options":{"accept_self_signed":true,"tick_every":60}}'
    headers:
      Cache-Control:
      - no-cache
      Connection:
      - keep-alive
      Content-Security-Policy:
      - frame-ancestors 'self'; report-uri https://api.datadoghq.com/csp-report
      Content-Type:
      - application/json
      Date:
      - Mon, 16 Mar 2020 13:06:38 GMT
      Dd-Pool:
      - dogweb
      Pragma:
      - no-cache
      Set-Cookie:
      - DD-PSHARD=233; Max-Age=604800; Path=/; expires=Mon, 23-Mar-2020 13:06:38 GMT;
        secure; HttpOnly
      Strict-Transport-Security:
      - max-age=15724800;
      Vary:
      - Accept-Encoding
      X-Content-Type-Options:
      - nosniff
      X-Dd-Debug:
      - ErnxdXQi+pjNvJU00qnaaPgTN904IR+BI4NeCvSijs0uGcTaVMOpPOuObFW+gkC6
      X-Dd-Version:
      - "35.2282030"
      X-Frame-Options:
      - SAMEORIGIN
      X-Ratelimit-Limit:
      - "120"
      X-Ratelimit-Period:
      - "60"
      X-Ratelimit-Remaining:
      - "76"
      X-Ratelimit-Reset:
      - "22"
    status: 200 OK
    code: 200
    duration: ""
- request:
    body: ""
    form: {}
    headers:
      User-Agent:
      - Datadog/dev/terraform (go1.13)
    url: https://api.datadoghq.com/api/v1/synthetics/tests/wpg-jaf-mwb
    method: GET
  response:
    body: '{"status":"paused","public_id":"wpg-jaf-mwb","tags":["foo:bar","baz"],"locations":["aws:eu-central-1"],"message":"Notify
      @datadog.user","modified_by":{"email":"frog@datadoghq.com","handle":"frog@datadoghq.com","id":1445416,"name":null},"name":"name
      for synthetics test ssl","monitor_id":16887167,"type":"api","created_at":"2020-03-16T13:06:38.213624+00:00","modified_at":"2020-03-16T13:06:38.213624+00:00","created_by":{"email":"frog@datadoghq.com","handle":"frog@datadoghq.com","id":1445416,"name":null},"subtype":"ssl","config":{"request":{"host":"datadoghq.com","port":443},"assertions":[{"operator":"isInMoreThan","type":"certificate","target":30}]},"options":{"accept_self_signed":true,"tick_every":60}}'
    headers:
      Cache-Control:
      - no-cache
      Connection:
      - keep-alive
      Content-Security-Policy:
      - frame-ancestors 'self'; report-uri https://api.datadoghq.com/csp-report
      Content-Type:
      - application/json
      Date:
      - Mon, 16 Mar 2020 13:06:38 GMT
      Dd-Pool:
      - dogweb
      Pragma:
      - no-cache
      Set-Cookie:
      - DD-PSHARD=233; Max-Age=604800; Path=/; expires=Mon, 23-Mar-2020 13:06:38 GMT;
        secure; HttpOnly
      Strict-Transport-Security:
      - max-age=15724800;
      Vary:
      - Accept-Encoding
      X-Content-Type-Options:
      - nosniff
      X-Dd-Debug:
      - J5PL0LnJukdy69mckjXi3cjye/YJX2hkoCBkqKQi+tYjrsXYELx6DfDD11fhyjYF
      X-Dd-Version:
      - "35.2282030"
      X-Frame-Options:
      - SAMEORIGIN
      X-Ratelimit-Limit:
      - "120"
      X-Ratelimit-Period:
      - "60"
      X-Ratelimit-Remaining:
      - "74"
      X-Ratelimit-Reset:
      - "22"
    status: 200 OK
    code: 200
    duration: ""
- request:
    body: ""
    form: {}
    headers:
      User-Agent:
      - Datadog/dev/terraform (go1.13)
    url: https://api.datadoghq.com/api/v1/synthetics/tests/wpg-jaf-mwb
    method: GET
  response:
    body: '{"status":"paused","public_id":"wpg-jaf-mwb","tags":["foo:bar","baz"],"locations":["aws:eu-central-1"],"message":"Notify
      @datadog.user","modified_by":{"email":"frog@datadoghq.com","handle":"frog@datadoghq.com","id":1445416,"name":null},"name":"name
      for synthetics test ssl","monitor_id":16887167,"type":"api","created_at":"2020-03-16T13:06:38.213624+00:00","modified_at":"2020-03-16T13:06:38.213624+00:00","created_by":{"email":"frog@datadoghq.com","handle":"frog@datadoghq.com","id":1445416,"name":null},"subtype":"ssl","config":{"request":{"host":"datadoghq.com","port":443},"assertions":[{"operator":"isInMoreThan","type":"certificate","target":30}]},"options":{"accept_self_signed":true,"tick_every":60}}'
    headers:
      Cache-Control:
      - no-cache
      Connection:
      - keep-alive
      Content-Security-Policy:
      - frame-ancestors 'self'; report-uri https://api.datadoghq.com/csp-report
      Content-Type:
      - application/json
      Date:
      - Mon, 16 Mar 2020 13:06:38 GMT
      Dd-Pool:
      - dogweb
      Pragma:
      - no-cache
      Set-Cookie:
      - DD-PSHARD=233; Max-Age=604800; Path=/; expires=Mon, 23-Mar-2020 13:06:38 GMT;
        secure; HttpOnly
      Strict-Transport-Security:
      - max-age=15724800;
      Vary:
      - Accept-Encoding
      X-Content-Type-Options:
      - nosniff
      X-Dd-Debug:
      - HIunaScoW4AWw8tnSbk8zc5V6c9XLV6++/KbgzaC4HIb212+evjUYL1yRLeLtS2T
      X-Dd-Version:
      - "35.2282030"
      X-Frame-Options:
      - SAMEORIGIN
      X-Ratelimit-Limit:
      - "120"
      X-Ratelimit-Period:
      - "60"
      X-Ratelimit-Remaining:
      - "72"
      X-Ratelimit-Reset:
      - "22"
    status: 200 OK
    code: 200
    duration: ""
- request:
    body: ""
    form: {}
    headers:
      User-Agent:
      - Datadog/dev/terraform (go1.13)
    url: https://api.datadoghq.com/api/v1/synthetics/tests/wpg-jaf-mwb
    method: GET
  response:
    body: '{"status":"paused","public_id":"wpg-jaf-mwb","tags":["foo:bar","baz"],"locations":["aws:eu-central-1"],"message":"Notify
      @datadog.user","modified_by":{"email":"frog@datadoghq.com","handle":"frog@datadoghq.com","id":1445416,"name":null},"name":"name
      for synthetics test ssl","monitor_id":16887167,"type":"api","created_at":"2020-03-16T13:06:38.213624+00:00","modified_at":"2020-03-16T13:06:38.213624+00:00","created_by":{"email":"frog@datadoghq.com","handle":"frog@datadoghq.com","id":1445416,"name":null},"subtype":"ssl","overall_state_modified":"2020-03-16T13:06:38.982312+00:00","overall_state":2,"config":{"request":{"host":"datadoghq.com","port":443},"assertions":[{"operator":"isInMoreThan","type":"certificate","target":30}]},"options":{"accept_self_signed":true,"tick_every":60}}'
    headers:
      Cache-Control:
      - no-cache
      Connection:
      - keep-alive
      Content-Security-Policy:
      - frame-ancestors 'self'; report-uri https://api.datadoghq.com/csp-report
      Content-Type:
      - application/json
      Date:
      - Mon, 16 Mar 2020 13:06:38 GMT
      Dd-Pool:
      - dogweb
      Pragma:
      - no-cache
      Set-Cookie:
      - DD-PSHARD=233; Max-Age=604800; Path=/; expires=Mon, 23-Mar-2020 13:06:38 GMT;
        secure; HttpOnly
      Strict-Transport-Security:
      - max-age=15724800;
      Vary:
      - Accept-Encoding
      X-Content-Type-Options:
      - nosniff
      X-Dd-Debug:
      - nwn8Akm+cp12Jtby9xyfYjHWK2KZDWf5LxY+SMa+2NK6hVIBcKsVHXjynaTEG+o0
      X-Dd-Version:
      - "35.2282030"
      X-Frame-Options:
      - SAMEORIGIN
      X-Ratelimit-Limit:
      - "120"
      X-Ratelimit-Period:
      - "60"
      X-Ratelimit-Remaining:
      - "69"
      X-Ratelimit-Reset:
      - "22"
    status: 200 OK
    code: 200
    duration: ""
- request:
    body: '{"public_ids":["wpg-jaf-mwb"]}'
    form: {}
    headers:
      Content-Type:
      - application/json
      User-Agent:
      - Datadog/dev/terraform (go1.13)
    url: https://api.datadoghq.com/api/v1/synthetics/tests/delete
    method: POST
  response:
    body: '{"deleted_tests":[{"deleted_at":"2020-03-16T13:06:39.182318+00:00","public_id":"wpg-jaf-mwb"}]}'
    headers:
      Cache-Control:
      - no-cache
      Connection:
      - keep-alive
      Content-Security-Policy:
      - frame-ancestors 'self'; report-uri https://api.datadoghq.com/csp-report
      Content-Type:
      - application/json
      Date:
      - Mon, 16 Mar 2020 13:06:39 GMT
      Dd-Pool:
      - dogweb
      Pragma:
      - no-cache
      Set-Cookie:
      - DD-PSHARD=233; Max-Age=604800; Path=/; expires=Mon, 23-Mar-2020 13:06:39 GMT;
        secure; HttpOnly
      Strict-Transport-Security:
      - max-age=15724800;
      Vary:
      - Accept-Encoding
      X-Content-Type-Options:
      - nosniff
      X-Dd-Debug:
      - UmZMvwWLI5lgbGFBnw6J7jqO5hwyrvVF8Un8TwZ8TRQQ6jetE/6GVTSaoSUmQWRg
      X-Dd-Version:
      - "35.2282030"
      X-Frame-Options:
      - SAMEORIGIN
      X-Ratelimit-Limit:
      - "120"
      X-Ratelimit-Period:
      - "60"
      X-Ratelimit-Remaining:
      - "112"
      X-Ratelimit-Reset:
      - "21"
    status: 200 OK
    code: 200
    duration: ""
- request:
    body: ""
    form: {}
    headers:
      User-Agent:
      - Datadog/dev/terraform (go1.13)
    url: https://api.datadoghq.com/api/v1/synthetics/tests/wpg-jaf-mwb
    method: GET
  response:
    body: '{"errors": ["Synthetics test not found"]}'
    headers:
      Cache-Control:
      - no-cache
      Connection:
      - keep-alive
      Content-Security-Policy:
      - frame-ancestors 'self'; report-uri https://api.datadoghq.com/csp-report
      Content-Type:
      - application/json
      Date:
      - Mon, 16 Mar 2020 13:06:39 GMT
      Dd-Pool:
      - dogweb
      Pragma:
      - no-cache
      Strict-Transport-Security:
      - max-age=15724800;
      Vary:
      - Accept-Encoding
      X-Content-Type-Options:
      - nosniff
      X-Dd-Version:
      - "35.2282030"
      X-Frame-Options:
      - SAMEORIGIN
      X-Ratelimit-Limit:
      - "120"
      X-Ratelimit-Period:
      - "60"
      X-Ratelimit-Remaining:
      - "64"
      X-Ratelimit-Reset:
      - "21"
    status: 404 Not Found
    code: 404
    duration: ""
