---
version: 1
interactions:
- request:
    body: ""
    form: {}
    headers:
      Accept:
      - application/json
      Dd-Operation-Id:
      - ListRoles
      User-Agent:
      - terraform-provider-datadog/dev (terraform 1.15.0; terraform-cli ) datadog-api-client-go/1.0.0-beta.11
        (go go1.15.4; os darwin; arch amd64)
      X-Datadog-Parent-Id:
      - "3643185137091469581"
      X-Datadog-Sampling-Priority:
      - "1"
      X-Datadog-Trace-Id:
      - "8745266325813137263"
    url: https://api.datadoghq.com/api/v2/roles?filter=Datadog+Standard+Role
    method: GET
  response:
    body: '{"meta":{"page":{"total_filtered_count":1,"total_count":3}},"data":[{"type":"roles","id":"94172443-be03-11e9-a77a-373332f69711","attributes":{"name":"Datadog
      Standard Role","created_at":"2019-08-13T19:50:19.075284+00:00","modified_at":"2019-08-13T19:50:19.075284+00:00","user_count":5},"relationships":{"permissions":{"data":[{"type":"permissions","id":"984d2f00-d3b4-11e8-a200-bb47109e9987"},{"type":"permissions","id":"5e605652-dd12-11e8-9e53-375565b8970e"},{"type":"permissions","id":"62cc036c-dd12-11e8-9e54-db9995643092"},{"type":"permissions","id":"6f66600e-dd12-11e8-9e55-7f30fbb45e73"},{"type":"permissions","id":"811ac4ca-dd12-11e8-9e57-676a7f0beef9"},{"type":"permissions","id":"84aa3ae4-dd12-11e8-9e58-a373a514ccd0"},{"type":"permissions","id":"979df720-aed7-11e9-99c6-a7eb8373165a"},{"type":"permissions","id":"d90f6830-d3d8-11e9-a77a-b3404e5e9ee2"},{"type":"permissions","id":"d90f6831-d3d8-11e9-a77a-4fd230ddbc6a"},{"type":"permissions","id":"d90f6832-d3d8-11e9-a77a-bf8a2607f864"},{"type":"permissions","id":"4441648c-d8b1-11e9-a77a-1b899a04b304"},{"type":"permissions","id":"48ef71ea-d8b1-11e9-a77a-93f408470ad0"},{"type":"permissions","id":"4d87d5f8-d8b1-11e9-a77a-eb9c8350d04f"},{"type":"permissions","id":"1af86ce4-7823-11ea-93dc-d7cad1b1c6cb"},{"type":"permissions","id":"b382b982-8535-11ea-93de-2bf1bdf20798"},{"type":"permissions","id":"7314eb20-aa58-11ea-95e2-6fb6e4a451d5"},{"type":"permissions","id":"7b516476-aa58-11ea-95e2-93718cd56369"},{"type":"permissions","id":"80de1ec0-aa58-11ea-95e2-aff381626d5d"},{"type":"permissions","id":"9ac1d8cc-e707-11ea-aa2d-73d37e989a9d"},{"type":"permissions","id":"07c3c146-f7f8-11ea-acf6-0bd62b9ae60e"},{"type":"permissions","id":"6ba32d22-0e1a-11eb-ba44-bf9a5aafaa39"}]}}}]}'
    headers:
      Cache-Control:
      - no-cache
      Connection:
      - keep-alive
      Content-Security-Policy:
      - frame-ancestors 'self'; report-uri https://api.datadoghq.com/csp-report
      Content-Type:
      - application/json
      Date:
      - Fri, 20 Nov 2020 09:16:56 GMT
      Dd-Pool:
      - dogweb
      Pragma:
      - no-cache
      Set-Cookie:
      - DD-PSHARD=233; Max-Age=604800; Path=/; expires=Fri, 27-Nov-2020 09:16:56 GMT;
        secure; HttpOnly
      Strict-Transport-Security:
      - max-age=15724800;
      Vary:
      - Accept-Encoding
      X-Content-Type-Options:
      - nosniff
      X-Dd-Debug:
      - 4UaTmvSfVgrAnk9WjtnugRwYwQHzmV7Xe8CPpF1D3zUjc+biqLvKLM8GlhPhoOpi
      X-Dd-Version:
      - "35.3404619"
      X-Frame-Options:
      - SAMEORIGIN
      X-Ratelimit-Limit:
      - "500"
      X-Ratelimit-Period:
      - "60"
      X-Ratelimit-Remaining:
      - "499"
      X-Ratelimit-Reset:
      - "4"
    status: 200 OK
    code: 200
    duration: ""
- request:
    body: ""
    form: {}
    headers:
      Accept:
      - application/json
      Dd-Operation-Id:
      - ListRoles
      User-Agent:
      - terraform-provider-datadog/dev (terraform 1.15.0; terraform-cli 0.12.7-sdk)
        datadog-api-client-go/1.0.0-beta.11 (go go1.15.4; os darwin; arch amd64)
      X-Datadog-Parent-Id:
      - "8367005752041549186"
      X-Datadog-Sampling-Priority:
      - "1"
      X-Datadog-Trace-Id:
      - "8745266325813137263"
    url: https://api.datadoghq.com/api/v2/roles?filter=Datadog+Standard+Role
    method: GET
  response:
    body: '{"meta":{"page":{"total_filtered_count":1,"total_count":8}},"data":[{"type":"roles","id":"94172443-be03-11e9-a77a-373332f69711","attributes":{"name":"Datadog
      Standard Role","created_at":"2019-08-13T19:50:19.075284+00:00","modified_at":"2019-08-13T19:50:19.075284+00:00","user_count":5},"relationships":{"permissions":{"data":[{"type":"permissions","id":"984d2f00-d3b4-11e8-a200-bb47109e9987"},{"type":"permissions","id":"5e605652-dd12-11e8-9e53-375565b8970e"},{"type":"permissions","id":"62cc036c-dd12-11e8-9e54-db9995643092"},{"type":"permissions","id":"6f66600e-dd12-11e8-9e55-7f30fbb45e73"},{"type":"permissions","id":"811ac4ca-dd12-11e8-9e57-676a7f0beef9"},{"type":"permissions","id":"84aa3ae4-dd12-11e8-9e58-a373a514ccd0"},{"type":"permissions","id":"979df720-aed7-11e9-99c6-a7eb8373165a"},{"type":"permissions","id":"d90f6830-d3d8-11e9-a77a-b3404e5e9ee2"},{"type":"permissions","id":"d90f6831-d3d8-11e9-a77a-4fd230ddbc6a"},{"type":"permissions","id":"d90f6832-d3d8-11e9-a77a-bf8a2607f864"},{"type":"permissions","id":"4441648c-d8b1-11e9-a77a-1b899a04b304"},{"type":"permissions","id":"48ef71ea-d8b1-11e9-a77a-93f408470ad0"},{"type":"permissions","id":"4d87d5f8-d8b1-11e9-a77a-eb9c8350d04f"},{"type":"permissions","id":"1af86ce4-7823-11ea-93dc-d7cad1b1c6cb"},{"type":"permissions","id":"b382b982-8535-11ea-93de-2bf1bdf20798"},{"type":"permissions","id":"7314eb20-aa58-11ea-95e2-6fb6e4a451d5"},{"type":"permissions","id":"7b516476-aa58-11ea-95e2-93718cd56369"},{"type":"permissions","id":"80de1ec0-aa58-11ea-95e2-aff381626d5d"},{"type":"permissions","id":"9ac1d8cc-e707-11ea-aa2d-73d37e989a9d"},{"type":"permissions","id":"07c3c146-f7f8-11ea-acf6-0bd62b9ae60e"},{"type":"permissions","id":"6ba32d22-0e1a-11eb-ba44-bf9a5aafaa39"}]}}}]}'
    headers:
      Cache-Control:
      - no-cache
      Connection:
      - keep-alive
      Content-Security-Policy:
      - frame-ancestors 'self'; report-uri https://api.datadoghq.com/csp-report
      Content-Type:
      - application/json
      Date:
      - Fri, 20 Nov 2020 09:16:57 GMT
      Dd-Pool:
      - dogweb
      Pragma:
      - no-cache
      Set-Cookie:
      - DD-PSHARD=233; Max-Age=604800; Path=/; expires=Fri, 27-Nov-2020 09:16:57 GMT;
        secure; HttpOnly
      Strict-Transport-Security:
      - max-age=15724800;
      Vary:
      - Accept-Encoding
      X-Content-Type-Options:
      - nosniff
      X-Dd-Debug:
      - gr+QII7IFZVxhXS35BsEOrW9Uz3gs+l7g2tB1FOjy4hKCe3rtnWg3KfE74dirBtE
      X-Dd-Version:
      - "35.3404619"
      X-Frame-Options:
      - SAMEORIGIN
      X-Ratelimit-Limit:
      - "500"
      X-Ratelimit-Period:
      - "60"
      X-Ratelimit-Remaining:
      - "492"
      X-Ratelimit-Reset:
      - "3"
    status: 200 OK
    code: 200
    duration: ""
- request:
    body: ""
    form: {}
    headers:
      Accept:
      - application/json
      Dd-Operation-Id:
      - ListRoles
      User-Agent:
      - terraform-provider-datadog/dev (terraform 1.15.0; terraform-cli 0.12.7-sdk)
        datadog-api-client-go/1.0.0-beta.11 (go go1.15.4; os darwin; arch amd64)
      X-Datadog-Parent-Id:
      - "7964705220193974799"
      X-Datadog-Sampling-Priority:
      - "1"
      X-Datadog-Trace-Id:
      - "8745266325813137263"
    url: https://api.datadoghq.com/api/v2/roles?filter=Datadog+Standard+Role
    method: GET
  response:
    body: '{"meta":{"page":{"total_filtered_count":1,"total_count":8}},"data":[{"type":"roles","id":"94172443-be03-11e9-a77a-373332f69711","attributes":{"name":"Datadog
      Standard Role","created_at":"2019-08-13T19:50:19.075284+00:00","modified_at":"2019-08-13T19:50:19.075284+00:00","user_count":5},"relationships":{"permissions":{"data":[{"type":"permissions","id":"984d2f00-d3b4-11e8-a200-bb47109e9987"},{"type":"permissions","id":"5e605652-dd12-11e8-9e53-375565b8970e"},{"type":"permissions","id":"62cc036c-dd12-11e8-9e54-db9995643092"},{"type":"permissions","id":"6f66600e-dd12-11e8-9e55-7f30fbb45e73"},{"type":"permissions","id":"811ac4ca-dd12-11e8-9e57-676a7f0beef9"},{"type":"permissions","id":"84aa3ae4-dd12-11e8-9e58-a373a514ccd0"},{"type":"permissions","id":"979df720-aed7-11e9-99c6-a7eb8373165a"},{"type":"permissions","id":"d90f6830-d3d8-11e9-a77a-b3404e5e9ee2"},{"type":"permissions","id":"d90f6831-d3d8-11e9-a77a-4fd230ddbc6a"},{"type":"permissions","id":"d90f6832-d3d8-11e9-a77a-bf8a2607f864"},{"type":"permissions","id":"4441648c-d8b1-11e9-a77a-1b899a04b304"},{"type":"permissions","id":"48ef71ea-d8b1-11e9-a77a-93f408470ad0"},{"type":"permissions","id":"4d87d5f8-d8b1-11e9-a77a-eb9c8350d04f"},{"type":"permissions","id":"1af86ce4-7823-11ea-93dc-d7cad1b1c6cb"},{"type":"permissions","id":"b382b982-8535-11ea-93de-2bf1bdf20798"},{"type":"permissions","id":"7314eb20-aa58-11ea-95e2-6fb6e4a451d5"},{"type":"permissions","id":"7b516476-aa58-11ea-95e2-93718cd56369"},{"type":"permissions","id":"80de1ec0-aa58-11ea-95e2-aff381626d5d"},{"type":"permissions","id":"9ac1d8cc-e707-11ea-aa2d-73d37e989a9d"},{"type":"permissions","id":"07c3c146-f7f8-11ea-acf6-0bd62b9ae60e"},{"type":"permissions","id":"6ba32d22-0e1a-11eb-ba44-bf9a5aafaa39"}]}}}]}'
    headers:
      Cache-Control:
      - no-cache
      Connection:
      - keep-alive
      Content-Security-Policy:
      - frame-ancestors 'self'; report-uri https://api.datadoghq.com/csp-report
      Content-Type:
      - application/json
      Date:
      - Fri, 20 Nov 2020 09:16:57 GMT
      Dd-Pool:
      - dogweb
      Pragma:
      - no-cache
      Set-Cookie:
      - DD-PSHARD=233; Max-Age=604800; Path=/; expires=Fri, 27-Nov-2020 09:16:57 GMT;
        secure; HttpOnly
      Strict-Transport-Security:
      - max-age=15724800;
      Vary:
      - Accept-Encoding
      X-Content-Type-Options:
      - nosniff
      X-Dd-Debug:
      - uhKf3DOQ/asSODSNh+771Jj2mAFRCrXnSErQegeSH33qVMu18OG0v+JTvu/HjcV7
      X-Dd-Version:
      - "35.3404619"
      X-Frame-Options:
      - SAMEORIGIN
      X-Ratelimit-Limit:
      - "500"
      X-Ratelimit-Period:
      - "60"
      X-Ratelimit-Remaining:
      - "482"
      X-Ratelimit-Reset:
      - "3"
    status: 200 OK
    code: 200
    duration: ""
- request:
    body: ""
    form: {}
    headers:
      Accept:
      - application/json
      Dd-Operation-Id:
      - ListRoles
      User-Agent:
      - terraform-provider-datadog/dev (terraform 1.15.0; terraform-cli 0.12.7-sdk)
        datadog-api-client-go/1.0.0-beta.11 (go go1.15.4; os darwin; arch amd64)
      X-Datadog-Parent-Id:
      - "7772767661126660142"
      X-Datadog-Sampling-Priority:
      - "1"
      X-Datadog-Trace-Id:
      - "8745266325813137263"
    url: https://api.datadoghq.com/api/v2/roles?filter=Datadog+Standard+Role
    method: GET
  response:
    body: '{"meta":{"page":{"total_filtered_count":1,"total_count":8}},"data":[{"type":"roles","id":"94172443-be03-11e9-a77a-373332f69711","attributes":{"name":"Datadog
      Standard Role","created_at":"2019-08-13T19:50:19.075284+00:00","modified_at":"2019-08-13T19:50:19.075284+00:00","user_count":5},"relationships":{"permissions":{"data":[{"type":"permissions","id":"984d2f00-d3b4-11e8-a200-bb47109e9987"},{"type":"permissions","id":"5e605652-dd12-11e8-9e53-375565b8970e"},{"type":"permissions","id":"62cc036c-dd12-11e8-9e54-db9995643092"},{"type":"permissions","id":"6f66600e-dd12-11e8-9e55-7f30fbb45e73"},{"type":"permissions","id":"811ac4ca-dd12-11e8-9e57-676a7f0beef9"},{"type":"permissions","id":"84aa3ae4-dd12-11e8-9e58-a373a514ccd0"},{"type":"permissions","id":"979df720-aed7-11e9-99c6-a7eb8373165a"},{"type":"permissions","id":"d90f6830-d3d8-11e9-a77a-b3404e5e9ee2"},{"type":"permissions","id":"d90f6831-d3d8-11e9-a77a-4fd230ddbc6a"},{"type":"permissions","id":"d90f6832-d3d8-11e9-a77a-bf8a2607f864"},{"type":"permissions","id":"4441648c-d8b1-11e9-a77a-1b899a04b304"},{"type":"permissions","id":"48ef71ea-d8b1-11e9-a77a-93f408470ad0"},{"type":"permissions","id":"4d87d5f8-d8b1-11e9-a77a-eb9c8350d04f"},{"type":"permissions","id":"1af86ce4-7823-11ea-93dc-d7cad1b1c6cb"},{"type":"permissions","id":"b382b982-8535-11ea-93de-2bf1bdf20798"},{"type":"permissions","id":"7314eb20-aa58-11ea-95e2-6fb6e4a451d5"},{"type":"permissions","id":"7b516476-aa58-11ea-95e2-93718cd56369"},{"type":"permissions","id":"80de1ec0-aa58-11ea-95e2-aff381626d5d"},{"type":"permissions","id":"9ac1d8cc-e707-11ea-aa2d-73d37e989a9d"},{"type":"permissions","id":"07c3c146-f7f8-11ea-acf6-0bd62b9ae60e"},{"type":"permissions","id":"6ba32d22-0e1a-11eb-ba44-bf9a5aafaa39"}]}}}]}'
    headers:
      Cache-Control:
      - no-cache
      Connection:
      - keep-alive
      Content-Security-Policy:
      - frame-ancestors 'self'; report-uri https://api.datadoghq.com/csp-report
      Content-Type:
      - application/json
      Date:
      - Fri, 20 Nov 2020 09:16:58 GMT
      Dd-Pool:
      - dogweb
      Pragma:
      - no-cache
      Set-Cookie:
      - DD-PSHARD=233; Max-Age=604800; Path=/; expires=Fri, 27-Nov-2020 09:16:57 GMT;
        secure; HttpOnly
      Strict-Transport-Security:
      - max-age=15724800;
      Vary:
      - Accept-Encoding
      X-Content-Type-Options:
      - nosniff
      X-Dd-Debug:
      - HvCCHsTxMdYM0gaKHtI2IcmEJsAxsAXyEwSakV4VwU0gJM0DBm5BMD3H6ZYBdo1H
      X-Dd-Version:
      - "35.3404619"
      X-Frame-Options:
      - SAMEORIGIN
      X-Ratelimit-Limit:
      - "500"
      X-Ratelimit-Period:
      - "60"
      X-Ratelimit-Remaining:
      - "476"
      X-Ratelimit-Reset:
      - "2"
    status: 200 OK
    code: 200
    duration: ""
