---
version: 1
interactions:
- request:
    body: |
      {"end":1735765200,"message":"tf-TestAccDatadogDowntime_BasicUntilOccurrencesRecurrence-local-1609425728","monitor_tags":["*"],"recurrence":{"period":1,"type":"days","until_occurrences":5},"scope":["host:UntilOccurrencesRecurrence"],"start":1735707600,"timezone":"UTC"}
    form: {}
    headers:
      Accept:
      - application/json
      Content-Type:
      - application/json
      Dd-Operation-Id:
      - CreateDowntime
      User-Agent:
      - terraform-provider-datadog/dev (terraform 1.15.0; terraform-cli 0.12.7-sdk)
        datadog-api-client-go/1.0.0-beta.13+dev (go go1.15.4; os darwin; arch amd64)
      X-Datadog-Parent-Id:
      - "4867028444377910107"
      X-Datadog-Sampling-Priority:
      - "1"
      X-Datadog-Trace-Id:
      - "1764292255691129127"
    url: https://api.datadoghq.com/api/v1/downtime
    method: POST
  response:
    body: '{"recurrence":{"until_date":null,"until_occurrences":5,"week_days":null,"type":"days","period":1},"end":1735765200,"monitor_tags":["*"],"child_id":null,"canceled":null,"monitor_id":null,"org_id":321813,"disabled":false,"start":1735707600,"creator_id":1445416,"parent_id":null,"timezone":"UTC","active":false,"scope":["host:UntilOccurrencesRecurrence"],"message":"tf-TestAccDatadogDowntime_BasicUntilOccurrencesRecurrence-local-1609425728","downtime_type":1,"id":1087028930,"updater_id":null}'
    headers:
      Cache-Control:
      - no-cache
      Connection:
      - keep-alive
      Content-Security-Policy:
      - frame-ancestors 'self'; report-uri https://api.datadoghq.com/csp-report
      Content-Type:
      - application/json
      Date:
      - Thu, 31 Dec 2020 14:54:24 GMT
      Pragma:
      - no-cache
      Set-Cookie:
      - DD-PSHARD=233; Max-Age=604800; Path=/; expires=Thu, 07-Jan-2021 14:54:24 GMT;
        secure; HttpOnly
      Strict-Transport-Security:
      - max-age=15724800;
      Vary:
      - Accept-Encoding
      X-Content-Type-Options:
      - nosniff
      X-Dd-Debug:
      - yHg1SN54kOfDRp2Aod0BXYSVxFx21V1jRKSkwPBeHEmd2sEVS/QK2WhkC8rNJWsm
      X-Dd-Version:
      - "35.3622023"
      X-Frame-Options:
      - SAMEORIGIN
    status: 200 OK
    code: 200
    duration: ""
- request:
    body: ""
    form: {}
    headers:
      Accept:
      - application/json
      Dd-Operation-Id:
      - GetDowntime
      User-Agent:
      - terraform-provider-datadog/dev (terraform 1.15.0; terraform-cli 0.12.7-sdk)
        datadog-api-client-go/1.0.0-beta.13+dev (go go1.15.4; os darwin; arch amd64)
      X-Datadog-Parent-Id:
      - "2887634175131405645"
      X-Datadog-Sampling-Priority:
      - "1"
      X-Datadog-Trace-Id:
      - "1764292255691129127"
    url: https://api.datadoghq.com/api/v1/downtime/1087028930
    method: GET
  response:
    body: '{"recurrence":{"until_date":null,"until_occurrences":5,"week_days":null,"type":"days","period":1},"end":1735765200,"monitor_tags":["*"],"child_id":null,"canceled":null,"monitor_id":null,"org_id":321813,"disabled":false,"start":1735707600,"creator_id":1445416,"parent_id":null,"timezone":"UTC","active":false,"scope":["host:UntilOccurrencesRecurrence"],"message":"tf-TestAccDatadogDowntime_BasicUntilOccurrencesRecurrence-local-1609425728","downtime_type":1,"id":1087028930,"updater_id":null}'
    headers:
      Cache-Control:
      - no-cache
      Connection:
      - keep-alive
      Content-Security-Policy:
      - frame-ancestors 'self'; report-uri https://api.datadoghq.com/csp-report
      Content-Type:
      - application/json
      Date:
      - Thu, 31 Dec 2020 14:54:24 GMT
      Pragma:
      - no-cache
      Set-Cookie:
      - DD-PSHARD=233; Max-Age=604800; Path=/; expires=Thu, 07-Jan-2021 14:54:24 GMT;
        secure; HttpOnly
      Strict-Transport-Security:
      - max-age=15724800;
      Vary:
      - Accept-Encoding
      X-Content-Type-Options:
      - nosniff
      X-Dd-Debug:
      - eG/dd216xDODxUvrkXQT4VhVvMIAMIlvHBW+Kcmtt6jQYter/nugfyVImQIwF/gz
      X-Dd-Version:
      - "35.3622023"
      X-Frame-Options:
      - SAMEORIGIN
    status: 200 OK
    code: 200
    duration: ""
- request:
    body: ""
    form: {}
    headers:
      Accept:
      - application/json
      Dd-Operation-Id:
      - GetDowntime
      User-Agent:
      - terraform-provider-datadog/dev (terraform 1.15.0; terraform-cli 0.12.7-sdk)
        datadog-api-client-go/1.0.0-beta.13+dev (go go1.15.4; os darwin; arch amd64)
      X-Datadog-Parent-Id:
      - "8015252008105395720"
      X-Datadog-Sampling-Priority:
      - "1"
      X-Datadog-Trace-Id:
      - "1764292255691129127"
    url: https://api.datadoghq.com/api/v1/downtime/1087028930
    method: GET
  response:
    body: '{"recurrence":{"until_date":null,"until_occurrences":5,"week_days":null,"type":"days","period":1},"end":1735765200,"monitor_tags":["*"],"child_id":null,"canceled":null,"monitor_id":null,"org_id":321813,"disabled":false,"start":1735707600,"creator_id":1445416,"parent_id":null,"timezone":"UTC","active":false,"scope":["host:UntilOccurrencesRecurrence"],"message":"tf-TestAccDatadogDowntime_BasicUntilOccurrencesRecurrence-local-1609425728","downtime_type":1,"id":1087028930,"updater_id":null}'
    headers:
      Cache-Control:
      - no-cache
      Connection:
      - keep-alive
      Content-Security-Policy:
      - frame-ancestors 'self'; report-uri https://api.datadoghq.com/csp-report
      Content-Type:
      - application/json
      Date:
      - Thu, 31 Dec 2020 14:54:24 GMT
      Pragma:
      - no-cache
      Set-Cookie:
      - DD-PSHARD=233; Max-Age=604800; Path=/; expires=Thu, 07-Jan-2021 14:54:24 GMT;
        secure; HttpOnly
      Strict-Transport-Security:
      - max-age=15724800;
      Vary:
      - Accept-Encoding
      X-Content-Type-Options:
      - nosniff
      X-Dd-Debug:
      - o+DMvNLOJQfXAHeLjo7w9XOcTGCirWOThygGIHqmoMaQl6AzYuGlAbNkOlAzbCRq
      X-Dd-Version:
      - "35.3622023"
      X-Frame-Options:
      - SAMEORIGIN
    status: 200 OK
    code: 200
    duration: ""
- request:
    body: ""
    form: {}
    headers:
      Accept:
      - application/json
      Dd-Operation-Id:
      - GetDowntime
      User-Agent:
      - terraform-provider-datadog/dev (terraform 1.15.0; terraform-cli 0.12.7-sdk)
        datadog-api-client-go/1.0.0-beta.13+dev (go go1.15.4; os darwin; arch amd64)
      X-Datadog-Parent-Id:
      - "1223098253624089273"
      X-Datadog-Sampling-Priority:
      - "1"
      X-Datadog-Trace-Id:
      - "1764292255691129127"
    url: https://api.datadoghq.com/api/v1/downtime/1087028930
    method: GET
  response:
    body: '{"recurrence":{"until_date":null,"until_occurrences":5,"week_days":null,"type":"days","period":1},"end":1735765200,"monitor_tags":["*"],"child_id":null,"canceled":null,"monitor_id":null,"org_id":321813,"disabled":false,"start":1735707600,"creator_id":1445416,"parent_id":null,"timezone":"UTC","active":false,"scope":["host:UntilOccurrencesRecurrence"],"message":"tf-TestAccDatadogDowntime_BasicUntilOccurrencesRecurrence-local-1609425728","downtime_type":1,"id":1087028930,"updater_id":null}'
    headers:
      Cache-Control:
      - no-cache
      Connection:
      - keep-alive
      Content-Security-Policy:
      - frame-ancestors 'self'; report-uri https://api.datadoghq.com/csp-report
      Content-Type:
      - application/json
      Date:
      - Thu, 31 Dec 2020 14:54:24 GMT
      Pragma:
      - no-cache
      Set-Cookie:
      - DD-PSHARD=233; Max-Age=604800; Path=/; expires=Thu, 07-Jan-2021 14:54:24 GMT;
        secure; HttpOnly
      Strict-Transport-Security:
      - max-age=15724800;
      Vary:
      - Accept-Encoding
      X-Content-Type-Options:
      - nosniff
      X-Dd-Debug:
      - LuHK+OcIuxuCTL7xVM4sMdR/Gv1H1hu+bgYJvWIAWOVtmiGVhdUVKBuef1C5aMk6
      X-Dd-Version:
      - "35.3622023"
      X-Frame-Options:
      - SAMEORIGIN
    status: 200 OK
    code: 200
    duration: ""
- request:
    body: ""
    form: {}
    headers:
      Accept:
      - application/json
      Dd-Operation-Id:
      - GetDowntime
      User-Agent:
      - terraform-provider-datadog/dev (terraform 1.15.0; terraform-cli 0.12.7-sdk)
        datadog-api-client-go/1.0.0-beta.13+dev (go go1.15.4; os darwin; arch amd64)
      X-Datadog-Parent-Id:
      - "1429830909038571478"
      X-Datadog-Sampling-Priority:
      - "1"
      X-Datadog-Trace-Id:
      - "1764292255691129127"
    url: https://api.datadoghq.com/api/v1/downtime/1087028930
    method: GET
  response:
    body: '{"recurrence":{"until_date":null,"until_occurrences":5,"week_days":null,"type":"days","period":1},"end":1735765200,"monitor_tags":["*"],"child_id":null,"canceled":null,"monitor_id":null,"org_id":321813,"disabled":false,"start":1735707600,"creator_id":1445416,"parent_id":null,"timezone":"UTC","active":false,"scope":["host:UntilOccurrencesRecurrence"],"message":"tf-TestAccDatadogDowntime_BasicUntilOccurrencesRecurrence-local-1609425728","downtime_type":1,"id":1087028930,"updater_id":null}'
    headers:
      Cache-Control:
      - no-cache
      Connection:
      - keep-alive
      Content-Security-Policy:
      - frame-ancestors 'self'; report-uri https://api.datadoghq.com/csp-report
      Content-Type:
      - application/json
      Date:
      - Thu, 31 Dec 2020 14:54:25 GMT
      Pragma:
      - no-cache
      Set-Cookie:
      - DD-PSHARD=233; Max-Age=604800; Path=/; expires=Thu, 07-Jan-2021 14:54:25 GMT;
        secure; HttpOnly
      Strict-Transport-Security:
      - max-age=15724800;
      Vary:
      - Accept-Encoding
      X-Content-Type-Options:
      - nosniff
      X-Dd-Debug:
      - Et2YiqVRxti9EZo6Gk/yyRrgDmYxZuoE62JE6GLJjDYX0PgDmkmo9d4ASFrtRIDj
      X-Dd-Version:
      - "35.3622023"
      X-Frame-Options:
      - SAMEORIGIN
    status: 200 OK
    code: 200
    duration: ""
- request:
    body: ""
    form: {}
    headers:
      Accept:
      - application/json
      Dd-Operation-Id:
      - CancelDowntime
      User-Agent:
      - terraform-provider-datadog/dev (terraform 1.15.0; terraform-cli 0.12.7-sdk)
        datadog-api-client-go/1.0.0-beta.13+dev (go go1.15.4; os darwin; arch amd64)
      X-Datadog-Parent-Id:
      - "5679090943380839020"
      X-Datadog-Sampling-Priority:
      - "1"
      X-Datadog-Trace-Id:
      - "1764292255691129127"
    url: https://api.datadoghq.com/api/v1/downtime/1087028930
    method: DELETE
  response:
    body: ""
    headers:
      Cache-Control:
      - no-cache
      Connection:
      - keep-alive
      Content-Length:
      - "0"
      Content-Security-Policy:
      - frame-ancestors 'self'; report-uri https://api.datadoghq.com/csp-report
      Content-Type:
      - text/html; charset=utf-8
      Date:
      - Thu, 31 Dec 2020 14:54:25 GMT
      Pragma:
      - no-cache
      Set-Cookie:
      - DD-PSHARD=233; Max-Age=604800; Path=/; expires=Thu, 07-Jan-2021 14:54:25 GMT;
        secure; HttpOnly
      Strict-Transport-Security:
      - max-age=15724800;
      X-Content-Type-Options:
      - nosniff
      X-Dd-Debug:
      - TFCg6TPxHCdpQyTTnaGFjBa5vzZnKeyQ4F7e1flYSnImhl2xBoRKXVAV7LhvPUlL
      X-Dd-Version:
      - "35.3622023"
      X-Frame-Options:
      - SAMEORIGIN
    status: 204 No Content
    code: 204
    duration: ""
- request:
    body: ""
    form: {}
    headers:
      Accept:
      - application/json
      Dd-Operation-Id:
      - GetDowntime
      User-Agent:
      - terraform-provider-datadog/dev (terraform 1.15.0; terraform-cli 0.12.7-sdk)
        datadog-api-client-go/1.0.0-beta.13+dev (go go1.15.4; os darwin; arch amd64)
      X-Datadog-Parent-Id:
      - "1223471892955108077"
      X-Datadog-Sampling-Priority:
      - "1"
      X-Datadog-Trace-Id:
      - "1764292255691129127"
    url: https://api.datadoghq.com/api/v1/downtime/1087028930
    method: GET
  response:
    body: '{"recurrence":{"until_date":null,"until_occurrences":5,"week_days":null,"type":"days","period":1},"end":1735765200,"monitor_tags":["*"],"child_id":null,"canceled":1609426465,"monitor_id":null,"org_id":321813,"disabled":true,"start":1735707600,"creator_id":1445416,"parent_id":null,"timezone":"UTC","active":false,"scope":["host:UntilOccurrencesRecurrence"],"message":"tf-TestAccDatadogDowntime_BasicUntilOccurrencesRecurrence-local-1609425728","downtime_type":1,"id":1087028930,"updater_id":1445416}'
    headers:
      Cache-Control:
      - no-cache
      Connection:
      - keep-alive
      Content-Security-Policy:
      - frame-ancestors 'self'; report-uri https://api.datadoghq.com/csp-report
      Content-Type:
      - application/json
      Date:
      - Thu, 31 Dec 2020 14:54:25 GMT
      Pragma:
      - no-cache
      Set-Cookie:
      - DD-PSHARD=233; Max-Age=604800; Path=/; expires=Thu, 07-Jan-2021 14:54:25 GMT;
        secure; HttpOnly
      Strict-Transport-Security:
      - max-age=15724800;
      Vary:
      - Accept-Encoding
      X-Content-Type-Options:
      - nosniff
      X-Dd-Debug:
      - eG/dd216xDODxUvrkXQT4VhVvMIAMIlvHBW+Kcmtt6jQYter/nugfyVImQIwF/gz
      X-Dd-Version:
      - "35.3622023"
      X-Frame-Options:
      - SAMEORIGIN
    status: 200 OK
    code: 200
    duration: ""
