---
version: 1
interactions:
- request:
    body: |
      {"description":"Created using the Datadog provider in Terraform","id":"","is_read_only":true,"layout_type":"ordered","notify_list":[],"template_variable_presets":[{"name":"preset_1","template_variables":[{"name":"var_1","value":"var_1_value"},{"name":"var_2","value":"var_2_value"}]},{"name":"preset_2","template_variables":[{"name":"var_1","value":"var_1_value"}]}],"template_variables":[{"default":"aws","name":"var_1","prefix":"host"},{"default":"autoscaling","name":"var_2","prefix":"service_name"}],"title":"tf-TestAccDatadogDashboard_import-local-1602246891","widgets":[{"definition":{"alert_id":"895605","time":{"live_span":"1h"},"title":"Widget Title","type":"alert_graph","viz_type":"timeseries"}},{"definition":{"alert_id":"895605","precision":3,"text_align":"center","title":"Widget Title","type":"alert_value","unit":"b"}},{"definition":{"requests":[{"change_type":"absolute","compare_to":"week_before","increase_good":true,"order_by":"name","order_dir":"desc","q":"avg:system.load.1{env:staging} by {account}","show_present":true}],"time":{"live_span":"1h"},"title":"Widget Title","type":"change"}},{"definition":{"requests":[{"q":"avg:system.load.1{env:staging} by {account}","style":{"palette":"warm"}}],"show_legend":false,"time":{"live_span":"1h"},"title":"Widget Title","type":"distribution"}},{"definition":{"check":"aws.ecs.agent_connected","group_by":["account","cluster"],"grouping":"cluster","tags":["account:demo","cluster:awseb-ruthebdog-env-8-dn3m6u3gvk"],"time":{"live_span":"1h"},"title":"Widget Title","type":"check_status"}},{"definition":{"requests":[{"q":"avg:system.load.1{env:staging} by {account}","style":{"palette":"warm"}}],"show_legend":false,"time":{"live_span":"1h"},"title":"Widget Title","type":"heatmap","yaxis":{"include_zero":true,"max":"2","min":"1","scale":"sqrt"}}},{"definition":{"group":["host","region"],"no_group_hosts":true,"no_metric_hosts":true,"node_type":"container","requests":{"fill":{"q":"avg:system.load.1{*} by {host}"},"size":{"q":"avg:memcache.uptime{*} by {host}"}},"scope":["region:us-east-1","aws_account:727006795293"],"style":{"fill_max":"20","fill_min":"10","palette":"yellow_to_green","palette_flip":true},"title":"Widget Title","type":"hostmap"}},{"definition":{"background_color":"pink","content":"note text","font_size":"14","show_tick":true,"text_align":"center","tick_edge":"left","tick_pos":"50%","type":"note"}},{"definition":{"autoscale":true,"custom_unit":"xx","precision":4,"requests":[{"aggregator":"sum","conditional_formats":[{"comparator":"\u003c","hide_value":false,"metric":"system.load.1","palette":"white_on_green","value":2},{"comparator":"\u003e","hide_value":false,"metric":"system.load.1","palette":"white_on_red","value":2.2}],"q":"avg:system.load.1{env:staging} by {account}"}],"text_align":"right","time":{"live_span":"1h"},"title":"Widget Title","type":"query_value"}},{"definition":{"color_by_groups":["account","apm-role-group"],"requests":{"x":{"aggregator":"max","q":"avg:system.cpu.user{*} by {service, account}"},"y":{"aggregator":"min","q":"avg:system.mem.used{*} by {service, account}"}},"time":{"live_span":"1h"},"title":"Widget Title","type":"scatterplot","xaxis":{"include_zero":true,"label":"x","max":"2000","min":"1","scale":"pow"},"yaxis":{"include_zero":false,"label":"y","max":"2222","min":"5","scale":"log"}}},{"definition":{"events":[{"q":"sources:test tags:1"},{"q":"sources:test tags:2"}],"legend_size":"2","markers":[{"display_type":"error dashed","label":" z=6 ","value":"y=4"},{"display_type":"ok solid","label":" x=8 ","value":"10 \u003c y \u003c 999"}],"requests":[{"display_type":"line","metadata":[{"alias_name":"Alpha","expression":"avg:system.cpu.user{app:general} by {env}"}],"on_right_yaxis":false,"q":"avg:system.cpu.user{app:general} by {env}","style":{"line_type":"dashed","line_width":"thin","palette":"warm"}},{"display_type":"area","log_query":{"compute":{"aggregation":"count","facet":"@duration","interval":5000},"group_by":[{"facet":"host","limit":10,"sort":{"aggregation":"avg","facet":"@duration","order":"desc"}}],"index":"mcnulty","search":{"query":"status:info"}},"on_right_yaxis":false},{"apm_query":{"compute":{"aggregation":"count","facet":"@duration","interval":5000},"group_by":[{"facet":"resource_name","limit":50,"sort":{"aggregation":"avg","facet":"@string_query.interval","order":"desc"}}],"index":"apm-search","search":{"query":"type:web"}},"display_type":"bars","on_right_yaxis":false},{"display_type":"area","on_right_yaxis":false,"process_query":{"filter_by":["active"],"limit":50,"metric":"process.stat.cpu.total_pct","search_by":"error"}},{"display_type":"bars","on_right_yaxis":false,"security_query":{"compute":{"aggregation":"count"},"group_by":[{"facet":"status"}],"index":"signal","search":{"query":"status:(high OR critical)"}}},{"display_type":"bars","on_right_yaxis":false,"rum_query":{"compute":{"aggregation":"count"},"group_by":[{"facet":"service"}],"index":"rum","search":{"query":"status:info"}}}],"show_legend":true,"time":{"live_span":"1h"},"title":"Widget Title","type":"timeseries","yaxis":{"include_zero":false,"max":"100","scale":"log"}}},{"definition":{"requests":[{"conditional_formats":[{"comparator":"\u003c","hide_value":false,"palette":"white_on_green","value":2},{"comparator":"\u003e","hide_value":false,"palette":"white_on_red","value":2.2}],"q":"avg:system.cpu.user{app:general} by {env}"}],"title":"Widget Title","type":"toplist"}},{"definition":{"layout_type":"ordered","title":"Group Widget","type":"group","widgets":[{"definition":{"background_color":"yellow","content":"cluster note widget","font_size":"16","show_tick":false,"text_align":"left","tick_edge":"left","tick_pos":"50%","type":"note"}},{"definition":{"alert_id":"123","time":{"live_span":"1h"},"title":"Alert Graph","type":"alert_graph","viz_type":"toplist"}}]}},{"definition":{"show_error_budget":true,"slo_id":"56789","time_windows":["7d","previous_week"],"title":"Widget Title","type":"slo","view_mode":"overall","view_type":"detail"}},{"definition":{"requests":[{"aggregator":"sum","conditional_formats":[{"comparator":"\u003c","hide_value":false,"palette":"white_on_green","value":2},{"comparator":"\u003e","hide_value":false,"palette":"white_on_red","value":2.2}],"limit":10,"q":"avg:system.load.1{env:staging} by {account}"}],"time":{"live_span":"1h"},"title":"Widget Title","type":"query_table"}},{"definition":{"requests":[{"apm_stats_query":{"columns":[{"name":"Hits"}],"env":"staging","name":"bar","primary_tag":"datacenter:*","row_type":"resource","service":"foo"}}],"type":"query_table"}}]}
    form: {}
    headers:
      Accept:
      - application/json
      Content-Type:
      - application/json
      Dd-Operation-Id:
      - CreateDashboard
      User-Agent:
      - terraform-provider-datadog/dev (terraform 1.15.0; terraform-cli 0.12.7-sdk)
        datadog-api-client-go/1.0.0-beta.9+dev (go go1.14.2; os darwin; arch amd64)
      X-Datadog-Parent-Id:
      - "1000660088176386772"
      X-Datadog-Sampling-Priority:
      - "1"
      X-Datadog-Trace-Id:
      - "2210144423506013292"
    url: https://api.datadoghq.com/api/v1/dashboard
    method: POST
  response:
    body: '{"notify_list":[],"description":"Created using the Datadog provider in
      Terraform","author_name":null,"template_variable_presets":[{"template_variables":[{"name":"var_1","value":"var_1_value"},{"name":"var_2","value":"var_2_value"}],"name":"preset_1"},{"template_variables":[{"name":"var_1","value":"var_1_value"}],"name":"preset_2"}],"template_variables":[{"default":"aws","prefix":"host","name":"var_1"},{"default":"autoscaling","prefix":"service_name","name":"var_2"}],"is_read_only":true,"id":"3yb-7yu-baw","title":"tf-TestAccDatadogDashboard_import-local-1602246891","url":"/dashboard/3yb-7yu-baw/tf-testaccdatadogdashboardimport-local-1602246891","created_at":"2020-10-09T12:37:45.934415+00:00","modified_at":"2020-10-09T12:37:45.934415+00:00","author_handle":"frog@datadoghq.com","widgets":[{"definition":{"alert_id":"895605","title":"Widget
      Title","type":"alert_graph","viz_type":"timeseries","time":{"live_span":"1h"}},"id":1397263392675228},{"definition":{"title":"Widget
      Title","text_align":"center","precision":3,"alert_id":"895605","type":"alert_value","unit":"b"},"id":575991837662964},{"definition":{"requests":[{"change_type":"absolute","order_dir":"desc","compare_to":"week_before","q":"avg:system.load.1{env:staging}
      by {account}","show_present":true,"increase_good":true,"order_by":"name"}],"title":"Widget
      Title","type":"change","time":{"live_span":"1h"}},"id":4472304980204280},{"definition":{"requests":[{"q":"avg:system.load.1{env:staging}
      by {account}","style":{"palette":"warm"}}],"title":"Widget Title","type":"distribution","show_legend":false,"time":{"live_span":"1h"}},"id":877805549485532},{"definition":{"title":"Widget
      Title","tags":["account:demo","cluster:awseb-ruthebdog-env-8-dn3m6u3gvk"],"group_by":["account","cluster"],"time":{"live_span":"1h"},"type":"check_status","check":"aws.ecs.agent_connected","grouping":"cluster"},"id":708857879324444},{"definition":{"yaxis":{"include_zero":true,"scale":"sqrt","min":"1","max":"2"},"title":"Widget
      Title","show_legend":false,"time":{"live_span":"1h"},"requests":[{"q":"avg:system.load.1{env:staging}
      by {account}","style":{"palette":"warm"}}],"type":"heatmap"},"id":2426031986882432},{"definition":{"style":{"fill_min":"10","fill_max":"20","palette":"yellow_to_green","palette_flip":true},"group":["host","region"],"title":"Widget
      Title","node_type":"container","no_metric_hosts":true,"scope":["region:us-east-1","aws_account:727006795293"],"requests":{"size":{"q":"avg:memcache.uptime{*}
      by {host}"},"fill":{"q":"avg:system.load.1{*} by {host}"}},"no_group_hosts":true,"type":"hostmap"},"id":7027999366880221},{"definition":{"tick_pos":"50%","font_size":"14","type":"note","tick_edge":"left","text_align":"center","content":"note
      text","show_tick":true,"background_color":"pink"},"id":8005456311004402},{"definition":{"autoscale":true,"title":"Widget
      Title","text_align":"right","custom_unit":"xx","precision":4,"time":{"live_span":"1h"},"requests":[{"q":"avg:system.load.1{env:staging}
      by {account}","aggregator":"sum","conditional_formats":[{"metric":"system.load.1","hide_value":false,"palette":"white_on_green","value":2,"comparator":"<"},{"metric":"system.load.1","hide_value":false,"palette":"white_on_red","value":2.2,"comparator":">"}]}],"type":"query_value"},"id":8232053180079541},{"definition":{"title":"Widget
      Title","yaxis":{"include_zero":false,"max":"2222","min":"5","scale":"log","label":"y"},"color_by_groups":["account","apm-role-group"],"xaxis":{"include_zero":true,"max":"2000","min":"1","scale":"pow","label":"x"},"time":{"live_span":"1h"},"requests":{"y":{"q":"avg:system.mem.used{*}
      by {service, account}","aggregator":"min"},"x":{"q":"avg:system.cpu.user{*}
      by {service, account}","aggregator":"max"}},"type":"scatterplot"},"id":3712627769666690},{"definition":{"title":"Widget
      Title","yaxis":{"include_zero":false,"scale":"log","max":"100"},"markers":[{"display_type":"error
      dashed","value":"y=4","label":" z=6 "},{"display_type":"ok solid","value":"10
      < y < 999","label":" x=8 "}],"events":[{"q":"sources:test tags:1"},{"q":"sources:test
      tags:2"}],"show_legend":true,"time":{"live_span":"1h"},"legend_size":"2","type":"timeseries","requests":[{"q":"avg:system.cpu.user{app:general}
      by {env}","on_right_yaxis":false,"style":{"line_width":"thin","palette":"warm","line_type":"dashed"},"display_type":"line","metadata":[{"expression":"avg:system.cpu.user{app:general}
      by {env}","alias_name":"Alpha"}]},{"on_right_yaxis":false,"display_type":"area","log_query":{"index":"mcnulty","search":{"query":"status:info"},"group_by":[{"facet":"host","sort":{"facet":"@duration","aggregation":"avg","order":"desc"},"limit":10}],"compute":{"facet":"@duration","interval":5000,"aggregation":"count"}}},{"on_right_yaxis":false,"apm_query":{"index":"apm-search","search":{"query":"type:web"},"group_by":[{"facet":"resource_name","sort":{"facet":"@string_query.interval","aggregation":"avg","order":"desc"},"limit":50}],"compute":{"facet":"@duration","interval":5000,"aggregation":"count"}},"display_type":"bars"},{"on_right_yaxis":false,"process_query":{"search_by":"error","metric":"process.stat.cpu.total_pct","limit":50,"filter_by":["active"]},"display_type":"area"},{"on_right_yaxis":false,"display_type":"bars","security_query":{"index":"signal","search":{"query":"status:(high
      OR critical)"},"group_by":[{"facet":"status"}],"compute":{"aggregation":"count"}}},{"on_right_yaxis":false,"rum_query":{"index":"rum","search":{"query":"status:info"},"group_by":[{"facet":"service"}],"compute":{"aggregation":"count"}},"display_type":"bars"}]},"id":237172632894172},{"definition":{"requests":[{"q":"avg:system.cpu.user{app:general}
      by {env}","conditional_formats":[{"palette":"white_on_green","hide_value":false,"value":2,"comparator":"<"},{"palette":"white_on_red","hide_value":false,"value":2.2,"comparator":">"}]}],"type":"toplist","title":"Widget
      Title"},"id":6176113206470684},{"definition":{"widgets":[{"definition":{"tick_pos":"50%","font_size":"16","type":"note","tick_edge":"left","text_align":"left","content":"cluster
      note widget","show_tick":false,"background_color":"yellow"},"id":2128202077366533},{"definition":{"alert_id":"123","title":"Alert
      Graph","type":"alert_graph","viz_type":"toplist","time":{"live_span":"1h"}},"id":1333000996774667}],"layout_type":"ordered","type":"group","title":"Group
      Widget"},"id":4207205733523979},{"definition":{"time_windows":["7d","previous_week"],"show_error_budget":true,"title":"Widget
      Title","view_type":"detail","slo_id":"56789","view_mode":"overall","type":"slo"},"id":2234201360565638},{"definition":{"requests":[{"q":"avg:system.load.1{env:staging}
      by {account}","aggregator":"sum","conditional_formats":[{"palette":"white_on_green","hide_value":false,"value":2,"comparator":"<"},{"palette":"white_on_red","hide_value":false,"value":2.2,"comparator":">"}],"limit":10}],"title":"Widget
      Title","type":"query_table","time":{"live_span":"1h"}},"id":7781654484524762},{"definition":{"requests":[{"apm_stats_query":{"primary_tag":"datacenter:*","name":"bar","service":"foo","row_type":"resource","env":"staging","columns":[{"name":"Hits"}]}}],"type":"query_table"},"id":3080742033443359}],"layout_type":"ordered"}'
    headers:
      Cache-Control:
      - no-cache
      Connection:
      - keep-alive
      Content-Security-Policy:
      - frame-ancestors 'self'; report-uri https://api.datadoghq.com/csp-report
      Content-Type:
      - application/json
      Date:
      - Fri, 09 Oct 2020 12:37:46 GMT
      Dd-Pool:
      - dogweb
      Pragma:
      - no-cache
      Set-Cookie:
      - DD-PSHARD=233; Max-Age=604800; Path=/; expires=Fri, 16-Oct-2020 12:37:45 GMT;
        secure; HttpOnly
      Strict-Transport-Security:
      - max-age=15724800;
      Vary:
      - Accept-Encoding
      X-Content-Type-Options:
      - nosniff
      X-Dd-Debug:
      - R1+MRQNzRD0HfjBgLVIjclr4gto/LBUvaJZAn2oF8rsW7iHushLxjdvt+30jZQLP
      X-Dd-Version:
      - "35.3169891"
      X-Frame-Options:
      - SAMEORIGIN
    status: 200 OK
    code: 200
    duration: ""
- request:
    body: ""
    form: {}
    headers:
      Accept:
      - application/json
      Dd-Operation-Id:
      - GetDashboard
      User-Agent:
      - terraform-provider-datadog/dev (terraform 1.15.0; terraform-cli 0.12.7-sdk)
        datadog-api-client-go/1.0.0-beta.9+dev (go go1.14.2; os darwin; arch amd64)
      X-Datadog-Parent-Id:
      - "6182235163608754322"
      X-Datadog-Sampling-Priority:
      - "1"
      X-Datadog-Trace-Id:
      - "2210144423506013292"
    url: https://api.datadoghq.com/api/v1/dashboard/3yb-7yu-baw
    method: GET
  response:
    body: '{"notify_list":[],"description":"Created using the Datadog provider in
      Terraform","author_name":null,"template_variable_presets":[{"template_variables":[{"name":"var_1","value":"var_1_value"},{"name":"var_2","value":"var_2_value"}],"name":"preset_1"},{"template_variables":[{"name":"var_1","value":"var_1_value"}],"name":"preset_2"}],"template_variables":[{"default":"aws","prefix":"host","name":"var_1"},{"default":"autoscaling","prefix":"service_name","name":"var_2"}],"is_read_only":true,"id":"3yb-7yu-baw","title":"tf-TestAccDatadogDashboard_import-local-1602246891","url":"/dashboard/3yb-7yu-baw/tf-testaccdatadogdashboardimport-local-1602246891","created_at":"2020-10-09T12:37:45.934415+00:00","modified_at":"2020-10-09T12:37:45.934415+00:00","author_handle":"frog@datadoghq.com","widgets":[{"definition":{"alert_id":"895605","title":"Widget
      Title","type":"alert_graph","viz_type":"timeseries","time":{"live_span":"1h"}},"id":1397263392675228},{"definition":{"title":"Widget
      Title","text_align":"center","precision":3,"alert_id":"895605","type":"alert_value","unit":"b"},"id":575991837662964},{"definition":{"requests":[{"change_type":"absolute","order_dir":"desc","compare_to":"week_before","q":"avg:system.load.1{env:staging}
      by {account}","show_present":true,"increase_good":true,"order_by":"name"}],"title":"Widget
      Title","type":"change","time":{"live_span":"1h"}},"id":4472304980204280},{"definition":{"requests":[{"q":"avg:system.load.1{env:staging}
      by {account}","style":{"palette":"warm"}}],"title":"Widget Title","type":"distribution","show_legend":false,"time":{"live_span":"1h"}},"id":877805549485532},{"definition":{"title":"Widget
      Title","tags":["account:demo","cluster:awseb-ruthebdog-env-8-dn3m6u3gvk"],"group_by":["account","cluster"],"time":{"live_span":"1h"},"type":"check_status","check":"aws.ecs.agent_connected","grouping":"cluster"},"id":708857879324444},{"definition":{"yaxis":{"include_zero":true,"scale":"sqrt","min":"1","max":"2"},"title":"Widget
      Title","show_legend":false,"time":{"live_span":"1h"},"requests":[{"q":"avg:system.load.1{env:staging}
      by {account}","style":{"palette":"warm"}}],"type":"heatmap"},"id":2426031986882432},{"definition":{"style":{"fill_min":"10","fill_max":"20","palette":"yellow_to_green","palette_flip":true},"group":["host","region"],"title":"Widget
      Title","node_type":"container","no_metric_hosts":true,"scope":["region:us-east-1","aws_account:727006795293"],"requests":{"size":{"q":"avg:memcache.uptime{*}
      by {host}"},"fill":{"q":"avg:system.load.1{*} by {host}"}},"no_group_hosts":true,"type":"hostmap"},"id":7027999366880221},{"definition":{"tick_pos":"50%","font_size":"14","type":"note","tick_edge":"left","text_align":"center","content":"note
      text","show_tick":true,"background_color":"pink"},"id":8005456311004402},{"definition":{"autoscale":true,"title":"Widget
      Title","text_align":"right","custom_unit":"xx","precision":4,"time":{"live_span":"1h"},"requests":[{"q":"avg:system.load.1{env:staging}
      by {account}","aggregator":"sum","conditional_formats":[{"metric":"system.load.1","hide_value":false,"palette":"white_on_green","value":2,"comparator":"<"},{"metric":"system.load.1","hide_value":false,"palette":"white_on_red","value":2.2,"comparator":">"}]}],"type":"query_value"},"id":8232053180079541},{"definition":{"title":"Widget
      Title","yaxis":{"include_zero":false,"max":"2222","min":"5","scale":"log","label":"y"},"color_by_groups":["account","apm-role-group"],"xaxis":{"include_zero":true,"max":"2000","min":"1","scale":"pow","label":"x"},"time":{"live_span":"1h"},"requests":{"y":{"q":"avg:system.mem.used{*}
      by {service, account}","aggregator":"min"},"x":{"q":"avg:system.cpu.user{*}
      by {service, account}","aggregator":"max"}},"type":"scatterplot"},"id":3712627769666690},{"definition":{"title":"Widget
      Title","yaxis":{"include_zero":false,"scale":"log","max":"100"},"markers":[{"display_type":"error
      dashed","value":"y=4","label":" z=6 "},{"display_type":"ok solid","value":"10
      < y < 999","label":" x=8 "}],"events":[{"q":"sources:test tags:1"},{"q":"sources:test
      tags:2"}],"show_legend":true,"time":{"live_span":"1h"},"legend_size":"2","type":"timeseries","requests":[{"q":"avg:system.cpu.user{app:general}
      by {env}","on_right_yaxis":false,"style":{"line_width":"thin","palette":"warm","line_type":"dashed"},"display_type":"line","metadata":[{"expression":"avg:system.cpu.user{app:general}
      by {env}","alias_name":"Alpha"}]},{"on_right_yaxis":false,"display_type":"area","log_query":{"index":"mcnulty","search":{"query":"status:info"},"group_by":[{"facet":"host","sort":{"facet":"@duration","aggregation":"avg","order":"desc"},"limit":10}],"compute":{"facet":"@duration","interval":5000,"aggregation":"count"}}},{"on_right_yaxis":false,"apm_query":{"index":"apm-search","search":{"query":"type:web"},"group_by":[{"facet":"resource_name","sort":{"facet":"@string_query.interval","aggregation":"avg","order":"desc"},"limit":50}],"compute":{"facet":"@duration","interval":5000,"aggregation":"count"}},"display_type":"bars"},{"on_right_yaxis":false,"process_query":{"search_by":"error","metric":"process.stat.cpu.total_pct","limit":50,"filter_by":["active"]},"display_type":"area"},{"on_right_yaxis":false,"display_type":"bars","security_query":{"index":"signal","search":{"query":"status:(high
      OR critical)"},"group_by":[{"facet":"status"}],"compute":{"aggregation":"count"}}},{"on_right_yaxis":false,"rum_query":{"index":"rum","search":{"query":"status:info"},"group_by":[{"facet":"service"}],"compute":{"aggregation":"count"}},"display_type":"bars"}]},"id":237172632894172},{"definition":{"requests":[{"q":"avg:system.cpu.user{app:general}
      by {env}","conditional_formats":[{"palette":"white_on_green","hide_value":false,"value":2,"comparator":"<"},{"palette":"white_on_red","hide_value":false,"value":2.2,"comparator":">"}]}],"type":"toplist","title":"Widget
      Title"},"id":6176113206470684},{"definition":{"widgets":[{"definition":{"tick_pos":"50%","font_size":"16","type":"note","tick_edge":"left","text_align":"left","content":"cluster
      note widget","show_tick":false,"background_color":"yellow"},"id":2128202077366533},{"definition":{"alert_id":"123","title":"Alert
      Graph","type":"alert_graph","viz_type":"toplist","time":{"live_span":"1h"}},"id":1333000996774667}],"layout_type":"ordered","type":"group","title":"Group
      Widget"},"id":4207205733523979},{"definition":{"time_windows":["7d","previous_week"],"show_error_budget":true,"title":"Widget
      Title","view_type":"detail","slo_id":"56789","view_mode":"overall","type":"slo"},"id":2234201360565638},{"definition":{"requests":[{"q":"avg:system.load.1{env:staging}
      by {account}","aggregator":"sum","conditional_formats":[{"palette":"white_on_green","hide_value":false,"value":2,"comparator":"<"},{"palette":"white_on_red","hide_value":false,"value":2.2,"comparator":">"}],"limit":10}],"title":"Widget
      Title","type":"query_table","time":{"live_span":"1h"}},"id":7781654484524762},{"definition":{"requests":[{"apm_stats_query":{"primary_tag":"datacenter:*","name":"bar","service":"foo","row_type":"resource","env":"staging","columns":[{"name":"Hits"}]}}],"type":"query_table"},"id":3080742033443359}],"layout_type":"ordered"}'
    headers:
      Cache-Control:
      - no-cache
      Connection:
      - keep-alive
      Content-Security-Policy:
      - frame-ancestors 'self'; report-uri https://api.datadoghq.com/csp-report
      Content-Type:
      - application/json
      Date:
      - Fri, 09 Oct 2020 12:37:46 GMT
      Dd-Pool:
      - dogweb
      Pragma:
      - no-cache
      Set-Cookie:
      - DD-PSHARD=233; Max-Age=604800; Path=/; expires=Fri, 16-Oct-2020 12:37:46 GMT;
        secure; HttpOnly
      Strict-Transport-Security:
      - max-age=15724800;
      Vary:
      - Accept-Encoding
      X-Content-Type-Options:
      - nosniff
      X-Dd-Debug:
      - NAgpeopdgW9X30OuB191/muuvQIfRBmU7ohOgihh9xKnn0bCG7Kguc4bGAIB6OKr
      X-Dd-Version:
      - "35.3169891"
      X-Frame-Options:
      - SAMEORIGIN
    status: 200 OK
    code: 200
    duration: ""
- request:
    body: ""
    form: {}
    headers:
      Accept:
      - application/json
      Dd-Operation-Id:
      - GetDashboard
      User-Agent:
      - terraform-provider-datadog/dev (terraform 1.15.0; terraform-cli 0.12.7-sdk)
        datadog-api-client-go/1.0.0-beta.9+dev (go go1.14.2; os darwin; arch amd64)
      X-Datadog-Parent-Id:
      - "3446561344246113682"
      X-Datadog-Sampling-Priority:
      - "1"
      X-Datadog-Trace-Id:
      - "2210144423506013292"
    url: https://api.datadoghq.com/api/v1/dashboard/3yb-7yu-baw
    method: GET
  response:
    body: '{"notify_list":[],"description":"Created using the Datadog provider in
      Terraform","author_name":null,"template_variable_presets":[{"template_variables":[{"name":"var_1","value":"var_1_value"},{"name":"var_2","value":"var_2_value"}],"name":"preset_1"},{"template_variables":[{"name":"var_1","value":"var_1_value"}],"name":"preset_2"}],"template_variables":[{"default":"aws","prefix":"host","name":"var_1"},{"default":"autoscaling","prefix":"service_name","name":"var_2"}],"is_read_only":true,"id":"3yb-7yu-baw","title":"tf-TestAccDatadogDashboard_import-local-1602246891","url":"/dashboard/3yb-7yu-baw/tf-testaccdatadogdashboardimport-local-1602246891","created_at":"2020-10-09T12:37:45.934415+00:00","modified_at":"2020-10-09T12:37:45.934415+00:00","author_handle":"frog@datadoghq.com","widgets":[{"definition":{"alert_id":"895605","title":"Widget
      Title","type":"alert_graph","viz_type":"timeseries","time":{"live_span":"1h"}},"id":1397263392675228},{"definition":{"title":"Widget
      Title","text_align":"center","precision":3,"alert_id":"895605","type":"alert_value","unit":"b"},"id":575991837662964},{"definition":{"requests":[{"change_type":"absolute","order_dir":"desc","compare_to":"week_before","q":"avg:system.load.1{env:staging}
      by {account}","show_present":true,"increase_good":true,"order_by":"name"}],"title":"Widget
      Title","type":"change","time":{"live_span":"1h"}},"id":4472304980204280},{"definition":{"requests":[{"q":"avg:system.load.1{env:staging}
      by {account}","style":{"palette":"warm"}}],"title":"Widget Title","type":"distribution","show_legend":false,"time":{"live_span":"1h"}},"id":877805549485532},{"definition":{"title":"Widget
      Title","tags":["account:demo","cluster:awseb-ruthebdog-env-8-dn3m6u3gvk"],"group_by":["account","cluster"],"time":{"live_span":"1h"},"type":"check_status","check":"aws.ecs.agent_connected","grouping":"cluster"},"id":708857879324444},{"definition":{"yaxis":{"include_zero":true,"scale":"sqrt","min":"1","max":"2"},"title":"Widget
      Title","show_legend":false,"time":{"live_span":"1h"},"requests":[{"q":"avg:system.load.1{env:staging}
      by {account}","style":{"palette":"warm"}}],"type":"heatmap"},"id":2426031986882432},{"definition":{"style":{"fill_min":"10","fill_max":"20","palette":"yellow_to_green","palette_flip":true},"group":["host","region"],"title":"Widget
      Title","node_type":"container","no_metric_hosts":true,"scope":["region:us-east-1","aws_account:727006795293"],"requests":{"size":{"q":"avg:memcache.uptime{*}
      by {host}"},"fill":{"q":"avg:system.load.1{*} by {host}"}},"no_group_hosts":true,"type":"hostmap"},"id":7027999366880221},{"definition":{"tick_pos":"50%","font_size":"14","type":"note","tick_edge":"left","text_align":"center","content":"note
      text","show_tick":true,"background_color":"pink"},"id":8005456311004402},{"definition":{"autoscale":true,"title":"Widget
      Title","text_align":"right","custom_unit":"xx","precision":4,"time":{"live_span":"1h"},"requests":[{"q":"avg:system.load.1{env:staging}
      by {account}","aggregator":"sum","conditional_formats":[{"metric":"system.load.1","hide_value":false,"palette":"white_on_green","value":2,"comparator":"<"},{"metric":"system.load.1","hide_value":false,"palette":"white_on_red","value":2.2,"comparator":">"}]}],"type":"query_value"},"id":8232053180079541},{"definition":{"title":"Widget
      Title","yaxis":{"include_zero":false,"max":"2222","min":"5","scale":"log","label":"y"},"color_by_groups":["account","apm-role-group"],"xaxis":{"include_zero":true,"max":"2000","min":"1","scale":"pow","label":"x"},"time":{"live_span":"1h"},"requests":{"y":{"q":"avg:system.mem.used{*}
      by {service, account}","aggregator":"min"},"x":{"q":"avg:system.cpu.user{*}
      by {service, account}","aggregator":"max"}},"type":"scatterplot"},"id":3712627769666690},{"definition":{"title":"Widget
      Title","yaxis":{"include_zero":false,"scale":"log","max":"100"},"markers":[{"display_type":"error
      dashed","value":"y=4","label":" z=6 "},{"display_type":"ok solid","value":"10
      < y < 999","label":" x=8 "}],"events":[{"q":"sources:test tags:1"},{"q":"sources:test
      tags:2"}],"show_legend":true,"time":{"live_span":"1h"},"legend_size":"2","type":"timeseries","requests":[{"q":"avg:system.cpu.user{app:general}
      by {env}","on_right_yaxis":false,"style":{"line_width":"thin","palette":"warm","line_type":"dashed"},"display_type":"line","metadata":[{"expression":"avg:system.cpu.user{app:general}
      by {env}","alias_name":"Alpha"}]},{"on_right_yaxis":false,"display_type":"area","log_query":{"index":"mcnulty","search":{"query":"status:info"},"group_by":[{"facet":"host","sort":{"facet":"@duration","aggregation":"avg","order":"desc"},"limit":10}],"compute":{"facet":"@duration","interval":5000,"aggregation":"count"}}},{"on_right_yaxis":false,"apm_query":{"index":"apm-search","search":{"query":"type:web"},"group_by":[{"facet":"resource_name","sort":{"facet":"@string_query.interval","aggregation":"avg","order":"desc"},"limit":50}],"compute":{"facet":"@duration","interval":5000,"aggregation":"count"}},"display_type":"bars"},{"on_right_yaxis":false,"process_query":{"search_by":"error","metric":"process.stat.cpu.total_pct","limit":50,"filter_by":["active"]},"display_type":"area"},{"on_right_yaxis":false,"display_type":"bars","security_query":{"index":"signal","search":{"query":"status:(high
      OR critical)"},"group_by":[{"facet":"status"}],"compute":{"aggregation":"count"}}},{"on_right_yaxis":false,"rum_query":{"index":"rum","search":{"query":"status:info"},"group_by":[{"facet":"service"}],"compute":{"aggregation":"count"}},"display_type":"bars"}]},"id":237172632894172},{"definition":{"requests":[{"q":"avg:system.cpu.user{app:general}
      by {env}","conditional_formats":[{"palette":"white_on_green","hide_value":false,"value":2,"comparator":"<"},{"palette":"white_on_red","hide_value":false,"value":2.2,"comparator":">"}]}],"type":"toplist","title":"Widget
      Title"},"id":6176113206470684},{"definition":{"widgets":[{"definition":{"tick_pos":"50%","font_size":"16","type":"note","tick_edge":"left","text_align":"left","content":"cluster
      note widget","show_tick":false,"background_color":"yellow"},"id":2128202077366533},{"definition":{"alert_id":"123","title":"Alert
      Graph","type":"alert_graph","viz_type":"toplist","time":{"live_span":"1h"}},"id":1333000996774667}],"layout_type":"ordered","type":"group","title":"Group
      Widget"},"id":4207205733523979},{"definition":{"time_windows":["7d","previous_week"],"show_error_budget":true,"title":"Widget
      Title","view_type":"detail","slo_id":"56789","view_mode":"overall","type":"slo"},"id":2234201360565638},{"definition":{"requests":[{"q":"avg:system.load.1{env:staging}
      by {account}","aggregator":"sum","conditional_formats":[{"palette":"white_on_green","hide_value":false,"value":2,"comparator":"<"},{"palette":"white_on_red","hide_value":false,"value":2.2,"comparator":">"}],"limit":10}],"title":"Widget
      Title","type":"query_table","time":{"live_span":"1h"}},"id":7781654484524762},{"definition":{"requests":[{"apm_stats_query":{"primary_tag":"datacenter:*","name":"bar","service":"foo","row_type":"resource","env":"staging","columns":[{"name":"Hits"}]}}],"type":"query_table"},"id":3080742033443359}],"layout_type":"ordered"}'
    headers:
      Cache-Control:
      - no-cache
      Connection:
      - keep-alive
      Content-Security-Policy:
      - frame-ancestors 'self'; report-uri https://api.datadoghq.com/csp-report
      Content-Type:
      - application/json
      Date:
      - Fri, 09 Oct 2020 12:37:53 GMT
      Dd-Pool:
      - dogweb
      Pragma:
      - no-cache
      Set-Cookie:
      - DD-PSHARD=233; Max-Age=604800; Path=/; expires=Fri, 16-Oct-2020 12:37:53 GMT;
        secure; HttpOnly
      Strict-Transport-Security:
      - max-age=15724800;
      Vary:
      - Accept-Encoding
      X-Content-Type-Options:
      - nosniff
      X-Dd-Debug:
      - h/IXnJS1M5zKHh5ujv7CkNFB4pqHSDVrmy+nI86u4Ciy2MfrEYtp+07i0sugqnf8
      X-Dd-Version:
      - "35.3169891"
      X-Frame-Options:
      - SAMEORIGIN
    status: 200 OK
    code: 200
    duration: ""
- request:
    body: ""
    form: {}
    headers:
      Accept:
      - application/json
      Dd-Operation-Id:
      - GetDashboard
      User-Agent:
      - terraform-provider-datadog/dev (terraform 1.15.0; terraform-cli 0.12.7-sdk)
        datadog-api-client-go/1.0.0-beta.9+dev (go go1.14.2; os darwin; arch amd64)
      X-Datadog-Parent-Id:
      - "5998901255318672906"
      X-Datadog-Sampling-Priority:
      - "1"
      X-Datadog-Trace-Id:
      - "2210144423506013292"
    url: https://api.datadoghq.com/api/v1/dashboard/3yb-7yu-baw
    method: GET
  response:
    body: '{"notify_list":[],"description":"Created using the Datadog provider in
      Terraform","author_name":null,"template_variable_presets":[{"template_variables":[{"name":"var_1","value":"var_1_value"},{"name":"var_2","value":"var_2_value"}],"name":"preset_1"},{"template_variables":[{"name":"var_1","value":"var_1_value"}],"name":"preset_2"}],"template_variables":[{"default":"aws","prefix":"host","name":"var_1"},{"default":"autoscaling","prefix":"service_name","name":"var_2"}],"is_read_only":true,"id":"3yb-7yu-baw","title":"tf-TestAccDatadogDashboard_import-local-1602246891","url":"/dashboard/3yb-7yu-baw/tf-testaccdatadogdashboardimport-local-1602246891","created_at":"2020-10-09T12:37:45.934415+00:00","modified_at":"2020-10-09T12:37:45.934415+00:00","author_handle":"frog@datadoghq.com","widgets":[{"definition":{"alert_id":"895605","title":"Widget
      Title","type":"alert_graph","viz_type":"timeseries","time":{"live_span":"1h"}},"id":1397263392675228},{"definition":{"title":"Widget
      Title","text_align":"center","precision":3,"alert_id":"895605","type":"alert_value","unit":"b"},"id":575991837662964},{"definition":{"requests":[{"change_type":"absolute","order_dir":"desc","compare_to":"week_before","q":"avg:system.load.1{env:staging}
      by {account}","show_present":true,"increase_good":true,"order_by":"name"}],"title":"Widget
      Title","type":"change","time":{"live_span":"1h"}},"id":4472304980204280},{"definition":{"requests":[{"q":"avg:system.load.1{env:staging}
      by {account}","style":{"palette":"warm"}}],"title":"Widget Title","type":"distribution","show_legend":false,"time":{"live_span":"1h"}},"id":877805549485532},{"definition":{"title":"Widget
      Title","tags":["account:demo","cluster:awseb-ruthebdog-env-8-dn3m6u3gvk"],"group_by":["account","cluster"],"time":{"live_span":"1h"},"type":"check_status","check":"aws.ecs.agent_connected","grouping":"cluster"},"id":708857879324444},{"definition":{"yaxis":{"include_zero":true,"scale":"sqrt","min":"1","max":"2"},"title":"Widget
      Title","show_legend":false,"time":{"live_span":"1h"},"requests":[{"q":"avg:system.load.1{env:staging}
      by {account}","style":{"palette":"warm"}}],"type":"heatmap"},"id":2426031986882432},{"definition":{"style":{"fill_min":"10","fill_max":"20","palette":"yellow_to_green","palette_flip":true},"group":["host","region"],"title":"Widget
      Title","node_type":"container","no_metric_hosts":true,"scope":["region:us-east-1","aws_account:727006795293"],"requests":{"size":{"q":"avg:memcache.uptime{*}
      by {host}"},"fill":{"q":"avg:system.load.1{*} by {host}"}},"no_group_hosts":true,"type":"hostmap"},"id":7027999366880221},{"definition":{"tick_pos":"50%","font_size":"14","type":"note","tick_edge":"left","text_align":"center","content":"note
      text","show_tick":true,"background_color":"pink"},"id":8005456311004402},{"definition":{"autoscale":true,"title":"Widget
      Title","text_align":"right","custom_unit":"xx","precision":4,"time":{"live_span":"1h"},"requests":[{"q":"avg:system.load.1{env:staging}
      by {account}","aggregator":"sum","conditional_formats":[{"metric":"system.load.1","hide_value":false,"palette":"white_on_green","value":2,"comparator":"<"},{"metric":"system.load.1","hide_value":false,"palette":"white_on_red","value":2.2,"comparator":">"}]}],"type":"query_value"},"id":8232053180079541},{"definition":{"title":"Widget
      Title","yaxis":{"include_zero":false,"max":"2222","min":"5","scale":"log","label":"y"},"color_by_groups":["account","apm-role-group"],"xaxis":{"include_zero":true,"max":"2000","min":"1","scale":"pow","label":"x"},"time":{"live_span":"1h"},"requests":{"y":{"q":"avg:system.mem.used{*}
      by {service, account}","aggregator":"min"},"x":{"q":"avg:system.cpu.user{*}
      by {service, account}","aggregator":"max"}},"type":"scatterplot"},"id":3712627769666690},{"definition":{"title":"Widget
      Title","yaxis":{"include_zero":false,"scale":"log","max":"100"},"markers":[{"display_type":"error
      dashed","value":"y=4","label":" z=6 "},{"display_type":"ok solid","value":"10
      < y < 999","label":" x=8 "}],"events":[{"q":"sources:test tags:1"},{"q":"sources:test
      tags:2"}],"show_legend":true,"time":{"live_span":"1h"},"legend_size":"2","type":"timeseries","requests":[{"q":"avg:system.cpu.user{app:general}
      by {env}","on_right_yaxis":false,"style":{"line_width":"thin","palette":"warm","line_type":"dashed"},"display_type":"line","metadata":[{"expression":"avg:system.cpu.user{app:general}
      by {env}","alias_name":"Alpha"}]},{"on_right_yaxis":false,"display_type":"area","log_query":{"index":"mcnulty","search":{"query":"status:info"},"group_by":[{"facet":"host","sort":{"facet":"@duration","aggregation":"avg","order":"desc"},"limit":10}],"compute":{"facet":"@duration","interval":5000,"aggregation":"count"}}},{"on_right_yaxis":false,"apm_query":{"index":"apm-search","search":{"query":"type:web"},"group_by":[{"facet":"resource_name","sort":{"facet":"@string_query.interval","aggregation":"avg","order":"desc"},"limit":50}],"compute":{"facet":"@duration","interval":5000,"aggregation":"count"}},"display_type":"bars"},{"on_right_yaxis":false,"process_query":{"search_by":"error","metric":"process.stat.cpu.total_pct","limit":50,"filter_by":["active"]},"display_type":"area"},{"on_right_yaxis":false,"display_type":"bars","security_query":{"index":"signal","search":{"query":"status:(high
      OR critical)"},"group_by":[{"facet":"status"}],"compute":{"aggregation":"count"}}},{"on_right_yaxis":false,"rum_query":{"index":"rum","search":{"query":"status:info"},"group_by":[{"facet":"service"}],"compute":{"aggregation":"count"}},"display_type":"bars"}]},"id":237172632894172},{"definition":{"requests":[{"q":"avg:system.cpu.user{app:general}
      by {env}","conditional_formats":[{"palette":"white_on_green","hide_value":false,"value":2,"comparator":"<"},{"palette":"white_on_red","hide_value":false,"value":2.2,"comparator":">"}]}],"type":"toplist","title":"Widget
      Title"},"id":6176113206470684},{"definition":{"widgets":[{"definition":{"tick_pos":"50%","font_size":"16","type":"note","tick_edge":"left","text_align":"left","content":"cluster
      note widget","show_tick":false,"background_color":"yellow"},"id":2128202077366533},{"definition":{"alert_id":"123","title":"Alert
      Graph","type":"alert_graph","viz_type":"toplist","time":{"live_span":"1h"}},"id":1333000996774667}],"layout_type":"ordered","type":"group","title":"Group
      Widget"},"id":4207205733523979},{"definition":{"time_windows":["7d","previous_week"],"show_error_budget":true,"title":"Widget
      Title","view_type":"detail","slo_id":"56789","view_mode":"overall","type":"slo"},"id":2234201360565638},{"definition":{"requests":[{"q":"avg:system.load.1{env:staging}
      by {account}","aggregator":"sum","conditional_formats":[{"palette":"white_on_green","hide_value":false,"value":2,"comparator":"<"},{"palette":"white_on_red","hide_value":false,"value":2.2,"comparator":">"}],"limit":10}],"title":"Widget
      Title","type":"query_table","time":{"live_span":"1h"}},"id":7781654484524762},{"definition":{"requests":[{"apm_stats_query":{"primary_tag":"datacenter:*","name":"bar","service":"foo","row_type":"resource","env":"staging","columns":[{"name":"Hits"}]}}],"type":"query_table"},"id":3080742033443359}],"layout_type":"ordered"}'
    headers:
      Cache-Control:
      - no-cache
      Connection:
      - keep-alive
      Content-Security-Policy:
      - frame-ancestors 'self'; report-uri https://api.datadoghq.com/csp-report
      Content-Type:
      - application/json
      Date:
      - Fri, 09 Oct 2020 12:37:53 GMT
      Dd-Pool:
      - dogweb
      Pragma:
      - no-cache
      Set-Cookie:
      - DD-PSHARD=233; Max-Age=604800; Path=/; expires=Fri, 16-Oct-2020 12:37:53 GMT;
        secure; HttpOnly
      Strict-Transport-Security:
      - max-age=15724800;
      Vary:
      - Accept-Encoding
      X-Content-Type-Options:
      - nosniff
      X-Dd-Debug:
      - GmXdq+H+Q6p7yJMuasTHwpxSJUV8wn4Y1XqeQP1oLg1TTv36qgW1GB2dw8r1WUsi
      X-Dd-Version:
      - "35.3169891"
      X-Frame-Options:
      - SAMEORIGIN
    status: 200 OK
    code: 200
    duration: ""
- request:
    body: ""
    form: {}
    headers:
      Accept:
      - application/json
      Dd-Operation-Id:
      - GetDashboard
      User-Agent:
      - terraform-provider-datadog/dev (terraform 1.15.0; terraform-cli 0.12.7-sdk)
        datadog-api-client-go/1.0.0-beta.9+dev (go go1.14.2; os darwin; arch amd64)
      X-Datadog-Parent-Id:
      - "7103338238770274068"
      X-Datadog-Sampling-Priority:
      - "1"
      X-Datadog-Trace-Id:
      - "2210144423506013292"
    url: https://api.datadoghq.com/api/v1/dashboard/3yb-7yu-baw
    method: GET
  response:
    body: '{"notify_list":[],"description":"Created using the Datadog provider in
      Terraform","author_name":null,"template_variable_presets":[{"template_variables":[{"name":"var_1","value":"var_1_value"},{"name":"var_2","value":"var_2_value"}],"name":"preset_1"},{"template_variables":[{"name":"var_1","value":"var_1_value"}],"name":"preset_2"}],"template_variables":[{"default":"aws","prefix":"host","name":"var_1"},{"default":"autoscaling","prefix":"service_name","name":"var_2"}],"is_read_only":true,"id":"3yb-7yu-baw","title":"tf-TestAccDatadogDashboard_import-local-1602246891","url":"/dashboard/3yb-7yu-baw/tf-testaccdatadogdashboardimport-local-1602246891","created_at":"2020-10-09T12:37:45.934415+00:00","modified_at":"2020-10-09T12:37:45.934415+00:00","author_handle":"frog@datadoghq.com","widgets":[{"definition":{"alert_id":"895605","title":"Widget
      Title","type":"alert_graph","viz_type":"timeseries","time":{"live_span":"1h"}},"id":1397263392675228},{"definition":{"title":"Widget
      Title","text_align":"center","precision":3,"alert_id":"895605","type":"alert_value","unit":"b"},"id":575991837662964},{"definition":{"requests":[{"change_type":"absolute","order_dir":"desc","compare_to":"week_before","q":"avg:system.load.1{env:staging}
      by {account}","show_present":true,"increase_good":true,"order_by":"name"}],"title":"Widget
      Title","type":"change","time":{"live_span":"1h"}},"id":4472304980204280},{"definition":{"requests":[{"q":"avg:system.load.1{env:staging}
      by {account}","style":{"palette":"warm"}}],"title":"Widget Title","type":"distribution","show_legend":false,"time":{"live_span":"1h"}},"id":877805549485532},{"definition":{"title":"Widget
      Title","tags":["account:demo","cluster:awseb-ruthebdog-env-8-dn3m6u3gvk"],"group_by":["account","cluster"],"time":{"live_span":"1h"},"type":"check_status","check":"aws.ecs.agent_connected","grouping":"cluster"},"id":708857879324444},{"definition":{"yaxis":{"include_zero":true,"scale":"sqrt","min":"1","max":"2"},"title":"Widget
      Title","show_legend":false,"time":{"live_span":"1h"},"requests":[{"q":"avg:system.load.1{env:staging}
      by {account}","style":{"palette":"warm"}}],"type":"heatmap"},"id":2426031986882432},{"definition":{"style":{"fill_min":"10","fill_max":"20","palette":"yellow_to_green","palette_flip":true},"group":["host","region"],"title":"Widget
      Title","node_type":"container","no_metric_hosts":true,"scope":["region:us-east-1","aws_account:727006795293"],"requests":{"size":{"q":"avg:memcache.uptime{*}
      by {host}"},"fill":{"q":"avg:system.load.1{*} by {host}"}},"no_group_hosts":true,"type":"hostmap"},"id":7027999366880221},{"definition":{"tick_pos":"50%","font_size":"14","type":"note","tick_edge":"left","text_align":"center","content":"note
      text","show_tick":true,"background_color":"pink"},"id":8005456311004402},{"definition":{"autoscale":true,"title":"Widget
      Title","text_align":"right","custom_unit":"xx","precision":4,"time":{"live_span":"1h"},"requests":[{"q":"avg:system.load.1{env:staging}
      by {account}","aggregator":"sum","conditional_formats":[{"metric":"system.load.1","hide_value":false,"palette":"white_on_green","value":2,"comparator":"<"},{"metric":"system.load.1","hide_value":false,"palette":"white_on_red","value":2.2,"comparator":">"}]}],"type":"query_value"},"id":8232053180079541},{"definition":{"title":"Widget
      Title","yaxis":{"include_zero":false,"max":"2222","min":"5","scale":"log","label":"y"},"color_by_groups":["account","apm-role-group"],"xaxis":{"include_zero":true,"max":"2000","min":"1","scale":"pow","label":"x"},"time":{"live_span":"1h"},"requests":{"y":{"q":"avg:system.mem.used{*}
      by {service, account}","aggregator":"min"},"x":{"q":"avg:system.cpu.user{*}
      by {service, account}","aggregator":"max"}},"type":"scatterplot"},"id":3712627769666690},{"definition":{"title":"Widget
      Title","yaxis":{"include_zero":false,"scale":"log","max":"100"},"markers":[{"display_type":"error
      dashed","value":"y=4","label":" z=6 "},{"display_type":"ok solid","value":"10
      < y < 999","label":" x=8 "}],"events":[{"q":"sources:test tags:1"},{"q":"sources:test
      tags:2"}],"show_legend":true,"time":{"live_span":"1h"},"legend_size":"2","type":"timeseries","requests":[{"q":"avg:system.cpu.user{app:general}
      by {env}","on_right_yaxis":false,"style":{"line_width":"thin","palette":"warm","line_type":"dashed"},"display_type":"line","metadata":[{"expression":"avg:system.cpu.user{app:general}
      by {env}","alias_name":"Alpha"}]},{"on_right_yaxis":false,"display_type":"area","log_query":{"index":"mcnulty","search":{"query":"status:info"},"group_by":[{"facet":"host","sort":{"facet":"@duration","aggregation":"avg","order":"desc"},"limit":10}],"compute":{"facet":"@duration","interval":5000,"aggregation":"count"}}},{"on_right_yaxis":false,"apm_query":{"index":"apm-search","search":{"query":"type:web"},"group_by":[{"facet":"resource_name","sort":{"facet":"@string_query.interval","aggregation":"avg","order":"desc"},"limit":50}],"compute":{"facet":"@duration","interval":5000,"aggregation":"count"}},"display_type":"bars"},{"on_right_yaxis":false,"process_query":{"search_by":"error","metric":"process.stat.cpu.total_pct","limit":50,"filter_by":["active"]},"display_type":"area"},{"on_right_yaxis":false,"display_type":"bars","security_query":{"index":"signal","search":{"query":"status:(high
      OR critical)"},"group_by":[{"facet":"status"}],"compute":{"aggregation":"count"}}},{"on_right_yaxis":false,"rum_query":{"index":"rum","search":{"query":"status:info"},"group_by":[{"facet":"service"}],"compute":{"aggregation":"count"}},"display_type":"bars"}]},"id":237172632894172},{"definition":{"requests":[{"q":"avg:system.cpu.user{app:general}
      by {env}","conditional_formats":[{"palette":"white_on_green","hide_value":false,"value":2,"comparator":"<"},{"palette":"white_on_red","hide_value":false,"value":2.2,"comparator":">"}]}],"type":"toplist","title":"Widget
      Title"},"id":6176113206470684},{"definition":{"widgets":[{"definition":{"tick_pos":"50%","font_size":"16","type":"note","tick_edge":"left","text_align":"left","content":"cluster
      note widget","show_tick":false,"background_color":"yellow"},"id":2128202077366533},{"definition":{"alert_id":"123","title":"Alert
      Graph","type":"alert_graph","viz_type":"toplist","time":{"live_span":"1h"}},"id":1333000996774667}],"layout_type":"ordered","type":"group","title":"Group
      Widget"},"id":4207205733523979},{"definition":{"time_windows":["7d","previous_week"],"show_error_budget":true,"title":"Widget
      Title","view_type":"detail","slo_id":"56789","view_mode":"overall","type":"slo"},"id":2234201360565638},{"definition":{"requests":[{"q":"avg:system.load.1{env:staging}
      by {account}","aggregator":"sum","conditional_formats":[{"palette":"white_on_green","hide_value":false,"value":2,"comparator":"<"},{"palette":"white_on_red","hide_value":false,"value":2.2,"comparator":">"}],"limit":10}],"title":"Widget
      Title","type":"query_table","time":{"live_span":"1h"}},"id":7781654484524762},{"definition":{"requests":[{"apm_stats_query":{"primary_tag":"datacenter:*","name":"bar","service":"foo","row_type":"resource","env":"staging","columns":[{"name":"Hits"}]}}],"type":"query_table"},"id":3080742033443359}],"layout_type":"ordered"}'
    headers:
      Cache-Control:
      - no-cache
      Connection:
      - keep-alive
      Content-Security-Policy:
      - frame-ancestors 'self'; report-uri https://api.datadoghq.com/csp-report
      Content-Type:
      - application/json
      Date:
      - Fri, 09 Oct 2020 12:37:57 GMT
      Dd-Pool:
      - dogweb
      Pragma:
      - no-cache
      Set-Cookie:
      - DD-PSHARD=233; Max-Age=604800; Path=/; expires=Fri, 16-Oct-2020 12:37:57 GMT;
        secure; HttpOnly
      Strict-Transport-Security:
      - max-age=15724800;
      Vary:
      - Accept-Encoding
      X-Content-Type-Options:
      - nosniff
      X-Dd-Debug:
      - pU+5spIfOFTru2RhY1ezKdt9iD04gzaa+zDs5x6Ik5VkXfw5rZx6HoPylEAvTInE
      X-Dd-Version:
      - "35.3169891"
      X-Frame-Options:
      - SAMEORIGIN
    status: 200 OK
    code: 200
    duration: ""
- request:
    body: ""
    form: {}
    headers:
      Accept:
      - application/json
      Dd-Operation-Id:
      - GetDashboard
      User-Agent:
      - terraform-provider-datadog/dev (terraform 1.15.0; terraform-cli 0.12.7-sdk)
        datadog-api-client-go/1.0.0-beta.9+dev (go go1.14.2; os darwin; arch amd64)
      X-Datadog-Parent-Id:
      - "835442465348862576"
      X-Datadog-Sampling-Priority:
      - "1"
      X-Datadog-Trace-Id:
      - "2210144423506013292"
    url: https://api.datadoghq.com/api/v1/dashboard/3yb-7yu-baw
    method: GET
  response:
    body: '{"notify_list":[],"description":"Created using the Datadog provider in
      Terraform","author_name":null,"template_variable_presets":[{"template_variables":[{"name":"var_1","value":"var_1_value"},{"name":"var_2","value":"var_2_value"}],"name":"preset_1"},{"template_variables":[{"name":"var_1","value":"var_1_value"}],"name":"preset_2"}],"template_variables":[{"default":"aws","prefix":"host","name":"var_1"},{"default":"autoscaling","prefix":"service_name","name":"var_2"}],"is_read_only":true,"id":"3yb-7yu-baw","title":"tf-TestAccDatadogDashboard_import-local-1602246891","url":"/dashboard/3yb-7yu-baw/tf-testaccdatadogdashboardimport-local-1602246891","created_at":"2020-10-09T12:37:45.934415+00:00","modified_at":"2020-10-09T12:37:45.934415+00:00","author_handle":"frog@datadoghq.com","widgets":[{"definition":{"alert_id":"895605","title":"Widget
      Title","type":"alert_graph","viz_type":"timeseries","time":{"live_span":"1h"}},"id":1397263392675228},{"definition":{"title":"Widget
      Title","text_align":"center","precision":3,"alert_id":"895605","type":"alert_value","unit":"b"},"id":575991837662964},{"definition":{"requests":[{"change_type":"absolute","order_dir":"desc","compare_to":"week_before","q":"avg:system.load.1{env:staging}
      by {account}","show_present":true,"increase_good":true,"order_by":"name"}],"title":"Widget
      Title","type":"change","time":{"live_span":"1h"}},"id":4472304980204280},{"definition":{"requests":[{"q":"avg:system.load.1{env:staging}
      by {account}","style":{"palette":"warm"}}],"title":"Widget Title","type":"distribution","show_legend":false,"time":{"live_span":"1h"}},"id":877805549485532},{"definition":{"title":"Widget
      Title","tags":["account:demo","cluster:awseb-ruthebdog-env-8-dn3m6u3gvk"],"group_by":["account","cluster"],"time":{"live_span":"1h"},"type":"check_status","check":"aws.ecs.agent_connected","grouping":"cluster"},"id":708857879324444},{"definition":{"yaxis":{"include_zero":true,"scale":"sqrt","min":"1","max":"2"},"title":"Widget
      Title","show_legend":false,"time":{"live_span":"1h"},"requests":[{"q":"avg:system.load.1{env:staging}
      by {account}","style":{"palette":"warm"}}],"type":"heatmap"},"id":2426031986882432},{"definition":{"style":{"fill_min":"10","fill_max":"20","palette":"yellow_to_green","palette_flip":true},"group":["host","region"],"title":"Widget
      Title","node_type":"container","no_metric_hosts":true,"scope":["region:us-east-1","aws_account:727006795293"],"requests":{"size":{"q":"avg:memcache.uptime{*}
      by {host}"},"fill":{"q":"avg:system.load.1{*} by {host}"}},"no_group_hosts":true,"type":"hostmap"},"id":7027999366880221},{"definition":{"tick_pos":"50%","font_size":"14","type":"note","tick_edge":"left","text_align":"center","content":"note
      text","show_tick":true,"background_color":"pink"},"id":8005456311004402},{"definition":{"autoscale":true,"title":"Widget
      Title","text_align":"right","custom_unit":"xx","precision":4,"time":{"live_span":"1h"},"requests":[{"q":"avg:system.load.1{env:staging}
      by {account}","aggregator":"sum","conditional_formats":[{"metric":"system.load.1","hide_value":false,"palette":"white_on_green","value":2,"comparator":"<"},{"metric":"system.load.1","hide_value":false,"palette":"white_on_red","value":2.2,"comparator":">"}]}],"type":"query_value"},"id":8232053180079541},{"definition":{"title":"Widget
      Title","yaxis":{"include_zero":false,"max":"2222","min":"5","scale":"log","label":"y"},"color_by_groups":["account","apm-role-group"],"xaxis":{"include_zero":true,"max":"2000","min":"1","scale":"pow","label":"x"},"time":{"live_span":"1h"},"requests":{"y":{"q":"avg:system.mem.used{*}
      by {service, account}","aggregator":"min"},"x":{"q":"avg:system.cpu.user{*}
      by {service, account}","aggregator":"max"}},"type":"scatterplot"},"id":3712627769666690},{"definition":{"title":"Widget
      Title","yaxis":{"include_zero":false,"scale":"log","max":"100"},"markers":[{"display_type":"error
      dashed","value":"y=4","label":" z=6 "},{"display_type":"ok solid","value":"10
      < y < 999","label":" x=8 "}],"events":[{"q":"sources:test tags:1"},{"q":"sources:test
      tags:2"}],"show_legend":true,"time":{"live_span":"1h"},"legend_size":"2","type":"timeseries","requests":[{"q":"avg:system.cpu.user{app:general}
      by {env}","on_right_yaxis":false,"style":{"line_width":"thin","palette":"warm","line_type":"dashed"},"display_type":"line","metadata":[{"expression":"avg:system.cpu.user{app:general}
      by {env}","alias_name":"Alpha"}]},{"on_right_yaxis":false,"display_type":"area","log_query":{"index":"mcnulty","search":{"query":"status:info"},"group_by":[{"facet":"host","sort":{"facet":"@duration","aggregation":"avg","order":"desc"},"limit":10}],"compute":{"facet":"@duration","interval":5000,"aggregation":"count"}}},{"on_right_yaxis":false,"apm_query":{"index":"apm-search","search":{"query":"type:web"},"group_by":[{"facet":"resource_name","sort":{"facet":"@string_query.interval","aggregation":"avg","order":"desc"},"limit":50}],"compute":{"facet":"@duration","interval":5000,"aggregation":"count"}},"display_type":"bars"},{"on_right_yaxis":false,"process_query":{"search_by":"error","metric":"process.stat.cpu.total_pct","limit":50,"filter_by":["active"]},"display_type":"area"},{"on_right_yaxis":false,"display_type":"bars","security_query":{"index":"signal","search":{"query":"status:(high
      OR critical)"},"group_by":[{"facet":"status"}],"compute":{"aggregation":"count"}}},{"on_right_yaxis":false,"rum_query":{"index":"rum","search":{"query":"status:info"},"group_by":[{"facet":"service"}],"compute":{"aggregation":"count"}},"display_type":"bars"}]},"id":237172632894172},{"definition":{"requests":[{"q":"avg:system.cpu.user{app:general}
      by {env}","conditional_formats":[{"palette":"white_on_green","hide_value":false,"value":2,"comparator":"<"},{"palette":"white_on_red","hide_value":false,"value":2.2,"comparator":">"}]}],"type":"toplist","title":"Widget
      Title"},"id":6176113206470684},{"definition":{"widgets":[{"definition":{"tick_pos":"50%","font_size":"16","type":"note","tick_edge":"left","text_align":"left","content":"cluster
      note widget","show_tick":false,"background_color":"yellow"},"id":2128202077366533},{"definition":{"alert_id":"123","title":"Alert
      Graph","type":"alert_graph","viz_type":"toplist","time":{"live_span":"1h"}},"id":1333000996774667}],"layout_type":"ordered","type":"group","title":"Group
      Widget"},"id":4207205733523979},{"definition":{"time_windows":["7d","previous_week"],"show_error_budget":true,"title":"Widget
      Title","view_type":"detail","slo_id":"56789","view_mode":"overall","type":"slo"},"id":2234201360565638},{"definition":{"requests":[{"q":"avg:system.load.1{env:staging}
      by {account}","aggregator":"sum","conditional_formats":[{"palette":"white_on_green","hide_value":false,"value":2,"comparator":"<"},{"palette":"white_on_red","hide_value":false,"value":2.2,"comparator":">"}],"limit":10}],"title":"Widget
      Title","type":"query_table","time":{"live_span":"1h"}},"id":7781654484524762},{"definition":{"requests":[{"apm_stats_query":{"primary_tag":"datacenter:*","name":"bar","service":"foo","row_type":"resource","env":"staging","columns":[{"name":"Hits"}]}}],"type":"query_table"},"id":3080742033443359}],"layout_type":"ordered"}'
    headers:
      Cache-Control:
      - no-cache
      Connection:
      - keep-alive
      Content-Security-Policy:
      - frame-ancestors 'self'; report-uri https://api.datadoghq.com/csp-report
      Content-Type:
      - application/json
      Date:
      - Fri, 09 Oct 2020 12:37:58 GMT
      Dd-Pool:
      - dogweb
      Pragma:
      - no-cache
      Set-Cookie:
      - DD-PSHARD=233; Max-Age=604800; Path=/; expires=Fri, 16-Oct-2020 12:37:58 GMT;
        secure; HttpOnly
      Strict-Transport-Security:
      - max-age=15724800;
      Vary:
      - Accept-Encoding
      X-Content-Type-Options:
      - nosniff
      X-Dd-Debug:
      - qQXsO+f4B3HCvLT+wx7LVBDCKoA9+mEzcYYTapfT4+npOWtAMz9R4B+8HSWkVhsm
      X-Dd-Version:
      - "35.3169891"
      X-Frame-Options:
      - SAMEORIGIN
    status: 200 OK
    code: 200
    duration: ""
- request:
    body: ""
    form: {}
    headers:
      Accept:
      - application/json
      Dd-Operation-Id:
      - GetDashboard
      User-Agent:
      - terraform-provider-datadog/dev (terraform 1.15.0; terraform-cli 0.12.7-sdk)
        datadog-api-client-go/1.0.0-beta.9+dev (go go1.14.2; os darwin; arch amd64)
      X-Datadog-Parent-Id:
      - "6971019594733137346"
      X-Datadog-Sampling-Priority:
      - "1"
      X-Datadog-Trace-Id:
      - "2210144423506013292"
    url: https://api.datadoghq.com/api/v1/dashboard/3yb-7yu-baw
    method: GET
  response:
    body: '{"notify_list":[],"description":"Created using the Datadog provider in
      Terraform","author_name":null,"template_variable_presets":[{"template_variables":[{"name":"var_1","value":"var_1_value"},{"name":"var_2","value":"var_2_value"}],"name":"preset_1"},{"template_variables":[{"name":"var_1","value":"var_1_value"}],"name":"preset_2"}],"template_variables":[{"default":"aws","prefix":"host","name":"var_1"},{"default":"autoscaling","prefix":"service_name","name":"var_2"}],"is_read_only":true,"id":"3yb-7yu-baw","title":"tf-TestAccDatadogDashboard_import-local-1602246891","url":"/dashboard/3yb-7yu-baw/tf-testaccdatadogdashboardimport-local-1602246891","created_at":"2020-10-09T12:37:45.934415+00:00","modified_at":"2020-10-09T12:37:45.934415+00:00","author_handle":"frog@datadoghq.com","widgets":[{"definition":{"alert_id":"895605","title":"Widget
      Title","type":"alert_graph","viz_type":"timeseries","time":{"live_span":"1h"}},"id":1397263392675228},{"definition":{"title":"Widget
      Title","text_align":"center","precision":3,"alert_id":"895605","type":"alert_value","unit":"b"},"id":575991837662964},{"definition":{"requests":[{"change_type":"absolute","order_dir":"desc","compare_to":"week_before","q":"avg:system.load.1{env:staging}
      by {account}","show_present":true,"increase_good":true,"order_by":"name"}],"title":"Widget
      Title","type":"change","time":{"live_span":"1h"}},"id":4472304980204280},{"definition":{"requests":[{"q":"avg:system.load.1{env:staging}
      by {account}","style":{"palette":"warm"}}],"title":"Widget Title","type":"distribution","show_legend":false,"time":{"live_span":"1h"}},"id":877805549485532},{"definition":{"title":"Widget
      Title","tags":["account:demo","cluster:awseb-ruthebdog-env-8-dn3m6u3gvk"],"group_by":["account","cluster"],"time":{"live_span":"1h"},"type":"check_status","check":"aws.ecs.agent_connected","grouping":"cluster"},"id":708857879324444},{"definition":{"yaxis":{"include_zero":true,"scale":"sqrt","min":"1","max":"2"},"title":"Widget
      Title","show_legend":false,"time":{"live_span":"1h"},"requests":[{"q":"avg:system.load.1{env:staging}
      by {account}","style":{"palette":"warm"}}],"type":"heatmap"},"id":2426031986882432},{"definition":{"style":{"fill_min":"10","fill_max":"20","palette":"yellow_to_green","palette_flip":true},"group":["host","region"],"title":"Widget
      Title","node_type":"container","no_metric_hosts":true,"scope":["region:us-east-1","aws_account:727006795293"],"requests":{"size":{"q":"avg:memcache.uptime{*}
      by {host}"},"fill":{"q":"avg:system.load.1{*} by {host}"}},"no_group_hosts":true,"type":"hostmap"},"id":7027999366880221},{"definition":{"tick_pos":"50%","font_size":"14","type":"note","tick_edge":"left","text_align":"center","content":"note
      text","show_tick":true,"background_color":"pink"},"id":8005456311004402},{"definition":{"autoscale":true,"title":"Widget
      Title","text_align":"right","custom_unit":"xx","precision":4,"time":{"live_span":"1h"},"requests":[{"q":"avg:system.load.1{env:staging}
      by {account}","aggregator":"sum","conditional_formats":[{"metric":"system.load.1","hide_value":false,"palette":"white_on_green","value":2,"comparator":"<"},{"metric":"system.load.1","hide_value":false,"palette":"white_on_red","value":2.2,"comparator":">"}]}],"type":"query_value"},"id":8232053180079541},{"definition":{"title":"Widget
      Title","yaxis":{"include_zero":false,"max":"2222","min":"5","scale":"log","label":"y"},"color_by_groups":["account","apm-role-group"],"xaxis":{"include_zero":true,"max":"2000","min":"1","scale":"pow","label":"x"},"time":{"live_span":"1h"},"requests":{"y":{"q":"avg:system.mem.used{*}
      by {service, account}","aggregator":"min"},"x":{"q":"avg:system.cpu.user{*}
      by {service, account}","aggregator":"max"}},"type":"scatterplot"},"id":3712627769666690},{"definition":{"title":"Widget
      Title","yaxis":{"include_zero":false,"scale":"log","max":"100"},"markers":[{"display_type":"error
      dashed","value":"y=4","label":" z=6 "},{"display_type":"ok solid","value":"10
      < y < 999","label":" x=8 "}],"events":[{"q":"sources:test tags:1"},{"q":"sources:test
      tags:2"}],"show_legend":true,"time":{"live_span":"1h"},"legend_size":"2","type":"timeseries","requests":[{"q":"avg:system.cpu.user{app:general}
      by {env}","on_right_yaxis":false,"style":{"line_width":"thin","palette":"warm","line_type":"dashed"},"display_type":"line","metadata":[{"expression":"avg:system.cpu.user{app:general}
      by {env}","alias_name":"Alpha"}]},{"on_right_yaxis":false,"display_type":"area","log_query":{"index":"mcnulty","search":{"query":"status:info"},"group_by":[{"facet":"host","sort":{"facet":"@duration","aggregation":"avg","order":"desc"},"limit":10}],"compute":{"facet":"@duration","interval":5000,"aggregation":"count"}}},{"on_right_yaxis":false,"apm_query":{"index":"apm-search","search":{"query":"type:web"},"group_by":[{"facet":"resource_name","sort":{"facet":"@string_query.interval","aggregation":"avg","order":"desc"},"limit":50}],"compute":{"facet":"@duration","interval":5000,"aggregation":"count"}},"display_type":"bars"},{"on_right_yaxis":false,"process_query":{"search_by":"error","metric":"process.stat.cpu.total_pct","limit":50,"filter_by":["active"]},"display_type":"area"},{"on_right_yaxis":false,"display_type":"bars","security_query":{"index":"signal","search":{"query":"status:(high
      OR critical)"},"group_by":[{"facet":"status"}],"compute":{"aggregation":"count"}}},{"on_right_yaxis":false,"rum_query":{"index":"rum","search":{"query":"status:info"},"group_by":[{"facet":"service"}],"compute":{"aggregation":"count"}},"display_type":"bars"}]},"id":237172632894172},{"definition":{"requests":[{"q":"avg:system.cpu.user{app:general}
      by {env}","conditional_formats":[{"palette":"white_on_green","hide_value":false,"value":2,"comparator":"<"},{"palette":"white_on_red","hide_value":false,"value":2.2,"comparator":">"}]}],"type":"toplist","title":"Widget
      Title"},"id":6176113206470684},{"definition":{"widgets":[{"definition":{"tick_pos":"50%","font_size":"16","type":"note","tick_edge":"left","text_align":"left","content":"cluster
      note widget","show_tick":false,"background_color":"yellow"},"id":2128202077366533},{"definition":{"alert_id":"123","title":"Alert
      Graph","type":"alert_graph","viz_type":"toplist","time":{"live_span":"1h"}},"id":1333000996774667}],"layout_type":"ordered","type":"group","title":"Group
      Widget"},"id":4207205733523979},{"definition":{"time_windows":["7d","previous_week"],"show_error_budget":true,"title":"Widget
      Title","view_type":"detail","slo_id":"56789","view_mode":"overall","type":"slo"},"id":2234201360565638},{"definition":{"requests":[{"q":"avg:system.load.1{env:staging}
      by {account}","aggregator":"sum","conditional_formats":[{"palette":"white_on_green","hide_value":false,"value":2,"comparator":"<"},{"palette":"white_on_red","hide_value":false,"value":2.2,"comparator":">"}],"limit":10}],"title":"Widget
      Title","type":"query_table","time":{"live_span":"1h"}},"id":7781654484524762},{"definition":{"requests":[{"apm_stats_query":{"primary_tag":"datacenter:*","name":"bar","service":"foo","row_type":"resource","env":"staging","columns":[{"name":"Hits"}]}}],"type":"query_table"},"id":3080742033443359}],"layout_type":"ordered"}'
    headers:
      Cache-Control:
      - no-cache
      Connection:
      - keep-alive
      Content-Security-Policy:
      - frame-ancestors 'self'; report-uri https://api.datadoghq.com/csp-report
      Content-Type:
      - application/json
      Date:
      - Fri, 09 Oct 2020 12:37:58 GMT
      Dd-Pool:
      - dogweb
      Pragma:
      - no-cache
      Set-Cookie:
      - DD-PSHARD=233; Max-Age=604800; Path=/; expires=Fri, 16-Oct-2020 12:37:58 GMT;
        secure; HttpOnly
      Strict-Transport-Security:
      - max-age=15724800;
      Vary:
      - Accept-Encoding
      X-Content-Type-Options:
      - nosniff
      X-Dd-Debug:
      - 84uqub9zpmlgg8irRO/sOXYuWjXevKJ3PeFDkydS20gUrNiRDeiB84n5Q67dF4oL
      X-Dd-Version:
      - "35.3169891"
      X-Frame-Options:
      - SAMEORIGIN
    status: 200 OK
    code: 200
    duration: ""
- request:
    body: ""
    form: {}
    headers:
      Accept:
      - application/json
      Dd-Operation-Id:
      - GetDashboard
      User-Agent:
      - terraform-provider-datadog/dev (terraform 1.15.0; terraform-cli 0.12.7-sdk)
        datadog-api-client-go/1.0.0-beta.9+dev (go go1.14.2; os darwin; arch amd64)
      X-Datadog-Parent-Id:
      - "8575229482909732541"
      X-Datadog-Sampling-Priority:
      - "1"
      X-Datadog-Trace-Id:
      - "2210144423506013292"
    url: https://api.datadoghq.com/api/v1/dashboard/3yb-7yu-baw
    method: GET
  response:
    body: '{"notify_list":[],"description":"Created using the Datadog provider in
      Terraform","author_name":null,"template_variable_presets":[{"template_variables":[{"name":"var_1","value":"var_1_value"},{"name":"var_2","value":"var_2_value"}],"name":"preset_1"},{"template_variables":[{"name":"var_1","value":"var_1_value"}],"name":"preset_2"}],"template_variables":[{"default":"aws","prefix":"host","name":"var_1"},{"default":"autoscaling","prefix":"service_name","name":"var_2"}],"is_read_only":true,"id":"3yb-7yu-baw","title":"tf-TestAccDatadogDashboard_import-local-1602246891","url":"/dashboard/3yb-7yu-baw/tf-testaccdatadogdashboardimport-local-1602246891","created_at":"2020-10-09T12:37:45.934415+00:00","modified_at":"2020-10-09T12:37:45.934415+00:00","author_handle":"frog@datadoghq.com","widgets":[{"definition":{"alert_id":"895605","title":"Widget
      Title","type":"alert_graph","viz_type":"timeseries","time":{"live_span":"1h"}},"id":1397263392675228},{"definition":{"title":"Widget
      Title","text_align":"center","precision":3,"alert_id":"895605","type":"alert_value","unit":"b"},"id":575991837662964},{"definition":{"requests":[{"change_type":"absolute","order_dir":"desc","compare_to":"week_before","q":"avg:system.load.1{env:staging}
      by {account}","show_present":true,"increase_good":true,"order_by":"name"}],"title":"Widget
      Title","type":"change","time":{"live_span":"1h"}},"id":4472304980204280},{"definition":{"requests":[{"q":"avg:system.load.1{env:staging}
      by {account}","style":{"palette":"warm"}}],"title":"Widget Title","type":"distribution","show_legend":false,"time":{"live_span":"1h"}},"id":877805549485532},{"definition":{"title":"Widget
      Title","tags":["account:demo","cluster:awseb-ruthebdog-env-8-dn3m6u3gvk"],"group_by":["account","cluster"],"time":{"live_span":"1h"},"type":"check_status","check":"aws.ecs.agent_connected","grouping":"cluster"},"id":708857879324444},{"definition":{"yaxis":{"include_zero":true,"scale":"sqrt","min":"1","max":"2"},"title":"Widget
      Title","show_legend":false,"time":{"live_span":"1h"},"requests":[{"q":"avg:system.load.1{env:staging}
      by {account}","style":{"palette":"warm"}}],"type":"heatmap"},"id":2426031986882432},{"definition":{"style":{"fill_min":"10","fill_max":"20","palette":"yellow_to_green","palette_flip":true},"group":["host","region"],"title":"Widget
      Title","node_type":"container","no_metric_hosts":true,"scope":["region:us-east-1","aws_account:727006795293"],"requests":{"size":{"q":"avg:memcache.uptime{*}
      by {host}"},"fill":{"q":"avg:system.load.1{*} by {host}"}},"no_group_hosts":true,"type":"hostmap"},"id":7027999366880221},{"definition":{"tick_pos":"50%","font_size":"14","type":"note","tick_edge":"left","text_align":"center","content":"note
      text","show_tick":true,"background_color":"pink"},"id":8005456311004402},{"definition":{"autoscale":true,"title":"Widget
      Title","text_align":"right","custom_unit":"xx","precision":4,"time":{"live_span":"1h"},"requests":[{"q":"avg:system.load.1{env:staging}
      by {account}","aggregator":"sum","conditional_formats":[{"metric":"system.load.1","hide_value":false,"palette":"white_on_green","value":2,"comparator":"<"},{"metric":"system.load.1","hide_value":false,"palette":"white_on_red","value":2.2,"comparator":">"}]}],"type":"query_value"},"id":8232053180079541},{"definition":{"title":"Widget
      Title","yaxis":{"include_zero":false,"max":"2222","min":"5","scale":"log","label":"y"},"color_by_groups":["account","apm-role-group"],"xaxis":{"include_zero":true,"max":"2000","min":"1","scale":"pow","label":"x"},"time":{"live_span":"1h"},"requests":{"y":{"q":"avg:system.mem.used{*}
      by {service, account}","aggregator":"min"},"x":{"q":"avg:system.cpu.user{*}
      by {service, account}","aggregator":"max"}},"type":"scatterplot"},"id":3712627769666690},{"definition":{"title":"Widget
      Title","yaxis":{"include_zero":false,"scale":"log","max":"100"},"markers":[{"display_type":"error
      dashed","value":"y=4","label":" z=6 "},{"display_type":"ok solid","value":"10
      < y < 999","label":" x=8 "}],"events":[{"q":"sources:test tags:1"},{"q":"sources:test
      tags:2"}],"show_legend":true,"time":{"live_span":"1h"},"legend_size":"2","type":"timeseries","requests":[{"q":"avg:system.cpu.user{app:general}
      by {env}","on_right_yaxis":false,"style":{"line_width":"thin","palette":"warm","line_type":"dashed"},"display_type":"line","metadata":[{"expression":"avg:system.cpu.user{app:general}
      by {env}","alias_name":"Alpha"}]},{"on_right_yaxis":false,"display_type":"area","log_query":{"index":"mcnulty","search":{"query":"status:info"},"group_by":[{"facet":"host","sort":{"facet":"@duration","aggregation":"avg","order":"desc"},"limit":10}],"compute":{"facet":"@duration","interval":5000,"aggregation":"count"}}},{"on_right_yaxis":false,"apm_query":{"index":"apm-search","search":{"query":"type:web"},"group_by":[{"facet":"resource_name","sort":{"facet":"@string_query.interval","aggregation":"avg","order":"desc"},"limit":50}],"compute":{"facet":"@duration","interval":5000,"aggregation":"count"}},"display_type":"bars"},{"on_right_yaxis":false,"process_query":{"search_by":"error","metric":"process.stat.cpu.total_pct","limit":50,"filter_by":["active"]},"display_type":"area"},{"on_right_yaxis":false,"display_type":"bars","security_query":{"index":"signal","search":{"query":"status:(high
      OR critical)"},"group_by":[{"facet":"status"}],"compute":{"aggregation":"count"}}},{"on_right_yaxis":false,"rum_query":{"index":"rum","search":{"query":"status:info"},"group_by":[{"facet":"service"}],"compute":{"aggregation":"count"}},"display_type":"bars"}]},"id":237172632894172},{"definition":{"requests":[{"q":"avg:system.cpu.user{app:general}
      by {env}","conditional_formats":[{"palette":"white_on_green","hide_value":false,"value":2,"comparator":"<"},{"palette":"white_on_red","hide_value":false,"value":2.2,"comparator":">"}]}],"type":"toplist","title":"Widget
      Title"},"id":6176113206470684},{"definition":{"widgets":[{"definition":{"tick_pos":"50%","font_size":"16","type":"note","tick_edge":"left","text_align":"left","content":"cluster
      note widget","show_tick":false,"background_color":"yellow"},"id":2128202077366533},{"definition":{"alert_id":"123","title":"Alert
      Graph","type":"alert_graph","viz_type":"toplist","time":{"live_span":"1h"}},"id":1333000996774667}],"layout_type":"ordered","type":"group","title":"Group
      Widget"},"id":4207205733523979},{"definition":{"time_windows":["7d","previous_week"],"show_error_budget":true,"title":"Widget
      Title","view_type":"detail","slo_id":"56789","view_mode":"overall","type":"slo"},"id":2234201360565638},{"definition":{"requests":[{"q":"avg:system.load.1{env:staging}
      by {account}","aggregator":"sum","conditional_formats":[{"palette":"white_on_green","hide_value":false,"value":2,"comparator":"<"},{"palette":"white_on_red","hide_value":false,"value":2.2,"comparator":">"}],"limit":10}],"title":"Widget
      Title","type":"query_table","time":{"live_span":"1h"}},"id":7781654484524762},{"definition":{"requests":[{"apm_stats_query":{"primary_tag":"datacenter:*","name":"bar","service":"foo","row_type":"resource","env":"staging","columns":[{"name":"Hits"}]}}],"type":"query_table"},"id":3080742033443359}],"layout_type":"ordered"}'
    headers:
      Cache-Control:
      - no-cache
      Connection:
      - keep-alive
      Content-Security-Policy:
      - frame-ancestors 'self'; report-uri https://api.datadoghq.com/csp-report
      Content-Type:
      - application/json
      Date:
      - Fri, 09 Oct 2020 12:38:01 GMT
      Dd-Pool:
      - dogweb
      Pragma:
      - no-cache
      Set-Cookie:
      - DD-PSHARD=233; Max-Age=604800; Path=/; expires=Fri, 16-Oct-2020 12:38:00 GMT;
        secure; HttpOnly
      Strict-Transport-Security:
      - max-age=15724800;
      Vary:
      - Accept-Encoding
      X-Content-Type-Options:
      - nosniff
      X-Dd-Debug:
      - hkXZRrnCTh2pkyHJgLo1+B5+sLp+RYzQrqT867R6UzDvqVGo8Av8yUCpaA0POidP
      X-Dd-Version:
      - "35.3169891"
      X-Frame-Options:
      - SAMEORIGIN
    status: 200 OK
    code: 200
    duration: ""
- request:
    body: ""
    form: {}
    headers:
      Accept:
      - application/json
      Dd-Operation-Id:
      - GetDashboard
      User-Agent:
      - terraform-provider-datadog/dev (terraform 1.15.0; terraform-cli 0.12.7-sdk)
        datadog-api-client-go/1.0.0-beta.9+dev (go go1.14.2; os darwin; arch amd64)
      X-Datadog-Parent-Id:
      - "8187222617378876836"
      X-Datadog-Sampling-Priority:
      - "1"
      X-Datadog-Trace-Id:
      - "2210144423506013292"
    url: https://api.datadoghq.com/api/v1/dashboard/3yb-7yu-baw
    method: GET
  response:
    body: '{"notify_list":[],"description":"Created using the Datadog provider in
      Terraform","author_name":null,"template_variable_presets":[{"template_variables":[{"name":"var_1","value":"var_1_value"},{"name":"var_2","value":"var_2_value"}],"name":"preset_1"},{"template_variables":[{"name":"var_1","value":"var_1_value"}],"name":"preset_2"}],"template_variables":[{"default":"aws","prefix":"host","name":"var_1"},{"default":"autoscaling","prefix":"service_name","name":"var_2"}],"is_read_only":true,"id":"3yb-7yu-baw","title":"tf-TestAccDatadogDashboard_import-local-1602246891","url":"/dashboard/3yb-7yu-baw/tf-testaccdatadogdashboardimport-local-1602246891","created_at":"2020-10-09T12:37:45.934415+00:00","modified_at":"2020-10-09T12:37:45.934415+00:00","author_handle":"frog@datadoghq.com","widgets":[{"definition":{"alert_id":"895605","title":"Widget
      Title","type":"alert_graph","viz_type":"timeseries","time":{"live_span":"1h"}},"id":1397263392675228},{"definition":{"title":"Widget
      Title","text_align":"center","precision":3,"alert_id":"895605","type":"alert_value","unit":"b"},"id":575991837662964},{"definition":{"requests":[{"change_type":"absolute","order_dir":"desc","compare_to":"week_before","q":"avg:system.load.1{env:staging}
      by {account}","show_present":true,"increase_good":true,"order_by":"name"}],"title":"Widget
      Title","type":"change","time":{"live_span":"1h"}},"id":4472304980204280},{"definition":{"requests":[{"q":"avg:system.load.1{env:staging}
      by {account}","style":{"palette":"warm"}}],"title":"Widget Title","type":"distribution","show_legend":false,"time":{"live_span":"1h"}},"id":877805549485532},{"definition":{"title":"Widget
      Title","tags":["account:demo","cluster:awseb-ruthebdog-env-8-dn3m6u3gvk"],"group_by":["account","cluster"],"time":{"live_span":"1h"},"type":"check_status","check":"aws.ecs.agent_connected","grouping":"cluster"},"id":708857879324444},{"definition":{"yaxis":{"include_zero":true,"scale":"sqrt","min":"1","max":"2"},"title":"Widget
      Title","show_legend":false,"time":{"live_span":"1h"},"requests":[{"q":"avg:system.load.1{env:staging}
      by {account}","style":{"palette":"warm"}}],"type":"heatmap"},"id":2426031986882432},{"definition":{"style":{"fill_min":"10","fill_max":"20","palette":"yellow_to_green","palette_flip":true},"group":["host","region"],"title":"Widget
      Title","node_type":"container","no_metric_hosts":true,"scope":["region:us-east-1","aws_account:727006795293"],"requests":{"size":{"q":"avg:memcache.uptime{*}
      by {host}"},"fill":{"q":"avg:system.load.1{*} by {host}"}},"no_group_hosts":true,"type":"hostmap"},"id":7027999366880221},{"definition":{"tick_pos":"50%","font_size":"14","type":"note","tick_edge":"left","text_align":"center","content":"note
      text","show_tick":true,"background_color":"pink"},"id":8005456311004402},{"definition":{"autoscale":true,"title":"Widget
      Title","text_align":"right","custom_unit":"xx","precision":4,"time":{"live_span":"1h"},"requests":[{"q":"avg:system.load.1{env:staging}
      by {account}","aggregator":"sum","conditional_formats":[{"metric":"system.load.1","hide_value":false,"palette":"white_on_green","value":2,"comparator":"<"},{"metric":"system.load.1","hide_value":false,"palette":"white_on_red","value":2.2,"comparator":">"}]}],"type":"query_value"},"id":8232053180079541},{"definition":{"title":"Widget
      Title","yaxis":{"include_zero":false,"max":"2222","min":"5","scale":"log","label":"y"},"color_by_groups":["account","apm-role-group"],"xaxis":{"include_zero":true,"max":"2000","min":"1","scale":"pow","label":"x"},"time":{"live_span":"1h"},"requests":{"y":{"q":"avg:system.mem.used{*}
      by {service, account}","aggregator":"min"},"x":{"q":"avg:system.cpu.user{*}
      by {service, account}","aggregator":"max"}},"type":"scatterplot"},"id":3712627769666690},{"definition":{"title":"Widget
      Title","yaxis":{"include_zero":false,"scale":"log","max":"100"},"markers":[{"display_type":"error
      dashed","value":"y=4","label":" z=6 "},{"display_type":"ok solid","value":"10
      < y < 999","label":" x=8 "}],"events":[{"q":"sources:test tags:1"},{"q":"sources:test
      tags:2"}],"show_legend":true,"time":{"live_span":"1h"},"legend_size":"2","type":"timeseries","requests":[{"q":"avg:system.cpu.user{app:general}
      by {env}","on_right_yaxis":false,"style":{"line_width":"thin","palette":"warm","line_type":"dashed"},"display_type":"line","metadata":[{"expression":"avg:system.cpu.user{app:general}
      by {env}","alias_name":"Alpha"}]},{"on_right_yaxis":false,"display_type":"area","log_query":{"index":"mcnulty","search":{"query":"status:info"},"group_by":[{"facet":"host","sort":{"facet":"@duration","aggregation":"avg","order":"desc"},"limit":10}],"compute":{"facet":"@duration","interval":5000,"aggregation":"count"}}},{"on_right_yaxis":false,"apm_query":{"index":"apm-search","search":{"query":"type:web"},"group_by":[{"facet":"resource_name","sort":{"facet":"@string_query.interval","aggregation":"avg","order":"desc"},"limit":50}],"compute":{"facet":"@duration","interval":5000,"aggregation":"count"}},"display_type":"bars"},{"on_right_yaxis":false,"process_query":{"search_by":"error","metric":"process.stat.cpu.total_pct","limit":50,"filter_by":["active"]},"display_type":"area"},{"on_right_yaxis":false,"display_type":"bars","security_query":{"index":"signal","search":{"query":"status:(high
      OR critical)"},"group_by":[{"facet":"status"}],"compute":{"aggregation":"count"}}},{"on_right_yaxis":false,"rum_query":{"index":"rum","search":{"query":"status:info"},"group_by":[{"facet":"service"}],"compute":{"aggregation":"count"}},"display_type":"bars"}]},"id":237172632894172},{"definition":{"requests":[{"q":"avg:system.cpu.user{app:general}
      by {env}","conditional_formats":[{"palette":"white_on_green","hide_value":false,"value":2,"comparator":"<"},{"palette":"white_on_red","hide_value":false,"value":2.2,"comparator":">"}]}],"type":"toplist","title":"Widget
      Title"},"id":6176113206470684},{"definition":{"widgets":[{"definition":{"tick_pos":"50%","font_size":"16","type":"note","tick_edge":"left","text_align":"left","content":"cluster
      note widget","show_tick":false,"background_color":"yellow"},"id":2128202077366533},{"definition":{"alert_id":"123","title":"Alert
      Graph","type":"alert_graph","viz_type":"toplist","time":{"live_span":"1h"}},"id":1333000996774667}],"layout_type":"ordered","type":"group","title":"Group
      Widget"},"id":4207205733523979},{"definition":{"time_windows":["7d","previous_week"],"show_error_budget":true,"title":"Widget
      Title","view_type":"detail","slo_id":"56789","view_mode":"overall","type":"slo"},"id":2234201360565638},{"definition":{"requests":[{"q":"avg:system.load.1{env:staging}
      by {account}","aggregator":"sum","conditional_formats":[{"palette":"white_on_green","hide_value":false,"value":2,"comparator":"<"},{"palette":"white_on_red","hide_value":false,"value":2.2,"comparator":">"}],"limit":10}],"title":"Widget
      Title","type":"query_table","time":{"live_span":"1h"}},"id":7781654484524762},{"definition":{"requests":[{"apm_stats_query":{"primary_tag":"datacenter:*","name":"bar","service":"foo","row_type":"resource","env":"staging","columns":[{"name":"Hits"}]}}],"type":"query_table"},"id":3080742033443359}],"layout_type":"ordered"}'
    headers:
      Cache-Control:
      - no-cache
      Connection:
      - keep-alive
      Content-Security-Policy:
      - frame-ancestors 'self'; report-uri https://api.datadoghq.com/csp-report
      Content-Type:
      - application/json
      Date:
      - Fri, 09 Oct 2020 12:38:01 GMT
      Dd-Pool:
      - dogweb
      Pragma:
      - no-cache
      Set-Cookie:
      - DD-PSHARD=233; Max-Age=604800; Path=/; expires=Fri, 16-Oct-2020 12:38:01 GMT;
        secure; HttpOnly
      Strict-Transport-Security:
      - max-age=15724800;
      Vary:
      - Accept-Encoding
      X-Content-Type-Options:
      - nosniff
      X-Dd-Debug:
      - /AIuUBUzXheMzx1cvxhB+WjJEVZnNytkpRgIpTWZSwENaLk6ZqapvZetzfxbHHYM
      X-Dd-Version:
      - "35.3169891"
      X-Frame-Options:
      - SAMEORIGIN
    status: 200 OK
    code: 200
    duration: ""
- request:
    body: |
      {"description":"Created using the Datadog provider in Terraform","id":"","layout_type":"free","notify_list":[],"template_variable_presets":[{"name":"preset_1","template_variables":[{"name":"var_1","value":"var_1_value"},{"name":"var_2","value":"var_2_value"}]},{"name":"preset_2","template_variables":[{"name":"var_1","value":"var_1_value"}]}],"template_variables":[{"default":"aws","name":"var_1","prefix":"host"},{"default":"autoscaling","name":"var_2","prefix":"service_name"}],"title":"tf-TestAccDatadogDashboard_import-local-1602246891","widgets":[{"definition":{"event_size":"l","query":"*","time":{"live_span":"1h"},"title":"Widget Title","title_align":"left","title_size":"16","type":"event_stream"},"layout":{"height":43,"width":32,"x":5,"y":5}},{"definition":{"query":"*","time":{"live_span":"1h"},"title":"Widget Title","title_align":"left","title_size":"16","type":"event_timeline"},"layout":{"height":9,"width":65,"x":42,"y":73}},{"definition":{"color":"#d00","font_size":"88","text":"free text content","text_align":"left","type":"free_text"},"layout":{"height":20,"width":30,"x":42,"y":5}},{"definition":{"type":"iframe","url":"http://google.com"},"layout":{"height":46,"width":39,"x":111,"y":8}},{"definition":{"margin":"small","sizing":"fit","type":"image","url":"https://images.pexels.com/photos/67636/rose-blue-flower-rose-blooms-67636.jpeg?auto=compress\u0026cs=tinysrgb\u0026h=350"},"layout":{"height":20,"width":30,"x":77,"y":7}},{"definition":{"columns":["core_host","core_service","tag_source"],"indexes":[],"logset":"19","message_display":"expanded-md","query":"error","show_date_column":true,"show_message_column":true,"sort":{"column":"time","order":"desc"},"type":"log_stream"},"layout":{"height":36,"width":32,"x":5,"y":51}},{"definition":{"color_preference":"text","count":50,"display_format":"countsAndList","hide_zero_counts":true,"query":"type:metric","show_last_triggered":true,"sort":"status,asc","start":0,"summary_type":"monitors","title":"Widget Title","title_align":"left","title_size":"16","type":"manage_status"},"layout":{"height":40,"width":30,"x":112,"y":55}},{"definition":{"display_format":"three_column","env":"datad0g.com","service":"alerting-cassandra","show_breakdown":true,"show_distribution":true,"show_errors":true,"show_hits":true,"show_latency":false,"show_resource_list":false,"size_format":"large","span_name":"cassandra.query","time":{"live_span":"1h"},"title":"alerting-cassandra #env:datad0g.com","title_align":"center","title_size":"13","type":"trace_service"},"layout":{"height":38,"width":67,"x":40,"y":28}}]}
    form: {}
    headers:
      Accept:
      - application/json
      Content-Type:
      - application/json
      Dd-Operation-Id:
      - CreateDashboard
      User-Agent:
      - terraform-provider-datadog/dev (terraform 1.15.0; terraform-cli 0.12.7-sdk)
        datadog-api-client-go/1.0.0-beta.9+dev (go go1.14.2; os darwin; arch amd64)
      X-Datadog-Parent-Id:
      - "1437093923348342617"
      X-Datadog-Sampling-Priority:
      - "1"
      X-Datadog-Trace-Id:
      - "2210144423506013292"
    url: https://api.datadoghq.com/api/v1/dashboard
    method: POST
  response:
    body: '{"notify_list":[],"description":"Created using the Datadog provider in
      Terraform","author_name":null,"template_variable_presets":[{"template_variables":[{"name":"var_1","value":"var_1_value"},{"name":"var_2","value":"var_2_value"}],"name":"preset_1"},{"template_variables":[{"name":"var_1","value":"var_1_value"}],"name":"preset_2"}],"template_variables":[{"default":"aws","prefix":"host","name":"var_1"},{"default":"autoscaling","prefix":"service_name","name":"var_2"}],"is_read_only":false,"id":"hhx-4t3-d2u","title":"tf-TestAccDatadogDashboard_import-local-1602246891","url":"/dashboard/hhx-4t3-d2u/tf-testaccdatadogdashboardimport-local-1602246891","created_at":"2020-10-09T12:38:05.669490+00:00","modified_at":"2020-10-09T12:38:05.669490+00:00","author_handle":"frog@datadoghq.com","widgets":[{"definition":{"title_size":"16","title":"Widget
      Title","title_align":"left","time":{"live_span":"1h"},"query":"*","type":"event_stream","event_size":"l"},"layout":{"y":5,"width":32,"x":5,"height":43},"id":1827583219263650},{"definition":{"title_size":"16","title":"Widget
      Title","title_align":"left","time":{"live_span":"1h"},"query":"*","type":"event_timeline"},"layout":{"y":73,"width":65,"x":42,"height":9},"id":1480464903098346},{"definition":{"color":"#d00","text":"free
      text content","font_size":"88","text_align":"left","type":"free_text"},"layout":{"y":5,"width":30,"x":42,"height":20},"id":1446581614924829},{"definition":{"url":"http://google.com","type":"iframe"},"layout":{"y":8,"width":39,"x":111,"height":46},"id":4772290937539134},{"definition":{"sizing":"fit","type":"image","margin":"small","url":"https://images.pexels.com/photos/67636/rose-blue-flower-rose-blooms-67636.jpeg?auto=compress&cs=tinysrgb&h=350"},"layout":{"y":7,"width":30,"x":77,"height":20},"id":6054419131608932},{"definition":{"logset":"19","sort":{"column":"time","order":"desc"},"show_message_column":true,"show_date_column":true,"message_display":"expanded-md","indexes":[],"query":"error","type":"log_stream","columns":["core_host","core_service","tag_source"]},"layout":{"y":51,"width":32,"x":5,"height":36},"id":460402236551244},{"definition":{"count":50,"sort":"status,asc","title_size":"16","title":"Widget
      Title","title_align":"left","hide_zero_counts":true,"start":0,"summary_type":"monitors","color_preference":"text","query":"type:metric","show_last_triggered":true,"type":"manage_status","display_format":"countsAndList"},"layout":{"y":55,"width":30,"x":112,"height":40},"id":2711907691215077},{"definition":{"span_name":"cassandra.query","title_size":"13","service":"alerting-cassandra","title":"alerting-cassandra
      #env:datad0g.com","size_format":"large","show_hits":true,"title_align":"center","show_errors":true,"show_breakdown":true,"type":"trace_service","env":"datad0g.com","time":{"live_span":"1h"},"show_distribution":true,"display_format":"three_column","show_latency":false,"show_resource_list":false},"layout":{"y":28,"width":67,"x":40,"height":38},"id":1993965232006590}],"layout_type":"free"}'
    headers:
      Cache-Control:
      - no-cache
      Connection:
      - keep-alive
      Content-Security-Policy:
      - frame-ancestors 'self'; report-uri https://api.datadoghq.com/csp-report
      Content-Type:
      - application/json
      Date:
      - Fri, 09 Oct 2020 12:38:05 GMT
      Dd-Pool:
      - dogweb
      Pragma:
      - no-cache
      Set-Cookie:
      - DD-PSHARD=233; Max-Age=604800; Path=/; expires=Fri, 16-Oct-2020 12:38:05 GMT;
        secure; HttpOnly
      Strict-Transport-Security:
      - max-age=15724800;
      Vary:
      - Accept-Encoding
      X-Content-Type-Options:
      - nosniff
      X-Dd-Debug:
      - mjjix3i7KxHakJGjOSXbyjGLp+IPNWPrPaCVopgkuqm46lk1b+kLivuxRokDQC1N
      X-Dd-Version:
      - "35.3169891"
      X-Frame-Options:
      - SAMEORIGIN
    status: 200 OK
    code: 200
    duration: ""
- request:
    body: ""
    form: {}
    headers:
      Accept:
      - application/json
      Dd-Operation-Id:
      - GetDashboard
      User-Agent:
      - terraform-provider-datadog/dev (terraform 1.15.0; terraform-cli 0.12.7-sdk)
        datadog-api-client-go/1.0.0-beta.9+dev (go go1.14.2; os darwin; arch amd64)
      X-Datadog-Parent-Id:
      - "380972739602196554"
      X-Datadog-Sampling-Priority:
      - "1"
      X-Datadog-Trace-Id:
      - "2210144423506013292"
    url: https://api.datadoghq.com/api/v1/dashboard/hhx-4t3-d2u
    method: GET
  response:
    body: '{"notify_list":[],"description":"Created using the Datadog provider in
      Terraform","author_name":null,"template_variable_presets":[{"template_variables":[{"name":"var_1","value":"var_1_value"},{"name":"var_2","value":"var_2_value"}],"name":"preset_1"},{"template_variables":[{"name":"var_1","value":"var_1_value"}],"name":"preset_2"}],"template_variables":[{"default":"aws","prefix":"host","name":"var_1"},{"default":"autoscaling","prefix":"service_name","name":"var_2"}],"is_read_only":false,"id":"hhx-4t3-d2u","title":"tf-TestAccDatadogDashboard_import-local-1602246891","url":"/dashboard/hhx-4t3-d2u/tf-testaccdatadogdashboardimport-local-1602246891","created_at":"2020-10-09T12:38:05.669490+00:00","modified_at":"2020-10-09T12:38:05.669490+00:00","author_handle":"frog@datadoghq.com","widgets":[{"definition":{"title_size":"16","title":"Widget
      Title","title_align":"left","time":{"live_span":"1h"},"query":"*","type":"event_stream","event_size":"l"},"layout":{"y":5,"width":32,"x":5,"height":43},"id":1827583219263650},{"definition":{"title_size":"16","title":"Widget
      Title","title_align":"left","time":{"live_span":"1h"},"query":"*","type":"event_timeline"},"layout":{"y":73,"width":65,"x":42,"height":9},"id":1480464903098346},{"definition":{"color":"#d00","text":"free
      text content","font_size":"88","text_align":"left","type":"free_text"},"layout":{"y":5,"width":30,"x":42,"height":20},"id":1446581614924829},{"definition":{"url":"http://google.com","type":"iframe"},"layout":{"y":8,"width":39,"x":111,"height":46},"id":4772290937539134},{"definition":{"sizing":"fit","type":"image","margin":"small","url":"https://images.pexels.com/photos/67636/rose-blue-flower-rose-blooms-67636.jpeg?auto=compress&cs=tinysrgb&h=350"},"layout":{"y":7,"width":30,"x":77,"height":20},"id":6054419131608932},{"definition":{"logset":"19","sort":{"column":"time","order":"desc"},"show_message_column":true,"show_date_column":true,"message_display":"expanded-md","indexes":[],"query":"error","type":"log_stream","columns":["core_host","core_service","tag_source"]},"layout":{"y":51,"width":32,"x":5,"height":36},"id":460402236551244},{"definition":{"count":50,"sort":"status,asc","title_size":"16","title":"Widget
      Title","title_align":"left","hide_zero_counts":true,"start":0,"summary_type":"monitors","color_preference":"text","query":"type:metric","show_last_triggered":true,"type":"manage_status","display_format":"countsAndList"},"layout":{"y":55,"width":30,"x":112,"height":40},"id":2711907691215077},{"definition":{"span_name":"cassandra.query","title_size":"13","service":"alerting-cassandra","title":"alerting-cassandra
      #env:datad0g.com","size_format":"large","show_hits":true,"title_align":"center","show_errors":true,"show_breakdown":true,"type":"trace_service","env":"datad0g.com","time":{"live_span":"1h"},"show_distribution":true,"display_format":"three_column","show_latency":false,"show_resource_list":false},"layout":{"y":28,"width":67,"x":40,"height":38},"id":1993965232006590}],"layout_type":"free"}'
    headers:
      Cache-Control:
      - no-cache
      Connection:
      - keep-alive
      Content-Security-Policy:
      - frame-ancestors 'self'; report-uri https://api.datadoghq.com/csp-report
      Content-Type:
      - application/json
      Date:
      - Fri, 09 Oct 2020 12:38:05 GMT
      Dd-Pool:
      - dogweb
      Pragma:
      - no-cache
      Set-Cookie:
      - DD-PSHARD=233; Max-Age=604800; Path=/; expires=Fri, 16-Oct-2020 12:38:05 GMT;
        secure; HttpOnly
      Strict-Transport-Security:
      - max-age=15724800;
      Vary:
      - Accept-Encoding
      X-Content-Type-Options:
      - nosniff
      X-Dd-Debug:
      - 2V6J6bfi8Lp+2UjnPdTvcW5IjbRGxJrhStYZW/ACt/za6xfDiK/Y5IuDyUadsRtA
      X-Dd-Version:
      - "35.3169891"
      X-Frame-Options:
      - SAMEORIGIN
    status: 200 OK
    code: 200
    duration: ""
- request:
    body: ""
    form: {}
    headers:
      Accept:
      - application/json
      Dd-Operation-Id:
      - DeleteDashboard
      User-Agent:
      - terraform-provider-datadog/dev (terraform 1.15.0; terraform-cli 0.12.7-sdk)
        datadog-api-client-go/1.0.0-beta.9+dev (go go1.14.2; os darwin; arch amd64)
      X-Datadog-Parent-Id:
      - "4931653236430092197"
      X-Datadog-Sampling-Priority:
      - "1"
      X-Datadog-Trace-Id:
      - "2210144423506013292"
    url: https://api.datadoghq.com/api/v1/dashboard/3yb-7yu-baw
    method: DELETE
  response:
    body: '{"deleted_dashboard_id":"3yb-7yu-baw"}'
    headers:
      Cache-Control:
      - no-cache
      Connection:
      - keep-alive
      Content-Security-Policy:
      - frame-ancestors 'self'; report-uri https://api.datadoghq.com/csp-report
      Content-Type:
      - application/json
      Date:
      - Fri, 09 Oct 2020 12:38:48 GMT
      Dd-Pool:
      - dogweb
      Pragma:
      - no-cache
      Set-Cookie:
      - DD-PSHARD=233; Max-Age=604800; Path=/; expires=Fri, 16-Oct-2020 12:38:04 GMT;
        secure; HttpOnly
      Strict-Transport-Security:
      - max-age=15724800;
      Vary:
      - Accept-Encoding
      X-Content-Type-Options:
      - nosniff
      X-Dd-Debug:
      - dkPC7h1IhtieQ7hDwGKZ3LdM53Z2+XQ6pWT/sK6/v5L2qKrddV2g+eVtGbkN4F8/
      X-Dd-Version:
      - "35.3169891"
      X-Frame-Options:
      - SAMEORIGIN
    status: 200 OK
    code: 200
    duration: ""
- request:
    body: ""
    form: {}
    headers:
      Accept:
      - application/json
      Dd-Operation-Id:
      - GetDashboard
      User-Agent:
      - terraform-provider-datadog/dev (terraform 1.15.0; terraform-cli 0.12.7-sdk)
        datadog-api-client-go/1.0.0-beta.9+dev (go go1.14.2; os darwin; arch amd64)
      X-Datadog-Parent-Id:
      - "8868784211163180859"
      X-Datadog-Sampling-Priority:
      - "1"
      X-Datadog-Trace-Id:
      - "2210144423506013292"
    url: https://api.datadoghq.com/api/v1/dashboard/hhx-4t3-d2u
    method: GET
  response:
    body: '{"notify_list":[],"description":"Created using the Datadog provider in
      Terraform","author_name":null,"template_variable_presets":[{"template_variables":[{"name":"var_1","value":"var_1_value"},{"name":"var_2","value":"var_2_value"}],"name":"preset_1"},{"template_variables":[{"name":"var_1","value":"var_1_value"}],"name":"preset_2"}],"template_variables":[{"default":"aws","prefix":"host","name":"var_1"},{"default":"autoscaling","prefix":"service_name","name":"var_2"}],"is_read_only":false,"id":"hhx-4t3-d2u","title":"tf-TestAccDatadogDashboard_import-local-1602246891","url":"/dashboard/hhx-4t3-d2u/tf-testaccdatadogdashboardimport-local-1602246891","created_at":"2020-10-09T12:38:05.669490+00:00","modified_at":"2020-10-09T12:38:05.669490+00:00","author_handle":"frog@datadoghq.com","widgets":[{"definition":{"title_size":"16","title":"Widget
      Title","title_align":"left","time":{"live_span":"1h"},"query":"*","type":"event_stream","event_size":"l"},"layout":{"y":5,"width":32,"x":5,"height":43},"id":1827583219263650},{"definition":{"title_size":"16","title":"Widget
      Title","title_align":"left","time":{"live_span":"1h"},"query":"*","type":"event_timeline"},"layout":{"y":73,"width":65,"x":42,"height":9},"id":1480464903098346},{"definition":{"color":"#d00","text":"free
      text content","font_size":"88","text_align":"left","type":"free_text"},"layout":{"y":5,"width":30,"x":42,"height":20},"id":1446581614924829},{"definition":{"url":"http://google.com","type":"iframe"},"layout":{"y":8,"width":39,"x":111,"height":46},"id":4772290937539134},{"definition":{"sizing":"fit","type":"image","margin":"small","url":"https://images.pexels.com/photos/67636/rose-blue-flower-rose-blooms-67636.jpeg?auto=compress&cs=tinysrgb&h=350"},"layout":{"y":7,"width":30,"x":77,"height":20},"id":6054419131608932},{"definition":{"logset":"19","sort":{"column":"time","order":"desc"},"show_message_column":true,"show_date_column":true,"message_display":"expanded-md","indexes":[],"query":"error","type":"log_stream","columns":["core_host","core_service","tag_source"]},"layout":{"y":51,"width":32,"x":5,"height":36},"id":460402236551244},{"definition":{"count":50,"sort":"status,asc","title_size":"16","title":"Widget
      Title","title_align":"left","hide_zero_counts":true,"start":0,"summary_type":"monitors","color_preference":"text","query":"type:metric","show_last_triggered":true,"type":"manage_status","display_format":"countsAndList"},"layout":{"y":55,"width":30,"x":112,"height":40},"id":2711907691215077},{"definition":{"span_name":"cassandra.query","title_size":"13","service":"alerting-cassandra","title":"alerting-cassandra
      #env:datad0g.com","size_format":"large","show_hits":true,"title_align":"center","show_errors":true,"show_breakdown":true,"type":"trace_service","env":"datad0g.com","time":{"live_span":"1h"},"show_distribution":true,"display_format":"three_column","show_latency":false,"show_resource_list":false},"layout":{"y":28,"width":67,"x":40,"height":38},"id":1993965232006590}],"layout_type":"free"}'
    headers:
      Cache-Control:
      - no-cache
      Connection:
      - keep-alive
      Content-Security-Policy:
      - frame-ancestors 'self'; report-uri https://api.datadoghq.com/csp-report
      Content-Type:
      - application/json
      Date:
      - Fri, 09 Oct 2020 12:38:56 GMT
      Dd-Pool:
      - dogweb
      Pragma:
      - no-cache
      Set-Cookie:
      - DD-PSHARD=233; Max-Age=604800; Path=/; expires=Fri, 16-Oct-2020 12:38:56 GMT;
        secure; HttpOnly
      Strict-Transport-Security:
      - max-age=15724800;
      Vary:
      - Accept-Encoding
      X-Content-Type-Options:
      - nosniff
      X-Dd-Debug:
      - UiHAIpiIPiMTUiGNeR+rZVnFnmJkUm64kqWBQawJNSrsYAeselUV6xrARY3WHwv4
      X-Dd-Version:
      - "35.3169891"
      X-Frame-Options:
      - SAMEORIGIN
    status: 200 OK
    code: 200
    duration: ""
- request:
    body: ""
    form: {}
    headers:
      Accept:
      - application/json
      Dd-Operation-Id:
      - GetDashboard
      User-Agent:
      - terraform-provider-datadog/dev (terraform 1.15.0; terraform-cli 0.12.7-sdk)
        datadog-api-client-go/1.0.0-beta.9+dev (go go1.14.2; os darwin; arch amd64)
      X-Datadog-Parent-Id:
      - "7080620868772239885"
      X-Datadog-Sampling-Priority:
      - "1"
      X-Datadog-Trace-Id:
      - "2210144423506013292"
    url: https://api.datadoghq.com/api/v1/dashboard/hhx-4t3-d2u
    method: GET
  response:
    body: '{"notify_list":[],"description":"Created using the Datadog provider in
      Terraform","author_name":null,"template_variable_presets":[{"template_variables":[{"name":"var_1","value":"var_1_value"},{"name":"var_2","value":"var_2_value"}],"name":"preset_1"},{"template_variables":[{"name":"var_1","value":"var_1_value"}],"name":"preset_2"}],"template_variables":[{"default":"aws","prefix":"host","name":"var_1"},{"default":"autoscaling","prefix":"service_name","name":"var_2"}],"is_read_only":false,"id":"hhx-4t3-d2u","title":"tf-TestAccDatadogDashboard_import-local-1602246891","url":"/dashboard/hhx-4t3-d2u/tf-testaccdatadogdashboardimport-local-1602246891","created_at":"2020-10-09T12:38:05.669490+00:00","modified_at":"2020-10-09T12:38:05.669490+00:00","author_handle":"frog@datadoghq.com","widgets":[{"definition":{"title_size":"16","title":"Widget
      Title","title_align":"left","time":{"live_span":"1h"},"query":"*","type":"event_stream","event_size":"l"},"layout":{"y":5,"width":32,"x":5,"height":43},"id":1827583219263650},{"definition":{"title_size":"16","title":"Widget
      Title","title_align":"left","time":{"live_span":"1h"},"query":"*","type":"event_timeline"},"layout":{"y":73,"width":65,"x":42,"height":9},"id":1480464903098346},{"definition":{"color":"#d00","text":"free
      text content","font_size":"88","text_align":"left","type":"free_text"},"layout":{"y":5,"width":30,"x":42,"height":20},"id":1446581614924829},{"definition":{"url":"http://google.com","type":"iframe"},"layout":{"y":8,"width":39,"x":111,"height":46},"id":4772290937539134},{"definition":{"sizing":"fit","type":"image","margin":"small","url":"https://images.pexels.com/photos/67636/rose-blue-flower-rose-blooms-67636.jpeg?auto=compress&cs=tinysrgb&h=350"},"layout":{"y":7,"width":30,"x":77,"height":20},"id":6054419131608932},{"definition":{"logset":"19","sort":{"column":"time","order":"desc"},"show_message_column":true,"show_date_column":true,"message_display":"expanded-md","indexes":[],"query":"error","type":"log_stream","columns":["core_host","core_service","tag_source"]},"layout":{"y":51,"width":32,"x":5,"height":36},"id":460402236551244},{"definition":{"count":50,"sort":"status,asc","title_size":"16","title":"Widget
      Title","title_align":"left","hide_zero_counts":true,"start":0,"summary_type":"monitors","color_preference":"text","query":"type:metric","show_last_triggered":true,"type":"manage_status","display_format":"countsAndList"},"layout":{"y":55,"width":30,"x":112,"height":40},"id":2711907691215077},{"definition":{"span_name":"cassandra.query","title_size":"13","service":"alerting-cassandra","title":"alerting-cassandra
      #env:datad0g.com","size_format":"large","show_hits":true,"title_align":"center","show_errors":true,"show_breakdown":true,"type":"trace_service","env":"datad0g.com","time":{"live_span":"1h"},"show_distribution":true,"display_format":"three_column","show_latency":false,"show_resource_list":false},"layout":{"y":28,"width":67,"x":40,"height":38},"id":1993965232006590}],"layout_type":"free"}'
    headers:
      Cache-Control:
      - no-cache
      Connection:
      - keep-alive
      Content-Security-Policy:
      - frame-ancestors 'self'; report-uri https://api.datadoghq.com/csp-report
      Content-Type:
      - application/json
      Date:
      - Fri, 09 Oct 2020 12:38:56 GMT
      Dd-Pool:
      - dogweb
      Pragma:
      - no-cache
      Set-Cookie:
      - DD-PSHARD=233; Max-Age=604800; Path=/; expires=Fri, 16-Oct-2020 12:38:56 GMT;
        secure; HttpOnly
      Strict-Transport-Security:
      - max-age=15724800;
      Vary:
      - Accept-Encoding
      X-Content-Type-Options:
      - nosniff
      X-Dd-Debug:
      - EZL7bEfcgNGbknKpx0YgUay5sRnB08o7ifIkIU7pH4DOkkWS5DRjfEr3ib9KggTa
      X-Dd-Version:
      - "35.3169891"
      X-Frame-Options:
      - SAMEORIGIN
    status: 200 OK
    code: 200
    duration: ""
- request:
    body: ""
    form: {}
    headers:
      Accept:
      - application/json
      Dd-Operation-Id:
      - GetDashboard
      User-Agent:
      - terraform-provider-datadog/dev (terraform 1.15.0; terraform-cli 0.12.7-sdk)
        datadog-api-client-go/1.0.0-beta.9+dev (go go1.14.2; os darwin; arch amd64)
      X-Datadog-Parent-Id:
      - "8349934192787037634"
      X-Datadog-Sampling-Priority:
      - "1"
      X-Datadog-Trace-Id:
      - "2210144423506013292"
    url: https://api.datadoghq.com/api/v1/dashboard/hhx-4t3-d2u
    method: GET
  response:
    body: '{"notify_list":[],"description":"Created using the Datadog provider in
      Terraform","author_name":null,"template_variable_presets":[{"template_variables":[{"name":"var_1","value":"var_1_value"},{"name":"var_2","value":"var_2_value"}],"name":"preset_1"},{"template_variables":[{"name":"var_1","value":"var_1_value"}],"name":"preset_2"}],"template_variables":[{"default":"aws","prefix":"host","name":"var_1"},{"default":"autoscaling","prefix":"service_name","name":"var_2"}],"is_read_only":false,"id":"hhx-4t3-d2u","title":"tf-TestAccDatadogDashboard_import-local-1602246891","url":"/dashboard/hhx-4t3-d2u/tf-testaccdatadogdashboardimport-local-1602246891","created_at":"2020-10-09T12:38:05.669490+00:00","modified_at":"2020-10-09T12:38:05.669490+00:00","author_handle":"frog@datadoghq.com","widgets":[{"definition":{"title_size":"16","title":"Widget
      Title","title_align":"left","time":{"live_span":"1h"},"query":"*","type":"event_stream","event_size":"l"},"layout":{"y":5,"width":32,"x":5,"height":43},"id":1827583219263650},{"definition":{"title_size":"16","title":"Widget
      Title","title_align":"left","time":{"live_span":"1h"},"query":"*","type":"event_timeline"},"layout":{"y":73,"width":65,"x":42,"height":9},"id":1480464903098346},{"definition":{"color":"#d00","text":"free
      text content","font_size":"88","text_align":"left","type":"free_text"},"layout":{"y":5,"width":30,"x":42,"height":20},"id":1446581614924829},{"definition":{"url":"http://google.com","type":"iframe"},"layout":{"y":8,"width":39,"x":111,"height":46},"id":4772290937539134},{"definition":{"sizing":"fit","type":"image","margin":"small","url":"https://images.pexels.com/photos/67636/rose-blue-flower-rose-blooms-67636.jpeg?auto=compress&cs=tinysrgb&h=350"},"layout":{"y":7,"width":30,"x":77,"height":20},"id":6054419131608932},{"definition":{"logset":"19","sort":{"column":"time","order":"desc"},"show_message_column":true,"show_date_column":true,"message_display":"expanded-md","indexes":[],"query":"error","type":"log_stream","columns":["core_host","core_service","tag_source"]},"layout":{"y":51,"width":32,"x":5,"height":36},"id":460402236551244},{"definition":{"count":50,"sort":"status,asc","title_size":"16","title":"Widget
      Title","title_align":"left","hide_zero_counts":true,"start":0,"summary_type":"monitors","color_preference":"text","query":"type:metric","show_last_triggered":true,"type":"manage_status","display_format":"countsAndList"},"layout":{"y":55,"width":30,"x":112,"height":40},"id":2711907691215077},{"definition":{"span_name":"cassandra.query","title_size":"13","service":"alerting-cassandra","title":"alerting-cassandra
      #env:datad0g.com","size_format":"large","show_hits":true,"title_align":"center","show_errors":true,"show_breakdown":true,"type":"trace_service","env":"datad0g.com","time":{"live_span":"1h"},"show_distribution":true,"display_format":"three_column","show_latency":false,"show_resource_list":false},"layout":{"y":28,"width":67,"x":40,"height":38},"id":1993965232006590}],"layout_type":"free"}'
    headers:
      Cache-Control:
      - no-cache
      Connection:
      - keep-alive
      Content-Security-Policy:
      - frame-ancestors 'self'; report-uri https://api.datadoghq.com/csp-report
      Content-Type:
      - application/json
      Date:
      - Fri, 09 Oct 2020 12:38:59 GMT
      Dd-Pool:
      - dogweb
      Pragma:
      - no-cache
      Set-Cookie:
      - DD-PSHARD=233; Max-Age=604800; Path=/; expires=Fri, 16-Oct-2020 12:38:59 GMT;
        secure; HttpOnly
      Strict-Transport-Security:
      - max-age=15724800;
      Vary:
      - Accept-Encoding
      X-Content-Type-Options:
      - nosniff
      X-Dd-Debug:
      - 84uqub9zpmlgg8irRO/sOXYuWjXevKJ3PeFDkydS20gUrNiRDeiB84n5Q67dF4oL
      X-Dd-Version:
      - "35.3169891"
      X-Frame-Options:
      - SAMEORIGIN
    status: 200 OK
    code: 200
    duration: ""
- request:
    body: ""
    form: {}
    headers:
      Accept:
      - application/json
      Dd-Operation-Id:
      - GetDashboard
      User-Agent:
      - terraform-provider-datadog/dev (terraform 1.15.0; terraform-cli 0.12.7-sdk)
        datadog-api-client-go/1.0.0-beta.9+dev (go go1.14.2; os darwin; arch amd64)
      X-Datadog-Parent-Id:
      - "8909577977657767781"
      X-Datadog-Sampling-Priority:
      - "1"
      X-Datadog-Trace-Id:
      - "2210144423506013292"
    url: https://api.datadoghq.com/api/v1/dashboard/hhx-4t3-d2u
    method: GET
  response:
    body: '{"notify_list":[],"description":"Created using the Datadog provider in
      Terraform","author_name":null,"template_variable_presets":[{"template_variables":[{"name":"var_1","value":"var_1_value"},{"name":"var_2","value":"var_2_value"}],"name":"preset_1"},{"template_variables":[{"name":"var_1","value":"var_1_value"}],"name":"preset_2"}],"template_variables":[{"default":"aws","prefix":"host","name":"var_1"},{"default":"autoscaling","prefix":"service_name","name":"var_2"}],"is_read_only":false,"id":"hhx-4t3-d2u","title":"tf-TestAccDatadogDashboard_import-local-1602246891","url":"/dashboard/hhx-4t3-d2u/tf-testaccdatadogdashboardimport-local-1602246891","created_at":"2020-10-09T12:38:05.669490+00:00","modified_at":"2020-10-09T12:38:05.669490+00:00","author_handle":"frog@datadoghq.com","widgets":[{"definition":{"title_size":"16","title":"Widget
      Title","title_align":"left","time":{"live_span":"1h"},"query":"*","type":"event_stream","event_size":"l"},"layout":{"y":5,"width":32,"x":5,"height":43},"id":1827583219263650},{"definition":{"title_size":"16","title":"Widget
      Title","title_align":"left","time":{"live_span":"1h"},"query":"*","type":"event_timeline"},"layout":{"y":73,"width":65,"x":42,"height":9},"id":1480464903098346},{"definition":{"color":"#d00","text":"free
      text content","font_size":"88","text_align":"left","type":"free_text"},"layout":{"y":5,"width":30,"x":42,"height":20},"id":1446581614924829},{"definition":{"url":"http://google.com","type":"iframe"},"layout":{"y":8,"width":39,"x":111,"height":46},"id":4772290937539134},{"definition":{"sizing":"fit","type":"image","margin":"small","url":"https://images.pexels.com/photos/67636/rose-blue-flower-rose-blooms-67636.jpeg?auto=compress&cs=tinysrgb&h=350"},"layout":{"y":7,"width":30,"x":77,"height":20},"id":6054419131608932},{"definition":{"logset":"19","sort":{"column":"time","order":"desc"},"show_message_column":true,"show_date_column":true,"message_display":"expanded-md","indexes":[],"query":"error","type":"log_stream","columns":["core_host","core_service","tag_source"]},"layout":{"y":51,"width":32,"x":5,"height":36},"id":460402236551244},{"definition":{"count":50,"sort":"status,asc","title_size":"16","title":"Widget
      Title","title_align":"left","hide_zero_counts":true,"start":0,"summary_type":"monitors","color_preference":"text","query":"type:metric","show_last_triggered":true,"type":"manage_status","display_format":"countsAndList"},"layout":{"y":55,"width":30,"x":112,"height":40},"id":2711907691215077},{"definition":{"span_name":"cassandra.query","title_size":"13","service":"alerting-cassandra","title":"alerting-cassandra
      #env:datad0g.com","size_format":"large","show_hits":true,"title_align":"center","show_errors":true,"show_breakdown":true,"type":"trace_service","env":"datad0g.com","time":{"live_span":"1h"},"show_distribution":true,"display_format":"three_column","show_latency":false,"show_resource_list":false},"layout":{"y":28,"width":67,"x":40,"height":38},"id":1993965232006590}],"layout_type":"free"}'
    headers:
      Cache-Control:
      - no-cache
      Connection:
      - keep-alive
      Content-Security-Policy:
      - frame-ancestors 'self'; report-uri https://api.datadoghq.com/csp-report
      Content-Type:
      - application/json
      Date:
      - Fri, 09 Oct 2020 12:39:00 GMT
      Dd-Pool:
      - dogweb
      Pragma:
      - no-cache
      Set-Cookie:
      - DD-PSHARD=233; Max-Age=604800; Path=/; expires=Fri, 16-Oct-2020 12:39:00 GMT;
        secure; HttpOnly
      Strict-Transport-Security:
      - max-age=15724800;
      Vary:
      - Accept-Encoding
      X-Content-Type-Options:
      - nosniff
      X-Dd-Debug:
      - cTGY5ulPxaRmdZr4S1APOMLAfMePPA3fkzzqqKyRFf/m5ql3XuUZsd87RDo7B7RR
      X-Dd-Version:
      - "35.3169891"
      X-Frame-Options:
      - SAMEORIGIN
    status: 200 OK
    code: 200
    duration: ""
- request:
    body: ""
    form: {}
    headers:
      Accept:
      - application/json
      Dd-Operation-Id:
      - GetDashboard
      User-Agent:
      - terraform-provider-datadog/dev (terraform 1.15.0; terraform-cli 0.12.7-sdk)
        datadog-api-client-go/1.0.0-beta.9+dev (go go1.14.2; os darwin; arch amd64)
      X-Datadog-Parent-Id:
      - "3124548148983648547"
      X-Datadog-Sampling-Priority:
      - "1"
      X-Datadog-Trace-Id:
      - "2210144423506013292"
    url: https://api.datadoghq.com/api/v1/dashboard/hhx-4t3-d2u
    method: GET
  response:
    body: '{"notify_list":[],"description":"Created using the Datadog provider in
      Terraform","author_name":null,"template_variable_presets":[{"template_variables":[{"name":"var_1","value":"var_1_value"},{"name":"var_2","value":"var_2_value"}],"name":"preset_1"},{"template_variables":[{"name":"var_1","value":"var_1_value"}],"name":"preset_2"}],"template_variables":[{"default":"aws","prefix":"host","name":"var_1"},{"default":"autoscaling","prefix":"service_name","name":"var_2"}],"is_read_only":false,"id":"hhx-4t3-d2u","title":"tf-TestAccDatadogDashboard_import-local-1602246891","url":"/dashboard/hhx-4t3-d2u/tf-testaccdatadogdashboardimport-local-1602246891","created_at":"2020-10-09T12:38:05.669490+00:00","modified_at":"2020-10-09T12:38:05.669490+00:00","author_handle":"frog@datadoghq.com","widgets":[{"definition":{"title_size":"16","title":"Widget
      Title","title_align":"left","time":{"live_span":"1h"},"query":"*","type":"event_stream","event_size":"l"},"layout":{"y":5,"width":32,"x":5,"height":43},"id":1827583219263650},{"definition":{"title_size":"16","title":"Widget
      Title","title_align":"left","time":{"live_span":"1h"},"query":"*","type":"event_timeline"},"layout":{"y":73,"width":65,"x":42,"height":9},"id":1480464903098346},{"definition":{"color":"#d00","text":"free
      text content","font_size":"88","text_align":"left","type":"free_text"},"layout":{"y":5,"width":30,"x":42,"height":20},"id":1446581614924829},{"definition":{"url":"http://google.com","type":"iframe"},"layout":{"y":8,"width":39,"x":111,"height":46},"id":4772290937539134},{"definition":{"sizing":"fit","type":"image","margin":"small","url":"https://images.pexels.com/photos/67636/rose-blue-flower-rose-blooms-67636.jpeg?auto=compress&cs=tinysrgb&h=350"},"layout":{"y":7,"width":30,"x":77,"height":20},"id":6054419131608932},{"definition":{"logset":"19","sort":{"column":"time","order":"desc"},"show_message_column":true,"show_date_column":true,"message_display":"expanded-md","indexes":[],"query":"error","type":"log_stream","columns":["core_host","core_service","tag_source"]},"layout":{"y":51,"width":32,"x":5,"height":36},"id":460402236551244},{"definition":{"count":50,"sort":"status,asc","title_size":"16","title":"Widget
      Title","title_align":"left","hide_zero_counts":true,"start":0,"summary_type":"monitors","color_preference":"text","query":"type:metric","show_last_triggered":true,"type":"manage_status","display_format":"countsAndList"},"layout":{"y":55,"width":30,"x":112,"height":40},"id":2711907691215077},{"definition":{"span_name":"cassandra.query","title_size":"13","service":"alerting-cassandra","title":"alerting-cassandra
      #env:datad0g.com","size_format":"large","show_hits":true,"title_align":"center","show_errors":true,"show_breakdown":true,"type":"trace_service","env":"datad0g.com","time":{"live_span":"1h"},"show_distribution":true,"display_format":"three_column","show_latency":false,"show_resource_list":false},"layout":{"y":28,"width":67,"x":40,"height":38},"id":1993965232006590}],"layout_type":"free"}'
    headers:
      Cache-Control:
      - no-cache
      Connection:
      - keep-alive
      Content-Security-Policy:
      - frame-ancestors 'self'; report-uri https://api.datadoghq.com/csp-report
      Content-Type:
      - application/json
      Date:
      - Fri, 09 Oct 2020 12:39:00 GMT
      Dd-Pool:
      - dogweb
      Pragma:
      - no-cache
      Set-Cookie:
      - DD-PSHARD=233; Max-Age=604800; Path=/; expires=Fri, 16-Oct-2020 12:39:00 GMT;
        secure; HttpOnly
      Strict-Transport-Security:
      - max-age=15724800;
      Vary:
      - Accept-Encoding
      X-Content-Type-Options:
      - nosniff
      X-Dd-Debug:
      - cTGY5ulPxaRmdZr4S1APOMLAfMePPA3fkzzqqKyRFf/m5ql3XuUZsd87RDo7B7RR
      X-Dd-Version:
      - "35.3169891"
      X-Frame-Options:
      - SAMEORIGIN
    status: 200 OK
    code: 200
    duration: ""
- request:
    body: ""
    form: {}
    headers:
      Accept:
      - application/json
      Dd-Operation-Id:
      - GetDashboard
      User-Agent:
      - terraform-provider-datadog/dev (terraform 1.15.0; terraform-cli 0.12.7-sdk)
        datadog-api-client-go/1.0.0-beta.9+dev (go go1.14.2; os darwin; arch amd64)
      X-Datadog-Parent-Id:
      - "6233589807644782555"
      X-Datadog-Sampling-Priority:
      - "1"
      X-Datadog-Trace-Id:
      - "2210144423506013292"
    url: https://api.datadoghq.com/api/v1/dashboard/hhx-4t3-d2u
    method: GET
  response:
    body: '{"notify_list":[],"description":"Created using the Datadog provider in
      Terraform","author_name":null,"template_variable_presets":[{"template_variables":[{"name":"var_1","value":"var_1_value"},{"name":"var_2","value":"var_2_value"}],"name":"preset_1"},{"template_variables":[{"name":"var_1","value":"var_1_value"}],"name":"preset_2"}],"template_variables":[{"default":"aws","prefix":"host","name":"var_1"},{"default":"autoscaling","prefix":"service_name","name":"var_2"}],"is_read_only":false,"id":"hhx-4t3-d2u","title":"tf-TestAccDatadogDashboard_import-local-1602246891","url":"/dashboard/hhx-4t3-d2u/tf-testaccdatadogdashboardimport-local-1602246891","created_at":"2020-10-09T12:38:05.669490+00:00","modified_at":"2020-10-09T12:38:05.669490+00:00","author_handle":"frog@datadoghq.com","widgets":[{"definition":{"title_size":"16","title":"Widget
      Title","title_align":"left","time":{"live_span":"1h"},"query":"*","type":"event_stream","event_size":"l"},"layout":{"y":5,"width":32,"x":5,"height":43},"id":1827583219263650},{"definition":{"title_size":"16","title":"Widget
      Title","title_align":"left","time":{"live_span":"1h"},"query":"*","type":"event_timeline"},"layout":{"y":73,"width":65,"x":42,"height":9},"id":1480464903098346},{"definition":{"color":"#d00","text":"free
      text content","font_size":"88","text_align":"left","type":"free_text"},"layout":{"y":5,"width":30,"x":42,"height":20},"id":1446581614924829},{"definition":{"url":"http://google.com","type":"iframe"},"layout":{"y":8,"width":39,"x":111,"height":46},"id":4772290937539134},{"definition":{"sizing":"fit","type":"image","margin":"small","url":"https://images.pexels.com/photos/67636/rose-blue-flower-rose-blooms-67636.jpeg?auto=compress&cs=tinysrgb&h=350"},"layout":{"y":7,"width":30,"x":77,"height":20},"id":6054419131608932},{"definition":{"logset":"19","sort":{"column":"time","order":"desc"},"show_message_column":true,"show_date_column":true,"message_display":"expanded-md","indexes":[],"query":"error","type":"log_stream","columns":["core_host","core_service","tag_source"]},"layout":{"y":51,"width":32,"x":5,"height":36},"id":460402236551244},{"definition":{"count":50,"sort":"status,asc","title_size":"16","title":"Widget
      Title","title_align":"left","hide_zero_counts":true,"start":0,"summary_type":"monitors","color_preference":"text","query":"type:metric","show_last_triggered":true,"type":"manage_status","display_format":"countsAndList"},"layout":{"y":55,"width":30,"x":112,"height":40},"id":2711907691215077},{"definition":{"span_name":"cassandra.query","title_size":"13","service":"alerting-cassandra","title":"alerting-cassandra
      #env:datad0g.com","size_format":"large","show_hits":true,"title_align":"center","show_errors":true,"show_breakdown":true,"type":"trace_service","env":"datad0g.com","time":{"live_span":"1h"},"show_distribution":true,"display_format":"three_column","show_latency":false,"show_resource_list":false},"layout":{"y":28,"width":67,"x":40,"height":38},"id":1993965232006590}],"layout_type":"free"}'
    headers:
      Cache-Control:
      - no-cache
      Connection:
      - keep-alive
      Content-Security-Policy:
      - frame-ancestors 'self'; report-uri https://api.datadoghq.com/csp-report
      Content-Type:
      - application/json
      Date:
      - Fri, 09 Oct 2020 12:39:01 GMT
      Dd-Pool:
      - dogweb
      Pragma:
      - no-cache
      Set-Cookie:
      - DD-PSHARD=233; Max-Age=604800; Path=/; expires=Fri, 16-Oct-2020 12:39:01 GMT;
        secure; HttpOnly
      Strict-Transport-Security:
      - max-age=15724800;
      Vary:
      - Accept-Encoding
      X-Content-Type-Options:
      - nosniff
      X-Dd-Debug:
      - gOE+aFCHWuxgDnurm/juvZNkjdmweNjl464qle0N/zRJcc4Hspd926ElnnqPP95G
      X-Dd-Version:
      - "35.3169891"
      X-Frame-Options:
      - SAMEORIGIN
    status: 200 OK
    code: 200
    duration: ""
- request:
    body: ""
    form: {}
    headers:
      Accept:
      - application/json
      Dd-Operation-Id:
      - GetDashboard
      User-Agent:
      - terraform-provider-datadog/dev (terraform 1.15.0; terraform-cli 0.12.7-sdk)
        datadog-api-client-go/1.0.0-beta.9+dev (go go1.14.2; os darwin; arch amd64)
      X-Datadog-Parent-Id:
      - "7158565030349114618"
      X-Datadog-Sampling-Priority:
      - "1"
      X-Datadog-Trace-Id:
      - "2210144423506013292"
    url: https://api.datadoghq.com/api/v1/dashboard/hhx-4t3-d2u
    method: GET
  response:
    body: '{"notify_list":[],"description":"Created using the Datadog provider in
      Terraform","author_name":null,"template_variable_presets":[{"template_variables":[{"name":"var_1","value":"var_1_value"},{"name":"var_2","value":"var_2_value"}],"name":"preset_1"},{"template_variables":[{"name":"var_1","value":"var_1_value"}],"name":"preset_2"}],"template_variables":[{"default":"aws","prefix":"host","name":"var_1"},{"default":"autoscaling","prefix":"service_name","name":"var_2"}],"is_read_only":false,"id":"hhx-4t3-d2u","title":"tf-TestAccDatadogDashboard_import-local-1602246891","url":"/dashboard/hhx-4t3-d2u/tf-testaccdatadogdashboardimport-local-1602246891","created_at":"2020-10-09T12:38:05.669490+00:00","modified_at":"2020-10-09T12:38:05.669490+00:00","author_handle":"frog@datadoghq.com","widgets":[{"definition":{"title_size":"16","title":"Widget
      Title","title_align":"left","time":{"live_span":"1h"},"query":"*","type":"event_stream","event_size":"l"},"layout":{"y":5,"width":32,"x":5,"height":43},"id":1827583219263650},{"definition":{"title_size":"16","title":"Widget
      Title","title_align":"left","time":{"live_span":"1h"},"query":"*","type":"event_timeline"},"layout":{"y":73,"width":65,"x":42,"height":9},"id":1480464903098346},{"definition":{"color":"#d00","text":"free
      text content","font_size":"88","text_align":"left","type":"free_text"},"layout":{"y":5,"width":30,"x":42,"height":20},"id":1446581614924829},{"definition":{"url":"http://google.com","type":"iframe"},"layout":{"y":8,"width":39,"x":111,"height":46},"id":4772290937539134},{"definition":{"sizing":"fit","type":"image","margin":"small","url":"https://images.pexels.com/photos/67636/rose-blue-flower-rose-blooms-67636.jpeg?auto=compress&cs=tinysrgb&h=350"},"layout":{"y":7,"width":30,"x":77,"height":20},"id":6054419131608932},{"definition":{"logset":"19","sort":{"column":"time","order":"desc"},"show_message_column":true,"show_date_column":true,"message_display":"expanded-md","indexes":[],"query":"error","type":"log_stream","columns":["core_host","core_service","tag_source"]},"layout":{"y":51,"width":32,"x":5,"height":36},"id":460402236551244},{"definition":{"count":50,"sort":"status,asc","title_size":"16","title":"Widget
      Title","title_align":"left","hide_zero_counts":true,"start":0,"summary_type":"monitors","color_preference":"text","query":"type:metric","show_last_triggered":true,"type":"manage_status","display_format":"countsAndList"},"layout":{"y":55,"width":30,"x":112,"height":40},"id":2711907691215077},{"definition":{"span_name":"cassandra.query","title_size":"13","service":"alerting-cassandra","title":"alerting-cassandra
      #env:datad0g.com","size_format":"large","show_hits":true,"title_align":"center","show_errors":true,"show_breakdown":true,"type":"trace_service","env":"datad0g.com","time":{"live_span":"1h"},"show_distribution":true,"display_format":"three_column","show_latency":false,"show_resource_list":false},"layout":{"y":28,"width":67,"x":40,"height":38},"id":1993965232006590}],"layout_type":"free"}'
    headers:
      Cache-Control:
      - no-cache
      Connection:
      - keep-alive
      Content-Security-Policy:
      - frame-ancestors 'self'; report-uri https://api.datadoghq.com/csp-report
      Content-Type:
      - application/json
      Date:
      - Fri, 09 Oct 2020 12:39:01 GMT
      Dd-Pool:
      - dogweb
      Pragma:
      - no-cache
      Set-Cookie:
      - DD-PSHARD=233; Max-Age=604800; Path=/; expires=Fri, 16-Oct-2020 12:39:01 GMT;
        secure; HttpOnly
      Strict-Transport-Security:
      - max-age=15724800;
      Vary:
      - Accept-Encoding
      X-Content-Type-Options:
      - nosniff
      X-Dd-Debug:
      - 554jtl/SJjxTmK4ElYRM70FG0Y8nm2ZpMLRYU7gYOwQo5oClqUW2XRpaqEBdUJZQ
      X-Dd-Version:
      - "35.3169891"
      X-Frame-Options:
      - SAMEORIGIN
    status: 200 OK
    code: 200
    duration: ""
- request:
    body: ""
    form: {}
    headers:
      Accept:
      - application/json
      Dd-Operation-Id:
      - DeleteDashboard
      User-Agent:
      - terraform-provider-datadog/dev (terraform 1.15.0; terraform-cli 0.12.7-sdk)
        datadog-api-client-go/1.0.0-beta.9+dev (go go1.14.2; os darwin; arch amd64)
      X-Datadog-Parent-Id:
      - "6998402521909924059"
      X-Datadog-Sampling-Priority:
      - "1"
      X-Datadog-Trace-Id:
      - "2210144423506013292"
    url: https://api.datadoghq.com/api/v1/dashboard/hhx-4t3-d2u
    method: DELETE
  response:
    body: '{"deleted_dashboard_id":"hhx-4t3-d2u"}'
    headers:
      Cache-Control:
      - no-cache
      Connection:
      - keep-alive
      Content-Security-Policy:
      - frame-ancestors 'self'; report-uri https://api.datadoghq.com/csp-report
      Content-Type:
      - application/json
      Date:
      - Fri, 09 Oct 2020 12:39:47 GMT
      Dd-Pool:
      - dogweb
      Pragma:
      - no-cache
      Set-Cookie:
      - DD-PSHARD=233; Max-Age=604800; Path=/; expires=Fri, 16-Oct-2020 12:39:03 GMT;
        secure; HttpOnly
      Strict-Transport-Security:
      - max-age=15724800;
      Vary:
      - Accept-Encoding
      X-Content-Type-Options:
      - nosniff
      X-Dd-Debug:
      - NVN1vUIP943yBv5BrKvNkq9LhGENimQCGx913v3GQzIJuXIMEzcrTlr1CpALPFWv
      X-Dd-Version:
      - "35.3169891"
      X-Frame-Options:
      - SAMEORIGIN
    status: 200 OK
    code: 200
    duration: ""
- request:
    body: ""
    form: {}
    headers:
      Accept:
      - application/json
      Dd-Operation-Id:
      - GetDashboard
      User-Agent:
      - terraform-provider-datadog/dev (terraform 1.15.0; terraform-cli 0.12.7-sdk)
        datadog-api-client-go/1.0.0-beta.9+dev (go go1.14.2; os darwin; arch amd64)
      X-Datadog-Parent-Id:
      - "1630107495782351590"
      X-Datadog-Sampling-Priority:
      - "1"
      X-Datadog-Trace-Id:
      - "2210144423506013292"
    url: https://api.datadoghq.com/api/v1/dashboard/hhx-4t3-d2u
    method: GET
  response:
    body: '{"errors": ["Dashboard with ID hhx-4t3-d2u not found"]}'
    headers:
      Cache-Control:
      - no-cache
      Connection:
      - keep-alive
      Content-Security-Policy:
      - frame-ancestors 'self'; report-uri https://api.datadoghq.com/csp-report
      Content-Type:
      - application/json
      Date:
      - Fri, 09 Oct 2020 12:39:48 GMT
      Dd-Pool:
      - dogweb
      Pragma:
      - no-cache
      Strict-Transport-Security:
      - max-age=15724800;
      Vary:
      - Accept-Encoding
      X-Content-Type-Options:
      - nosniff
      X-Dd-Version:
      - "35.3169891"
      X-Frame-Options:
      - SAMEORIGIN
    status: 404 Not Found
    code: 404
    duration: ""
