---
version: 1
interactions:
- request:
    body: |
      {"config":{"assertions":[],"request":{"body":"this is a body","headers":{"Accept":"application/json","X-Datadog-Trace-ID":"123456789"},"method":"GET","timeout":30,"url":"https://www.datadoghq.com"},"variables":[]},"locations":["aws:eu-central-1"],"message":"Notify @datadog.user","name":"tf-TestAccDatadogSyntheticsBrowserTest_Updated-local-1597410074","options":{"device_ids":["laptop_large","mobile_small"],"min_location_failed":1,"monitor_options":{"renotify_interval":100},"retry":{"count":2,"interval":300},"tick_every":900},"status":"paused","tags":["foo:bar","baz"],"type":"browser"}
    form: {}
    headers:
      Accept:
      - application/json
      Content-Type:
      - application/json
      Dd-Operation-Id:
      - CreateTest
      User-Agent:
      - terraform-provider-datadog/dev (terraform 1.10.0; terraform-cli 0.12.7-sdk)
        datadog-api-client-go/1.0.0-beta.8+dev (go go1.14.4; os darwin; arch amd64)
      X-Datadog-Parent-Id:
      - "6993175516820705650"
      X-Datadog-Sampling-Priority:
      - "1"
      X-Datadog-Trace-Id:
      - "484631011456319198"
    url: https://api.datadoghq.com/api/v1/synthetics/tests
    method: POST
  response:
    body: '{"status":"paused","public_id":"np7-ziu-mge","tags":["foo:bar","baz"],"org_id":321813,"locations":["aws:eu-central-1"],"message":"Notify
      @datadog.user","deleted_at":null,"name":"tf-TestAccDatadogSyntheticsBrowserTest_Updated-local-1597410074","monitor_id":21044314,"type":"browser","created_at":"2020-08-14T13:01:15.105272+00:00","modified_at":"2020-08-14T13:01:15.105272+00:00","config":{"variables":[],"request":{"body":"this
      is a body","headers":{"Accept":"application/json","X-Datadog-Trace-ID":"123456789"},"url":"https://www.datadoghq.com","timeout":30,"method":"GET"},"assertions":[]},"options":{"retry":{"count":2,"interval":300},"monitor_options":{"notify_audit":false,"locked":false,"include_tags":true,"new_host_delay":300,"notify_no_data":false,"renotify_interval":100},"device_ids":["laptop_large","mobile_small"],"min_location_failed":1,"tick_every":900}}'
    headers:
      Cache-Control:
      - no-cache
      Connection:
      - keep-alive
      Content-Security-Policy:
      - frame-ancestors 'self'; report-uri https://api.datadoghq.com/csp-report
      Content-Type:
      - application/json
      Date:
      - Fri, 14 Aug 2020 13:01:15 GMT
      Dd-Pool:
      - dogweb
      Pragma:
      - no-cache
      Set-Cookie:
      - DD-PSHARD=233; Max-Age=604800; Path=/; expires=Fri, 21-Aug-2020 13:01:14 GMT;
        secure; HttpOnly
      Strict-Transport-Security:
      - max-age=15724800;
      Vary:
      - Accept-Encoding
      X-Content-Type-Options:
      - nosniff
      X-Dd-Debug:
      - 7ZZAowMV9z1Vr+0y/WbNkvcDUXbHQ7uNKkyZU3E6k00RqTwxh53CgITxXoDQsQqv
      X-Dd-Version:
      - "35.2879417"
      X-Frame-Options:
      - SAMEORIGIN
      X-Ratelimit-Limit:
      - "120"
      X-Ratelimit-Period:
      - "60"
      X-Ratelimit-Remaining:
      - "119"
      X-Ratelimit-Reset:
      - "46"
    status: 200 OK
    code: 200
    duration: ""
- request:
    body: ""
    form: {}
    headers:
      Accept:
      - application/json
      Dd-Operation-Id:
      - GetTest
      User-Agent:
      - terraform-provider-datadog/dev (terraform 1.10.0; terraform-cli 0.12.7-sdk)
        datadog-api-client-go/1.0.0-beta.8+dev (go go1.14.4; os darwin; arch amd64)
      X-Datadog-Parent-Id:
      - "6783807315655310659"
      X-Datadog-Sampling-Priority:
      - "1"
      X-Datadog-Trace-Id:
      - "484631011456319198"
    url: https://api.datadoghq.com/api/v1/synthetics/tests/np7-ziu-mge
    method: GET
  response:
    body: '{"status":"paused","public_id":"np7-ziu-mge","tags":["foo:bar","baz"],"locations":["aws:eu-central-1"],"message":"Notify
      @datadog.user","name":"tf-TestAccDatadogSyntheticsBrowserTest_Updated-local-1597410074","monitor_id":21044314,"type":"browser","config":{"variables":[],"request":{"body":"this
      is a body","headers":{"Accept":"application/json","X-Datadog-Trace-ID":"123456789"},"url":"https://www.datadoghq.com","timeout":30,"method":"GET"},"assertions":[]},"options":{"retry":{"count":2,"interval":300},"monitor_options":{"notify_audit":false,"locked":false,"include_tags":true,"new_host_delay":300,"notify_no_data":false,"renotify_interval":100},"device_ids":["laptop_large","mobile_small"],"min_location_failed":1,"tick_every":900}}'
    headers:
      Cache-Control:
      - no-cache
      Connection:
      - keep-alive
      Content-Security-Policy:
      - frame-ancestors 'self'; report-uri https://api.datadoghq.com/csp-report
      Content-Type:
      - application/json
      Date:
      - Fri, 14 Aug 2020 13:01:15 GMT
      Dd-Pool:
      - dogweb
      Pragma:
      - no-cache
      Set-Cookie:
      - DD-PSHARD=233; Max-Age=604800; Path=/; expires=Fri, 21-Aug-2020 13:01:15 GMT;
        secure; HttpOnly
      Strict-Transport-Security:
      - max-age=15724800;
      Vary:
      - Accept-Encoding
      X-Content-Type-Options:
      - nosniff
      X-Dd-Debug:
      - 1G9SOBrnmfyC5G29bCdNvI2JHlJyC7aSDsVB1mrRvQ+HE/loVdx5+fgtIfMtj8Fo
      X-Dd-Version:
      - "35.2879417"
      X-Frame-Options:
      - SAMEORIGIN
      X-Ratelimit-Limit:
      - "1000"
      X-Ratelimit-Period:
      - "60"
      X-Ratelimit-Remaining:
      - "999"
      X-Ratelimit-Reset:
      - "45"
    status: 200 OK
    code: 200
    duration: ""
- request:
    body: ""
    form: {}
    headers:
      Accept:
      - application/json
      Dd-Operation-Id:
      - GetTest
      User-Agent:
      - terraform-provider-datadog/dev (terraform 1.10.0; terraform-cli 0.12.7-sdk)
        datadog-api-client-go/1.0.0-beta.8+dev (go go1.14.4; os darwin; arch amd64)
      X-Datadog-Parent-Id:
      - "2183072322985337773"
      X-Datadog-Sampling-Priority:
      - "1"
      X-Datadog-Trace-Id:
      - "484631011456319198"
    url: https://api.datadoghq.com/api/v1/synthetics/tests/np7-ziu-mge
    method: GET
  response:
    body: '{"status":"paused","public_id":"np7-ziu-mge","tags":["foo:bar","baz"],"locations":["aws:eu-central-1"],"message":"Notify
      @datadog.user","name":"tf-TestAccDatadogSyntheticsBrowserTest_Updated-local-1597410074","monitor_id":21044314,"type":"browser","config":{"variables":[],"request":{"body":"this
      is a body","headers":{"Accept":"application/json","X-Datadog-Trace-ID":"123456789"},"url":"https://www.datadoghq.com","timeout":30,"method":"GET"},"assertions":[]},"options":{"retry":{"count":2,"interval":300},"monitor_options":{"notify_audit":false,"locked":false,"include_tags":true,"new_host_delay":300,"notify_no_data":false,"renotify_interval":100},"device_ids":["laptop_large","mobile_small"],"min_location_failed":1,"tick_every":900}}'
    headers:
      Cache-Control:
      - no-cache
      Connection:
      - keep-alive
      Content-Security-Policy:
      - frame-ancestors 'self'; report-uri https://api.datadoghq.com/csp-report
      Content-Type:
      - application/json
      Date:
      - Fri, 14 Aug 2020 13:01:15 GMT
      Dd-Pool:
      - dogweb
      Pragma:
      - no-cache
      Set-Cookie:
      - DD-PSHARD=233; Max-Age=604800; Path=/; expires=Fri, 21-Aug-2020 13:01:15 GMT;
        secure; HttpOnly
      Strict-Transport-Security:
      - max-age=15724800;
      Vary:
      - Accept-Encoding
      X-Content-Type-Options:
      - nosniff
      X-Dd-Debug:
      - 2V6J6bfi8Lp+2UjnPdTvcW5IjbRGxJrhStYZW/ACt/za6xfDiK/Y5IuDyUadsRtA
      X-Dd-Version:
      - "35.2879417"
      X-Frame-Options:
      - SAMEORIGIN
      X-Ratelimit-Limit:
      - "1000"
      X-Ratelimit-Period:
      - "60"
      X-Ratelimit-Remaining:
      - "998"
      X-Ratelimit-Reset:
      - "45"
    status: 200 OK
    code: 200
    duration: ""
- request:
    body: ""
    form: {}
    headers:
      Accept:
      - application/json
      Dd-Operation-Id:
      - GetTest
      User-Agent:
      - terraform-provider-datadog/dev (terraform 1.10.0; terraform-cli 0.12.7-sdk)
        datadog-api-client-go/1.0.0-beta.8+dev (go go1.14.4; os darwin; arch amd64)
      X-Datadog-Parent-Id:
      - "2277652051710270537"
      X-Datadog-Sampling-Priority:
      - "1"
      X-Datadog-Trace-Id:
      - "484631011456319198"
    url: https://api.datadoghq.com/api/v1/synthetics/tests/np7-ziu-mge
    method: GET
  response:
    body: '{"status":"paused","public_id":"np7-ziu-mge","tags":["foo:bar","baz"],"locations":["aws:eu-central-1"],"message":"Notify
      @datadog.user","name":"tf-TestAccDatadogSyntheticsBrowserTest_Updated-local-1597410074","monitor_id":21044314,"type":"browser","config":{"variables":[],"request":{"body":"this
      is a body","headers":{"Accept":"application/json","X-Datadog-Trace-ID":"123456789"},"url":"https://www.datadoghq.com","timeout":30,"method":"GET"},"assertions":[]},"options":{"retry":{"count":2,"interval":300},"monitor_options":{"notify_audit":false,"locked":false,"include_tags":true,"new_host_delay":300,"notify_no_data":false,"renotify_interval":100},"device_ids":["laptop_large","mobile_small"],"min_location_failed":1,"tick_every":900}}'
    headers:
      Cache-Control:
      - no-cache
      Connection:
      - keep-alive
      Content-Security-Policy:
      - frame-ancestors 'self'; report-uri https://api.datadoghq.com/csp-report
      Content-Type:
      - application/json
      Date:
      - Fri, 14 Aug 2020 13:01:15 GMT
      Dd-Pool:
      - dogweb
      Pragma:
      - no-cache
      Set-Cookie:
      - DD-PSHARD=233; Max-Age=604800; Path=/; expires=Fri, 21-Aug-2020 13:01:15 GMT;
        secure; HttpOnly
      Strict-Transport-Security:
      - max-age=15724800;
      Vary:
      - Accept-Encoding
      X-Content-Type-Options:
      - nosniff
      X-Dd-Debug:
      - TlObKNxJC6mRjORAptBjah7X7IZlZoWDhxDuIhUdNUMmnkpihyb67mpyYPwy4Xl5
      X-Dd-Version:
      - "35.2879417"
      X-Frame-Options:
      - SAMEORIGIN
      X-Ratelimit-Limit:
      - "1000"
      X-Ratelimit-Period:
      - "60"
      X-Ratelimit-Remaining:
      - "997"
      X-Ratelimit-Reset:
      - "45"
    status: 200 OK
    code: 200
    duration: ""
- request:
    body: ""
    form: {}
    headers:
      Accept:
      - application/json
      Dd-Operation-Id:
      - GetTest
      User-Agent:
      - terraform-provider-datadog/dev (terraform 1.10.0; terraform-cli 0.12.7-sdk)
        datadog-api-client-go/1.0.0-beta.8+dev (go go1.14.4; os darwin; arch amd64)
      X-Datadog-Parent-Id:
      - "8538886448645678314"
      X-Datadog-Sampling-Priority:
      - "1"
      X-Datadog-Trace-Id:
      - "484631011456319198"
    url: https://api.datadoghq.com/api/v1/synthetics/tests/np7-ziu-mge
    method: GET
  response:
    body: '{"status":"paused","public_id":"np7-ziu-mge","tags":["foo:bar","baz"],"locations":["aws:eu-central-1"],"message":"Notify
      @datadog.user","name":"tf-TestAccDatadogSyntheticsBrowserTest_Updated-local-1597410074","monitor_id":21044314,"type":"browser","config":{"variables":[],"request":{"body":"this
      is a body","headers":{"Accept":"application/json","X-Datadog-Trace-ID":"123456789"},"url":"https://www.datadoghq.com","timeout":30,"method":"GET"},"assertions":[]},"options":{"retry":{"count":2,"interval":300},"monitor_options":{"notify_audit":false,"locked":false,"include_tags":true,"new_host_delay":300,"notify_no_data":false,"renotify_interval":100},"device_ids":["laptop_large","mobile_small"],"min_location_failed":1,"tick_every":900}}'
    headers:
      Cache-Control:
      - no-cache
      Connection:
      - keep-alive
      Content-Security-Policy:
      - frame-ancestors 'self'; report-uri https://api.datadoghq.com/csp-report
      Content-Type:
      - application/json
      Date:
      - Fri, 14 Aug 2020 13:01:15 GMT
      Dd-Pool:
      - dogweb
      Pragma:
      - no-cache
      Set-Cookie:
      - DD-PSHARD=233; Max-Age=604800; Path=/; expires=Fri, 21-Aug-2020 13:01:15 GMT;
        secure; HttpOnly
      Strict-Transport-Security:
      - max-age=15724800;
      Vary:
      - Accept-Encoding
      X-Content-Type-Options:
      - nosniff
      X-Dd-Debug:
      - g1JN5WIJ1Um2nWq9AQ7orHFBA37V3eIZYgeyDV/dLV8QtbkkvRVVIW0Fy1xXObzE
      X-Dd-Version:
      - "35.2879417"
      X-Frame-Options:
      - SAMEORIGIN
      X-Ratelimit-Limit:
      - "1000"
      X-Ratelimit-Period:
      - "60"
      X-Ratelimit-Remaining:
      - "996"
      X-Ratelimit-Reset:
      - "45"
    status: 200 OK
    code: 200
    duration: ""
- request:
    body: |
      {"config":{"assertions":[],"request":{"body":"this is an updated body","headers":{"Accept":"application/xml","X-Datadog-Trace-ID":"987654321"},"method":"PUT","timeout":60,"url":"https://docs.datadoghq.com"},"variables":[]},"locations":["aws:eu-central-1"],"message":"Notify @pagerduty","name":"tf-TestAccDatadogSyntheticsBrowserTest_Updated-local-1597410074-updated","options":{"device_ids":["laptop_large","tablet"],"min_failure_duration":10,"min_location_failed":1,"monitor_options":{"renotify_interval":120},"retry":{"count":3,"interval":500},"tick_every":1800},"status":"live","tags":["foo:bar","buz"],"type":"browser"}
    form: {}
    headers:
      Accept:
      - application/json
      Content-Type:
      - application/json
      Dd-Operation-Id:
      - UpdateTest
      User-Agent:
      - terraform-provider-datadog/dev (terraform 1.10.0; terraform-cli 0.12.7-sdk)
        datadog-api-client-go/1.0.0-beta.8+dev (go go1.14.4; os darwin; arch amd64)
      X-Datadog-Parent-Id:
      - "6843533626824003438"
      X-Datadog-Sampling-Priority:
      - "1"
      X-Datadog-Trace-Id:
      - "484631011456319198"
    url: https://api.datadoghq.com/api/v1/synthetics/tests/np7-ziu-mge
    method: PUT
  response:
    body: '{"status":"live","public_id":"np7-ziu-mge","tags":["foo:bar","buz"],"org_id":321813,"locations":["aws:eu-central-1"],"message":"Notify
      @pagerduty","deleted_at":null,"name":"tf-TestAccDatadogSyntheticsBrowserTest_Updated-local-1597410074-updated","monitor_id":21044314,"type":"browser","created_at":"2020-08-14T13:01:15.105272+00:00","modified_at":"2020-08-14T13:01:16.024303+00:00","config":{"variables":[],"request":{"body":"this
      is an updated body","headers":{"Accept":"application/xml","X-Datadog-Trace-ID":"987654321"},"url":"https://docs.datadoghq.com","timeout":60,"method":"PUT"},"assertions":[]},"options":{"retry":{"count":3,"interval":500},"min_location_failed":1,"min_failure_duration":10,"tick_every":1800,"device_ids":["laptop_large","tablet"],"monitor_options":{"notify_audit":false,"locked":false,"include_tags":true,"new_host_delay":300,"notify_no_data":false,"renotify_interval":120}}}'
    headers:
      Cache-Control:
      - no-cache
      Connection:
      - keep-alive
      Content-Security-Policy:
      - frame-ancestors 'self'; report-uri https://api.datadoghq.com/csp-report
      Content-Type:
      - application/json
      Date:
      - Fri, 14 Aug 2020 13:01:16 GMT
      Dd-Pool:
      - dogweb
      Pragma:
      - no-cache
      Set-Cookie:
      - DD-PSHARD=233; Max-Age=604800; Path=/; expires=Fri, 21-Aug-2020 13:01:15 GMT;
        secure; HttpOnly
      Strict-Transport-Security:
      - max-age=15724800;
      Vary:
      - Accept-Encoding
      X-Content-Type-Options:
      - nosniff
      X-Dd-Debug:
      - vJlCdCjZjHKDWCQaZXaKHjefwu7Jotxr42UmWttwNlCEvibEd08wFg9UscwYl4z7
      X-Dd-Version:
      - "35.2879417"
      X-Frame-Options:
      - SAMEORIGIN
      X-Ratelimit-Limit:
      - "500"
      X-Ratelimit-Period:
      - "60"
      X-Ratelimit-Remaining:
      - "499"
      X-Ratelimit-Reset:
      - "45"
    status: 200 OK
    code: 200
    duration: ""
- request:
    body: ""
    form: {}
    headers:
      Accept:
      - application/json
      Dd-Operation-Id:
      - GetTest
      User-Agent:
      - terraform-provider-datadog/dev (terraform 1.10.0; terraform-cli 0.12.7-sdk)
        datadog-api-client-go/1.0.0-beta.8+dev (go go1.14.4; os darwin; arch amd64)
      X-Datadog-Parent-Id:
      - "1205822052632486193"
      X-Datadog-Sampling-Priority:
      - "1"
      X-Datadog-Trace-Id:
      - "484631011456319198"
    url: https://api.datadoghq.com/api/v1/synthetics/tests/np7-ziu-mge
    method: GET
  response:
    body: '{"status":"live","public_id":"np7-ziu-mge","tags":["foo:bar","buz"],"locations":["aws:eu-central-1"],"message":"Notify
      @pagerduty","name":"tf-TestAccDatadogSyntheticsBrowserTest_Updated-local-1597410074-updated","monitor_id":21044314,"type":"browser","config":{"variables":[],"request":{"body":"this
      is an updated body","headers":{"Accept":"application/xml","X-Datadog-Trace-ID":"987654321"},"url":"https://docs.datadoghq.com","timeout":60,"method":"PUT"},"assertions":[]},"options":{"retry":{"count":3,"interval":500},"min_location_failed":1,"min_failure_duration":10,"tick_every":1800,"device_ids":["laptop_large","tablet"],"monitor_options":{"renotify_interval":120}}}'
    headers:
      Cache-Control:
      - no-cache
      Connection:
      - keep-alive
      Content-Security-Policy:
      - frame-ancestors 'self'; report-uri https://api.datadoghq.com/csp-report
      Content-Type:
      - application/json
      Date:
      - Fri, 14 Aug 2020 13:01:17 GMT
      Dd-Pool:
      - dogweb
      Pragma:
      - no-cache
      Set-Cookie:
      - DD-PSHARD=233; Max-Age=604800; Path=/; expires=Fri, 21-Aug-2020 13:01:17 GMT;
        secure; HttpOnly
      Strict-Transport-Security:
      - max-age=15724800;
      Vary:
      - Accept-Encoding
      X-Content-Type-Options:
      - nosniff
      X-Dd-Debug:
      - jrdNt2QvGarP6yOsylH3GAxdMWXM4CYDKNbO7i0omswFkFozD11pdA/9Rp2czovd
      X-Dd-Version:
      - "35.2879417"
      X-Frame-Options:
      - SAMEORIGIN
      X-Ratelimit-Limit:
      - "1000"
      X-Ratelimit-Period:
      - "60"
      X-Ratelimit-Remaining:
      - "995"
      X-Ratelimit-Reset:
      - "43"
    status: 200 OK
    code: 200
    duration: ""
- request:
    body: ""
    form: {}
    headers:
      Accept:
      - application/json
      Dd-Operation-Id:
      - GetTest
      User-Agent:
      - terraform-provider-datadog/dev (terraform 1.10.0; terraform-cli 0.12.7-sdk)
        datadog-api-client-go/1.0.0-beta.8+dev (go go1.14.4; os darwin; arch amd64)
      X-Datadog-Parent-Id:
      - "3630528432912713580"
      X-Datadog-Sampling-Priority:
      - "1"
      X-Datadog-Trace-Id:
      - "484631011456319198"
    url: https://api.datadoghq.com/api/v1/synthetics/tests/np7-ziu-mge
    method: GET
  response:
    body: '{"status":"live","public_id":"np7-ziu-mge","tags":["foo:bar","buz"],"locations":["aws:eu-central-1"],"message":"Notify
      @pagerduty","name":"tf-TestAccDatadogSyntheticsBrowserTest_Updated-local-1597410074-updated","monitor_id":21044314,"type":"browser","config":{"variables":[],"request":{"body":"this
      is an updated body","headers":{"Accept":"application/xml","X-Datadog-Trace-ID":"987654321"},"url":"https://docs.datadoghq.com","timeout":60,"method":"PUT"},"assertions":[]},"options":{"retry":{"count":3,"interval":500},"min_location_failed":1,"min_failure_duration":10,"tick_every":1800,"device_ids":["laptop_large","tablet"],"monitor_options":{"renotify_interval":120}}}'
    headers:
      Cache-Control:
      - no-cache
      Connection:
      - keep-alive
      Content-Security-Policy:
      - frame-ancestors 'self'; report-uri https://api.datadoghq.com/csp-report
      Content-Type:
      - application/json
      Date:
      - Fri, 14 Aug 2020 13:01:17 GMT
      Dd-Pool:
      - dogweb
      Pragma:
      - no-cache
      Set-Cookie:
      - DD-PSHARD=233; Max-Age=604800; Path=/; expires=Fri, 21-Aug-2020 13:01:17 GMT;
        secure; HttpOnly
      Strict-Transport-Security:
      - max-age=15724800;
      Vary:
      - Accept-Encoding
      X-Content-Type-Options:
      - nosniff
      X-Dd-Debug:
      - 92/tpeRQ0by9nn7WsSPyVyXsoLNu8gimYih2BuL6sJV2amfIFPaN8R5eGATyWG3E
      X-Dd-Version:
      - "35.2879417"
      X-Frame-Options:
      - SAMEORIGIN
      X-Ratelimit-Limit:
      - "1000"
      X-Ratelimit-Period:
      - "60"
      X-Ratelimit-Remaining:
      - "994"
      X-Ratelimit-Reset:
      - "43"
    status: 200 OK
    code: 200
    duration: ""
- request:
    body: ""
    form: {}
    headers:
      Accept:
      - application/json
      Dd-Operation-Id:
      - GetTest
      User-Agent:
      - terraform-provider-datadog/dev (terraform 1.10.0; terraform-cli 0.12.7-sdk)
        datadog-api-client-go/1.0.0-beta.8+dev (go go1.14.4; os darwin; arch amd64)
      X-Datadog-Parent-Id:
      - "5183233720507398242"
      X-Datadog-Sampling-Priority:
      - "1"
      X-Datadog-Trace-Id:
      - "484631011456319198"
    url: https://api.datadoghq.com/api/v1/synthetics/tests/np7-ziu-mge
    method: GET
  response:
    body: '{"status":"live","public_id":"np7-ziu-mge","tags":["foo:bar","buz"],"locations":["aws:eu-central-1"],"message":"Notify
      @pagerduty","name":"tf-TestAccDatadogSyntheticsBrowserTest_Updated-local-1597410074-updated","monitor_id":21044314,"type":"browser","config":{"variables":[],"request":{"body":"this
      is an updated body","headers":{"Accept":"application/xml","X-Datadog-Trace-ID":"987654321"},"url":"https://docs.datadoghq.com","timeout":60,"method":"PUT"},"assertions":[]},"options":{"retry":{"count":3,"interval":500},"min_location_failed":1,"min_failure_duration":10,"tick_every":1800,"device_ids":["laptop_large","tablet"],"monitor_options":{"renotify_interval":120}}}'
    headers:
      Cache-Control:
      - no-cache
      Connection:
      - keep-alive
      Content-Security-Policy:
      - frame-ancestors 'self'; report-uri https://api.datadoghq.com/csp-report
      Content-Type:
      - application/json
      Date:
      - Fri, 14 Aug 2020 13:01:17 GMT
      Dd-Pool:
      - dogweb
      Pragma:
      - no-cache
      Set-Cookie:
      - DD-PSHARD=233; Max-Age=604800; Path=/; expires=Fri, 21-Aug-2020 13:01:17 GMT;
        secure; HttpOnly
      Strict-Transport-Security:
      - max-age=15724800;
      Vary:
      - Accept-Encoding
      X-Content-Type-Options:
      - nosniff
      X-Dd-Debug:
      - SRq2Z9lEwLlAnf16mGl+bpeU/aiRKnFBfHHwmTvzUhnzfsNFrKLMMmOgcRDhRFd6
      X-Dd-Version:
      - "35.2879417"
      X-Frame-Options:
      - SAMEORIGIN
      X-Ratelimit-Limit:
      - "1000"
      X-Ratelimit-Period:
      - "60"
      X-Ratelimit-Remaining:
      - "993"
      X-Ratelimit-Reset:
      - "43"
    status: 200 OK
    code: 200
    duration: ""
- request:
    body: ""
    form: {}
    headers:
      Accept:
      - application/json
      Dd-Operation-Id:
      - GetTest
      User-Agent:
      - terraform-provider-datadog/dev (terraform 1.10.0; terraform-cli 0.12.7-sdk)
        datadog-api-client-go/1.0.0-beta.8+dev (go go1.14.4; os darwin; arch amd64)
      X-Datadog-Parent-Id:
      - "679092510089085526"
      X-Datadog-Sampling-Priority:
      - "1"
      X-Datadog-Trace-Id:
      - "484631011456319198"
    url: https://api.datadoghq.com/api/v1/synthetics/tests/np7-ziu-mge
    method: GET
  response:
    body: '{"status":"live","public_id":"np7-ziu-mge","tags":["foo:bar","buz"],"locations":["aws:eu-central-1"],"message":"Notify
      @pagerduty","name":"tf-TestAccDatadogSyntheticsBrowserTest_Updated-local-1597410074-updated","monitor_id":21044314,"type":"browser","config":{"variables":[],"request":{"body":"this
      is an updated body","headers":{"Accept":"application/xml","X-Datadog-Trace-ID":"987654321"},"url":"https://docs.datadoghq.com","timeout":60,"method":"PUT"},"assertions":[]},"options":{"retry":{"count":3,"interval":500},"min_location_failed":1,"min_failure_duration":10,"tick_every":1800,"device_ids":["laptop_large","tablet"],"monitor_options":{"renotify_interval":120}}}'
    headers:
      Cache-Control:
      - no-cache
      Connection:
      - keep-alive
      Content-Security-Policy:
      - frame-ancestors 'self'; report-uri https://api.datadoghq.com/csp-report
      Content-Type:
      - application/json
      Date:
      - Fri, 14 Aug 2020 13:01:17 GMT
      Dd-Pool:
      - dogweb
      Pragma:
      - no-cache
      Set-Cookie:
      - DD-PSHARD=233; Max-Age=604800; Path=/; expires=Fri, 21-Aug-2020 13:01:17 GMT;
        secure; HttpOnly
      Strict-Transport-Security:
      - max-age=15724800;
      Vary:
      - Accept-Encoding
      X-Content-Type-Options:
      - nosniff
      X-Dd-Debug:
      - RNjkldB/U7jBomuDwniiFl3adRN7VFY0k6iblOqPBlb/lnmtli0Xp6qAxW+GhOfn
      X-Dd-Version:
      - "35.2879417"
      X-Frame-Options:
      - SAMEORIGIN
      X-Ratelimit-Limit:
      - "1000"
      X-Ratelimit-Period:
      - "60"
      X-Ratelimit-Remaining:
      - "992"
      X-Ratelimit-Reset:
      - "43"
    status: 200 OK
    code: 200
    duration: ""
- request:
    body: |
      {"public_ids":["np7-ziu-mge"]}
    form: {}
    headers:
      Accept:
      - application/json
      Content-Type:
      - application/json
      Dd-Operation-Id:
      - DeleteTests
      User-Agent:
      - terraform-provider-datadog/dev (terraform 1.10.0; terraform-cli 0.12.7-sdk)
        datadog-api-client-go/1.0.0-beta.8+dev (go go1.14.4; os darwin; arch amd64)
      X-Datadog-Parent-Id:
      - "9222948982622096296"
      X-Datadog-Sampling-Priority:
      - "1"
      X-Datadog-Trace-Id:
      - "484631011456319198"
    url: https://api.datadoghq.com/api/v1/synthetics/tests/delete
    method: POST
  response:
    body: '{"deleted_tests":[{"deleted_at":"2020-08-14T13:01:17.767701+00:00","public_id":"np7-ziu-mge"}]}'
    headers:
      Cache-Control:
      - no-cache
      Connection:
      - keep-alive
      Content-Security-Policy:
      - frame-ancestors 'self'; report-uri https://api.datadoghq.com/csp-report
      Content-Type:
      - application/json
      Date:
      - Fri, 14 Aug 2020 13:01:18 GMT
      Dd-Pool:
      - dogweb
      Pragma:
      - no-cache
      Set-Cookie:
      - DD-PSHARD=233; Max-Age=604800; Path=/; expires=Fri, 21-Aug-2020 13:01:17 GMT;
        secure; HttpOnly
      Strict-Transport-Security:
      - max-age=15724800;
      Vary:
      - Accept-Encoding
      X-Content-Type-Options:
      - nosniff
      X-Dd-Debug:
      - ZTMib3S/rZeXw/RhaeaehRILC7QJAaERfyf3m4/am8FN44e9rxbkPcmk4YzKBISj
      X-Dd-Version:
      - "35.2879417"
      X-Frame-Options:
      - SAMEORIGIN
      X-Ratelimit-Limit:
      - "120"
      X-Ratelimit-Period:
      - "60"
      X-Ratelimit-Remaining:
      - "119"
      X-Ratelimit-Reset:
      - "43"
    status: 200 OK
    code: 200
    duration: ""
- request:
    body: ""
    form: {}
    headers:
      Accept:
      - application/json
      Dd-Operation-Id:
      - GetTest
      User-Agent:
      - terraform-provider-datadog/dev (terraform 1.10.0; terraform-cli 0.12.7-sdk)
        datadog-api-client-go/1.0.0-beta.8+dev (go go1.14.4; os darwin; arch amd64)
      X-Datadog-Parent-Id:
      - "7790303207614178301"
      X-Datadog-Sampling-Priority:
      - "1"
      X-Datadog-Trace-Id:
      - "484631011456319198"
    url: https://api.datadoghq.com/api/v1/synthetics/tests/np7-ziu-mge
    method: GET
  response:
    body: '{"errors": ["Synthetics test not found"]}'
    headers:
      Cache-Control:
      - no-cache
      Connection:
      - keep-alive
      Content-Security-Policy:
      - frame-ancestors 'self'; report-uri https://api.datadoghq.com/csp-report
      Content-Type:
      - application/json
      Date:
      - Fri, 14 Aug 2020 13:01:18 GMT
      Dd-Pool:
      - dogweb
      Pragma:
      - no-cache
      Strict-Transport-Security:
      - max-age=15724800;
      Vary:
      - Accept-Encoding
      X-Content-Type-Options:
      - nosniff
      X-Dd-Version:
      - "35.2879417"
      X-Frame-Options:
      - SAMEORIGIN
      X-Ratelimit-Limit:
      - "1000"
      X-Ratelimit-Period:
      - "60"
      X-Ratelimit-Remaining:
      - "991"
      X-Ratelimit-Reset:
      - "42"
    status: 404 Not Found
    code: 404
    duration: ""
