---
version: 1
interactions:
- request:
    body: |
      {"config":{"assertions":[{"operator":"contains","property":"content-type","target":"application/json","type":"header"},{"operator":"is","target":200,"type":"statusCode"},{"operator":"validatesJSONPath","target":{"jsonPath":"topKey","operator":"isNot","targetValue":"0"},"type":"body"}],"request":{"basicAuth":{"password":"secret","username":"admin"},"body":"this is a body","headers":{"Accept":"application/json","X-Datadog-Trace-ID":"1234566789"},"method":"GET","query":{"foo":"bar"},"timeout":30,"url":"https://www.datadoghq.com"},"variables":[]},"locations":["aws:eu-central-1"],"message":"Notify @datadog.user","name":"name for synthetics test foo","options":{"follow_redirects":true,"min_failure_duration":0,"min_location_failed":1,"tick_every":60},"status":"paused","subtype":"http","tags":["foo:bar","baz"],"type":"api"}
    form: {}
    headers:
      Accept:
      - application/json
      Content-Type:
      - application/json
      Dd-Operation-Id:
      - CreateTest
      User-Agent:
      - datadog-api-client-go/1.0.0-beta.7+dev (go go1.14.4; os darwin; arch amd64)
    url: https://api.datadoghq.com/api/v1/synthetics/tests
    method: POST
  response:
    body: '{"status":"paused","public_id":"8ey-usn-u9d","tags":["foo:bar","baz"],"org_id":321813,"locations":["aws:eu-central-1"],"message":"Notify
      @datadog.user","deleted_at":null,"name":"name for synthetics test foo","monitor_id":20301674,"type":"api","created_at":"2020-07-21T12:02:33.566161+00:00","modified_at":"2020-07-21T12:02:33.566161+00:00","subtype":"http","config":{"variables":[],"request":{"body":"this
      is a body","url":"https://www.datadoghq.com","basicAuth":{"username":"admin","password":"secret"},"headers":{"Accept":"application/json","X-Datadog-Trace-ID":"1234566789"},"timeout":30,"query":{"foo":"bar"},"method":"GET"},"assertions":[{"operator":"contains","property":"content-type","type":"header","target":"application/json"},{"operator":"is","type":"statusCode","target":200},{"operator":"validatesJSONPath","type":"body","target":{"operator":"isNot","targetValue":"0","jsonPath":"topKey"}}]},"options":{"follow_redirects":true,"min_failure_duration":0,"min_location_failed":1,"tick_every":60}}'
    headers:
      Cache-Control:
      - no-cache
      Connection:
      - keep-alive
      Content-Security-Policy:
      - frame-ancestors 'self'; report-uri https://api.datadoghq.com/csp-report
      Content-Type:
      - application/json
      Date:
      - Tue, 21 Jul 2020 12:02:33 GMT
      Dd-Pool:
      - dogweb
      Pragma:
      - no-cache
      Set-Cookie:
      - DD-PSHARD=233; Max-Age=604800; Path=/; expires=Tue, 28-Jul-2020 12:02:32 GMT;
        secure; HttpOnly
      Strict-Transport-Security:
      - max-age=15724800;
      Vary:
      - Accept-Encoding
      X-Content-Type-Options:
      - nosniff
      X-Dd-Debug:
      - pT9LlAdgAzlrCUxMXQkBRs/Qti76jKIHng1uB0/SctAaYjB4WqOgOZYpCbOMQKll
      X-Dd-Version:
      - "35.2764265"
      X-Frame-Options:
      - SAMEORIGIN
      X-Ratelimit-Limit:
      - "120"
      X-Ratelimit-Period:
      - "60"
      X-Ratelimit-Remaining:
      - "110"
      X-Ratelimit-Reset:
      - "28"
    status: 200 OK
    code: 200
    duration: ""
- request:
    body: ""
    form: {}
    headers:
      Accept:
      - application/json
      Dd-Operation-Id:
      - GetTest
      User-Agent:
      - datadog-api-client-go/1.0.0-beta.7+dev (go go1.14.4; os darwin; arch amd64)
    url: https://api.datadoghq.com/api/v1/synthetics/tests/8ey-usn-u9d
    method: GET
  response:
    body: '{"status":"paused","public_id":"8ey-usn-u9d","tags":["foo:bar","baz"],"locations":["aws:eu-central-1"],"message":"Notify
      @datadog.user","name":"name for synthetics test foo","monitor_id":20301674,"type":"api","subtype":"http","config":{"variables":[],"request":{"body":"this
      is a body","url":"https://www.datadoghq.com","basicAuth":{"username":"admin","password":"secret"},"headers":{"Accept":"application/json","X-Datadog-Trace-ID":"1234566789"},"timeout":30,"query":{"foo":"bar"},"method":"GET"},"assertions":[{"operator":"contains","property":"content-type","type":"header","target":"application/json"},{"operator":"is","type":"statusCode","target":200},{"operator":"validatesJSONPath","type":"body","target":{"operator":"isNot","targetValue":"0","jsonPath":"topKey"}}]},"options":{"follow_redirects":true,"min_failure_duration":0,"min_location_failed":1,"tick_every":60}}'
    headers:
      Cache-Control:
      - no-cache
      Connection:
      - keep-alive
      Content-Security-Policy:
      - frame-ancestors 'self'; report-uri https://api.datadoghq.com/csp-report
      Content-Type:
      - application/json
      Date:
      - Tue, 21 Jul 2020 12:02:33 GMT
      Dd-Pool:
      - dogweb
      Pragma:
      - no-cache
      Set-Cookie:
      - DD-PSHARD=233; Max-Age=604800; Path=/; expires=Tue, 28-Jul-2020 12:02:33 GMT;
        secure; HttpOnly
      Strict-Transport-Security:
      - max-age=15724800;
      Vary:
      - Accept-Encoding
      X-Content-Type-Options:
      - nosniff
      X-Dd-Debug:
      - KHJbOoqp3I4BOBzIFnc/Ois3eg3Rjmudy0YalRpnXQEDXDoppykpDMDaJPIufi9t
      X-Dd-Version:
      - "35.2764265"
      X-Frame-Options:
      - SAMEORIGIN
      X-Ratelimit-Limit:
      - "1000"
      X-Ratelimit-Period:
      - "60"
      X-Ratelimit-Remaining:
      - "943"
      X-Ratelimit-Reset:
      - "27"
    status: 200 OK
    code: 200
    duration: ""
- request:
    body: ""
    form: {}
    headers:
      Accept:
      - application/json
      Dd-Operation-Id:
      - GetTest
      User-Agent:
      - datadog-api-client-go/1.0.0-beta.7+dev (go go1.14.4; os darwin; arch amd64)
    url: https://api.datadoghq.com/api/v1/synthetics/tests/8ey-usn-u9d
    method: GET
  response:
    body: '{"status":"paused","public_id":"8ey-usn-u9d","tags":["foo:bar","baz"],"locations":["aws:eu-central-1"],"message":"Notify
      @datadog.user","name":"name for synthetics test foo","monitor_id":20301674,"type":"api","subtype":"http","config":{"variables":[],"request":{"body":"this
      is a body","url":"https://www.datadoghq.com","basicAuth":{"username":"admin","password":"secret"},"headers":{"Accept":"application/json","X-Datadog-Trace-ID":"1234566789"},"timeout":30,"query":{"foo":"bar"},"method":"GET"},"assertions":[{"operator":"contains","property":"content-type","type":"header","target":"application/json"},{"operator":"is","type":"statusCode","target":200},{"operator":"validatesJSONPath","type":"body","target":{"operator":"isNot","targetValue":"0","jsonPath":"topKey"}}]},"options":{"follow_redirects":true,"min_failure_duration":0,"min_location_failed":1,"tick_every":60}}'
    headers:
      Cache-Control:
      - no-cache
      Connection:
      - keep-alive
      Content-Security-Policy:
      - frame-ancestors 'self'; report-uri https://api.datadoghq.com/csp-report
      Content-Type:
      - application/json
      Date:
      - Tue, 21 Jul 2020 12:02:34 GMT
      Dd-Pool:
      - dogweb
      Pragma:
      - no-cache
      Set-Cookie:
      - DD-PSHARD=233; Max-Age=604800; Path=/; expires=Tue, 28-Jul-2020 12:02:34 GMT;
        secure; HttpOnly
      Strict-Transport-Security:
      - max-age=15724800;
      Vary:
      - Accept-Encoding
      X-Content-Type-Options:
      - nosniff
      X-Dd-Debug:
      - RbevWUvO2oQYYDnX/G1lndTh/kTt+ebFIvajU6/3Ivb5c6aUQf49/uD1ICaXyx52
      X-Dd-Version:
      - "35.2764265"
      X-Frame-Options:
      - SAMEORIGIN
      X-Ratelimit-Limit:
      - "1000"
      X-Ratelimit-Period:
      - "60"
      X-Ratelimit-Remaining:
      - "942"
      X-Ratelimit-Reset:
      - "26"
    status: 200 OK
    code: 200
    duration: ""
- request:
    body: ""
    form: {}
    headers:
      Accept:
      - application/json
      Dd-Operation-Id:
      - GetTest
      User-Agent:
      - datadog-api-client-go/1.0.0-beta.7+dev (go go1.14.4; os darwin; arch amd64)
    url: https://api.datadoghq.com/api/v1/synthetics/tests/8ey-usn-u9d
    method: GET
  response:
    body: '{"status":"paused","public_id":"8ey-usn-u9d","tags":["foo:bar","baz"],"locations":["aws:eu-central-1"],"message":"Notify
      @datadog.user","name":"name for synthetics test foo","monitor_id":20301674,"type":"api","subtype":"http","config":{"variables":[],"request":{"body":"this
      is a body","url":"https://www.datadoghq.com","basicAuth":{"username":"admin","password":"secret"},"headers":{"Accept":"application/json","X-Datadog-Trace-ID":"1234566789"},"timeout":30,"query":{"foo":"bar"},"method":"GET"},"assertions":[{"operator":"contains","property":"content-type","type":"header","target":"application/json"},{"operator":"is","type":"statusCode","target":200},{"operator":"validatesJSONPath","type":"body","target":{"operator":"isNot","targetValue":"0","jsonPath":"topKey"}}]},"options":{"follow_redirects":true,"min_failure_duration":0,"min_location_failed":1,"tick_every":60}}'
    headers:
      Cache-Control:
      - no-cache
      Connection:
      - keep-alive
      Content-Security-Policy:
      - frame-ancestors 'self'; report-uri https://api.datadoghq.com/csp-report
      Content-Type:
      - application/json
      Date:
      - Tue, 21 Jul 2020 12:02:34 GMT
      Dd-Pool:
      - dogweb
      Pragma:
      - no-cache
      Set-Cookie:
      - DD-PSHARD=233; Max-Age=604800; Path=/; expires=Tue, 28-Jul-2020 12:02:34 GMT;
        secure; HttpOnly
      Strict-Transport-Security:
      - max-age=15724800;
      Vary:
      - Accept-Encoding
      X-Content-Type-Options:
      - nosniff
      X-Dd-Debug:
      - rk3iIRyevtXsTLLTMsm8PoHrVjRY2UIgJwOnYxasATpPihgg0ps3VPSw7zz+6jrL
      X-Dd-Version:
      - "35.2764265"
      X-Frame-Options:
      - SAMEORIGIN
      X-Ratelimit-Limit:
      - "1000"
      X-Ratelimit-Period:
      - "60"
      X-Ratelimit-Remaining:
      - "940"
      X-Ratelimit-Reset:
      - "26"
    status: 200 OK
    code: 200
    duration: ""
- request:
    body: ""
    form: {}
    headers:
      Accept:
      - application/json
      Dd-Operation-Id:
      - GetTest
      User-Agent:
      - datadog-api-client-go/1.0.0-beta.7+dev (go go1.14.4; os darwin; arch amd64)
    url: https://api.datadoghq.com/api/v1/synthetics/tests/8ey-usn-u9d
    method: GET
  response:
    body: '{"status":"paused","public_id":"8ey-usn-u9d","tags":["foo:bar","baz"],"locations":["aws:eu-central-1"],"message":"Notify
      @datadog.user","name":"name for synthetics test foo","monitor_id":20301674,"type":"api","subtype":"http","config":{"variables":[],"request":{"body":"this
      is a body","url":"https://www.datadoghq.com","basicAuth":{"username":"admin","password":"secret"},"headers":{"Accept":"application/json","X-Datadog-Trace-ID":"1234566789"},"timeout":30,"query":{"foo":"bar"},"method":"GET"},"assertions":[{"operator":"contains","property":"content-type","type":"header","target":"application/json"},{"operator":"is","type":"statusCode","target":200},{"operator":"validatesJSONPath","type":"body","target":{"operator":"isNot","targetValue":"0","jsonPath":"topKey"}}]},"options":{"follow_redirects":true,"min_failure_duration":0,"min_location_failed":1,"tick_every":60}}'
    headers:
      Cache-Control:
      - no-cache
      Connection:
      - keep-alive
      Content-Security-Policy:
      - frame-ancestors 'self'; report-uri https://api.datadoghq.com/csp-report
      Content-Type:
      - application/json
      Date:
      - Tue, 21 Jul 2020 12:02:34 GMT
      Dd-Pool:
      - dogweb
      Pragma:
      - no-cache
      Set-Cookie:
      - DD-PSHARD=233; Max-Age=604800; Path=/; expires=Tue, 28-Jul-2020 12:02:34 GMT;
        secure; HttpOnly
      Strict-Transport-Security:
      - max-age=15724800;
      Vary:
      - Accept-Encoding
      X-Content-Type-Options:
      - nosniff
      X-Dd-Debug:
      - +UwwYRc+A5vkEib2s1YY/+OMx26FxXkDPMnhrpaIz/kTVseyL62lC12FdLJrU3nv
      X-Dd-Version:
      - "35.2764265"
      X-Frame-Options:
      - SAMEORIGIN
      X-Ratelimit-Limit:
      - "1000"
      X-Ratelimit-Period:
      - "60"
      X-Ratelimit-Remaining:
      - "939"
      X-Ratelimit-Reset:
      - "26"
    status: 200 OK
    code: 200
    duration: ""
- request:
    body: |
      {"public_ids":["8ey-usn-u9d"]}
    form: {}
    headers:
      Accept:
      - application/json
      Content-Type:
      - application/json
      Dd-Operation-Id:
      - DeleteTests
      User-Agent:
      - datadog-api-client-go/1.0.0-beta.7+dev (go go1.14.4; os darwin; arch amd64)
    url: https://api.datadoghq.com/api/v1/synthetics/tests/delete
    method: POST
  response:
    body: '{"deleted_tests":[{"deleted_at":"2020-07-21T12:02:34.825574+00:00","public_id":"8ey-usn-u9d"}]}'
    headers:
      Cache-Control:
      - no-cache
      Connection:
      - keep-alive
      Content-Security-Policy:
      - frame-ancestors 'self'; report-uri https://api.datadoghq.com/csp-report
      Content-Type:
      - application/json
      Date:
      - Tue, 21 Jul 2020 12:02:35 GMT
      Dd-Pool:
      - dogweb
      Pragma:
      - no-cache
      Set-Cookie:
      - DD-PSHARD=233; Max-Age=604800; Path=/; expires=Tue, 28-Jul-2020 12:02:34 GMT;
        secure; HttpOnly
      Strict-Transport-Security:
      - max-age=15724800;
      Vary:
      - Accept-Encoding
      X-Content-Type-Options:
      - nosniff
      X-Dd-Debug:
      - 7vC9CD2UnUYbC7cu05B95RgDyGt2vcRq8GQJgBahx4BAPKzA8OvLqEF8NdaLccla
      X-Dd-Version:
      - "35.2764265"
      X-Frame-Options:
      - SAMEORIGIN
      X-Ratelimit-Limit:
      - "120"
      X-Ratelimit-Period:
      - "60"
      X-Ratelimit-Remaining:
      - "110"
      X-Ratelimit-Reset:
      - "26"
    status: 200 OK
    code: 200
    duration: ""
- request:
    body: ""
    form: {}
    headers:
      Accept:
      - application/json
      Dd-Operation-Id:
      - GetTest
      User-Agent:
      - datadog-api-client-go/1.0.0-beta.7+dev (go go1.14.4; os darwin; arch amd64)
    url: https://api.datadoghq.com/api/v1/synthetics/tests/8ey-usn-u9d
    method: GET
  response:
    body: '{"errors": ["Synthetics test not found"]}'
    headers:
      Cache-Control:
      - no-cache
      Connection:
      - keep-alive
      Content-Security-Policy:
      - frame-ancestors 'self'; report-uri https://api.datadoghq.com/csp-report
      Content-Type:
      - application/json
      Date:
      - Tue, 21 Jul 2020 12:02:35 GMT
      Dd-Pool:
      - dogweb
      Pragma:
      - no-cache
      Strict-Transport-Security:
      - max-age=15724800;
      Vary:
      - Accept-Encoding
      X-Content-Type-Options:
      - nosniff
      X-Dd-Version:
      - "35.2764265"
      X-Frame-Options:
      - SAMEORIGIN
      X-Ratelimit-Limit:
      - "1000"
      X-Ratelimit-Period:
      - "60"
      X-Ratelimit-Remaining:
      - "933"
      X-Ratelimit-Reset:
      - "25"
    status: 404 Not Found
    code: 404
    duration: ""
