---
version: 1
interactions:
- request:
    body: |
      {"config":{"assertions":[{"operator":"lessThan","target":2000,"type":"responseTime"}],"request":{"host":"agent-intake.logs.datadoghq.com","port":443},"variables":[]},"locations":["aws:eu-central-1"],"message":"Notify @datadog.user","name":"tf-TestAccDatadogSyntheticsTCPLegacyOptionsTest_Basic-local-1603100048","options":{"tick_every":60},"status":"paused","subtype":"tcp","tags":["foo:bar","baz"],"type":"api"}
    form: {}
    headers:
      Accept:
      - application/json
      Content-Type:
      - application/json
      Dd-Operation-Id:
      - CreateTest
      User-Agent:
      - terraform-provider-datadog/dev (terraform 1.15.0; terraform-cli 0.12.7-sdk)
        datadog-api-client-go/1.0.0-beta.9+dev (go go1.15.2; os darwin; arch amd64)
      X-Datadog-Parent-Id:
      - "6002777893949363968"
      X-Datadog-Sampling-Priority:
      - "1"
      X-Datadog-Trace-Id:
      - "2156198144554575862"
    url: https://api.datadoghq.com/api/v1/synthetics/tests
    method: POST
  response:
    body: '{"status":"paused","public_id":"zqm-fra-rsq","tags":["foo:bar","baz"],"org_id":2,"locations":["aws:eu-central-1"],"message":"Notify
      @datadog.user","deleted_at":null,"name":"tf-TestAccDatadogSyntheticsTCPLegacyOptionsTest_Basic-local-1603100048","monitor_id":24329177,"type":"api","created_at":"2020-10-19T09:34:09.599175+00:00","modified_at":"2020-10-19T09:34:09.599175+00:00","subtype":"tcp","config":{"variables":[],"request":{"host":"agent-intake.logs.datadoghq.com","port":443},"assertions":[{"operator":"lessThan","type":"responseTime","target":2000}]},"options":{"tick_every":60}}'
    headers:
      Cache-Control:
      - no-cache
      Connection:
      - keep-alive
      Content-Security-Policy:
      - frame-ancestors 'self'; report-uri https://api.datadoghq.com/csp-report
      Content-Type:
      - application/json
      Date:
      - Mon, 19 Oct 2020 09:34:09 GMT
      Dd-Pool:
      - dogweb
      Pragma:
      - no-cache
      Set-Cookie:
      - DD-PSHARD=99; Max-Age=604800; Path=/; expires=Mon, 26-Oct-2020 09:34:09 GMT;
        secure; HttpOnly
      Strict-Transport-Security:
      - max-age=15724800;
      Vary:
      - Accept-Encoding
      X-Content-Type-Options:
      - nosniff
      X-Dd-Debug:
      - F+MB1uJtICegWSQGMRxkng/mFaS+IzSp7MVdNCMxEuNz7Df8CVcsilcdpPZyVGTp
      X-Dd-Version:
      - "35.3215058"
      X-Frame-Options:
      - SAMEORIGIN
      X-Ratelimit-Limit:
      - "120"
      X-Ratelimit-Period:
      - "60"
      X-Ratelimit-Remaining:
      - "119"
      X-Ratelimit-Reset:
      - "51"
    status: 200 OK
    code: 200
    duration: ""
- request:
    body: ""
    form: {}
    headers:
      Accept:
      - application/json
      Dd-Operation-Id:
      - GetTest
      User-Agent:
      - terraform-provider-datadog/dev (terraform 1.15.0; terraform-cli 0.12.7-sdk)
        datadog-api-client-go/1.0.0-beta.9+dev (go go1.15.2; os darwin; arch amd64)
      X-Datadog-Parent-Id:
      - "5525847007577883651"
      X-Datadog-Sampling-Priority:
      - "1"
      X-Datadog-Trace-Id:
      - "2156198144554575862"
    url: https://api.datadoghq.com/api/v1/synthetics/tests/zqm-fra-rsq
    method: GET
  response:
    body: '{"status":"paused","public_id":"zqm-fra-rsq","tags":["foo:bar","baz"],"locations":["aws:eu-central-1"],"message":"Notify
      @datadog.user","name":"tf-TestAccDatadogSyntheticsTCPLegacyOptionsTest_Basic-local-1603100048","monitor_id":24329177,"type":"api","subtype":"tcp","config":{"variables":[],"request":{"host":"agent-intake.logs.datadoghq.com","port":443},"assertions":[{"operator":"lessThan","type":"responseTime","target":2000}]},"options":{"tick_every":60}}'
    headers:
      Cache-Control:
      - no-cache
      Connection:
      - keep-alive
      Content-Security-Policy:
      - frame-ancestors 'self'; report-uri https://api.datadoghq.com/csp-report
      Content-Type:
      - application/json
      Date:
      - Mon, 19 Oct 2020 09:34:09 GMT
      Dd-Pool:
      - dogweb
      Pragma:
      - no-cache
      Set-Cookie:
      - DD-PSHARD=99; Max-Age=604800; Path=/; expires=Mon, 26-Oct-2020 09:34:09 GMT;
        secure; HttpOnly
      Strict-Transport-Security:
      - max-age=15724800;
      Vary:
      - Accept-Encoding
      X-Content-Type-Options:
      - nosniff
      X-Dd-Debug:
      - czEVy5beKXV4pQAZ5xftzVoEe/6sl5mAUrgslod1oQM8E1r6UMNK9mDY9umj8H+Q
      X-Dd-Version:
      - "35.3215058"
      X-Frame-Options:
      - SAMEORIGIN
      X-Ratelimit-Limit:
      - "1000"
      X-Ratelimit-Period:
      - "60"
      X-Ratelimit-Remaining:
      - "999"
      X-Ratelimit-Reset:
      - "51"
    status: 200 OK
    code: 200
    duration: ""
- request:
    body: ""
    form: {}
    headers:
      Accept:
      - application/json
      Dd-Operation-Id:
      - GetTest
      User-Agent:
      - terraform-provider-datadog/dev (terraform 1.15.0; terraform-cli 0.12.7-sdk)
        datadog-api-client-go/1.0.0-beta.9+dev (go go1.15.2; os darwin; arch amd64)
      X-Datadog-Parent-Id:
      - "2120894910000997344"
      X-Datadog-Sampling-Priority:
      - "1"
      X-Datadog-Trace-Id:
      - "2156198144554575862"
    url: https://api.datadoghq.com/api/v1/synthetics/tests/zqm-fra-rsq
    method: GET
  response:
    body: '{"status":"paused","public_id":"zqm-fra-rsq","tags":["foo:bar","baz"],"locations":["aws:eu-central-1"],"message":"Notify
      @datadog.user","name":"tf-TestAccDatadogSyntheticsTCPLegacyOptionsTest_Basic-local-1603100048","monitor_id":24329177,"type":"api","subtype":"tcp","config":{"variables":[],"request":{"host":"agent-intake.logs.datadoghq.com","port":443},"assertions":[{"operator":"lessThan","type":"responseTime","target":2000}]},"options":{"tick_every":60}}'
    headers:
      Cache-Control:
      - no-cache
      Connection:
      - keep-alive
      Content-Security-Policy:
      - frame-ancestors 'self'; report-uri https://api.datadoghq.com/csp-report
      Content-Type:
      - application/json
      Date:
      - Mon, 19 Oct 2020 09:34:09 GMT
      Dd-Pool:
      - dogweb
      Pragma:
      - no-cache
      Set-Cookie:
      - DD-PSHARD=99; Max-Age=604800; Path=/; expires=Mon, 26-Oct-2020 09:34:09 GMT;
        secure; HttpOnly
      Strict-Transport-Security:
      - max-age=15724800;
      Vary:
      - Accept-Encoding
      X-Content-Type-Options:
      - nosniff
      X-Dd-Debug:
      - 2WpVLT6XfnIg4Icl10Bkfr2LmWju5l1mcL3EeaTPuJ+k4vOzKW0gcbyPFosLZlNj
      X-Dd-Version:
      - "35.3215058"
      X-Frame-Options:
      - SAMEORIGIN
      X-Ratelimit-Limit:
      - "1000"
      X-Ratelimit-Period:
      - "60"
      X-Ratelimit-Remaining:
      - "998"
      X-Ratelimit-Reset:
      - "51"
    status: 200 OK
    code: 200
    duration: ""
- request:
    body: ""
    form: {}
    headers:
      Accept:
      - application/json
      Dd-Operation-Id:
      - GetTest
      User-Agent:
      - terraform-provider-datadog/dev (terraform 1.15.0; terraform-cli 0.12.7-sdk)
        datadog-api-client-go/1.0.0-beta.9+dev (go go1.15.2; os darwin; arch amd64)
      X-Datadog-Parent-Id:
      - "1464949244072861413"
      X-Datadog-Sampling-Priority:
      - "1"
      X-Datadog-Trace-Id:
      - "2156198144554575862"
    url: https://api.datadoghq.com/api/v1/synthetics/tests/zqm-fra-rsq
    method: GET
  response:
    body: '{"status":"paused","public_id":"zqm-fra-rsq","tags":["foo:bar","baz"],"locations":["aws:eu-central-1"],"message":"Notify
      @datadog.user","name":"tf-TestAccDatadogSyntheticsTCPLegacyOptionsTest_Basic-local-1603100048","monitor_id":24329177,"type":"api","subtype":"tcp","config":{"variables":[],"request":{"host":"agent-intake.logs.datadoghq.com","port":443},"assertions":[{"operator":"lessThan","type":"responseTime","target":2000}]},"options":{"tick_every":60}}'
    headers:
      Cache-Control:
      - no-cache
      Connection:
      - keep-alive
      Content-Security-Policy:
      - frame-ancestors 'self'; report-uri https://api.datadoghq.com/csp-report
      Content-Type:
      - application/json
      Date:
      - Mon, 19 Oct 2020 09:34:10 GMT
      Dd-Pool:
      - dogweb
      Pragma:
      - no-cache
      Set-Cookie:
      - DD-PSHARD=99; Max-Age=604800; Path=/; expires=Mon, 26-Oct-2020 09:34:10 GMT;
        secure; HttpOnly
      Strict-Transport-Security:
      - max-age=15724800;
      Vary:
      - Accept-Encoding
      X-Content-Type-Options:
      - nosniff
      X-Dd-Debug:
      - 6IhQMEQHjYL1ZYwBd1xPnaqhoM5GIKrVP4vKHrLdyvV0W9ZbpSld8lY0ehD40SZe
      X-Dd-Version:
      - "35.3215058"
      X-Frame-Options:
      - SAMEORIGIN
      X-Ratelimit-Limit:
      - "1000"
      X-Ratelimit-Period:
      - "60"
      X-Ratelimit-Remaining:
      - "997"
      X-Ratelimit-Reset:
      - "50"
    status: 200 OK
    code: 200
    duration: ""
- request:
    body: ""
    form: {}
    headers:
      Accept:
      - application/json
      Dd-Operation-Id:
      - GetTest
      User-Agent:
      - terraform-provider-datadog/dev (terraform 1.15.0; terraform-cli 0.12.7-sdk)
        datadog-api-client-go/1.0.0-beta.9+dev (go go1.15.2; os darwin; arch amd64)
      X-Datadog-Parent-Id:
      - "5668348154230121346"
      X-Datadog-Sampling-Priority:
      - "1"
      X-Datadog-Trace-Id:
      - "2156198144554575862"
    url: https://api.datadoghq.com/api/v1/synthetics/tests/zqm-fra-rsq
    method: GET
  response:
    body: '{"status":"paused","public_id":"zqm-fra-rsq","tags":["foo:bar","baz"],"locations":["aws:eu-central-1"],"message":"Notify
      @datadog.user","name":"tf-TestAccDatadogSyntheticsTCPLegacyOptionsTest_Basic-local-1603100048","monitor_id":24329177,"type":"api","subtype":"tcp","config":{"variables":[],"request":{"host":"agent-intake.logs.datadoghq.com","port":443},"assertions":[{"operator":"lessThan","type":"responseTime","target":2000}]},"options":{"tick_every":60}}'
    headers:
      Cache-Control:
      - no-cache
      Connection:
      - keep-alive
      Content-Security-Policy:
      - frame-ancestors 'self'; report-uri https://api.datadoghq.com/csp-report
      Content-Type:
      - application/json
      Date:
      - Mon, 19 Oct 2020 09:34:10 GMT
      Dd-Pool:
      - dogweb
      Pragma:
      - no-cache
      Set-Cookie:
      - DD-PSHARD=99; Max-Age=604800; Path=/; expires=Mon, 26-Oct-2020 09:34:10 GMT;
        secure; HttpOnly
      Strict-Transport-Security:
      - max-age=15724800;
      Vary:
      - Accept-Encoding
      X-Content-Type-Options:
      - nosniff
      X-Dd-Debug:
      - cwBlcFIcwDsv4IobSK5BCzc5xYE7Ob8qdF8Udq49IJhq23UAvY7SHKc1FyJJqC66
      X-Dd-Version:
      - "35.3215058"
      X-Frame-Options:
      - SAMEORIGIN
      X-Ratelimit-Limit:
      - "1000"
      X-Ratelimit-Period:
      - "60"
      X-Ratelimit-Remaining:
      - "996"
      X-Ratelimit-Reset:
      - "50"
    status: 200 OK
    code: 200
    duration: ""
- request:
    body: |
      {"config":{"assertions":[{"operator":"lessThan","target":2000,"type":"responseTime"}],"request":{"host":"agent-intake.logs.datadoghq.com","port":443},"variables":[]},"locations":["aws:eu-central-1"],"message":"Notify @datadog.user","name":"tf-TestAccDatadogSyntheticsTCPLegacyOptionsTest_Basic-local-1603100048","options":{"min_location_failed":1,"tick_every":60},"status":"paused","subtype":"tcp","tags":["foo:bar","baz"],"type":"api"}
    form: {}
    headers:
      Accept:
      - application/json
      Content-Type:
      - application/json
      Dd-Operation-Id:
      - UpdateTest
      User-Agent:
      - terraform-provider-datadog/dev (terraform 1.15.0; terraform-cli 0.12.7-sdk)
        datadog-api-client-go/1.0.0-beta.9+dev (go go1.15.2; os darwin; arch amd64)
      X-Datadog-Parent-Id:
      - "7423859173822737498"
      X-Datadog-Sampling-Priority:
      - "1"
      X-Datadog-Trace-Id:
      - "2156198144554575862"
    url: https://api.datadoghq.com/api/v1/synthetics/tests/zqm-fra-rsq
    method: PUT
  response:
    body: '{"status":"paused","public_id":"zqm-fra-rsq","tags":["foo:bar","baz"],"org_id":2,"locations":["aws:eu-central-1"],"message":"Notify
      @datadog.user","deleted_at":null,"name":"tf-TestAccDatadogSyntheticsTCPLegacyOptionsTest_Basic-local-1603100048","monitor_id":24329177,"type":"api","created_at":"2020-10-19T09:34:09.599175+00:00","modified_at":"2020-10-19T09:34:10.543606+00:00","subtype":"tcp","config":{"variables":[],"request":{"host":"agent-intake.logs.datadoghq.com","port":443},"assertions":[{"operator":"lessThan","type":"responseTime","target":2000}]},"options":{"min_location_failed":1,"tick_every":60}}'
    headers:
      Cache-Control:
      - no-cache
      Connection:
      - keep-alive
      Content-Security-Policy:
      - frame-ancestors 'self'; report-uri https://api.datadoghq.com/csp-report
      Content-Type:
      - application/json
      Date:
      - Mon, 19 Oct 2020 09:34:10 GMT
      Dd-Pool:
      - dogweb
      Pragma:
      - no-cache
      Set-Cookie:
      - DD-PSHARD=99; Max-Age=604800; Path=/; expires=Mon, 26-Oct-2020 09:34:10 GMT;
        secure; HttpOnly
      Strict-Transport-Security:
      - max-age=15724800;
      Vary:
      - Accept-Encoding
      X-Content-Type-Options:
      - nosniff
      X-Dd-Debug:
      - HvCCHsTxMdYM0gaKHtI2IcmEJsAxsAXyEwSakV4VwU0gJM0DBm5BMD3H6ZYBdo1H
      X-Dd-Version:
      - "35.3215058"
      X-Frame-Options:
      - SAMEORIGIN
      X-Ratelimit-Limit:
      - "500"
      X-Ratelimit-Period:
      - "60"
      X-Ratelimit-Remaining:
      - "499"
      X-Ratelimit-Reset:
      - "50"
    status: 200 OK
    code: 200
    duration: ""
- request:
    body: ""
    form: {}
    headers:
      Accept:
      - application/json
      Dd-Operation-Id:
      - GetTest
      User-Agent:
      - terraform-provider-datadog/dev (terraform 1.15.0; terraform-cli 0.12.7-sdk)
        datadog-api-client-go/1.0.0-beta.9+dev (go go1.15.2; os darwin; arch amd64)
      X-Datadog-Parent-Id:
      - "6867669392365497048"
      X-Datadog-Sampling-Priority:
      - "1"
      X-Datadog-Trace-Id:
      - "2156198144554575862"
    url: https://api.datadoghq.com/api/v1/synthetics/tests/zqm-fra-rsq
    method: GET
  response:
    body: '{"status":"paused","public_id":"zqm-fra-rsq","tags":["foo:bar","baz"],"locations":["aws:eu-central-1"],"message":"Notify
      @datadog.user","name":"tf-TestAccDatadogSyntheticsTCPLegacyOptionsTest_Basic-local-1603100048","monitor_id":24329177,"type":"api","subtype":"tcp","config":{"variables":[],"request":{"host":"agent-intake.logs.datadoghq.com","port":443},"assertions":[{"operator":"lessThan","type":"responseTime","target":2000}]},"options":{"min_location_failed":1,"tick_every":60}}'
    headers:
      Cache-Control:
      - no-cache
      Connection:
      - keep-alive
      Content-Security-Policy:
      - frame-ancestors 'self'; report-uri https://api.datadoghq.com/csp-report
      Content-Type:
      - application/json
      Date:
      - Mon, 19 Oct 2020 09:34:10 GMT
      Dd-Pool:
      - dogweb
      Pragma:
      - no-cache
      Set-Cookie:
      - DD-PSHARD=99; Max-Age=604800; Path=/; expires=Mon, 26-Oct-2020 09:34:10 GMT;
        secure; HttpOnly
      Strict-Transport-Security:
      - max-age=15724800;
      Vary:
      - Accept-Encoding
      X-Content-Type-Options:
      - nosniff
      X-Dd-Debug:
      - LSvqfCNKuJQN5oAMgicB0LCJSMqBhaMaYHfLaKzBumKF+HG8Kk13DRv43BL/WWBk
      X-Dd-Version:
      - "35.3215058"
      X-Frame-Options:
      - SAMEORIGIN
      X-Ratelimit-Limit:
      - "1000"
      X-Ratelimit-Period:
      - "60"
      X-Ratelimit-Remaining:
      - "995"
      X-Ratelimit-Reset:
      - "50"
    status: 200 OK
    code: 200
    duration: ""
- request:
    body: ""
    form: {}
    headers:
      Accept:
      - application/json
      Dd-Operation-Id:
      - GetTest
      User-Agent:
      - terraform-provider-datadog/dev (terraform 1.15.0; terraform-cli 0.12.7-sdk)
        datadog-api-client-go/1.0.0-beta.9+dev (go go1.15.2; os darwin; arch amd64)
      X-Datadog-Parent-Id:
      - "3669949812745469438"
      X-Datadog-Sampling-Priority:
      - "1"
      X-Datadog-Trace-Id:
      - "2156198144554575862"
    url: https://api.datadoghq.com/api/v1/synthetics/tests/zqm-fra-rsq
    method: GET
  response:
    body: '{"status":"paused","public_id":"zqm-fra-rsq","tags":["foo:bar","baz"],"locations":["aws:eu-central-1"],"message":"Notify
      @datadog.user","name":"tf-TestAccDatadogSyntheticsTCPLegacyOptionsTest_Basic-local-1603100048","monitor_id":24329177,"type":"api","subtype":"tcp","config":{"variables":[],"request":{"host":"agent-intake.logs.datadoghq.com","port":443},"assertions":[{"operator":"lessThan","type":"responseTime","target":2000}]},"options":{"min_location_failed":1,"tick_every":60}}'
    headers:
      Cache-Control:
      - no-cache
      Connection:
      - keep-alive
      Content-Security-Policy:
      - frame-ancestors 'self'; report-uri https://api.datadoghq.com/csp-report
      Content-Type:
      - application/json
      Date:
      - Mon, 19 Oct 2020 09:34:10 GMT
      Dd-Pool:
      - dogweb
      Pragma:
      - no-cache
      Set-Cookie:
      - DD-PSHARD=99; Max-Age=604800; Path=/; expires=Mon, 26-Oct-2020 09:34:10 GMT;
        secure; HttpOnly
      Strict-Transport-Security:
      - max-age=15724800;
      Vary:
      - Accept-Encoding
      X-Content-Type-Options:
      - nosniff
      X-Dd-Debug:
      - Xg/YZweB8L/9y2bk9dLfKv6mTe53iWJN13eGXk6rwnDvTKZPuXf1i9AdXnCIzJ+B
      X-Dd-Version:
      - "35.3215058"
      X-Frame-Options:
      - SAMEORIGIN
      X-Ratelimit-Limit:
      - "1000"
      X-Ratelimit-Period:
      - "60"
      X-Ratelimit-Remaining:
      - "994"
      X-Ratelimit-Reset:
      - "50"
    status: 200 OK
    code: 200
    duration: ""
- request:
    body: ""
    form: {}
    headers:
      Accept:
      - application/json
      Dd-Operation-Id:
      - GetTest
      User-Agent:
      - terraform-provider-datadog/dev (terraform 1.15.0; terraform-cli 0.12.7-sdk)
        datadog-api-client-go/1.0.0-beta.9+dev (go go1.15.2; os darwin; arch amd64)
      X-Datadog-Parent-Id:
      - "6887601137600410669"
      X-Datadog-Sampling-Priority:
      - "1"
      X-Datadog-Trace-Id:
      - "2156198144554575862"
    url: https://api.datadoghq.com/api/v1/synthetics/tests/zqm-fra-rsq
    method: GET
  response:
    body: '{"status":"paused","public_id":"zqm-fra-rsq","tags":["foo:bar","baz"],"locations":["aws:eu-central-1"],"message":"Notify
      @datadog.user","name":"tf-TestAccDatadogSyntheticsTCPLegacyOptionsTest_Basic-local-1603100048","monitor_id":24329177,"type":"api","subtype":"tcp","config":{"variables":[],"request":{"host":"agent-intake.logs.datadoghq.com","port":443},"assertions":[{"operator":"lessThan","type":"responseTime","target":2000}]},"options":{"min_location_failed":1,"tick_every":60}}'
    headers:
      Cache-Control:
      - no-cache
      Connection:
      - keep-alive
      Content-Security-Policy:
      - frame-ancestors 'self'; report-uri https://api.datadoghq.com/csp-report
      Content-Type:
      - application/json
      Date:
      - Mon, 19 Oct 2020 09:34:11 GMT
      Dd-Pool:
      - dogweb
      Pragma:
      - no-cache
      Set-Cookie:
      - DD-PSHARD=99; Max-Age=604800; Path=/; expires=Mon, 26-Oct-2020 09:34:11 GMT;
        secure; HttpOnly
      Strict-Transport-Security:
      - max-age=15724800;
      Vary:
      - Accept-Encoding
      X-Content-Type-Options:
      - nosniff
      X-Dd-Debug:
      - 84uqub9zpmlgg8irRO/sOXYuWjXevKJ3PeFDkydS20gUrNiRDeiB84n5Q67dF4oL
      X-Dd-Version:
      - "35.3215058"
      X-Frame-Options:
      - SAMEORIGIN
      X-Ratelimit-Limit:
      - "1000"
      X-Ratelimit-Period:
      - "60"
      X-Ratelimit-Remaining:
      - "993"
      X-Ratelimit-Reset:
      - "49"
    status: 200 OK
    code: 200
    duration: ""
- request:
    body: ""
    form: {}
    headers:
      Accept:
      - application/json
      Dd-Operation-Id:
      - GetTest
      User-Agent:
      - terraform-provider-datadog/dev (terraform 1.15.0; terraform-cli 0.12.7-sdk)
        datadog-api-client-go/1.0.0-beta.9+dev (go go1.15.2; os darwin; arch amd64)
      X-Datadog-Parent-Id:
      - "1819668585256918431"
      X-Datadog-Sampling-Priority:
      - "1"
      X-Datadog-Trace-Id:
      - "2156198144554575862"
    url: https://api.datadoghq.com/api/v1/synthetics/tests/zqm-fra-rsq
    method: GET
  response:
    body: '{"status":"paused","public_id":"zqm-fra-rsq","tags":["foo:bar","baz"],"locations":["aws:eu-central-1"],"message":"Notify
      @datadog.user","name":"tf-TestAccDatadogSyntheticsTCPLegacyOptionsTest_Basic-local-1603100048","monitor_id":24329177,"type":"api","subtype":"tcp","config":{"variables":[],"request":{"host":"agent-intake.logs.datadoghq.com","port":443},"assertions":[{"operator":"lessThan","type":"responseTime","target":2000}]},"options":{"min_location_failed":1,"tick_every":60}}'
    headers:
      Cache-Control:
      - no-cache
      Connection:
      - keep-alive
      Content-Security-Policy:
      - frame-ancestors 'self'; report-uri https://api.datadoghq.com/csp-report
      Content-Type:
      - application/json
      Date:
      - Mon, 19 Oct 2020 09:34:11 GMT
      Dd-Pool:
      - dogweb
      Pragma:
      - no-cache
      Set-Cookie:
      - DD-PSHARD=99; Max-Age=604800; Path=/; expires=Mon, 26-Oct-2020 09:34:11 GMT;
        secure; HttpOnly
      Strict-Transport-Security:
      - max-age=15724800;
      Vary:
      - Accept-Encoding
      X-Content-Type-Options:
      - nosniff
      X-Dd-Debug:
      - hkXZRrnCTh2pkyHJgLo1+B5+sLp+RYzQrqT867R6UzDvqVGo8Av8yUCpaA0POidP
      X-Dd-Version:
      - "35.3215058"
      X-Frame-Options:
      - SAMEORIGIN
      X-Ratelimit-Limit:
      - "1000"
      X-Ratelimit-Period:
      - "60"
      X-Ratelimit-Remaining:
      - "992"
      X-Ratelimit-Reset:
      - "49"
    status: 200 OK
    code: 200
    duration: ""
- request:
    body: |
      {"public_ids":["zqm-fra-rsq"]}
    form: {}
    headers:
      Accept:
      - application/json
      Content-Type:
      - application/json
      Dd-Operation-Id:
      - DeleteTests
      User-Agent:
      - terraform-provider-datadog/dev (terraform 1.15.0; terraform-cli 0.12.7-sdk)
        datadog-api-client-go/1.0.0-beta.9+dev (go go1.15.2; os darwin; arch amd64)
      X-Datadog-Parent-Id:
      - "3739457461238545843"
      X-Datadog-Sampling-Priority:
      - "1"
      X-Datadog-Trace-Id:
      - "2156198144554575862"
    url: https://api.datadoghq.com/api/v1/synthetics/tests/delete
    method: POST
  response:
    body: '{"deleted_tests":[{"deleted_at":"2020-10-19T09:34:11.450825+00:00","public_id":"zqm-fra-rsq"}]}'
    headers:
      Cache-Control:
      - no-cache
      Connection:
      - keep-alive
      Content-Security-Policy:
      - frame-ancestors 'self'; report-uri https://api.datadoghq.com/csp-report
      Content-Type:
      - application/json
      Date:
      - Mon, 19 Oct 2020 09:34:12 GMT
      Dd-Pool:
      - dogweb
      Pragma:
      - no-cache
      Set-Cookie:
      - DD-PSHARD=99; Max-Age=604800; Path=/; expires=Mon, 26-Oct-2020 09:34:11 GMT;
        secure; HttpOnly
      Strict-Transport-Security:
      - max-age=15724800;
      Vary:
      - Accept-Encoding
      X-Content-Type-Options:
      - nosniff
      X-Dd-Debug:
      - Eb2J7DZKGMCxUULFPVCE5N014uh3tvnvHgnaA7NVroaoqvWd6z7v+RZklq5100Rp
      X-Dd-Version:
      - "35.3215058"
      X-Frame-Options:
      - SAMEORIGIN
      X-Ratelimit-Limit:
      - "120"
      X-Ratelimit-Period:
      - "60"
      X-Ratelimit-Remaining:
      - "119"
      X-Ratelimit-Reset:
      - "49"
    status: 200 OK
    code: 200
    duration: ""
- request:
    body: ""
    form: {}
    headers:
      Accept:
      - application/json
      Dd-Operation-Id:
      - GetTest
      User-Agent:
      - terraform-provider-datadog/dev (terraform 1.15.0; terraform-cli 0.12.7-sdk)
        datadog-api-client-go/1.0.0-beta.9+dev (go go1.15.2; os darwin; arch amd64)
      X-Datadog-Parent-Id:
      - "1435789729901348212"
      X-Datadog-Sampling-Priority:
      - "1"
      X-Datadog-Trace-Id:
      - "2156198144554575862"
    url: https://api.datadoghq.com/api/v1/synthetics/tests/zqm-fra-rsq
    method: GET
  response:
    body: '{"errors": ["Synthetics test not found"]}'
    headers:
      Cache-Control:
      - no-cache
      Connection:
      - keep-alive
      Content-Security-Policy:
      - frame-ancestors 'self'; report-uri https://api.datadoghq.com/csp-report
      Content-Type:
      - application/json
      Date:
      - Mon, 19 Oct 2020 09:34:12 GMT
      Dd-Pool:
      - dogweb
      Pragma:
      - no-cache
      Strict-Transport-Security:
      - max-age=15724800;
      Vary:
      - Accept-Encoding
      X-Content-Type-Options:
      - nosniff
      X-Dd-Version:
      - "35.3215058"
      X-Frame-Options:
      - SAMEORIGIN
      X-Ratelimit-Limit:
      - "1000"
      X-Ratelimit-Period:
      - "60"
      X-Ratelimit-Remaining:
      - "991"
      X-Ratelimit-Reset:
      - "48"
    status: 404 Not Found
    code: 404
    duration: ""
