---
version: 1
interactions:
- request:
    body: |
      {"config":{"assertions":[],"configVariables":[],"request":{"body":"this is a body","headers":{"Accept":"application/json","X-Datadog-Trace-ID":"123456789"},"method":"GET","timeout":30,"url":"https://www.datadoghq.com"},"variables":[{"example":"597","name":"MY_PATTERN_VAR","pattern":"{{numeric(3)}}","type":"text"}]},"locations":["aws:eu-central-1"],"message":"Notify @datadog.user","name":"tf-TestAccDatadogSyntheticsBrowserTest_Updated-local-1609927548","options":{"device_ids":["laptop_large","mobile_small"],"min_location_failed":1,"monitor_options":{"renotify_interval":100},"retry":{"count":2,"interval":300},"tick_every":900},"status":"paused","steps":[{"allowFailure":false,"name":"first step","params":{"check":"contains","value":"content"},"timeout":0,"type":"assertCurrentUrl"}],"tags":["foo:bar","baz"],"type":"browser"}
    form: {}
    headers:
      Accept:
      - application/json
      Content-Type:
      - application/json
      Dd-Operation-Id:
      - CreateTest
      User-Agent:
      - terraform-provider-datadog/dev (terraform 1.15.0; terraform-cli 0.12.7-sdk)
        datadog-api-client-go/1.0.0-beta.13+dev (go go1.15.3; os darwin; arch amd64)
      X-Datadog-Parent-Id:
      - "1873712464842872041"
      X-Datadog-Sampling-Priority:
      - "1"
      X-Datadog-Trace-Id:
      - "5585102325963416213"
    url: https://api.datadoghq.com/api/v1/synthetics/tests
    method: POST
  response:
    body: '{"status":"paused","public_id":"fci-vea-jcc","tags":["foo:bar","baz"],"org_id":321813,"locations":["aws:eu-central-1"],"message":"Notify
      @datadog.user","deleted_at":null,"name":"tf-TestAccDatadogSyntheticsBrowserTest_Updated-local-1609927548","monitor_id":28311709,"type":"browser","created_at":"2021-01-06T10:05:48.812674+00:00","modified_at":"2021-01-06T10:05:48.812674+00:00","config":{"variables":[{"pattern":"{{numeric(3)}}","type":"text","example":"597","name":"MY_PATTERN_VAR"}],"request":{"body":"this
      is a body","headers":{"Accept":"application/json","X-Datadog-Trace-ID":"123456789"},"url":"https://www.datadoghq.com","timeout":30,"method":"GET"},"assertions":[],"configVariables":[]},"options":{"retry":{"count":2,"interval":300},"monitor_options":{"notify_audit":false,"locked":false,"include_tags":true,"new_host_delay":300,"notify_no_data":false,"renotify_interval":100},"device_ids":["laptop_large","mobile_small"],"min_location_failed":1,"tick_every":900}}'
    headers:
      Cache-Control:
      - no-cache
      Connection:
      - keep-alive
      Content-Security-Policy:
      - frame-ancestors 'self'; report-uri https://api.datadoghq.com/csp-report
      Content-Type:
      - application/json
      Date:
      - Wed, 06 Jan 2021 10:05:48 GMT
      Pragma:
      - no-cache
      Set-Cookie:
      - DD-PSHARD=233; Max-Age=604800; Path=/; expires=Wed, 13-Jan-2021 10:05:48 GMT;
        secure; HttpOnly
      Strict-Transport-Security:
      - max-age=15724800;
      Vary:
      - Accept-Encoding
      X-Content-Type-Options:
      - nosniff
      X-Dd-Debug:
      - hhAfI9DpjHRbHS2z+2prVh0mHwAun3McFDOF8AzNv8c8J6c/l2q8Kye8syKGTxkY
      X-Dd-Version:
      - "35.3647765"
      X-Frame-Options:
      - SAMEORIGIN
      X-Ratelimit-Limit:
      - "120"
      X-Ratelimit-Period:
      - "60"
      X-Ratelimit-Remaining:
      - "118"
      X-Ratelimit-Reset:
      - "12"
    status: 200 OK
    code: 200
    duration: ""
- request:
    body: ""
    form: {}
    headers:
      Accept:
      - application/json
      Dd-Operation-Id:
      - GetBrowserTest
      User-Agent:
      - terraform-provider-datadog/dev (terraform 1.15.0; terraform-cli 0.12.7-sdk)
        datadog-api-client-go/1.0.0-beta.13+dev (go go1.15.3; os darwin; arch amd64)
      X-Datadog-Parent-Id:
      - "8856774900021745155"
      X-Datadog-Sampling-Priority:
      - "1"
      X-Datadog-Trace-Id:
      - "5585102325963416213"
    url: https://api.datadoghq.com/api/v1/synthetics/tests/browser/fci-vea-jcc
    method: GET
  response:
    body: '{"status":"paused","public_id":"fci-vea-jcc","tags":["foo:bar","baz"],"locations":["aws:eu-central-1"],"message":"Notify
      @datadog.user","name":"tf-TestAccDatadogSyntheticsBrowserTest_Updated-local-1609927548","monitor_id":28311709,"type":"browser","steps":[{"name":"first
      step","allowFailure":false,"params":{"check":"contains","value":"content"},"timeout":0,"type":"assertCurrentUrl"}],"config":{"variables":[{"pattern":"{{numeric(3)}}","type":"text","example":"597","name":"MY_PATTERN_VAR"}],"request":{"body":"this
      is a body","headers":{"Accept":"application/json","X-Datadog-Trace-ID":"123456789"},"url":"https://www.datadoghq.com","timeout":30,"method":"GET"},"assertions":[],"configVariables":[]},"options":{"retry":{"count":2,"interval":300},"monitor_options":{"notify_audit":false,"locked":false,"include_tags":true,"new_host_delay":300,"notify_no_data":false,"renotify_interval":100},"device_ids":["laptop_large","mobile_small"],"min_location_failed":1,"tick_every":900}}'
    headers:
      Cache-Control:
      - no-cache
      Connection:
      - keep-alive
      Content-Security-Policy:
      - frame-ancestors 'self'; report-uri https://api.datadoghq.com/csp-report
      Content-Type:
      - application/json
      Date:
      - Wed, 06 Jan 2021 10:05:49 GMT
      Pragma:
      - no-cache
      Set-Cookie:
      - DD-PSHARD=233; Max-Age=604800; Path=/; expires=Wed, 13-Jan-2021 10:05:49 GMT;
        secure; HttpOnly
      Strict-Transport-Security:
      - max-age=15724800;
      Vary:
      - Accept-Encoding
      X-Content-Type-Options:
      - nosniff
      X-Dd-Debug:
      - Q3iASbmC8CXcQczZ/mmesVF9Hl3S9A+qhV6PH+/be9wZv0jITjuol3WLqcRl7oS5
      X-Dd-Version:
      - "35.3647695"
      X-Frame-Options:
      - SAMEORIGIN
      X-Ratelimit-Limit:
      - "1000"
      X-Ratelimit-Period:
      - "60"
      X-Ratelimit-Remaining:
      - "994"
      X-Ratelimit-Reset:
      - "11"
    status: 200 OK
    code: 200
    duration: ""
- request:
    body: ""
    form: {}
    headers:
      Accept:
      - application/json
      Dd-Operation-Id:
      - GetTest
      User-Agent:
      - terraform-provider-datadog/dev (terraform 1.15.0; terraform-cli 0.12.7-sdk)
        datadog-api-client-go/1.0.0-beta.13+dev (go go1.15.3; os darwin; arch amd64)
      X-Datadog-Parent-Id:
      - "3210045895589590089"
      X-Datadog-Sampling-Priority:
      - "1"
      X-Datadog-Trace-Id:
      - "5585102325963416213"
    url: https://api.datadoghq.com/api/v1/synthetics/tests/fci-vea-jcc
    method: GET
  response:
    body: '{"status":"paused","public_id":"fci-vea-jcc","tags":["foo:bar","baz"],"locations":["aws:eu-central-1"],"message":"Notify
      @datadog.user","name":"tf-TestAccDatadogSyntheticsBrowserTest_Updated-local-1609927548","monitor_id":28311709,"type":"browser","config":{"variables":[{"pattern":"{{numeric(3)}}","type":"text","example":"597","name":"MY_PATTERN_VAR"}],"request":{"body":"this
      is a body","headers":{"Accept":"application/json","X-Datadog-Trace-ID":"123456789"},"url":"https://www.datadoghq.com","timeout":30,"method":"GET"},"assertions":[],"configVariables":[]},"options":{"retry":{"count":2,"interval":300},"monitor_options":{"notify_audit":false,"locked":false,"include_tags":true,"new_host_delay":300,"notify_no_data":false,"renotify_interval":100},"device_ids":["laptop_large","mobile_small"],"min_location_failed":1,"tick_every":900}}'
    headers:
      Cache-Control:
      - no-cache
      Connection:
      - keep-alive
      Content-Security-Policy:
      - frame-ancestors 'self'; report-uri https://api.datadoghq.com/csp-report
      Content-Type:
      - application/json
      Date:
      - Wed, 06 Jan 2021 10:05:49 GMT
      Pragma:
      - no-cache
      Set-Cookie:
      - DD-PSHARD=233; Max-Age=604800; Path=/; expires=Wed, 13-Jan-2021 10:05:49 GMT;
        secure; HttpOnly
      Strict-Transport-Security:
      - max-age=15724800;
      Vary:
      - Accept-Encoding
      X-Content-Type-Options:
      - nosniff
      X-Dd-Debug:
      - AqBVHmyy+L9zrCUEAQ2Jd2pwskksgC+7nOsWqbNjcjcM+9M/ChipUo2OR6Q8oPwE
      X-Dd-Version:
      - "35.3647765"
      X-Frame-Options:
      - SAMEORIGIN
      X-Ratelimit-Limit:
      - "1000"
      X-Ratelimit-Period:
      - "60"
      X-Ratelimit-Remaining:
      - "993"
      X-Ratelimit-Reset:
      - "11"
    status: 200 OK
    code: 200
    duration: ""
- request:
    body: ""
    form: {}
    headers:
      Accept:
      - application/json
      Dd-Operation-Id:
      - GetBrowserTest
      User-Agent:
      - terraform-provider-datadog/dev (terraform 1.15.0; terraform-cli 0.12.7-sdk)
        datadog-api-client-go/1.0.0-beta.13+dev (go go1.15.3; os darwin; arch amd64)
      X-Datadog-Parent-Id:
      - "5772953813966842939"
      X-Datadog-Sampling-Priority:
      - "1"
      X-Datadog-Trace-Id:
      - "5585102325963416213"
    url: https://api.datadoghq.com/api/v1/synthetics/tests/browser/fci-vea-jcc
    method: GET
  response:
    body: '{"status":"paused","public_id":"fci-vea-jcc","tags":["foo:bar","baz"],"locations":["aws:eu-central-1"],"message":"Notify
      @datadog.user","name":"tf-TestAccDatadogSyntheticsBrowserTest_Updated-local-1609927548","monitor_id":28311709,"type":"browser","steps":[{"name":"first
      step","allowFailure":false,"params":{"check":"contains","value":"content"},"timeout":0,"type":"assertCurrentUrl"}],"config":{"variables":[{"pattern":"{{numeric(3)}}","type":"text","example":"597","name":"MY_PATTERN_VAR"}],"request":{"body":"this
      is a body","headers":{"Accept":"application/json","X-Datadog-Trace-ID":"123456789"},"url":"https://www.datadoghq.com","timeout":30,"method":"GET"},"assertions":[],"configVariables":[]},"options":{"retry":{"count":2,"interval":300},"monitor_options":{"notify_audit":false,"locked":false,"include_tags":true,"new_host_delay":300,"notify_no_data":false,"renotify_interval":100},"device_ids":["laptop_large","mobile_small"],"min_location_failed":1,"tick_every":900}}'
    headers:
      Cache-Control:
      - no-cache
      Connection:
      - keep-alive
      Content-Security-Policy:
      - frame-ancestors 'self'; report-uri https://api.datadoghq.com/csp-report
      Content-Type:
      - application/json
      Date:
      - Wed, 06 Jan 2021 10:05:49 GMT
      Pragma:
      - no-cache
      Set-Cookie:
      - DD-PSHARD=233; Max-Age=604800; Path=/; expires=Wed, 13-Jan-2021 10:05:49 GMT;
        secure; HttpOnly
      Strict-Transport-Security:
      - max-age=15724800;
      Vary:
      - Accept-Encoding
      X-Content-Type-Options:
      - nosniff
      X-Dd-Debug:
      - fOvn++WNyeGiJqGJ1RGVl2OtzlCSW+9FmhW07NDhLHuS9Ypy2JL89j65gnqIRQTf
      X-Dd-Version:
      - "35.3647695"
      X-Frame-Options:
      - SAMEORIGIN
      X-Ratelimit-Limit:
      - "1000"
      X-Ratelimit-Period:
      - "60"
      X-Ratelimit-Remaining:
      - "992"
      X-Ratelimit-Reset:
      - "11"
    status: 200 OK
    code: 200
    duration: ""
- request:
    body: ""
    form: {}
    headers:
      Accept:
      - application/json
      Dd-Operation-Id:
      - GetBrowserTest
      User-Agent:
      - terraform-provider-datadog/dev (terraform 1.15.0; terraform-cli 0.12.7-sdk)
        datadog-api-client-go/1.0.0-beta.13+dev (go go1.15.3; os darwin; arch amd64)
      X-Datadog-Parent-Id:
      - "1906460098205429586"
      X-Datadog-Sampling-Priority:
      - "1"
      X-Datadog-Trace-Id:
      - "5585102325963416213"
    url: https://api.datadoghq.com/api/v1/synthetics/tests/browser/fci-vea-jcc
    method: GET
  response:
    body: '{"status":"paused","public_id":"fci-vea-jcc","tags":["foo:bar","baz"],"locations":["aws:eu-central-1"],"message":"Notify
      @datadog.user","name":"tf-TestAccDatadogSyntheticsBrowserTest_Updated-local-1609927548","monitor_id":28311709,"type":"browser","steps":[{"name":"first
      step","allowFailure":false,"params":{"check":"contains","value":"content"},"timeout":0,"type":"assertCurrentUrl"}],"config":{"variables":[{"pattern":"{{numeric(3)}}","type":"text","example":"597","name":"MY_PATTERN_VAR"}],"request":{"body":"this
      is a body","headers":{"Accept":"application/json","X-Datadog-Trace-ID":"123456789"},"url":"https://www.datadoghq.com","timeout":30,"method":"GET"},"assertions":[],"configVariables":[]},"options":{"retry":{"count":2,"interval":300},"monitor_options":{"notify_audit":false,"locked":false,"include_tags":true,"new_host_delay":300,"notify_no_data":false,"renotify_interval":100},"device_ids":["laptop_large","mobile_small"],"min_location_failed":1,"tick_every":900}}'
    headers:
      Cache-Control:
      - no-cache
      Connection:
      - keep-alive
      Content-Security-Policy:
      - frame-ancestors 'self'; report-uri https://api.datadoghq.com/csp-report
      Content-Type:
      - application/json
      Date:
      - Wed, 06 Jan 2021 10:05:49 GMT
      Pragma:
      - no-cache
      Set-Cookie:
      - DD-PSHARD=233; Max-Age=604800; Path=/; expires=Wed, 13-Jan-2021 10:05:49 GMT;
        secure; HttpOnly
      Strict-Transport-Security:
      - max-age=15724800;
      Vary:
      - Accept-Encoding
      X-Content-Type-Options:
      - nosniff
      X-Dd-Debug:
      - 4/n0qOsNbcCLs0O62LExTPssq0SdRyX2Rk0dgQQIozMoViHF7e4pyB0ZeXOioNEA
      X-Dd-Version:
      - "35.3647695"
      X-Frame-Options:
      - SAMEORIGIN
      X-Ratelimit-Limit:
      - "1000"
      X-Ratelimit-Period:
      - "60"
      X-Ratelimit-Remaining:
      - "991"
      X-Ratelimit-Reset:
      - "11"
    status: 200 OK
    code: 200
    duration: ""
- request:
    body: |
      {"config":{"assertions":[],"configVariables":[],"request":{"body":"this is an updated body","headers":{"Accept":"application/xml","X-Datadog-Trace-ID":"987654321"},"method":"PUT","timeout":60,"url":"https://docs.datadoghq.com"},"variables":[{"example":"5970","name":"MY_PATTERN_VAR","pattern":"{{numeric(4)}}","type":"text"}]},"locations":["aws:eu-central-1"],"message":"Notify @pagerduty","name":"tf-TestAccDatadogSyntheticsBrowserTest_Updated-local-1609927548-updated","options":{"device_ids":["laptop_large","tablet"],"min_failure_duration":10,"min_location_failed":1,"monitor_options":{"renotify_interval":120},"retry":{"count":3,"interval":500},"tick_every":1800},"status":"live","steps":[{"allowFailure":false,"name":"first step updated","params":{"check":"contains","value":"content"},"timeout":0,"type":"assertCurrentUrl"},{"allowFailure":false,"name":"press key step","params":{"value":"1"},"timeout":0,"type":"pressKey"}],"tags":["foo:bar","buz"],"type":"browser"}
    form: {}
    headers:
      Accept:
      - application/json
      Content-Type:
      - application/json
      Dd-Operation-Id:
      - UpdateTest
      User-Agent:
      - terraform-provider-datadog/dev (terraform 1.15.0; terraform-cli 0.12.7-sdk)
        datadog-api-client-go/1.0.0-beta.13+dev (go go1.15.3; os darwin; arch amd64)
      X-Datadog-Parent-Id:
      - "3073826981820543072"
      X-Datadog-Sampling-Priority:
      - "1"
      X-Datadog-Trace-Id:
      - "5585102325963416213"
    url: https://api.datadoghq.com/api/v1/synthetics/tests/fci-vea-jcc
    method: PUT
  response:
    body: '{"status":"live","public_id":"fci-vea-jcc","tags":["foo:bar","buz"],"org_id":321813,"locations":["aws:eu-central-1"],"message":"Notify
      @pagerduty","deleted_at":null,"name":"tf-TestAccDatadogSyntheticsBrowserTest_Updated-local-1609927548-updated","monitor_id":28311709,"type":"browser","created_at":"2021-01-06T10:05:48.812674+00:00","modified_at":"2021-01-06T10:05:49.946819+00:00","config":{"variables":[{"pattern":"{{numeric(4)}}","type":"text","example":"5970","name":"MY_PATTERN_VAR"}],"request":{"body":"this
      is an updated body","headers":{"Accept":"application/xml","X-Datadog-Trace-ID":"987654321"},"url":"https://docs.datadoghq.com","timeout":60,"method":"PUT"},"assertions":[],"configVariables":[]},"options":{"retry":{"count":3,"interval":500},"min_location_failed":1,"min_failure_duration":10,"tick_every":1800,"device_ids":["laptop_large","tablet"],"monitor_options":{"notify_audit":false,"locked":false,"include_tags":true,"new_host_delay":300,"notify_no_data":false,"renotify_interval":120}}}'
    headers:
      Cache-Control:
      - no-cache
      Connection:
      - keep-alive
      Content-Security-Policy:
      - frame-ancestors 'self'; report-uri https://api.datadoghq.com/csp-report
      Content-Type:
      - application/json
      Date:
      - Wed, 06 Jan 2021 10:05:50 GMT
      Pragma:
      - no-cache
      Set-Cookie:
      - DD-PSHARD=233; Max-Age=604800; Path=/; expires=Wed, 13-Jan-2021 10:05:49 GMT;
        secure; HttpOnly
      Strict-Transport-Security:
      - max-age=15724800;
      Vary:
      - Accept-Encoding
      X-Content-Type-Options:
      - nosniff
      X-Dd-Debug:
      - amxMFAqiSVjNyNv9bH0oCnBEjAVk4yOIMrMQTyRWQ0WFa2JUcjQXHejBMO8Fj7RQ
      X-Dd-Version:
      - "35.3647695"
      X-Frame-Options:
      - SAMEORIGIN
      X-Ratelimit-Limit:
      - "500"
      X-Ratelimit-Period:
      - "60"
      X-Ratelimit-Remaining:
      - "499"
      X-Ratelimit-Reset:
      - "11"
    status: 200 OK
    code: 200
    duration: ""
- request:
    body: ""
    form: {}
    headers:
      Accept:
      - application/json
      Dd-Operation-Id:
      - GetBrowserTest
      User-Agent:
      - terraform-provider-datadog/dev (terraform 1.15.0; terraform-cli 0.12.7-sdk)
        datadog-api-client-go/1.0.0-beta.13+dev (go go1.15.3; os darwin; arch amd64)
      X-Datadog-Parent-Id:
      - "7387899066213689640"
      X-Datadog-Sampling-Priority:
      - "1"
      X-Datadog-Trace-Id:
      - "5585102325963416213"
    url: https://api.datadoghq.com/api/v1/synthetics/tests/browser/fci-vea-jcc
    method: GET
  response:
    body: '{"status":"live","public_id":"fci-vea-jcc","tags":["foo:bar","buz"],"locations":["aws:eu-central-1"],"message":"Notify
      @pagerduty","name":"tf-TestAccDatadogSyntheticsBrowserTest_Updated-local-1609927548-updated","monitor_id":28311709,"type":"browser","steps":[{"name":"first
      step updated","allowFailure":false,"params":{"check":"contains","value":"content"},"timeout":0,"type":"assertCurrentUrl"},{"name":"press
      key step","allowFailure":false,"params":{"value":"1"},"timeout":0,"type":"pressKey"}],"config":{"variables":[{"pattern":"{{numeric(4)}}","type":"text","example":"5970","name":"MY_PATTERN_VAR"}],"request":{"body":"this
      is an updated body","headers":{"Accept":"application/xml","X-Datadog-Trace-ID":"987654321"},"url":"https://docs.datadoghq.com","timeout":60,"method":"PUT"},"assertions":[],"configVariables":[]},"options":{"retry":{"count":3,"interval":500},"min_location_failed":1,"min_failure_duration":10,"tick_every":1800,"device_ids":["laptop_large","tablet"],"monitor_options":{"renotify_interval":120}}}'
    headers:
      Cache-Control:
      - no-cache
      Connection:
      - keep-alive
      Content-Security-Policy:
      - frame-ancestors 'self'; report-uri https://api.datadoghq.com/csp-report
      Content-Type:
      - application/json
      Date:
      - Wed, 06 Jan 2021 10:05:50 GMT
      Pragma:
      - no-cache
      Set-Cookie:
      - DD-PSHARD=233; Max-Age=604800; Path=/; expires=Wed, 13-Jan-2021 10:05:50 GMT;
        secure; HttpOnly
      Strict-Transport-Security:
      - max-age=15724800;
      Vary:
      - Accept-Encoding
      X-Content-Type-Options:
      - nosniff
      X-Dd-Debug:
      - k7TyfVVSwexDGVT9BY0DK6mAmUeZON/G+RdNqRYdH6H7rBeq1MzNVYFK01AYXFlT
      X-Dd-Version:
      - "35.3647765"
      X-Frame-Options:
      - SAMEORIGIN
      X-Ratelimit-Limit:
      - "1000"
      X-Ratelimit-Period:
      - "60"
      X-Ratelimit-Remaining:
      - "990"
      X-Ratelimit-Reset:
      - "10"
    status: 200 OK
    code: 200
    duration: ""
- request:
    body: ""
    form: {}
    headers:
      Accept:
      - application/json
      Dd-Operation-Id:
      - GetTest
      User-Agent:
      - terraform-provider-datadog/dev (terraform 1.15.0; terraform-cli 0.12.7-sdk)
        datadog-api-client-go/1.0.0-beta.13+dev (go go1.15.3; os darwin; arch amd64)
      X-Datadog-Parent-Id:
      - "1630961898532463628"
      X-Datadog-Sampling-Priority:
      - "1"
      X-Datadog-Trace-Id:
      - "5585102325963416213"
    url: https://api.datadoghq.com/api/v1/synthetics/tests/fci-vea-jcc
    method: GET
  response:
    body: '{"status":"live","public_id":"fci-vea-jcc","tags":["foo:bar","buz"],"locations":["aws:eu-central-1"],"message":"Notify
      @pagerduty","name":"tf-TestAccDatadogSyntheticsBrowserTest_Updated-local-1609927548-updated","monitor_id":28311709,"type":"browser","config":{"variables":[{"pattern":"{{numeric(4)}}","type":"text","example":"5970","name":"MY_PATTERN_VAR"}],"request":{"body":"this
      is an updated body","headers":{"Accept":"application/xml","X-Datadog-Trace-ID":"987654321"},"url":"https://docs.datadoghq.com","timeout":60,"method":"PUT"},"assertions":[],"configVariables":[]},"options":{"retry":{"count":3,"interval":500},"min_location_failed":1,"min_failure_duration":10,"tick_every":1800,"device_ids":["laptop_large","tablet"],"monitor_options":{"renotify_interval":120}}}'
    headers:
      Cache-Control:
      - no-cache
      Connection:
      - keep-alive
      Content-Security-Policy:
      - frame-ancestors 'self'; report-uri https://api.datadoghq.com/csp-report
      Content-Type:
      - application/json
      Date:
      - Wed, 06 Jan 2021 10:05:51 GMT
      Pragma:
      - no-cache
      Set-Cookie:
      - DD-PSHARD=233; Max-Age=604800; Path=/; expires=Wed, 13-Jan-2021 10:05:51 GMT;
        secure; HttpOnly
      Strict-Transport-Security:
      - max-age=15724800;
      Vary:
      - Accept-Encoding
      X-Content-Type-Options:
      - nosniff
      X-Dd-Debug:
      - LuHK+OcIuxuCTL7xVM4sMdR/Gv1H1hu+bgYJvWIAWOVtmiGVhdUVKBuef1C5aMk6
      X-Dd-Version:
      - "35.3647695"
      X-Frame-Options:
      - SAMEORIGIN
      X-Ratelimit-Limit:
      - "1000"
      X-Ratelimit-Period:
      - "60"
      X-Ratelimit-Remaining:
      - "989"
      X-Ratelimit-Reset:
      - "9"
    status: 200 OK
    code: 200
    duration: ""
- request:
    body: ""
    form: {}
    headers:
      Accept:
      - application/json
      Dd-Operation-Id:
      - GetBrowserTest
      User-Agent:
      - terraform-provider-datadog/dev (terraform 1.15.0; terraform-cli 0.12.7-sdk)
        datadog-api-client-go/1.0.0-beta.13+dev (go go1.15.3; os darwin; arch amd64)
      X-Datadog-Parent-Id:
      - "2677939831493772483"
      X-Datadog-Sampling-Priority:
      - "1"
      X-Datadog-Trace-Id:
      - "5585102325963416213"
    url: https://api.datadoghq.com/api/v1/synthetics/tests/browser/fci-vea-jcc
    method: GET
  response:
    body: '{"status":"live","public_id":"fci-vea-jcc","tags":["foo:bar","buz"],"locations":["aws:eu-central-1"],"message":"Notify
      @pagerduty","name":"tf-TestAccDatadogSyntheticsBrowserTest_Updated-local-1609927548-updated","monitor_id":28311709,"type":"browser","steps":[{"name":"first
      step updated","allowFailure":false,"params":{"check":"contains","value":"content"},"timeout":0,"type":"assertCurrentUrl"},{"name":"press
      key step","allowFailure":false,"params":{"value":"1"},"timeout":0,"type":"pressKey"}],"config":{"variables":[{"pattern":"{{numeric(4)}}","type":"text","example":"5970","name":"MY_PATTERN_VAR"}],"request":{"body":"this
      is an updated body","headers":{"Accept":"application/xml","X-Datadog-Trace-ID":"987654321"},"url":"https://docs.datadoghq.com","timeout":60,"method":"PUT"},"assertions":[],"configVariables":[]},"options":{"retry":{"count":3,"interval":500},"min_location_failed":1,"min_failure_duration":10,"tick_every":1800,"device_ids":["laptop_large","tablet"],"monitor_options":{"renotify_interval":120}}}'
    headers:
      Cache-Control:
      - no-cache
      Connection:
      - keep-alive
      Content-Security-Policy:
      - frame-ancestors 'self'; report-uri https://api.datadoghq.com/csp-report
      Content-Type:
      - application/json
      Date:
      - Wed, 06 Jan 2021 10:05:51 GMT
      Pragma:
      - no-cache
      Set-Cookie:
      - DD-PSHARD=233; Max-Age=604800; Path=/; expires=Wed, 13-Jan-2021 10:05:51 GMT;
        secure; HttpOnly
      Strict-Transport-Security:
      - max-age=15724800;
      Vary:
      - Accept-Encoding
      X-Content-Type-Options:
      - nosniff
      X-Dd-Debug:
      - Y0Wuc8E3+SpVlnTzK4RUu97zkN6KtouappB64/8RP7vhb/NV3oylxGvm6vZWDPy/
      X-Dd-Version:
      - "35.3647695"
      X-Frame-Options:
      - SAMEORIGIN
      X-Ratelimit-Limit:
      - "1000"
      X-Ratelimit-Period:
      - "60"
      X-Ratelimit-Remaining:
      - "988"
      X-Ratelimit-Reset:
      - "9"
    status: 200 OK
    code: 200
    duration: ""
- request:
    body: ""
    form: {}
    headers:
      Accept:
      - application/json
      Dd-Operation-Id:
      - GetBrowserTest
      User-Agent:
      - terraform-provider-datadog/dev (terraform 1.15.0; terraform-cli 0.12.7-sdk)
        datadog-api-client-go/1.0.0-beta.13+dev (go go1.15.3; os darwin; arch amd64)
      X-Datadog-Parent-Id:
      - "8268415083442383890"
      X-Datadog-Sampling-Priority:
      - "1"
      X-Datadog-Trace-Id:
      - "5585102325963416213"
    url: https://api.datadoghq.com/api/v1/synthetics/tests/browser/fci-vea-jcc
    method: GET
  response:
    body: '{"status":"live","public_id":"fci-vea-jcc","tags":["foo:bar","buz"],"locations":["aws:eu-central-1"],"message":"Notify
      @pagerduty","name":"tf-TestAccDatadogSyntheticsBrowserTest_Updated-local-1609927548-updated","monitor_id":28311709,"type":"browser","steps":[{"name":"first
      step updated","allowFailure":false,"params":{"check":"contains","value":"content"},"timeout":0,"type":"assertCurrentUrl"},{"name":"press
      key step","allowFailure":false,"params":{"value":"1"},"timeout":0,"type":"pressKey"}],"config":{"variables":[{"pattern":"{{numeric(4)}}","type":"text","example":"5970","name":"MY_PATTERN_VAR"}],"request":{"body":"this
      is an updated body","headers":{"Accept":"application/xml","X-Datadog-Trace-ID":"987654321"},"url":"https://docs.datadoghq.com","timeout":60,"method":"PUT"},"assertions":[],"configVariables":[]},"options":{"retry":{"count":3,"interval":500},"min_location_failed":1,"min_failure_duration":10,"tick_every":1800,"device_ids":["laptop_large","tablet"],"monitor_options":{"renotify_interval":120}}}'
    headers:
      Cache-Control:
      - no-cache
      Connection:
      - keep-alive
      Content-Security-Policy:
      - frame-ancestors 'self'; report-uri https://api.datadoghq.com/csp-report
      Content-Type:
      - application/json
      Date:
      - Wed, 06 Jan 2021 10:05:51 GMT
      Pragma:
      - no-cache
      Set-Cookie:
      - DD-PSHARD=233; Max-Age=604800; Path=/; expires=Wed, 13-Jan-2021 10:05:51 GMT;
        secure; HttpOnly
      Strict-Transport-Security:
      - max-age=15724800;
      Vary:
      - Accept-Encoding
      X-Content-Type-Options:
      - nosniff
      X-Dd-Debug:
      - lFrksZMz0TAfmkfXqA+joIhqff9XI0eK5d8n7wOVd6ze5TT6MYngm1maZRo2uB6a
      X-Dd-Version:
      - "35.3647695"
      X-Frame-Options:
      - SAMEORIGIN
      X-Ratelimit-Limit:
      - "1000"
      X-Ratelimit-Period:
      - "60"
      X-Ratelimit-Remaining:
      - "987"
      X-Ratelimit-Reset:
      - "9"
    status: 200 OK
    code: 200
    duration: ""
- request:
    body: |
      {"public_ids":["fci-vea-jcc"]}
    form: {}
    headers:
      Accept:
      - application/json
      Content-Type:
      - application/json
      Dd-Operation-Id:
      - DeleteTests
      User-Agent:
      - terraform-provider-datadog/dev (terraform 1.15.0; terraform-cli 0.12.7-sdk)
        datadog-api-client-go/1.0.0-beta.13+dev (go go1.15.3; os darwin; arch amd64)
      X-Datadog-Parent-Id:
      - "8256145412391464373"
      X-Datadog-Sampling-Priority:
      - "1"
      X-Datadog-Trace-Id:
      - "5585102325963416213"
    url: https://api.datadoghq.com/api/v1/synthetics/tests/delete
    method: POST
  response:
    body: '{"deleted_tests":[{"deleted_at":"2021-01-06T10:05:51.623483+00:00","public_id":"fci-vea-jcc"}]}'
    headers:
      Cache-Control:
      - no-cache
      Connection:
      - keep-alive
      Content-Security-Policy:
      - frame-ancestors 'self'; report-uri https://api.datadoghq.com/csp-report
      Content-Type:
      - application/json
      Date:
      - Wed, 06 Jan 2021 10:05:51 GMT
      Pragma:
      - no-cache
      Set-Cookie:
      - DD-PSHARD=233; Max-Age=604800; Path=/; expires=Wed, 13-Jan-2021 10:05:51 GMT;
        secure; HttpOnly
      Strict-Transport-Security:
      - max-age=15724800;
      Vary:
      - Accept-Encoding
      X-Content-Type-Options:
      - nosniff
      X-Dd-Debug:
      - RQNZxTpzmnYtqewiwDnwjOIeDPnPlPWTnfmCTuKeHAaJNSGMGGndPJBReO57sp0w
      X-Dd-Version:
      - "35.3647695"
      X-Frame-Options:
      - SAMEORIGIN
      X-Ratelimit-Limit:
      - "120"
      X-Ratelimit-Period:
      - "60"
      X-Ratelimit-Remaining:
      - "118"
      X-Ratelimit-Reset:
      - "9"
    status: 200 OK
    code: 200
    duration: ""
- request:
    body: ""
    form: {}
    headers:
      Accept:
      - application/json
      Dd-Operation-Id:
      - GetTest
      User-Agent:
      - terraform-provider-datadog/dev (terraform 1.15.0; terraform-cli 0.12.7-sdk)
        datadog-api-client-go/1.0.0-beta.13+dev (go go1.15.3; os darwin; arch amd64)
      X-Datadog-Parent-Id:
      - "7746651528237584588"
      X-Datadog-Sampling-Priority:
      - "1"
      X-Datadog-Trace-Id:
      - "5585102325963416213"
    url: https://api.datadoghq.com/api/v1/synthetics/tests/fci-vea-jcc
    method: GET
  response:
    body: '{"errors": ["Synthetics test not found"]}'
    headers:
      Cache-Control:
      - no-cache
      Connection:
      - keep-alive
      Content-Security-Policy:
      - frame-ancestors 'self'; report-uri https://api.datadoghq.com/csp-report
      Content-Type:
      - application/json
      Date:
      - Wed, 06 Jan 2021 10:05:51 GMT
      Pragma:
      - no-cache
      Strict-Transport-Security:
      - max-age=15724800;
      Vary:
      - Accept-Encoding
      X-Content-Type-Options:
      - nosniff
      X-Dd-Version:
      - "35.3647695"
      X-Frame-Options:
      - SAMEORIGIN
      X-Ratelimit-Limit:
      - "1000"
      X-Ratelimit-Period:
      - "60"
      X-Ratelimit-Remaining:
      - "986"
      X-Ratelimit-Reset:
      - "9"
    status: 404 Not Found
    code: 404
    duration: ""
