---
version: 1
interactions:
- request:
    body: |
      {"config":{"assertions":[],"request":{"method":"GET","url":"https://www.datadoghq.com"},"variables":[{"example":"597","name":"MY_PATTERN_VAR","pattern":"{{numeric(3)}}","type":"text"}]},"locations":["aws:eu-central-1"],"message":"Notify @datadog.user","name":"tf-TestAccDatadogSyntheticsBrowserTestBrowserVariables_Basic-local-1609768140","options":{"device_ids":["laptop_large"],"min_location_failed":1,"retry":{"count":2,"interval":300},"tick_every":900},"status":"paused","steps":[{"allowFailure":false,"name":"first step","params":{"check":"contains","value":"content"},"timeout":0,"type":"assertCurrentUrl"}],"tags":["foo:bar"],"type":"browser"}
    form: {}
    headers:
      Accept:
      - application/json
      Content-Type:
      - application/json
      Dd-Operation-Id:
      - CreateTest
      User-Agent:
      - terraform-provider-datadog/dev (terraform 1.15.0; terraform-cli 0.12.7-sdk)
        datadog-api-client-go/1.0.0-beta.13+dev (go go1.15.3; os darwin; arch amd64)
      X-Datadog-Parent-Id:
      - "999699899006410496"
      X-Datadog-Sampling-Priority:
      - "1"
      X-Datadog-Trace-Id:
      - "8239072374397767870"
    url: https://app.datadoghq.com/api/v1/synthetics/tests
    method: POST
  response:
    body: '{"status":"paused","public_id":"tbq-6fv-q6u","tags":["foo:bar"],"org_id":321813,"locations":["aws:eu-central-1"],"message":"Notify
      @datadog.user","deleted_at":null,"name":"tf-TestAccDatadogSyntheticsBrowserTestBrowserVariables_Basic-local-1609768140","monitor_id":28174977,"type":"browser","created_at":"2021-01-04T13:49:01.286299+00:00","modified_at":"2021-01-04T13:49:01.286299+00:00","config":{"variables":[{"pattern":"{{numeric(3)}}","type":"text","example":"597","name":"MY_PATTERN_VAR"}],"request":{"url":"https://www.datadoghq.com","method":"GET"},"assertions":[]},"options":{"retry":{"count":2,"interval":300},"device_ids":["laptop_large"],"min_location_failed":1,"tick_every":900}}'
    headers:
      Cache-Control:
      - no-cache
      Content-Security-Policy:
      - frame-ancestors 'self'; report-uri https://api.datadoghq.com/csp-report
      Content-Type:
      - application/json
      Date:
      - Mon, 04 Jan 2021 13:49:01 GMT
      Pragma:
      - no-cache
      Set-Cookie:
      - DD-PSHARD=233; Max-Age=604800; Path=/; expires=Mon, 11-Jan-2021 13:49:01 GMT;
        secure; HttpOnly
      Strict-Transport-Security:
      - max-age=15724800;
      Vary:
      - Accept-Encoding
      X-Content-Type-Options:
      - nosniff
      X-Dd-Debug:
      - iGG1BKNRTmPfZ6ji2H3Z/xn9c4eIM8cOugS+JJDlp5xOVDa6tvCgtO3MGJFoLiiG
      X-Dd-Version:
      - "35.3632829"
      X-Frame-Options:
      - SAMEORIGIN
      X-Ratelimit-Limit:
      - "120"
      X-Ratelimit-Period:
      - "60"
      X-Ratelimit-Remaining:
      - "119"
      X-Ratelimit-Reset:
      - "59"
    status: 200 OK
    code: 200
    duration: ""
- request:
    body: ""
    form: {}
    headers:
      Accept:
      - application/json
      Dd-Operation-Id:
      - GetBrowserTest
      User-Agent:
      - terraform-provider-datadog/dev (terraform 1.15.0; terraform-cli 0.12.7-sdk)
        datadog-api-client-go/1.0.0-beta.13+dev (go go1.15.3; os darwin; arch amd64)
      X-Datadog-Parent-Id:
      - "181424365466049340"
      X-Datadog-Sampling-Priority:
      - "1"
      X-Datadog-Trace-Id:
      - "8239072374397767870"
    url: https://app.datadoghq.com/api/v1/synthetics/tests/browser/tbq-6fv-q6u
    method: GET
  response:
    body: '{"status":"paused","public_id":"tbq-6fv-q6u","tags":["foo:bar"],"locations":["aws:eu-central-1"],"message":"Notify
      @datadog.user","name":"tf-TestAccDatadogSyntheticsBrowserTestBrowserVariables_Basic-local-1609768140","monitor_id":28174977,"type":"browser","steps":[{"name":"first
      step","allowFailure":false,"params":{"check":"contains","value":"content"},"timeout":0,"type":"assertCurrentUrl"}],"config":{"variables":[{"pattern":"{{numeric(3)}}","type":"text","example":"597","name":"MY_PATTERN_VAR"}],"request":{"url":"https://www.datadoghq.com","method":"GET"},"assertions":[]},"options":{"retry":{"count":2,"interval":300},"device_ids":["laptop_large"],"min_location_failed":1,"tick_every":900}}'
    headers:
      Cache-Control:
      - no-cache
      Content-Security-Policy:
      - frame-ancestors 'self'; report-uri https://api.datadoghq.com/csp-report
      Content-Type:
      - application/json
      Date:
      - Mon, 04 Jan 2021 13:49:01 GMT
      Pragma:
      - no-cache
      Set-Cookie:
      - DD-PSHARD=233; Max-Age=604800; Path=/; expires=Mon, 11-Jan-2021 13:49:01 GMT;
        secure; HttpOnly
      Strict-Transport-Security:
      - max-age=15724800;
      Vary:
      - Accept-Encoding
      X-Content-Type-Options:
      - nosniff
      X-Dd-Debug:
      - /waQ67o9EXsAiQILmFHWOTHDJ6E+x7ROC0G8iNmC+2lV58E3PSGYbXj1H62A/c+u
      X-Dd-Version:
      - "35.3632829"
      X-Frame-Options:
      - SAMEORIGIN
      X-Ratelimit-Limit:
      - "1000"
      X-Ratelimit-Period:
      - "60"
      X-Ratelimit-Remaining:
      - "999"
      X-Ratelimit-Reset:
      - "59"
    status: 200 OK
    code: 200
    duration: ""
- request:
    body: ""
    form: {}
    headers:
      Accept:
      - application/json
      Dd-Operation-Id:
      - GetTest
      User-Agent:
      - terraform-provider-datadog/dev (terraform 1.15.0; terraform-cli 0.12.7-sdk)
        datadog-api-client-go/1.0.0-beta.13+dev (go go1.15.3; os darwin; arch amd64)
      X-Datadog-Parent-Id:
      - "916511686101694096"
      X-Datadog-Sampling-Priority:
      - "1"
      X-Datadog-Trace-Id:
      - "8239072374397767870"
    url: https://app.datadoghq.com/api/v1/synthetics/tests/tbq-6fv-q6u
    method: GET
  response:
    body: '{"status":"paused","public_id":"tbq-6fv-q6u","tags":["foo:bar"],"locations":["aws:eu-central-1"],"message":"Notify
      @datadog.user","name":"tf-TestAccDatadogSyntheticsBrowserTestBrowserVariables_Basic-local-1609768140","monitor_id":28174977,"type":"browser","config":{"variables":[{"pattern":"{{numeric(3)}}","type":"text","example":"597","name":"MY_PATTERN_VAR"}],"request":{"url":"https://www.datadoghq.com","method":"GET"},"assertions":[]},"options":{"retry":{"count":2,"interval":300},"device_ids":["laptop_large"],"min_location_failed":1,"tick_every":900}}'
    headers:
      Cache-Control:
      - no-cache
      Content-Security-Policy:
      - frame-ancestors 'self'; report-uri https://api.datadoghq.com/csp-report
      Content-Type:
      - application/json
      Date:
      - Mon, 04 Jan 2021 13:49:01 GMT
      Pragma:
      - no-cache
      Set-Cookie:
      - DD-PSHARD=233; Max-Age=604800; Path=/; expires=Mon, 11-Jan-2021 13:49:01 GMT;
        secure; HttpOnly
      Strict-Transport-Security:
      - max-age=15724800;
      Vary:
      - Accept-Encoding
      X-Content-Type-Options:
      - nosniff
      X-Dd-Debug:
      - hw3ZauSSamfHLo55DFwif1/mO6RiYSc0/libBchlIMnyWX9rK7JgS3Pek5rkz683
      X-Dd-Version:
      - "35.3632829"
      X-Frame-Options:
      - SAMEORIGIN
      X-Ratelimit-Limit:
      - "1000"
      X-Ratelimit-Period:
      - "60"
      X-Ratelimit-Remaining:
      - "998"
      X-Ratelimit-Reset:
      - "59"
    status: 200 OK
    code: 200
    duration: ""
- request:
    body: ""
    form: {}
    headers:
      Accept:
      - application/json
      Dd-Operation-Id:
      - GetBrowserTest
      User-Agent:
      - terraform-provider-datadog/dev (terraform 1.15.0; terraform-cli 0.12.7-sdk)
        datadog-api-client-go/1.0.0-beta.13+dev (go go1.15.3; os darwin; arch amd64)
      X-Datadog-Parent-Id:
      - "7767735422345329841"
      X-Datadog-Sampling-Priority:
      - "1"
      X-Datadog-Trace-Id:
      - "8239072374397767870"
    url: https://app.datadoghq.com/api/v1/synthetics/tests/browser/tbq-6fv-q6u
    method: GET
  response:
    body: '{"status":"paused","public_id":"tbq-6fv-q6u","tags":["foo:bar"],"locations":["aws:eu-central-1"],"message":"Notify
      @datadog.user","name":"tf-TestAccDatadogSyntheticsBrowserTestBrowserVariables_Basic-local-1609768140","monitor_id":28174977,"type":"browser","steps":[{"name":"first
      step","allowFailure":false,"params":{"check":"contains","value":"content"},"timeout":0,"type":"assertCurrentUrl"}],"config":{"variables":[{"pattern":"{{numeric(3)}}","type":"text","example":"597","name":"MY_PATTERN_VAR"}],"request":{"url":"https://www.datadoghq.com","method":"GET"},"assertions":[]},"options":{"retry":{"count":2,"interval":300},"device_ids":["laptop_large"],"min_location_failed":1,"tick_every":900}}'
    headers:
      Cache-Control:
      - no-cache
      Content-Security-Policy:
      - frame-ancestors 'self'; report-uri https://api.datadoghq.com/csp-report
      Content-Type:
      - application/json
      Date:
      - Mon, 04 Jan 2021 13:49:02 GMT
      Pragma:
      - no-cache
      Set-Cookie:
      - DD-PSHARD=233; Max-Age=604800; Path=/; expires=Mon, 11-Jan-2021 13:49:02 GMT;
        secure; HttpOnly
      Strict-Transport-Security:
      - max-age=15724800;
      Vary:
      - Accept-Encoding
      X-Content-Type-Options:
      - nosniff
      X-Dd-Debug:
      - RQNZxTpzmnYtqewiwDnwjOIeDPnPlPWTnfmCTuKeHAaJNSGMGGndPJBReO57sp0w
      X-Dd-Version:
      - "35.3632829"
      X-Frame-Options:
      - SAMEORIGIN
      X-Ratelimit-Limit:
      - "1000"
      X-Ratelimit-Period:
      - "60"
      X-Ratelimit-Remaining:
      - "997"
      X-Ratelimit-Reset:
      - "58"
    status: 200 OK
    code: 200
    duration: ""
- request:
    body: ""
    form: {}
    headers:
      Accept:
      - application/json
      Dd-Operation-Id:
      - GetBrowserTest
      User-Agent:
      - terraform-provider-datadog/dev (terraform 1.15.0; terraform-cli 0.12.7-sdk)
        datadog-api-client-go/1.0.0-beta.13+dev (go go1.15.3; os darwin; arch amd64)
      X-Datadog-Parent-Id:
      - "4600577961342184379"
      X-Datadog-Sampling-Priority:
      - "1"
      X-Datadog-Trace-Id:
      - "8239072374397767870"
    url: https://app.datadoghq.com/api/v1/synthetics/tests/browser/tbq-6fv-q6u
    method: GET
  response:
    body: '{"status":"paused","public_id":"tbq-6fv-q6u","tags":["foo:bar"],"locations":["aws:eu-central-1"],"message":"Notify
      @datadog.user","name":"tf-TestAccDatadogSyntheticsBrowserTestBrowserVariables_Basic-local-1609768140","monitor_id":28174977,"type":"browser","steps":[{"name":"first
      step","allowFailure":false,"params":{"check":"contains","value":"content"},"timeout":0,"type":"assertCurrentUrl"}],"config":{"variables":[{"pattern":"{{numeric(3)}}","type":"text","example":"597","name":"MY_PATTERN_VAR"}],"request":{"url":"https://www.datadoghq.com","method":"GET"},"assertions":[]},"options":{"retry":{"count":2,"interval":300},"device_ids":["laptop_large"],"min_location_failed":1,"tick_every":900}}'
    headers:
      Cache-Control:
      - no-cache
      Content-Security-Policy:
      - frame-ancestors 'self'; report-uri https://api.datadoghq.com/csp-report
      Content-Type:
      - application/json
      Date:
      - Mon, 04 Jan 2021 13:49:02 GMT
      Pragma:
      - no-cache
      Set-Cookie:
      - DD-PSHARD=233; Max-Age=604800; Path=/; expires=Mon, 11-Jan-2021 13:49:02 GMT;
        secure; HttpOnly
      Strict-Transport-Security:
      - max-age=15724800;
      Vary:
      - Accept-Encoding
      X-Content-Type-Options:
      - nosniff
      X-Dd-Debug:
      - vJlCdCjZjHKDWCQaZXaKHjefwu7Jotxr42UmWttwNlCEvibEd08wFg9UscwYl4z7
      X-Dd-Version:
      - "35.3632829"
      X-Frame-Options:
      - SAMEORIGIN
      X-Ratelimit-Limit:
      - "1000"
      X-Ratelimit-Period:
      - "60"
      X-Ratelimit-Remaining:
      - "996"
      X-Ratelimit-Reset:
      - "58"
    status: 200 OK
    code: 200
    duration: ""
- request:
    body: |
      {"public_ids":["tbq-6fv-q6u"]}
    form: {}
    headers:
      Accept:
      - application/json
      Content-Type:
      - application/json
      Dd-Operation-Id:
      - DeleteTests
      User-Agent:
      - terraform-provider-datadog/dev (terraform 1.15.0; terraform-cli 0.12.7-sdk)
        datadog-api-client-go/1.0.0-beta.13+dev (go go1.15.3; os darwin; arch amd64)
      X-Datadog-Parent-Id:
      - "675238230256676708"
      X-Datadog-Sampling-Priority:
      - "1"
      X-Datadog-Trace-Id:
      - "8239072374397767870"
    url: https://app.datadoghq.com/api/v1/synthetics/tests/delete
    method: POST
  response:
    body: '{"deleted_tests":[{"deleted_at":"2021-01-04T13:49:02.491247+00:00","public_id":"tbq-6fv-q6u"}]}'
    headers:
      Cache-Control:
      - no-cache
      Content-Security-Policy:
      - frame-ancestors 'self'; report-uri https://api.datadoghq.com/csp-report
      Content-Type:
      - application/json
      Date:
      - Mon, 04 Jan 2021 13:49:02 GMT
      Pragma:
      - no-cache
      Set-Cookie:
      - DD-PSHARD=233; Max-Age=604800; Path=/; expires=Mon, 11-Jan-2021 13:49:02 GMT;
        secure; HttpOnly
      Strict-Transport-Security:
      - max-age=15724800;
      Vary:
      - Accept-Encoding
      X-Content-Type-Options:
      - nosniff
      X-Dd-Debug:
      - 554jtl/SJjxTmK4ElYRM70FG0Y8nm2ZpMLRYU7gYOwQo5oClqUW2XRpaqEBdUJZQ
      X-Dd-Version:
      - "35.3632829"
      X-Frame-Options:
      - SAMEORIGIN
      X-Ratelimit-Limit:
      - "120"
      X-Ratelimit-Period:
      - "60"
      X-Ratelimit-Remaining:
      - "119"
      X-Ratelimit-Reset:
      - "58"
    status: 200 OK
    code: 200
    duration: ""
- request:
    body: ""
    form: {}
    headers:
      Accept:
      - application/json
      Dd-Operation-Id:
      - GetTest
      User-Agent:
      - terraform-provider-datadog/dev (terraform 1.15.0; terraform-cli 0.12.7-sdk)
        datadog-api-client-go/1.0.0-beta.13+dev (go go1.15.3; os darwin; arch amd64)
      X-Datadog-Parent-Id:
      - "8259416786533384138"
      X-Datadog-Sampling-Priority:
      - "1"
      X-Datadog-Trace-Id:
      - "8239072374397767870"
    url: https://app.datadoghq.com/api/v1/synthetics/tests/tbq-6fv-q6u
    method: GET
  response:
    body: '{"errors": ["Synthetics test not found"]}'
    headers:
      Cache-Control:
      - no-cache
      Content-Security-Policy:
      - frame-ancestors 'self'; report-uri https://api.datadoghq.com/csp-report
      Content-Type:
      - application/json
      Date:
      - Mon, 04 Jan 2021 13:49:02 GMT
      Pragma:
      - no-cache
      Strict-Transport-Security:
      - max-age=15724800;
      Vary:
      - Accept-Encoding
      X-Content-Type-Options:
      - nosniff
      X-Dd-Version:
      - "35.3632829"
      X-Frame-Options:
      - SAMEORIGIN
      X-Ratelimit-Limit:
      - "1000"
      X-Ratelimit-Period:
      - "60"
      X-Ratelimit-Remaining:
      - "995"
      X-Ratelimit-Reset:
      - "58"
    status: 404 Not Found
    code: 404
    duration: ""
