---
version: 1
interactions:
- request:
    body: |
      {"description":"Created using the Datadog provider in Terraform","id":"","is_read_only":true,"layout_type":"ordered","notify_list":[],"template_variable_presets":[],"template_variables":[],"title":"tf-TestAccDatadogDashboardChangeDeprecated-local-1611249309","widgets":[{"definition":{"requests":[{"increase_good":false,"q":"sum:system.cpu.user{*} by {service,account}","show_present":false}],"type":"change"}},{"definition":{"custom_links":[{"label":"Test Custom Link label","link":"https://app.datadoghq.com/dashboard/lists"}],"requests":[{"change_type":"absolute","compare_to":"day_before","increase_good":false,"order_by":"change","order_dir":"desc","q":"sum:system.cpu.user{*} by {service,account}","show_present":true}],"time":{"live_span":"1h"},"title":"Sum of system.cpu.user over * by service,account","title_align":"left","title_size":"16","type":"change"}}]}
    form: {}
    headers:
      Accept:
      - application/json
      Content-Type:
      - application/json
      Dd-Operation-Id:
      - CreateDashboard
      User-Agent:
      - terraform-provider-datadog/dev (terraform 1.15.0; terraform-cli ) datadog-api-client-go/1.0.0-beta.14
        (go go1.15.4; os darwin; arch amd64)
      X-Datadog-Parent-Id:
      - "3618013268668528880"
      X-Datadog-Sampling-Priority:
      - "1"
      X-Datadog-Trace-Id:
      - "2876126483901364952"
    url: https://api.datadoghq.com/api/v1/dashboard
    method: POST
  response:
    body: '{"notify_list":[],"description":"Created using the Datadog provider in
      Terraform","author_name":null,"template_variable_presets":[],"template_variables":[],"is_read_only":true,"id":"6ju-zzf-z4u","title":"tf-TestAccDatadogDashboardChangeDeprecated-local-1611249309","url":"/dashboard/6ju-zzf-z4u/tf-testaccdatadogdashboardchangedeprecated-local-1611249309","created_at":"2021-01-21T17:21:54.301203+00:00","modified_at":"2021-01-21T17:21:54.301203+00:00","author_handle":"frog@datadoghq.com","widgets":[{"definition":{"requests":[{"q":"sum:system.cpu.user{*}
      by {service,account}","show_present":false,"increase_good":false}],"type":"change"},"id":1423988249116372},{"definition":{"custom_links":[{"link":"https://app.datadoghq.com/dashboard/lists","label":"Test
      Custom Link label"}],"title_size":"16","title":"Sum of system.cpu.user over
      * by service,account","title_align":"left","time":{"live_span":"1h"},"requests":[{"change_type":"absolute","order_dir":"desc","compare_to":"day_before","q":"sum:system.cpu.user{*}
      by {service,account}","show_present":true,"increase_good":false,"order_by":"change"}],"type":"change"},"id":1519388584208897}],"layout_type":"ordered"}'
    headers:
      Cache-Control:
      - no-cache
      Connection:
      - keep-alive
      Content-Security-Policy:
      - frame-ancestors 'self'; report-uri https://api.datadoghq.com/csp-report
      Content-Type:
      - application/json
      Date:
      - Thu, 21 Jan 2021 17:22:01 GMT
      Pragma:
      - no-cache
      Set-Cookie:
      - DD-PSHARD=233; Max-Age=604800; Path=/; expires=Thu, 28-Jan-2021 17:21:54 GMT;
        secure; HttpOnly
      Strict-Transport-Security:
      - max-age=15724800;
      Vary:
      - Accept-Encoding
      X-Content-Type-Options:
      - nosniff
      X-Dd-Debug:
      - dPySkcOzIZtKyMKDAAzuysY3gNGGj6RtYogGuSb76E8mPvoqzREyRp6lPYm91hQU
      X-Dd-Version:
      - "35.3748439"
      X-Frame-Options:
      - SAMEORIGIN
    status: 200 OK
    code: 200
    duration: ""
- request:
    body: ""
    form: {}
    headers:
      Accept:
      - application/json
      Dd-Operation-Id:
      - GetDashboard
      User-Agent:
      - terraform-provider-datadog/dev (terraform 1.15.0; terraform-cli ) datadog-api-client-go/1.0.0-beta.14
        (go go1.15.4; os darwin; arch amd64)
      X-Datadog-Parent-Id:
      - "1585389612821308566"
      X-Datadog-Sampling-Priority:
      - "1"
      X-Datadog-Trace-Id:
      - "2876126483901364952"
    url: https://api.datadoghq.com/api/v1/dashboard/6ju-zzf-z4u
    method: GET
  response:
    body: '{"notify_list":[],"description":"Created using the Datadog provider in
      Terraform","author_name":null,"template_variable_presets":[],"template_variables":[],"is_read_only":true,"id":"6ju-zzf-z4u","title":"tf-TestAccDatadogDashboardChangeDeprecated-local-1611249309","url":"/dashboard/6ju-zzf-z4u/tf-testaccdatadogdashboardchangedeprecated-local-1611249309","created_at":"2021-01-21T17:21:54.301203+00:00","modified_at":"2021-01-21T17:21:54.301203+00:00","author_handle":"frog@datadoghq.com","widgets":[{"definition":{"requests":[{"q":"sum:system.cpu.user{*}
      by {service,account}","show_present":false,"increase_good":false}],"type":"change"},"id":1423988249116372},{"definition":{"custom_links":[{"link":"https://app.datadoghq.com/dashboard/lists","label":"Test
      Custom Link label"}],"title_size":"16","title":"Sum of system.cpu.user over
      * by service,account","title_align":"left","time":{"live_span":"1h"},"requests":[{"change_type":"absolute","order_dir":"desc","compare_to":"day_before","q":"sum:system.cpu.user{*}
      by {service,account}","show_present":true,"increase_good":false,"order_by":"change"}],"type":"change"},"id":1519388584208897}],"layout_type":"ordered"}'
    headers:
      Cache-Control:
      - no-cache
      Connection:
      - keep-alive
      Content-Security-Policy:
      - frame-ancestors 'self'; report-uri https://api.datadoghq.com/csp-report
      Content-Type:
      - application/json
      Date:
      - Thu, 21 Jan 2021 17:22:01 GMT
      Pragma:
      - no-cache
      Set-Cookie:
      - DD-PSHARD=233; Max-Age=604800; Path=/; expires=Thu, 28-Jan-2021 17:22:01 GMT;
        secure; HttpOnly
      Strict-Transport-Security:
      - max-age=15724800;
      Vary:
      - Accept-Encoding
      X-Content-Type-Options:
      - nosniff
      X-Dd-Debug:
      - B1nwy/pPNqX+q4pQT22cdp1QCexE35IF8qwSHy0Nf7IW0Y881qtn4tXN1lpmzaKc
      X-Dd-Version:
      - "35.3748439"
      X-Frame-Options:
      - SAMEORIGIN
    status: 200 OK
    code: 200
    duration: ""
- request:
    body: ""
    form: {}
    headers:
      Accept:
      - application/json
      Dd-Operation-Id:
      - GetDashboard
      User-Agent:
      - terraform-provider-datadog/dev (terraform 1.15.0; terraform-cli ) datadog-api-client-go/1.0.0-beta.14
        (go go1.15.4; os darwin; arch amd64)
      X-Datadog-Parent-Id:
      - "9195628392596339917"
      X-Datadog-Sampling-Priority:
      - "1"
      X-Datadog-Trace-Id:
      - "2876126483901364952"
    url: https://api.datadoghq.com/api/v1/dashboard/6ju-zzf-z4u
    method: GET
  response:
    body: '{"notify_list":[],"description":"Created using the Datadog provider in
      Terraform","author_name":null,"template_variable_presets":[],"template_variables":[],"is_read_only":true,"id":"6ju-zzf-z4u","title":"tf-TestAccDatadogDashboardChangeDeprecated-local-1611249309","url":"/dashboard/6ju-zzf-z4u/tf-testaccdatadogdashboardchangedeprecated-local-1611249309","created_at":"2021-01-21T17:21:54.301203+00:00","modified_at":"2021-01-21T17:21:54.301203+00:00","author_handle":"frog@datadoghq.com","widgets":[{"definition":{"requests":[{"q":"sum:system.cpu.user{*}
      by {service,account}","show_present":false,"increase_good":false}],"type":"change"},"id":1423988249116372},{"definition":{"custom_links":[{"link":"https://app.datadoghq.com/dashboard/lists","label":"Test
      Custom Link label"}],"title_size":"16","title":"Sum of system.cpu.user over
      * by service,account","title_align":"left","time":{"live_span":"1h"},"requests":[{"change_type":"absolute","order_dir":"desc","compare_to":"day_before","q":"sum:system.cpu.user{*}
      by {service,account}","show_present":true,"increase_good":false,"order_by":"change"}],"type":"change"},"id":1519388584208897}],"layout_type":"ordered"}'
    headers:
      Cache-Control:
      - no-cache
      Connection:
      - keep-alive
      Content-Security-Policy:
      - frame-ancestors 'self'; report-uri https://api.datadoghq.com/csp-report
      Content-Type:
      - application/json
      Date:
      - Thu, 21 Jan 2021 17:22:04 GMT
      Pragma:
      - no-cache
      Set-Cookie:
      - DD-PSHARD=233; Max-Age=604800; Path=/; expires=Thu, 28-Jan-2021 17:22:04 GMT;
        secure; HttpOnly
      Strict-Transport-Security:
      - max-age=15724800;
      Vary:
      - Accept-Encoding
      X-Content-Type-Options:
      - nosniff
      X-Dd-Debug:
      - /L+SFFO+m1pPY+hRCpk5325fvfrNl0KmiquUNJolBN/5hu3HIwflqjZSbJ6NxDFG
      X-Dd-Version:
      - "35.3748439"
      X-Frame-Options:
      - SAMEORIGIN
    status: 200 OK
    code: 200
    duration: ""
- request:
    body: ""
    form: {}
    headers:
      Accept:
      - application/json
      Dd-Operation-Id:
      - GetDashboard
      User-Agent:
      - terraform-provider-datadog/dev (terraform 1.15.0; terraform-cli ) datadog-api-client-go/1.0.0-beta.14
        (go go1.15.4; os darwin; arch amd64)
      X-Datadog-Parent-Id:
      - "4044844272906574951"
      X-Datadog-Sampling-Priority:
      - "1"
      X-Datadog-Trace-Id:
      - "2876126483901364952"
    url: https://api.datadoghq.com/api/v1/dashboard/6ju-zzf-z4u
    method: GET
  response:
    body: '{"notify_list":[],"description":"Created using the Datadog provider in
      Terraform","author_name":null,"template_variable_presets":[],"template_variables":[],"is_read_only":true,"id":"6ju-zzf-z4u","title":"tf-TestAccDatadogDashboardChangeDeprecated-local-1611249309","url":"/dashboard/6ju-zzf-z4u/tf-testaccdatadogdashboardchangedeprecated-local-1611249309","created_at":"2021-01-21T17:21:54.301203+00:00","modified_at":"2021-01-21T17:21:54.301203+00:00","author_handle":"frog@datadoghq.com","widgets":[{"definition":{"requests":[{"q":"sum:system.cpu.user{*}
      by {service,account}","show_present":false,"increase_good":false}],"type":"change"},"id":1423988249116372},{"definition":{"custom_links":[{"link":"https://app.datadoghq.com/dashboard/lists","label":"Test
      Custom Link label"}],"title_size":"16","title":"Sum of system.cpu.user over
      * by service,account","title_align":"left","time":{"live_span":"1h"},"requests":[{"change_type":"absolute","order_dir":"desc","compare_to":"day_before","q":"sum:system.cpu.user{*}
      by {service,account}","show_present":true,"increase_good":false,"order_by":"change"}],"type":"change"},"id":1519388584208897}],"layout_type":"ordered"}'
    headers:
      Cache-Control:
      - no-cache
      Connection:
      - keep-alive
      Content-Security-Policy:
      - frame-ancestors 'self'; report-uri https://api.datadoghq.com/csp-report
      Content-Type:
      - application/json
      Date:
      - Thu, 21 Jan 2021 17:22:27 GMT
      Pragma:
      - no-cache
      Set-Cookie:
      - DD-PSHARD=233; Max-Age=604800; Path=/; expires=Thu, 28-Jan-2021 17:22:27 GMT;
        secure; HttpOnly
      Strict-Transport-Security:
      - max-age=15724800;
      Vary:
      - Accept-Encoding
      X-Content-Type-Options:
      - nosniff
      X-Dd-Debug:
      - Um4CoU685QqAscnxhS5BD+goWu2yX1Jd4zCfGzSsEvPPIm1qURZaF8dlLl/OEY4I
      X-Dd-Version:
      - "35.3748439"
      X-Frame-Options:
      - SAMEORIGIN
    status: 200 OK
    code: 200
    duration: ""
- request:
    body: ""
    form: {}
    headers:
      Accept:
      - application/json
      Dd-Operation-Id:
      - GetDashboard
      User-Agent:
      - terraform-provider-datadog/dev (terraform 1.15.0; terraform-cli ) datadog-api-client-go/1.0.0-beta.14
        (go go1.15.4; os darwin; arch amd64)
      X-Datadog-Parent-Id:
      - "114537549030928454"
      X-Datadog-Sampling-Priority:
      - "1"
      X-Datadog-Trace-Id:
      - "2876126483901364952"
    url: https://api.datadoghq.com/api/v1/dashboard/6ju-zzf-z4u
    method: GET
  response:
    body: '{"notify_list":[],"description":"Created using the Datadog provider in
      Terraform","author_name":null,"template_variable_presets":[],"template_variables":[],"is_read_only":true,"id":"6ju-zzf-z4u","title":"tf-TestAccDatadogDashboardChangeDeprecated-local-1611249309","url":"/dashboard/6ju-zzf-z4u/tf-testaccdatadogdashboardchangedeprecated-local-1611249309","created_at":"2021-01-21T17:21:54.301203+00:00","modified_at":"2021-01-21T17:21:54.301203+00:00","author_handle":"frog@datadoghq.com","widgets":[{"definition":{"requests":[{"q":"sum:system.cpu.user{*}
      by {service,account}","show_present":false,"increase_good":false}],"type":"change"},"id":1423988249116372},{"definition":{"custom_links":[{"link":"https://app.datadoghq.com/dashboard/lists","label":"Test
      Custom Link label"}],"title_size":"16","title":"Sum of system.cpu.user over
      * by service,account","title_align":"left","time":{"live_span":"1h"},"requests":[{"change_type":"absolute","order_dir":"desc","compare_to":"day_before","q":"sum:system.cpu.user{*}
      by {service,account}","show_present":true,"increase_good":false,"order_by":"change"}],"type":"change"},"id":1519388584208897}],"layout_type":"ordered"}'
    headers:
      Cache-Control:
      - no-cache
      Connection:
      - keep-alive
      Content-Security-Policy:
      - frame-ancestors 'self'; report-uri https://api.datadoghq.com/csp-report
      Content-Type:
      - application/json
      Date:
      - Thu, 21 Jan 2021 17:22:59 GMT
      Pragma:
      - no-cache
      Set-Cookie:
      - DD-PSHARD=233; Max-Age=604800; Path=/; expires=Thu, 28-Jan-2021 17:22:59 GMT;
        secure; HttpOnly
      Strict-Transport-Security:
      - max-age=15724800;
      Vary:
      - Accept-Encoding
      X-Content-Type-Options:
      - nosniff
      X-Dd-Debug:
      - /L+SFFO+m1pPY+hRCpk5325fvfrNl0KmiquUNJolBN/5hu3HIwflqjZSbJ6NxDFG
      X-Dd-Version:
      - "35.3748439"
      X-Frame-Options:
      - SAMEORIGIN
    status: 200 OK
    code: 200
    duration: ""
- request:
    body: ""
    form: {}
    headers:
      Accept:
      - application/json
      Dd-Operation-Id:
      - DeleteDashboard
      User-Agent:
      - terraform-provider-datadog/dev (terraform 1.15.0; terraform-cli ) datadog-api-client-go/1.0.0-beta.14
        (go go1.15.4; os darwin; arch amd64)
      X-Datadog-Parent-Id:
      - "5086698197358272306"
      X-Datadog-Sampling-Priority:
      - "1"
      X-Datadog-Trace-Id:
      - "2876126483901364952"
    url: https://api.datadoghq.com/api/v1/dashboard/6ju-zzf-z4u
    method: DELETE
  response:
    body: '{"deleted_dashboard_id":"6ju-zzf-z4u"}'
    headers:
      Cache-Control:
      - no-cache
      Connection:
      - keep-alive
      Content-Security-Policy:
      - frame-ancestors 'self'; report-uri https://api.datadoghq.com/csp-report
      Content-Type:
      - application/json
      Date:
      - Thu, 21 Jan 2021 17:23:17 GMT
      Pragma:
      - no-cache
      Set-Cookie:
      - DD-PSHARD=233; Max-Age=604800; Path=/; expires=Thu, 28-Jan-2021 17:23:17 GMT;
        secure; HttpOnly
      Strict-Transport-Security:
      - max-age=15724800;
      Vary:
      - Accept-Encoding
      X-Content-Type-Options:
      - nosniff
      X-Dd-Debug:
      - tpRCH6w417YjBovRJ8VmtuXmNONVYiRp2c8d2AxjPdGBn8PCtgG4vAztrx3qUZAN
      X-Dd-Version:
      - "35.3748439"
      X-Frame-Options:
      - SAMEORIGIN
    status: 200 OK
    code: 200
    duration: ""
- request:
    body: ""
    form: {}
    headers:
      Accept:
      - application/json
      Dd-Operation-Id:
      - GetDashboard
      User-Agent:
      - terraform-provider-datadog/dev (terraform 1.15.0; terraform-cli ) datadog-api-client-go/1.0.0-beta.14
        (go go1.15.4; os darwin; arch amd64)
      X-Datadog-Parent-Id:
      - "3423961018778285434"
      X-Datadog-Sampling-Priority:
      - "1"
      X-Datadog-Trace-Id:
      - "2876126483901364952"
    url: https://api.datadoghq.com/api/v1/dashboard/6ju-zzf-z4u
    method: GET
  response:
    body: '{"errors": ["Dashboard with ID 6ju-zzf-z4u not found"]}'
    headers:
      Cache-Control:
      - no-cache
      Connection:
      - keep-alive
      Content-Security-Policy:
      - frame-ancestors 'self'; report-uri https://api.datadoghq.com/csp-report
      Content-Type:
      - application/json
      Date:
      - Thu, 21 Jan 2021 17:23:20 GMT
      Pragma:
      - no-cache
      Strict-Transport-Security:
      - max-age=15724800;
      Vary:
      - Accept-Encoding
      X-Content-Type-Options:
      - nosniff
      X-Dd-Version:
      - "35.3748439"
      X-Frame-Options:
      - SAMEORIGIN
    status: 404 Not Found
    code: 404
    duration: ""
