---
version: 1
interactions:
- request:
    body: |
      {"end":1735765200,"message":"tf-TestAccDatadogDowntime_BasicUntilOccurrencesRecurrence-local-1596618377","monitor_tags":["*"],"recurrence":{"period":1,"type":"days","until_occurrences":5},"scope":["host:UntilOccurrencesRecurrence"],"start":1735707600,"timezone":"UTC"}
    form: {}
    headers:
      Accept:
      - application/json
      Content-Type:
      - application/json
      Dd-Operation-Id:
      - CreateDowntime
      User-Agent:
      - terraform-provider-datadog/dev (terraform 1.10.0; terraform-cli ) datadog-api-client-go/1.0.0-beta.8+dev
        (go go1.14.4; os darwin; arch amd64)
      X-Datadog-Parent-Id:
      - "2636572767965786255"
      X-Datadog-Sampling-Priority:
      - "1"
      X-Datadog-Trace-Id:
      - "7771832345091293415"
    url: https://api.datadoghq.com/api/v1/downtime
    method: POST
  response:
    body: '{"recurrence":{"until_date":null,"until_occurrences":5,"week_days":null,"type":"days","period":1},"end":1735765200,"monitor_tags":["*"],"canceled":null,"monitor_id":null,"org_id":321813,"disabled":false,"start":1735707600,"creator_id":1379826,"parent_id":null,"timezone":"UTC","active":false,"scope":["host:UntilOccurrencesRecurrence"],"message":"tf-TestAccDatadogDowntime_BasicUntilOccurrencesRecurrence-local-1596618377","downtime_type":1,"id":915328167,"updater_id":null}'
    headers:
      Cache-Control:
      - no-cache
      Connection:
      - keep-alive
      Content-Security-Policy:
      - frame-ancestors 'self'; report-uri https://api.datadoghq.com/csp-report
      Content-Type:
      - application/json; charset=utf-8
      Date:
      - Wed, 05 Aug 2020 09:06:18 GMT
      Dd-Pool:
      - dogweb
      Pragma:
      - no-cache
      Set-Cookie:
      - DD-PSHARD=233; Max-Age=604800; Path=/; expires=Wed, 12-Aug-2020 09:06:18 GMT;
        secure; HttpOnly
      Strict-Transport-Security:
      - max-age=15724800;
      Vary:
      - Accept-Encoding
      X-Content-Type-Options:
      - nosniff
      X-Dd-Debug:
      - 5hD6AoF2Kh6N3bEuRwl6y2UekXsYZ6hGcQ3Xrn8B5eZn1owze40REKxZ5jQ5SIq+
      X-Dd-Version:
      - "35.2834998"
      X-Frame-Options:
      - SAMEORIGIN
    status: 200 OK
    code: 200
    duration: ""
- request:
    body: ""
    form: {}
    headers:
      Accept:
      - application/json
      Dd-Operation-Id:
      - GetDowntime
      User-Agent:
      - terraform-provider-datadog/dev (terraform 1.10.0; terraform-cli ) datadog-api-client-go/1.0.0-beta.8+dev
        (go go1.14.4; os darwin; arch amd64)
      X-Datadog-Parent-Id:
      - "6568882433707616279"
      X-Datadog-Sampling-Priority:
      - "1"
      X-Datadog-Trace-Id:
      - "7771832345091293415"
    url: https://api.datadoghq.com/api/v1/downtime/915328167
    method: GET
  response:
    body: '{"recurrence":{"until_date":null,"until_occurrences":5,"week_days":null,"type":"days","period":1},"end":1735765200,"monitor_tags":["*"],"canceled":null,"monitor_id":null,"org_id":321813,"disabled":false,"start":1735707600,"creator_id":1379826,"parent_id":null,"timezone":"UTC","active":false,"scope":["host:UntilOccurrencesRecurrence"],"message":"tf-TestAccDatadogDowntime_BasicUntilOccurrencesRecurrence-local-1596618377","downtime_type":1,"id":915328167,"updater_id":null}'
    headers:
      Cache-Control:
      - no-cache
      Connection:
      - keep-alive
      Content-Security-Policy:
      - frame-ancestors 'self'; report-uri https://api.datadoghq.com/csp-report
      Content-Type:
      - application/json; charset=utf-8
      Date:
      - Wed, 05 Aug 2020 09:06:18 GMT
      Dd-Pool:
      - dogweb
      Pragma:
      - no-cache
      Set-Cookie:
      - DD-PSHARD=233; Max-Age=604800; Path=/; expires=Wed, 12-Aug-2020 09:06:18 GMT;
        secure; HttpOnly
      Strict-Transport-Security:
      - max-age=15724800;
      Vary:
      - Accept-Encoding
      X-Content-Type-Options:
      - nosniff
      X-Dd-Debug:
      - iNAKTFmtI1Y8f3WNGJsH+2X4Cx6oVZ3grUN8gsRUzwsxH1ljIoUfiP7xUVsIXS6P
      X-Dd-Version:
      - "35.2834998"
      X-Frame-Options:
      - SAMEORIGIN
    status: 200 OK
    code: 200
    duration: ""
- request:
    body: ""
    form: {}
    headers:
      Accept:
      - application/json
      Dd-Operation-Id:
      - GetDowntime
      User-Agent:
      - terraform-provider-datadog/dev (terraform 1.10.0; terraform-cli ) datadog-api-client-go/1.0.0-beta.8+dev
        (go go1.14.4; os darwin; arch amd64)
      X-Datadog-Parent-Id:
      - "989211737509133286"
      X-Datadog-Sampling-Priority:
      - "1"
      X-Datadog-Trace-Id:
      - "7771832345091293415"
    url: https://api.datadoghq.com/api/v1/downtime/915328167
    method: GET
  response:
    body: '{"recurrence":{"until_date":null,"until_occurrences":5,"week_days":null,"type":"days","period":1},"end":1735765200,"monitor_tags":["*"],"canceled":null,"monitor_id":null,"org_id":321813,"disabled":false,"start":1735707600,"creator_id":1379826,"parent_id":null,"timezone":"UTC","active":false,"scope":["host:UntilOccurrencesRecurrence"],"message":"tf-TestAccDatadogDowntime_BasicUntilOccurrencesRecurrence-local-1596618377","downtime_type":1,"id":915328167,"updater_id":null}'
    headers:
      Cache-Control:
      - no-cache
      Connection:
      - keep-alive
      Content-Security-Policy:
      - frame-ancestors 'self'; report-uri https://api.datadoghq.com/csp-report
      Content-Type:
      - application/json; charset=utf-8
      Date:
      - Wed, 05 Aug 2020 09:06:19 GMT
      Dd-Pool:
      - dogweb
      Pragma:
      - no-cache
      Set-Cookie:
      - DD-PSHARD=233; Max-Age=604800; Path=/; expires=Wed, 12-Aug-2020 09:06:19 GMT;
        secure; HttpOnly
      Strict-Transport-Security:
      - max-age=15724800;
      Vary:
      - Accept-Encoding
      X-Content-Type-Options:
      - nosniff
      X-Dd-Debug:
      - rOrqx9wkT2/yu4X2gfZYzMMKg5qzfOPVmSx3TvPhGO6YFMpgnqsAOb3YUB27Sv+5
      X-Dd-Version:
      - "35.2834998"
      X-Frame-Options:
      - SAMEORIGIN
    status: 200 OK
    code: 200
    duration: ""
- request:
    body: ""
    form: {}
    headers:
      Accept:
      - application/json
      Dd-Operation-Id:
      - GetDowntime
      User-Agent:
      - terraform-provider-datadog/dev (terraform 1.10.0; terraform-cli ) datadog-api-client-go/1.0.0-beta.8+dev
        (go go1.14.4; os darwin; arch amd64)
      X-Datadog-Parent-Id:
      - "7587057609015049618"
      X-Datadog-Sampling-Priority:
      - "1"
      X-Datadog-Trace-Id:
      - "7771832345091293415"
    url: https://api.datadoghq.com/api/v1/downtime/915328167
    method: GET
  response:
    body: '{"recurrence":{"until_date":null,"until_occurrences":5,"week_days":null,"type":"days","period":1},"end":1735765200,"monitor_tags":["*"],"canceled":null,"monitor_id":null,"org_id":321813,"disabled":false,"start":1735707600,"creator_id":1379826,"parent_id":null,"timezone":"UTC","active":false,"scope":["host:UntilOccurrencesRecurrence"],"message":"tf-TestAccDatadogDowntime_BasicUntilOccurrencesRecurrence-local-1596618377","downtime_type":1,"id":915328167,"updater_id":null}'
    headers:
      Cache-Control:
      - no-cache
      Connection:
      - keep-alive
      Content-Security-Policy:
      - frame-ancestors 'self'; report-uri https://api.datadoghq.com/csp-report
      Content-Type:
      - application/json; charset=utf-8
      Date:
      - Wed, 05 Aug 2020 09:06:19 GMT
      Dd-Pool:
      - dogweb
      Pragma:
      - no-cache
      Set-Cookie:
      - DD-PSHARD=233; Max-Age=604800; Path=/; expires=Wed, 12-Aug-2020 09:06:19 GMT;
        secure; HttpOnly
      Strict-Transport-Security:
      - max-age=15724800;
      Vary:
      - Accept-Encoding
      X-Content-Type-Options:
      - nosniff
      X-Dd-Debug:
      - FGZc3Mf8OA2JwJGJg6vVUKpUj9a6QK4iUt4etWonM72SPoDhQHTvR4PktQX+3TEl
      X-Dd-Version:
      - "35.2834998"
      X-Frame-Options:
      - SAMEORIGIN
    status: 200 OK
    code: 200
    duration: ""
- request:
    body: ""
    form: {}
    headers:
      Accept:
      - application/json
      Dd-Operation-Id:
      - GetDowntime
      User-Agent:
      - terraform-provider-datadog/dev (terraform 1.10.0; terraform-cli ) datadog-api-client-go/1.0.0-beta.8+dev
        (go go1.14.4; os darwin; arch amd64)
      X-Datadog-Parent-Id:
      - "8316512659451479556"
      X-Datadog-Sampling-Priority:
      - "1"
      X-Datadog-Trace-Id:
      - "7771832345091293415"
    url: https://api.datadoghq.com/api/v1/downtime/915328167
    method: GET
  response:
    body: '{"recurrence":{"until_date":null,"until_occurrences":5,"week_days":null,"type":"days","period":1},"end":1735765200,"monitor_tags":["*"],"canceled":null,"monitor_id":null,"org_id":321813,"disabled":false,"start":1735707600,"creator_id":1379826,"parent_id":null,"timezone":"UTC","active":false,"scope":["host:UntilOccurrencesRecurrence"],"message":"tf-TestAccDatadogDowntime_BasicUntilOccurrencesRecurrence-local-1596618377","downtime_type":1,"id":915328167,"updater_id":null}'
    headers:
      Cache-Control:
      - no-cache
      Connection:
      - keep-alive
      Content-Security-Policy:
      - frame-ancestors 'self'; report-uri https://api.datadoghq.com/csp-report
      Content-Type:
      - application/json; charset=utf-8
      Date:
      - Wed, 05 Aug 2020 09:06:19 GMT
      Dd-Pool:
      - dogweb
      Pragma:
      - no-cache
      Set-Cookie:
      - DD-PSHARD=233; Max-Age=604800; Path=/; expires=Wed, 12-Aug-2020 09:06:19 GMT;
        secure; HttpOnly
      Strict-Transport-Security:
      - max-age=15724800;
      Vary:
      - Accept-Encoding
      X-Content-Type-Options:
      - nosniff
      X-Dd-Debug:
      - b3teWysCa3A1cBr80pfdt6+L7rgB7wrHHYTaij/NhQpjYERmoA01onr7gtwbUd07
      X-Dd-Version:
      - "35.2834998"
      X-Frame-Options:
      - SAMEORIGIN
    status: 200 OK
    code: 200
    duration: ""
- request:
    body: ""
    form: {}
    headers:
      Accept:
      - application/json
      Dd-Operation-Id:
      - GetDowntime
      User-Agent:
      - terraform-provider-datadog/dev (terraform 1.10.0; terraform-cli ) datadog-api-client-go/1.0.0-beta.8+dev
        (go go1.14.4; os darwin; arch amd64)
      X-Datadog-Parent-Id:
      - "8207948577139905882"
      X-Datadog-Sampling-Priority:
      - "1"
      X-Datadog-Trace-Id:
      - "7771832345091293415"
    url: https://api.datadoghq.com/api/v1/downtime/915328167
    method: GET
  response:
    body: '{"recurrence":{"until_date":null,"until_occurrences":5,"week_days":null,"type":"days","period":1},"end":1735765200,"monitor_tags":["*"],"canceled":null,"monitor_id":null,"org_id":321813,"disabled":false,"start":1735707600,"creator_id":1379826,"parent_id":null,"timezone":"UTC","active":false,"scope":["host:UntilOccurrencesRecurrence"],"message":"tf-TestAccDatadogDowntime_BasicUntilOccurrencesRecurrence-local-1596618377","downtime_type":1,"id":915328167,"updater_id":null}'
    headers:
      Cache-Control:
      - no-cache
      Connection:
      - keep-alive
      Content-Security-Policy:
      - frame-ancestors 'self'; report-uri https://api.datadoghq.com/csp-report
      Content-Type:
      - application/json; charset=utf-8
      Date:
      - Wed, 05 Aug 2020 09:06:19 GMT
      Dd-Pool:
      - dogweb
      Pragma:
      - no-cache
      Set-Cookie:
      - DD-PSHARD=233; Max-Age=604800; Path=/; expires=Wed, 12-Aug-2020 09:06:19 GMT;
        secure; HttpOnly
      Strict-Transport-Security:
      - max-age=15724800;
      Vary:
      - Accept-Encoding
      X-Content-Type-Options:
      - nosniff
      X-Dd-Debug:
      - 8N7OSXffWxOavKCsDUMSGUd5RVDtbVI6fG9yPCW9R+s3wgWGpYMGgSLOoTXnLVFK
      X-Dd-Version:
      - "35.2834998"
      X-Frame-Options:
      - SAMEORIGIN
    status: 200 OK
    code: 200
    duration: ""
- request:
    body: ""
    form: {}
    headers:
      Accept:
      - application/json
      Dd-Operation-Id:
      - GetDowntime
      User-Agent:
      - terraform-provider-datadog/dev (terraform 1.10.0; terraform-cli ) datadog-api-client-go/1.0.0-beta.8+dev
        (go go1.14.4; os darwin; arch amd64)
      X-Datadog-Parent-Id:
      - "5880757543399182471"
      X-Datadog-Sampling-Priority:
      - "1"
      X-Datadog-Trace-Id:
      - "7771832345091293415"
    url: https://api.datadoghq.com/api/v1/downtime/915328167
    method: GET
  response:
    body: '{"recurrence":{"until_date":null,"until_occurrences":5,"week_days":null,"type":"days","period":1},"end":1735765200,"monitor_tags":["*"],"canceled":null,"monitor_id":null,"org_id":321813,"disabled":false,"start":1735707600,"creator_id":1379826,"parent_id":null,"timezone":"UTC","active":false,"scope":["host:UntilOccurrencesRecurrence"],"message":"tf-TestAccDatadogDowntime_BasicUntilOccurrencesRecurrence-local-1596618377","downtime_type":1,"id":915328167,"updater_id":null}'
    headers:
      Cache-Control:
      - no-cache
      Connection:
      - keep-alive
      Content-Security-Policy:
      - frame-ancestors 'self'; report-uri https://api.datadoghq.com/csp-report
      Content-Type:
      - application/json; charset=utf-8
      Date:
      - Wed, 05 Aug 2020 09:06:20 GMT
      Dd-Pool:
      - dogweb
      Pragma:
      - no-cache
      Set-Cookie:
      - DD-PSHARD=233; Max-Age=604800; Path=/; expires=Wed, 12-Aug-2020 09:06:20 GMT;
        secure; HttpOnly
      Strict-Transport-Security:
      - max-age=15724800;
      Vary:
      - Accept-Encoding
      X-Content-Type-Options:
      - nosniff
      X-Dd-Debug:
      - jfscxJB7bdzzm6G8p+8YLUbIiYXEtyzyIG7UAhfu6PQdhEmRmIgRloqghqsvaZA7
      X-Dd-Version:
      - "35.2834998"
      X-Frame-Options:
      - SAMEORIGIN
    status: 200 OK
    code: 200
    duration: ""
- request:
    body: ""
    form: {}
    headers:
      Accept:
      - application/json
      Dd-Operation-Id:
      - CancelDowntime
      User-Agent:
      - terraform-provider-datadog/dev (terraform 1.10.0; terraform-cli ) datadog-api-client-go/1.0.0-beta.8+dev
        (go go1.14.4; os darwin; arch amd64)
      X-Datadog-Parent-Id:
      - "5421174885348656367"
      X-Datadog-Sampling-Priority:
      - "1"
      X-Datadog-Trace-Id:
      - "7771832345091293415"
    url: https://api.datadoghq.com/api/v1/downtime/915328167
    method: DELETE
  response:
    body: ""
    headers:
      Cache-Control:
      - no-cache
      Connection:
      - keep-alive
      Content-Length:
      - "0"
      Content-Security-Policy:
      - frame-ancestors 'self'; report-uri https://api.datadoghq.com/csp-report
      Content-Type:
      - text/html; charset=utf-8
      Date:
      - Wed, 05 Aug 2020 09:06:21 GMT
      Dd-Pool:
      - dogweb
      Pragma:
      - no-cache
      Set-Cookie:
      - DD-PSHARD=233; Max-Age=604800; Path=/; expires=Wed, 12-Aug-2020 09:06:20 GMT;
        secure; HttpOnly
      Strict-Transport-Security:
      - max-age=15724800;
      X-Content-Type-Options:
      - nosniff
      X-Dd-Debug:
      - 3USd4a3i5VMdUtFH1CrmU+WRmzgasmxIZUVDWM4hjHBSITWp7i8OyB1hub6GWByy
      X-Dd-Version:
      - "35.2834998"
      X-Frame-Options:
      - SAMEORIGIN
    status: 204 No Content
    code: 204
    duration: ""
- request:
    body: ""
    form: {}
    headers:
      Accept:
      - application/json
      Dd-Operation-Id:
      - GetDowntime
      User-Agent:
      - terraform-provider-datadog/dev (terraform 1.10.0; terraform-cli ) datadog-api-client-go/1.0.0-beta.8+dev
        (go go1.14.4; os darwin; arch amd64)
      X-Datadog-Parent-Id:
      - "8675300062688164982"
      X-Datadog-Sampling-Priority:
      - "1"
      X-Datadog-Trace-Id:
      - "7771832345091293415"
    url: https://api.datadoghq.com/api/v1/downtime/915328167
    method: GET
  response:
    body: '{"recurrence":{"until_date":null,"until_occurrences":5,"week_days":null,"type":"days","period":1},"end":1735765200,"monitor_tags":["*"],"canceled":1596618380,"monitor_id":null,"org_id":321813,"disabled":true,"start":1735707600,"creator_id":1379826,"parent_id":null,"timezone":"UTC","active":false,"scope":["host:UntilOccurrencesRecurrence"],"message":"tf-TestAccDatadogDowntime_BasicUntilOccurrencesRecurrence-local-1596618377","downtime_type":1,"id":915328167,"updater_id":1379826}'
    headers:
      Cache-Control:
      - no-cache
      Connection:
      - keep-alive
      Content-Security-Policy:
      - frame-ancestors 'self'; report-uri https://api.datadoghq.com/csp-report
      Content-Type:
      - application/json; charset=utf-8
      Date:
      - Wed, 05 Aug 2020 09:06:21 GMT
      Dd-Pool:
      - dogweb
      Pragma:
      - no-cache
      Set-Cookie:
      - DD-PSHARD=233; Max-Age=604800; Path=/; expires=Wed, 12-Aug-2020 09:06:21 GMT;
        secure; HttpOnly
      Strict-Transport-Security:
      - max-age=15724800;
      Vary:
      - Accept-Encoding
      X-Content-Type-Options:
      - nosniff
      X-Dd-Debug:
      - t1UEkVoW7IT8ZLi5FCj4fR66cLOjAR4/mjwMsdtZKRUOz4s90N2Sjg1hNlFhkqc8
      X-Dd-Version:
      - "35.2834998"
      X-Frame-Options:
      - SAMEORIGIN
    status: 200 OK
    code: 200
    duration: ""
