---
version: 1
interactions:
- request:
    body: '{"type":"metric alert","query":"avg(last_5m):max:system.load.1{*} by {host}
      \u003e 100","name":"foo","message":"test","tags":null,"options":{"notify_no_data":false,"new_host_delay":300,"thresholds":{"critical":100},"include_tags":true,"require_full_window":true},"state":{}}'
    form: {}
    headers:
      Content-Type:
      - application/json
      User-Agent:
      - Datadog/dev/terraform (go1.14)
    url: https://api.datadoghq.com/api/v1/monitor
    method: POST
  response:
    body: '{"restricted_roles":null,"tags":[],"deleted":null,"query":"avg(last_5m):max:system.load.1{*}
      by {host} > 100","message":"test","id":16133907,"multi":true,"name":"foo","created":"2020-02-28T17:02:21.535004+00:00","created_at":1582909341000,"creator":{"id":1445416,"handle":"frog@datadoghq.com","name":null,"email":"frog@datadoghq.com"},"org_id":321813,"modified":"2020-02-28T17:02:21.535004+00:00","overall_state_modified":null,"overall_state":"No
      Data","type":"metric alert","options":{"notify_audit":false,"locked":false,"silenced":{},"include_tags":true,"thresholds":{"critical":100.0},"new_host_delay":300,"require_full_window":true,"notify_no_data":false}}'
    headers:
      Cache-Control:
      - no-cache
      Connection:
      - keep-alive
      Content-Security-Policy:
      - frame-ancestors 'self'; report-uri https://api.datadoghq.com/csp-report
      Content-Type:
      - application/json; charset=utf-8
      Date:
      - Fri, 28 Feb 2020 17:02:21 GMT
      Dd-Pool:
      - dogweb
      Pragma:
      - no-cache
      Set-Cookie:
      - DD-PSHARD=233; Max-Age=604800; Path=/; expires=Fri, 06-Mar-2020 17:02:21 GMT;
        secure; HttpOnly
      Strict-Transport-Security:
      - max-age=15724800;
      Vary:
      - Accept-Encoding
      X-Content-Type-Options:
      - nosniff
      X-Dd-Debug:
      - zgs4/R8U39Dx88K274ycCG8gmotK2r1yjyecTfeITqBuGEc/zW9V1MMOyMl9URns
      X-Dd-Version:
      - "35.2224914"
      X-Frame-Options:
      - SAMEORIGIN
      X-Ratelimit-Limit:
      - "500"
      X-Ratelimit-Period:
      - "10"
      X-Ratelimit-Remaining:
      - "499"
      X-Ratelimit-Reset:
      - "9"
    status: 200 OK
    code: 200
    duration: ""
- request:
    body: '{"name":"foo","type":"api","subtype":"http","tags":["foo:bar","foo","env:test"],"config":{"request":{"url":"https://docs.datadoghq.com","method":"GET","timeout":60},"assertions":[{"operator":"isNot","type":"statusCode","target":500}]},"message":"Notify
      @pagerduty","options":{"tick_every":900,"min_failure_duration":10,"min_location_failed":1},"locations":["aws:eu-central-1"],"status":"live"}'
    form: {}
    headers:
      Content-Type:
      - application/json
      User-Agent:
      - Datadog/dev/terraform (go1.14)
    url: https://api.datadoghq.com/api/v1/synthetics/tests
    method: POST
  response:
    body: '{"status":"live","public_id":"srx-vfe-676","tags":["foo:bar","foo","env:test"],"org_id":321813,"locations":["aws:eu-central-1"],"message":"Notify
      @pagerduty","deleted_at":null,"name":"foo","monitor_id":16133908,"type":"api","created_at":"2020-02-28T17:02:21.606824+00:00","modified_at":"2020-02-28T17:02:21.606824+00:00","subtype":"http","config":{"request":{"url":"https://docs.datadoghq.com","method":"GET","timeout":60},"assertions":[{"operator":"isNot","type":"statusCode","target":500}]},"options":{"min_failure_duration":10,"tick_every":900,"min_location_failed":1}}'
    headers:
      Cache-Control:
      - no-cache
      Connection:
      - keep-alive
      Content-Security-Policy:
      - frame-ancestors 'self'; report-uri https://api.datadoghq.com/csp-report
      Content-Type:
      - application/json
      Date:
      - Fri, 28 Feb 2020 17:02:21 GMT
      Dd-Pool:
      - dogweb
      Pragma:
      - no-cache
      Set-Cookie:
      - DD-PSHARD=233; Max-Age=604800; Path=/; expires=Fri, 06-Mar-2020 17:02:21 GMT;
        secure; HttpOnly
      Strict-Transport-Security:
      - max-age=15724800;
      Vary:
      - Accept-Encoding
      X-Content-Type-Options:
      - nosniff
      X-Dd-Debug:
      - JbIYRXbRMsAVaKGy+d2H1ud8Z295ghodOPi6eELPzhmBKrZI3+dlseyrUY1cqOAd
      X-Dd-Version:
      - "35.2224914"
      X-Frame-Options:
      - SAMEORIGIN
    status: 200 OK
    code: 200
    duration: ""
- request:
    body: ""
    form: {}
    headers:
      User-Agent:
      - Datadog/dev/terraform (go1.14)
    url: https://api.datadoghq.com/api/v1/monitor/16133907
    method: GET
  response:
    body: '{"restricted_roles":null,"tags":[],"deleted":null,"query":"avg(last_5m):max:system.load.1{*}
      by {host} > 100","message":"test","id":16133907,"multi":true,"name":"foo","created":"2020-02-28T17:02:21.535004+00:00","created_at":1582909341000,"creator":{"id":1445416,"handle":"frog@datadoghq.com","name":null,"email":"frog@datadoghq.com"},"org_id":321813,"modified":"2020-02-28T17:02:21.535004+00:00","overall_state_modified":null,"overall_state":"No
      Data","type":"metric alert","options":{"notify_audit":false,"locked":false,"silenced":{},"include_tags":true,"thresholds":{"critical":100.0},"new_host_delay":300,"require_full_window":true,"notify_no_data":false}}'
    headers:
      Cache-Control:
      - no-cache
      Connection:
      - keep-alive
      Content-Security-Policy:
      - frame-ancestors 'self'; report-uri https://api.datadoghq.com/csp-report
      Content-Type:
      - application/json; charset=utf-8
      Date:
      - Fri, 28 Feb 2020 17:02:21 GMT
      Dd-Pool:
      - dogweb
      Pragma:
      - no-cache
      Set-Cookie:
      - DD-PSHARD=233; Max-Age=604800; Path=/; expires=Fri, 06-Mar-2020 17:02:21 GMT;
        secure; HttpOnly
      Strict-Transport-Security:
      - max-age=15724800;
      Vary:
      - Accept-Encoding
      X-Content-Type-Options:
      - nosniff
      X-Dd-Debug:
      - WatxAL43AyqgfI4tyA152NzYM3DLdjL7IWr0SzhldiWriTsbw9vUaRZnaqhOCdUk
      X-Dd-Version:
      - "35.2224914"
      X-Frame-Options:
      - SAMEORIGIN
      X-Ratelimit-Limit:
      - "3000"
      X-Ratelimit-Period:
      - "10"
      X-Ratelimit-Remaining:
      - "2993"
      X-Ratelimit-Reset:
      - "9"
    status: 200 OK
    code: 200
    duration: ""
- request:
    body: ""
    form: {}
    headers:
      User-Agent:
      - Datadog/dev/terraform (go1.14)
    url: https://api.datadoghq.com/api/v1/synthetics/tests/srx-vfe-676
    method: GET
  response:
    body: '{"status":"live","public_id":"srx-vfe-676","tags":["foo:bar","foo","env:test"],"locations":["aws:eu-central-1"],"message":"Notify
      @pagerduty","modified_by":{"email":"frog@datadoghq.com","handle":"frog@datadoghq.com","id":1445416,"name":null},"name":"foo","monitor_id":16133908,"type":"api","created_at":"2020-02-28T17:02:21.606824+00:00","modified_at":"2020-02-28T17:02:21.606824+00:00","created_by":{"email":"frog@datadoghq.com","handle":"frog@datadoghq.com","id":1445416,"name":null},"subtype":"http","config":{"request":{"url":"https://docs.datadoghq.com","method":"GET","timeout":60},"assertions":[{"operator":"isNot","type":"statusCode","target":500}]},"options":{"min_failure_duration":10,"tick_every":900,"min_location_failed":1}}'
    headers:
      Cache-Control:
      - no-cache
      Connection:
      - keep-alive
      Content-Security-Policy:
      - frame-ancestors 'self'; report-uri https://api.datadoghq.com/csp-report
      Content-Type:
      - application/json
      Date:
      - Fri, 28 Feb 2020 17:02:21 GMT
      Dd-Pool:
      - dogweb
      Pragma:
      - no-cache
      Set-Cookie:
      - DD-PSHARD=233; Max-Age=604800; Path=/; expires=Fri, 06-Mar-2020 17:02:21 GMT;
        secure; HttpOnly
      Strict-Transport-Security:
      - max-age=15724800;
      Vary:
      - Accept-Encoding
      X-Content-Type-Options:
      - nosniff
      X-Dd-Debug:
      - mIWJPPM06xs5rSGFgggpdD5UbOnt6ntntAO8/8YDsVuXnSmp/k0aZ5dEUtAKB7Td
      X-Dd-Version:
      - "35.2224914"
      X-Frame-Options:
      - SAMEORIGIN
    status: 200 OK
    code: 200
    duration: ""
- request:
    body: '{"type":"composite","query":"16133907 || 16133908","name":"composite monitor","message":"test","tags":null,"options":{"notify_no_data":false,"new_host_delay":300,"thresholds":{},"include_tags":true,"require_full_window":true},"state":{}}'
    form: {}
    headers:
      Content-Type:
      - application/json
      User-Agent:
      - Datadog/dev/terraform (go1.14)
    url: https://api.datadoghq.com/api/v1/monitor
    method: POST
  response:
    body: '{"restricted_roles":null,"tags":[],"deleted":null,"query":"16133907 ||
      16133908","message":"test","id":16133909,"multi":false,"name":"composite monitor","created":"2020-02-28T17:02:21.977398+00:00","created_at":1582909341000,"creator":{"id":1445416,"handle":"frog@datadoghq.com","name":null,"email":"frog@datadoghq.com"},"org_id":321813,"modified":"2020-02-28T17:02:21.977398+00:00","overall_state_modified":null,"overall_state":"No
      Data","type":"composite","options":{"notify_audit":false,"locked":false,"silenced":{},"include_tags":true,"new_host_delay":300,"require_full_window":true,"notify_no_data":false}}'
    headers:
      Cache-Control:
      - no-cache
      Connection:
      - keep-alive
      Content-Security-Policy:
      - frame-ancestors 'self'; report-uri https://api.datadoghq.com/csp-report
      Content-Type:
      - application/json; charset=utf-8
      Date:
      - Fri, 28 Feb 2020 17:02:21 GMT
      Dd-Pool:
      - dogweb
      Pragma:
      - no-cache
      Set-Cookie:
      - DD-PSHARD=233; Max-Age=604800; Path=/; expires=Fri, 06-Mar-2020 17:02:21 GMT;
        secure; HttpOnly
      Strict-Transport-Security:
      - max-age=15724800;
      Vary:
      - Accept-Encoding
      X-Content-Type-Options:
      - nosniff
      X-Dd-Debug:
      - i90G6k4M6qI4UypyvMoczcO5m+jatiEQSMeHpdjycp0h4nWxRpKUHr6efynkbQs+
      X-Dd-Version:
      - "35.2224914"
      X-Frame-Options:
      - SAMEORIGIN
      X-Ratelimit-Limit:
      - "500"
      X-Ratelimit-Period:
      - "10"
      X-Ratelimit-Remaining:
      - "498"
      X-Ratelimit-Reset:
      - "9"
    status: 200 OK
    code: 200
    duration: ""
- request:
    body: ""
    form: {}
    headers:
      User-Agent:
      - Datadog/dev/terraform (go1.14)
    url: https://api.datadoghq.com/api/v1/monitor/16133909
    method: GET
  response:
    body: '{"restricted_roles":null,"tags":[],"deleted":null,"query":"16133907 ||
      16133908","message":"test","id":16133909,"multi":false,"name":"composite monitor","created":"2020-02-28T17:02:21.977398+00:00","created_at":1582909341000,"creator":{"id":1445416,"handle":"frog@datadoghq.com","name":null,"email":"frog@datadoghq.com"},"org_id":321813,"modified":"2020-02-28T17:02:21.977398+00:00","overall_state_modified":null,"overall_state":"No
      Data","type":"composite","options":{"notify_audit":false,"locked":false,"silenced":{},"include_tags":true,"new_host_delay":300,"require_full_window":true,"notify_no_data":false}}'
    headers:
      Cache-Control:
      - no-cache
      Connection:
      - keep-alive
      Content-Security-Policy:
      - frame-ancestors 'self'; report-uri https://api.datadoghq.com/csp-report
      Content-Type:
      - application/json; charset=utf-8
      Date:
      - Fri, 28 Feb 2020 17:02:22 GMT
      Dd-Pool:
      - dogweb
      Pragma:
      - no-cache
      Set-Cookie:
      - DD-PSHARD=233; Max-Age=604800; Path=/; expires=Fri, 06-Mar-2020 17:02:22 GMT;
        secure; HttpOnly
      Strict-Transport-Security:
      - max-age=15724800;
      Vary:
      - Accept-Encoding
      X-Content-Type-Options:
      - nosniff
      X-Dd-Debug:
      - 2qCkWfddHrPF9jSCADI+4oMJC7ye/JJPxREHTFHEFILURsabvi1w9B+PDmBrh/Xk
      X-Dd-Version:
      - "35.2224914"
      X-Frame-Options:
      - SAMEORIGIN
      X-Ratelimit-Limit:
      - "3000"
      X-Ratelimit-Period:
      - "10"
      X-Ratelimit-Remaining:
      - "2992"
      X-Ratelimit-Reset:
      - "8"
    status: 200 OK
    code: 200
    duration: ""
- request:
    body: ""
    form: {}
    headers:
      User-Agent:
      - Datadog/dev/terraform (go1.14)
    url: https://api.datadoghq.com/api/v1/synthetics/tests/srx-vfe-676
    method: GET
  response:
    body: '{"status":"live","public_id":"srx-vfe-676","tags":["foo:bar","foo","env:test"],"locations":["aws:eu-central-1"],"message":"Notify
      @pagerduty","modified_by":{"email":"frog@datadoghq.com","handle":"frog@datadoghq.com","id":1445416,"name":null},"name":"foo","monitor_id":16133908,"type":"api","created_at":"2020-02-28T17:02:21.606824+00:00","modified_at":"2020-02-28T17:02:21.606824+00:00","created_by":{"email":"frog@datadoghq.com","handle":"frog@datadoghq.com","id":1445416,"name":null},"subtype":"http","overall_state_modified":"2020-02-28T17:02:22.332473+00:00","overall_state":2,"config":{"request":{"url":"https://docs.datadoghq.com","method":"GET","timeout":60},"assertions":[{"operator":"isNot","type":"statusCode","target":500}]},"options":{"min_failure_duration":10,"tick_every":900,"min_location_failed":1}}'
    headers:
      Cache-Control:
      - no-cache
      Connection:
      - keep-alive
      Content-Security-Policy:
      - frame-ancestors 'self'; report-uri https://api.datadoghq.com/csp-report
      Content-Type:
      - application/json
      Date:
      - Fri, 28 Feb 2020 17:02:22 GMT
      Dd-Pool:
      - dogweb
      Pragma:
      - no-cache
      Set-Cookie:
      - DD-PSHARD=233; Max-Age=604800; Path=/; expires=Fri, 06-Mar-2020 17:02:22 GMT;
        secure; HttpOnly
      Strict-Transport-Security:
      - max-age=15724800;
      Vary:
      - Accept-Encoding
      X-Content-Type-Options:
      - nosniff
      X-Dd-Debug:
      - +6muH0vWWhHE6JfE/xHkdpoFSNgX/+wCvqEMuEDvglDKir3htwvCDYdHi0bPaPF0
      X-Dd-Version:
      - "35.2224914"
      X-Frame-Options:
      - SAMEORIGIN
    status: 200 OK
    code: 200
    duration: ""
- request:
    body: ""
    form: {}
    headers:
      User-Agent:
      - Datadog/dev/terraform (go1.14)
    url: https://api.datadoghq.com/api/v1/monitor/16133907
    method: GET
  response:
    body: '{"restricted_roles":null,"tags":[],"deleted":null,"query":"avg(last_5m):max:system.load.1{*}
      by {host} > 100","message":"test","id":16133907,"multi":true,"name":"foo","created":"2020-02-28T17:02:21.535004+00:00","created_at":1582909341000,"creator":{"id":1445416,"handle":"frog@datadoghq.com","name":null,"email":"frog@datadoghq.com"},"org_id":321813,"modified":"2020-02-28T17:02:21.535004+00:00","overall_state_modified":null,"overall_state":"No
      Data","type":"metric alert","options":{"notify_audit":false,"locked":false,"silenced":{},"include_tags":true,"thresholds":{"critical":100.0},"new_host_delay":300,"require_full_window":true,"notify_no_data":false}}'
    headers:
      Cache-Control:
      - no-cache
      Connection:
      - keep-alive
      Content-Security-Policy:
      - frame-ancestors 'self'; report-uri https://api.datadoghq.com/csp-report
      Content-Type:
      - application/json; charset=utf-8
      Date:
      - Fri, 28 Feb 2020 17:02:22 GMT
      Dd-Pool:
      - dogweb
      Pragma:
      - no-cache
      Set-Cookie:
      - DD-PSHARD=233; Max-Age=604800; Path=/; expires=Fri, 06-Mar-2020 17:02:22 GMT;
        secure; HttpOnly
      Strict-Transport-Security:
      - max-age=15724800;
      Vary:
      - Accept-Encoding
      X-Content-Type-Options:
      - nosniff
      X-Dd-Debug:
      - YCJuwY9AAFMveejFq3DmCuXNgWrXpDBQxqXi3LxQxaHO16MK3yMSWa14TOuRlDjy
      X-Dd-Version:
      - "35.2224914"
      X-Frame-Options:
      - SAMEORIGIN
      X-Ratelimit-Limit:
      - "3000"
      X-Ratelimit-Period:
      - "10"
      X-Ratelimit-Remaining:
      - "2991"
      X-Ratelimit-Reset:
      - "8"
    status: 200 OK
    code: 200
    duration: ""
- request:
    body: ""
    form: {}
    headers:
      User-Agent:
      - Datadog/dev/terraform (go1.14)
    url: https://api.datadoghq.com/api/v1/monitor/16133907
    method: GET
  response:
    body: '{"restricted_roles":null,"tags":[],"deleted":null,"query":"avg(last_5m):max:system.load.1{*}
      by {host} > 100","message":"test","id":16133907,"multi":true,"name":"foo","created":"2020-02-28T17:02:21.535004+00:00","created_at":1582909341000,"creator":{"id":1445416,"handle":"frog@datadoghq.com","name":null,"email":"frog@datadoghq.com"},"org_id":321813,"modified":"2020-02-28T17:02:21.535004+00:00","overall_state_modified":null,"overall_state":"No
      Data","type":"metric alert","options":{"notify_audit":false,"locked":false,"silenced":{},"include_tags":true,"thresholds":{"critical":100.0},"new_host_delay":300,"require_full_window":true,"notify_no_data":false}}'
    headers:
      Cache-Control:
      - no-cache
      Connection:
      - keep-alive
      Content-Security-Policy:
      - frame-ancestors 'self'; report-uri https://api.datadoghq.com/csp-report
      Content-Type:
      - application/json; charset=utf-8
      Date:
      - Fri, 28 Feb 2020 17:02:22 GMT
      Dd-Pool:
      - dogweb
      Pragma:
      - no-cache
      Set-Cookie:
      - DD-PSHARD=233; Max-Age=604800; Path=/; expires=Fri, 06-Mar-2020 17:02:22 GMT;
        secure; HttpOnly
      Strict-Transport-Security:
      - max-age=15724800;
      Vary:
      - Accept-Encoding
      X-Content-Type-Options:
      - nosniff
      X-Dd-Debug:
      - GM3qkj4SwEuhNLnO2bGVKXmYyTyl+x7nOBmAec7P90wogSgnhOkciAg/AUC2jkes
      X-Dd-Version:
      - "35.2224914"
      X-Frame-Options:
      - SAMEORIGIN
      X-Ratelimit-Limit:
      - "3000"
      X-Ratelimit-Period:
      - "10"
      X-Ratelimit-Remaining:
      - "2990"
      X-Ratelimit-Reset:
      - "8"
    status: 200 OK
    code: 200
    duration: ""
- request:
    body: ""
    form: {}
    headers:
      User-Agent:
      - Datadog/dev/terraform (go1.14)
    url: https://api.datadoghq.com/api/v1/monitor/16133909
    method: GET
  response:
    body: '{"restricted_roles":null,"tags":[],"deleted":null,"query":"16133907 ||
      16133908","message":"test","id":16133909,"multi":false,"name":"composite monitor","created":"2020-02-28T17:02:21.977398+00:00","created_at":1582909341000,"creator":{"id":1445416,"handle":"frog@datadoghq.com","name":null,"email":"frog@datadoghq.com"},"org_id":321813,"modified":"2020-02-28T17:02:21.977398+00:00","overall_state_modified":null,"overall_state":"No
      Data","type":"composite","options":{"notify_audit":false,"locked":false,"silenced":{},"include_tags":true,"new_host_delay":300,"require_full_window":true,"notify_no_data":false}}'
    headers:
      Cache-Control:
      - no-cache
      Connection:
      - keep-alive
      Content-Security-Policy:
      - frame-ancestors 'self'; report-uri https://api.datadoghq.com/csp-report
      Content-Type:
      - application/json; charset=utf-8
      Date:
      - Fri, 28 Feb 2020 17:02:22 GMT
      Dd-Pool:
      - dogweb
      Pragma:
      - no-cache
      Set-Cookie:
      - DD-PSHARD=233; Max-Age=604800; Path=/; expires=Fri, 06-Mar-2020 17:02:22 GMT;
        secure; HttpOnly
      Strict-Transport-Security:
      - max-age=15724800;
      Vary:
      - Accept-Encoding
      X-Content-Type-Options:
      - nosniff
      X-Dd-Debug:
      - KKQq2SiaDLpychKSp47ffvU6SRxUV+VzBWr187ESkULBuGOI+kREfb/2NCy8DAWC
      X-Dd-Version:
      - "35.2224914"
      X-Frame-Options:
      - SAMEORIGIN
      X-Ratelimit-Limit:
      - "3000"
      X-Ratelimit-Period:
      - "10"
      X-Ratelimit-Remaining:
      - "2989"
      X-Ratelimit-Reset:
      - "8"
    status: 200 OK
    code: 200
    duration: ""
- request:
    body: ""
    form: {}
    headers:
      User-Agent:
      - Datadog/dev/terraform (go1.14)
    url: https://api.datadoghq.com/api/v1/monitor/16133909
    method: GET
  response:
    body: '{"restricted_roles":null,"tags":[],"deleted":null,"query":"16133907 ||
      16133908","message":"test","id":16133909,"multi":false,"name":"composite monitor","created":"2020-02-28T17:02:21.977398+00:00","created_at":1582909341000,"creator":{"id":1445416,"handle":"frog@datadoghq.com","name":null,"email":"frog@datadoghq.com"},"org_id":321813,"modified":"2020-02-28T17:02:21.977398+00:00","overall_state_modified":null,"overall_state":"No
      Data","type":"composite","options":{"notify_audit":false,"locked":false,"silenced":{},"include_tags":true,"new_host_delay":300,"require_full_window":true,"notify_no_data":false}}'
    headers:
      Cache-Control:
      - no-cache
      Connection:
      - keep-alive
      Content-Security-Policy:
      - frame-ancestors 'self'; report-uri https://api.datadoghq.com/csp-report
      Content-Type:
      - application/json; charset=utf-8
      Date:
      - Fri, 28 Feb 2020 17:02:22 GMT
      Dd-Pool:
      - dogweb
      Pragma:
      - no-cache
      Set-Cookie:
      - DD-PSHARD=233; Max-Age=604800; Path=/; expires=Fri, 06-Mar-2020 17:02:22 GMT;
        secure; HttpOnly
      Strict-Transport-Security:
      - max-age=15724800;
      Vary:
      - Accept-Encoding
      X-Content-Type-Options:
      - nosniff
      X-Dd-Debug:
      - 2qCkWfddHrPF9jSCADI+4oMJC7ye/JJPxREHTFHEFILURsabvi1w9B+PDmBrh/Xk
      X-Dd-Version:
      - "35.2224914"
      X-Frame-Options:
      - SAMEORIGIN
      X-Ratelimit-Limit:
      - "3000"
      X-Ratelimit-Period:
      - "10"
      X-Ratelimit-Remaining:
      - "2988"
      X-Ratelimit-Reset:
      - "8"
    status: 200 OK
    code: 200
    duration: ""
- request:
    body: ""
    form: {}
    headers:
      User-Agent:
      - Datadog/dev/terraform (go1.14)
    url: https://api.datadoghq.com/api/v1/synthetics/tests/srx-vfe-676
    method: GET
  response:
    body: '{"status":"live","public_id":"srx-vfe-676","tags":["foo:bar","foo","env:test"],"locations":["aws:eu-central-1"],"message":"Notify
      @pagerduty","modified_by":{"email":"frog@datadoghq.com","handle":"frog@datadoghq.com","id":1445416,"name":null},"name":"foo","monitor_id":16133908,"type":"api","created_at":"2020-02-28T17:02:21.606824+00:00","modified_at":"2020-02-28T17:02:21.606824+00:00","created_by":{"email":"frog@datadoghq.com","handle":"frog@datadoghq.com","id":1445416,"name":null},"subtype":"http","overall_state_modified":"2020-02-28T17:02:23.055772+00:00","overall_state":2,"config":{"request":{"url":"https://docs.datadoghq.com","method":"GET","timeout":60},"assertions":[{"operator":"isNot","type":"statusCode","target":500}]},"options":{"min_failure_duration":10,"tick_every":900,"min_location_failed":1}}'
    headers:
      Cache-Control:
      - no-cache
      Connection:
      - keep-alive
      Content-Security-Policy:
      - frame-ancestors 'self'; report-uri https://api.datadoghq.com/csp-report
      Content-Type:
      - application/json
      Date:
      - Fri, 28 Feb 2020 17:02:23 GMT
      Dd-Pool:
      - dogweb
      Pragma:
      - no-cache
      Set-Cookie:
      - DD-PSHARD=233; Max-Age=604800; Path=/; expires=Fri, 06-Mar-2020 17:02:23 GMT;
        secure; HttpOnly
      Strict-Transport-Security:
      - max-age=15724800;
      Vary:
      - Accept-Encoding
      X-Content-Type-Options:
      - nosniff
      X-Dd-Debug:
      - TAg/qKywM5rz/AUGkmt8+wB4wzGMJfSiHOrBzxBctPLsV/erSD5TChi/uo5ZlVXK
      X-Dd-Version:
      - "35.2224914"
      X-Frame-Options:
      - SAMEORIGIN
    status: 200 OK
    code: 200
    duration: ""
- request:
    body: ""
    form: {}
    headers:
      User-Agent:
      - Datadog/dev/terraform (go1.14)
    url: https://api.datadoghq.com/api/v1/monitor/16133907
    method: GET
  response:
    body: '{"restricted_roles":null,"tags":[],"deleted":null,"query":"avg(last_5m):max:system.load.1{*}
      by {host} > 100","message":"test","id":16133907,"multi":true,"name":"foo","created":"2020-02-28T17:02:21.535004+00:00","created_at":1582909341000,"creator":{"id":1445416,"handle":"frog@datadoghq.com","name":null,"email":"frog@datadoghq.com"},"org_id":321813,"modified":"2020-02-28T17:02:21.535004+00:00","overall_state_modified":null,"overall_state":"No
      Data","type":"metric alert","options":{"notify_audit":false,"locked":false,"silenced":{},"include_tags":true,"thresholds":{"critical":100.0},"new_host_delay":300,"require_full_window":true,"notify_no_data":false}}'
    headers:
      Cache-Control:
      - no-cache
      Connection:
      - keep-alive
      Content-Security-Policy:
      - frame-ancestors 'self'; report-uri https://api.datadoghq.com/csp-report
      Content-Type:
      - application/json; charset=utf-8
      Date:
      - Fri, 28 Feb 2020 17:02:23 GMT
      Dd-Pool:
      - dogweb
      Pragma:
      - no-cache
      Set-Cookie:
      - DD-PSHARD=233; Max-Age=604800; Path=/; expires=Fri, 06-Mar-2020 17:02:23 GMT;
        secure; HttpOnly
      Strict-Transport-Security:
      - max-age=15724800;
      Vary:
      - Accept-Encoding
      X-Content-Type-Options:
      - nosniff
      X-Dd-Debug:
      - PKDIrz8Hcluof9oNzY3q1BouPTowe6nlZ4slm6KLsMEc/9DaK1hteKVCh6mza/IQ
      X-Dd-Version:
      - "35.2224914"
      X-Frame-Options:
      - SAMEORIGIN
      X-Ratelimit-Limit:
      - "3000"
      X-Ratelimit-Period:
      - "10"
      X-Ratelimit-Remaining:
      - "2987"
      X-Ratelimit-Reset:
      - "7"
    status: 200 OK
    code: 200
    duration: ""
- request:
    body: ""
    form: {}
    headers:
      User-Agent:
      - Datadog/dev/terraform (go1.14)
    url: https://api.datadoghq.com/api/v1/monitor/16133907
    method: GET
  response:
    body: '{"restricted_roles":null,"tags":[],"deleted":null,"query":"avg(last_5m):max:system.load.1{*}
      by {host} > 100","message":"test","id":16133907,"multi":true,"name":"foo","created":"2020-02-28T17:02:21.535004+00:00","created_at":1582909341000,"creator":{"id":1445416,"handle":"frog@datadoghq.com","name":null,"email":"frog@datadoghq.com"},"org_id":321813,"modified":"2020-02-28T17:02:21.535004+00:00","overall_state_modified":null,"overall_state":"No
      Data","type":"metric alert","options":{"notify_audit":false,"locked":false,"silenced":{},"include_tags":true,"thresholds":{"critical":100.0},"new_host_delay":300,"require_full_window":true,"notify_no_data":false}}'
    headers:
      Cache-Control:
      - no-cache
      Connection:
      - keep-alive
      Content-Security-Policy:
      - frame-ancestors 'self'; report-uri https://api.datadoghq.com/csp-report
      Content-Type:
      - application/json; charset=utf-8
      Date:
      - Fri, 28 Feb 2020 17:02:23 GMT
      Dd-Pool:
      - dogweb
      Pragma:
      - no-cache
      Set-Cookie:
      - DD-PSHARD=233; Max-Age=604800; Path=/; expires=Fri, 06-Mar-2020 17:02:23 GMT;
        secure; HttpOnly
      Strict-Transport-Security:
      - max-age=15724800;
      Vary:
      - Accept-Encoding
      X-Content-Type-Options:
      - nosniff
      X-Dd-Debug:
      - 3GTZ6ImnvkiMOuKTP2ILv/2CbQJLb5wTjyX1KOTCD/aaxDS+HyYye1EH1uVK9Ajh
      X-Dd-Version:
      - "35.2224914"
      X-Frame-Options:
      - SAMEORIGIN
      X-Ratelimit-Limit:
      - "3000"
      X-Ratelimit-Period:
      - "10"
      X-Ratelimit-Remaining:
      - "2986"
      X-Ratelimit-Reset:
      - "7"
    status: 200 OK
    code: 200
    duration: ""
- request:
    body: ""
    form: {}
    headers:
      User-Agent:
      - Datadog/dev/terraform (go1.14)
    url: https://api.datadoghq.com/api/v1/monitor/16133909
    method: GET
  response:
    body: '{"restricted_roles":null,"tags":[],"deleted":null,"query":"16133907 ||
      16133908","message":"test","id":16133909,"multi":false,"name":"composite monitor","created":"2020-02-28T17:02:21.977398+00:00","created_at":1582909341000,"creator":{"id":1445416,"handle":"frog@datadoghq.com","name":null,"email":"frog@datadoghq.com"},"org_id":321813,"modified":"2020-02-28T17:02:21.977398+00:00","overall_state_modified":null,"overall_state":"No
      Data","type":"composite","options":{"notify_audit":false,"locked":false,"silenced":{},"include_tags":true,"new_host_delay":300,"require_full_window":true,"notify_no_data":false}}'
    headers:
      Cache-Control:
      - no-cache
      Connection:
      - keep-alive
      Content-Security-Policy:
      - frame-ancestors 'self'; report-uri https://api.datadoghq.com/csp-report
      Content-Type:
      - application/json; charset=utf-8
      Date:
      - Fri, 28 Feb 2020 17:02:23 GMT
      Dd-Pool:
      - dogweb
      Pragma:
      - no-cache
      Set-Cookie:
      - DD-PSHARD=233; Max-Age=604800; Path=/; expires=Fri, 06-Mar-2020 17:02:23 GMT;
        secure; HttpOnly
      Strict-Transport-Security:
      - max-age=15724800;
      Vary:
      - Accept-Encoding
      X-Content-Type-Options:
      - nosniff
      X-Dd-Debug:
      - 2AZOmbSnS2o4jaTO55IoEgDi10r3ewUAnpo5XLuAFAThAxt0uvbRy8dZoSIDmBYA
      X-Dd-Version:
      - "35.2224914"
      X-Frame-Options:
      - SAMEORIGIN
      X-Ratelimit-Limit:
      - "3000"
      X-Ratelimit-Period:
      - "10"
      X-Ratelimit-Remaining:
      - "2985"
      X-Ratelimit-Reset:
      - "7"
    status: 200 OK
    code: 200
    duration: ""
- request:
    body: ""
    form: {}
    headers:
      User-Agent:
      - Datadog/dev/terraform (go1.14)
    url: https://api.datadoghq.com/api/v1/monitor/16133909
    method: GET
  response:
    body: '{"restricted_roles":null,"tags":[],"deleted":null,"query":"16133907 ||
      16133908","message":"test","id":16133909,"multi":false,"name":"composite monitor","created":"2020-02-28T17:02:21.977398+00:00","created_at":1582909341000,"creator":{"id":1445416,"handle":"frog@datadoghq.com","name":null,"email":"frog@datadoghq.com"},"org_id":321813,"modified":"2020-02-28T17:02:21.977398+00:00","overall_state_modified":null,"overall_state":"No
      Data","type":"composite","options":{"notify_audit":false,"locked":false,"silenced":{},"include_tags":true,"new_host_delay":300,"require_full_window":true,"notify_no_data":false}}'
    headers:
      Cache-Control:
      - no-cache
      Connection:
      - keep-alive
      Content-Security-Policy:
      - frame-ancestors 'self'; report-uri https://api.datadoghq.com/csp-report
      Content-Type:
      - application/json; charset=utf-8
      Date:
      - Fri, 28 Feb 2020 17:02:23 GMT
      Dd-Pool:
      - dogweb
      Pragma:
      - no-cache
      Set-Cookie:
      - DD-PSHARD=233; Max-Age=604800; Path=/; expires=Fri, 06-Mar-2020 17:02:23 GMT;
        secure; HttpOnly
      Strict-Transport-Security:
      - max-age=15724800;
      Vary:
      - Accept-Encoding
      X-Content-Type-Options:
      - nosniff
      X-Dd-Debug:
      - nRZqCODixwNZX0HLyT17WzYwenviVG0rmnZak57k5KsDWun3aWEsPedTsRpiFQxf
      X-Dd-Version:
      - "35.2224914"
      X-Frame-Options:
      - SAMEORIGIN
      X-Ratelimit-Limit:
      - "3000"
      X-Ratelimit-Period:
      - "10"
      X-Ratelimit-Remaining:
      - "2984"
      X-Ratelimit-Reset:
      - "7"
    status: 200 OK
    code: 200
    duration: ""
- request:
    body: ""
    form: {}
    headers:
      User-Agent:
      - Datadog/dev/terraform (go1.14)
    url: https://api.datadoghq.com/api/v1/monitor/16133909
    method: DELETE
  response:
    body: '{"deleted_monitor_id":16133909}'
    headers:
      Cache-Control:
      - no-cache
      Connection:
      - keep-alive
      Content-Security-Policy:
      - frame-ancestors 'self'; report-uri https://api.datadoghq.com/csp-report
      Content-Type:
      - application/json; charset=utf-8
      Date:
      - Fri, 28 Feb 2020 17:02:23 GMT
      Dd-Pool:
      - dogweb
      Pragma:
      - no-cache
      Set-Cookie:
      - DD-PSHARD=233; Max-Age=604800; Path=/; expires=Fri, 06-Mar-2020 17:02:23 GMT;
        secure; HttpOnly
      Strict-Transport-Security:
      - max-age=15724800;
      Vary:
      - Accept-Encoding
      X-Content-Type-Options:
      - nosniff
      X-Dd-Debug:
      - o8MFmk+4Ge4vq85ax+5C1nfQs0lbtaPPYZrpqzeG6IsYGNLGMu/G7PbJElpjPS5i
      X-Dd-Version:
      - "35.2224914"
      X-Frame-Options:
      - SAMEORIGIN
    status: 200 OK
    code: 200
    duration: ""
- request:
    body: ""
    form: {}
    headers:
      User-Agent:
      - Datadog/dev/terraform (go1.14)
    url: https://api.datadoghq.com/api/v1/monitor/16133907
    method: DELETE
  response:
    body: '{"deleted_monitor_id":16133907}'
    headers:
      Cache-Control:
      - no-cache
      Connection:
      - keep-alive
      Content-Security-Policy:
      - frame-ancestors 'self'; report-uri https://api.datadoghq.com/csp-report
      Content-Type:
      - application/json; charset=utf-8
      Date:
      - Fri, 28 Feb 2020 17:02:23 GMT
      Dd-Pool:
      - dogweb
      Pragma:
      - no-cache
      Set-Cookie:
      - DD-PSHARD=233; Max-Age=604800; Path=/; expires=Fri, 06-Mar-2020 17:02:23 GMT;
        secure; HttpOnly
      Strict-Transport-Security:
      - max-age=15724800;
      Vary:
      - Accept-Encoding
      X-Content-Type-Options:
      - nosniff
      X-Dd-Debug:
      - sAPKocoLMDEnM5qY2PL6SCQ+dkENYAR/6IistAQ5iiTU/UnJHAba158nxOvVRvKJ
      X-Dd-Version:
      - "35.2224914"
      X-Frame-Options:
      - SAMEORIGIN
    status: 200 OK
    code: 200
    duration: ""
- request:
    body: '{"public_ids":["srx-vfe-676"]}'
    form: {}
    headers:
      Content-Type:
      - application/json
      User-Agent:
      - Datadog/dev/terraform (go1.14)
    url: https://api.datadoghq.com/api/v1/synthetics/tests/delete
    method: POST
  response:
    body: '{"deleted_tests":[{"deleted_at":"2020-02-28T17:02:23.974124+00:00","public_id":"srx-vfe-676"}]}'
    headers:
      Cache-Control:
      - no-cache
      Connection:
      - keep-alive
      Content-Security-Policy:
      - frame-ancestors 'self'; report-uri https://api.datadoghq.com/csp-report
      Content-Type:
      - application/json
      Date:
      - Fri, 28 Feb 2020 17:02:24 GMT
      Dd-Pool:
      - dogweb
      Pragma:
      - no-cache
      Set-Cookie:
      - DD-PSHARD=233; Max-Age=604800; Path=/; expires=Fri, 06-Mar-2020 17:02:23 GMT;
        secure; HttpOnly
      Strict-Transport-Security:
      - max-age=15724800;
      Vary:
      - Accept-Encoding
      X-Content-Type-Options:
      - nosniff
      X-Dd-Debug:
      - btzHvL7Rg/f/n1wMP2CFVXsuErrwOO9p2hvsBofLQbxzRkmZbfvXcB18pURNtIOI
      X-Dd-Version:
      - "35.2224914"
      X-Frame-Options:
      - SAMEORIGIN
    status: 200 OK
    code: 200
    duration: ""
- request:
    body: ""
    form: {}
    headers:
      User-Agent:
      - Datadog/dev/terraform (go1.14)
    url: https://api.datadoghq.com/api/v1/monitor/16133909
    method: GET
  response:
    body: '{"errors":["Monitor not found"]}'
    headers:
      Cache-Control:
      - no-cache
      Connection:
      - keep-alive
      Content-Security-Policy:
      - frame-ancestors 'self'; report-uri https://api.datadoghq.com/csp-report
      Content-Type:
      - application/json
      Date:
      - Fri, 28 Feb 2020 17:02:24 GMT
      Dd-Pool:
      - dogweb
      Pragma:
      - no-cache
      Strict-Transport-Security:
      - max-age=15724800;
      Vary:
      - Accept-Encoding
      X-Content-Type-Options:
      - nosniff
      X-Dd-Version:
      - "35.2224914"
      X-Frame-Options:
      - SAMEORIGIN
      X-Ratelimit-Limit:
      - "3000"
      X-Ratelimit-Period:
      - "10"
      X-Ratelimit-Remaining:
      - "2983"
      X-Ratelimit-Reset:
      - "6"
    status: 404 Not Found
    code: 404
    duration: ""
- request:
    body: ""
    form: {}
    headers:
      User-Agent:
      - Datadog/dev/terraform (go1.14)
    url: https://api.datadoghq.com/api/v1/monitor/16133907
    method: GET
  response:
    body: '{"errors":["Monitor not found"]}'
    headers:
      Cache-Control:
      - no-cache
      Connection:
      - keep-alive
      Content-Security-Policy:
      - frame-ancestors 'self'; report-uri https://api.datadoghq.com/csp-report
      Content-Type:
      - application/json
      Date:
      - Fri, 28 Feb 2020 17:02:24 GMT
      Dd-Pool:
      - dogweb
      Pragma:
      - no-cache
      Strict-Transport-Security:
      - max-age=15724800;
      Vary:
      - Accept-Encoding
      X-Content-Type-Options:
      - nosniff
      X-Dd-Version:
      - "35.2224914"
      X-Frame-Options:
      - SAMEORIGIN
      X-Ratelimit-Limit:
      - "3000"
      X-Ratelimit-Period:
      - "10"
      X-Ratelimit-Remaining:
      - "2982"
      X-Ratelimit-Reset:
      - "6"
    status: 404 Not Found
    code: 404
    duration: ""
- request:
    body: ""
    form: {}
    headers:
      User-Agent:
      - Datadog/dev/terraform (go1.14)
    url: https://api.datadoghq.com/api/v1/monitor/0
    method: GET
  response:
    body: '{"errors":["Monitor not found"]}'
    headers:
      Cache-Control:
      - no-cache
      Connection:
      - keep-alive
      Content-Security-Policy:
      - frame-ancestors 'self'; report-uri https://api.datadoghq.com/csp-report
      Content-Type:
      - application/json
      Date:
      - Fri, 28 Feb 2020 17:02:24 GMT
      Dd-Pool:
      - dogweb
      Pragma:
      - no-cache
      Strict-Transport-Security:
      - max-age=15724800;
      Vary:
      - Accept-Encoding
      X-Content-Type-Options:
      - nosniff
      X-Dd-Version:
      - "35.2224914"
      X-Frame-Options:
      - SAMEORIGIN
      X-Ratelimit-Limit:
      - "3000"
      X-Ratelimit-Period:
      - "10"
      X-Ratelimit-Remaining:
      - "2981"
      X-Ratelimit-Reset:
      - "6"
    status: 404 Not Found
    code: 404
    duration: ""
