---
version: 1
interactions:
- request:
    body: |
      {"account_id":"001234567888","role_name":"testacc-datadog-integration-role"}
    form: {}
    headers:
      Accept:
      - application/json
      Content-Type:
      - application/json
      Dd-Operation-Id:
      - CreateAWSAccount
      User-Agent:
      - datadog-api-client-go/1.0.0-beta.6 (go go1.14.3; os darwin; arch amd64)
    url: https://api.datadoghq.com/api/v1/integration/aws
    method: POST
  response:
    body: '{"external_id":"a23463fa65d142b8bfa19e24b1491ff0"}'
    headers:
      Cache-Control:
      - no-cache
      Connection:
      - keep-alive
      Content-Security-Policy:
      - frame-ancestors 'self'; report-uri https://api.datadoghq.com/csp-report
      Content-Type:
      - application/json
      Date:
      - Thu, 25 Jun 2020 10:02:34 GMT
      Dd-Pool:
      - dogweb
      Pragma:
      - no-cache
      Set-Cookie:
      - DD-PSHARD=233; Max-Age=604800; Path=/; expires=Thu, 02-Jul-2020 10:02:33 GMT;
        secure; HttpOnly
      Strict-Transport-Security:
      - max-age=15724800;
      Vary:
      - Accept-Encoding
      X-Content-Type-Options:
      - nosniff
      X-Dd-Debug:
      - qQjtInIx1/QKXFlq6Yoz4D/caW/S2oJqgJl91CEEpXrlxRmYHcLgIFCRCvW61KAy
      X-Dd-Version:
      - "35.2663868"
      X-Frame-Options:
      - SAMEORIGIN
    status: 200 OK
    code: 200
    duration: ""
- request:
    body: ""
    form: {}
    headers:
      Accept:
      - application/json
      Dd-Operation-Id:
      - ListAWSAccounts
      User-Agent:
      - datadog-api-client-go/1.0.0-beta.6 (go go1.14.3; os darwin; arch amd64)
    url: https://api.datadoghq.com/api/v1/integration/aws
    method: GET
  response:
    body: '{"accounts":[{"role_name":"java-aWSLogsCheckLambdaAsyncTest-17294-1591282263","excluded_regions":[],"account_id":"java_hXqHNZl","host_tags":["javaTag:one","java:success","javaTag:one","java:success","javaTag:one","java:success","javaTag:one","java:success","javaTag:one","java:success","javaTag:one","java:success","javaTag:one","java:success","javaTag:one","java:success","javaTag:one","java:success","javaTag:one","java:success"],"account_specific_namespace_rules":{"api_gateway":true},"errors":[],"filter_tags":["dontCollect:java","dontCollect:java","dontCollect:java","dontCollect:java","dontCollect:java","dontCollect:java","dontCollect:java","dontCollect:java","dontCollect:java","dontCollect:java"]},{"role_name":"java-aWSLogsAddListEnableAndDeleteTest-18103-1592476436","excluded_regions":[],"account_id":"java_YYhl6vp","host_tags":["javaTag:one","java:success","javaTag:one","java:success"],"account_specific_namespace_rules":{"api_gateway":true},"errors":[],"filter_tags":["dontCollect:java","dontCollect:java"]},{"role_name":"testacc-datadog-integration-role","excluded_regions":[],"account_id":"001234567888","host_tags":[],"account_specific_namespace_rules":{},"errors":[],"filter_tags":[]}]}'
    headers:
      Cache-Control:
      - no-cache
      Connection:
      - keep-alive
      Content-Security-Policy:
      - frame-ancestors 'self'; report-uri https://api.datadoghq.com/csp-report
      Content-Type:
      - application/json
      Date:
      - Thu, 25 Jun 2020 10:02:35 GMT
      Dd-Pool:
      - dogweb
      Pragma:
      - no-cache
      Set-Cookie:
      - DD-PSHARD=233; Max-Age=604800; Path=/; expires=Thu, 02-Jul-2020 10:02:34 GMT;
        secure; HttpOnly
      Strict-Transport-Security:
      - max-age=15724800;
      Vary:
      - Accept-Encoding
      X-Content-Type-Options:
      - nosniff
      X-Dd-Debug:
      - MZCX71FNdAUQ6AMWRBKW1fkNpiPTypOoXE57zLYE3lG5gigqB2nroYJ/8uMn9muy
      X-Dd-Version:
      - "35.2663868"
      X-Frame-Options:
      - SAMEORIGIN
    status: 200 OK
    code: 200
    duration: ""
- request:
    body: |
      {"data":{"attributes":{"destination":{"bucket":"my-bucket","integration":{"account_id":"001234567888","role_name":"testacc-datadog-integration-role"},"path":"/path/foo","type":"s3"},"name":"my first s3 archive","query":"service:tutu"},"type":"archives"}}
    form: {}
    headers:
      Accept:
      - application/json
      Content-Type:
      - application/json
      Dd-Operation-Id:
      - CreateLogsArchive
      User-Agent:
      - datadog-api-client-go/1.0.0-beta.6 (go go1.14.3; os darwin; arch amd64)
    url: https://api.datadoghq.com/api/v2/logs/config/archives
    method: POST
  response:
    body: '{"data":{"type":"archives","id":"ljcFKmjfSF6HccgUeJSwwQ","attributes":{"name":"my
      first s3 archive","query":"service:tutu","state":"UNKNOWN","destination":{"bucket":"my-bucket","path":"/path/foo","type":"s3","integration":{"role_name":"testacc-datadog-integration-role","account_id":"001234567888"}}}}}'
    headers:
      Cache-Control:
      - no-cache
      Connection:
      - keep-alive
      Content-Security-Policy:
      - frame-ancestors 'self'; report-uri https://api.datadoghq.com/csp-report
      Content-Type:
      - application/json
      Date:
      - Thu, 25 Jun 2020 10:02:35 GMT
      Dd-Pool:
      - dogweb
      Pragma:
      - no-cache
      Set-Cookie:
      - DD-PSHARD=233; Max-Age=604800; Path=/; expires=Thu, 02-Jul-2020 10:02:35 GMT;
        secure; HttpOnly
      Strict-Transport-Security:
      - max-age=15724800;
      Vary:
      - Accept-Encoding
      X-Content-Type-Options:
      - nosniff
      X-Dd-Debug:
      - Xj/PwLDKe3Ll1QwGP2SdQuyUcOtG0YD60hQDJ9tPEhK9OEMHkSCPXdZRvPX0YYGO
      X-Dd-Version:
      - "35.2663868"
      X-Frame-Options:
      - SAMEORIGIN
      X-Ratelimit-Limit:
      - "100"
      X-Ratelimit-Period:
      - "3600"
      X-Ratelimit-Remaining:
      - "93"
      X-Ratelimit-Reset:
      - "3445"
    status: 200 OK
    code: 200
    duration: ""
- request:
    body: ""
    form: {}
    headers:
      Accept:
      - application/json
      Dd-Operation-Id:
      - GetLogsArchive
      User-Agent:
      - datadog-api-client-go/1.0.0-beta.6 (go go1.14.3; os darwin; arch amd64)
    url: https://api.datadoghq.com/api/v2/logs/config/archives/ljcFKmjfSF6HccgUeJSwwQ
    method: GET
  response:
    body: '{"data":{"type":"archives","id":"ljcFKmjfSF6HccgUeJSwwQ","attributes":{"name":"my
      first s3 archive","query":"service:tutu","state":"UNKNOWN","destination":{"bucket":"my-bucket","path":"/path/foo","type":"s3","integration":{"role_name":"testacc-datadog-integration-role","account_id":"001234567888"}}}}}'
    headers:
      Cache-Control:
      - no-cache
      Connection:
      - keep-alive
      Content-Security-Policy:
      - frame-ancestors 'self'; report-uri https://api.datadoghq.com/csp-report
      Content-Type:
      - application/json
      Date:
      - Thu, 25 Jun 2020 10:02:35 GMT
      Dd-Pool:
      - dogweb
      Pragma:
      - no-cache
      Set-Cookie:
      - DD-PSHARD=233; Max-Age=604800; Path=/; expires=Thu, 02-Jul-2020 10:02:35 GMT;
        secure; HttpOnly
      Strict-Transport-Security:
      - max-age=15724800;
      Vary:
      - Accept-Encoding
      X-Content-Type-Options:
      - nosniff
      X-Dd-Debug:
      - YKF8+1vTI0wiWlB3VWhiMVnZ1RLtV3h2yAW6/TGe9qIMWdYXxsNpy3J4QxfrJoDD
      X-Dd-Version:
      - "35.2663868"
      X-Frame-Options:
      - SAMEORIGIN
      X-Ratelimit-Limit:
      - "5000"
      X-Ratelimit-Period:
      - "3600"
      X-Ratelimit-Remaining:
      - "4981"
      X-Ratelimit-Reset:
      - "3445"
    status: 200 OK
    code: 200
    duration: ""
- request:
    body: ""
    form: {}
    headers:
      Accept:
      - application/json
      Dd-Operation-Id:
      - ListAWSAccounts
      User-Agent:
      - datadog-api-client-go/1.0.0-beta.6 (go go1.14.3; os darwin; arch amd64)
    url: https://api.datadoghq.com/api/v1/integration/aws
    method: GET
  response:
    body: '{"accounts":[{"role_name":"java-aWSLogsCheckLambdaAsyncTest-17294-1591282263","excluded_regions":[],"account_id":"java_hXqHNZl","host_tags":["javaTag:one","java:success","javaTag:one","java:success","javaTag:one","java:success","javaTag:one","java:success","javaTag:one","java:success","javaTag:one","java:success","javaTag:one","java:success","javaTag:one","java:success","javaTag:one","java:success","javaTag:one","java:success"],"account_specific_namespace_rules":{"api_gateway":true},"errors":[],"filter_tags":["dontCollect:java","dontCollect:java","dontCollect:java","dontCollect:java","dontCollect:java","dontCollect:java","dontCollect:java","dontCollect:java","dontCollect:java","dontCollect:java"]},{"role_name":"java-aWSLogsAddListEnableAndDeleteTest-18103-1592476436","excluded_regions":[],"account_id":"java_YYhl6vp","host_tags":["javaTag:one","java:success","javaTag:one","java:success"],"account_specific_namespace_rules":{"api_gateway":true},"errors":[],"filter_tags":["dontCollect:java","dontCollect:java"]},{"role_name":"testacc-datadog-integration-role","excluded_regions":[],"account_id":"001234567888","host_tags":[],"account_specific_namespace_rules":{},"errors":[],"filter_tags":[]}]}'
    headers:
      Cache-Control:
      - no-cache
      Connection:
      - keep-alive
      Content-Security-Policy:
      - frame-ancestors 'self'; report-uri https://api.datadoghq.com/csp-report
      Content-Type:
      - application/json
      Date:
      - Thu, 25 Jun 2020 10:02:36 GMT
      Dd-Pool:
      - dogweb
      Pragma:
      - no-cache
      Set-Cookie:
      - DD-PSHARD=233; Max-Age=604800; Path=/; expires=Thu, 02-Jul-2020 10:02:35 GMT;
        secure; HttpOnly
      Strict-Transport-Security:
      - max-age=15724800;
      Vary:
      - Accept-Encoding
      X-Content-Type-Options:
      - nosniff
      X-Dd-Debug:
      - em3KoJu1XYdqq1w4EpLi4L54svjYBxZahEDJ8c5gcdIOxnNafHMdF5LLysPLuNcH
      X-Dd-Version:
      - "35.2663868"
      X-Frame-Options:
      - SAMEORIGIN
    status: 200 OK
    code: 200
    duration: ""
- request:
    body: ""
    form: {}
    headers:
      Accept:
      - application/json
      Dd-Operation-Id:
      - ListAWSAccounts
      User-Agent:
      - datadog-api-client-go/1.0.0-beta.6 (go go1.14.3; os darwin; arch amd64)
    url: https://api.datadoghq.com/api/v1/integration/aws
    method: GET
  response:
    body: '{"accounts":[{"role_name":"java-aWSLogsCheckLambdaAsyncTest-17294-1591282263","excluded_regions":[],"account_id":"java_hXqHNZl","host_tags":["javaTag:one","java:success","javaTag:one","java:success","javaTag:one","java:success","javaTag:one","java:success","javaTag:one","java:success","javaTag:one","java:success","javaTag:one","java:success","javaTag:one","java:success","javaTag:one","java:success","javaTag:one","java:success"],"account_specific_namespace_rules":{"api_gateway":true},"errors":[],"filter_tags":["dontCollect:java","dontCollect:java","dontCollect:java","dontCollect:java","dontCollect:java","dontCollect:java","dontCollect:java","dontCollect:java","dontCollect:java","dontCollect:java"]},{"role_name":"java-aWSLogsAddListEnableAndDeleteTest-18103-1592476436","excluded_regions":[],"account_id":"java_YYhl6vp","host_tags":["javaTag:one","java:success","javaTag:one","java:success"],"account_specific_namespace_rules":{"api_gateway":true},"errors":[],"filter_tags":["dontCollect:java","dontCollect:java"]},{"role_name":"testacc-datadog-integration-role","excluded_regions":[],"account_id":"001234567888","host_tags":[],"account_specific_namespace_rules":{},"errors":[],"filter_tags":[]}]}'
    headers:
      Cache-Control:
      - no-cache
      Connection:
      - keep-alive
      Content-Security-Policy:
      - frame-ancestors 'self'; report-uri https://api.datadoghq.com/csp-report
      Content-Type:
      - application/json
      Date:
      - Thu, 25 Jun 2020 10:02:37 GMT
      Dd-Pool:
      - dogweb
      Pragma:
      - no-cache
      Set-Cookie:
      - DD-PSHARD=233; Max-Age=604800; Path=/; expires=Thu, 02-Jul-2020 10:02:36 GMT;
        secure; HttpOnly
      Strict-Transport-Security:
      - max-age=15724800;
      Vary:
      - Accept-Encoding
      X-Content-Type-Options:
      - nosniff
      X-Dd-Debug:
      - BQaWiIhDCyK3JbvyPZudxtMuoedbvOKE6tb5GJMfo6GT4EOQ8qx9lqgA4UCxp88q
      X-Dd-Version:
      - "35.2663868"
      X-Frame-Options:
      - SAMEORIGIN
    status: 200 OK
    code: 200
    duration: ""
- request:
    body: ""
    form: {}
    headers:
      Accept:
      - application/json
      Dd-Operation-Id:
      - GetLogsArchive
      User-Agent:
      - datadog-api-client-go/1.0.0-beta.6 (go go1.14.3; os darwin; arch amd64)
    url: https://api.datadoghq.com/api/v2/logs/config/archives/ljcFKmjfSF6HccgUeJSwwQ
    method: GET
  response:
    body: '{"data":{"type":"archives","id":"ljcFKmjfSF6HccgUeJSwwQ","attributes":{"name":"my
      first s3 archive","query":"service:tutu","state":"UNKNOWN","destination":{"bucket":"my-bucket","path":"/path/foo","type":"s3","integration":{"role_name":"testacc-datadog-integration-role","account_id":"001234567888"}}}}}'
    headers:
      Cache-Control:
      - no-cache
      Connection:
      - keep-alive
      Content-Security-Policy:
      - frame-ancestors 'self'; report-uri https://api.datadoghq.com/csp-report
      Content-Type:
      - application/json
      Date:
      - Thu, 25 Jun 2020 10:02:37 GMT
      Dd-Pool:
      - dogweb
      Pragma:
      - no-cache
      Set-Cookie:
      - DD-PSHARD=233; Max-Age=604800; Path=/; expires=Thu, 02-Jul-2020 10:02:37 GMT;
        secure; HttpOnly
      Strict-Transport-Security:
      - max-age=15724800;
      Vary:
      - Accept-Encoding
      X-Content-Type-Options:
      - nosniff
      X-Dd-Debug:
      - wNaVyRyNliLxKeX4pqFHOJTBG1dRCwo1/ihrnAf0GXtGNGahc1XK8Xzj/ssA3R20
      X-Dd-Version:
      - "35.2663868"
      X-Frame-Options:
      - SAMEORIGIN
      X-Ratelimit-Limit:
      - "5000"
      X-Ratelimit-Period:
      - "3600"
      X-Ratelimit-Remaining:
      - "4980"
      X-Ratelimit-Reset:
      - "3443"
    status: 200 OK
    code: 200
    duration: ""
- request:
    body: ""
    form: {}
    headers:
      Accept:
      - application/json
      Dd-Operation-Id:
      - GetLogsArchive
      User-Agent:
      - datadog-api-client-go/1.0.0-beta.6 (go go1.14.3; os darwin; arch amd64)
    url: https://api.datadoghq.com/api/v2/logs/config/archives/ljcFKmjfSF6HccgUeJSwwQ
    method: GET
  response:
    body: '{"data":{"type":"archives","id":"ljcFKmjfSF6HccgUeJSwwQ","attributes":{"name":"my
      first s3 archive","query":"service:tutu","state":"UNKNOWN","destination":{"bucket":"my-bucket","path":"/path/foo","type":"s3","integration":{"role_name":"testacc-datadog-integration-role","account_id":"001234567888"}}}}}'
    headers:
      Cache-Control:
      - no-cache
      Connection:
      - keep-alive
      Content-Security-Policy:
      - frame-ancestors 'self'; report-uri https://api.datadoghq.com/csp-report
      Content-Type:
      - application/json
      Date:
      - Thu, 25 Jun 2020 10:02:37 GMT
      Dd-Pool:
      - dogweb
      Pragma:
      - no-cache
      Set-Cookie:
      - DD-PSHARD=233; Max-Age=604800; Path=/; expires=Thu, 02-Jul-2020 10:02:37 GMT;
        secure; HttpOnly
      Strict-Transport-Security:
      - max-age=15724800;
      Vary:
      - Accept-Encoding
      X-Content-Type-Options:
      - nosniff
      X-Dd-Debug:
      - PcnVfOcEtqolY6fi98GEVSGXOZZkwQSBbl/twLr2TucYRfYyGCLXvKm6pTUNQt1l
      X-Dd-Version:
      - "35.2663868"
      X-Frame-Options:
      - SAMEORIGIN
      X-Ratelimit-Limit:
      - "5000"
      X-Ratelimit-Period:
      - "3600"
      X-Ratelimit-Remaining:
      - "4979"
      X-Ratelimit-Reset:
      - "3443"
    status: 200 OK
    code: 200
    duration: ""
- request:
    body: ""
    form: {}
    headers:
      Accept:
      - application/json
      Dd-Operation-Id:
      - ListAWSAccounts
      User-Agent:
      - datadog-api-client-go/1.0.0-beta.6 (go go1.14.3; os darwin; arch amd64)
    url: https://api.datadoghq.com/api/v1/integration/aws
    method: GET
  response:
    body: '{"accounts":[{"role_name":"java-aWSLogsCheckLambdaAsyncTest-17294-1591282263","excluded_regions":[],"account_id":"java_hXqHNZl","host_tags":["javaTag:one","java:success","javaTag:one","java:success","javaTag:one","java:success","javaTag:one","java:success","javaTag:one","java:success","javaTag:one","java:success","javaTag:one","java:success","javaTag:one","java:success","javaTag:one","java:success","javaTag:one","java:success"],"account_specific_namespace_rules":{"api_gateway":true},"errors":[],"filter_tags":["dontCollect:java","dontCollect:java","dontCollect:java","dontCollect:java","dontCollect:java","dontCollect:java","dontCollect:java","dontCollect:java","dontCollect:java","dontCollect:java"]},{"role_name":"java-aWSLogsAddListEnableAndDeleteTest-18103-1592476436","excluded_regions":[],"account_id":"java_YYhl6vp","host_tags":["javaTag:one","java:success","javaTag:one","java:success"],"account_specific_namespace_rules":{"api_gateway":true},"errors":[],"filter_tags":["dontCollect:java","dontCollect:java"]},{"role_name":"testacc-datadog-integration-role","excluded_regions":[],"account_id":"001234567888","host_tags":[],"account_specific_namespace_rules":{},"errors":[],"filter_tags":[]}]}'
    headers:
      Cache-Control:
      - no-cache
      Connection:
      - keep-alive
      Content-Security-Policy:
      - frame-ancestors 'self'; report-uri https://api.datadoghq.com/csp-report
      Content-Type:
      - application/json
      Date:
      - Thu, 25 Jun 2020 10:02:38 GMT
      Dd-Pool:
      - dogweb
      Pragma:
      - no-cache
      Set-Cookie:
      - DD-PSHARD=233; Max-Age=604800; Path=/; expires=Thu, 02-Jul-2020 10:02:38 GMT;
        secure; HttpOnly
      Strict-Transport-Security:
      - max-age=15724800;
      Vary:
      - Accept-Encoding
      X-Content-Type-Options:
      - nosniff
      X-Dd-Debug:
      - aswcxBk1J00Iy18+kQFKF6EQfzLy4sWD4ILciesVMX5rWDYniffEYH6qbK0qwOgw
      X-Dd-Version:
      - "35.2663868"
      X-Frame-Options:
      - SAMEORIGIN
    status: 200 OK
    code: 200
    duration: ""
- request:
    body: ""
    form: {}
    headers:
      Accept:
      - application/json
      Dd-Operation-Id:
      - ListAWSAccounts
      User-Agent:
      - datadog-api-client-go/1.0.0-beta.6 (go go1.14.3; os darwin; arch amd64)
    url: https://api.datadoghq.com/api/v1/integration/aws
    method: GET
  response:
    body: '{"accounts":[{"role_name":"java-aWSLogsCheckLambdaAsyncTest-17294-1591282263","excluded_regions":[],"account_id":"java_hXqHNZl","host_tags":["javaTag:one","java:success","javaTag:one","java:success","javaTag:one","java:success","javaTag:one","java:success","javaTag:one","java:success","javaTag:one","java:success","javaTag:one","java:success","javaTag:one","java:success","javaTag:one","java:success","javaTag:one","java:success"],"account_specific_namespace_rules":{"api_gateway":true},"errors":[],"filter_tags":["dontCollect:java","dontCollect:java","dontCollect:java","dontCollect:java","dontCollect:java","dontCollect:java","dontCollect:java","dontCollect:java","dontCollect:java","dontCollect:java"]},{"role_name":"java-aWSLogsAddListEnableAndDeleteTest-18103-1592476436","excluded_regions":[],"account_id":"java_YYhl6vp","host_tags":["javaTag:one","java:success","javaTag:one","java:success"],"account_specific_namespace_rules":{"api_gateway":true},"errors":[],"filter_tags":["dontCollect:java","dontCollect:java"]},{"role_name":"testacc-datadog-integration-role","excluded_regions":[],"account_id":"001234567888","host_tags":[],"account_specific_namespace_rules":{},"errors":[],"filter_tags":[]}]}'
    headers:
      Cache-Control:
      - no-cache
      Connection:
      - keep-alive
      Content-Security-Policy:
      - frame-ancestors 'self'; report-uri https://api.datadoghq.com/csp-report
      Content-Type:
      - application/json
      Date:
      - Thu, 25 Jun 2020 10:02:39 GMT
      Dd-Pool:
      - dogweb
      Pragma:
      - no-cache
      Set-Cookie:
      - DD-PSHARD=233; Max-Age=604800; Path=/; expires=Thu, 02-Jul-2020 10:02:39 GMT;
        secure; HttpOnly
      Strict-Transport-Security:
      - max-age=15724800;
      Vary:
      - Accept-Encoding
      X-Content-Type-Options:
      - nosniff
      X-Dd-Debug:
      - 0Ldh7zbvTvxG6fwW0tw8N7mZPnI2XNOUoKCE8H0O1+b4UJVtdo0G52qWoFveZXDz
      X-Dd-Version:
      - "35.2663868"
      X-Frame-Options:
      - SAMEORIGIN
    status: 200 OK
    code: 200
    duration: ""
- request:
    body: ""
    form: {}
    headers:
      Accept:
      - application/json
      Dd-Operation-Id:
      - GetLogsArchive
      User-Agent:
      - datadog-api-client-go/1.0.0-beta.6 (go go1.14.3; os darwin; arch amd64)
    url: https://api.datadoghq.com/api/v2/logs/config/archives/ljcFKmjfSF6HccgUeJSwwQ
    method: GET
  response:
    body: '{"data":{"type":"archives","id":"ljcFKmjfSF6HccgUeJSwwQ","attributes":{"name":"my
      first s3 archive","query":"service:tutu","state":"UNKNOWN","destination":{"bucket":"my-bucket","path":"/path/foo","type":"s3","integration":{"role_name":"testacc-datadog-integration-role","account_id":"001234567888"}}}}}'
    headers:
      Cache-Control:
      - no-cache
      Connection:
      - keep-alive
      Content-Security-Policy:
      - frame-ancestors 'self'; report-uri https://api.datadoghq.com/csp-report
      Content-Type:
      - application/json
      Date:
      - Thu, 25 Jun 2020 10:02:40 GMT
      Dd-Pool:
      - dogweb
      Pragma:
      - no-cache
      Set-Cookie:
      - DD-PSHARD=233; Max-Age=604800; Path=/; expires=Thu, 02-Jul-2020 10:02:39 GMT;
        secure; HttpOnly
      Strict-Transport-Security:
      - max-age=15724800;
      Vary:
      - Accept-Encoding
      X-Content-Type-Options:
      - nosniff
      X-Dd-Debug:
      - ns395qtajdi4vImLC5PhByq3vzX3KV9r4kOaLqZ3Kb42AGxxpM06vNzB/Pdubr1b
      X-Dd-Version:
      - "35.2663868"
      X-Frame-Options:
      - SAMEORIGIN
      X-Ratelimit-Limit:
      - "5000"
      X-Ratelimit-Period:
      - "3600"
      X-Ratelimit-Remaining:
      - "4978"
      X-Ratelimit-Reset:
      - "3441"
    status: 200 OK
    code: 200
    duration: ""
- request:
    body: ""
    form: {}
    headers:
      Accept:
      - application/json
      Dd-Operation-Id:
      - GetLogsArchive
      User-Agent:
      - datadog-api-client-go/1.0.0-beta.6 (go go1.14.3; os darwin; arch amd64)
    url: https://api.datadoghq.com/api/v2/logs/config/archives/ljcFKmjfSF6HccgUeJSwwQ
    method: GET
  response:
    body: '{"data":{"type":"archives","id":"ljcFKmjfSF6HccgUeJSwwQ","attributes":{"name":"my
      first s3 archive","query":"service:tutu","state":"UNKNOWN","destination":{"bucket":"my-bucket","path":"/path/foo","type":"s3","integration":{"role_name":"testacc-datadog-integration-role","account_id":"001234567888"}}}}}'
    headers:
      Cache-Control:
      - no-cache
      Connection:
      - keep-alive
      Content-Security-Policy:
      - frame-ancestors 'self'; report-uri https://api.datadoghq.com/csp-report
      Content-Type:
      - application/json
      Date:
      - Thu, 25 Jun 2020 10:02:40 GMT
      Dd-Pool:
      - dogweb
      Pragma:
      - no-cache
      Set-Cookie:
      - DD-PSHARD=233; Max-Age=604800; Path=/; expires=Thu, 02-Jul-2020 10:02:40 GMT;
        secure; HttpOnly
      Strict-Transport-Security:
      - max-age=15724800;
      Vary:
      - Accept-Encoding
      X-Content-Type-Options:
      - nosniff
      X-Dd-Debug:
      - B/LXPck0nGNX0RSV/Gw7cnZ0oe92FUOfg1ec7WcU0kSvw/UBT+IXTFTD87Snvz2v
      X-Dd-Version:
      - "35.2663868"
      X-Frame-Options:
      - SAMEORIGIN
      X-Ratelimit-Limit:
      - "5000"
      X-Ratelimit-Period:
      - "3600"
      X-Ratelimit-Remaining:
      - "4977"
      X-Ratelimit-Reset:
      - "3440"
    status: 200 OK
    code: 200
    duration: ""
- request:
    body: |
      {"data":{"attributes":{"destination":{"bucket":"my-bucket","integration":{"account_id":"001234567888","role_name":"testacc-datadog-integration-role"},"path":"/path/foo","type":"s3"},"name":"my first s3 archive after update","query":"service:tutu"},"type":"archives"}}
    form: {}
    headers:
      Accept:
      - application/json
      Content-Type:
      - application/json
      Dd-Operation-Id:
      - UpdateLogsArchive
      User-Agent:
      - datadog-api-client-go/1.0.0-beta.6 (go go1.14.3; os darwin; arch amd64)
    url: https://api.datadoghq.com/api/v2/logs/config/archives/ljcFKmjfSF6HccgUeJSwwQ
    method: PUT
  response:
    body: '{"data":{"type":"archives","id":"ljcFKmjfSF6HccgUeJSwwQ","attributes":{"name":"my
      first s3 archive after update","query":"service:tutu","state":"UNKNOWN","destination":{"bucket":"my-bucket","path":"/path/foo","type":"s3","integration":{"role_name":"testacc-datadog-integration-role","account_id":"001234567888"}}}}}'
    headers:
      Cache-Control:
      - no-cache
      Connection:
      - keep-alive
      Content-Security-Policy:
      - frame-ancestors 'self'; report-uri https://api.datadoghq.com/csp-report
      Content-Type:
      - application/json
      Date:
      - Thu, 25 Jun 2020 10:02:40 GMT
      Dd-Pool:
      - dogweb
      Pragma:
      - no-cache
      Set-Cookie:
      - DD-PSHARD=233; Max-Age=604800; Path=/; expires=Thu, 02-Jul-2020 10:02:40 GMT;
        secure; HttpOnly
      Strict-Transport-Security:
      - max-age=15724800;
      Vary:
      - Accept-Encoding
      X-Content-Type-Options:
      - nosniff
      X-Dd-Debug:
      - rK52fEhHKxisnKo2rembr3YValr4L+BG6/8tD9iNDc8Prg2mnV6DynBkS75++wh/
      X-Dd-Version:
      - "35.2663868"
      X-Frame-Options:
      - SAMEORIGIN
      X-Ratelimit-Limit:
      - "100"
      X-Ratelimit-Period:
      - "3600"
      X-Ratelimit-Remaining:
      - "92"
      X-Ratelimit-Reset:
      - "3440"
    status: 200 OK
    code: 200
    duration: ""
- request:
    body: ""
    form: {}
    headers:
      Accept:
      - application/json
      Dd-Operation-Id:
      - GetLogsArchive
      User-Agent:
      - datadog-api-client-go/1.0.0-beta.6 (go go1.14.3; os darwin; arch amd64)
    url: https://api.datadoghq.com/api/v2/logs/config/archives/ljcFKmjfSF6HccgUeJSwwQ
    method: GET
  response:
    body: '{"data":{"type":"archives","id":"ljcFKmjfSF6HccgUeJSwwQ","attributes":{"name":"my
      first s3 archive after update","query":"service:tutu","state":"UNKNOWN","destination":{"bucket":"my-bucket","path":"/path/foo","type":"s3","integration":{"role_name":"testacc-datadog-integration-role","account_id":"001234567888"}}}}}'
    headers:
      Cache-Control:
      - no-cache
      Connection:
      - keep-alive
      Content-Security-Policy:
      - frame-ancestors 'self'; report-uri https://api.datadoghq.com/csp-report
      Content-Type:
      - application/json
      Date:
      - Thu, 25 Jun 2020 10:02:40 GMT
      Dd-Pool:
      - dogweb
      Pragma:
      - no-cache
      Set-Cookie:
      - DD-PSHARD=233; Max-Age=604800; Path=/; expires=Thu, 02-Jul-2020 10:02:40 GMT;
        secure; HttpOnly
      Strict-Transport-Security:
      - max-age=15724800;
      Vary:
      - Accept-Encoding
      X-Content-Type-Options:
      - nosniff
      X-Dd-Debug:
      - fFk0sZgwwse+ZeEmqVGZPgcNG+SDXdM7Y74n6iOGuvoZenvaYEqZOvpOSMu1XDXx
      X-Dd-Version:
      - "35.2663868"
      X-Frame-Options:
      - SAMEORIGIN
      X-Ratelimit-Limit:
      - "5000"
      X-Ratelimit-Period:
      - "3600"
      X-Ratelimit-Remaining:
      - "4976"
      X-Ratelimit-Reset:
      - "3440"
    status: 200 OK
    code: 200
    duration: ""
- request:
    body: ""
    form: {}
    headers:
      Accept:
      - application/json
      Dd-Operation-Id:
      - ListAWSAccounts
      User-Agent:
      - datadog-api-client-go/1.0.0-beta.6 (go go1.14.3; os darwin; arch amd64)
    url: https://api.datadoghq.com/api/v1/integration/aws
    method: GET
  response:
    body: '{"accounts":[{"role_name":"java-aWSLogsCheckLambdaAsyncTest-17294-1591282263","excluded_regions":[],"account_id":"java_hXqHNZl","host_tags":["javaTag:one","java:success","javaTag:one","java:success","javaTag:one","java:success","javaTag:one","java:success","javaTag:one","java:success","javaTag:one","java:success","javaTag:one","java:success","javaTag:one","java:success","javaTag:one","java:success","javaTag:one","java:success"],"account_specific_namespace_rules":{"api_gateway":true},"errors":[],"filter_tags":["dontCollect:java","dontCollect:java","dontCollect:java","dontCollect:java","dontCollect:java","dontCollect:java","dontCollect:java","dontCollect:java","dontCollect:java","dontCollect:java"]},{"role_name":"java-aWSLogsAddListEnableAndDeleteTest-18103-1592476436","excluded_regions":[],"account_id":"java_YYhl6vp","host_tags":["javaTag:one","java:success","javaTag:one","java:success"],"account_specific_namespace_rules":{"api_gateway":true},"errors":[],"filter_tags":["dontCollect:java","dontCollect:java"]},{"role_name":"testacc-datadog-integration-role","excluded_regions":[],"account_id":"001234567888","host_tags":[],"account_specific_namespace_rules":{},"errors":[],"filter_tags":[]}]}'
    headers:
      Cache-Control:
      - no-cache
      Connection:
      - keep-alive
      Content-Security-Policy:
      - frame-ancestors 'self'; report-uri https://api.datadoghq.com/csp-report
      Content-Type:
      - application/json
      Date:
      - Thu, 25 Jun 2020 10:02:42 GMT
      Dd-Pool:
      - dogweb
      Pragma:
      - no-cache
      Set-Cookie:
      - DD-PSHARD=233; Max-Age=604800; Path=/; expires=Thu, 02-Jul-2020 10:02:40 GMT;
        secure; HttpOnly
      Strict-Transport-Security:
      - max-age=15724800;
      Vary:
      - Accept-Encoding
      X-Content-Type-Options:
      - nosniff
      X-Dd-Debug:
      - jety+2H6BA1H4x31+wzy5BjqI2NDwh54fgbjSYyrLU0p2tWQPCCTKspX7sHO7u1n
      X-Dd-Version:
      - "35.2663868"
      X-Frame-Options:
      - SAMEORIGIN
    status: 200 OK
    code: 200
    duration: ""
- request:
    body: ""
    form: {}
    headers:
      Accept:
      - application/json
      Dd-Operation-Id:
      - ListAWSAccounts
      User-Agent:
      - datadog-api-client-go/1.0.0-beta.6 (go go1.14.3; os darwin; arch amd64)
    url: https://api.datadoghq.com/api/v1/integration/aws
    method: GET
  response:
    body: '{"accounts":[{"role_name":"java-aWSLogsCheckLambdaAsyncTest-17294-1591282263","excluded_regions":[],"account_id":"java_hXqHNZl","host_tags":["javaTag:one","java:success","javaTag:one","java:success","javaTag:one","java:success","javaTag:one","java:success","javaTag:one","java:success","javaTag:one","java:success","javaTag:one","java:success","javaTag:one","java:success","javaTag:one","java:success","javaTag:one","java:success"],"account_specific_namespace_rules":{"api_gateway":true},"errors":[],"filter_tags":["dontCollect:java","dontCollect:java","dontCollect:java","dontCollect:java","dontCollect:java","dontCollect:java","dontCollect:java","dontCollect:java","dontCollect:java","dontCollect:java"]},{"role_name":"java-aWSLogsAddListEnableAndDeleteTest-18103-1592476436","excluded_regions":[],"account_id":"java_YYhl6vp","host_tags":["javaTag:one","java:success","javaTag:one","java:success"],"account_specific_namespace_rules":{"api_gateway":true},"errors":[],"filter_tags":["dontCollect:java","dontCollect:java"]},{"role_name":"testacc-datadog-integration-role","excluded_regions":[],"account_id":"001234567888","host_tags":[],"account_specific_namespace_rules":{},"errors":[],"filter_tags":[]}]}'
    headers:
      Cache-Control:
      - no-cache
      Connection:
      - keep-alive
      Content-Security-Policy:
      - frame-ancestors 'self'; report-uri https://api.datadoghq.com/csp-report
      Content-Type:
      - application/json
      Date:
      - Thu, 25 Jun 2020 10:02:42 GMT
      Dd-Pool:
      - dogweb
      Pragma:
      - no-cache
      Set-Cookie:
      - DD-PSHARD=233; Max-Age=604800; Path=/; expires=Thu, 02-Jul-2020 10:02:42 GMT;
        secure; HttpOnly
      Strict-Transport-Security:
      - max-age=15724800;
      Vary:
      - Accept-Encoding
      X-Content-Type-Options:
      - nosniff
      X-Dd-Debug:
      - /Lq4EjXKMzRKp9qa/TaJTTVqSY3uTwQpdi8SFIU3firYrLG0qdPC+ksTJBROerQS
      X-Dd-Version:
      - "35.2663868"
      X-Frame-Options:
      - SAMEORIGIN
    status: 200 OK
    code: 200
    duration: ""
- request:
    body: ""
    form: {}
    headers:
      Accept:
      - application/json
      Dd-Operation-Id:
      - GetLogsArchive
      User-Agent:
      - datadog-api-client-go/1.0.0-beta.6 (go go1.14.3; os darwin; arch amd64)
    url: https://api.datadoghq.com/api/v2/logs/config/archives/ljcFKmjfSF6HccgUeJSwwQ
    method: GET
  response:
    body: '{"data":{"type":"archives","id":"ljcFKmjfSF6HccgUeJSwwQ","attributes":{"name":"my
      first s3 archive after update","query":"service:tutu","state":"UNKNOWN","destination":{"bucket":"my-bucket","path":"/path/foo","type":"s3","integration":{"role_name":"testacc-datadog-integration-role","account_id":"001234567888"}}}}}'
    headers:
      Cache-Control:
      - no-cache
      Connection:
      - keep-alive
      Content-Security-Policy:
      - frame-ancestors 'self'; report-uri https://api.datadoghq.com/csp-report
      Content-Type:
      - application/json
      Date:
      - Thu, 25 Jun 2020 10:02:43 GMT
      Dd-Pool:
      - dogweb
      Pragma:
      - no-cache
      Set-Cookie:
      - DD-PSHARD=233; Max-Age=604800; Path=/; expires=Thu, 02-Jul-2020 10:02:43 GMT;
        secure; HttpOnly
      Strict-Transport-Security:
      - max-age=15724800;
      Vary:
      - Accept-Encoding
      X-Content-Type-Options:
      - nosniff
      X-Dd-Debug:
      - HTCsbjwqQM0jTFHFq9ukWObBv4f/yxvHIxzrANPhzJkr6s3+rN5uCN3TcZuK2V2B
      X-Dd-Version:
      - "35.2663868"
      X-Frame-Options:
      - SAMEORIGIN
      X-Ratelimit-Limit:
      - "5000"
      X-Ratelimit-Period:
      - "3600"
      X-Ratelimit-Remaining:
      - "4975"
      X-Ratelimit-Reset:
      - "3437"
    status: 200 OK
    code: 200
    duration: ""
- request:
    body: ""
    form: {}
    headers:
      Accept:
      - application/json
      Dd-Operation-Id:
      - GetLogsArchive
      User-Agent:
      - datadog-api-client-go/1.0.0-beta.6 (go go1.14.3; os darwin; arch amd64)
    url: https://api.datadoghq.com/api/v2/logs/config/archives/ljcFKmjfSF6HccgUeJSwwQ
    method: GET
  response:
    body: '{"data":{"type":"archives","id":"ljcFKmjfSF6HccgUeJSwwQ","attributes":{"name":"my
      first s3 archive after update","query":"service:tutu","state":"UNKNOWN","destination":{"bucket":"my-bucket","path":"/path/foo","type":"s3","integration":{"role_name":"testacc-datadog-integration-role","account_id":"001234567888"}}}}}'
    headers:
      Cache-Control:
      - no-cache
      Connection:
      - keep-alive
      Content-Security-Policy:
      - frame-ancestors 'self'; report-uri https://api.datadoghq.com/csp-report
      Content-Type:
      - application/json
      Date:
      - Thu, 25 Jun 2020 10:02:43 GMT
      Dd-Pool:
      - dogweb
      Pragma:
      - no-cache
      Set-Cookie:
      - DD-PSHARD=233; Max-Age=604800; Path=/; expires=Thu, 02-Jul-2020 10:02:43 GMT;
        secure; HttpOnly
      Strict-Transport-Security:
      - max-age=15724800;
      Vary:
      - Accept-Encoding
      X-Content-Type-Options:
      - nosniff
      X-Dd-Debug:
      - Wpac2a5DsHa/eqG3DjQhOxPXeBQRcLxZ18fT3wn3gFeruJMdJwvfZxTA9hAiHLHZ
      X-Dd-Version:
      - "35.2663868"
      X-Frame-Options:
      - SAMEORIGIN
      X-Ratelimit-Limit:
      - "5000"
      X-Ratelimit-Period:
      - "3600"
      X-Ratelimit-Remaining:
      - "4974"
      X-Ratelimit-Reset:
      - "3437"
    status: 200 OK
    code: 200
    duration: ""
- request:
    body: ""
    form: {}
    headers:
      Accept:
      - application/json
      Dd-Operation-Id:
      - ListAWSAccounts
      User-Agent:
      - datadog-api-client-go/1.0.0-beta.6 (go go1.14.3; os darwin; arch amd64)
    url: https://api.datadoghq.com/api/v1/integration/aws
    method: GET
  response:
    body: '{"accounts":[{"role_name":"java-aWSLogsCheckLambdaAsyncTest-17294-1591282263","excluded_regions":[],"account_id":"java_hXqHNZl","host_tags":["javaTag:one","java:success","javaTag:one","java:success","javaTag:one","java:success","javaTag:one","java:success","javaTag:one","java:success","javaTag:one","java:success","javaTag:one","java:success","javaTag:one","java:success","javaTag:one","java:success","javaTag:one","java:success"],"account_specific_namespace_rules":{"api_gateway":true},"errors":[],"filter_tags":["dontCollect:java","dontCollect:java","dontCollect:java","dontCollect:java","dontCollect:java","dontCollect:java","dontCollect:java","dontCollect:java","dontCollect:java","dontCollect:java"]},{"role_name":"java-aWSLogsAddListEnableAndDeleteTest-18103-1592476436","excluded_regions":[],"account_id":"java_YYhl6vp","host_tags":["javaTag:one","java:success","javaTag:one","java:success"],"account_specific_namespace_rules":{"api_gateway":true},"errors":[],"filter_tags":["dontCollect:java","dontCollect:java"]},{"role_name":"testacc-datadog-integration-role","excluded_regions":[],"account_id":"001234567888","host_tags":[],"account_specific_namespace_rules":{},"errors":[],"filter_tags":[]}]}'
    headers:
      Cache-Control:
      - no-cache
      Connection:
      - keep-alive
      Content-Security-Policy:
      - frame-ancestors 'self'; report-uri https://api.datadoghq.com/csp-report
      Content-Type:
      - application/json
      Date:
      - Thu, 25 Jun 2020 10:02:44 GMT
      Dd-Pool:
      - dogweb
      Pragma:
      - no-cache
      Set-Cookie:
      - DD-PSHARD=233; Max-Age=604800; Path=/; expires=Thu, 02-Jul-2020 10:02:43 GMT;
        secure; HttpOnly
      Strict-Transport-Security:
      - max-age=15724800;
      Vary:
      - Accept-Encoding
      X-Content-Type-Options:
      - nosniff
      X-Dd-Debug:
      - ADT0ms9dQnbDHbbduv4c09ChngZrYY7A/Pgms/qacMOruS4mPwZ1GJWq74I7G11W
      X-Dd-Version:
      - "35.2663868"
      X-Frame-Options:
      - SAMEORIGIN
    status: 200 OK
    code: 200
    duration: ""
- request:
    body: ""
    form: {}
    headers:
      Accept:
      - application/json
      Dd-Operation-Id:
      - ListAWSAccounts
      User-Agent:
      - datadog-api-client-go/1.0.0-beta.6 (go go1.14.3; os darwin; arch amd64)
    url: https://api.datadoghq.com/api/v1/integration/aws
    method: GET
  response:
    body: '{"accounts":[{"role_name":"java-aWSLogsCheckLambdaAsyncTest-17294-1591282263","excluded_regions":[],"account_id":"java_hXqHNZl","host_tags":["javaTag:one","java:success","javaTag:one","java:success","javaTag:one","java:success","javaTag:one","java:success","javaTag:one","java:success","javaTag:one","java:success","javaTag:one","java:success","javaTag:one","java:success","javaTag:one","java:success","javaTag:one","java:success"],"account_specific_namespace_rules":{"api_gateway":true},"errors":[],"filter_tags":["dontCollect:java","dontCollect:java","dontCollect:java","dontCollect:java","dontCollect:java","dontCollect:java","dontCollect:java","dontCollect:java","dontCollect:java","dontCollect:java"]},{"role_name":"java-aWSLogsAddListEnableAndDeleteTest-18103-1592476436","excluded_regions":[],"account_id":"java_YYhl6vp","host_tags":["javaTag:one","java:success","javaTag:one","java:success"],"account_specific_namespace_rules":{"api_gateway":true},"errors":[],"filter_tags":["dontCollect:java","dontCollect:java"]},{"role_name":"testacc-datadog-integration-role","excluded_regions":[],"account_id":"001234567888","host_tags":[],"account_specific_namespace_rules":{},"errors":[],"filter_tags":[]}]}'
    headers:
      Cache-Control:
      - no-cache
      Connection:
      - keep-alive
      Content-Security-Policy:
      - frame-ancestors 'self'; report-uri https://api.datadoghq.com/csp-report
      Content-Type:
      - application/json
      Date:
      - Thu, 25 Jun 2020 10:02:44 GMT
      Dd-Pool:
      - dogweb
      Pragma:
      - no-cache
      Set-Cookie:
      - DD-PSHARD=233; Max-Age=604800; Path=/; expires=Thu, 02-Jul-2020 10:02:44 GMT;
        secure; HttpOnly
      Strict-Transport-Security:
      - max-age=15724800;
      Vary:
      - Accept-Encoding
      X-Content-Type-Options:
      - nosniff
      X-Dd-Debug:
      - rpB/2GMZHvzTHZxhwmnNa1XnSQuif7FV+gIndoDc8IvUeRNb65r4x+P7Djp1119C
      X-Dd-Version:
      - "35.2663868"
      X-Frame-Options:
      - SAMEORIGIN
    status: 200 OK
    code: 200
    duration: ""
- request:
    body: ""
    form: {}
    headers:
      Accept:
      - application/json
      Dd-Operation-Id:
      - GetLogsArchive
      User-Agent:
      - datadog-api-client-go/1.0.0-beta.6 (go go1.14.3; os darwin; arch amd64)
    url: https://api.datadoghq.com/api/v2/logs/config/archives/ljcFKmjfSF6HccgUeJSwwQ
    method: GET
  response:
    body: '{"data":{"type":"archives","id":"ljcFKmjfSF6HccgUeJSwwQ","attributes":{"name":"my
      first s3 archive after update","query":"service:tutu","state":"UNKNOWN","destination":{"bucket":"my-bucket","path":"/path/foo","type":"s3","integration":{"role_name":"testacc-datadog-integration-role","account_id":"001234567888"}}}}}'
    headers:
      Cache-Control:
      - no-cache
      Connection:
      - keep-alive
      Content-Security-Policy:
      - frame-ancestors 'self'; report-uri https://api.datadoghq.com/csp-report
      Content-Type:
      - application/json
      Date:
      - Thu, 25 Jun 2020 10:02:44 GMT
      Dd-Pool:
      - dogweb
      Pragma:
      - no-cache
      Set-Cookie:
      - DD-PSHARD=233; Max-Age=604800; Path=/; expires=Thu, 02-Jul-2020 10:02:44 GMT;
        secure; HttpOnly
      Strict-Transport-Security:
      - max-age=15724800;
      Vary:
      - Accept-Encoding
      X-Content-Type-Options:
      - nosniff
      X-Dd-Debug:
      - ns395qtajdi4vImLC5PhByq3vzX3KV9r4kOaLqZ3Kb42AGxxpM06vNzB/Pdubr1b
      X-Dd-Version:
      - "35.2663868"
      X-Frame-Options:
      - SAMEORIGIN
      X-Ratelimit-Limit:
      - "5000"
      X-Ratelimit-Period:
      - "3600"
      X-Ratelimit-Remaining:
      - "4973"
      X-Ratelimit-Reset:
      - "3436"
    status: 200 OK
    code: 200
    duration: ""
- request:
    body: ""
    form: {}
    headers:
      Accept:
      - application/json
      Dd-Operation-Id:
      - GetLogsArchive
      User-Agent:
      - datadog-api-client-go/1.0.0-beta.6 (go go1.14.3; os darwin; arch amd64)
    url: https://api.datadoghq.com/api/v2/logs/config/archives/ljcFKmjfSF6HccgUeJSwwQ
    method: GET
  response:
    body: '{"data":{"type":"archives","id":"ljcFKmjfSF6HccgUeJSwwQ","attributes":{"name":"my
      first s3 archive after update","query":"service:tutu","state":"UNKNOWN","destination":{"bucket":"my-bucket","path":"/path/foo","type":"s3","integration":{"role_name":"testacc-datadog-integration-role","account_id":"001234567888"}}}}}'
    headers:
      Cache-Control:
      - no-cache
      Connection:
      - keep-alive
      Content-Security-Policy:
      - frame-ancestors 'self'; report-uri https://api.datadoghq.com/csp-report
      Content-Type:
      - application/json
      Date:
      - Thu, 25 Jun 2020 10:02:44 GMT
      Dd-Pool:
      - dogweb
      Pragma:
      - no-cache
      Set-Cookie:
      - DD-PSHARD=233; Max-Age=604800; Path=/; expires=Thu, 02-Jul-2020 10:02:44 GMT;
        secure; HttpOnly
      Strict-Transport-Security:
      - max-age=15724800;
      Vary:
      - Accept-Encoding
      X-Content-Type-Options:
      - nosniff
      X-Dd-Debug:
      - svhoihUM58m7WJ4Z4lY5tmaXf/MnplHzAbMByuVznFW8yf3JIFAZgW/pCvMnq4iN
      X-Dd-Version:
      - "35.2664057"
      X-Frame-Options:
      - SAMEORIGIN
      X-Ratelimit-Limit:
      - "5000"
      X-Ratelimit-Period:
      - "3600"
      X-Ratelimit-Remaining:
      - "4972"
      X-Ratelimit-Reset:
      - "3436"
    status: 200 OK
    code: 200
    duration: ""
- request:
    body: ""
    form: {}
    headers:
      Accept:
      - application/json
      Dd-Operation-Id:
      - DeleteLogsArchive
      User-Agent:
      - datadog-api-client-go/1.0.0-beta.6 (go go1.14.3; os darwin; arch amd64)
    url: https://api.datadoghq.com/api/v2/logs/config/archives/ljcFKmjfSF6HccgUeJSwwQ
    method: DELETE
  response:
    body: ""
    headers:
      Cache-Control:
      - no-cache
      Connection:
      - keep-alive
      Content-Length:
      - "0"
      Content-Security-Policy:
      - frame-ancestors 'self'; report-uri https://api.datadoghq.com/csp-report
      Content-Type:
      - text/html; charset=UTF-8
      Date:
      - Thu, 25 Jun 2020 10:02:44 GMT
      Dd-Pool:
      - dogweb
      Pragma:
      - no-cache
      Set-Cookie:
      - DD-PSHARD=233; Max-Age=604800; Path=/; expires=Thu, 02-Jul-2020 10:02:44 GMT;
        secure; HttpOnly
      Strict-Transport-Security:
      - max-age=15724800;
      X-Content-Type-Options:
      - nosniff
      X-Dd-Debug:
      - /Lq4EjXKMzRKp9qa/TaJTTVqSY3uTwQpdi8SFIU3firYrLG0qdPC+ksTJBROerQS
      X-Dd-Version:
      - "35.2663868"
      X-Frame-Options:
      - SAMEORIGIN
      X-Ratelimit-Limit:
      - "100"
      X-Ratelimit-Period:
      - "3600"
      X-Ratelimit-Remaining:
      - "91"
      X-Ratelimit-Reset:
      - "3436"
    status: 204 No Content
    code: 204
    duration: ""
- request:
    body: |
      {"account_id":"001234567888","role_name":"testacc-datadog-integration-role"}
    form: {}
    headers:
      Accept:
      - application/json
      Content-Type:
      - application/json
      Dd-Operation-Id:
      - DeleteAWSAccount
      User-Agent:
      - datadog-api-client-go/1.0.0-beta.6 (go go1.14.3; os darwin; arch amd64)
    url: https://api.datadoghq.com/api/v1/integration/aws
    method: DELETE
  response:
    body: '{}'
    headers:
      Cache-Control:
      - no-cache
      Connection:
      - keep-alive
      Content-Length:
      - "2"
      Content-Security-Policy:
      - frame-ancestors 'self'; report-uri https://api.datadoghq.com/csp-report
      Content-Type:
      - application/json
      Date:
      - Thu, 25 Jun 2020 10:02:46 GMT
      Dd-Pool:
      - dogweb
      Pragma:
      - no-cache
      Set-Cookie:
      - DD-PSHARD=233; Max-Age=604800; Path=/; expires=Thu, 02-Jul-2020 10:02:45 GMT;
        secure; HttpOnly
      Strict-Transport-Security:
      - max-age=15724800;
      X-Content-Type-Options:
      - nosniff
      X-Dd-Debug:
      - ns395qtajdi4vImLC5PhByq3vzX3KV9r4kOaLqZ3Kb42AGxxpM06vNzB/Pdubr1b
      X-Dd-Version:
      - "35.2663868"
      X-Frame-Options:
      - SAMEORIGIN
    status: 200 OK
    code: 200
    duration: ""
- request:
    body: ""
    form: {}
    headers:
      Accept:
      - application/json
      Dd-Operation-Id:
      - GetLogsArchive
      User-Agent:
      - datadog-api-client-go/1.0.0-beta.6 (go go1.14.3; os darwin; arch amd64)
    url: https://api.datadoghq.com/api/v2/logs/config/archives/ljcFKmjfSF6HccgUeJSwwQ
    method: GET
  response:
    body: '{"errors": ["Archive ljcFKmjfSF6HccgUeJSwwQ not found"]}'
    headers:
      Cache-Control:
      - no-cache
      Connection:
      - keep-alive
      Content-Security-Policy:
      - frame-ancestors 'self'; report-uri https://api.datadoghq.com/csp-report
      Content-Type:
      - application/json
      Date:
      - Thu, 25 Jun 2020 10:02:46 GMT
      Dd-Pool:
      - dogweb
      Pragma:
      - no-cache
      Strict-Transport-Security:
      - max-age=15724800;
      Vary:
      - Accept-Encoding
      X-Content-Type-Options:
      - nosniff
      X-Dd-Version:
      - "35.2664057"
      X-Frame-Options:
      - SAMEORIGIN
      X-Ratelimit-Limit:
      - "5000"
      X-Ratelimit-Period:
      - "3600"
      X-Ratelimit-Remaining:
      - "4971"
      X-Ratelimit-Reset:
      - "3434"
    status: 404 Not Found
    code: 404
    duration: ""
- request:
    body: ""
    form: {}
    headers:
      Accept:
      - application/json
      Dd-Operation-Id:
      - ListAWSAccounts
      User-Agent:
      - datadog-api-client-go/1.0.0-beta.6 (go go1.14.3; os darwin; arch amd64)
    url: https://api.datadoghq.com/api/v1/integration/aws
    method: GET
  response:
    body: '{"accounts":[{"role_name":"java-aWSLogsCheckLambdaAsyncTest-17294-1591282263","excluded_regions":[],"account_id":"java_hXqHNZl","host_tags":["javaTag:one","java:success","javaTag:one","java:success","javaTag:one","java:success","javaTag:one","java:success","javaTag:one","java:success","javaTag:one","java:success","javaTag:one","java:success","javaTag:one","java:success","javaTag:one","java:success","javaTag:one","java:success"],"account_specific_namespace_rules":{"api_gateway":true},"errors":[],"filter_tags":["dontCollect:java","dontCollect:java","dontCollect:java","dontCollect:java","dontCollect:java","dontCollect:java","dontCollect:java","dontCollect:java","dontCollect:java","dontCollect:java"]},{"role_name":"java-aWSLogsAddListEnableAndDeleteTest-18103-1592476436","excluded_regions":[],"account_id":"java_YYhl6vp","host_tags":["javaTag:one","java:success","javaTag:one","java:success"],"account_specific_namespace_rules":{"api_gateway":true},"errors":[],"filter_tags":["dontCollect:java","dontCollect:java"]}]}'
    headers:
      Cache-Control:
      - no-cache
      Connection:
      - keep-alive
      Content-Security-Policy:
      - frame-ancestors 'self'; report-uri https://api.datadoghq.com/csp-report
      Content-Type:
      - application/json
      Date:
      - Thu, 25 Jun 2020 10:02:47 GMT
      Dd-Pool:
      - dogweb
      Pragma:
      - no-cache
      Set-Cookie:
      - DD-PSHARD=233; Max-Age=604800; Path=/; expires=Thu, 02-Jul-2020 10:02:46 GMT;
        secure; HttpOnly
      Strict-Transport-Security:
      - max-age=15724800;
      Vary:
      - Accept-Encoding
      X-Content-Type-Options:
      - nosniff
      X-Dd-Debug:
      - DNJM9d0LaQZJbuEjasKEmgCwDoiLnJW9mPQJm+yWIlQRbFhX4Vzx4uuDCt38dWhb
      X-Dd-Version:
      - "35.2663868"
      X-Frame-Options:
      - SAMEORIGIN
    status: 200 OK
    code: 200
    duration: ""
