---
version: 1
interactions:
- request:
    body: '{"type":"query alert","query":"avg(last_1h):avg:aws.ec2.cpu{environment:foo,host:foo}
      by {host} \u003e 2","name":"name for monitor foo","message":"some message Notify:
      @hipchat-channel","tags":["baz","foo:bar"],"options":{"notify_no_data":false,"renotify_interval":60,"new_host_delay":600,"evaluation_delay":700,"timeout_h":60,"escalation_message":"the
      situation has escalated @pagerduty","thresholds":{"critical":2.0,"warning":1.0,"critical_recovery":1.5,"warning_recovery":0.5},"include_tags":true,"require_full_window":true},"state":{}}'
    form: {}
    headers:
      Content-Type:
      - application/json
      User-Agent:
      - Datadog/dev/terraform (go1.13)
    url: https://api.datadoghq.com/api/v1/monitor
    method: POST
  response:
    body: '{"restricted_roles":null,"tags":["baz","foo:bar"],"deleted":null,"query":"avg(last_1h):avg:aws.ec2.cpu{environment:foo,host:foo}
      by {host} > 2","message":"some message Notify: @hipchat-channel","id":16291377,"multi":true,"name":"name
      for monitor foo","created":"2020-03-06T13:10:53.893671+00:00","created_at":1583500253000,"creator":{"id":1445416,"handle":"frog@datadoghq.com","name":null,"email":"frog@datadoghq.com"},"org_id":321813,"modified":"2020-03-06T13:10:53.893671+00:00","overall_state_modified":null,"overall_state":"No
      Data","type":"query alert","options":{"notify_audit":false,"locked":false,"timeout_h":60,"silenced":{},"include_tags":true,"thresholds":{"critical":2.0,"warning":1.0,"warning_recovery":0.5,"critical_recovery":1.5},"new_host_delay":600,"require_full_window":true,"notify_no_data":false,"renotify_interval":60,"evaluation_delay":700,"escalation_message":"the
      situation has escalated @pagerduty"}}'
    headers:
      Cache-Control:
      - no-cache
      Connection:
      - keep-alive
      Content-Security-Policy:
      - frame-ancestors 'self'; report-uri https://api.datadoghq.com/csp-report
      Content-Type:
      - application/json; charset=utf-8
      Date:
      - Fri, 06 Mar 2020 13:10:53 GMT
      Dd-Pool:
      - dogweb
      Pragma:
      - no-cache
      Set-Cookie:
      - DD-PSHARD=233; Max-Age=604800; Path=/; expires=Fri, 13-Mar-2020 13:10:53 GMT;
        secure; HttpOnly
      Strict-Transport-Security:
      - max-age=15724800;
      Vary:
      - Accept-Encoding
      X-Content-Type-Options:
      - nosniff
      X-Dd-Debug:
      - gCSZ7BDMU1GjNFaR6hO6ZgwcgG3iOVugDLAlbR+YVBEuMFHhC330JIFkvjLveHm3
      X-Dd-Version:
      - "35.2249222"
      X-Frame-Options:
      - SAMEORIGIN
      X-Ratelimit-Limit:
      - "500"
      X-Ratelimit-Period:
      - "10"
      X-Ratelimit-Remaining:
      - "497"
      X-Ratelimit-Reset:
      - "7"
    status: 200 OK
    code: 200
    duration: ""
- request:
    body: ""
    form: {}
    headers:
      User-Agent:
      - Datadog/dev/terraform (go1.13)
    url: https://api.datadoghq.com/api/v1/monitor/16291377
    method: GET
  response:
    body: '{"restricted_roles":null,"tags":["baz","foo:bar"],"deleted":null,"query":"avg(last_1h):avg:aws.ec2.cpu{environment:foo,host:foo}
      by {host} > 2","message":"some message Notify: @hipchat-channel","id":16291377,"multi":true,"name":"name
      for monitor foo","created":"2020-03-06T13:10:53.893671+00:00","created_at":1583500253000,"creator":{"id":1445416,"handle":"frog@datadoghq.com","name":null,"email":"frog@datadoghq.com"},"org_id":321813,"modified":"2020-03-06T13:10:53.893671+00:00","overall_state_modified":null,"overall_state":"No
      Data","type":"query alert","options":{"notify_audit":false,"locked":false,"timeout_h":60,"silenced":{},"include_tags":true,"thresholds":{"critical":2.0,"warning":1.0,"warning_recovery":0.5,"critical_recovery":1.5},"new_host_delay":600,"require_full_window":true,"notify_no_data":false,"renotify_interval":60,"evaluation_delay":700,"escalation_message":"the
      situation has escalated @pagerduty"}}'
    headers:
      Cache-Control:
      - no-cache
      Connection:
      - keep-alive
      Content-Security-Policy:
      - frame-ancestors 'self'; report-uri https://api.datadoghq.com/csp-report
      Content-Type:
      - application/json; charset=utf-8
      Date:
      - Fri, 06 Mar 2020 13:10:54 GMT
      Dd-Pool:
      - dogweb
      Pragma:
      - no-cache
      Set-Cookie:
      - DD-PSHARD=233; Max-Age=604800; Path=/; expires=Fri, 13-Mar-2020 13:10:54 GMT;
        secure; HttpOnly
      Strict-Transport-Security:
      - max-age=15724800;
      Vary:
      - Accept-Encoding
      X-Content-Type-Options:
      - nosniff
      X-Dd-Debug:
      - QaEGvF++JqTbTiFomKhE21Fdnra2zinKOaCEqOgwcd7OtJatRLgvovBbCNyGqcpO
      X-Dd-Version:
      - "35.2249222"
      X-Frame-Options:
      - SAMEORIGIN
      X-Ratelimit-Limit:
      - "3000"
      X-Ratelimit-Period:
      - "10"
      X-Ratelimit-Remaining:
      - "2980"
      X-Ratelimit-Reset:
      - "6"
    status: 200 OK
    code: 200
    duration: ""
- request:
    body: ""
    form: {}
    headers:
      User-Agent:
      - Datadog/dev/terraform (go1.13)
    url: https://api.datadoghq.com/api/v1/monitor/16291377
    method: GET
  response:
    body: '{"restricted_roles":null,"tags":["baz","foo:bar"],"deleted":null,"query":"avg(last_1h):avg:aws.ec2.cpu{environment:foo,host:foo}
      by {host} > 2","message":"some message Notify: @hipchat-channel","id":16291377,"multi":true,"name":"name
      for monitor foo","created":"2020-03-06T13:10:53.893671+00:00","created_at":1583500253000,"creator":{"id":1445416,"handle":"frog@datadoghq.com","name":null,"email":"frog@datadoghq.com"},"org_id":321813,"modified":"2020-03-06T13:10:53.893671+00:00","overall_state_modified":null,"overall_state":"No
      Data","type":"query alert","options":{"notify_audit":false,"locked":false,"timeout_h":60,"silenced":{},"include_tags":true,"thresholds":{"critical":2.0,"warning":1.0,"warning_recovery":0.5,"critical_recovery":1.5},"new_host_delay":600,"require_full_window":true,"notify_no_data":false,"renotify_interval":60,"evaluation_delay":700,"escalation_message":"the
      situation has escalated @pagerduty"}}'
    headers:
      Cache-Control:
      - no-cache
      Connection:
      - keep-alive
      Content-Security-Policy:
      - frame-ancestors 'self'; report-uri https://api.datadoghq.com/csp-report
      Content-Type:
      - application/json; charset=utf-8
      Date:
      - Fri, 06 Mar 2020 13:10:54 GMT
      Dd-Pool:
      - dogweb
      Pragma:
      - no-cache
      Set-Cookie:
      - DD-PSHARD=233; Max-Age=604800; Path=/; expires=Fri, 13-Mar-2020 13:10:54 GMT;
        secure; HttpOnly
      Strict-Transport-Security:
      - max-age=15724800;
      Vary:
      - Accept-Encoding
      X-Content-Type-Options:
      - nosniff
      X-Dd-Debug:
      - IYH6Ubmq2MBSPq8ODr3BCv3hq6/qfjckWAQPmybeluQn4umf0be4fk6ceyy1pnBw
      X-Dd-Version:
      - "35.2249222"
      X-Frame-Options:
      - SAMEORIGIN
      X-Ratelimit-Limit:
      - "3000"
      X-Ratelimit-Period:
      - "10"
      X-Ratelimit-Remaining:
      - "2979"
      X-Ratelimit-Reset:
      - "6"
    status: 200 OK
    code: 200
    duration: ""
- request:
    body: ""
    form: {}
    headers:
      User-Agent:
      - Datadog/dev/terraform (go1.13)
    url: https://api.datadoghq.com/api/v1/monitor/16291377
    method: GET
  response:
    body: '{"restricted_roles":null,"tags":["baz","foo:bar"],"deleted":null,"query":"avg(last_1h):avg:aws.ec2.cpu{environment:foo,host:foo}
      by {host} > 2","message":"some message Notify: @hipchat-channel","id":16291377,"multi":true,"name":"name
      for monitor foo","created":"2020-03-06T13:10:53.893671+00:00","created_at":1583500253000,"creator":{"id":1445416,"handle":"frog@datadoghq.com","name":null,"email":"frog@datadoghq.com"},"org_id":321813,"modified":"2020-03-06T13:10:53.893671+00:00","overall_state_modified":null,"overall_state":"No
      Data","type":"query alert","options":{"notify_audit":false,"locked":false,"timeout_h":60,"silenced":{},"include_tags":true,"thresholds":{"critical":2.0,"warning":1.0,"warning_recovery":0.5,"critical_recovery":1.5},"new_host_delay":600,"require_full_window":true,"notify_no_data":false,"renotify_interval":60,"evaluation_delay":700,"escalation_message":"the
      situation has escalated @pagerduty"}}'
    headers:
      Cache-Control:
      - no-cache
      Connection:
      - keep-alive
      Content-Security-Policy:
      - frame-ancestors 'self'; report-uri https://api.datadoghq.com/csp-report
      Content-Type:
      - application/json; charset=utf-8
      Date:
      - Fri, 06 Mar 2020 13:10:54 GMT
      Dd-Pool:
      - dogweb
      Pragma:
      - no-cache
      Set-Cookie:
      - DD-PSHARD=233; Max-Age=604800; Path=/; expires=Fri, 13-Mar-2020 13:10:54 GMT;
        secure; HttpOnly
      Strict-Transport-Security:
      - max-age=15724800;
      Vary:
      - Accept-Encoding
      X-Content-Type-Options:
      - nosniff
      X-Dd-Debug:
      - xWBl6EQ7zJ83bRwMRX5o/d34f1JMs+KyihhH9fua7krbgQkOsGFusXhvqkH02q3L
      X-Dd-Version:
      - "35.2249222"
      X-Frame-Options:
      - SAMEORIGIN
      X-Ratelimit-Limit:
      - "3000"
      X-Ratelimit-Period:
      - "10"
      X-Ratelimit-Remaining:
      - "2978"
      X-Ratelimit-Reset:
      - "6"
    status: 200 OK
    code: 200
    duration: ""
- request:
    body: ""
    form: {}
    headers:
      User-Agent:
      - Datadog/dev/terraform (go1.13)
    url: https://api.datadoghq.com/api/v1/monitor/16291377
    method: GET
  response:
    body: '{"restricted_roles":null,"tags":["baz","foo:bar"],"deleted":null,"query":"avg(last_1h):avg:aws.ec2.cpu{environment:foo,host:foo}
      by {host} > 2","message":"some message Notify: @hipchat-channel","id":16291377,"multi":true,"name":"name
      for monitor foo","created":"2020-03-06T13:10:53.893671+00:00","created_at":1583500253000,"creator":{"id":1445416,"handle":"frog@datadoghq.com","name":null,"email":"frog@datadoghq.com"},"org_id":321813,"modified":"2020-03-06T13:10:53.893671+00:00","overall_state_modified":null,"overall_state":"No
      Data","type":"query alert","options":{"notify_audit":false,"locked":false,"timeout_h":60,"silenced":{},"include_tags":true,"thresholds":{"critical":2.0,"warning":1.0,"warning_recovery":0.5,"critical_recovery":1.5},"new_host_delay":600,"require_full_window":true,"notify_no_data":false,"renotify_interval":60,"evaluation_delay":700,"escalation_message":"the
      situation has escalated @pagerduty"}}'
    headers:
      Cache-Control:
      - no-cache
      Connection:
      - keep-alive
      Content-Security-Policy:
      - frame-ancestors 'self'; report-uri https://api.datadoghq.com/csp-report
      Content-Type:
      - application/json; charset=utf-8
      Date:
      - Fri, 06 Mar 2020 13:10:54 GMT
      Dd-Pool:
      - dogweb
      Pragma:
      - no-cache
      Set-Cookie:
      - DD-PSHARD=233; Max-Age=604800; Path=/; expires=Fri, 13-Mar-2020 13:10:54 GMT;
        secure; HttpOnly
      Strict-Transport-Security:
      - max-age=15724800;
      Vary:
      - Accept-Encoding
      X-Content-Type-Options:
      - nosniff
      X-Dd-Debug:
      - MZCX71FNdAUQ6AMWRBKW1fkNpiPTypOoXE57zLYE3lG5gigqB2nroYJ/8uMn9muy
      X-Dd-Version:
      - "35.2249222"
      X-Frame-Options:
      - SAMEORIGIN
      X-Ratelimit-Limit:
      - "3000"
      X-Ratelimit-Period:
      - "10"
      X-Ratelimit-Remaining:
      - "2977"
      X-Ratelimit-Reset:
      - "6"
    status: 200 OK
    code: 200
    duration: ""
- request:
    body: ""
    form: {}
    headers:
      User-Agent:
      - Datadog/dev/terraform (go1.13)
    url: https://api.datadoghq.com/api/v1/monitor/16291377
    method: GET
  response:
    body: '{"restricted_roles":null,"tags":["baz","foo:bar"],"deleted":null,"query":"avg(last_1h):avg:aws.ec2.cpu{environment:foo,host:foo}
      by {host} > 2","message":"some message Notify: @hipchat-channel","id":16291377,"multi":true,"name":"name
      for monitor foo","created":"2020-03-06T13:10:53.893671+00:00","created_at":1583500253000,"creator":{"id":1445416,"handle":"frog@datadoghq.com","name":null,"email":"frog@datadoghq.com"},"org_id":321813,"modified":"2020-03-06T13:10:53.893671+00:00","overall_state_modified":null,"overall_state":"No
      Data","type":"query alert","options":{"notify_audit":false,"locked":false,"timeout_h":60,"silenced":{},"include_tags":true,"thresholds":{"critical":2.0,"warning":1.0,"warning_recovery":0.5,"critical_recovery":1.5},"new_host_delay":600,"require_full_window":true,"notify_no_data":false,"renotify_interval":60,"evaluation_delay":700,"escalation_message":"the
      situation has escalated @pagerduty"}}'
    headers:
      Cache-Control:
      - no-cache
      Connection:
      - keep-alive
      Content-Security-Policy:
      - frame-ancestors 'self'; report-uri https://api.datadoghq.com/csp-report
      Content-Type:
      - application/json; charset=utf-8
      Date:
      - Fri, 06 Mar 2020 13:10:54 GMT
      Dd-Pool:
      - dogweb
      Pragma:
      - no-cache
      Set-Cookie:
      - DD-PSHARD=233; Max-Age=604800; Path=/; expires=Fri, 13-Mar-2020 13:10:54 GMT;
        secure; HttpOnly
      Strict-Transport-Security:
      - max-age=15724800;
      Vary:
      - Accept-Encoding
      X-Content-Type-Options:
      - nosniff
      X-Dd-Debug:
      - u9VEJv4YNx+Fl9tRGJNbGm0+76jyym0t+mec2t84PhoJYEedil3ajyEhP7U3EneZ
      X-Dd-Version:
      - "35.2249222"
      X-Frame-Options:
      - SAMEORIGIN
      X-Ratelimit-Limit:
      - "3000"
      X-Ratelimit-Period:
      - "10"
      X-Ratelimit-Remaining:
      - "2976"
      X-Ratelimit-Reset:
      - "6"
    status: 200 OK
    code: 200
    duration: ""
- request:
    body: ""
    form: {}
    headers:
      User-Agent:
      - Datadog/dev/terraform (go1.13)
    url: https://api.datadoghq.com/api/v1/monitor/16291377
    method: GET
  response:
    body: '{"restricted_roles":null,"tags":["baz","foo:bar"],"deleted":null,"query":"avg(last_1h):avg:aws.ec2.cpu{environment:foo,host:foo}
      by {host} > 2","message":"some message Notify: @hipchat-channel","id":16291377,"multi":true,"name":"name
      for monitor foo","created":"2020-03-06T13:10:53.893671+00:00","created_at":1583500253000,"creator":{"id":1445416,"handle":"frog@datadoghq.com","name":null,"email":"frog@datadoghq.com"},"org_id":321813,"modified":"2020-03-06T13:10:53.893671+00:00","overall_state_modified":null,"overall_state":"No
      Data","type":"query alert","options":{"notify_audit":false,"locked":false,"timeout_h":60,"silenced":{},"include_tags":true,"thresholds":{"critical":2.0,"warning":1.0,"warning_recovery":0.5,"critical_recovery":1.5},"new_host_delay":600,"require_full_window":true,"notify_no_data":false,"renotify_interval":60,"evaluation_delay":700,"escalation_message":"the
      situation has escalated @pagerduty"}}'
    headers:
      Cache-Control:
      - no-cache
      Connection:
      - keep-alive
      Content-Security-Policy:
      - frame-ancestors 'self'; report-uri https://api.datadoghq.com/csp-report
      Content-Type:
      - application/json; charset=utf-8
      Date:
      - Fri, 06 Mar 2020 13:10:54 GMT
      Dd-Pool:
      - dogweb
      Pragma:
      - no-cache
      Set-Cookie:
      - DD-PSHARD=233; Max-Age=604800; Path=/; expires=Fri, 13-Mar-2020 13:10:54 GMT;
        secure; HttpOnly
      Strict-Transport-Security:
      - max-age=15724800;
      Vary:
      - Accept-Encoding
      X-Content-Type-Options:
      - nosniff
      X-Dd-Debug:
      - gCSZ7BDMU1GjNFaR6hO6ZgwcgG3iOVugDLAlbR+YVBEuMFHhC330JIFkvjLveHm3
      X-Dd-Version:
      - "35.2249222"
      X-Frame-Options:
      - SAMEORIGIN
      X-Ratelimit-Limit:
      - "3000"
      X-Ratelimit-Period:
      - "10"
      X-Ratelimit-Remaining:
      - "2975"
      X-Ratelimit-Reset:
      - "6"
    status: 200 OK
    code: 200
    duration: ""
- request:
    body: '{"id":16291377,"query":"avg(last_1h):avg:aws.ec2.cpu{environment:bar,host:bar}
      by {host} \u003e 3","name":"name for monitor bar","message":"a different message
      Notify: @hipchat-channel","tags":null,"options":{"no_data_timeframe":20,"notify_audit":true,"notify_no_data":true,"renotify_interval":40,"new_host_delay":900,"evaluation_delay":800,"silenced":{"*":0},"timeout_h":70,"escalation_message":"the
      situation has escalated! @pagerduty","thresholds":{"ok":0.0,"critical":3.0,"warning":1.0,"critical_recovery":2.5,"warning_recovery":0.5},"include_tags":false,"require_full_window":false,"locked":true},"state":{}}'
    form: {}
    headers:
      Content-Type:
      - application/json
      User-Agent:
      - Datadog/dev/terraform (go1.13)
    url: https://api.datadoghq.com/api/v1/monitor/16291377
    method: PUT
  response:
    body: '{"restricted_roles":[{"uuid":"94172442-be03-11e9-a77a-3b7612558ac1","name":"Datadog
      Admin Role"}],"tags":[],"deleted":null,"query":"avg(last_1h):avg:aws.ec2.cpu{environment:bar,host:bar}
      by {host} > 3","message":"a different message Notify: @hipchat-channel","id":16291377,"multi":true,"name":"name
      for monitor bar","created":"2020-03-06T13:10:53.893671+00:00","created_at":1583500253000,"org_id":321813,"modified":"2020-03-06T13:10:55.053978+00:00","overall_state_modified":null,"overall_state":"No
      Data","type":"query alert","options":{"notify_audit":true,"locked":true,"timeout_h":70,"silenced":{"*":null},"include_tags":false,"no_data_timeframe":20,"new_host_delay":900,"require_full_window":false,"notify_no_data":true,"renotify_interval":40,"evaluation_delay":800,"escalation_message":"the
      situation has escalated! @pagerduty","thresholds":{"warning":1.0,"ok":0.0,"critical":3.0,"warning_recovery":0.5,"critical_recovery":2.5}}}'
    headers:
      Cache-Control:
      - no-cache
      Connection:
      - keep-alive
      Content-Security-Policy:
      - frame-ancestors 'self'; report-uri https://api.datadoghq.com/csp-report
      Content-Type:
      - application/json; charset=utf-8
      Date:
      - Fri, 06 Mar 2020 13:10:55 GMT
      Dd-Pool:
      - dogweb
      Pragma:
      - no-cache
      Set-Cookie:
      - DD-PSHARD=233; Max-Age=604800; Path=/; expires=Fri, 13-Mar-2020 13:10:55 GMT;
        secure; HttpOnly
      Strict-Transport-Security:
      - max-age=15724800;
      Vary:
      - Accept-Encoding
      X-Content-Type-Options:
      - nosniff
      X-Dd-Debug:
      - YNGrI7M9aLfuf6Npp7n/51e6xDtYCO9Rm/LB+HGbX4I6A/e7rnC+cgQxIZnsU+fj
      X-Dd-Version:
      - "35.2249222"
      X-Frame-Options:
      - SAMEORIGIN
      X-Ratelimit-Limit:
      - "500"
      X-Ratelimit-Period:
      - "10"
      X-Ratelimit-Remaining:
      - "499"
      X-Ratelimit-Reset:
      - "5"
    status: 200 OK
    code: 200
    duration: ""
- request:
    body: ""
    form: {}
    headers:
      User-Agent:
      - Datadog/dev/terraform (go1.13)
    url: https://api.datadoghq.com/api/v1/monitor/16291377
    method: GET
  response:
    body: '{"restricted_roles":[{"uuid":"94172442-be03-11e9-a77a-3b7612558ac1","name":"Datadog
      Admin Role"}],"tags":[],"deleted":null,"query":"avg(last_1h):avg:aws.ec2.cpu{environment:bar,host:bar}
      by {host} > 3","message":"a different message Notify: @hipchat-channel","id":16291377,"multi":true,"name":"name
      for monitor bar","created":"2020-03-06T13:10:53.893671+00:00","created_at":1583500253000,"creator":{"id":1445416,"handle":"frog@datadoghq.com","name":null,"email":"frog@datadoghq.com"},"org_id":321813,"modified":"2020-03-06T13:10:55.053978+00:00","overall_state_modified":null,"overall_state":"No
      Data","type":"query alert","options":{"notify_audit":true,"locked":true,"timeout_h":70,"silenced":{"*":null},"include_tags":false,"no_data_timeframe":20,"new_host_delay":900,"require_full_window":false,"notify_no_data":true,"renotify_interval":40,"evaluation_delay":800,"escalation_message":"the
      situation has escalated! @pagerduty","thresholds":{"warning":1.0,"ok":0.0,"critical":3.0,"warning_recovery":0.5,"critical_recovery":2.5}}}'
    headers:
      Cache-Control:
      - no-cache
      Connection:
      - keep-alive
      Content-Security-Policy:
      - frame-ancestors 'self'; report-uri https://api.datadoghq.com/csp-report
      Content-Type:
      - application/json; charset=utf-8
      Date:
      - Fri, 06 Mar 2020 13:10:55 GMT
      Dd-Pool:
      - dogweb
      Pragma:
      - no-cache
      Set-Cookie:
      - DD-PSHARD=233; Max-Age=604800; Path=/; expires=Fri, 13-Mar-2020 13:10:55 GMT;
        secure; HttpOnly
      Strict-Transport-Security:
      - max-age=15724800;
      Vary:
      - Accept-Encoding
      X-Content-Type-Options:
      - nosniff
      X-Dd-Debug:
      - /Ib6MMQTHlX0/jTb6tlEMzSZs2crLqjkGjYkoQ/zb0RHtMaXT744DZRFpy23W0oi
      X-Dd-Version:
      - "35.2249222"
      X-Frame-Options:
      - SAMEORIGIN
      X-Ratelimit-Limit:
      - "3000"
      X-Ratelimit-Period:
      - "10"
      X-Ratelimit-Remaining:
      - "2974"
      X-Ratelimit-Reset:
      - "5"
    status: 200 OK
    code: 200
    duration: ""
- request:
    body: ""
    form: {}
    headers:
      User-Agent:
      - Datadog/dev/terraform (go1.13)
    url: https://api.datadoghq.com/api/v1/monitor/16291377
    method: GET
  response:
    body: '{"restricted_roles":[{"uuid":"94172442-be03-11e9-a77a-3b7612558ac1","name":"Datadog
      Admin Role"}],"tags":[],"deleted":null,"query":"avg(last_1h):avg:aws.ec2.cpu{environment:bar,host:bar}
      by {host} > 3","message":"a different message Notify: @hipchat-channel","id":16291377,"multi":true,"name":"name
      for monitor bar","created":"2020-03-06T13:10:53.893671+00:00","created_at":1583500253000,"creator":{"id":1445416,"handle":"frog@datadoghq.com","name":null,"email":"frog@datadoghq.com"},"org_id":321813,"modified":"2020-03-06T13:10:55.053978+00:00","overall_state_modified":null,"overall_state":"No
      Data","type":"query alert","options":{"notify_audit":true,"locked":true,"timeout_h":70,"silenced":{"*":null},"include_tags":false,"no_data_timeframe":20,"new_host_delay":900,"require_full_window":false,"notify_no_data":true,"renotify_interval":40,"evaluation_delay":800,"escalation_message":"the
      situation has escalated! @pagerduty","thresholds":{"warning":1.0,"ok":0.0,"critical":3.0,"warning_recovery":0.5,"critical_recovery":2.5}}}'
    headers:
      Cache-Control:
      - no-cache
      Connection:
      - keep-alive
      Content-Security-Policy:
      - frame-ancestors 'self'; report-uri https://api.datadoghq.com/csp-report
      Content-Type:
      - application/json; charset=utf-8
      Date:
      - Fri, 06 Mar 2020 13:10:55 GMT
      Dd-Pool:
      - dogweb
      Pragma:
      - no-cache
      Set-Cookie:
      - DD-PSHARD=233; Max-Age=604800; Path=/; expires=Fri, 13-Mar-2020 13:10:55 GMT;
        secure; HttpOnly
      Strict-Transport-Security:
      - max-age=15724800;
      Vary:
      - Accept-Encoding
      X-Content-Type-Options:
      - nosniff
      X-Dd-Debug:
      - OGWvqyuIWnbl6WkXpkkRXBvKLURJhdDx+xXZ6vxnnyjZzYdefkAlNGOfG85GcOUu
      X-Dd-Version:
      - "35.2249222"
      X-Frame-Options:
      - SAMEORIGIN
      X-Ratelimit-Limit:
      - "3000"
      X-Ratelimit-Period:
      - "10"
      X-Ratelimit-Remaining:
      - "2973"
      X-Ratelimit-Reset:
      - "5"
    status: 200 OK
    code: 200
    duration: ""
- request:
    body: ""
    form: {}
    headers:
      User-Agent:
      - Datadog/dev/terraform (go1.13)
    url: https://api.datadoghq.com/api/v1/monitor/16291377
    method: GET
  response:
    body: '{"restricted_roles":[{"uuid":"94172442-be03-11e9-a77a-3b7612558ac1","name":"Datadog
      Admin Role"}],"tags":[],"deleted":null,"query":"avg(last_1h):avg:aws.ec2.cpu{environment:bar,host:bar}
      by {host} > 3","message":"a different message Notify: @hipchat-channel","id":16291377,"multi":true,"name":"name
      for monitor bar","created":"2020-03-06T13:10:53.893671+00:00","created_at":1583500253000,"creator":{"id":1445416,"handle":"frog@datadoghq.com","name":null,"email":"frog@datadoghq.com"},"org_id":321813,"modified":"2020-03-06T13:10:55.053978+00:00","overall_state_modified":null,"overall_state":"No
      Data","type":"query alert","options":{"notify_audit":true,"locked":true,"timeout_h":70,"silenced":{"*":null},"include_tags":false,"no_data_timeframe":20,"new_host_delay":900,"require_full_window":false,"notify_no_data":true,"renotify_interval":40,"evaluation_delay":800,"escalation_message":"the
      situation has escalated! @pagerduty","thresholds":{"warning":1.0,"ok":0.0,"critical":3.0,"warning_recovery":0.5,"critical_recovery":2.5}}}'
    headers:
      Cache-Control:
      - no-cache
      Connection:
      - keep-alive
      Content-Security-Policy:
      - frame-ancestors 'self'; report-uri https://api.datadoghq.com/csp-report
      Content-Type:
      - application/json; charset=utf-8
      Date:
      - Fri, 06 Mar 2020 13:10:55 GMT
      Dd-Pool:
      - dogweb
      Pragma:
      - no-cache
      Set-Cookie:
      - DD-PSHARD=233; Max-Age=604800; Path=/; expires=Fri, 13-Mar-2020 13:10:55 GMT;
        secure; HttpOnly
      Strict-Transport-Security:
      - max-age=15724800;
      Vary:
      - Accept-Encoding
      X-Content-Type-Options:
      - nosniff
      X-Dd-Debug:
      - sg8vzlrAXfi82gDuSEBUxkn5dG85uDtr4RhaVLNn521TM8s6JdimiKDHvX2NhFjo
      X-Dd-Version:
      - "35.2249222"
      X-Frame-Options:
      - SAMEORIGIN
      X-Ratelimit-Limit:
      - "3000"
      X-Ratelimit-Period:
      - "10"
      X-Ratelimit-Remaining:
      - "2972"
      X-Ratelimit-Reset:
      - "5"
    status: 200 OK
    code: 200
    duration: ""
- request:
    body: ""
    form: {}
    headers:
      User-Agent:
      - Datadog/dev/terraform (go1.13)
    url: https://api.datadoghq.com/api/v1/monitor/16291377
    method: GET
  response:
    body: '{"restricted_roles":[{"uuid":"94172442-be03-11e9-a77a-3b7612558ac1","name":"Datadog
      Admin Role"}],"tags":[],"deleted":null,"query":"avg(last_1h):avg:aws.ec2.cpu{environment:bar,host:bar}
      by {host} > 3","message":"a different message Notify: @hipchat-channel","id":16291377,"multi":true,"name":"name
      for monitor bar","created":"2020-03-06T13:10:53.893671+00:00","created_at":1583500253000,"creator":{"id":1445416,"handle":"frog@datadoghq.com","name":null,"email":"frog@datadoghq.com"},"org_id":321813,"modified":"2020-03-06T13:10:55.053978+00:00","overall_state_modified":null,"overall_state":"No
      Data","type":"query alert","options":{"notify_audit":true,"locked":true,"timeout_h":70,"silenced":{"*":null},"include_tags":false,"no_data_timeframe":20,"new_host_delay":900,"require_full_window":false,"notify_no_data":true,"renotify_interval":40,"evaluation_delay":800,"escalation_message":"the
      situation has escalated! @pagerduty","thresholds":{"warning":1.0,"ok":0.0,"critical":3.0,"warning_recovery":0.5,"critical_recovery":2.5}}}'
    headers:
      Cache-Control:
      - no-cache
      Connection:
      - keep-alive
      Content-Security-Policy:
      - frame-ancestors 'self'; report-uri https://api.datadoghq.com/csp-report
      Content-Type:
      - application/json; charset=utf-8
      Date:
      - Fri, 06 Mar 2020 13:10:55 GMT
      Dd-Pool:
      - dogweb
      Pragma:
      - no-cache
      Set-Cookie:
      - DD-PSHARD=233; Max-Age=604800; Path=/; expires=Fri, 13-Mar-2020 13:10:55 GMT;
        secure; HttpOnly
      Strict-Transport-Security:
      - max-age=15724800;
      Vary:
      - Accept-Encoding
      X-Content-Type-Options:
      - nosniff
      X-Dd-Debug:
      - OGWvqyuIWnbl6WkXpkkRXBvKLURJhdDx+xXZ6vxnnyjZzYdefkAlNGOfG85GcOUu
      X-Dd-Version:
      - "35.2249222"
      X-Frame-Options:
      - SAMEORIGIN
      X-Ratelimit-Limit:
      - "3000"
      X-Ratelimit-Period:
      - "10"
      X-Ratelimit-Remaining:
      - "2971"
      X-Ratelimit-Reset:
      - "5"
    status: 200 OK
    code: 200
    duration: ""
- request:
    body: ""
    form: {}
    headers:
      User-Agent:
      - Datadog/dev/terraform (go1.13)
    url: https://api.datadoghq.com/api/v1/monitor/16291377
    method: GET
  response:
    body: '{"restricted_roles":[{"uuid":"94172442-be03-11e9-a77a-3b7612558ac1","name":"Datadog
      Admin Role"}],"tags":[],"deleted":null,"query":"avg(last_1h):avg:aws.ec2.cpu{environment:bar,host:bar}
      by {host} > 3","message":"a different message Notify: @hipchat-channel","id":16291377,"multi":true,"name":"name
      for monitor bar","created":"2020-03-06T13:10:53.893671+00:00","created_at":1583500253000,"creator":{"id":1445416,"handle":"frog@datadoghq.com","name":null,"email":"frog@datadoghq.com"},"org_id":321813,"modified":"2020-03-06T13:10:55.053978+00:00","overall_state_modified":null,"overall_state":"No
      Data","type":"query alert","options":{"notify_audit":true,"locked":true,"timeout_h":70,"silenced":{"*":null},"include_tags":false,"no_data_timeframe":20,"new_host_delay":900,"require_full_window":false,"notify_no_data":true,"renotify_interval":40,"evaluation_delay":800,"escalation_message":"the
      situation has escalated! @pagerduty","thresholds":{"warning":1.0,"ok":0.0,"critical":3.0,"warning_recovery":0.5,"critical_recovery":2.5}}}'
    headers:
      Cache-Control:
      - no-cache
      Connection:
      - keep-alive
      Content-Security-Policy:
      - frame-ancestors 'self'; report-uri https://api.datadoghq.com/csp-report
      Content-Type:
      - application/json; charset=utf-8
      Date:
      - Fri, 06 Mar 2020 13:10:55 GMT
      Dd-Pool:
      - dogweb
      Pragma:
      - no-cache
      Set-Cookie:
      - DD-PSHARD=233; Max-Age=604800; Path=/; expires=Fri, 13-Mar-2020 13:10:55 GMT;
        secure; HttpOnly
      Strict-Transport-Security:
      - max-age=15724800;
      Vary:
      - Accept-Encoding
      X-Content-Type-Options:
      - nosniff
      X-Dd-Debug:
      - IWbeot5NPPjwzkLRJwJSrhKxooUYWPiItYmeOu7MvfpEU9kI8879nM2EukYnEnom
      X-Dd-Version:
      - "35.2249222"
      X-Frame-Options:
      - SAMEORIGIN
      X-Ratelimit-Limit:
      - "3000"
      X-Ratelimit-Period:
      - "10"
      X-Ratelimit-Remaining:
      - "2970"
      X-Ratelimit-Reset:
      - "5"
    status: 200 OK
    code: 200
    duration: ""
- request:
    body: ""
    form: {}
    headers:
      User-Agent:
      - Datadog/dev/terraform (go1.13)
    url: https://api.datadoghq.com/api/v1/monitor/16291377
    method: GET
  response:
    body: '{"restricted_roles":[{"uuid":"94172442-be03-11e9-a77a-3b7612558ac1","name":"Datadog
      Admin Role"}],"tags":[],"deleted":null,"query":"avg(last_1h):avg:aws.ec2.cpu{environment:bar,host:bar}
      by {host} > 3","message":"a different message Notify: @hipchat-channel","id":16291377,"multi":true,"name":"name
      for monitor bar","created":"2020-03-06T13:10:53.893671+00:00","created_at":1583500253000,"creator":{"id":1445416,"handle":"frog@datadoghq.com","name":null,"email":"frog@datadoghq.com"},"org_id":321813,"modified":"2020-03-06T13:10:55.053978+00:00","overall_state_modified":null,"overall_state":"No
      Data","type":"query alert","options":{"notify_audit":true,"locked":true,"timeout_h":70,"silenced":{"*":null},"include_tags":false,"no_data_timeframe":20,"new_host_delay":900,"require_full_window":false,"notify_no_data":true,"renotify_interval":40,"evaluation_delay":800,"escalation_message":"the
      situation has escalated! @pagerduty","thresholds":{"warning":1.0,"ok":0.0,"critical":3.0,"warning_recovery":0.5,"critical_recovery":2.5}}}'
    headers:
      Cache-Control:
      - no-cache
      Connection:
      - keep-alive
      Content-Security-Policy:
      - frame-ancestors 'self'; report-uri https://api.datadoghq.com/csp-report
      Content-Type:
      - application/json; charset=utf-8
      Date:
      - Fri, 06 Mar 2020 13:10:56 GMT
      Dd-Pool:
      - dogweb
      Pragma:
      - no-cache
      Set-Cookie:
      - DD-PSHARD=233; Max-Age=604800; Path=/; expires=Fri, 13-Mar-2020 13:10:56 GMT;
        secure; HttpOnly
      Strict-Transport-Security:
      - max-age=15724800;
      Vary:
      - Accept-Encoding
      X-Content-Type-Options:
      - nosniff
      X-Dd-Debug:
      - fLh2Ki8TBaqqP7azNnKugW2P+FqYhl36RGg8m8syr+2I6kNse5gXxG00+xylWppT
      X-Dd-Version:
      - "35.2249222"
      X-Frame-Options:
      - SAMEORIGIN
      X-Ratelimit-Limit:
      - "3000"
      X-Ratelimit-Period:
      - "10"
      X-Ratelimit-Remaining:
      - "2969"
      X-Ratelimit-Reset:
      - "4"
    status: 200 OK
    code: 200
    duration: ""
- request:
    body: ""
    form: {}
    headers:
      User-Agent:
      - Datadog/dev/terraform (go1.13)
    url: https://api.datadoghq.com/api/v1/monitor/16291377
    method: GET
  response:
    body: '{"restricted_roles":[{"uuid":"94172442-be03-11e9-a77a-3b7612558ac1","name":"Datadog
      Admin Role"}],"tags":[],"deleted":null,"query":"avg(last_1h):avg:aws.ec2.cpu{environment:bar,host:bar}
      by {host} > 3","message":"a different message Notify: @hipchat-channel","id":16291377,"multi":true,"name":"name
      for monitor bar","created":"2020-03-06T13:10:53.893671+00:00","created_at":1583500253000,"creator":{"id":1445416,"handle":"frog@datadoghq.com","name":null,"email":"frog@datadoghq.com"},"org_id":321813,"modified":"2020-03-06T13:10:55.053978+00:00","overall_state_modified":null,"overall_state":"No
      Data","type":"query alert","options":{"notify_audit":true,"locked":true,"timeout_h":70,"silenced":{"*":null},"include_tags":false,"no_data_timeframe":20,"new_host_delay":900,"require_full_window":false,"notify_no_data":true,"renotify_interval":40,"evaluation_delay":800,"escalation_message":"the
      situation has escalated! @pagerduty","thresholds":{"warning":1.0,"ok":0.0,"critical":3.0,"warning_recovery":0.5,"critical_recovery":2.5}}}'
    headers:
      Cache-Control:
      - no-cache
      Connection:
      - keep-alive
      Content-Security-Policy:
      - frame-ancestors 'self'; report-uri https://api.datadoghq.com/csp-report
      Content-Type:
      - application/json; charset=utf-8
      Date:
      - Fri, 06 Mar 2020 13:10:56 GMT
      Dd-Pool:
      - dogweb
      Pragma:
      - no-cache
      Set-Cookie:
      - DD-PSHARD=233; Max-Age=604800; Path=/; expires=Fri, 13-Mar-2020 13:10:56 GMT;
        secure; HttpOnly
      Strict-Transport-Security:
      - max-age=15724800;
      Vary:
      - Accept-Encoding
      X-Content-Type-Options:
      - nosniff
      X-Dd-Debug:
      - aERr2Ftx8O/BR8oAhSymZ3bVROQEC+81YMSphOQK1me4DxXSbMIcFkB0Di4ggZ++
      X-Dd-Version:
      - "35.2249222"
      X-Frame-Options:
      - SAMEORIGIN
      X-Ratelimit-Limit:
      - "3000"
      X-Ratelimit-Period:
      - "10"
      X-Ratelimit-Remaining:
      - "2968"
      X-Ratelimit-Reset:
      - "4"
    status: 200 OK
    code: 200
    duration: ""
- request:
    body: ""
    form: {}
    headers:
      User-Agent:
      - Datadog/dev/terraform (go1.13)
    url: https://api.datadoghq.com/api/v1/monitor/16291377
    method: DELETE
  response:
    body: '{"deleted_monitor_id":16291377}'
    headers:
      Cache-Control:
      - no-cache
      Connection:
      - keep-alive
      Content-Security-Policy:
      - frame-ancestors 'self'; report-uri https://api.datadoghq.com/csp-report
      Content-Type:
      - application/json; charset=utf-8
      Date:
      - Fri, 06 Mar 2020 13:10:56 GMT
      Dd-Pool:
      - dogweb
      Pragma:
      - no-cache
      Set-Cookie:
      - DD-PSHARD=233; Max-Age=604800; Path=/; expires=Fri, 13-Mar-2020 13:10:56 GMT;
        secure; HttpOnly
      Strict-Transport-Security:
      - max-age=15724800;
      Vary:
      - Accept-Encoding
      X-Content-Type-Options:
      - nosniff
      X-Dd-Debug:
      - JbIYRXbRMsAVaKGy+d2H1ud8Z295ghodOPi6eELPzhmBKrZI3+dlseyrUY1cqOAd
      X-Dd-Version:
      - "35.2249222"
      X-Frame-Options:
      - SAMEORIGIN
    status: 200 OK
    code: 200
    duration: ""
- request:
    body: '{"type":"metric alert","query":"change(min(last_1m),last_5m):sum:org.eclipse.jetty.servlet.ServletContextHandler.5xx_responses{example,framework:chronos}
      + sum:org.eclipse.jetty.servlet.ServletContextHandler.4xx_responses{example,framework:chronos}
      + sum:org.eclipse.jetty.servlet.ServletContextHandler.3xx_responses{example,framework:chronos}
      \u003e 5","name":"Terraform provider datadog complex metrics example Monitor","message":"a
      message","tags":null,"options":{"notify_no_data":false,"new_host_delay":300,"thresholds":{},"include_tags":true,"require_full_window":true},"state":{}}'
    form: {}
    headers:
      Content-Type:
      - application/json
      User-Agent:
      - Datadog/dev/terraform (go1.13)
    url: https://api.datadoghq.com/api/v1/monitor
    method: POST
  response:
    body: '{"restricted_roles":null,"tags":[],"deleted":null,"query":"change(min(last_1m),last_5m):sum:org.eclipse.jetty.servlet.ServletContextHandler.5xx_responses{example,framework:chronos}
      + sum:org.eclipse.jetty.servlet.ServletContextHandler.4xx_responses{example,framework:chronos}
      + sum:org.eclipse.jetty.servlet.ServletContextHandler.3xx_responses{example,framework:chronos}
      > 5","message":"a message","id":16291380,"multi":false,"name":"Terraform provider
      datadog complex metrics example Monitor","created":"2020-03-06T13:10:56.448459+00:00","created_at":1583500256000,"creator":{"id":1445416,"handle":"frog@datadoghq.com","name":null,"email":"frog@datadoghq.com"},"org_id":321813,"modified":"2020-03-06T13:10:56.448459+00:00","overall_state_modified":null,"overall_state":"No
      Data","type":"query alert","options":{"notify_audit":false,"locked":false,"silenced":{},"include_tags":true,"new_host_delay":300,"require_full_window":true,"notify_no_data":false}}'
    headers:
      Cache-Control:
      - no-cache
      Connection:
      - keep-alive
      Content-Security-Policy:
      - frame-ancestors 'self'; report-uri https://api.datadoghq.com/csp-report
      Content-Type:
      - application/json; charset=utf-8
      Date:
      - Fri, 06 Mar 2020 13:10:56 GMT
      Dd-Pool:
      - dogweb
      Pragma:
      - no-cache
      Set-Cookie:
      - DD-PSHARD=233; Max-Age=604800; Path=/; expires=Fri, 13-Mar-2020 13:10:56 GMT;
        secure; HttpOnly
      Strict-Transport-Security:
      - max-age=15724800;
      Vary:
      - Accept-Encoding
      X-Content-Type-Options:
      - nosniff
      X-Dd-Debug:
      - PmDXJXCpOnq24qtagNCLPTUoILSRgi3DGaXUca70kUEAM8DZBLYkwSVilYSYEHCG
      X-Dd-Version:
      - "35.2249222"
      X-Frame-Options:
      - SAMEORIGIN
      X-Ratelimit-Limit:
      - "500"
      X-Ratelimit-Period:
      - "10"
      X-Ratelimit-Remaining:
      - "496"
      X-Ratelimit-Reset:
      - "4"
    status: 200 OK
    code: 200
    duration: ""
- request:
    body: ""
    form: {}
    headers:
      User-Agent:
      - Datadog/dev/terraform (go1.13)
    url: https://api.datadoghq.com/api/v1/monitor/16291380
    method: GET
  response:
    body: '{"restricted_roles":null,"tags":[],"deleted":null,"query":"change(min(last_1m),last_5m):sum:org.eclipse.jetty.servlet.ServletContextHandler.5xx_responses{example,framework:chronos}
      + sum:org.eclipse.jetty.servlet.ServletContextHandler.4xx_responses{example,framework:chronos}
      + sum:org.eclipse.jetty.servlet.ServletContextHandler.3xx_responses{example,framework:chronos}
      > 5","message":"a message","id":16291380,"multi":false,"name":"Terraform provider
      datadog complex metrics example Monitor","created":"2020-03-06T13:10:56.448459+00:00","created_at":1583500256000,"creator":{"id":1445416,"handle":"frog@datadoghq.com","name":null,"email":"frog@datadoghq.com"},"org_id":321813,"modified":"2020-03-06T13:10:56.448459+00:00","overall_state_modified":null,"overall_state":"No
      Data","type":"query alert","options":{"notify_audit":false,"locked":false,"silenced":{},"include_tags":true,"new_host_delay":300,"require_full_window":true,"notify_no_data":false}}'
    headers:
      Cache-Control:
      - no-cache
      Connection:
      - keep-alive
      Content-Security-Policy:
      - frame-ancestors 'self'; report-uri https://api.datadoghq.com/csp-report
      Content-Type:
      - application/json; charset=utf-8
      Date:
      - Fri, 06 Mar 2020 13:10:56 GMT
      Dd-Pool:
      - dogweb
      Pragma:
      - no-cache
      Set-Cookie:
      - DD-PSHARD=233; Max-Age=604800; Path=/; expires=Fri, 13-Mar-2020 13:10:56 GMT;
        secure; HttpOnly
      Strict-Transport-Security:
      - max-age=15724800;
      Vary:
      - Accept-Encoding
      X-Content-Type-Options:
      - nosniff
      X-Dd-Debug:
      - 3OCRM/4FZbkllI4iloi1acHDABD1SJi2aj2fysEPLLsOVOk5Ki6mi6IOsVG7JIay
      X-Dd-Version:
      - "35.2249222"
      X-Frame-Options:
      - SAMEORIGIN
      X-Ratelimit-Limit:
      - "3000"
      X-Ratelimit-Period:
      - "10"
      X-Ratelimit-Remaining:
      - "2967"
      X-Ratelimit-Reset:
      - "4"
    status: 200 OK
    code: 200
    duration: ""
- request:
    body: ""
    form: {}
    headers:
      User-Agent:
      - Datadog/dev/terraform (go1.13)
    url: https://api.datadoghq.com/api/v1/monitor/16291380
    method: GET
  response:
    body: '{"restricted_roles":null,"tags":[],"deleted":null,"query":"change(min(last_1m),last_5m):sum:org.eclipse.jetty.servlet.ServletContextHandler.5xx_responses{example,framework:chronos}
      + sum:org.eclipse.jetty.servlet.ServletContextHandler.4xx_responses{example,framework:chronos}
      + sum:org.eclipse.jetty.servlet.ServletContextHandler.3xx_responses{example,framework:chronos}
      > 5","message":"a message","id":16291380,"multi":false,"name":"Terraform provider
      datadog complex metrics example Monitor","created":"2020-03-06T13:10:56.448459+00:00","created_at":1583500256000,"creator":{"id":1445416,"handle":"frog@datadoghq.com","name":null,"email":"frog@datadoghq.com"},"org_id":321813,"modified":"2020-03-06T13:10:56.448459+00:00","overall_state_modified":null,"overall_state":"No
      Data","type":"query alert","options":{"notify_audit":false,"locked":false,"silenced":{},"include_tags":true,"new_host_delay":300,"require_full_window":true,"notify_no_data":false}}'
    headers:
      Cache-Control:
      - no-cache
      Connection:
      - keep-alive
      Content-Security-Policy:
      - frame-ancestors 'self'; report-uri https://api.datadoghq.com/csp-report
      Content-Type:
      - application/json; charset=utf-8
      Date:
      - Fri, 06 Mar 2020 13:10:56 GMT
      Dd-Pool:
      - dogweb
      Pragma:
      - no-cache
      Set-Cookie:
      - DD-PSHARD=233; Max-Age=604800; Path=/; expires=Fri, 13-Mar-2020 13:10:56 GMT;
        secure; HttpOnly
      Strict-Transport-Security:
      - max-age=15724800;
      Vary:
      - Accept-Encoding
      X-Content-Type-Options:
      - nosniff
      X-Dd-Debug:
      - aERr2Ftx8O/BR8oAhSymZ3bVROQEC+81YMSphOQK1me4DxXSbMIcFkB0Di4ggZ++
      X-Dd-Version:
      - "35.2249222"
      X-Frame-Options:
      - SAMEORIGIN
      X-Ratelimit-Limit:
      - "3000"
      X-Ratelimit-Period:
      - "10"
      X-Ratelimit-Remaining:
      - "2966"
      X-Ratelimit-Reset:
      - "4"
    status: 200 OK
    code: 200
    duration: ""
- request:
    body: ""
    form: {}
    headers:
      User-Agent:
      - Datadog/dev/terraform (go1.13)
    url: https://api.datadoghq.com/api/v1/monitor/16291380
    method: GET
  response:
    body: '{"restricted_roles":null,"tags":[],"deleted":null,"query":"change(min(last_1m),last_5m):sum:org.eclipse.jetty.servlet.ServletContextHandler.5xx_responses{example,framework:chronos}
      + sum:org.eclipse.jetty.servlet.ServletContextHandler.4xx_responses{example,framework:chronos}
      + sum:org.eclipse.jetty.servlet.ServletContextHandler.3xx_responses{example,framework:chronos}
      > 5","message":"a message","id":16291380,"multi":false,"name":"Terraform provider
      datadog complex metrics example Monitor","created":"2020-03-06T13:10:56.448459+00:00","created_at":1583500256000,"creator":{"id":1445416,"handle":"frog@datadoghq.com","name":null,"email":"frog@datadoghq.com"},"org_id":321813,"modified":"2020-03-06T13:10:56.448459+00:00","overall_state_modified":null,"overall_state":"No
      Data","type":"query alert","options":{"notify_audit":false,"locked":false,"silenced":{},"include_tags":true,"new_host_delay":300,"require_full_window":true,"notify_no_data":false}}'
    headers:
      Cache-Control:
      - no-cache
      Connection:
      - keep-alive
      Content-Security-Policy:
      - frame-ancestors 'self'; report-uri https://api.datadoghq.com/csp-report
      Content-Type:
      - application/json; charset=utf-8
      Date:
      - Fri, 06 Mar 2020 13:10:57 GMT
      Dd-Pool:
      - dogweb
      Pragma:
      - no-cache
      Set-Cookie:
      - DD-PSHARD=233; Max-Age=604800; Path=/; expires=Fri, 13-Mar-2020 13:10:56 GMT;
        secure; HttpOnly
      Strict-Transport-Security:
      - max-age=15724800;
      Vary:
      - Accept-Encoding
      X-Content-Type-Options:
      - nosniff
      X-Dd-Debug:
      - B/LXPck0nGNX0RSV/Gw7cnZ0oe92FUOfg1ec7WcU0kSvw/UBT+IXTFTD87Snvz2v
      X-Dd-Version:
      - "35.2249222"
      X-Frame-Options:
      - SAMEORIGIN
      X-Ratelimit-Limit:
      - "3000"
      X-Ratelimit-Period:
      - "10"
      X-Ratelimit-Remaining:
      - "2965"
      X-Ratelimit-Reset:
      - "3"
    status: 200 OK
    code: 200
    duration: ""
- request:
    body: ""
    form: {}
    headers:
      User-Agent:
      - Datadog/dev/terraform (go1.13)
    url: https://api.datadoghq.com/api/v1/monitor/16291380
    method: GET
  response:
    body: '{"restricted_roles":null,"tags":[],"deleted":null,"query":"change(min(last_1m),last_5m):sum:org.eclipse.jetty.servlet.ServletContextHandler.5xx_responses{example,framework:chronos}
      + sum:org.eclipse.jetty.servlet.ServletContextHandler.4xx_responses{example,framework:chronos}
      + sum:org.eclipse.jetty.servlet.ServletContextHandler.3xx_responses{example,framework:chronos}
      > 5","message":"a message","id":16291380,"multi":false,"name":"Terraform provider
      datadog complex metrics example Monitor","created":"2020-03-06T13:10:56.448459+00:00","created_at":1583500256000,"creator":{"id":1445416,"handle":"frog@datadoghq.com","name":null,"email":"frog@datadoghq.com"},"org_id":321813,"modified":"2020-03-06T13:10:56.448459+00:00","overall_state_modified":null,"overall_state":"No
      Data","type":"query alert","options":{"notify_audit":false,"locked":false,"silenced":{},"include_tags":true,"new_host_delay":300,"require_full_window":true,"notify_no_data":false}}'
    headers:
      Cache-Control:
      - no-cache
      Connection:
      - keep-alive
      Content-Security-Policy:
      - frame-ancestors 'self'; report-uri https://api.datadoghq.com/csp-report
      Content-Type:
      - application/json; charset=utf-8
      Date:
      - Fri, 06 Mar 2020 13:10:57 GMT
      Dd-Pool:
      - dogweb
      Pragma:
      - no-cache
      Set-Cookie:
      - DD-PSHARD=233; Max-Age=604800; Path=/; expires=Fri, 13-Mar-2020 13:10:57 GMT;
        secure; HttpOnly
      Strict-Transport-Security:
      - max-age=15724800;
      Vary:
      - Accept-Encoding
      X-Content-Type-Options:
      - nosniff
      X-Dd-Debug:
      - tp1qdVxoUmtlsVp6hgBWraWfL5vEbA116VZkaWKWIZtgPr5Ima8zysCBv+o2WoZ/
      X-Dd-Version:
      - "35.2249222"
      X-Frame-Options:
      - SAMEORIGIN
      X-Ratelimit-Limit:
      - "3000"
      X-Ratelimit-Period:
      - "10"
      X-Ratelimit-Remaining:
      - "2964"
      X-Ratelimit-Reset:
      - "3"
    status: 200 OK
    code: 200
    duration: ""
- request:
    body: ""
    form: {}
    headers:
      User-Agent:
      - Datadog/dev/terraform (go1.13)
    url: https://api.datadoghq.com/api/v1/monitor/16291380
    method: GET
  response:
    body: '{"restricted_roles":null,"tags":[],"deleted":null,"query":"change(min(last_1m),last_5m):sum:org.eclipse.jetty.servlet.ServletContextHandler.5xx_responses{example,framework:chronos}
      + sum:org.eclipse.jetty.servlet.ServletContextHandler.4xx_responses{example,framework:chronos}
      + sum:org.eclipse.jetty.servlet.ServletContextHandler.3xx_responses{example,framework:chronos}
      > 5","message":"a message","id":16291380,"multi":false,"name":"Terraform provider
      datadog complex metrics example Monitor","created":"2020-03-06T13:10:56.448459+00:00","created_at":1583500256000,"creator":{"id":1445416,"handle":"frog@datadoghq.com","name":null,"email":"frog@datadoghq.com"},"org_id":321813,"modified":"2020-03-06T13:10:56.448459+00:00","overall_state_modified":null,"overall_state":"No
      Data","type":"query alert","options":{"notify_audit":false,"locked":false,"silenced":{},"include_tags":true,"new_host_delay":300,"require_full_window":true,"notify_no_data":false}}'
    headers:
      Cache-Control:
      - no-cache
      Connection:
      - keep-alive
      Content-Security-Policy:
      - frame-ancestors 'self'; report-uri https://api.datadoghq.com/csp-report
      Content-Type:
      - application/json; charset=utf-8
      Date:
      - Fri, 06 Mar 2020 13:10:57 GMT
      Dd-Pool:
      - dogweb
      Pragma:
      - no-cache
      Set-Cookie:
      - DD-PSHARD=233; Max-Age=604800; Path=/; expires=Fri, 13-Mar-2020 13:10:57 GMT;
        secure; HttpOnly
      Strict-Transport-Security:
      - max-age=15724800;
      Vary:
      - Accept-Encoding
      X-Content-Type-Options:
      - nosniff
      X-Dd-Debug:
      - kg+/Cls6zaJcT2blJLlU62BwgGePGdpqSwWrJ0xEIvzmSMWHXxGNsiyEzBPJ1a96
      X-Dd-Version:
      - "35.2249222"
      X-Frame-Options:
      - SAMEORIGIN
      X-Ratelimit-Limit:
      - "3000"
      X-Ratelimit-Period:
      - "10"
      X-Ratelimit-Remaining:
      - "2963"
      X-Ratelimit-Reset:
      - "3"
    status: 200 OK
    code: 200
    duration: ""
- request:
    body: ""
    form: {}
    headers:
      User-Agent:
      - Datadog/dev/terraform (go1.13)
    url: https://api.datadoghq.com/api/v1/monitor/16291380
    method: GET
  response:
    body: '{"restricted_roles":null,"tags":[],"deleted":null,"query":"change(min(last_1m),last_5m):sum:org.eclipse.jetty.servlet.ServletContextHandler.5xx_responses{example,framework:chronos}
      + sum:org.eclipse.jetty.servlet.ServletContextHandler.4xx_responses{example,framework:chronos}
      + sum:org.eclipse.jetty.servlet.ServletContextHandler.3xx_responses{example,framework:chronos}
      > 5","message":"a message","id":16291380,"multi":false,"name":"Terraform provider
      datadog complex metrics example Monitor","created":"2020-03-06T13:10:56.448459+00:00","created_at":1583500256000,"creator":{"id":1445416,"handle":"frog@datadoghq.com","name":null,"email":"frog@datadoghq.com"},"org_id":321813,"modified":"2020-03-06T13:10:56.448459+00:00","overall_state_modified":null,"overall_state":"No
      Data","type":"query alert","options":{"notify_audit":false,"locked":false,"silenced":{},"include_tags":true,"new_host_delay":300,"require_full_window":true,"notify_no_data":false}}'
    headers:
      Cache-Control:
      - no-cache
      Connection:
      - keep-alive
      Content-Security-Policy:
      - frame-ancestors 'self'; report-uri https://api.datadoghq.com/csp-report
      Content-Type:
      - application/json; charset=utf-8
      Date:
      - Fri, 06 Mar 2020 13:10:57 GMT
      Dd-Pool:
      - dogweb
      Pragma:
      - no-cache
      Set-Cookie:
      - DD-PSHARD=233; Max-Age=604800; Path=/; expires=Fri, 13-Mar-2020 13:10:57 GMT;
        secure; HttpOnly
      Strict-Transport-Security:
      - max-age=15724800;
      Vary:
      - Accept-Encoding
      X-Content-Type-Options:
      - nosniff
      X-Dd-Debug:
      - 1/ye/L7/S9djtmh0CDbapYOAoYP2Xz5NE904aTai4cgQw/Kmmv343hpHqBIP3PC5
      X-Dd-Version:
      - "35.2249222"
      X-Frame-Options:
      - SAMEORIGIN
      X-Ratelimit-Limit:
      - "3000"
      X-Ratelimit-Period:
      - "10"
      X-Ratelimit-Remaining:
      - "2962"
      X-Ratelimit-Reset:
      - "3"
    status: 200 OK
    code: 200
    duration: ""
- request:
    body: ""
    form: {}
    headers:
      User-Agent:
      - Datadog/dev/terraform (go1.13)
    url: https://api.datadoghq.com/api/v1/monitor/16291380
    method: DELETE
  response:
    body: '{"deleted_monitor_id":16291380}'
    headers:
      Cache-Control:
      - no-cache
      Connection:
      - keep-alive
      Content-Security-Policy:
      - frame-ancestors 'self'; report-uri https://api.datadoghq.com/csp-report
      Content-Type:
      - application/json; charset=utf-8
      Date:
      - Fri, 06 Mar 2020 13:10:57 GMT
      Dd-Pool:
      - dogweb
      Pragma:
      - no-cache
      Set-Cookie:
      - DD-PSHARD=233; Max-Age=604800; Path=/; expires=Fri, 13-Mar-2020 13:10:57 GMT;
        secure; HttpOnly
      Strict-Transport-Security:
      - max-age=15724800;
      Vary:
      - Accept-Encoding
      X-Content-Type-Options:
      - nosniff
      X-Dd-Debug:
      - oiF9oLqSEnBWpAh9z89c+Ruy9xKAqrdZzQPjGsNOxlGQNWaw3sCTSoKaMkMdPunL
      X-Dd-Version:
      - "35.2249222"
      X-Frame-Options:
      - SAMEORIGIN
    status: 200 OK
    code: 200
    duration: ""
- request:
    body: '{"type":"query alert","query":"change(min(last_1m),last_5m):sum:org.eclipse.jetty.servlet.ServletContextHandler.5xx_responses{example,framework:chronos}
      + sum:org.eclipse.jetty.servlet.ServletContextHandler.4xx_responses{example,framework:chronos}
      + sum:org.eclipse.jetty.servlet.ServletContextHandler.3xx_responses{example,framework:chronos}
      \u003e 5","name":"Terraform provider datadog complex query example Monitor","message":"a
      message","tags":null,"options":{"notify_no_data":false,"new_host_delay":300,"thresholds":{},"include_tags":true,"require_full_window":true},"state":{}}'
    form: {}
    headers:
      Content-Type:
      - application/json
      User-Agent:
      - Datadog/dev/terraform (go1.13)
    url: https://api.datadoghq.com/api/v1/monitor
    method: POST
  response:
    body: '{"restricted_roles":null,"tags":[],"deleted":null,"query":"change(min(last_1m),last_5m):sum:org.eclipse.jetty.servlet.ServletContextHandler.5xx_responses{example,framework:chronos}
      + sum:org.eclipse.jetty.servlet.ServletContextHandler.4xx_responses{example,framework:chronos}
      + sum:org.eclipse.jetty.servlet.ServletContextHandler.3xx_responses{example,framework:chronos}
      > 5","message":"a message","id":16291381,"multi":false,"name":"Terraform provider
      datadog complex query example Monitor","created":"2020-03-06T13:10:57.822911+00:00","created_at":1583500257000,"creator":{"id":1445416,"handle":"frog@datadoghq.com","name":null,"email":"frog@datadoghq.com"},"org_id":321813,"modified":"2020-03-06T13:10:57.822911+00:00","overall_state_modified":null,"overall_state":"No
      Data","type":"query alert","options":{"notify_audit":false,"locked":false,"silenced":{},"include_tags":true,"new_host_delay":300,"require_full_window":true,"notify_no_data":false}}'
    headers:
      Cache-Control:
      - no-cache
      Connection:
      - keep-alive
      Content-Security-Policy:
      - frame-ancestors 'self'; report-uri https://api.datadoghq.com/csp-report
      Content-Type:
      - application/json; charset=utf-8
      Date:
      - Fri, 06 Mar 2020 13:10:57 GMT
      Dd-Pool:
      - dogweb
      Pragma:
      - no-cache
      Set-Cookie:
      - DD-PSHARD=233; Max-Age=604800; Path=/; expires=Fri, 13-Mar-2020 13:10:57 GMT;
        secure; HttpOnly
      Strict-Transport-Security:
      - max-age=15724800;
      Vary:
      - Accept-Encoding
      X-Content-Type-Options:
      - nosniff
      X-Dd-Debug:
      - nfUJgEhoI/RZ8GJVApSQj6s2TfLYXQ1qvePMFw8ZmKB2iBVwiNegJAc5RNY4ZZbI
      X-Dd-Version:
      - "35.2249222"
      X-Frame-Options:
      - SAMEORIGIN
      X-Ratelimit-Limit:
      - "500"
      X-Ratelimit-Period:
      - "10"
      X-Ratelimit-Remaining:
      - "495"
      X-Ratelimit-Reset:
      - "3"
    status: 200 OK
    code: 200
    duration: ""
- request:
    body: ""
    form: {}
    headers:
      User-Agent:
      - Datadog/dev/terraform (go1.13)
    url: https://api.datadoghq.com/api/v1/monitor/16291381
    method: GET
  response:
    body: '{"restricted_roles":null,"tags":[],"deleted":null,"query":"change(min(last_1m),last_5m):sum:org.eclipse.jetty.servlet.ServletContextHandler.5xx_responses{example,framework:chronos}
      + sum:org.eclipse.jetty.servlet.ServletContextHandler.4xx_responses{example,framework:chronos}
      + sum:org.eclipse.jetty.servlet.ServletContextHandler.3xx_responses{example,framework:chronos}
      > 5","message":"a message","id":16291381,"multi":false,"name":"Terraform provider
      datadog complex query example Monitor","created":"2020-03-06T13:10:57.822911+00:00","created_at":1583500257000,"creator":{"id":1445416,"handle":"frog@datadoghq.com","name":null,"email":"frog@datadoghq.com"},"org_id":321813,"modified":"2020-03-06T13:10:57.822911+00:00","overall_state_modified":null,"overall_state":"No
      Data","type":"query alert","options":{"notify_audit":false,"locked":false,"silenced":{},"include_tags":true,"new_host_delay":300,"require_full_window":true,"notify_no_data":false}}'
    headers:
      Cache-Control:
      - no-cache
      Connection:
      - keep-alive
      Content-Security-Policy:
      - frame-ancestors 'self'; report-uri https://api.datadoghq.com/csp-report
      Content-Type:
      - application/json; charset=utf-8
      Date:
      - Fri, 06 Mar 2020 13:10:58 GMT
      Dd-Pool:
      - dogweb
      Pragma:
      - no-cache
      Set-Cookie:
      - DD-PSHARD=233; Max-Age=604800; Path=/; expires=Fri, 13-Mar-2020 13:10:58 GMT;
        secure; HttpOnly
      Strict-Transport-Security:
      - max-age=15724800;
      Vary:
      - Accept-Encoding
      X-Content-Type-Options:
      - nosniff
      X-Dd-Debug:
      - nL/U8Nu7782wU68M7elx8MY/T+2opB0U5/flvjGsH/qXfYEORYWxwdDpQFq78Mxt
      X-Dd-Version:
      - "35.2249222"
      X-Frame-Options:
      - SAMEORIGIN
      X-Ratelimit-Limit:
      - "3000"
      X-Ratelimit-Period:
      - "10"
      X-Ratelimit-Remaining:
      - "2961"
      X-Ratelimit-Reset:
      - "2"
    status: 200 OK
    code: 200
    duration: ""
- request:
    body: ""
    form: {}
    headers:
      User-Agent:
      - Datadog/dev/terraform (go1.13)
    url: https://api.datadoghq.com/api/v1/monitor/16291381
    method: GET
  response:
    body: '{"restricted_roles":null,"tags":[],"deleted":null,"query":"change(min(last_1m),last_5m):sum:org.eclipse.jetty.servlet.ServletContextHandler.5xx_responses{example,framework:chronos}
      + sum:org.eclipse.jetty.servlet.ServletContextHandler.4xx_responses{example,framework:chronos}
      + sum:org.eclipse.jetty.servlet.ServletContextHandler.3xx_responses{example,framework:chronos}
      > 5","message":"a message","id":16291381,"multi":false,"name":"Terraform provider
      datadog complex query example Monitor","created":"2020-03-06T13:10:57.822911+00:00","created_at":1583500257000,"creator":{"id":1445416,"handle":"frog@datadoghq.com","name":null,"email":"frog@datadoghq.com"},"org_id":321813,"modified":"2020-03-06T13:10:57.822911+00:00","overall_state_modified":null,"overall_state":"No
      Data","type":"query alert","options":{"notify_audit":false,"locked":false,"silenced":{},"include_tags":true,"new_host_delay":300,"require_full_window":true,"notify_no_data":false}}'
    headers:
      Cache-Control:
      - no-cache
      Connection:
      - keep-alive
      Content-Security-Policy:
      - frame-ancestors 'self'; report-uri https://api.datadoghq.com/csp-report
      Content-Type:
      - application/json; charset=utf-8
      Date:
      - Fri, 06 Mar 2020 13:10:58 GMT
      Dd-Pool:
      - dogweb
      Pragma:
      - no-cache
      Set-Cookie:
      - DD-PSHARD=233; Max-Age=604800; Path=/; expires=Fri, 13-Mar-2020 13:10:58 GMT;
        secure; HttpOnly
      Strict-Transport-Security:
      - max-age=15724800;
      Vary:
      - Accept-Encoding
      X-Content-Type-Options:
      - nosniff
      X-Dd-Debug:
      - qA85Kiicwd/s93AfT3MSf+l6IYc5FQ6tEbp4Kft/ri41UOumJ967MPQKmz3gwejd
      X-Dd-Version:
      - "35.2249222"
      X-Frame-Options:
      - SAMEORIGIN
      X-Ratelimit-Limit:
      - "3000"
      X-Ratelimit-Period:
      - "10"
      X-Ratelimit-Remaining:
      - "2960"
      X-Ratelimit-Reset:
      - "2"
    status: 200 OK
    code: 200
    duration: ""
- request:
    body: ""
    form: {}
    headers:
      User-Agent:
      - Datadog/dev/terraform (go1.13)
    url: https://api.datadoghq.com/api/v1/monitor/16291381
    method: GET
  response:
    body: '{"restricted_roles":null,"tags":[],"deleted":null,"query":"change(min(last_1m),last_5m):sum:org.eclipse.jetty.servlet.ServletContextHandler.5xx_responses{example,framework:chronos}
      + sum:org.eclipse.jetty.servlet.ServletContextHandler.4xx_responses{example,framework:chronos}
      + sum:org.eclipse.jetty.servlet.ServletContextHandler.3xx_responses{example,framework:chronos}
      > 5","message":"a message","id":16291381,"multi":false,"name":"Terraform provider
      datadog complex query example Monitor","created":"2020-03-06T13:10:57.822911+00:00","created_at":1583500257000,"creator":{"id":1445416,"handle":"frog@datadoghq.com","name":null,"email":"frog@datadoghq.com"},"org_id":321813,"modified":"2020-03-06T13:10:57.822911+00:00","overall_state_modified":null,"overall_state":"No
      Data","type":"query alert","options":{"notify_audit":false,"locked":false,"silenced":{},"include_tags":true,"new_host_delay":300,"require_full_window":true,"notify_no_data":false}}'
    headers:
      Cache-Control:
      - no-cache
      Connection:
      - keep-alive
      Content-Security-Policy:
      - frame-ancestors 'self'; report-uri https://api.datadoghq.com/csp-report
      Content-Type:
      - application/json; charset=utf-8
      Date:
      - Fri, 06 Mar 2020 13:10:58 GMT
      Dd-Pool:
      - dogweb
      Pragma:
      - no-cache
      Set-Cookie:
      - DD-PSHARD=233; Max-Age=604800; Path=/; expires=Fri, 13-Mar-2020 13:10:58 GMT;
        secure; HttpOnly
      Strict-Transport-Security:
      - max-age=15724800;
      Vary:
      - Accept-Encoding
      X-Content-Type-Options:
      - nosniff
      X-Dd-Debug:
      - 562ySu37xnxKxbTr0NFd7oH3+L3JO3D7GcG/Lb1Dr0vgKuyocJBk1SrO7ogLRZuZ
      X-Dd-Version:
      - "35.2249222"
      X-Frame-Options:
      - SAMEORIGIN
      X-Ratelimit-Limit:
      - "3000"
      X-Ratelimit-Period:
      - "10"
      X-Ratelimit-Remaining:
      - "2959"
      X-Ratelimit-Reset:
      - "2"
    status: 200 OK
    code: 200
    duration: ""
- request:
    body: ""
    form: {}
    headers:
      User-Agent:
      - Datadog/dev/terraform (go1.13)
    url: https://api.datadoghq.com/api/v1/monitor/16291381
    method: GET
  response:
    body: '{"restricted_roles":null,"tags":[],"deleted":null,"query":"change(min(last_1m),last_5m):sum:org.eclipse.jetty.servlet.ServletContextHandler.5xx_responses{example,framework:chronos}
      + sum:org.eclipse.jetty.servlet.ServletContextHandler.4xx_responses{example,framework:chronos}
      + sum:org.eclipse.jetty.servlet.ServletContextHandler.3xx_responses{example,framework:chronos}
      > 5","message":"a message","id":16291381,"multi":false,"name":"Terraform provider
      datadog complex query example Monitor","created":"2020-03-06T13:10:57.822911+00:00","created_at":1583500257000,"creator":{"id":1445416,"handle":"frog@datadoghq.com","name":null,"email":"frog@datadoghq.com"},"org_id":321813,"modified":"2020-03-06T13:10:57.822911+00:00","overall_state_modified":null,"overall_state":"No
      Data","type":"query alert","options":{"notify_audit":false,"locked":false,"silenced":{},"include_tags":true,"new_host_delay":300,"require_full_window":true,"notify_no_data":false}}'
    headers:
      Cache-Control:
      - no-cache
      Connection:
      - keep-alive
      Content-Security-Policy:
      - frame-ancestors 'self'; report-uri https://api.datadoghq.com/csp-report
      Content-Type:
      - application/json; charset=utf-8
      Date:
      - Fri, 06 Mar 2020 13:10:58 GMT
      Dd-Pool:
      - dogweb
      Pragma:
      - no-cache
      Set-Cookie:
      - DD-PSHARD=233; Max-Age=604800; Path=/; expires=Fri, 13-Mar-2020 13:10:58 GMT;
        secure; HttpOnly
      Strict-Transport-Security:
      - max-age=15724800;
      Vary:
      - Accept-Encoding
      X-Content-Type-Options:
      - nosniff
      X-Dd-Debug:
      - +6muH0vWWhHE6JfE/xHkdpoFSNgX/+wCvqEMuEDvglDKir3htwvCDYdHi0bPaPF0
      X-Dd-Version:
      - "35.2249222"
      X-Frame-Options:
      - SAMEORIGIN
      X-Ratelimit-Limit:
      - "3000"
      X-Ratelimit-Period:
      - "10"
      X-Ratelimit-Remaining:
      - "2958"
      X-Ratelimit-Reset:
      - "2"
    status: 200 OK
    code: 200
    duration: ""
- request:
    body: ""
    form: {}
    headers:
      User-Agent:
      - Datadog/dev/terraform (go1.13)
    url: https://api.datadoghq.com/api/v1/monitor/16291381
    method: GET
  response:
    body: '{"restricted_roles":null,"tags":[],"deleted":null,"query":"change(min(last_1m),last_5m):sum:org.eclipse.jetty.servlet.ServletContextHandler.5xx_responses{example,framework:chronos}
      + sum:org.eclipse.jetty.servlet.ServletContextHandler.4xx_responses{example,framework:chronos}
      + sum:org.eclipse.jetty.servlet.ServletContextHandler.3xx_responses{example,framework:chronos}
      > 5","message":"a message","id":16291381,"multi":false,"name":"Terraform provider
      datadog complex query example Monitor","created":"2020-03-06T13:10:57.822911+00:00","created_at":1583500257000,"creator":{"id":1445416,"handle":"frog@datadoghq.com","name":null,"email":"frog@datadoghq.com"},"org_id":321813,"modified":"2020-03-06T13:10:57.822911+00:00","overall_state_modified":null,"overall_state":"No
      Data","type":"query alert","options":{"notify_audit":false,"locked":false,"silenced":{},"include_tags":true,"new_host_delay":300,"require_full_window":true,"notify_no_data":false}}'
    headers:
      Cache-Control:
      - no-cache
      Connection:
      - keep-alive
      Content-Security-Policy:
      - frame-ancestors 'self'; report-uri https://api.datadoghq.com/csp-report
      Content-Type:
      - application/json; charset=utf-8
      Date:
      - Fri, 06 Mar 2020 13:10:58 GMT
      Dd-Pool:
      - dogweb
      Pragma:
      - no-cache
      Set-Cookie:
      - DD-PSHARD=233; Max-Age=604800; Path=/; expires=Fri, 13-Mar-2020 13:10:58 GMT;
        secure; HttpOnly
      Strict-Transport-Security:
      - max-age=15724800;
      Vary:
      - Accept-Encoding
      X-Content-Type-Options:
      - nosniff
      X-Dd-Debug:
      - aiFdvD+ESSGWQuLeXGShIAaySBrTSq6aZf+crfPnDVFrMRUU9f0HobLUCBopvakz
      X-Dd-Version:
      - "35.2249222"
      X-Frame-Options:
      - SAMEORIGIN
      X-Ratelimit-Limit:
      - "3000"
      X-Ratelimit-Period:
      - "10"
      X-Ratelimit-Remaining:
      - "2957"
      X-Ratelimit-Reset:
      - "2"
    status: 200 OK
    code: 200
    duration: ""
- request:
    body: ""
    form: {}
    headers:
      User-Agent:
      - Datadog/dev/terraform (go1.13)
    url: https://api.datadoghq.com/api/v1/monitor/16291381
    method: GET
  response:
    body: '{"restricted_roles":null,"tags":[],"deleted":null,"query":"change(min(last_1m),last_5m):sum:org.eclipse.jetty.servlet.ServletContextHandler.5xx_responses{example,framework:chronos}
      + sum:org.eclipse.jetty.servlet.ServletContextHandler.4xx_responses{example,framework:chronos}
      + sum:org.eclipse.jetty.servlet.ServletContextHandler.3xx_responses{example,framework:chronos}
      > 5","message":"a message","id":16291381,"multi":false,"name":"Terraform provider
      datadog complex query example Monitor","created":"2020-03-06T13:10:57.822911+00:00","created_at":1583500257000,"creator":{"id":1445416,"handle":"frog@datadoghq.com","name":null,"email":"frog@datadoghq.com"},"org_id":321813,"modified":"2020-03-06T13:10:57.822911+00:00","overall_state_modified":null,"overall_state":"No
      Data","type":"query alert","options":{"notify_audit":false,"locked":false,"silenced":{},"include_tags":true,"new_host_delay":300,"require_full_window":true,"notify_no_data":false}}'
    headers:
      Cache-Control:
      - no-cache
      Connection:
      - keep-alive
      Content-Security-Policy:
      - frame-ancestors 'self'; report-uri https://api.datadoghq.com/csp-report
      Content-Type:
      - application/json; charset=utf-8
      Date:
      - Fri, 06 Mar 2020 13:10:58 GMT
      Dd-Pool:
      - dogweb
      Pragma:
      - no-cache
      Set-Cookie:
      - DD-PSHARD=233; Max-Age=604800; Path=/; expires=Fri, 13-Mar-2020 13:10:58 GMT;
        secure; HttpOnly
      Strict-Transport-Security:
      - max-age=15724800;
      Vary:
      - Accept-Encoding
      X-Content-Type-Options:
      - nosniff
      X-Dd-Debug:
      - pxuY3ZnSwE+rCP/MLubWk3EuAMlxxciIsQ2EBSRxZafCu9H4+UEVULDCm144bb3W
      X-Dd-Version:
      - "35.2249222"
      X-Frame-Options:
      - SAMEORIGIN
      X-Ratelimit-Limit:
      - "3000"
      X-Ratelimit-Period:
      - "10"
      X-Ratelimit-Remaining:
      - "2956"
      X-Ratelimit-Reset:
      - "2"
    status: 200 OK
    code: 200
    duration: ""
- request:
    body: ""
    form: {}
    headers:
      User-Agent:
      - Datadog/dev/terraform (go1.13)
    url: https://api.datadoghq.com/api/v1/monitor/16291381
    method: DELETE
  response:
    body: '{"deleted_monitor_id":16291381}'
    headers:
      Cache-Control:
      - no-cache
      Connection:
      - keep-alive
      Content-Security-Policy:
      - frame-ancestors 'self'; report-uri https://api.datadoghq.com/csp-report
      Content-Type:
      - application/json; charset=utf-8
      Date:
      - Fri, 06 Mar 2020 13:10:59 GMT
      Dd-Pool:
      - dogweb
      Pragma:
      - no-cache
      Set-Cookie:
      - DD-PSHARD=233; Max-Age=604800; Path=/; expires=Fri, 13-Mar-2020 13:10:58 GMT;
        secure; HttpOnly
      Strict-Transport-Security:
      - max-age=15724800;
      Vary:
      - Accept-Encoding
      X-Content-Type-Options:
      - nosniff
      X-Dd-Debug:
      - A5a5htKhTUF1FdBQZRUZl4RVawKwk2RUtaZz3EDBmdXc0X6i0O7TBEBWn4bIBQ01
      X-Dd-Version:
      - "35.2249222"
      X-Frame-Options:
      - SAMEORIGIN
    status: 200 OK
    code: 200
    duration: ""
- request:
    body: ""
    form: {}
    headers:
      User-Agent:
      - Datadog/dev/terraform (go1.13)
    url: https://api.datadoghq.com/api/v1/monitor/16291381
    method: GET
  response:
    body: '{"errors":["Monitor not found"]}'
    headers:
      Cache-Control:
      - no-cache
      Connection:
      - keep-alive
      Content-Security-Policy:
      - frame-ancestors 'self'; report-uri https://api.datadoghq.com/csp-report
      Content-Type:
      - application/json
      Date:
      - Fri, 06 Mar 2020 13:10:59 GMT
      Dd-Pool:
      - dogweb
      Pragma:
      - no-cache
      Strict-Transport-Security:
      - max-age=15724800;
      Vary:
      - Accept-Encoding
      X-Content-Type-Options:
      - nosniff
      X-Dd-Version:
      - "35.2249222"
      X-Frame-Options:
      - SAMEORIGIN
      X-Ratelimit-Limit:
      - "3000"
      X-Ratelimit-Period:
      - "10"
      X-Ratelimit-Remaining:
      - "2955"
      X-Ratelimit-Reset:
      - "1"
    status: 404 Not Found
    code: 404
    duration: ""
