---
version: 1
interactions:
- request:
    body: '{"type":"log alert","query":"logs(\"service:foo AND type:error\").index(\"main\").rollup(\"count\").last(\"5m\")
      \u003e 2","name":"name for monitor foo","message":"some message Notify: @hipchat-channel","tags":["baz","foo:bar"],"options":{"notify_no_data":false,"renotify_interval":60,"new_host_delay":600,"evaluation_delay":700,"timeout_h":60,"escalation_message":"the
      situation has escalated @pagerduty","thresholds":{"critical":2.0,"warning":1.0},"include_tags":true,"require_full_window":true,"enable_logs_sample":true},"state":{}}'
    form: {}
    headers:
      Content-Type:
      - application/json
      User-Agent:
      - Datadog/dev/terraform (go1.13)
    url: https://api.datadoghq.com/api/v1/monitor
    method: POST
  response:
    body: '{"restricted_roles":null,"tags":["baz","foo:bar"],"deleted":null,"query":"logs(\"service:foo
      AND type:error\").index(\"main\").rollup(\"count\").last(\"5m\") > 2","message":"some
      message Notify: @hipchat-channel","id":16887146,"multi":false,"name":"name for
      monitor foo","created":"2020-03-16T13:05:38.383129+00:00","created_at":1584363938000,"creator":{"id":1445416,"handle":"frog@datadoghq.com","name":null,"email":"frog@datadoghq.com"},"org_id":321813,"modified":"2020-03-16T13:05:38.383129+00:00","overall_state_modified":null,"overall_state":"No
      Data","type":"log alert","options":{"notify_audit":false,"locked":false,"timeout_h":60,"renotify_interval":60,"enable_logs_sample":true,"thresholds":{"critical":2.0,"warning":1.0},"silenced":{},"new_host_delay":600,"require_full_window":true,"notify_no_data":false,"include_tags":true,"evaluation_delay":700,"escalation_message":"the
      situation has escalated @pagerduty"}}'
    headers:
      Cache-Control:
      - no-cache
      Connection:
      - keep-alive
      Content-Security-Policy:
      - frame-ancestors 'self'; report-uri https://api.datadoghq.com/csp-report
      Content-Type:
      - application/json; charset=utf-8
      Date:
      - Mon, 16 Mar 2020 13:05:38 GMT
      Dd-Pool:
      - dogweb
      Pragma:
      - no-cache
      Set-Cookie:
      - DD-PSHARD=233; Max-Age=604800; Path=/; expires=Mon, 23-Mar-2020 13:05:38 GMT;
        secure; HttpOnly
      Strict-Transport-Security:
      - max-age=15724800;
      Vary:
      - Accept-Encoding
      X-Content-Type-Options:
      - nosniff
      X-Dd-Debug:
      - qQjtInIx1/QKXFlq6Yoz4D/caW/S2oJqgJl91CEEpXrlxRmYHcLgIFCRCvW61KAy
      X-Dd-Version:
      - "35.2282030"
      X-Frame-Options:
      - SAMEORIGIN
      X-Ratelimit-Limit:
      - "500"
      X-Ratelimit-Period:
      - "10"
      X-Ratelimit-Remaining:
      - "495"
      X-Ratelimit-Reset:
      - "2"
    status: 200 OK
    code: 200
    duration: ""
- request:
    body: ""
    form: {}
    headers:
      User-Agent:
      - Datadog/dev/terraform (go1.13)
    url: https://api.datadoghq.com/api/v1/monitor/16887146
    method: GET
  response:
    body: '{"restricted_roles":null,"tags":["baz","foo:bar"],"deleted":null,"query":"logs(\"service:foo
      AND type:error\").index(\"main\").rollup(\"count\").last(\"5m\") > 2","message":"some
      message Notify: @hipchat-channel","id":16887146,"multi":false,"name":"name for
      monitor foo","created":"2020-03-16T13:05:38.383129+00:00","created_at":1584363938000,"creator":{"id":1445416,"handle":"frog@datadoghq.com","name":null,"email":"frog@datadoghq.com"},"org_id":321813,"modified":"2020-03-16T13:05:38.383129+00:00","overall_state_modified":null,"overall_state":"No
      Data","type":"log alert","options":{"notify_audit":false,"locked":false,"timeout_h":60,"renotify_interval":60,"enable_logs_sample":true,"thresholds":{"critical":2.0,"warning":1.0},"silenced":{},"new_host_delay":600,"require_full_window":true,"notify_no_data":false,"include_tags":true,"evaluation_delay":700,"escalation_message":"the
      situation has escalated @pagerduty"}}'
    headers:
      Cache-Control:
      - no-cache
      Connection:
      - keep-alive
      Content-Security-Policy:
      - frame-ancestors 'self'; report-uri https://api.datadoghq.com/csp-report
      Content-Type:
      - application/json; charset=utf-8
      Date:
      - Mon, 16 Mar 2020 13:05:38 GMT
      Dd-Pool:
      - dogweb
      Pragma:
      - no-cache
      Set-Cookie:
      - DD-PSHARD=233; Max-Age=604800; Path=/; expires=Mon, 23-Mar-2020 13:05:38 GMT;
        secure; HttpOnly
      Strict-Transport-Security:
      - max-age=15724800;
      Vary:
      - Accept-Encoding
      X-Content-Type-Options:
      - nosniff
      X-Dd-Debug:
      - 7/pC7B9bYAY6HGz006Bg+ZrYGMZFiH1gxYQ0jMSpdzevd2r/Iy3Bkt2FGvLL5qId
      X-Dd-Version:
      - "35.2282030"
      X-Frame-Options:
      - SAMEORIGIN
      X-Ratelimit-Limit:
      - "3000"
      X-Ratelimit-Period:
      - "10"
      X-Ratelimit-Remaining:
      - "2965"
      X-Ratelimit-Reset:
      - "2"
    status: 200 OK
    code: 200
    duration: ""
- request:
    body: ""
    form: {}
    headers:
      User-Agent:
      - Datadog/dev/terraform (go1.13)
    url: https://api.datadoghq.com/api/v1/monitor/16887146
    method: GET
  response:
    body: '{"restricted_roles":null,"tags":["baz","foo:bar"],"deleted":null,"query":"logs(\"service:foo
      AND type:error\").index(\"main\").rollup(\"count\").last(\"5m\") > 2","message":"some
      message Notify: @hipchat-channel","id":16887146,"multi":false,"name":"name for
      monitor foo","created":"2020-03-16T13:05:38.383129+00:00","created_at":1584363938000,"creator":{"id":1445416,"handle":"frog@datadoghq.com","name":null,"email":"frog@datadoghq.com"},"org_id":321813,"modified":"2020-03-16T13:05:38.383129+00:00","overall_state_modified":null,"overall_state":"No
      Data","type":"log alert","options":{"notify_audit":false,"locked":false,"timeout_h":60,"renotify_interval":60,"enable_logs_sample":true,"thresholds":{"critical":2.0,"warning":1.0},"silenced":{},"new_host_delay":600,"require_full_window":true,"notify_no_data":false,"include_tags":true,"evaluation_delay":700,"escalation_message":"the
      situation has escalated @pagerduty"}}'
    headers:
      Cache-Control:
      - no-cache
      Connection:
      - keep-alive
      Content-Security-Policy:
      - frame-ancestors 'self'; report-uri https://api.datadoghq.com/csp-report
      Content-Type:
      - application/json; charset=utf-8
      Date:
      - Mon, 16 Mar 2020 13:05:38 GMT
      Dd-Pool:
      - dogweb
      Pragma:
      - no-cache
      Set-Cookie:
      - DD-PSHARD=233; Max-Age=604800; Path=/; expires=Mon, 23-Mar-2020 13:05:38 GMT;
        secure; HttpOnly
      Strict-Transport-Security:
      - max-age=15724800;
      Vary:
      - Accept-Encoding
      X-Content-Type-Options:
      - nosniff
      X-Dd-Debug:
      - lyzq/AwBoYy31tqkvQ8mzBugAZOys447o2yCYdRfm1oPuJTtZy0Uz+ukzrgaZfIT
      X-Dd-Version:
      - "35.2282030"
      X-Frame-Options:
      - SAMEORIGIN
      X-Ratelimit-Limit:
      - "3000"
      X-Ratelimit-Period:
      - "10"
      X-Ratelimit-Remaining:
      - "2964"
      X-Ratelimit-Reset:
      - "2"
    status: 200 OK
    code: 200
    duration: ""
- request:
    body: ""
    form: {}
    headers:
      User-Agent:
      - Datadog/dev/terraform (go1.13)
    url: https://api.datadoghq.com/api/v1/monitor/16887146
    method: GET
  response:
    body: '{"restricted_roles":null,"tags":["baz","foo:bar"],"deleted":null,"query":"logs(\"service:foo
      AND type:error\").index(\"main\").rollup(\"count\").last(\"5m\") > 2","message":"some
      message Notify: @hipchat-channel","id":16887146,"multi":false,"name":"name for
      monitor foo","created":"2020-03-16T13:05:38.383129+00:00","created_at":1584363938000,"creator":{"id":1445416,"handle":"frog@datadoghq.com","name":null,"email":"frog@datadoghq.com"},"org_id":321813,"modified":"2020-03-16T13:05:38.383129+00:00","overall_state_modified":null,"overall_state":"No
      Data","type":"log alert","options":{"notify_audit":false,"locked":false,"timeout_h":60,"renotify_interval":60,"enable_logs_sample":true,"thresholds":{"critical":2.0,"warning":1.0},"silenced":{},"new_host_delay":600,"require_full_window":true,"notify_no_data":false,"include_tags":true,"evaluation_delay":700,"escalation_message":"the
      situation has escalated @pagerduty"}}'
    headers:
      Cache-Control:
      - no-cache
      Connection:
      - keep-alive
      Content-Security-Policy:
      - frame-ancestors 'self'; report-uri https://api.datadoghq.com/csp-report
      Content-Type:
      - application/json; charset=utf-8
      Date:
      - Mon, 16 Mar 2020 13:05:38 GMT
      Dd-Pool:
      - dogweb
      Pragma:
      - no-cache
      Set-Cookie:
      - DD-PSHARD=233; Max-Age=604800; Path=/; expires=Mon, 23-Mar-2020 13:05:38 GMT;
        secure; HttpOnly
      Strict-Transport-Security:
      - max-age=15724800;
      Vary:
      - Accept-Encoding
      X-Content-Type-Options:
      - nosniff
      X-Dd-Debug:
      - cQFL4MaIw90DmTTH7z4Gqhr8PBtz47vyzddN9k7nXjUK2yrLiBjbdIgydUT8r1ut
      X-Dd-Version:
      - "35.2282030"
      X-Frame-Options:
      - SAMEORIGIN
      X-Ratelimit-Limit:
      - "3000"
      X-Ratelimit-Period:
      - "10"
      X-Ratelimit-Remaining:
      - "2963"
      X-Ratelimit-Reset:
      - "2"
    status: 200 OK
    code: 200
    duration: ""
- request:
    body: ""
    form: {}
    headers:
      User-Agent:
      - Datadog/dev/terraform (go1.13)
    url: https://api.datadoghq.com/api/v1/monitor/16887146
    method: GET
  response:
    body: '{"restricted_roles":null,"tags":["baz","foo:bar"],"deleted":null,"query":"logs(\"service:foo
      AND type:error\").index(\"main\").rollup(\"count\").last(\"5m\") > 2","message":"some
      message Notify: @hipchat-channel","id":16887146,"multi":false,"name":"name for
      monitor foo","created":"2020-03-16T13:05:38.383129+00:00","created_at":1584363938000,"creator":{"id":1445416,"handle":"frog@datadoghq.com","name":null,"email":"frog@datadoghq.com"},"org_id":321813,"modified":"2020-03-16T13:05:38.383129+00:00","overall_state_modified":null,"overall_state":"No
      Data","type":"log alert","options":{"notify_audit":false,"locked":false,"timeout_h":60,"renotify_interval":60,"enable_logs_sample":true,"thresholds":{"critical":2.0,"warning":1.0},"silenced":{},"new_host_delay":600,"require_full_window":true,"notify_no_data":false,"include_tags":true,"evaluation_delay":700,"escalation_message":"the
      situation has escalated @pagerduty"}}'
    headers:
      Cache-Control:
      - no-cache
      Connection:
      - keep-alive
      Content-Security-Policy:
      - frame-ancestors 'self'; report-uri https://api.datadoghq.com/csp-report
      Content-Type:
      - application/json; charset=utf-8
      Date:
      - Mon, 16 Mar 2020 13:05:39 GMT
      Dd-Pool:
      - dogweb
      Pragma:
      - no-cache
      Set-Cookie:
      - DD-PSHARD=233; Max-Age=604800; Path=/; expires=Mon, 23-Mar-2020 13:05:39 GMT;
        secure; HttpOnly
      Strict-Transport-Security:
      - max-age=15724800;
      Vary:
      - Accept-Encoding
      X-Content-Type-Options:
      - nosniff
      X-Dd-Debug:
      - o8MFmk+4Ge4vq85ax+5C1nfQs0lbtaPPYZrpqzeG6IsYGNLGMu/G7PbJElpjPS5i
      X-Dd-Version:
      - "35.2282030"
      X-Frame-Options:
      - SAMEORIGIN
      X-Ratelimit-Limit:
      - "3000"
      X-Ratelimit-Period:
      - "10"
      X-Ratelimit-Remaining:
      - "2962"
      X-Ratelimit-Reset:
      - "1"
    status: 200 OK
    code: 200
    duration: ""
- request:
    body: ""
    form: {}
    headers:
      User-Agent:
      - Datadog/dev/terraform (go1.13)
    url: https://api.datadoghq.com/api/v1/monitor/16887146
    method: GET
  response:
    body: '{"restricted_roles":null,"tags":["baz","foo:bar"],"deleted":null,"query":"logs(\"service:foo
      AND type:error\").index(\"main\").rollup(\"count\").last(\"5m\") > 2","message":"some
      message Notify: @hipchat-channel","id":16887146,"multi":false,"name":"name for
      monitor foo","created":"2020-03-16T13:05:38.383129+00:00","created_at":1584363938000,"creator":{"id":1445416,"handle":"frog@datadoghq.com","name":null,"email":"frog@datadoghq.com"},"org_id":321813,"modified":"2020-03-16T13:05:38.383129+00:00","overall_state_modified":null,"overall_state":"No
      Data","type":"log alert","options":{"notify_audit":false,"locked":false,"timeout_h":60,"renotify_interval":60,"enable_logs_sample":true,"thresholds":{"critical":2.0,"warning":1.0},"silenced":{},"new_host_delay":600,"require_full_window":true,"notify_no_data":false,"include_tags":true,"evaluation_delay":700,"escalation_message":"the
      situation has escalated @pagerduty"}}'
    headers:
      Cache-Control:
      - no-cache
      Connection:
      - keep-alive
      Content-Security-Policy:
      - frame-ancestors 'self'; report-uri https://api.datadoghq.com/csp-report
      Content-Type:
      - application/json; charset=utf-8
      Date:
      - Mon, 16 Mar 2020 13:05:39 GMT
      Dd-Pool:
      - dogweb
      Pragma:
      - no-cache
      Set-Cookie:
      - DD-PSHARD=233; Max-Age=604800; Path=/; expires=Mon, 23-Mar-2020 13:05:39 GMT;
        secure; HttpOnly
      Strict-Transport-Security:
      - max-age=15724800;
      Vary:
      - Accept-Encoding
      X-Content-Type-Options:
      - nosniff
      X-Dd-Debug:
      - oiF9oLqSEnBWpAh9z89c+Ruy9xKAqrdZzQPjGsNOxlGQNWaw3sCTSoKaMkMdPunL
      X-Dd-Version:
      - "35.2282030"
      X-Frame-Options:
      - SAMEORIGIN
      X-Ratelimit-Limit:
      - "3000"
      X-Ratelimit-Period:
      - "10"
      X-Ratelimit-Remaining:
      - "2961"
      X-Ratelimit-Reset:
      - "1"
    status: 200 OK
    code: 200
    duration: ""
- request:
    body: ""
    form: {}
    headers:
      User-Agent:
      - Datadog/dev/terraform (go1.13)
    url: https://api.datadoghq.com/api/v1/monitor/16887146
    method: GET
  response:
    body: '{"restricted_roles":null,"tags":["baz","foo:bar"],"deleted":null,"query":"logs(\"service:foo
      AND type:error\").index(\"main\").rollup(\"count\").last(\"5m\") > 2","message":"some
      message Notify: @hipchat-channel","id":16887146,"multi":false,"name":"name for
      monitor foo","created":"2020-03-16T13:05:38.383129+00:00","created_at":1584363938000,"creator":{"id":1445416,"handle":"frog@datadoghq.com","name":null,"email":"frog@datadoghq.com"},"org_id":321813,"modified":"2020-03-16T13:05:38.383129+00:00","overall_state_modified":null,"overall_state":"No
      Data","type":"log alert","options":{"notify_audit":false,"locked":false,"timeout_h":60,"renotify_interval":60,"enable_logs_sample":true,"thresholds":{"critical":2.0,"warning":1.0},"silenced":{},"new_host_delay":600,"require_full_window":true,"notify_no_data":false,"include_tags":true,"evaluation_delay":700,"escalation_message":"the
      situation has escalated @pagerduty"}}'
    headers:
      Cache-Control:
      - no-cache
      Connection:
      - keep-alive
      Content-Security-Policy:
      - frame-ancestors 'self'; report-uri https://api.datadoghq.com/csp-report
      Content-Type:
      - application/json; charset=utf-8
      Date:
      - Mon, 16 Mar 2020 13:05:39 GMT
      Dd-Pool:
      - dogweb
      Pragma:
      - no-cache
      Set-Cookie:
      - DD-PSHARD=233; Max-Age=604800; Path=/; expires=Mon, 23-Mar-2020 13:05:39 GMT;
        secure; HttpOnly
      Strict-Transport-Security:
      - max-age=15724800;
      Vary:
      - Accept-Encoding
      X-Content-Type-Options:
      - nosniff
      X-Dd-Debug:
      - 1bzfAqb/6TIngEeU7r7YcGGp2+NaI+ne9J3bzgQrdB0qTrgVrMtd4iKXr1zCNOHr
      X-Dd-Version:
      - "35.2282030"
      X-Frame-Options:
      - SAMEORIGIN
      X-Ratelimit-Limit:
      - "3000"
      X-Ratelimit-Period:
      - "10"
      X-Ratelimit-Remaining:
      - "2960"
      X-Ratelimit-Reset:
      - "1"
    status: 200 OK
    code: 200
    duration: ""
- request:
    body: ""
    form: {}
    headers:
      User-Agent:
      - Datadog/dev/terraform (go1.13)
    url: https://api.datadoghq.com/api/v1/monitor/16887146
    method: DELETE
  response:
    body: '{"deleted_monitor_id":16887146}'
    headers:
      Cache-Control:
      - no-cache
      Connection:
      - keep-alive
      Content-Security-Policy:
      - frame-ancestors 'self'; report-uri https://api.datadoghq.com/csp-report
      Content-Type:
      - application/json; charset=utf-8
      Date:
      - Mon, 16 Mar 2020 13:05:39 GMT
      Dd-Pool:
      - dogweb
      Pragma:
      - no-cache
      Set-Cookie:
      - DD-PSHARD=233; Max-Age=604800; Path=/; expires=Mon, 23-Mar-2020 13:05:39 GMT;
        secure; HttpOnly
      Strict-Transport-Security:
      - max-age=15724800;
      Vary:
      - Accept-Encoding
      X-Content-Type-Options:
      - nosniff
      X-Dd-Debug:
      - PmDXJXCpOnq24qtagNCLPTUoILSRgi3DGaXUca70kUEAM8DZBLYkwSVilYSYEHCG
      X-Dd-Version:
      - "35.2282030"
      X-Frame-Options:
      - SAMEORIGIN
    status: 200 OK
    code: 200
    duration: ""
- request:
    body: ""
    form: {}
    headers:
      User-Agent:
      - Datadog/dev/terraform (go1.13)
    url: https://api.datadoghq.com/api/v1/monitor/16887146
    method: GET
  response:
    body: '{"errors":["Monitor not found"]}'
    headers:
      Cache-Control:
      - no-cache
      Connection:
      - keep-alive
      Content-Security-Policy:
      - frame-ancestors 'self'; report-uri https://api.datadoghq.com/csp-report
      Content-Type:
      - application/json
      Date:
      - Mon, 16 Mar 2020 13:05:39 GMT
      Dd-Pool:
      - dogweb
      Pragma:
      - no-cache
      Strict-Transport-Security:
      - max-age=15724800;
      Vary:
      - Accept-Encoding
      X-Content-Type-Options:
      - nosniff
      X-Dd-Version:
      - "35.2282030"
      X-Frame-Options:
      - SAMEORIGIN
      X-Ratelimit-Limit:
      - "3000"
      X-Ratelimit-Period:
      - "10"
      X-Ratelimit-Remaining:
      - "2959"
      X-Ratelimit-Reset:
      - "1"
    status: 404 Not Found
    code: 404
    duration: ""
