---
version: 1
interactions:
- request:
    body: |
      {"description":"Created using the Datadog provider in Terraform","id":"","is_read_only":true,"layout_type":"ordered","notify_list":[],"template_variable_presets":[],"template_variables":[],"title":"tf-TestAccDatadogDashboardHostMap_import-local-1596529552","widgets":[{"definition":{"group":["region"],"no_group_hosts":true,"no_metric_hosts":true,"node_type":"host","requests":{"fill":{"q":"avg:system.cpu.idle{env:prod} by {host}"},"size":{"q":"max:system.cpu.user{env:prod} by {host}"}},"scope":["env:prod"],"style":{"fill_max":"30","fill_min":"10","palette":"YlOrRd","palette_flip":true},"title":"system.cpu.idle, system.cpu.user","title_align":"right","title_size":"16","type":"hostmap"}}]}
    form: {}
    headers:
      Accept:
      - application/json
      Content-Type:
      - application/json
      Dd-Operation-Id:
      - CreateDashboard
      User-Agent:
      - terraform-provider-datadog/dev (terraform 1.10.0; terraform-cli ) datadog-api-client-go/1.0.0-beta.8+dev
        (go go1.14.4; os darwin; arch amd64)
      X-Datadog-Parent-Id:
      - "8722532973481386786"
      X-Datadog-Sampling-Priority:
      - "1"
      X-Datadog-Trace-Id:
      - "5460732640319996477"
    url: https://api.datadoghq.com/api/v1/dashboard
    method: POST
  response:
    body: '{"notify_list":[],"description":"Created using the Datadog provider in
      Terraform","author_name":"Slavek Kabrda","template_variable_presets":[],"template_variables":[],"is_read_only":true,"id":"idy-xxb-ps4","title":"tf-TestAccDatadogDashboardHostMap_import-local-1596529552","url":"/dashboard/idy-xxb-ps4/tf-testaccdatadogdashboardhostmapimport-local-1596529552","created_at":"2020-08-04T08:27:29.995908+00:00","modified_at":"2020-08-04T08:27:29.995908+00:00","author_handle":"slavek.kabrda@datadoghq.com","widgets":[{"definition":{"style":{"fill_min":"10","fill_max":"30","palette":"YlOrRd","palette_flip":true},"group":["region"],"title":"system.cpu.idle,
      system.cpu.user","title_align":"right","node_type":"host","no_metric_hosts":true,"title_size":"16","requests":{"size":{"q":"max:system.cpu.user{env:prod}
      by {host}"},"fill":{"q":"avg:system.cpu.idle{env:prod} by {host}"}},"no_group_hosts":true,"type":"hostmap","scope":["env:prod"]},"id":4509115058631471}],"layout_type":"ordered"}'
    headers:
      Cache-Control:
      - no-cache
      Connection:
      - keep-alive
      Content-Security-Policy:
      - frame-ancestors 'self'; report-uri https://api.datadoghq.com/csp-report
      Content-Type:
      - application/json
      Date:
      - Tue, 04 Aug 2020 08:27:30 GMT
      Dd-Pool:
      - dogweb
      Pragma:
      - no-cache
      Set-Cookie:
      - DD-PSHARD=233; Max-Age=604800; Path=/; expires=Tue, 11-Aug-2020 08:27:29 GMT;
        secure; HttpOnly
      Strict-Transport-Security:
      - max-age=15724800;
      Vary:
      - Accept-Encoding
      X-Content-Type-Options:
      - nosniff
      X-Dd-Debug:
      - TgvTZJVR9dSgWy7VpnTS9CSjPc//LY/ZavlFOijm8MvrHh32ShfxeiEOiDlrzwkJ
      X-Dd-Version:
      - "35.2828800"
      X-Frame-Options:
      - SAMEORIGIN
    status: 200 OK
    code: 200
    duration: ""
- request:
    body: ""
    form: {}
    headers:
      Accept:
      - application/json
      Dd-Operation-Id:
      - GetDashboard
      User-Agent:
      - terraform-provider-datadog/dev (terraform 1.10.0; terraform-cli ) datadog-api-client-go/1.0.0-beta.8+dev
        (go go1.14.4; os darwin; arch amd64)
      X-Datadog-Parent-Id:
      - "8905699204345353045"
      X-Datadog-Sampling-Priority:
      - "1"
      X-Datadog-Trace-Id:
      - "5460732640319996477"
    url: https://api.datadoghq.com/api/v1/dashboard/idy-xxb-ps4
    method: GET
  response:
    body: '{"notify_list":[],"description":"Created using the Datadog provider in
      Terraform","author_name":"Slavek Kabrda","template_variable_presets":[],"template_variables":[],"is_read_only":true,"id":"idy-xxb-ps4","title":"tf-TestAccDatadogDashboardHostMap_import-local-1596529552","url":"/dashboard/idy-xxb-ps4/tf-testaccdatadogdashboardhostmapimport-local-1596529552","created_at":"2020-08-04T08:27:29.995908+00:00","modified_at":"2020-08-04T08:27:29.995908+00:00","author_handle":"slavek.kabrda@datadoghq.com","widgets":[{"definition":{"style":{"fill_min":"10","fill_max":"30","palette":"YlOrRd","palette_flip":true},"group":["region"],"title":"system.cpu.idle,
      system.cpu.user","title_align":"right","node_type":"host","no_metric_hosts":true,"title_size":"16","requests":{"size":{"q":"max:system.cpu.user{env:prod}
      by {host}"},"fill":{"q":"avg:system.cpu.idle{env:prod} by {host}"}},"no_group_hosts":true,"type":"hostmap","scope":["env:prod"]},"id":4509115058631471}],"layout_type":"ordered"}'
    headers:
      Cache-Control:
      - no-cache
      Connection:
      - keep-alive
      Content-Security-Policy:
      - frame-ancestors 'self'; report-uri https://api.datadoghq.com/csp-report
      Content-Type:
      - application/json
      Date:
      - Tue, 04 Aug 2020 08:27:30 GMT
      Dd-Pool:
      - dogweb
      Pragma:
      - no-cache
      Set-Cookie:
      - DD-PSHARD=233; Max-Age=604800; Path=/; expires=Tue, 11-Aug-2020 08:27:30 GMT;
        secure; HttpOnly
      Strict-Transport-Security:
      - max-age=15724800;
      Vary:
      - Accept-Encoding
      X-Content-Type-Options:
      - nosniff
      X-Dd-Debug:
      - 8SRiUWbXROhxbt2qTQIHI0/ItB0astmOk0SdLblSP1dc2sgzXOkFLy1C59PpfWH3
      X-Dd-Version:
      - "35.2828800"
      X-Frame-Options:
      - SAMEORIGIN
    status: 200 OK
    code: 200
    duration: ""
- request:
    body: ""
    form: {}
    headers:
      Accept:
      - application/json
      Dd-Operation-Id:
      - GetDashboard
      User-Agent:
      - terraform-provider-datadog/dev (terraform 1.10.0; terraform-cli ) datadog-api-client-go/1.0.0-beta.8+dev
        (go go1.14.4; os darwin; arch amd64)
      X-Datadog-Parent-Id:
      - "1564373161023404864"
      X-Datadog-Sampling-Priority:
      - "1"
      X-Datadog-Trace-Id:
      - "5460732640319996477"
    url: https://api.datadoghq.com/api/v1/dashboard/idy-xxb-ps4
    method: GET
  response:
    body: '{"notify_list":[],"description":"Created using the Datadog provider in
      Terraform","author_name":"Slavek Kabrda","template_variable_presets":[],"template_variables":[],"is_read_only":true,"id":"idy-xxb-ps4","title":"tf-TestAccDatadogDashboardHostMap_import-local-1596529552","url":"/dashboard/idy-xxb-ps4/tf-testaccdatadogdashboardhostmapimport-local-1596529552","created_at":"2020-08-04T08:27:29.995908+00:00","modified_at":"2020-08-04T08:27:29.995908+00:00","author_handle":"slavek.kabrda@datadoghq.com","widgets":[{"definition":{"style":{"fill_min":"10","fill_max":"30","palette":"YlOrRd","palette_flip":true},"group":["region"],"title":"system.cpu.idle,
      system.cpu.user","title_align":"right","node_type":"host","no_metric_hosts":true,"title_size":"16","requests":{"size":{"q":"max:system.cpu.user{env:prod}
      by {host}"},"fill":{"q":"avg:system.cpu.idle{env:prod} by {host}"}},"no_group_hosts":true,"type":"hostmap","scope":["env:prod"]},"id":4509115058631471}],"layout_type":"ordered"}'
    headers:
      Cache-Control:
      - no-cache
      Connection:
      - keep-alive
      Content-Security-Policy:
      - frame-ancestors 'self'; report-uri https://api.datadoghq.com/csp-report
      Content-Type:
      - application/json
      Date:
      - Tue, 04 Aug 2020 08:27:34 GMT
      Dd-Pool:
      - dogweb
      Pragma:
      - no-cache
      Set-Cookie:
      - DD-PSHARD=233; Max-Age=604800; Path=/; expires=Tue, 11-Aug-2020 08:27:34 GMT;
        secure; HttpOnly
      Strict-Transport-Security:
      - max-age=15724800;
      Vary:
      - Accept-Encoding
      X-Content-Type-Options:
      - nosniff
      X-Dd-Debug:
      - KS3mOmsZEqNaXFFxrc9575IrDeph+5yZgdfMIiK9dnbV/AUx4S3FeUfwj3n4xicv
      X-Dd-Version:
      - "35.2828800"
      X-Frame-Options:
      - SAMEORIGIN
    status: 200 OK
    code: 200
    duration: ""
- request:
    body: ""
    form: {}
    headers:
      Accept:
      - application/json
      Dd-Operation-Id:
      - GetDashboard
      User-Agent:
      - terraform-provider-datadog/dev (terraform 1.10.0; terraform-cli ) datadog-api-client-go/1.0.0-beta.8+dev
        (go go1.14.4; os darwin; arch amd64)
      X-Datadog-Parent-Id:
      - "5358119124690867516"
      X-Datadog-Sampling-Priority:
      - "1"
      X-Datadog-Trace-Id:
      - "5460732640319996477"
    url: https://api.datadoghq.com/api/v1/dashboard/idy-xxb-ps4
    method: GET
  response:
    body: '{"notify_list":[],"description":"Created using the Datadog provider in
      Terraform","author_name":"Slavek Kabrda","template_variable_presets":[],"template_variables":[],"is_read_only":true,"id":"idy-xxb-ps4","title":"tf-TestAccDatadogDashboardHostMap_import-local-1596529552","url":"/dashboard/idy-xxb-ps4/tf-testaccdatadogdashboardhostmapimport-local-1596529552","created_at":"2020-08-04T08:27:29.995908+00:00","modified_at":"2020-08-04T08:27:29.995908+00:00","author_handle":"slavek.kabrda@datadoghq.com","widgets":[{"definition":{"style":{"fill_min":"10","fill_max":"30","palette":"YlOrRd","palette_flip":true},"group":["region"],"title":"system.cpu.idle,
      system.cpu.user","title_align":"right","node_type":"host","no_metric_hosts":true,"title_size":"16","requests":{"size":{"q":"max:system.cpu.user{env:prod}
      by {host}"},"fill":{"q":"avg:system.cpu.idle{env:prod} by {host}"}},"no_group_hosts":true,"type":"hostmap","scope":["env:prod"]},"id":4509115058631471}],"layout_type":"ordered"}'
    headers:
      Cache-Control:
      - no-cache
      Connection:
      - keep-alive
      Content-Security-Policy:
      - frame-ancestors 'self'; report-uri https://api.datadoghq.com/csp-report
      Content-Type:
      - application/json
      Date:
      - Tue, 04 Aug 2020 08:27:34 GMT
      Dd-Pool:
      - dogweb
      Pragma:
      - no-cache
      Set-Cookie:
      - DD-PSHARD=233; Max-Age=604800; Path=/; expires=Tue, 11-Aug-2020 08:27:34 GMT;
        secure; HttpOnly
      Strict-Transport-Security:
      - max-age=15724800;
      Vary:
      - Accept-Encoding
      X-Content-Type-Options:
      - nosniff
      X-Dd-Debug:
      - TOtKzjcFnET4a4zBme/lEsG3kk0N/8Ic2TQHGUz/sgr0zngQpKfdgygZkRthgdCy
      X-Dd-Version:
      - "35.2828800"
      X-Frame-Options:
      - SAMEORIGIN
    status: 200 OK
    code: 200
    duration: ""
- request:
    body: ""
    form: {}
    headers:
      Accept:
      - application/json
      Dd-Operation-Id:
      - GetDashboard
      User-Agent:
      - terraform-provider-datadog/dev (terraform 1.10.0; terraform-cli ) datadog-api-client-go/1.0.0-beta.8+dev
        (go go1.14.4; os darwin; arch amd64)
      X-Datadog-Parent-Id:
      - "4129078153535236791"
      X-Datadog-Sampling-Priority:
      - "1"
      X-Datadog-Trace-Id:
      - "5460732640319996477"
    url: https://api.datadoghq.com/api/v1/dashboard/idy-xxb-ps4
    method: GET
  response:
    body: '{"notify_list":[],"description":"Created using the Datadog provider in
      Terraform","author_name":"Slavek Kabrda","template_variable_presets":[],"template_variables":[],"is_read_only":true,"id":"idy-xxb-ps4","title":"tf-TestAccDatadogDashboardHostMap_import-local-1596529552","url":"/dashboard/idy-xxb-ps4/tf-testaccdatadogdashboardhostmapimport-local-1596529552","created_at":"2020-08-04T08:27:29.995908+00:00","modified_at":"2020-08-04T08:27:29.995908+00:00","author_handle":"slavek.kabrda@datadoghq.com","widgets":[{"definition":{"style":{"fill_min":"10","fill_max":"30","palette":"YlOrRd","palette_flip":true},"group":["region"],"title":"system.cpu.idle,
      system.cpu.user","title_align":"right","node_type":"host","no_metric_hosts":true,"title_size":"16","requests":{"size":{"q":"max:system.cpu.user{env:prod}
      by {host}"},"fill":{"q":"avg:system.cpu.idle{env:prod} by {host}"}},"no_group_hosts":true,"type":"hostmap","scope":["env:prod"]},"id":4509115058631471}],"layout_type":"ordered"}'
    headers:
      Cache-Control:
      - no-cache
      Connection:
      - keep-alive
      Content-Security-Policy:
      - frame-ancestors 'self'; report-uri https://api.datadoghq.com/csp-report
      Content-Type:
      - application/json
      Date:
      - Tue, 04 Aug 2020 08:27:43 GMT
      Dd-Pool:
      - dogweb
      Pragma:
      - no-cache
      Set-Cookie:
      - DD-PSHARD=233; Max-Age=604800; Path=/; expires=Tue, 11-Aug-2020 08:27:43 GMT;
        secure; HttpOnly
      Strict-Transport-Security:
      - max-age=15724800;
      Vary:
      - Accept-Encoding
      X-Content-Type-Options:
      - nosniff
      X-Dd-Debug:
      - uRbJtuTOGtueas7+OhbihfypK3mK4jqJSTKP8D5+uG+ZLBV+6pKI8RWWGZlEXOzB
      X-Dd-Version:
      - "35.2828800"
      X-Frame-Options:
      - SAMEORIGIN
    status: 200 OK
    code: 200
    duration: ""
- request:
    body: ""
    form: {}
    headers:
      Accept:
      - application/json
      Dd-Operation-Id:
      - GetDashboard
      User-Agent:
      - terraform-provider-datadog/dev (terraform 1.10.0; terraform-cli ) datadog-api-client-go/1.0.0-beta.8+dev
        (go go1.14.4; os darwin; arch amd64)
      X-Datadog-Parent-Id:
      - "6374743209370422799"
      X-Datadog-Sampling-Priority:
      - "1"
      X-Datadog-Trace-Id:
      - "5460732640319996477"
    url: https://api.datadoghq.com/api/v1/dashboard/idy-xxb-ps4
    method: GET
  response:
    body: '{"notify_list":[],"description":"Created using the Datadog provider in
      Terraform","author_name":"Slavek Kabrda","template_variable_presets":[],"template_variables":[],"is_read_only":true,"id":"idy-xxb-ps4","title":"tf-TestAccDatadogDashboardHostMap_import-local-1596529552","url":"/dashboard/idy-xxb-ps4/tf-testaccdatadogdashboardhostmapimport-local-1596529552","created_at":"2020-08-04T08:27:29.995908+00:00","modified_at":"2020-08-04T08:27:29.995908+00:00","author_handle":"slavek.kabrda@datadoghq.com","widgets":[{"definition":{"style":{"fill_min":"10","fill_max":"30","palette":"YlOrRd","palette_flip":true},"group":["region"],"title":"system.cpu.idle,
      system.cpu.user","title_align":"right","node_type":"host","no_metric_hosts":true,"title_size":"16","requests":{"size":{"q":"max:system.cpu.user{env:prod}
      by {host}"},"fill":{"q":"avg:system.cpu.idle{env:prod} by {host}"}},"no_group_hosts":true,"type":"hostmap","scope":["env:prod"]},"id":4509115058631471}],"layout_type":"ordered"}'
    headers:
      Cache-Control:
      - no-cache
      Connection:
      - keep-alive
      Content-Security-Policy:
      - frame-ancestors 'self'; report-uri https://api.datadoghq.com/csp-report
      Content-Type:
      - application/json
      Date:
      - Tue, 04 Aug 2020 08:27:46 GMT
      Dd-Pool:
      - dogweb
      Pragma:
      - no-cache
      Set-Cookie:
      - DD-PSHARD=233; Max-Age=604800; Path=/; expires=Tue, 11-Aug-2020 08:27:46 GMT;
        secure; HttpOnly
      Strict-Transport-Security:
      - max-age=15724800;
      Vary:
      - Accept-Encoding
      X-Content-Type-Options:
      - nosniff
      X-Dd-Debug:
      - p4NmCafosmibz8IWdrnaytb4VFg52vrRAwg7ZpVpA960oaVmtBmDKqK2J4VV/O6l
      X-Dd-Version:
      - "35.2828800"
      X-Frame-Options:
      - SAMEORIGIN
    status: 200 OK
    code: 200
    duration: ""
- request:
    body: ""
    form: {}
    headers:
      Accept:
      - application/json
      Dd-Operation-Id:
      - GetDashboard
      User-Agent:
      - terraform-provider-datadog/dev (terraform 1.10.0; terraform-cli ) datadog-api-client-go/1.0.0-beta.8+dev
        (go go1.14.4; os darwin; arch amd64)
      X-Datadog-Parent-Id:
      - "6240353223360380575"
      X-Datadog-Sampling-Priority:
      - "1"
      X-Datadog-Trace-Id:
      - "5460732640319996477"
    url: https://api.datadoghq.com/api/v1/dashboard/idy-xxb-ps4
    method: GET
  response:
    body: '{"notify_list":[],"description":"Created using the Datadog provider in
      Terraform","author_name":"Slavek Kabrda","template_variable_presets":[],"template_variables":[],"is_read_only":true,"id":"idy-xxb-ps4","title":"tf-TestAccDatadogDashboardHostMap_import-local-1596529552","url":"/dashboard/idy-xxb-ps4/tf-testaccdatadogdashboardhostmapimport-local-1596529552","created_at":"2020-08-04T08:27:29.995908+00:00","modified_at":"2020-08-04T08:27:29.995908+00:00","author_handle":"slavek.kabrda@datadoghq.com","widgets":[{"definition":{"style":{"fill_min":"10","fill_max":"30","palette":"YlOrRd","palette_flip":true},"group":["region"],"title":"system.cpu.idle,
      system.cpu.user","title_align":"right","node_type":"host","no_metric_hosts":true,"title_size":"16","requests":{"size":{"q":"max:system.cpu.user{env:prod}
      by {host}"},"fill":{"q":"avg:system.cpu.idle{env:prod} by {host}"}},"no_group_hosts":true,"type":"hostmap","scope":["env:prod"]},"id":4509115058631471}],"layout_type":"ordered"}'
    headers:
      Cache-Control:
      - no-cache
      Connection:
      - keep-alive
      Content-Security-Policy:
      - frame-ancestors 'self'; report-uri https://api.datadoghq.com/csp-report
      Content-Type:
      - application/json
      Date:
      - Tue, 04 Aug 2020 08:27:46 GMT
      Dd-Pool:
      - dogweb
      Pragma:
      - no-cache
      Set-Cookie:
      - DD-PSHARD=233; Max-Age=604800; Path=/; expires=Tue, 11-Aug-2020 08:27:46 GMT;
        secure; HttpOnly
      Strict-Transport-Security:
      - max-age=15724800;
      Vary:
      - Accept-Encoding
      X-Content-Type-Options:
      - nosniff
      X-Dd-Debug:
      - BpmNCASFvxhVqEIUl04cSh/NcWwCiLsgrJNzpfbXuhXvV3W1zn2+pKvqwwWPwlLU
      X-Dd-Version:
      - "35.2828800"
      X-Frame-Options:
      - SAMEORIGIN
    status: 200 OK
    code: 200
    duration: ""
- request:
    body: ""
    form: {}
    headers:
      Accept:
      - application/json
      Dd-Operation-Id:
      - GetDashboard
      User-Agent:
      - terraform-provider-datadog/dev (terraform 1.10.0; terraform-cli ) datadog-api-client-go/1.0.0-beta.8+dev
        (go go1.14.4; os darwin; arch amd64)
      X-Datadog-Parent-Id:
      - "2998549349976018250"
      X-Datadog-Sampling-Priority:
      - "1"
      X-Datadog-Trace-Id:
      - "5460732640319996477"
    url: https://api.datadoghq.com/api/v1/dashboard/idy-xxb-ps4
    method: GET
  response:
    body: '{"notify_list":[],"description":"Created using the Datadog provider in
      Terraform","author_name":"Slavek Kabrda","template_variable_presets":[],"template_variables":[],"is_read_only":true,"id":"idy-xxb-ps4","title":"tf-TestAccDatadogDashboardHostMap_import-local-1596529552","url":"/dashboard/idy-xxb-ps4/tf-testaccdatadogdashboardhostmapimport-local-1596529552","created_at":"2020-08-04T08:27:29.995908+00:00","modified_at":"2020-08-04T08:27:29.995908+00:00","author_handle":"slavek.kabrda@datadoghq.com","widgets":[{"definition":{"style":{"fill_min":"10","fill_max":"30","palette":"YlOrRd","palette_flip":true},"group":["region"],"title":"system.cpu.idle,
      system.cpu.user","title_align":"right","node_type":"host","no_metric_hosts":true,"title_size":"16","requests":{"size":{"q":"max:system.cpu.user{env:prod}
      by {host}"},"fill":{"q":"avg:system.cpu.idle{env:prod} by {host}"}},"no_group_hosts":true,"type":"hostmap","scope":["env:prod"]},"id":4509115058631471}],"layout_type":"ordered"}'
    headers:
      Cache-Control:
      - no-cache
      Connection:
      - keep-alive
      Content-Security-Policy:
      - frame-ancestors 'self'; report-uri https://api.datadoghq.com/csp-report
      Content-Type:
      - application/json
      Date:
      - Tue, 04 Aug 2020 08:27:50 GMT
      Dd-Pool:
      - dogweb
      Pragma:
      - no-cache
      Set-Cookie:
      - DD-PSHARD=233; Max-Age=604800; Path=/; expires=Tue, 11-Aug-2020 08:27:50 GMT;
        secure; HttpOnly
      Strict-Transport-Security:
      - max-age=15724800;
      Vary:
      - Accept-Encoding
      X-Content-Type-Options:
      - nosniff
      X-Dd-Debug:
      - vucyvJMbGEiNnSU83vGjPRdyTSz/YY5UDJNb+IVsmkn2In/xalZEdVdKgPaH+5e3
      X-Dd-Version:
      - "35.2828800"
      X-Frame-Options:
      - SAMEORIGIN
    status: 200 OK
    code: 200
    duration: ""
- request:
    body: ""
    form: {}
    headers:
      Accept:
      - application/json
      Dd-Operation-Id:
      - GetDashboard
      User-Agent:
      - terraform-provider-datadog/dev (terraform 1.10.0; terraform-cli ) datadog-api-client-go/1.0.0-beta.8+dev
        (go go1.14.4; os darwin; arch amd64)
      X-Datadog-Parent-Id:
      - "7882250564676749986"
      X-Datadog-Sampling-Priority:
      - "1"
      X-Datadog-Trace-Id:
      - "5460732640319996477"
    url: https://api.datadoghq.com/api/v1/dashboard/idy-xxb-ps4
    method: GET
  response:
    body: '{"notify_list":[],"description":"Created using the Datadog provider in
      Terraform","author_name":"Slavek Kabrda","template_variable_presets":[],"template_variables":[],"is_read_only":true,"id":"idy-xxb-ps4","title":"tf-TestAccDatadogDashboardHostMap_import-local-1596529552","url":"/dashboard/idy-xxb-ps4/tf-testaccdatadogdashboardhostmapimport-local-1596529552","created_at":"2020-08-04T08:27:29.995908+00:00","modified_at":"2020-08-04T08:27:29.995908+00:00","author_handle":"slavek.kabrda@datadoghq.com","widgets":[{"definition":{"style":{"fill_min":"10","fill_max":"30","palette":"YlOrRd","palette_flip":true},"group":["region"],"title":"system.cpu.idle,
      system.cpu.user","title_align":"right","node_type":"host","no_metric_hosts":true,"title_size":"16","requests":{"size":{"q":"max:system.cpu.user{env:prod}
      by {host}"},"fill":{"q":"avg:system.cpu.idle{env:prod} by {host}"}},"no_group_hosts":true,"type":"hostmap","scope":["env:prod"]},"id":4509115058631471}],"layout_type":"ordered"}'
    headers:
      Cache-Control:
      - no-cache
      Connection:
      - keep-alive
      Content-Security-Policy:
      - frame-ancestors 'self'; report-uri https://api.datadoghq.com/csp-report
      Content-Type:
      - application/json
      Date:
      - Tue, 04 Aug 2020 08:27:51 GMT
      Dd-Pool:
      - dogweb
      Pragma:
      - no-cache
      Set-Cookie:
      - DD-PSHARD=233; Max-Age=604800; Path=/; expires=Tue, 11-Aug-2020 08:27:51 GMT;
        secure; HttpOnly
      Strict-Transport-Security:
      - max-age=15724800;
      Vary:
      - Accept-Encoding
      X-Content-Type-Options:
      - nosniff
      X-Dd-Debug:
      - goS0GGI4bIkm21q0jm3ic0TY0KJjLZvIY8Zsq3hDLEF1JadeKVko1RI1cg60A0y5
      X-Dd-Version:
      - "35.2828800"
      X-Frame-Options:
      - SAMEORIGIN
    status: 200 OK
    code: 200
    duration: ""
- request:
    body: ""
    form: {}
    headers:
      Accept:
      - application/json
      Dd-Operation-Id:
      - DeleteDashboard
      User-Agent:
      - terraform-provider-datadog/dev (terraform 1.10.0; terraform-cli ) datadog-api-client-go/1.0.0-beta.8+dev
        (go go1.14.4; os darwin; arch amd64)
      X-Datadog-Parent-Id:
      - "479019459610413296"
      X-Datadog-Sampling-Priority:
      - "1"
      X-Datadog-Trace-Id:
      - "5460732640319996477"
    url: https://api.datadoghq.com/api/v1/dashboard/idy-xxb-ps4
    method: DELETE
  response:
    body: '{"deleted_dashboard_id":"idy-xxb-ps4"}'
    headers:
      Cache-Control:
      - no-cache
      Connection:
      - keep-alive
      Content-Security-Policy:
      - frame-ancestors 'self'; report-uri https://api.datadoghq.com/csp-report
      Content-Type:
      - application/json
      Date:
      - Tue, 04 Aug 2020 08:28:21 GMT
      Dd-Pool:
      - dogweb
      Pragma:
      - no-cache
      Set-Cookie:
      - DD-PSHARD=233; Max-Age=604800; Path=/; expires=Tue, 11-Aug-2020 08:27:56 GMT;
        secure; HttpOnly
      Strict-Transport-Security:
      - max-age=15724800;
      Vary:
      - Accept-Encoding
      X-Content-Type-Options:
      - nosniff
      X-Dd-Debug:
      - BpmNCASFvxhVqEIUl04cSh/NcWwCiLsgrJNzpfbXuhXvV3W1zn2+pKvqwwWPwlLU
      X-Dd-Version:
      - "35.2828800"
      X-Frame-Options:
      - SAMEORIGIN
    status: 200 OK
    code: 200
    duration: ""
- request:
    body: ""
    form: {}
    headers:
      Accept:
      - application/json
      Dd-Operation-Id:
      - GetDashboard
      User-Agent:
      - terraform-provider-datadog/dev (terraform 1.10.0; terraform-cli ) datadog-api-client-go/1.0.0-beta.8+dev
        (go go1.14.4; os darwin; arch amd64)
      X-Datadog-Parent-Id:
      - "5567839905340873430"
      X-Datadog-Sampling-Priority:
      - "1"
      X-Datadog-Trace-Id:
      - "5460732640319996477"
    url: https://api.datadoghq.com/api/v1/dashboard/idy-xxb-ps4
    method: GET
  response:
    body: '{"errors": ["Dashboard with ID idy-xxb-ps4 not found"]}'
    headers:
      Cache-Control:
      - no-cache
      Connection:
      - keep-alive
      Content-Security-Policy:
      - frame-ancestors 'self'; report-uri https://api.datadoghq.com/csp-report
      Content-Type:
      - application/json
      Date:
      - Tue, 04 Aug 2020 08:28:22 GMT
      Dd-Pool:
      - dogweb
      Pragma:
      - no-cache
      Strict-Transport-Security:
      - max-age=15724800;
      Vary:
      - Accept-Encoding
      X-Content-Type-Options:
      - nosniff
      X-Dd-Version:
      - "35.2828800"
      X-Frame-Options:
      - SAMEORIGIN
    status: 404 Not Found
    code: 404
    duration: ""
