---
version: 1
interactions:
- request:
    body: |
      {"description":"some description","per_unit":"second","short_name":"short name for metric_metadata foo","statsd_interval":1,"type":"gauge","unit":"byte"}
    form: {}
    headers:
      Accept:
      - application/json
      Content-Type:
      - application/json
      User-Agent:
      - DataDog/0.1.0/go-experimental
    url: https://api.datadoghq.com/api/v1/metrics/foo
    method: PUT
  response:
    body: '{"description":"some description","short_name":"short name for metric_metadata
      foo","integration":null,"statsd_interval":1,"per_unit":"second","type":"gauge","unit":"byte"}'
    headers:
      Cache-Control:
      - no-cache
      Connection:
      - keep-alive
      Content-Security-Policy:
      - frame-ancestors 'self'; report-uri https://api.datadoghq.com/csp-report
      Content-Type:
      - application/json
      Date:
      - Mon, 09 Mar 2020 17:33:13 GMT
      Dd-Pool:
      - dogweb_events
      Pragma:
      - no-cache
      Set-Cookie:
      - DD-PSHARD=233; Max-Age=604800; Path=/; expires=Mon, 16-Mar-2020 17:33:13 GMT;
        secure; HttpOnly
      Strict-Transport-Security:
      - max-age=15724800;
      Vary:
      - Accept-Encoding
      X-Content-Type-Options:
      - nosniff
      X-Dd-Debug:
      - SS4pwU6Vsx6Wao8FeBouFNMHZkpIiX7pz21AFFkbp3fTG0G3GjgfBAez071ilFoZ
      X-Dd-Version:
      - "35.2258638"
      X-Frame-Options:
      - SAMEORIGIN
      X-Ratelimit-Limit:
      - "2000"
      X-Ratelimit-Period:
      - "60"
      X-Ratelimit-Remaining:
      - "1999"
      X-Ratelimit-Reset:
      - "47"
    status: 200 OK
    code: 200
    duration: ""
- request:
    body: ""
    form: {}
    headers:
      Accept:
      - application/json
      User-Agent:
      - DataDog/0.1.0/go-experimental
    url: https://api.datadoghq.com/api/v1/metrics/foo
    method: GET
  response:
    body: '{"description":"some description","short_name":"short name for metric_metadata
      foo","integration":null,"statsd_interval":1,"per_unit":"second","type":"gauge","unit":"byte"}'
    headers:
      Cache-Control:
      - no-cache
      Connection:
      - keep-alive
      Content-Security-Policy:
      - frame-ancestors 'self'; report-uri https://api.datadoghq.com/csp-report
      Content-Type:
      - application/json
      Date:
      - Mon, 09 Mar 2020 17:33:13 GMT
      Dd-Pool:
      - dogweb_events
      Pragma:
      - no-cache
      Set-Cookie:
      - DD-PSHARD=233; Max-Age=604800; Path=/; expires=Mon, 16-Mar-2020 17:33:13 GMT;
        secure; HttpOnly
      Strict-Transport-Security:
      - max-age=15724800;
      Vary:
      - Accept-Encoding
      X-Content-Type-Options:
      - nosniff
      X-Dd-Debug:
      - i88VE4uHAwA5IXh/0IEXQAhr5hGCH9aMkIrX0bISt7VZwzJ4lfiprkupftdl3u1X
      X-Dd-Version:
      - "35.2258638"
      X-Frame-Options:
      - SAMEORIGIN
    status: 200 OK
    code: 200
    duration: ""
- request:
    body: |
      {"series":[{"metric":"foo","points":[[1583775193,1]],"type":"gauge"}]}
    form: {}
    headers:
      Accept:
      - application/json
      Content-Type:
      - application/json
      User-Agent:
      - DataDog/0.1.0/go-experimental
    url: https://api.datadoghq.com/api/v1/series
    method: POST
  response:
    body: '{"status": "ok"}'
    headers:
      Connection:
      - keep-alive
      Content-Length:
      - "16"
      Content-Security-Policy:
      - frame-ancestors 'self'; report-uri https://api.datadoghq.com/csp-report
      Content-Type:
      - text/json
      Date:
      - Mon, 09 Mar 2020 17:33:14 GMT
      Dd-Pool:
      - propjoe
      Strict-Transport-Security:
      - max-age=15724800;
      X-Content-Type-Options:
      - nosniff
      X-Frame-Options:
      - SAMEORIGIN
    status: 202 Accepted
    code: 202
    duration: ""
- request:
    body: ""
    form: {}
    headers:
      User-Agent:
      - Datadog/dev/terraform (go1.13)
    url: https://api.datadoghq.com/api/v1/metrics/foo
    method: GET
  response:
    body: '{"description":"some description","short_name":"short name for metric_metadata
      foo","integration":null,"statsd_interval":1,"per_unit":"second","type":"gauge","unit":"byte"}'
    headers:
      Cache-Control:
      - no-cache
      Connection:
      - keep-alive
      Content-Security-Policy:
      - frame-ancestors 'self'; report-uri https://api.datadoghq.com/csp-report
      Content-Type:
      - application/json
      Date:
      - Mon, 09 Mar 2020 17:33:14 GMT
      Dd-Pool:
      - dogweb_events
      Pragma:
      - no-cache
      Set-Cookie:
      - DD-PSHARD=233; Max-Age=604800; Path=/; expires=Mon, 16-Mar-2020 17:33:14 GMT;
        secure; HttpOnly
      Strict-Transport-Security:
      - max-age=15724800;
      Vary:
      - Accept-Encoding
      X-Content-Type-Options:
      - nosniff
      X-Dd-Debug:
      - s+gqJPNyENtgN/S37ldDRxTOsGJG0is7vZJ5QK91Hwa23belpEukREcXpNp11/N5
      X-Dd-Version:
      - "35.2258638"
      X-Frame-Options:
      - SAMEORIGIN
    status: 200 OK
    code: 200
    duration: ""
- request:
    body: ""
    form: {}
    headers:
      Accept:
      - application/json
      User-Agent:
      - DataDog/0.1.0/go-experimental
    url: https://api.datadoghq.com/api/v1/metrics/foo
    method: GET
  response:
    body: '{"description":"some description","short_name":"short name for metric_metadata
      foo","integration":null,"statsd_interval":1,"per_unit":"second","type":"gauge","unit":"byte"}'
    headers:
      Cache-Control:
      - no-cache
      Connection:
      - keep-alive
      Content-Security-Policy:
      - frame-ancestors 'self'; report-uri https://api.datadoghq.com/csp-report
      Content-Type:
      - application/json
      Date:
      - Mon, 09 Mar 2020 17:33:14 GMT
      Dd-Pool:
      - dogweb_events
      Pragma:
      - no-cache
      Set-Cookie:
      - DD-PSHARD=233; Max-Age=604800; Path=/; expires=Mon, 16-Mar-2020 17:33:14 GMT;
        secure; HttpOnly
      Strict-Transport-Security:
      - max-age=15724800;
      Vary:
      - Accept-Encoding
      X-Content-Type-Options:
      - nosniff
      X-Dd-Debug:
      - Ct5RRNFLfUu6MFFDg6VHHiWR5eepugAfM1F42qDzkhxMGg1FJq3wS+2BxoDssbW6
      X-Dd-Version:
      - "35.2258638"
      X-Frame-Options:
      - SAMEORIGIN
    status: 200 OK
    code: 200
    duration: ""
- request:
    body: ""
    form: {}
    headers:
      Accept:
      - application/json
      User-Agent:
      - DataDog/0.1.0/go-experimental
    url: https://api.datadoghq.com/api/v1/metrics/foo
    method: GET
  response:
    body: '{"description":"some description","short_name":"short name for metric_metadata
      foo","integration":null,"statsd_interval":1,"per_unit":"second","type":"gauge","unit":"byte"}'
    headers:
      Cache-Control:
      - no-cache
      Connection:
      - keep-alive
      Content-Security-Policy:
      - frame-ancestors 'self'; report-uri https://api.datadoghq.com/csp-report
      Content-Type:
      - application/json
      Date:
      - Mon, 09 Mar 2020 17:33:14 GMT
      Dd-Pool:
      - dogweb_events
      Pragma:
      - no-cache
      Set-Cookie:
      - DD-PSHARD=233; Max-Age=604800; Path=/; expires=Mon, 16-Mar-2020 17:33:14 GMT;
        secure; HttpOnly
      Strict-Transport-Security:
      - max-age=15724800;
      Vary:
      - Accept-Encoding
      X-Content-Type-Options:
      - nosniff
      X-Dd-Debug:
      - qrJZ1fVhaARN3oYuD3c530djopuUPZvRBvXFE+4ghWPcFNDpkVWHzgj85OqfAoq4
      X-Dd-Version:
      - "35.2258638"
      X-Frame-Options:
      - SAMEORIGIN
    status: 200 OK
    code: 200
    duration: ""
- request:
    body: ""
    form: {}
    headers:
      Accept:
      - application/json
      User-Agent:
      - DataDog/0.1.0/go-experimental
    url: https://api.datadoghq.com/api/v1/metrics/foo
    method: GET
  response:
    body: '{"description":"some description","short_name":"short name for metric_metadata
      foo","integration":null,"statsd_interval":1,"per_unit":"second","type":"gauge","unit":"byte"}'
    headers:
      Cache-Control:
      - no-cache
      Connection:
      - keep-alive
      Content-Security-Policy:
      - frame-ancestors 'self'; report-uri https://api.datadoghq.com/csp-report
      Content-Type:
      - application/json
      Date:
      - Mon, 09 Mar 2020 17:33:14 GMT
      Dd-Pool:
      - dogweb_events
      Pragma:
      - no-cache
      Set-Cookie:
      - DD-PSHARD=233; Max-Age=604800; Path=/; expires=Mon, 16-Mar-2020 17:33:14 GMT;
        secure; HttpOnly
      Strict-Transport-Security:
      - max-age=15724800;
      Vary:
      - Accept-Encoding
      X-Content-Type-Options:
      - nosniff
      X-Dd-Debug:
      - r9HKloXhtrUwRtUwt2sSFP9E8yZr0Y+fG5pBw2mUP+s76v3kDsvfyWAtwUSSV/rn
      X-Dd-Version:
      - "35.2258638"
      X-Frame-Options:
      - SAMEORIGIN
    status: 200 OK
    code: 200
    duration: ""
- request:
    body: ""
    form: {}
    headers:
      Accept:
      - application/json
      User-Agent:
      - DataDog/0.1.0/go-experimental
    url: https://api.datadoghq.com/api/v1/metrics/foo
    method: GET
  response:
    body: '{"description":"some description","short_name":"short name for metric_metadata
      foo","integration":null,"statsd_interval":1,"per_unit":"second","type":"gauge","unit":"byte"}'
    headers:
      Cache-Control:
      - no-cache
      Connection:
      - keep-alive
      Content-Security-Policy:
      - frame-ancestors 'self'; report-uri https://api.datadoghq.com/csp-report
      Content-Type:
      - application/json
      Date:
      - Mon, 09 Mar 2020 17:33:14 GMT
      Dd-Pool:
      - dogweb_events
      Pragma:
      - no-cache
      Set-Cookie:
      - DD-PSHARD=233; Max-Age=604800; Path=/; expires=Mon, 16-Mar-2020 17:33:14 GMT;
        secure; HttpOnly
      Strict-Transport-Security:
      - max-age=15724800;
      Vary:
      - Accept-Encoding
      X-Content-Type-Options:
      - nosniff
      X-Dd-Debug:
      - tWWxBEpgErxaoSx8Mw8p4Q1vfqHXDn5GDFXen1V0EqscNkrEm8rtW5YeSuwf14DV
      X-Dd-Version:
      - "35.2258638"
      X-Frame-Options:
      - SAMEORIGIN
    status: 200 OK
    code: 200
    duration: ""
