---
version: 1
interactions:
- request:
    body: '{"subdomain":"testdomain","schedules":["https://ddog.pagerduty.com/schedules/X123VF"],"api_token":"*****"}'
    form: {}
    headers:
      Content-Type:
      - application/json
      User-Agent:
      - terraform-provider-datadog/dev (terraform 1.10.0; terraform-cli 0.12.7-sdk)
        datadog-api-client-go/go-datadog-api (go go1.14.4; os darwin; arch amd64)
      X-Datadog-Parent-Id:
      - "6098102473125635363"
      X-Datadog-Sampling-Priority:
      - "1"
      X-Datadog-Trace-Id:
      - "6098102473125635363"
    url: https://api.datadoghq.com/api/v1/integration/pagerduty
    method: PUT
  response:
    body: ""
    headers:
      Connection:
      - keep-alive
      Content-Security-Policy:
      - frame-ancestors 'self'; report-uri https://api.datadoghq.com/csp-report
      Content-Type:
      - text/plain
      Date:
      - Fri, 31 Jul 2020 13:49:20 GMT
      Dd-Pool:
      - dogweb
      Set-Cookie:
      - DD-PSHARD=89; Max-Age=604800; Path=/; expires=Fri, 07-Aug-2020 13:49:20 GMT;
        secure; HttpOnly
      Strict-Transport-Security:
      - max-age=15724800;
      X-Content-Type-Options:
      - nosniff
      X-Dd-Debug:
      - Hsh1KdLj/eYCqqXnJwpv2sOgdzr44hYa8RBggUUZnz5EvKJAny+8r5kuTIsxQtit
      X-Dd-Version:
      - "35.2815668"
      X-Frame-Options:
      - SAMEORIGIN
    status: 204 No Content
    code: 204
    duration: ""
- request:
    body: ""
    form: {}
    headers:
      User-Agent:
      - terraform-provider-datadog/dev (terraform 1.10.0; terraform-cli 0.12.7-sdk)
        datadog-api-client-go/go-datadog-api (go go1.14.4; os darwin; arch amd64)
      X-Datadog-Parent-Id:
      - "912633095124677650"
      X-Datadog-Sampling-Priority:
      - "1"
      X-Datadog-Trace-Id:
      - "912633095124677650"
    url: https://api.datadoghq.com/api/v1/integration/pagerduty
    method: GET
  response:
    body: '{"services":[{"service_name":"test_service","service_key":"*****"},{"service_name":"test_service_2","service_key":"*****"}],"schedules":["https://ddog.pagerduty.com/schedules/X123VF"],"subdomain":"testdomain","api_token":"*****"}'
    headers:
      Cache-Control:
      - no-cache
      Connection:
      - keep-alive
      Content-Security-Policy:
      - frame-ancestors 'self'; report-uri https://api.datadoghq.com/csp-report
      Content-Type:
      - application/json
      Date:
      - Fri, 31 Jul 2020 13:49:20 GMT
      Dd-Pool:
      - dogweb
      Pragma:
      - no-cache
      Set-Cookie:
      - DD-PSHARD=89; Max-Age=604800; Path=/; expires=Fri, 07-Aug-2020 13:49:20 GMT;
        secure; HttpOnly
      Strict-Transport-Security:
      - max-age=15724800;
      Vary:
      - Accept-Encoding
      X-Content-Type-Options:
      - nosniff
      X-Dd-Debug:
      - 09WN0zeEvlQvDabxv/j8/k3HlRg2TEnRPPfgdei6Dbo4CnjorUJx0dtr1bYCi5wY
      X-Dd-Version:
      - "35.2815668"
      X-Frame-Options:
      - SAMEORIGIN
    status: 200 OK
    code: 200
    duration: ""
- request:
    body: ""
    form: {}
    headers:
      User-Agent:
      - terraform-provider-datadog/dev (terraform 1.10.0; terraform-cli 0.12.7-sdk)
        datadog-api-client-go/go-datadog-api (go go1.14.4; os darwin; arch amd64)
      X-Datadog-Parent-Id:
      - "6146094165833058352"
      X-Datadog-Sampling-Priority:
      - "1"
      X-Datadog-Trace-Id:
      - "6146094165833058352"
    url: https://api.datadoghq.com/api/v1/integration/pagerduty
    method: GET
  response:
    body: '{"services":[{"service_name":"test_service","service_key":"*****"},{"service_name":"test_service_2","service_key":"*****"}],"schedules":["https://ddog.pagerduty.com/schedules/X123VF"],"subdomain":"testdomain","api_token":"*****"}'
    headers:
      Cache-Control:
      - no-cache
      Connection:
      - keep-alive
      Content-Security-Policy:
      - frame-ancestors 'self'; report-uri https://api.datadoghq.com/csp-report
      Content-Type:
      - application/json
      Date:
      - Fri, 31 Jul 2020 13:49:20 GMT
      Dd-Pool:
      - dogweb
      Pragma:
      - no-cache
      Set-Cookie:
      - DD-PSHARD=89; Max-Age=604800; Path=/; expires=Fri, 07-Aug-2020 13:49:20 GMT;
        secure; HttpOnly
      Strict-Transport-Security:
      - max-age=15724800;
      Vary:
      - Accept-Encoding
      X-Content-Type-Options:
      - nosniff
      X-Dd-Debug:
      - VE3aaLk8uyUlaLlGSzAdehefLNqMz8qZnQmghCxTotAd/lPGbEgzYA0E/7oz7lMD
      X-Dd-Version:
      - "35.2815668"
      X-Frame-Options:
      - SAMEORIGIN
    status: 200 OK
    code: 200
    duration: ""
- request:
    body: |
      {"service_key":"9876543210123456789","service_name":"testing_foo"}
    form: {}
    headers:
      Accept:
      - application/json
      Content-Type:
      - application/json
      Dd-Operation-Id:
      - CreatePagerDutyIntegrationService
      User-Agent:
      - terraform-provider-datadog/dev (terraform 1.10.0; terraform-cli 0.12.7-sdk)
        datadog-api-client-go/1.0.0-beta.8+dev (go go1.14.4; os darwin; arch amd64)
      X-Datadog-Parent-Id:
      - "8325595825135521426"
      X-Datadog-Sampling-Priority:
      - "1"
      X-Datadog-Trace-Id:
      - "7320280741867529672"
    url: https://api.datadoghq.com/api/v1/integration/pagerduty/configuration/services
    method: POST
  response:
    body: '{"service_name":"testing_foo"}'
    headers:
      Cache-Control:
      - no-cache
      Connection:
      - keep-alive
      Content-Length:
      - "30"
      Content-Security-Policy:
      - frame-ancestors 'self'; report-uri https://api.datadoghq.com/csp-report
      Content-Type:
      - application/json
      Date:
      - Fri, 31 Jul 2020 13:49:21 GMT
      Dd-Pool:
      - dogweb
      Pragma:
      - no-cache
      Set-Cookie:
      - DD-PSHARD=89; Max-Age=604800; Path=/; expires=Fri, 07-Aug-2020 13:49:20 GMT;
        secure; HttpOnly
      Strict-Transport-Security:
      - max-age=15724800;
      X-Content-Type-Options:
      - nosniff
      X-Dd-Debug:
      - OvROF9pCiCF8JnC+0Y3nwl6ylcafQIJwV4XwhicKtApCmwQyCxf8k5FzckOzJdWw
      X-Dd-Version:
      - "35.2815668"
      X-Frame-Options:
      - SAMEORIGIN
    status: 201 Created
    code: 201
    duration: ""
- request:
    body: ""
    form: {}
    headers:
      Accept:
      - application/json
      Dd-Operation-Id:
      - GetPagerDutyIntegrationService
      User-Agent:
      - terraform-provider-datadog/dev (terraform 1.10.0; terraform-cli 0.12.7-sdk)
        datadog-api-client-go/1.0.0-beta.8+dev (go go1.14.4; os darwin; arch amd64)
      X-Datadog-Parent-Id:
      - "3057633524925380946"
      X-Datadog-Sampling-Priority:
      - "1"
      X-Datadog-Trace-Id:
      - "7320280741867529672"
    url: https://api.datadoghq.com/api/v1/integration/pagerduty/configuration/services/testing_foo
    method: GET
  response:
    body: '{"service_name":"testing_foo"}'
    headers:
      Cache-Control:
      - no-cache
      Connection:
      - keep-alive
      Content-Security-Policy:
      - frame-ancestors 'self'; report-uri https://api.datadoghq.com/csp-report
      Content-Type:
      - application/json
      Date:
      - Fri, 31 Jul 2020 13:49:21 GMT
      Dd-Pool:
      - dogweb
      Pragma:
      - no-cache
      Set-Cookie:
      - DD-PSHARD=89; Max-Age=604800; Path=/; expires=Fri, 07-Aug-2020 13:49:21 GMT;
        secure; HttpOnly
      Strict-Transport-Security:
      - max-age=15724800;
      Vary:
      - Accept-Encoding
      X-Content-Type-Options:
      - nosniff
      X-Dd-Debug:
      - H/lV1dJW5JTuLCQscKw4E+eAwiIr2UepbECh/V0/LM2PztkLRCvcRnVELtIk5w9p
      X-Dd-Version:
      - "35.2815668"
      X-Frame-Options:
      - SAMEORIGIN
    status: 200 OK
    code: 200
    duration: ""
- request:
    body: |
      {"service_key":"54321098765432109876","service_name":"testing_bar"}
    form: {}
    headers:
      Accept:
      - application/json
      Content-Type:
      - application/json
      Dd-Operation-Id:
      - CreatePagerDutyIntegrationService
      User-Agent:
      - terraform-provider-datadog/dev (terraform 1.10.0; terraform-cli 0.12.7-sdk)
        datadog-api-client-go/1.0.0-beta.8+dev (go go1.14.4; os darwin; arch amd64)
      X-Datadog-Parent-Id:
      - "8404622323602188335"
      X-Datadog-Sampling-Priority:
      - "1"
      X-Datadog-Trace-Id:
      - "7320280741867529672"
    url: https://api.datadoghq.com/api/v1/integration/pagerduty/configuration/services
    method: POST
  response:
    body: '{"service_name":"testing_bar"}'
    headers:
      Cache-Control:
      - no-cache
      Connection:
      - keep-alive
      Content-Length:
      - "30"
      Content-Security-Policy:
      - frame-ancestors 'self'; report-uri https://api.datadoghq.com/csp-report
      Content-Type:
      - application/json
      Date:
      - Fri, 31 Jul 2020 13:49:21 GMT
      Dd-Pool:
      - dogweb
      Pragma:
      - no-cache
      Set-Cookie:
      - DD-PSHARD=89; Max-Age=604800; Path=/; expires=Fri, 07-Aug-2020 13:49:21 GMT;
        secure; HttpOnly
      Strict-Transport-Security:
      - max-age=15724800;
      X-Content-Type-Options:
      - nosniff
      X-Dd-Debug:
      - h3SatzCzGYIYUlPu97GMFpDPjwTvgdxo5mV7JpfAxkCvR0YiGVyrUfh7R5kYCijj
      X-Dd-Version:
      - "35.2815668"
      X-Frame-Options:
      - SAMEORIGIN
    status: 201 Created
    code: 201
    duration: ""
- request:
    body: ""
    form: {}
    headers:
      Accept:
      - application/json
      Dd-Operation-Id:
      - GetPagerDutyIntegrationService
      User-Agent:
      - terraform-provider-datadog/dev (terraform 1.10.0; terraform-cli 0.12.7-sdk)
        datadog-api-client-go/1.0.0-beta.8+dev (go go1.14.4; os darwin; arch amd64)
      X-Datadog-Parent-Id:
      - "8002681840721553481"
      X-Datadog-Sampling-Priority:
      - "1"
      X-Datadog-Trace-Id:
      - "7320280741867529672"
    url: https://api.datadoghq.com/api/v1/integration/pagerduty/configuration/services/testing_bar
    method: GET
  response:
    body: '{"service_name":"testing_bar"}'
    headers:
      Cache-Control:
      - no-cache
      Connection:
      - keep-alive
      Content-Security-Policy:
      - frame-ancestors 'self'; report-uri https://api.datadoghq.com/csp-report
      Content-Type:
      - application/json
      Date:
      - Fri, 31 Jul 2020 13:49:22 GMT
      Dd-Pool:
      - dogweb
      Pragma:
      - no-cache
      Set-Cookie:
      - DD-PSHARD=89; Max-Age=604800; Path=/; expires=Fri, 07-Aug-2020 13:49:22 GMT;
        secure; HttpOnly
      Strict-Transport-Security:
      - max-age=15724800;
      Vary:
      - Accept-Encoding
      X-Content-Type-Options:
      - nosniff
      X-Dd-Debug:
      - wLPqSsnwX+TqIbaRJ1axFX0f29GY4C1/OaKvCuYYVGhnGVpMZB1kxG7CW9LdT9R4
      X-Dd-Version:
      - "35.2815668"
      X-Frame-Options:
      - SAMEORIGIN
    status: 200 OK
    code: 200
    duration: ""
- request:
    body: ""
    form: {}
    headers:
      User-Agent:
      - terraform-provider-datadog/dev (terraform 1.10.0; terraform-cli 0.12.7-sdk)
        datadog-api-client-go/go-datadog-api (go go1.14.4; os darwin; arch amd64)
      X-Datadog-Parent-Id:
      - "2265004125466983902"
      X-Datadog-Sampling-Priority:
      - "1"
      X-Datadog-Trace-Id:
      - "2265004125466983902"
    url: https://api.datadoghq.com/api/v1/integration/pagerduty
    method: GET
  response:
    body: '{"services":[{"service_name":"test_service","service_key":"*****"},{"service_name":"test_service_2","service_key":"*****"},{"service_name":"testing_foo","service_key":"*****"},{"service_name":"testing_bar","service_key":"*****"}],"schedules":["https://ddog.pagerduty.com/schedules/X123VF"],"subdomain":"testdomain","api_token":"*****"}'
    headers:
      Cache-Control:
      - no-cache
      Connection:
      - keep-alive
      Content-Security-Policy:
      - frame-ancestors 'self'; report-uri https://api.datadoghq.com/csp-report
      Content-Type:
      - application/json
      Date:
      - Fri, 31 Jul 2020 13:49:22 GMT
      Dd-Pool:
      - dogweb
      Pragma:
      - no-cache
      Set-Cookie:
      - DD-PSHARD=89; Max-Age=604800; Path=/; expires=Fri, 07-Aug-2020 13:49:22 GMT;
        secure; HttpOnly
      Strict-Transport-Security:
      - max-age=15724800;
      Vary:
      - Accept-Encoding
      X-Content-Type-Options:
      - nosniff
      X-Dd-Debug:
      - 2E4sb8bRV3L713vGtJsyGfQ2XEpi7NDslCMqOau3NGRINNUaYq8btzFWZhxWEsJC
      X-Dd-Version:
      - "35.2815668"
      X-Frame-Options:
      - SAMEORIGIN
    status: 200 OK
    code: 200
    duration: ""
- request:
    body: ""
    form: {}
    headers:
      User-Agent:
      - terraform-provider-datadog/dev (terraform 1.10.0; terraform-cli 0.12.7-sdk)
        datadog-api-client-go/go-datadog-api (go go1.14.4; os darwin; arch amd64)
      X-Datadog-Parent-Id:
      - "3354912073081253549"
      X-Datadog-Sampling-Priority:
      - "1"
      X-Datadog-Trace-Id:
      - "3354912073081253549"
    url: https://api.datadoghq.com/api/v1/integration/pagerduty
    method: GET
  response:
    body: '{"services":[{"service_name":"test_service","service_key":"*****"},{"service_name":"test_service_2","service_key":"*****"},{"service_name":"testing_foo","service_key":"*****"},{"service_name":"testing_bar","service_key":"*****"}],"schedules":["https://ddog.pagerduty.com/schedules/X123VF"],"subdomain":"testdomain","api_token":"*****"}'
    headers:
      Cache-Control:
      - no-cache
      Connection:
      - keep-alive
      Content-Security-Policy:
      - frame-ancestors 'self'; report-uri https://api.datadoghq.com/csp-report
      Content-Type:
      - application/json
      Date:
      - Fri, 31 Jul 2020 13:49:23 GMT
      Dd-Pool:
      - dogweb
      Pragma:
      - no-cache
      Set-Cookie:
      - DD-PSHARD=89; Max-Age=604800; Path=/; expires=Fri, 07-Aug-2020 13:49:22 GMT;
        secure; HttpOnly
      Strict-Transport-Security:
      - max-age=15724800;
      Vary:
      - Accept-Encoding
      X-Content-Type-Options:
      - nosniff
      X-Dd-Debug:
      - 5uLSnLA94jGs4FosHmNrQYG6pXJ2ElelDpCBagxz5qTRBE7kILgi0VLGdJyj6VcG
      X-Dd-Version:
      - "35.2815668"
      X-Frame-Options:
      - SAMEORIGIN
    status: 200 OK
    code: 200
    duration: ""
- request:
    body: ""
    form: {}
    headers:
      User-Agent:
      - terraform-provider-datadog/dev (terraform 1.10.0; terraform-cli 0.12.7-sdk)
        datadog-api-client-go/go-datadog-api (go go1.14.4; os darwin; arch amd64)
      X-Datadog-Parent-Id:
      - "6753837165528198250"
      X-Datadog-Sampling-Priority:
      - "1"
      X-Datadog-Trace-Id:
      - "6753837165528198250"
    url: https://api.datadoghq.com/api/v1/integration/pagerduty
    method: GET
  response:
    body: '{"services":[{"service_name":"test_service","service_key":"*****"},{"service_name":"test_service_2","service_key":"*****"},{"service_name":"testing_foo","service_key":"*****"},{"service_name":"testing_bar","service_key":"*****"}],"schedules":["https://ddog.pagerduty.com/schedules/X123VF"],"subdomain":"testdomain","api_token":"*****"}'
    headers:
      Cache-Control:
      - no-cache
      Connection:
      - keep-alive
      Content-Security-Policy:
      - frame-ancestors 'self'; report-uri https://api.datadoghq.com/csp-report
      Content-Type:
      - application/json
      Date:
      - Fri, 31 Jul 2020 13:49:23 GMT
      Dd-Pool:
      - dogweb
      Pragma:
      - no-cache
      Set-Cookie:
      - DD-PSHARD=89; Max-Age=604800; Path=/; expires=Fri, 07-Aug-2020 13:49:23 GMT;
        secure; HttpOnly
      Strict-Transport-Security:
      - max-age=15724800;
      Vary:
      - Accept-Encoding
      X-Content-Type-Options:
      - nosniff
      X-Dd-Debug:
      - gcBX2S2gYpbtnYOZSBep1DJU8aL/3m02Hcx0kLNb2gT+El43JxZkgf38P6yfDCFl
      X-Dd-Version:
      - "35.2815668"
      X-Frame-Options:
      - SAMEORIGIN
    status: 200 OK
    code: 200
    duration: ""
- request:
    body: ""
    form: {}
    headers:
      Accept:
      - application/json
      Dd-Operation-Id:
      - GetPagerDutyIntegrationService
      User-Agent:
      - terraform-provider-datadog/dev (terraform 1.10.0; terraform-cli 0.12.7-sdk)
        datadog-api-client-go/1.0.0-beta.8+dev (go go1.14.4; os darwin; arch amd64)
      X-Datadog-Parent-Id:
      - "3551426487182353043"
      X-Datadog-Sampling-Priority:
      - "1"
      X-Datadog-Trace-Id:
      - "7320280741867529672"
    url: https://api.datadoghq.com/api/v1/integration/pagerduty/configuration/services/testing_foo
    method: GET
  response:
    body: '{"service_name":"testing_foo"}'
    headers:
      Cache-Control:
      - no-cache
      Connection:
      - keep-alive
      Content-Security-Policy:
      - frame-ancestors 'self'; report-uri https://api.datadoghq.com/csp-report
      Content-Type:
      - application/json
      Date:
      - Fri, 31 Jul 2020 13:49:24 GMT
      Dd-Pool:
      - dogweb
      Pragma:
      - no-cache
      Set-Cookie:
      - DD-PSHARD=89; Max-Age=604800; Path=/; expires=Fri, 07-Aug-2020 13:49:24 GMT;
        secure; HttpOnly
      Strict-Transport-Security:
      - max-age=15724800;
      Vary:
      - Accept-Encoding
      X-Content-Type-Options:
      - nosniff
      X-Dd-Debug:
      - qmkSJWYDi4L9tTOK99zYWPQWSpSCiJLFu/3j2CnHnwd+zh7sa+HO0C+DuqUY9e6y
      X-Dd-Version:
      - "35.2815668"
      X-Frame-Options:
      - SAMEORIGIN
    status: 200 OK
    code: 200
    duration: ""
- request:
    body: ""
    form: {}
    headers:
      Accept:
      - application/json
      Dd-Operation-Id:
      - GetPagerDutyIntegrationService
      User-Agent:
      - terraform-provider-datadog/dev (terraform 1.10.0; terraform-cli 0.12.7-sdk)
        datadog-api-client-go/1.0.0-beta.8+dev (go go1.14.4; os darwin; arch amd64)
      X-Datadog-Parent-Id:
      - "8265040979900895293"
      X-Datadog-Sampling-Priority:
      - "1"
      X-Datadog-Trace-Id:
      - "7320280741867529672"
    url: https://api.datadoghq.com/api/v1/integration/pagerduty/configuration/services/testing_bar
    method: GET
  response:
    body: '{"service_name":"testing_bar"}'
    headers:
      Cache-Control:
      - no-cache
      Connection:
      - keep-alive
      Content-Security-Policy:
      - frame-ancestors 'self'; report-uri https://api.datadoghq.com/csp-report
      Content-Type:
      - application/json
      Date:
      - Fri, 31 Jul 2020 13:49:24 GMT
      Dd-Pool:
      - dogweb
      Pragma:
      - no-cache
      Set-Cookie:
      - DD-PSHARD=89; Max-Age=604800; Path=/; expires=Fri, 07-Aug-2020 13:49:24 GMT;
        secure; HttpOnly
      Strict-Transport-Security:
      - max-age=15724800;
      Vary:
      - Accept-Encoding
      X-Content-Type-Options:
      - nosniff
      X-Dd-Debug:
      - mDemhetu8FOw3bGKy8rFAc/mRktX4d7+8dIrsH6V3HzcOMMGfsFIPcuEvs4L/nJb
      X-Dd-Version:
      - "35.2815668"
      X-Frame-Options:
      - SAMEORIGIN
    status: 200 OK
    code: 200
    duration: ""
- request:
    body: ""
    form: {}
    headers:
      Accept:
      - application/json
      Dd-Operation-Id:
      - GetPagerDutyIntegrationService
      User-Agent:
      - terraform-provider-datadog/dev (terraform 1.10.0; terraform-cli 0.12.7-sdk)
        datadog-api-client-go/1.0.0-beta.8+dev (go go1.14.4; os darwin; arch amd64)
      X-Datadog-Parent-Id:
      - "2059199159991814328"
      X-Datadog-Sampling-Priority:
      - "1"
      X-Datadog-Trace-Id:
      - "7320280741867529672"
    url: https://api.datadoghq.com/api/v1/integration/pagerduty/configuration/services/testing_foo
    method: GET
  response:
    body: '{"service_name":"testing_foo"}'
    headers:
      Cache-Control:
      - no-cache
      Connection:
      - keep-alive
      Content-Security-Policy:
      - frame-ancestors 'self'; report-uri https://api.datadoghq.com/csp-report
      Content-Type:
      - application/json
      Date:
      - Fri, 31 Jul 2020 13:49:24 GMT
      Dd-Pool:
      - dogweb
      Pragma:
      - no-cache
      Set-Cookie:
      - DD-PSHARD=89; Max-Age=604800; Path=/; expires=Fri, 07-Aug-2020 13:49:24 GMT;
        secure; HttpOnly
      Strict-Transport-Security:
      - max-age=15724800;
      Vary:
      - Accept-Encoding
      X-Content-Type-Options:
      - nosniff
      X-Dd-Debug:
      - AmWlpRtdp17gCcPrPe2tDQjJZ1ZklJigd+aSggd7irmvtC5WDkRWROoo03pvB71f
      X-Dd-Version:
      - "35.2815668"
      X-Frame-Options:
      - SAMEORIGIN
    status: 200 OK
    code: 200
    duration: ""
- request:
    body: ""
    form: {}
    headers:
      Accept:
      - application/json
      Dd-Operation-Id:
      - GetPagerDutyIntegrationService
      User-Agent:
      - terraform-provider-datadog/dev (terraform 1.10.0; terraform-cli 0.12.7-sdk)
        datadog-api-client-go/1.0.0-beta.8+dev (go go1.14.4; os darwin; arch amd64)
      X-Datadog-Parent-Id:
      - "392211195887248383"
      X-Datadog-Sampling-Priority:
      - "1"
      X-Datadog-Trace-Id:
      - "7320280741867529672"
    url: https://api.datadoghq.com/api/v1/integration/pagerduty/configuration/services/testing_bar
    method: GET
  response:
    body: '{"service_name":"testing_bar"}'
    headers:
      Cache-Control:
      - no-cache
      Connection:
      - keep-alive
      Content-Security-Policy:
      - frame-ancestors 'self'; report-uri https://api.datadoghq.com/csp-report
      Content-Type:
      - application/json
      Date:
      - Fri, 31 Jul 2020 13:49:25 GMT
      Dd-Pool:
      - dogweb
      Pragma:
      - no-cache
      Set-Cookie:
      - DD-PSHARD=89; Max-Age=604800; Path=/; expires=Fri, 07-Aug-2020 13:49:25 GMT;
        secure; HttpOnly
      Strict-Transport-Security:
      - max-age=15724800;
      Vary:
      - Accept-Encoding
      X-Content-Type-Options:
      - nosniff
      X-Dd-Debug:
      - CtgNqJkAqAo+MH7MN6CRbczfVHL5h+Ph91H8UoNq+Ha9YzAKwfzH+ly8e/3sEHoh
      X-Dd-Version:
      - "35.2815668"
      X-Frame-Options:
      - SAMEORIGIN
    status: 200 OK
    code: 200
    duration: ""
- request:
    body: ""
    form: {}
    headers:
      User-Agent:
      - terraform-provider-datadog/dev (terraform 1.10.0; terraform-cli 0.12.7-sdk)
        datadog-api-client-go/go-datadog-api (go go1.14.4; os darwin; arch amd64)
      X-Datadog-Parent-Id:
      - "6393193314662967849"
      X-Datadog-Sampling-Priority:
      - "1"
      X-Datadog-Trace-Id:
      - "6393193314662967849"
    url: https://api.datadoghq.com/api/v1/integration/pagerduty
    method: GET
  response:
    body: '{"services":[{"service_name":"test_service","service_key":"*****"},{"service_name":"test_service_2","service_key":"*****"},{"service_name":"testing_foo","service_key":"*****"},{"service_name":"testing_bar","service_key":"*****"}],"schedules":["https://ddog.pagerduty.com/schedules/X123VF"],"subdomain":"testdomain","api_token":"*****"}'
    headers:
      Cache-Control:
      - no-cache
      Connection:
      - keep-alive
      Content-Security-Policy:
      - frame-ancestors 'self'; report-uri https://api.datadoghq.com/csp-report
      Content-Type:
      - application/json
      Date:
      - Fri, 31 Jul 2020 13:49:25 GMT
      Dd-Pool:
      - dogweb
      Pragma:
      - no-cache
      Set-Cookie:
      - DD-PSHARD=89; Max-Age=604800; Path=/; expires=Fri, 07-Aug-2020 13:49:25 GMT;
        secure; HttpOnly
      Strict-Transport-Security:
      - max-age=15724800;
      Vary:
      - Accept-Encoding
      X-Content-Type-Options:
      - nosniff
      X-Dd-Debug:
      - IQ8K2fbi9+hzvlptawk0u/OuKVQnGsq/zTg5fJDW+VMOK8B6bbyB7UdQwiRey3sj
      X-Dd-Version:
      - "35.2815668"
      X-Frame-Options:
      - SAMEORIGIN
    status: 200 OK
    code: 200
    duration: ""
- request:
    body: ""
    form: {}
    headers:
      User-Agent:
      - terraform-provider-datadog/dev (terraform 1.10.0; terraform-cli 0.12.7-sdk)
        datadog-api-client-go/go-datadog-api (go go1.14.4; os darwin; arch amd64)
      X-Datadog-Parent-Id:
      - "782980600507817017"
      X-Datadog-Sampling-Priority:
      - "1"
      X-Datadog-Trace-Id:
      - "782980600507817017"
    url: https://api.datadoghq.com/api/v1/integration/pagerduty
    method: GET
  response:
    body: '{"services":[{"service_name":"test_service","service_key":"*****"},{"service_name":"test_service_2","service_key":"*****"},{"service_name":"testing_foo","service_key":"*****"},{"service_name":"testing_bar","service_key":"*****"}],"schedules":["https://ddog.pagerduty.com/schedules/X123VF"],"subdomain":"testdomain","api_token":"*****"}'
    headers:
      Cache-Control:
      - no-cache
      Connection:
      - keep-alive
      Content-Security-Policy:
      - frame-ancestors 'self'; report-uri https://api.datadoghq.com/csp-report
      Content-Type:
      - application/json
      Date:
      - Fri, 31 Jul 2020 13:49:25 GMT
      Dd-Pool:
      - dogweb
      Pragma:
      - no-cache
      Set-Cookie:
      - DD-PSHARD=89; Max-Age=604800; Path=/; expires=Fri, 07-Aug-2020 13:49:25 GMT;
        secure; HttpOnly
      Strict-Transport-Security:
      - max-age=15724800;
      Vary:
      - Accept-Encoding
      X-Content-Type-Options:
      - nosniff
      X-Dd-Debug:
      - VrfuwPWz7NeThlchrolTMUM/qZBMpa8Q8rZQA3T40ZJ79ziNGoUKHQtTN5Wq7wi9
      X-Dd-Version:
      - "35.2815668"
      X-Frame-Options:
      - SAMEORIGIN
    status: 200 OK
    code: 200
    duration: ""
- request:
    body: ""
    form: {}
    headers:
      Accept:
      - application/json
      Dd-Operation-Id:
      - GetPagerDutyIntegrationService
      User-Agent:
      - terraform-provider-datadog/dev (terraform 1.10.0; terraform-cli 0.12.7-sdk)
        datadog-api-client-go/1.0.0-beta.8+dev (go go1.14.4; os darwin; arch amd64)
      X-Datadog-Parent-Id:
      - "146992211077806408"
      X-Datadog-Sampling-Priority:
      - "1"
      X-Datadog-Trace-Id:
      - "7320280741867529672"
    url: https://api.datadoghq.com/api/v1/integration/pagerduty/configuration/services/testing_bar
    method: GET
  response:
    body: '{"service_name":"testing_bar"}'
    headers:
      Cache-Control:
      - no-cache
      Connection:
      - keep-alive
      Content-Security-Policy:
      - frame-ancestors 'self'; report-uri https://api.datadoghq.com/csp-report
      Content-Type:
      - application/json
      Date:
      - Fri, 31 Jul 2020 13:49:26 GMT
      Dd-Pool:
      - dogweb
      Pragma:
      - no-cache
      Set-Cookie:
      - DD-PSHARD=89; Max-Age=604800; Path=/; expires=Fri, 07-Aug-2020 13:49:26 GMT;
        secure; HttpOnly
      Strict-Transport-Security:
      - max-age=15724800;
      Vary:
      - Accept-Encoding
      X-Content-Type-Options:
      - nosniff
      X-Dd-Debug:
      - XjK2o0wZUvYdBW+2ehcRCEkACjwGWaFPiPx9Pz/AJpnmQ5CAKt9p/CcLopLFrkp+
      X-Dd-Version:
      - "35.2815668"
      X-Frame-Options:
      - SAMEORIGIN
    status: 200 OK
    code: 200
    duration: ""
- request:
    body: ""
    form: {}
    headers:
      Accept:
      - application/json
      Dd-Operation-Id:
      - GetPagerDutyIntegrationService
      User-Agent:
      - terraform-provider-datadog/dev (terraform 1.10.0; terraform-cli 0.12.7-sdk)
        datadog-api-client-go/1.0.0-beta.8+dev (go go1.14.4; os darwin; arch amd64)
      X-Datadog-Parent-Id:
      - "6372206496135905401"
      X-Datadog-Sampling-Priority:
      - "1"
      X-Datadog-Trace-Id:
      - "7320280741867529672"
    url: https://api.datadoghq.com/api/v1/integration/pagerduty/configuration/services/testing_foo
    method: GET
  response:
    body: '{"service_name":"testing_foo"}'
    headers:
      Cache-Control:
      - no-cache
      Connection:
      - keep-alive
      Content-Security-Policy:
      - frame-ancestors 'self'; report-uri https://api.datadoghq.com/csp-report
      Content-Type:
      - application/json
      Date:
      - Fri, 31 Jul 2020 13:49:26 GMT
      Dd-Pool:
      - dogweb
      Pragma:
      - no-cache
      Set-Cookie:
      - DD-PSHARD=89; Max-Age=604800; Path=/; expires=Fri, 07-Aug-2020 13:49:26 GMT;
        secure; HttpOnly
      Strict-Transport-Security:
      - max-age=15724800;
      Vary:
      - Accept-Encoding
      X-Content-Type-Options:
      - nosniff
      X-Dd-Debug:
      - hwI1xW1jobFHf2zp84DCOIiyi35zogyeJRd8i6KVEP/Mns/VANCoCRbonvlZZK0p
      X-Dd-Version:
      - "35.2815668"
      X-Frame-Options:
      - SAMEORIGIN
    status: 200 OK
    code: 200
    duration: ""
- request:
    body: ""
    form: {}
    headers:
      Accept:
      - application/json
      Dd-Operation-Id:
      - GetPagerDutyIntegrationService
      User-Agent:
      - terraform-provider-datadog/dev (terraform 1.10.0; terraform-cli 0.12.7-sdk)
        datadog-api-client-go/1.0.0-beta.8+dev (go go1.14.4; os darwin; arch amd64)
      X-Datadog-Parent-Id:
      - "3666992980991974648"
      X-Datadog-Sampling-Priority:
      - "1"
      X-Datadog-Trace-Id:
      - "7320280741867529672"
    url: https://api.datadoghq.com/api/v1/integration/pagerduty/configuration/services/testing_bar
    method: GET
  response:
    body: '{"service_name":"testing_bar"}'
    headers:
      Cache-Control:
      - no-cache
      Connection:
      - keep-alive
      Content-Security-Policy:
      - frame-ancestors 'self'; report-uri https://api.datadoghq.com/csp-report
      Content-Type:
      - application/json
      Date:
      - Fri, 31 Jul 2020 13:49:26 GMT
      Dd-Pool:
      - dogweb
      Pragma:
      - no-cache
      Set-Cookie:
      - DD-PSHARD=89; Max-Age=604800; Path=/; expires=Fri, 07-Aug-2020 13:49:26 GMT;
        secure; HttpOnly
      Strict-Transport-Security:
      - max-age=15724800;
      Vary:
      - Accept-Encoding
      X-Content-Type-Options:
      - nosniff
      X-Dd-Debug:
      - R+BGGnZMtbvYWtGq9M9om6g5FBbudjw/kjFwIVbJMg4UBrDBM7fmeIfoMzOC86mB
      X-Dd-Version:
      - "35.2815668"
      X-Frame-Options:
      - SAMEORIGIN
    status: 200 OK
    code: 200
    duration: ""
- request:
    body: ""
    form: {}
    headers:
      Accept:
      - application/json
      Dd-Operation-Id:
      - GetPagerDutyIntegrationService
      User-Agent:
      - terraform-provider-datadog/dev (terraform 1.10.0; terraform-cli 0.12.7-sdk)
        datadog-api-client-go/1.0.0-beta.8+dev (go go1.14.4; os darwin; arch amd64)
      X-Datadog-Parent-Id:
      - "5964114901698570256"
      X-Datadog-Sampling-Priority:
      - "1"
      X-Datadog-Trace-Id:
      - "7320280741867529672"
    url: https://api.datadoghq.com/api/v1/integration/pagerduty/configuration/services/testing_foo
    method: GET
  response:
    body: '{"service_name":"testing_foo"}'
    headers:
      Cache-Control:
      - no-cache
      Connection:
      - keep-alive
      Content-Security-Policy:
      - frame-ancestors 'self'; report-uri https://api.datadoghq.com/csp-report
      Content-Type:
      - application/json
      Date:
      - Fri, 31 Jul 2020 13:49:26 GMT
      Dd-Pool:
      - dogweb
      Pragma:
      - no-cache
      Set-Cookie:
      - DD-PSHARD=89; Max-Age=604800; Path=/; expires=Fri, 07-Aug-2020 13:49:26 GMT;
        secure; HttpOnly
      Strict-Transport-Security:
      - max-age=15724800;
      Vary:
      - Accept-Encoding
      X-Content-Type-Options:
      - nosniff
      X-Dd-Debug:
      - 3lDll4u9QqYwHMWOkA8glZ7NC0kbWkAzjZydncoTcZ2CJ9Wx0i+bhDZ56KbTITxE
      X-Dd-Version:
      - "35.2815668"
      X-Frame-Options:
      - SAMEORIGIN
    status: 200 OK
    code: 200
    duration: ""
- request:
    body: ""
    form: {}
    headers:
      Accept:
      - application/json
      Dd-Operation-Id:
      - DeletePagerDutyIntegrationService
      User-Agent:
      - terraform-provider-datadog/dev (terraform 1.10.0; terraform-cli 0.12.7-sdk)
        datadog-api-client-go/1.0.0-beta.8+dev (go go1.14.4; os darwin; arch amd64)
      X-Datadog-Parent-Id:
      - "1702293001687296361"
      X-Datadog-Sampling-Priority:
      - "1"
      X-Datadog-Trace-Id:
      - "7320280741867529672"
    url: https://api.datadoghq.com/api/v1/integration/pagerduty/configuration/services/testing_bar
    method: DELETE
  response:
    body: "null"
    headers:
      Cache-Control:
      - no-cache
      Connection:
      - keep-alive
      Content-Length:
      - "4"
      Content-Security-Policy:
      - frame-ancestors 'self'; report-uri https://api.datadoghq.com/csp-report
      Content-Type:
      - application/json
      Date:
      - Fri, 31 Jul 2020 13:49:26 GMT
      Dd-Pool:
      - dogweb
      Pragma:
      - no-cache
      Set-Cookie:
      - DD-PSHARD=89; Max-Age=604800; Path=/; expires=Fri, 07-Aug-2020 13:49:26 GMT;
        secure; HttpOnly
      Strict-Transport-Security:
      - max-age=15724800;
      X-Content-Type-Options:
      - nosniff
      X-Dd-Debug:
      - 3SrY+rW/1IpSD59dSh0lrX31gfBlD66FR4e138D7SBXmcqz4J7a4AYlrKs7JM//f
      X-Dd-Version:
      - "35.2815668"
      X-Frame-Options:
      - SAMEORIGIN
    status: 200 OK
    code: 200
    duration: ""
- request:
    body: ""
    form: {}
    headers:
      Accept:
      - application/json
      Dd-Operation-Id:
      - DeletePagerDutyIntegrationService
      User-Agent:
      - terraform-provider-datadog/dev (terraform 1.10.0; terraform-cli 0.12.7-sdk)
        datadog-api-client-go/1.0.0-beta.8+dev (go go1.14.4; os darwin; arch amd64)
      X-Datadog-Parent-Id:
      - "4631835632058228730"
      X-Datadog-Sampling-Priority:
      - "1"
      X-Datadog-Trace-Id:
      - "7320280741867529672"
    url: https://api.datadoghq.com/api/v1/integration/pagerduty/configuration/services/testing_foo
    method: DELETE
  response:
    body: "null"
    headers:
      Cache-Control:
      - no-cache
      Connection:
      - keep-alive
      Content-Length:
      - "4"
      Content-Security-Policy:
      - frame-ancestors 'self'; report-uri https://api.datadoghq.com/csp-report
      Content-Type:
      - application/json
      Date:
      - Fri, 31 Jul 2020 13:49:27 GMT
      Dd-Pool:
      - dogweb
      Pragma:
      - no-cache
      Set-Cookie:
      - DD-PSHARD=89; Max-Age=604800; Path=/; expires=Fri, 07-Aug-2020 13:49:26 GMT;
        secure; HttpOnly
      Strict-Transport-Security:
      - max-age=15724800;
      X-Content-Type-Options:
      - nosniff
      X-Dd-Debug:
      - bZ8PcbNqEmbbJ8nc+dQusTUDoKKQFuL+nhI4hbxY9dmfUYLMJgZ7786JpyB/dH+V
      X-Dd-Version:
      - "35.2815668"
      X-Frame-Options:
      - SAMEORIGIN
    status: 200 OK
    code: 200
    duration: ""
- request:
    body: |
      {"service_key":"54321098765432109876_2","service_name":"testing_bar_2"}
    form: {}
    headers:
      Accept:
      - application/json
      Content-Type:
      - application/json
      Dd-Operation-Id:
      - CreatePagerDutyIntegrationService
      User-Agent:
      - terraform-provider-datadog/dev (terraform 1.10.0; terraform-cli 0.12.7-sdk)
        datadog-api-client-go/1.0.0-beta.8+dev (go go1.14.4; os darwin; arch amd64)
      X-Datadog-Parent-Id:
      - "317909911095139408"
      X-Datadog-Sampling-Priority:
      - "1"
      X-Datadog-Trace-Id:
      - "7320280741867529672"
    url: https://api.datadoghq.com/api/v1/integration/pagerduty/configuration/services
    method: POST
  response:
    body: '{"service_name":"testing_bar_2"}'
    headers:
      Cache-Control:
      - no-cache
      Connection:
      - keep-alive
      Content-Length:
      - "32"
      Content-Security-Policy:
      - frame-ancestors 'self'; report-uri https://api.datadoghq.com/csp-report
      Content-Type:
      - application/json
      Date:
      - Fri, 31 Jul 2020 13:49:27 GMT
      Dd-Pool:
      - dogweb
      Pragma:
      - no-cache
      Set-Cookie:
      - DD-PSHARD=89; Max-Age=604800; Path=/; expires=Fri, 07-Aug-2020 13:49:27 GMT;
        secure; HttpOnly
      Strict-Transport-Security:
      - max-age=15724800;
      X-Content-Type-Options:
      - nosniff
      X-Dd-Debug:
      - jfscxJB7bdzzm6G8p+8YLUbIiYXEtyzyIG7UAhfu6PQdhEmRmIgRloqghqsvaZA7
      X-Dd-Version:
      - "35.2815668"
      X-Frame-Options:
      - SAMEORIGIN
    status: 201 Created
    code: 201
    duration: ""
- request:
    body: ""
    form: {}
    headers:
      Accept:
      - application/json
      Dd-Operation-Id:
      - GetPagerDutyIntegrationService
      User-Agent:
      - terraform-provider-datadog/dev (terraform 1.10.0; terraform-cli 0.12.7-sdk)
        datadog-api-client-go/1.0.0-beta.8+dev (go go1.14.4; os darwin; arch amd64)
      X-Datadog-Parent-Id:
      - "4625643048047579925"
      X-Datadog-Sampling-Priority:
      - "1"
      X-Datadog-Trace-Id:
      - "7320280741867529672"
    url: https://api.datadoghq.com/api/v1/integration/pagerduty/configuration/services/testing_bar_2
    method: GET
  response:
    body: '{"service_name":"testing_bar_2"}'
    headers:
      Cache-Control:
      - no-cache
      Connection:
      - keep-alive
      Content-Security-Policy:
      - frame-ancestors 'self'; report-uri https://api.datadoghq.com/csp-report
      Content-Type:
      - application/json
      Date:
      - Fri, 31 Jul 2020 13:49:27 GMT
      Dd-Pool:
      - dogweb
      Pragma:
      - no-cache
      Set-Cookie:
      - DD-PSHARD=89; Max-Age=604800; Path=/; expires=Fri, 07-Aug-2020 13:49:27 GMT;
        secure; HttpOnly
      Strict-Transport-Security:
      - max-age=15724800;
      Vary:
      - Accept-Encoding
      X-Content-Type-Options:
      - nosniff
      X-Dd-Debug:
      - cqwmUHOyW+p7rZMHoPHfBQiYcr5B53SMxptYY4mRvM+/RwpX5mM9nb+6HInmqZDD
      X-Dd-Version:
      - "35.2815668"
      X-Frame-Options:
      - SAMEORIGIN
    status: 200 OK
    code: 200
    duration: ""
- request:
    body: |
      {"service_key":"9876543210123456789_2","service_name":"testing_foo_2"}
    form: {}
    headers:
      Accept:
      - application/json
      Content-Type:
      - application/json
      Dd-Operation-Id:
      - CreatePagerDutyIntegrationService
      User-Agent:
      - terraform-provider-datadog/dev (terraform 1.10.0; terraform-cli 0.12.7-sdk)
        datadog-api-client-go/1.0.0-beta.8+dev (go go1.14.4; os darwin; arch amd64)
      X-Datadog-Parent-Id:
      - "2853230359641032388"
      X-Datadog-Sampling-Priority:
      - "1"
      X-Datadog-Trace-Id:
      - "7320280741867529672"
    url: https://api.datadoghq.com/api/v1/integration/pagerduty/configuration/services
    method: POST
  response:
    body: '{"service_name":"testing_foo_2"}'
    headers:
      Cache-Control:
      - no-cache
      Connection:
      - keep-alive
      Content-Length:
      - "32"
      Content-Security-Policy:
      - frame-ancestors 'self'; report-uri https://api.datadoghq.com/csp-report
      Content-Type:
      - application/json
      Date:
      - Fri, 31 Jul 2020 13:49:27 GMT
      Dd-Pool:
      - dogweb
      Pragma:
      - no-cache
      Set-Cookie:
      - DD-PSHARD=89; Max-Age=604800; Path=/; expires=Fri, 07-Aug-2020 13:49:27 GMT;
        secure; HttpOnly
      Strict-Transport-Security:
      - max-age=15724800;
      X-Content-Type-Options:
      - nosniff
      X-Dd-Debug:
      - cu+xiOT7hIBgS03q/GGP340Oy0ONcG6pZ9wqJI2u7YJJl2O0i7XfYQHy5cqEHiiU
      X-Dd-Version:
      - "35.2815668"
      X-Frame-Options:
      - SAMEORIGIN
    status: 201 Created
    code: 201
    duration: ""
- request:
    body: ""
    form: {}
    headers:
      Accept:
      - application/json
      Dd-Operation-Id:
      - GetPagerDutyIntegrationService
      User-Agent:
      - terraform-provider-datadog/dev (terraform 1.10.0; terraform-cli 0.12.7-sdk)
        datadog-api-client-go/1.0.0-beta.8+dev (go go1.14.4; os darwin; arch amd64)
      X-Datadog-Parent-Id:
      - "7239923753253022021"
      X-Datadog-Sampling-Priority:
      - "1"
      X-Datadog-Trace-Id:
      - "7320280741867529672"
    url: https://api.datadoghq.com/api/v1/integration/pagerduty/configuration/services/testing_foo_2
    method: GET
  response:
    body: '{"service_name":"testing_foo_2"}'
    headers:
      Cache-Control:
      - no-cache
      Connection:
      - keep-alive
      Content-Security-Policy:
      - frame-ancestors 'self'; report-uri https://api.datadoghq.com/csp-report
      Content-Type:
      - application/json
      Date:
      - Fri, 31 Jul 2020 13:49:27 GMT
      Dd-Pool:
      - dogweb
      Pragma:
      - no-cache
      Set-Cookie:
      - DD-PSHARD=89; Max-Age=604800; Path=/; expires=Fri, 07-Aug-2020 13:49:27 GMT;
        secure; HttpOnly
      Strict-Transport-Security:
      - max-age=15724800;
      Vary:
      - Accept-Encoding
      X-Content-Type-Options:
      - nosniff
      X-Dd-Debug:
      - 8SRiUWbXROhxbt2qTQIHI0/ItB0astmOk0SdLblSP1dc2sgzXOkFLy1C59PpfWH3
      X-Dd-Version:
      - "35.2815668"
      X-Frame-Options:
      - SAMEORIGIN
    status: 200 OK
    code: 200
    duration: ""
- request:
    body: ""
    form: {}
    headers:
      User-Agent:
      - terraform-provider-datadog/dev (terraform 1.10.0; terraform-cli 0.12.7-sdk)
        datadog-api-client-go/go-datadog-api (go go1.14.4; os darwin; arch amd64)
      X-Datadog-Parent-Id:
      - "8768939866834359917"
      X-Datadog-Sampling-Priority:
      - "1"
      X-Datadog-Trace-Id:
      - "8768939866834359917"
    url: https://api.datadoghq.com/api/v1/integration/pagerduty
    method: GET
  response:
    body: '{"services":[{"service_name":"test_service","service_key":"*****"},{"service_name":"test_service_2","service_key":"*****"},{"service_name":"testing_bar_2","service_key":"*****"},{"service_name":"testing_foo_2","service_key":"*****"}],"schedules":["https://ddog.pagerduty.com/schedules/X123VF"],"subdomain":"testdomain","api_token":"*****"}'
    headers:
      Cache-Control:
      - no-cache
      Connection:
      - keep-alive
      Content-Security-Policy:
      - frame-ancestors 'self'; report-uri https://api.datadoghq.com/csp-report
      Content-Type:
      - application/json
      Date:
      - Fri, 31 Jul 2020 13:49:28 GMT
      Dd-Pool:
      - dogweb
      Pragma:
      - no-cache
      Set-Cookie:
      - DD-PSHARD=89; Max-Age=604800; Path=/; expires=Fri, 07-Aug-2020 13:49:28 GMT;
        secure; HttpOnly
      Strict-Transport-Security:
      - max-age=15724800;
      Vary:
      - Accept-Encoding
      X-Content-Type-Options:
      - nosniff
      X-Dd-Debug:
      - ThFAspOud8TIFb0i462vW51jgqmLEl+lbRrGZWrEJWVv0X5koObHP/UOy3Lmv2cU
      X-Dd-Version:
      - "35.2815668"
      X-Frame-Options:
      - SAMEORIGIN
    status: 200 OK
    code: 200
    duration: ""
- request:
    body: ""
    form: {}
    headers:
      User-Agent:
      - terraform-provider-datadog/dev (terraform 1.10.0; terraform-cli 0.12.7-sdk)
        datadog-api-client-go/go-datadog-api (go go1.14.4; os darwin; arch amd64)
      X-Datadog-Parent-Id:
      - "4219379828897480282"
      X-Datadog-Sampling-Priority:
      - "1"
      X-Datadog-Trace-Id:
      - "4219379828897480282"
    url: https://api.datadoghq.com/api/v1/integration/pagerduty
    method: GET
  response:
    body: '{"services":[{"service_name":"test_service","service_key":"*****"},{"service_name":"test_service_2","service_key":"*****"},{"service_name":"testing_bar_2","service_key":"*****"},{"service_name":"testing_foo_2","service_key":"*****"}],"schedules":["https://ddog.pagerduty.com/schedules/X123VF"],"subdomain":"testdomain","api_token":"*****"}'
    headers:
      Cache-Control:
      - no-cache
      Connection:
      - keep-alive
      Content-Security-Policy:
      - frame-ancestors 'self'; report-uri https://api.datadoghq.com/csp-report
      Content-Type:
      - application/json
      Date:
      - Fri, 31 Jul 2020 13:49:28 GMT
      Dd-Pool:
      - dogweb
      Pragma:
      - no-cache
      Set-Cookie:
      - DD-PSHARD=89; Max-Age=604800; Path=/; expires=Fri, 07-Aug-2020 13:49:28 GMT;
        secure; HttpOnly
      Strict-Transport-Security:
      - max-age=15724800;
      Vary:
      - Accept-Encoding
      X-Content-Type-Options:
      - nosniff
      X-Dd-Debug:
      - 7Xb1IJ1Uixy5la4YBB2E44YpaJGG1TNl9ZxHDUIR8+68+U1TW9qaZp85gUktftNL
      X-Dd-Version:
      - "35.2815668"
      X-Frame-Options:
      - SAMEORIGIN
    status: 200 OK
    code: 200
    duration: ""
- request:
    body: ""
    form: {}
    headers:
      Accept:
      - application/json
      Dd-Operation-Id:
      - GetPagerDutyIntegrationService
      User-Agent:
      - terraform-provider-datadog/dev (terraform 1.10.0; terraform-cli 0.12.7-sdk)
        datadog-api-client-go/1.0.0-beta.8+dev (go go1.14.4; os darwin; arch amd64)
      X-Datadog-Parent-Id:
      - "8059747330361952379"
      X-Datadog-Sampling-Priority:
      - "1"
      X-Datadog-Trace-Id:
      - "7320280741867529672"
    url: https://api.datadoghq.com/api/v1/integration/pagerduty/configuration/services/testing_bar_2
    method: GET
  response:
    body: '{"service_name":"testing_bar_2"}'
    headers:
      Cache-Control:
      - no-cache
      Connection:
      - keep-alive
      Content-Security-Policy:
      - frame-ancestors 'self'; report-uri https://api.datadoghq.com/csp-report
      Content-Type:
      - application/json
      Date:
      - Fri, 31 Jul 2020 13:49:28 GMT
      Dd-Pool:
      - dogweb
      Pragma:
      - no-cache
      Set-Cookie:
      - DD-PSHARD=89; Max-Age=604800; Path=/; expires=Fri, 07-Aug-2020 13:49:28 GMT;
        secure; HttpOnly
      Strict-Transport-Security:
      - max-age=15724800;
      Vary:
      - Accept-Encoding
      X-Content-Type-Options:
      - nosniff
      X-Dd-Debug:
      - /TSrSz6v5XjRPfmaNlJEPeLc0RfIWLnj92xOVv9DYeDpbEGGKgBp2oigZRYra7Ha
      X-Dd-Version:
      - "35.2815668"
      X-Frame-Options:
      - SAMEORIGIN
    status: 200 OK
    code: 200
    duration: ""
- request:
    body: ""
    form: {}
    headers:
      Accept:
      - application/json
      Dd-Operation-Id:
      - GetPagerDutyIntegrationService
      User-Agent:
      - terraform-provider-datadog/dev (terraform 1.10.0; terraform-cli 0.12.7-sdk)
        datadog-api-client-go/1.0.0-beta.8+dev (go go1.14.4; os darwin; arch amd64)
      X-Datadog-Parent-Id:
      - "1997771401874821309"
      X-Datadog-Sampling-Priority:
      - "1"
      X-Datadog-Trace-Id:
      - "7320280741867529672"
    url: https://api.datadoghq.com/api/v1/integration/pagerduty/configuration/services/testing_foo_2
    method: GET
  response:
    body: '{"service_name":"testing_foo_2"}'
    headers:
      Cache-Control:
      - no-cache
      Connection:
      - keep-alive
      Content-Security-Policy:
      - frame-ancestors 'self'; report-uri https://api.datadoghq.com/csp-report
      Content-Type:
      - application/json
      Date:
      - Fri, 31 Jul 2020 13:49:28 GMT
      Dd-Pool:
      - dogweb
      Pragma:
      - no-cache
      Set-Cookie:
      - DD-PSHARD=89; Max-Age=604800; Path=/; expires=Fri, 07-Aug-2020 13:49:28 GMT;
        secure; HttpOnly
      Strict-Transport-Security:
      - max-age=15724800;
      Vary:
      - Accept-Encoding
      X-Content-Type-Options:
      - nosniff
      X-Dd-Debug:
      - b27Zq5Wy7oAnZxlsGqmQzZQCnr9CxlKvwrgvfuudDwr1BTrsj1X8cZcOj+nTIiGm
      X-Dd-Version:
      - "35.2815668"
      X-Frame-Options:
      - SAMEORIGIN
    status: 200 OK
    code: 200
    duration: ""
- request:
    body: ""
    form: {}
    headers:
      Accept:
      - application/json
      Dd-Operation-Id:
      - GetPagerDutyIntegrationService
      User-Agent:
      - terraform-provider-datadog/dev (terraform 1.10.0; terraform-cli 0.12.7-sdk)
        datadog-api-client-go/1.0.0-beta.8+dev (go go1.14.4; os darwin; arch amd64)
      X-Datadog-Parent-Id:
      - "2850445372924136470"
      X-Datadog-Sampling-Priority:
      - "1"
      X-Datadog-Trace-Id:
      - "7320280741867529672"
    url: https://api.datadoghq.com/api/v1/integration/pagerduty/configuration/services/testing_bar_2
    method: GET
  response:
    body: '{"service_name":"testing_bar_2"}'
    headers:
      Cache-Control:
      - no-cache
      Connection:
      - keep-alive
      Content-Security-Policy:
      - frame-ancestors 'self'; report-uri https://api.datadoghq.com/csp-report
      Content-Type:
      - application/json
      Date:
      - Fri, 31 Jul 2020 13:49:29 GMT
      Dd-Pool:
      - dogweb
      Pragma:
      - no-cache
      Set-Cookie:
      - DD-PSHARD=89; Max-Age=604800; Path=/; expires=Fri, 07-Aug-2020 13:49:28 GMT;
        secure; HttpOnly
      Strict-Transport-Security:
      - max-age=15724800;
      Vary:
      - Accept-Encoding
      X-Content-Type-Options:
      - nosniff
      X-Dd-Debug:
      - mDemhetu8FOw3bGKy8rFAc/mRktX4d7+8dIrsH6V3HzcOMMGfsFIPcuEvs4L/nJb
      X-Dd-Version:
      - "35.2815668"
      X-Frame-Options:
      - SAMEORIGIN
    status: 200 OK
    code: 200
    duration: ""
- request:
    body: ""
    form: {}
    headers:
      Accept:
      - application/json
      Dd-Operation-Id:
      - GetPagerDutyIntegrationService
      User-Agent:
      - terraform-provider-datadog/dev (terraform 1.10.0; terraform-cli 0.12.7-sdk)
        datadog-api-client-go/1.0.0-beta.8+dev (go go1.14.4; os darwin; arch amd64)
      X-Datadog-Parent-Id:
      - "39916376668604024"
      X-Datadog-Sampling-Priority:
      - "1"
      X-Datadog-Trace-Id:
      - "7320280741867529672"
    url: https://api.datadoghq.com/api/v1/integration/pagerduty/configuration/services/testing_foo_2
    method: GET
  response:
    body: '{"service_name":"testing_foo_2"}'
    headers:
      Cache-Control:
      - no-cache
      Connection:
      - keep-alive
      Content-Security-Policy:
      - frame-ancestors 'self'; report-uri https://api.datadoghq.com/csp-report
      Content-Type:
      - application/json
      Date:
      - Fri, 31 Jul 2020 13:49:29 GMT
      Dd-Pool:
      - dogweb
      Pragma:
      - no-cache
      Set-Cookie:
      - DD-PSHARD=89; Max-Age=604800; Path=/; expires=Fri, 07-Aug-2020 13:49:29 GMT;
        secure; HttpOnly
      Strict-Transport-Security:
      - max-age=15724800;
      Vary:
      - Accept-Encoding
      X-Content-Type-Options:
      - nosniff
      X-Dd-Debug:
      - Z9WzCmBHxyUzHalCbEiJOxeZujJKNiZRhK/6aib+/Z0JTaz0lnnMaC+k3nufqqqQ
      X-Dd-Version:
      - "35.2815668"
      X-Frame-Options:
      - SAMEORIGIN
    status: 200 OK
    code: 200
    duration: ""
- request:
    body: ""
    form: {}
    headers:
      User-Agent:
      - terraform-provider-datadog/dev (terraform 1.10.0; terraform-cli 0.12.7-sdk)
        datadog-api-client-go/go-datadog-api (go go1.14.4; os darwin; arch amd64)
      X-Datadog-Parent-Id:
      - "930291605112724818"
      X-Datadog-Sampling-Priority:
      - "1"
      X-Datadog-Trace-Id:
      - "930291605112724818"
    url: https://api.datadoghq.com/api/v1/integration/pagerduty
    method: GET
  response:
    body: '{"services":[{"service_name":"test_service","service_key":"*****"},{"service_name":"test_service_2","service_key":"*****"},{"service_name":"testing_bar_2","service_key":"*****"},{"service_name":"testing_foo_2","service_key":"*****"}],"schedules":["https://ddog.pagerduty.com/schedules/X123VF"],"subdomain":"testdomain","api_token":"*****"}'
    headers:
      Cache-Control:
      - no-cache
      Connection:
      - keep-alive
      Content-Security-Policy:
      - frame-ancestors 'self'; report-uri https://api.datadoghq.com/csp-report
      Content-Type:
      - application/json
      Date:
      - Fri, 31 Jul 2020 13:49:29 GMT
      Dd-Pool:
      - dogweb
      Pragma:
      - no-cache
      Set-Cookie:
      - DD-PSHARD=89; Max-Age=604800; Path=/; expires=Fri, 07-Aug-2020 13:49:29 GMT;
        secure; HttpOnly
      Strict-Transport-Security:
      - max-age=15724800;
      Vary:
      - Accept-Encoding
      X-Content-Type-Options:
      - nosniff
      X-Dd-Debug:
      - RW7Jh3hJzZEKC1g7P/ofc85h/zNgckqPnAk3Gvz2f+WIY9CjtI7FMla2kefB3JW/
      X-Dd-Version:
      - "35.2815668"
      X-Frame-Options:
      - SAMEORIGIN
    status: 200 OK
    code: 200
    duration: ""
- request:
    body: ""
    form: {}
    headers:
      User-Agent:
      - terraform-provider-datadog/dev (terraform 1.10.0; terraform-cli 0.12.7-sdk)
        datadog-api-client-go/go-datadog-api (go go1.14.4; os darwin; arch amd64)
      X-Datadog-Parent-Id:
      - "8005686816037620433"
      X-Datadog-Sampling-Priority:
      - "1"
      X-Datadog-Trace-Id:
      - "8005686816037620433"
    url: https://api.datadoghq.com/api/v1/integration/pagerduty
    method: GET
  response:
    body: '{"services":[{"service_name":"test_service","service_key":"*****"},{"service_name":"test_service_2","service_key":"*****"},{"service_name":"testing_bar_2","service_key":"*****"},{"service_name":"testing_foo_2","service_key":"*****"}],"schedules":["https://ddog.pagerduty.com/schedules/X123VF"],"subdomain":"testdomain","api_token":"*****"}'
    headers:
      Cache-Control:
      - no-cache
      Connection:
      - keep-alive
      Content-Security-Policy:
      - frame-ancestors 'self'; report-uri https://api.datadoghq.com/csp-report
      Content-Type:
      - application/json
      Date:
      - Fri, 31 Jul 2020 13:49:29 GMT
      Dd-Pool:
      - dogweb
      Pragma:
      - no-cache
      Set-Cookie:
      - DD-PSHARD=89; Max-Age=604800; Path=/; expires=Fri, 07-Aug-2020 13:49:29 GMT;
        secure; HttpOnly
      Strict-Transport-Security:
      - max-age=15724800;
      Vary:
      - Accept-Encoding
      X-Content-Type-Options:
      - nosniff
      X-Dd-Debug:
      - nuA6oIOwEyzQMkmK3WIf9ajLpdP0w0Xxbaz0IjpW1AMBH3Ul2dMZ+aapHAQF86De
      X-Dd-Version:
      - "35.2815668"
      X-Frame-Options:
      - SAMEORIGIN
    status: 200 OK
    code: 200
    duration: ""
- request:
    body: ""
    form: {}
    headers:
      Accept:
      - application/json
      Dd-Operation-Id:
      - GetPagerDutyIntegrationService
      User-Agent:
      - terraform-provider-datadog/dev (terraform 1.10.0; terraform-cli 0.12.7-sdk)
        datadog-api-client-go/1.0.0-beta.8+dev (go go1.14.4; os darwin; arch amd64)
      X-Datadog-Parent-Id:
      - "4145713426240063243"
      X-Datadog-Sampling-Priority:
      - "1"
      X-Datadog-Trace-Id:
      - "7320280741867529672"
    url: https://api.datadoghq.com/api/v1/integration/pagerduty/configuration/services/testing_foo_2
    method: GET
  response:
    body: '{"service_name":"testing_foo_2"}'
    headers:
      Cache-Control:
      - no-cache
      Connection:
      - keep-alive
      Content-Security-Policy:
      - frame-ancestors 'self'; report-uri https://api.datadoghq.com/csp-report
      Content-Type:
      - application/json
      Date:
      - Fri, 31 Jul 2020 13:49:29 GMT
      Dd-Pool:
      - dogweb
      Pragma:
      - no-cache
      Set-Cookie:
      - DD-PSHARD=89; Max-Age=604800; Path=/; expires=Fri, 07-Aug-2020 13:49:29 GMT;
        secure; HttpOnly
      Strict-Transport-Security:
      - max-age=15724800;
      Vary:
      - Accept-Encoding
      X-Content-Type-Options:
      - nosniff
      X-Dd-Debug:
      - 5SAG8lv0MhY4kZJnd5qEW3TFs7P9UpN3X2ioDrINr25HfRaRWrwlUDc5/3lM+wZb
      X-Dd-Version:
      - "35.2815668"
      X-Frame-Options:
      - SAMEORIGIN
    status: 200 OK
    code: 200
    duration: ""
- request:
    body: ""
    form: {}
    headers:
      Accept:
      - application/json
      Dd-Operation-Id:
      - GetPagerDutyIntegrationService
      User-Agent:
      - terraform-provider-datadog/dev (terraform 1.10.0; terraform-cli 0.12.7-sdk)
        datadog-api-client-go/1.0.0-beta.8+dev (go go1.14.4; os darwin; arch amd64)
      X-Datadog-Parent-Id:
      - "8726088350197521537"
      X-Datadog-Sampling-Priority:
      - "1"
      X-Datadog-Trace-Id:
      - "7320280741867529672"
    url: https://api.datadoghq.com/api/v1/integration/pagerduty/configuration/services/testing_bar_2
    method: GET
  response:
    body: '{"service_name":"testing_bar_2"}'
    headers:
      Cache-Control:
      - no-cache
      Connection:
      - keep-alive
      Content-Security-Policy:
      - frame-ancestors 'self'; report-uri https://api.datadoghq.com/csp-report
      Content-Type:
      - application/json
      Date:
      - Fri, 31 Jul 2020 13:49:29 GMT
      Dd-Pool:
      - dogweb
      Pragma:
      - no-cache
      Set-Cookie:
      - DD-PSHARD=89; Max-Age=604800; Path=/; expires=Fri, 07-Aug-2020 13:49:29 GMT;
        secure; HttpOnly
      Strict-Transport-Security:
      - max-age=15724800;
      Vary:
      - Accept-Encoding
      X-Content-Type-Options:
      - nosniff
      X-Dd-Debug:
      - I8QPQE4pGF/QkEXlHsoWJ/ESMY+/K3j5GLJA9voJ9OC5qW90wAfoLpBgh2Rmr3av
      X-Dd-Version:
      - "35.2815668"
      X-Frame-Options:
      - SAMEORIGIN
    status: 200 OK
    code: 200
    duration: ""
- request:
    body: ""
    form: {}
    headers:
      Accept:
      - application/json
      Dd-Operation-Id:
      - GetPagerDutyIntegrationService
      User-Agent:
      - terraform-provider-datadog/dev (terraform 1.10.0; terraform-cli 0.12.7-sdk)
        datadog-api-client-go/1.0.0-beta.8+dev (go go1.14.4; os darwin; arch amd64)
      X-Datadog-Parent-Id:
      - "6846686145059140495"
      X-Datadog-Sampling-Priority:
      - "1"
      X-Datadog-Trace-Id:
      - "7320280741867529672"
    url: https://api.datadoghq.com/api/v1/integration/pagerduty/configuration/services/testing_foo_2
    method: GET
  response:
    body: '{"service_name":"testing_foo_2"}'
    headers:
      Cache-Control:
      - no-cache
      Connection:
      - keep-alive
      Content-Security-Policy:
      - frame-ancestors 'self'; report-uri https://api.datadoghq.com/csp-report
      Content-Type:
      - application/json
      Date:
      - Fri, 31 Jul 2020 13:49:30 GMT
      Dd-Pool:
      - dogweb
      Pragma:
      - no-cache
      Set-Cookie:
      - DD-PSHARD=89; Max-Age=604800; Path=/; expires=Fri, 07-Aug-2020 13:49:30 GMT;
        secure; HttpOnly
      Strict-Transport-Security:
      - max-age=15724800;
      Vary:
      - Accept-Encoding
      X-Content-Type-Options:
      - nosniff
      X-Dd-Debug:
      - sdlFfhViJn1zQArf6mMbbC8preWPMD5aZxGvqpqil/TQvKdyF0nrISqzeVogrxWQ
      X-Dd-Version:
      - "35.2815668"
      X-Frame-Options:
      - SAMEORIGIN
    status: 200 OK
    code: 200
    duration: ""
- request:
    body: ""
    form: {}
    headers:
      Accept:
      - application/json
      Dd-Operation-Id:
      - GetPagerDutyIntegrationService
      User-Agent:
      - terraform-provider-datadog/dev (terraform 1.10.0; terraform-cli 0.12.7-sdk)
        datadog-api-client-go/1.0.0-beta.8+dev (go go1.14.4; os darwin; arch amd64)
      X-Datadog-Parent-Id:
      - "8358842979626153940"
      X-Datadog-Sampling-Priority:
      - "1"
      X-Datadog-Trace-Id:
      - "7320280741867529672"
    url: https://api.datadoghq.com/api/v1/integration/pagerduty/configuration/services/testing_bar_2
    method: GET
  response:
    body: '{"service_name":"testing_bar_2"}'
    headers:
      Cache-Control:
      - no-cache
      Connection:
      - keep-alive
      Content-Security-Policy:
      - frame-ancestors 'self'; report-uri https://api.datadoghq.com/csp-report
      Content-Type:
      - application/json
      Date:
      - Fri, 31 Jul 2020 13:49:30 GMT
      Dd-Pool:
      - dogweb
      Pragma:
      - no-cache
      Set-Cookie:
      - DD-PSHARD=89; Max-Age=604800; Path=/; expires=Fri, 07-Aug-2020 13:49:30 GMT;
        secure; HttpOnly
      Strict-Transport-Security:
      - max-age=15724800;
      Vary:
      - Accept-Encoding
      X-Content-Type-Options:
      - nosniff
      X-Dd-Debug:
      - pRvomxH9uJ6MdUqG5hHvXTyXjwKh1FdnnSaHVmKHSD8AqfCHcTIlMwnr/3+oGSk1
      X-Dd-Version:
      - "35.2815668"
      X-Frame-Options:
      - SAMEORIGIN
    status: 200 OK
    code: 200
    duration: ""
- request:
    body: '{"subdomain":"testdomain2","schedules":["https://ddog.pagerduty.com/schedules/X123VF"],"api_token":"*****"}'
    form: {}
    headers:
      Content-Type:
      - application/json
      User-Agent:
      - terraform-provider-datadog/dev (terraform 1.10.0; terraform-cli 0.12.7-sdk)
        datadog-api-client-go/go-datadog-api (go go1.14.4; os darwin; arch amd64)
      X-Datadog-Parent-Id:
      - "8843206423496539524"
      X-Datadog-Sampling-Priority:
      - "1"
      X-Datadog-Trace-Id:
      - "8843206423496539524"
    url: https://api.datadoghq.com/api/v1/integration/pagerduty
    method: PUT
  response:
    body: ""
    headers:
      Connection:
      - keep-alive
      Content-Security-Policy:
      - frame-ancestors 'self'; report-uri https://api.datadoghq.com/csp-report
      Content-Type:
      - text/plain
      Date:
      - Fri, 31 Jul 2020 13:49:31 GMT
      Dd-Pool:
      - dogweb
      Set-Cookie:
      - DD-PSHARD=89; Max-Age=604800; Path=/; expires=Fri, 07-Aug-2020 13:49:30 GMT;
        secure; HttpOnly
      Strict-Transport-Security:
      - max-age=15724800;
      X-Content-Type-Options:
      - nosniff
      X-Dd-Debug:
      - 0HatydobsefRkIhSi4L/nPu4tvgRTcuY7BVbIbwCTUZoFdgA8Wad+dYG763DMClE
      X-Dd-Version:
      - "35.2815668"
      X-Frame-Options:
      - SAMEORIGIN
    status: 204 No Content
    code: 204
    duration: ""
- request:
    body: ""
    form: {}
    headers:
      User-Agent:
      - terraform-provider-datadog/dev (terraform 1.10.0; terraform-cli 0.12.7-sdk)
        datadog-api-client-go/go-datadog-api (go go1.14.4; os darwin; arch amd64)
      X-Datadog-Parent-Id:
      - "3645815301263837394"
      X-Datadog-Sampling-Priority:
      - "1"
      X-Datadog-Trace-Id:
      - "3645815301263837394"
    url: https://api.datadoghq.com/api/v1/integration/pagerduty
    method: GET
  response:
    body: '{"services":[{"service_name":"test_service","service_key":"*****"},{"service_name":"test_service_2","service_key":"*****"},{"service_name":"testing_bar_2","service_key":"*****"},{"service_name":"testing_foo_2","service_key":"*****"}],"schedules":["https://ddog.pagerduty.com/schedules/X123VF"],"subdomain":"testdomain2","api_token":"*****"}'
    headers:
      Cache-Control:
      - no-cache
      Connection:
      - keep-alive
      Content-Security-Policy:
      - frame-ancestors 'self'; report-uri https://api.datadoghq.com/csp-report
      Content-Type:
      - application/json
      Date:
      - Fri, 31 Jul 2020 13:49:31 GMT
      Dd-Pool:
      - dogweb
      Pragma:
      - no-cache
      Set-Cookie:
      - DD-PSHARD=89; Max-Age=604800; Path=/; expires=Fri, 07-Aug-2020 13:49:31 GMT;
        secure; HttpOnly
      Strict-Transport-Security:
      - max-age=15724800;
      Vary:
      - Accept-Encoding
      X-Content-Type-Options:
      - nosniff
      X-Dd-Debug:
      - lVvvF3fDCdWkuO0XuOtdIVI7t7URub5MfVWcZ/gFHPf88UmKJrBYTXlUDXZHcHAt
      X-Dd-Version:
      - "35.2815668"
      X-Frame-Options:
      - SAMEORIGIN
    status: 200 OK
    code: 200
    duration: ""
- request:
    body: ""
    form: {}
    headers:
      User-Agent:
      - terraform-provider-datadog/dev (terraform 1.10.0; terraform-cli 0.12.7-sdk)
        datadog-api-client-go/go-datadog-api (go go1.14.4; os darwin; arch amd64)
      X-Datadog-Parent-Id:
      - "726497993554973582"
      X-Datadog-Sampling-Priority:
      - "1"
      X-Datadog-Trace-Id:
      - "726497993554973582"
    url: https://api.datadoghq.com/api/v1/integration/pagerduty
    method: GET
  response:
    body: '{"services":[{"service_name":"test_service","service_key":"*****"},{"service_name":"test_service_2","service_key":"*****"},{"service_name":"testing_bar_2","service_key":"*****"},{"service_name":"testing_foo_2","service_key":"*****"}],"schedules":["https://ddog.pagerduty.com/schedules/X123VF"],"subdomain":"testdomain2","api_token":"*****"}'
    headers:
      Cache-Control:
      - no-cache
      Connection:
      - keep-alive
      Content-Security-Policy:
      - frame-ancestors 'self'; report-uri https://api.datadoghq.com/csp-report
      Content-Type:
      - application/json
      Date:
      - Fri, 31 Jul 2020 13:49:32 GMT
      Dd-Pool:
      - dogweb
      Pragma:
      - no-cache
      Set-Cookie:
      - DD-PSHARD=89; Max-Age=604800; Path=/; expires=Fri, 07-Aug-2020 13:49:32 GMT;
        secure; HttpOnly
      Strict-Transport-Security:
      - max-age=15724800;
      Vary:
      - Accept-Encoding
      X-Content-Type-Options:
      - nosniff
      X-Dd-Debug:
      - 2APeQ4tNC2T0beiSXHZHnuB7AsnR4WQIBpVjpbC9alC8iUqeeGXMBZHGBgD7rZ9J
      X-Dd-Version:
      - "35.2815668"
      X-Frame-Options:
      - SAMEORIGIN
    status: 200 OK
    code: 200
    duration: ""
- request:
    body: ""
    form: {}
    headers:
      User-Agent:
      - terraform-provider-datadog/dev (terraform 1.10.0; terraform-cli 0.12.7-sdk)
        datadog-api-client-go/go-datadog-api (go go1.14.4; os darwin; arch amd64)
      X-Datadog-Parent-Id:
      - "1446563990489227435"
      X-Datadog-Sampling-Priority:
      - "1"
      X-Datadog-Trace-Id:
      - "1446563990489227435"
    url: https://api.datadoghq.com/api/v1/integration/pagerduty
    method: GET
  response:
    body: '{"services":[{"service_name":"test_service","service_key":"*****"},{"service_name":"test_service_2","service_key":"*****"},{"service_name":"testing_bar_2","service_key":"*****"},{"service_name":"testing_foo_2","service_key":"*****"}],"schedules":["https://ddog.pagerduty.com/schedules/X123VF"],"subdomain":"testdomain2","api_token":"*****"}'
    headers:
      Cache-Control:
      - no-cache
      Connection:
      - keep-alive
      Content-Security-Policy:
      - frame-ancestors 'self'; report-uri https://api.datadoghq.com/csp-report
      Content-Type:
      - application/json
      Date:
      - Fri, 31 Jul 2020 13:49:32 GMT
      Dd-Pool:
      - dogweb
      Pragma:
      - no-cache
      Set-Cookie:
      - DD-PSHARD=89; Max-Age=604800; Path=/; expires=Fri, 07-Aug-2020 13:49:32 GMT;
        secure; HttpOnly
      Strict-Transport-Security:
      - max-age=15724800;
      Vary:
      - Accept-Encoding
      X-Content-Type-Options:
      - nosniff
      X-Dd-Debug:
      - E3AA2dsDhtW71BzSe9gl28+Zw84IyT9hFd6rX5bRNM8mV9uE3a4NLFuDs8e08uA1
      X-Dd-Version:
      - "35.2815668"
      X-Frame-Options:
      - SAMEORIGIN
    status: 200 OK
    code: 200
    duration: ""
- request:
    body: ""
    form: {}
    headers:
      Accept:
      - application/json
      Dd-Operation-Id:
      - GetPagerDutyIntegrationService
      User-Agent:
      - terraform-provider-datadog/dev (terraform 1.10.0; terraform-cli 0.12.7-sdk)
        datadog-api-client-go/1.0.0-beta.8+dev (go go1.14.4; os darwin; arch amd64)
      X-Datadog-Parent-Id:
      - "6083676850105362540"
      X-Datadog-Sampling-Priority:
      - "1"
      X-Datadog-Trace-Id:
      - "7320280741867529672"
    url: https://api.datadoghq.com/api/v1/integration/pagerduty/configuration/services/testing_bar_2
    method: GET
  response:
    body: '{"service_name":"testing_bar_2"}'
    headers:
      Cache-Control:
      - no-cache
      Connection:
      - keep-alive
      Content-Security-Policy:
      - frame-ancestors 'self'; report-uri https://api.datadoghq.com/csp-report
      Content-Type:
      - application/json
      Date:
      - Fri, 31 Jul 2020 13:49:32 GMT
      Dd-Pool:
      - dogweb
      Pragma:
      - no-cache
      Set-Cookie:
      - DD-PSHARD=89; Max-Age=604800; Path=/; expires=Fri, 07-Aug-2020 13:49:32 GMT;
        secure; HttpOnly
      Strict-Transport-Security:
      - max-age=15724800;
      Vary:
      - Accept-Encoding
      X-Content-Type-Options:
      - nosniff
      X-Dd-Debug:
      - CtgNqJkAqAo+MH7MN6CRbczfVHL5h+Ph91H8UoNq+Ha9YzAKwfzH+ly8e/3sEHoh
      X-Dd-Version:
      - "35.2815668"
      X-Frame-Options:
      - SAMEORIGIN
    status: 200 OK
    code: 200
    duration: ""
- request:
    body: ""
    form: {}
    headers:
      Accept:
      - application/json
      Dd-Operation-Id:
      - GetPagerDutyIntegrationService
      User-Agent:
      - terraform-provider-datadog/dev (terraform 1.10.0; terraform-cli 0.12.7-sdk)
        datadog-api-client-go/1.0.0-beta.8+dev (go go1.14.4; os darwin; arch amd64)
      X-Datadog-Parent-Id:
      - "1586621115550119569"
      X-Datadog-Sampling-Priority:
      - "1"
      X-Datadog-Trace-Id:
      - "7320280741867529672"
    url: https://api.datadoghq.com/api/v1/integration/pagerduty/configuration/services/testing_foo_2
    method: GET
  response:
    body: '{"service_name":"testing_foo_2"}'
    headers:
      Cache-Control:
      - no-cache
      Connection:
      - keep-alive
      Content-Security-Policy:
      - frame-ancestors 'self'; report-uri https://api.datadoghq.com/csp-report
      Content-Type:
      - application/json
      Date:
      - Fri, 31 Jul 2020 13:49:32 GMT
      Dd-Pool:
      - dogweb
      Pragma:
      - no-cache
      Set-Cookie:
      - DD-PSHARD=89; Max-Age=604800; Path=/; expires=Fri, 07-Aug-2020 13:49:32 GMT;
        secure; HttpOnly
      Strict-Transport-Security:
      - max-age=15724800;
      Vary:
      - Accept-Encoding
      X-Content-Type-Options:
      - nosniff
      X-Dd-Debug:
      - s2HaexNSftssEbGdjGTop9VxkwcJQZq0vwKpaI+ektLwU8HNs79OhtuRP7tt2ybw
      X-Dd-Version:
      - "35.2815668"
      X-Frame-Options:
      - SAMEORIGIN
    status: 200 OK
    code: 200
    duration: ""
- request:
    body: ""
    form: {}
    headers:
      Accept:
      - application/json
      Dd-Operation-Id:
      - GetPagerDutyIntegrationService
      User-Agent:
      - terraform-provider-datadog/dev (terraform 1.10.0; terraform-cli 0.12.7-sdk)
        datadog-api-client-go/1.0.0-beta.8+dev (go go1.14.4; os darwin; arch amd64)
      X-Datadog-Parent-Id:
      - "7891495691937154549"
      X-Datadog-Sampling-Priority:
      - "1"
      X-Datadog-Trace-Id:
      - "7320280741867529672"
    url: https://api.datadoghq.com/api/v1/integration/pagerduty/configuration/services/testing_bar_2
    method: GET
  response:
    body: '{"service_name":"testing_bar_2"}'
    headers:
      Cache-Control:
      - no-cache
      Connection:
      - keep-alive
      Content-Security-Policy:
      - frame-ancestors 'self'; report-uri https://api.datadoghq.com/csp-report
      Content-Type:
      - application/json
      Date:
      - Fri, 31 Jul 2020 13:49:33 GMT
      Dd-Pool:
      - dogweb
      Pragma:
      - no-cache
      Set-Cookie:
      - DD-PSHARD=89; Max-Age=604800; Path=/; expires=Fri, 07-Aug-2020 13:49:33 GMT;
        secure; HttpOnly
      Strict-Transport-Security:
      - max-age=15724800;
      Vary:
      - Accept-Encoding
      X-Content-Type-Options:
      - nosniff
      X-Dd-Debug:
      - BQrFIFlefVg7hOshyTYjtOcMIgzCslmovGd7uoMo77OkZSV7EP9nHCdECMBsPpDA
      X-Dd-Version:
      - "35.2815668"
      X-Frame-Options:
      - SAMEORIGIN
    status: 200 OK
    code: 200
    duration: ""
- request:
    body: ""
    form: {}
    headers:
      Accept:
      - application/json
      Dd-Operation-Id:
      - GetPagerDutyIntegrationService
      User-Agent:
      - terraform-provider-datadog/dev (terraform 1.10.0; terraform-cli 0.12.7-sdk)
        datadog-api-client-go/1.0.0-beta.8+dev (go go1.14.4; os darwin; arch amd64)
      X-Datadog-Parent-Id:
      - "5789323229748137168"
      X-Datadog-Sampling-Priority:
      - "1"
      X-Datadog-Trace-Id:
      - "7320280741867529672"
    url: https://api.datadoghq.com/api/v1/integration/pagerduty/configuration/services/testing_foo_2
    method: GET
  response:
    body: '{"service_name":"testing_foo_2"}'
    headers:
      Cache-Control:
      - no-cache
      Connection:
      - keep-alive
      Content-Security-Policy:
      - frame-ancestors 'self'; report-uri https://api.datadoghq.com/csp-report
      Content-Type:
      - application/json
      Date:
      - Fri, 31 Jul 2020 13:49:33 GMT
      Dd-Pool:
      - dogweb
      Pragma:
      - no-cache
      Set-Cookie:
      - DD-PSHARD=89; Max-Age=604800; Path=/; expires=Fri, 07-Aug-2020 13:49:33 GMT;
        secure; HttpOnly
      Strict-Transport-Security:
      - max-age=15724800;
      Vary:
      - Accept-Encoding
      X-Content-Type-Options:
      - nosniff
      X-Dd-Debug:
      - jfscxJB7bdzzm6G8p+8YLUbIiYXEtyzyIG7UAhfu6PQdhEmRmIgRloqghqsvaZA7
      X-Dd-Version:
      - "35.2815668"
      X-Frame-Options:
      - SAMEORIGIN
    status: 200 OK
    code: 200
    duration: ""
- request:
    body: ""
    form: {}
    headers:
      User-Agent:
      - terraform-provider-datadog/dev (terraform 1.10.0; terraform-cli 0.12.7-sdk)
        datadog-api-client-go/go-datadog-api (go go1.14.4; os darwin; arch amd64)
      X-Datadog-Parent-Id:
      - "6974302755897373196"
      X-Datadog-Sampling-Priority:
      - "1"
      X-Datadog-Trace-Id:
      - "6974302755897373196"
    url: https://api.datadoghq.com/api/v1/integration/pagerduty
    method: GET
  response:
    body: '{"services":[{"service_name":"test_service","service_key":"*****"},{"service_name":"test_service_2","service_key":"*****"},{"service_name":"testing_bar_2","service_key":"*****"},{"service_name":"testing_foo_2","service_key":"*****"}],"schedules":["https://ddog.pagerduty.com/schedules/X123VF"],"subdomain":"testdomain2","api_token":"*****"}'
    headers:
      Cache-Control:
      - no-cache
      Connection:
      - keep-alive
      Content-Security-Policy:
      - frame-ancestors 'self'; report-uri https://api.datadoghq.com/csp-report
      Content-Type:
      - application/json
      Date:
      - Fri, 31 Jul 2020 13:49:33 GMT
      Dd-Pool:
      - dogweb
      Pragma:
      - no-cache
      Set-Cookie:
      - DD-PSHARD=89; Max-Age=604800; Path=/; expires=Fri, 07-Aug-2020 13:49:33 GMT;
        secure; HttpOnly
      Strict-Transport-Security:
      - max-age=15724800;
      Vary:
      - Accept-Encoding
      X-Content-Type-Options:
      - nosniff
      X-Dd-Debug:
      - pRvomxH9uJ6MdUqG5hHvXTyXjwKh1FdnnSaHVmKHSD8AqfCHcTIlMwnr/3+oGSk1
      X-Dd-Version:
      - "35.2815668"
      X-Frame-Options:
      - SAMEORIGIN
    status: 200 OK
    code: 200
    duration: ""
- request:
    body: ""
    form: {}
    headers:
      User-Agent:
      - terraform-provider-datadog/dev (terraform 1.10.0; terraform-cli 0.12.7-sdk)
        datadog-api-client-go/go-datadog-api (go go1.14.4; os darwin; arch amd64)
      X-Datadog-Parent-Id:
      - "5954871002807028612"
      X-Datadog-Sampling-Priority:
      - "1"
      X-Datadog-Trace-Id:
      - "5954871002807028612"
    url: https://api.datadoghq.com/api/v1/integration/pagerduty
    method: GET
  response:
    body: '{"services":[{"service_name":"test_service","service_key":"*****"},{"service_name":"test_service_2","service_key":"*****"},{"service_name":"testing_bar_2","service_key":"*****"},{"service_name":"testing_foo_2","service_key":"*****"}],"schedules":["https://ddog.pagerduty.com/schedules/X123VF"],"subdomain":"testdomain2","api_token":"*****"}'
    headers:
      Cache-Control:
      - no-cache
      Connection:
      - keep-alive
      Content-Security-Policy:
      - frame-ancestors 'self'; report-uri https://api.datadoghq.com/csp-report
      Content-Type:
      - application/json
      Date:
      - Fri, 31 Jul 2020 13:49:33 GMT
      Dd-Pool:
      - dogweb
      Pragma:
      - no-cache
      Set-Cookie:
      - DD-PSHARD=89; Max-Age=604800; Path=/; expires=Fri, 07-Aug-2020 13:49:33 GMT;
        secure; HttpOnly
      Strict-Transport-Security:
      - max-age=15724800;
      Vary:
      - Accept-Encoding
      X-Content-Type-Options:
      - nosniff
      X-Dd-Debug:
      - fKLMvmoP4u58CqwWumTKY3j1IkkQVy8/CuFgkCPM+8O/Bg0/SZhq6fWucm5YhEii
      X-Dd-Version:
      - "35.2815668"
      X-Frame-Options:
      - SAMEORIGIN
    status: 200 OK
    code: 200
    duration: ""
- request:
    body: ""
    form: {}
    headers:
      Accept:
      - application/json
      Dd-Operation-Id:
      - GetPagerDutyIntegrationService
      User-Agent:
      - terraform-provider-datadog/dev (terraform 1.10.0; terraform-cli 0.12.7-sdk)
        datadog-api-client-go/1.0.0-beta.8+dev (go go1.14.4; os darwin; arch amd64)
      X-Datadog-Parent-Id:
      - "9019368208338234936"
      X-Datadog-Sampling-Priority:
      - "1"
      X-Datadog-Trace-Id:
      - "7320280741867529672"
    url: https://api.datadoghq.com/api/v1/integration/pagerduty/configuration/services/testing_bar_2
    method: GET
  response:
    body: '{"service_name":"testing_bar_2"}'
    headers:
      Cache-Control:
      - no-cache
      Connection:
      - keep-alive
      Content-Security-Policy:
      - frame-ancestors 'self'; report-uri https://api.datadoghq.com/csp-report
      Content-Type:
      - application/json
      Date:
      - Fri, 31 Jul 2020 13:49:34 GMT
      Dd-Pool:
      - dogweb
      Pragma:
      - no-cache
      Set-Cookie:
      - DD-PSHARD=89; Max-Age=604800; Path=/; expires=Fri, 07-Aug-2020 13:49:33 GMT;
        secure; HttpOnly
      Strict-Transport-Security:
      - max-age=15724800;
      Vary:
      - Accept-Encoding
      X-Content-Type-Options:
      - nosniff
      X-Dd-Debug:
      - X7myyUne6w1tXRXi0BZSVotJEk5hU81Ej5AYU6s48rTNRJpmjMCFc9/qYg/QcaqZ
      X-Dd-Version:
      - "35.2815668"
      X-Frame-Options:
      - SAMEORIGIN
    status: 200 OK
    code: 200
    duration: ""
- request:
    body: ""
    form: {}
    headers:
      Accept:
      - application/json
      Dd-Operation-Id:
      - GetPagerDutyIntegrationService
      User-Agent:
      - terraform-provider-datadog/dev (terraform 1.10.0; terraform-cli 0.12.7-sdk)
        datadog-api-client-go/1.0.0-beta.8+dev (go go1.14.4; os darwin; arch amd64)
      X-Datadog-Parent-Id:
      - "2799334398543057085"
      X-Datadog-Sampling-Priority:
      - "1"
      X-Datadog-Trace-Id:
      - "7320280741867529672"
    url: https://api.datadoghq.com/api/v1/integration/pagerduty/configuration/services/testing_foo_2
    method: GET
  response:
    body: '{"service_name":"testing_foo_2"}'
    headers:
      Cache-Control:
      - no-cache
      Connection:
      - keep-alive
      Content-Security-Policy:
      - frame-ancestors 'self'; report-uri https://api.datadoghq.com/csp-report
      Content-Type:
      - application/json
      Date:
      - Fri, 31 Jul 2020 13:49:34 GMT
      Dd-Pool:
      - dogweb
      Pragma:
      - no-cache
      Set-Cookie:
      - DD-PSHARD=89; Max-Age=604800; Path=/; expires=Fri, 07-Aug-2020 13:49:33 GMT;
        secure; HttpOnly
      Strict-Transport-Security:
      - max-age=15724800;
      Vary:
      - Accept-Encoding
      X-Content-Type-Options:
      - nosniff
      X-Dd-Debug:
      - azBLOKTrFiGWBstA1CDempPQhAnXla13QWlh0JiYy8zyFGXZAeCykbkfR8iO6/QN
      X-Dd-Version:
      - "35.2815668"
      X-Frame-Options:
      - SAMEORIGIN
    status: 200 OK
    code: 200
    duration: ""
- request:
    body: ""
    form: {}
    headers:
      Accept:
      - application/json
      Dd-Operation-Id:
      - GetPagerDutyIntegrationService
      User-Agent:
      - terraform-provider-datadog/dev (terraform 1.10.0; terraform-cli 0.12.7-sdk)
        datadog-api-client-go/1.0.0-beta.8+dev (go go1.14.4; os darwin; arch amd64)
      X-Datadog-Parent-Id:
      - "4341034979496411470"
      X-Datadog-Sampling-Priority:
      - "1"
      X-Datadog-Trace-Id:
      - "7320280741867529672"
    url: https://api.datadoghq.com/api/v1/integration/pagerduty/configuration/services/testing_bar_2
    method: GET
  response:
    body: '{"service_name":"testing_bar_2"}'
    headers:
      Cache-Control:
      - no-cache
      Connection:
      - keep-alive
      Content-Security-Policy:
      - frame-ancestors 'self'; report-uri https://api.datadoghq.com/csp-report
      Content-Type:
      - application/json
      Date:
      - Fri, 31 Jul 2020 13:49:34 GMT
      Dd-Pool:
      - dogweb
      Pragma:
      - no-cache
      Set-Cookie:
      - DD-PSHARD=89; Max-Age=604800; Path=/; expires=Fri, 07-Aug-2020 13:49:34 GMT;
        secure; HttpOnly
      Strict-Transport-Security:
      - max-age=15724800;
      Vary:
      - Accept-Encoding
      X-Content-Type-Options:
      - nosniff
      X-Dd-Debug:
      - /bBW26p01kd/3E+hVyk2vxXI9KZcfiTHX0v3UZUBk+O6PKx4Js2fer3d9KF656Gf
      X-Dd-Version:
      - "35.2815668"
      X-Frame-Options:
      - SAMEORIGIN
    status: 200 OK
    code: 200
    duration: ""
- request:
    body: ""
    form: {}
    headers:
      Accept:
      - application/json
      Dd-Operation-Id:
      - GetPagerDutyIntegrationService
      User-Agent:
      - terraform-provider-datadog/dev (terraform 1.10.0; terraform-cli 0.12.7-sdk)
        datadog-api-client-go/1.0.0-beta.8+dev (go go1.14.4; os darwin; arch amd64)
      X-Datadog-Parent-Id:
      - "5912684766370666819"
      X-Datadog-Sampling-Priority:
      - "1"
      X-Datadog-Trace-Id:
      - "7320280741867529672"
    url: https://api.datadoghq.com/api/v1/integration/pagerduty/configuration/services/testing_foo_2
    method: GET
  response:
    body: '{"service_name":"testing_foo_2"}'
    headers:
      Cache-Control:
      - no-cache
      Connection:
      - keep-alive
      Content-Security-Policy:
      - frame-ancestors 'self'; report-uri https://api.datadoghq.com/csp-report
      Content-Type:
      - application/json
      Date:
      - Fri, 31 Jul 2020 13:49:34 GMT
      Dd-Pool:
      - dogweb
      Pragma:
      - no-cache
      Set-Cookie:
      - DD-PSHARD=89; Max-Age=604800; Path=/; expires=Fri, 07-Aug-2020 13:49:34 GMT;
        secure; HttpOnly
      Strict-Transport-Security:
      - max-age=15724800;
      Vary:
      - Accept-Encoding
      X-Content-Type-Options:
      - nosniff
      X-Dd-Debug:
      - 9ioZ+WXUAat1q0K8WUAqrPmu2uHE5OwcYAFWZ8+f7aivMUSvxp4DcHCF//ycA0c7
      X-Dd-Version:
      - "35.2815668"
      X-Frame-Options:
      - SAMEORIGIN
    status: 200 OK
    code: 200
    duration: ""
- request:
    body: ""
    form: {}
    headers:
      Accept:
      - application/json
      Dd-Operation-Id:
      - DeletePagerDutyIntegrationService
      User-Agent:
      - terraform-provider-datadog/dev (terraform 1.10.0; terraform-cli 0.12.7-sdk)
        datadog-api-client-go/1.0.0-beta.8+dev (go go1.14.4; os darwin; arch amd64)
      X-Datadog-Parent-Id:
      - "7619227801186960087"
      X-Datadog-Sampling-Priority:
      - "1"
      X-Datadog-Trace-Id:
      - "7320280741867529672"
    url: https://api.datadoghq.com/api/v1/integration/pagerduty/configuration/services/testing_bar_2
    method: DELETE
  response:
    body: "null"
    headers:
      Cache-Control:
      - no-cache
      Connection:
      - keep-alive
      Content-Length:
      - "4"
      Content-Security-Policy:
      - frame-ancestors 'self'; report-uri https://api.datadoghq.com/csp-report
      Content-Type:
      - application/json
      Date:
      - Fri, 31 Jul 2020 13:49:34 GMT
      Dd-Pool:
      - dogweb
      Pragma:
      - no-cache
      Set-Cookie:
      - DD-PSHARD=89; Max-Age=604800; Path=/; expires=Fri, 07-Aug-2020 13:49:34 GMT;
        secure; HttpOnly
      Strict-Transport-Security:
      - max-age=15724800;
      X-Content-Type-Options:
      - nosniff
      X-Dd-Debug:
      - j7sWlTZOMkPiYgHu4qZg3rXFtHoeL3ZgpVOLCUfY5mbndEYbUlFKOiVtz+h8IZxX
      X-Dd-Version:
      - "35.2815668"
      X-Frame-Options:
      - SAMEORIGIN
    status: 200 OK
    code: 200
    duration: ""
- request:
    body: ""
    form: {}
    headers:
      Accept:
      - application/json
      Dd-Operation-Id:
      - DeletePagerDutyIntegrationService
      User-Agent:
      - terraform-provider-datadog/dev (terraform 1.10.0; terraform-cli 0.12.7-sdk)
        datadog-api-client-go/1.0.0-beta.8+dev (go go1.14.4; os darwin; arch amd64)
      X-Datadog-Parent-Id:
      - "765684611361199775"
      X-Datadog-Sampling-Priority:
      - "1"
      X-Datadog-Trace-Id:
      - "7320280741867529672"
    url: https://api.datadoghq.com/api/v1/integration/pagerduty/configuration/services/testing_foo_2
    method: DELETE
  response:
    body: "null"
    headers:
      Cache-Control:
      - no-cache
      Connection:
      - keep-alive
      Content-Length:
      - "4"
      Content-Security-Policy:
      - frame-ancestors 'self'; report-uri https://api.datadoghq.com/csp-report
      Content-Type:
      - application/json
      Date:
      - Fri, 31 Jul 2020 13:49:34 GMT
      Dd-Pool:
      - dogweb
      Pragma:
      - no-cache
      Set-Cookie:
      - DD-PSHARD=89; Max-Age=604800; Path=/; expires=Fri, 07-Aug-2020 13:49:34 GMT;
        secure; HttpOnly
      Strict-Transport-Security:
      - max-age=15724800;
      X-Content-Type-Options:
      - nosniff
      X-Dd-Debug:
      - uyXO33vE+LGU1ODHWgqP3RdqrPMTKcPLr+Burt5RS51mD4WQkReK1lizXOB1y+KQ
      X-Dd-Version:
      - "35.2815668"
      X-Frame-Options:
      - SAMEORIGIN
    status: 200 OK
    code: 200
    duration: ""
