---
version: 1
interactions:
- request:
    body: |
      {"message":"some message Notify: @hipchat-channel","name":"tf-TestAccDatadogMonitor_SilencedRemove-local-1605874552","options":{"include_tags":true,"new_host_delay":300,"no_data_timeframe":10,"notify_no_data":false,"require_full_window":true,"silenced":{"*":0},"thresholds":{}},"priority":0,"query":"avg(last_1h):avg:aws.ec2.cpu{environment:foo,host:foo} by {host} \u003e 2","tags":[],"type":"query alert"}
    form: {}
    headers:
      Accept:
      - application/json
      Content-Type:
      - application/json
      Dd-Operation-Id:
      - ValidateMonitor
      User-Agent:
      - terraform-provider-datadog/dev (terraform 1.15.0; terraform-cli 0.12.7-sdk)
        datadog-api-client-go/1.0.0-beta.11 (go go1.15.4; os darwin; arch amd64)
      X-Datadog-Parent-Id:
      - "2846935778926465663"
      X-Datadog-Sampling-Priority:
      - "1"
      X-Datadog-Trace-Id:
      - "2049780475613295629"
    url: https://api.datadoghq.com/api/v1/monitor/validate
    method: POST
  response:
    body: '{}'
    headers:
      Cache-Control:
      - no-cache
      Connection:
      - keep-alive
      Content-Length:
      - "2"
      Content-Security-Policy:
      - frame-ancestors 'self'; report-uri https://api.datadoghq.com/csp-report
      Content-Type:
      - application/json
      Date:
      - Fri, 20 Nov 2020 12:16:07 GMT
      Dd-Pool:
      - dogweb
      Pragma:
      - no-cache
      Set-Cookie:
      - DD-PSHARD=233; Max-Age=604800; Path=/; expires=Fri, 27-Nov-2020 12:16:07 GMT;
        secure; HttpOnly
      Strict-Transport-Security:
      - max-age=15724800;
      X-Content-Type-Options:
      - nosniff
      X-Dd-Debug:
      - FP8Y2ks6/+u/R8ikARtQQYvp9IVj9nSQPYtAt3WVuBjumgKP35t8vnUuGfeHdr64
      X-Dd-Version:
      - "35.3405561"
      X-Frame-Options:
      - SAMEORIGIN
    status: 200 OK
    code: 200
    duration: ""
- request:
    body: |
      {"message":"some message Notify: @hipchat-channel","name":"tf-TestAccDatadogMonitor_SilencedRemove-local-1605874552","options":{"include_tags":true,"new_host_delay":300,"no_data_timeframe":10,"notify_no_data":false,"require_full_window":true,"silenced":{"*":0},"thresholds":{}},"priority":0,"query":"avg(last_1h):avg:aws.ec2.cpu{environment:foo,host:foo} by {host} \u003e 2","tags":[],"type":"query alert"}
    form: {}
    headers:
      Accept:
      - application/json
      Content-Type:
      - application/json
      Dd-Operation-Id:
      - ValidateMonitor
      User-Agent:
      - terraform-provider-datadog/dev (terraform 1.15.0; terraform-cli 0.12.7-sdk)
        datadog-api-client-go/1.0.0-beta.11 (go go1.15.4; os darwin; arch amd64)
      X-Datadog-Parent-Id:
      - "5185101736952592920"
      X-Datadog-Sampling-Priority:
      - "1"
      X-Datadog-Trace-Id:
      - "2049780475613295629"
    url: https://api.datadoghq.com/api/v1/monitor/validate
    method: POST
  response:
    body: '{}'
    headers:
      Cache-Control:
      - no-cache
      Connection:
      - keep-alive
      Content-Length:
      - "2"
      Content-Security-Policy:
      - frame-ancestors 'self'; report-uri https://api.datadoghq.com/csp-report
      Content-Type:
      - application/json
      Date:
      - Fri, 20 Nov 2020 12:16:07 GMT
      Dd-Pool:
      - dogweb
      Pragma:
      - no-cache
      Set-Cookie:
      - DD-PSHARD=233; Max-Age=604800; Path=/; expires=Fri, 27-Nov-2020 12:16:07 GMT;
        secure; HttpOnly
      Strict-Transport-Security:
      - max-age=15724800;
      X-Content-Type-Options:
      - nosniff
      X-Dd-Debug:
      - EZL7bEfcgNGbknKpx0YgUay5sRnB08o7ifIkIU7pH4DOkkWS5DRjfEr3ib9KggTa
      X-Dd-Version:
      - "35.3405561"
      X-Frame-Options:
      - SAMEORIGIN
    status: 200 OK
    code: 200
    duration: ""
- request:
    body: |
      {"message":"some message Notify: @hipchat-channel","name":"tf-TestAccDatadogMonitor_SilencedRemove-local-1605874552","options":{"include_tags":true,"new_host_delay":300,"notify_no_data":false,"require_full_window":true,"silenced":{"*":0},"thresholds":{}},"priority":0,"query":"avg(last_1h):avg:aws.ec2.cpu{environment:foo,host:foo} by {host} \u003e 2","tags":[],"type":"query alert"}
    form: {}
    headers:
      Accept:
      - application/json
      Content-Type:
      - application/json
      Dd-Operation-Id:
      - CreateMonitor
      User-Agent:
      - terraform-provider-datadog/dev (terraform 1.15.0; terraform-cli 0.12.7-sdk)
        datadog-api-client-go/1.0.0-beta.11 (go go1.15.4; os darwin; arch amd64)
      X-Datadog-Parent-Id:
      - "2713251544863584145"
      X-Datadog-Sampling-Priority:
      - "1"
      X-Datadog-Trace-Id:
      - "2049780475613295629"
    url: https://api.datadoghq.com/api/v1/monitor
    method: POST
  response:
    body: '{"restricted_roles":null,"tags":[],"deleted":null,"query":"avg(last_1h):avg:aws.ec2.cpu{environment:foo,host:foo}
      by {host} > 2","message":"some message Notify: @hipchat-channel","id":26021063,"multi":true,"name":"tf-TestAccDatadogMonitor_SilencedRemove-local-1605874552","created":"2020-11-20T12:16:07.761670+00:00","created_at":1605874567000,"creator":{"id":1445416,"handle":"frog@datadoghq.com","name":null,"email":"frog@datadoghq.com"},"org_id":321813,"modified":"2020-11-20T12:16:07.761670+00:00","overall_state_modified":null,"overall_state":"No
      Data","type":"query alert","options":{"notify_audit":false,"locked":false,"silenced":{"*":null},"include_tags":true,"new_host_delay":300,"require_full_window":true,"notify_no_data":false}}'
    headers:
      Cache-Control:
      - no-cache
      Connection:
      - keep-alive
      Content-Security-Policy:
      - frame-ancestors 'self'; report-uri https://api.datadoghq.com/csp-report
      Content-Type:
      - application/json
      Date:
      - Fri, 20 Nov 2020 12:16:07 GMT
      Dd-Pool:
      - dogweb
      Pragma:
      - no-cache
      Set-Cookie:
      - DD-PSHARD=233; Max-Age=604800; Path=/; expires=Fri, 27-Nov-2020 12:16:07 GMT;
        secure; HttpOnly
      Strict-Transport-Security:
      - max-age=15724800;
      Vary:
      - Accept-Encoding
      X-Content-Type-Options:
      - nosniff
      X-Dd-Debug:
      - oY1U+Bw1sQyS4cySYbM3yP2PHmEdjLzb50z+L43vQMCCtEGfcc06BRHI9VdccfS3
      X-Dd-Version:
      - "35.3405561"
      X-Frame-Options:
      - SAMEORIGIN
      X-Ratelimit-Limit:
      - "500"
      X-Ratelimit-Period:
      - "10"
      X-Ratelimit-Remaining:
      - "490"
      X-Ratelimit-Reset:
      - "3"
    status: 200 OK
    code: 200
    duration: ""
- request:
    body: ""
    form: {}
    headers:
      Accept:
      - application/json
      Dd-Operation-Id:
      - GetMonitor
      User-Agent:
      - terraform-provider-datadog/dev (terraform 1.15.0; terraform-cli 0.12.7-sdk)
        datadog-api-client-go/1.0.0-beta.11 (go go1.15.4; os darwin; arch amd64)
      X-Datadog-Parent-Id:
      - "5083348654935654546"
      X-Datadog-Sampling-Priority:
      - "1"
      X-Datadog-Trace-Id:
      - "2049780475613295629"
    url: https://api.datadoghq.com/api/v1/monitor/26021063
    method: GET
  response:
    body: '{"restricted_roles":null,"tags":[],"deleted":null,"query":"avg(last_1h):avg:aws.ec2.cpu{environment:foo,host:foo}
      by {host} > 2","message":"some message Notify: @hipchat-channel","id":26021063,"multi":true,"name":"tf-TestAccDatadogMonitor_SilencedRemove-local-1605874552","created":"2020-11-20T12:16:07.761670+00:00","created_at":1605874567000,"creator":{"id":1445416,"handle":"frog@datadoghq.com","name":null,"email":"frog@datadoghq.com"},"org_id":321813,"modified":"2020-11-20T12:16:07.761670+00:00","overall_state_modified":null,"overall_state":"No
      Data","type":"query alert","options":{"notify_audit":false,"locked":false,"silenced":{"*":null},"include_tags":true,"new_host_delay":300,"require_full_window":true,"notify_no_data":false}}'
    headers:
      Cache-Control:
      - no-cache
      Connection:
      - keep-alive
      Content-Security-Policy:
      - frame-ancestors 'self'; report-uri https://api.datadoghq.com/csp-report
      Content-Type:
      - application/json
      Date:
      - Fri, 20 Nov 2020 12:16:08 GMT
      Dd-Pool:
      - dogweb
      Pragma:
      - no-cache
      Set-Cookie:
      - DD-PSHARD=233; Max-Age=604800; Path=/; expires=Fri, 27-Nov-2020 12:16:07 GMT;
        secure; HttpOnly
      Strict-Transport-Security:
      - max-age=15724800;
      Vary:
      - Accept-Encoding
      X-Content-Type-Options:
      - nosniff
      X-Dd-Debug:
      - M5AkO8bVyO5yuX6OQA9nCjANXZokYPd2NqFZwMNyvfQQbQnBskFTa6rdUllh6BsX
      X-Dd-Version:
      - "35.3405561"
      X-Frame-Options:
      - SAMEORIGIN
      X-Ratelimit-Limit:
      - "3000"
      X-Ratelimit-Period:
      - "10"
      X-Ratelimit-Remaining:
      - "2924"
      X-Ratelimit-Reset:
      - "2"
    status: 200 OK
    code: 200
    duration: ""
- request:
    body: ""
    form: {}
    headers:
      User-Agent:
      - terraform-provider-datadog/dev (terraform 1.15.0; terraform-cli 0.12.7-sdk)
        datadog-api-client-go/go-datadog-api (go go1.15.4; os darwin; arch amd64)
      X-Datadog-Parent-Id:
      - "2010616212422522744"
      X-Datadog-Sampling-Priority:
      - "1"
      X-Datadog-Trace-Id:
      - "2010616212422522744"
    url: https://api.datadoghq.com/api/v1/monitor/26021063
    method: GET
  response:
    body: '{"restricted_roles":null,"tags":[],"deleted":null,"query":"avg(last_1h):avg:aws.ec2.cpu{environment:foo,host:foo}
      by {host} > 2","message":"some message Notify: @hipchat-channel","id":26021063,"multi":true,"name":"tf-TestAccDatadogMonitor_SilencedRemove-local-1605874552","created":"2020-11-20T12:16:07.761670+00:00","created_at":1605874567000,"creator":{"id":1445416,"handle":"frog@datadoghq.com","name":null,"email":"frog@datadoghq.com"},"org_id":321813,"modified":"2020-11-20T12:16:07.761670+00:00","overall_state_modified":null,"overall_state":"No
      Data","type":"query alert","options":{"notify_audit":false,"locked":false,"silenced":{"*":null},"include_tags":true,"new_host_delay":300,"require_full_window":true,"notify_no_data":false}}'
    headers:
      Cache-Control:
      - no-cache
      Connection:
      - keep-alive
      Content-Security-Policy:
      - frame-ancestors 'self'; report-uri https://api.datadoghq.com/csp-report
      Content-Type:
      - application/json
      Date:
      - Fri, 20 Nov 2020 12:16:08 GMT
      Dd-Pool:
      - dogweb
      Pragma:
      - no-cache
      Set-Cookie:
      - DD-PSHARD=233; Max-Age=604800; Path=/; expires=Fri, 27-Nov-2020 12:16:08 GMT;
        secure; HttpOnly
      Strict-Transport-Security:
      - max-age=15724800;
      Vary:
      - Accept-Encoding
      X-Content-Type-Options:
      - nosniff
      X-Dd-Debug:
      - Kk/IK0yKFQFO85P6+hozZV6nj4lzf3jJe8dZhRkIu12QKZF7MHi2yPiBbpLyX6Ve
      X-Dd-Version:
      - "35.3405561"
      X-Frame-Options:
      - SAMEORIGIN
      X-Ratelimit-Limit:
      - "3000"
      X-Ratelimit-Period:
      - "10"
      X-Ratelimit-Remaining:
      - "2921"
      X-Ratelimit-Reset:
      - "2"
    status: 200 OK
    code: 200
    duration: ""
- request:
    body: |
      {"message":"some message Notify: @hipchat-channel","name":"tf-TestAccDatadogMonitor_SilencedRemove-local-1605874552","options":{"include_tags":true,"new_host_delay":300,"no_data_timeframe":10,"notify_no_data":false,"require_full_window":true,"silenced":{"*":0},"thresholds":{}},"priority":0,"query":"avg(last_1h):avg:aws.ec2.cpu{environment:foo,host:foo} by {host} \u003e 2","tags":[],"type":"query alert"}
    form: {}
    headers:
      Accept:
      - application/json
      Content-Type:
      - application/json
      Dd-Operation-Id:
      - ValidateMonitor
      User-Agent:
      - terraform-provider-datadog/dev (terraform 1.15.0; terraform-cli 0.12.7-sdk)
        datadog-api-client-go/1.0.0-beta.11 (go go1.15.4; os darwin; arch amd64)
      X-Datadog-Parent-Id:
      - "2922049685052655089"
      X-Datadog-Sampling-Priority:
      - "1"
      X-Datadog-Trace-Id:
      - "2049780475613295629"
    url: https://api.datadoghq.com/api/v1/monitor/validate
    method: POST
  response:
    body: '{}'
    headers:
      Cache-Control:
      - no-cache
      Connection:
      - keep-alive
      Content-Length:
      - "2"
      Content-Security-Policy:
      - frame-ancestors 'self'; report-uri https://api.datadoghq.com/csp-report
      Content-Type:
      - application/json
      Date:
      - Fri, 20 Nov 2020 12:16:08 GMT
      Dd-Pool:
      - dogweb
      Pragma:
      - no-cache
      Set-Cookie:
      - DD-PSHARD=233; Max-Age=604800; Path=/; expires=Fri, 27-Nov-2020 12:16:08 GMT;
        secure; HttpOnly
      Strict-Transport-Security:
      - max-age=15724800;
      X-Content-Type-Options:
      - nosniff
      X-Dd-Debug:
      - Eb2J7DZKGMCxUULFPVCE5N014uh3tvnvHgnaA7NVroaoqvWd6z7v+RZklq5100Rp
      X-Dd-Version:
      - "35.3405561"
      X-Frame-Options:
      - SAMEORIGIN
    status: 200 OK
    code: 200
    duration: ""
- request:
    body: ""
    form: {}
    headers:
      Accept:
      - application/json
      Dd-Operation-Id:
      - GetMonitor
      User-Agent:
      - terraform-provider-datadog/dev (terraform 1.15.0; terraform-cli 0.12.7-sdk)
        datadog-api-client-go/1.0.0-beta.11 (go go1.15.4; os darwin; arch amd64)
      X-Datadog-Parent-Id:
      - "2218150768192202872"
      X-Datadog-Sampling-Priority:
      - "1"
      X-Datadog-Trace-Id:
      - "2049780475613295629"
    url: https://api.datadoghq.com/api/v1/monitor/26021063
    method: GET
  response:
    body: '{"restricted_roles":null,"tags":[],"deleted":null,"query":"avg(last_1h):avg:aws.ec2.cpu{environment:foo,host:foo}
      by {host} > 2","message":"some message Notify: @hipchat-channel","id":26021063,"multi":true,"name":"tf-TestAccDatadogMonitor_SilencedRemove-local-1605874552","created":"2020-11-20T12:16:07.761670+00:00","created_at":1605874567000,"creator":{"id":1445416,"handle":"frog@datadoghq.com","name":null,"email":"frog@datadoghq.com"},"org_id":321813,"modified":"2020-11-20T12:16:07.761670+00:00","overall_state_modified":null,"overall_state":"No
      Data","type":"query alert","options":{"notify_audit":false,"locked":false,"silenced":{"*":null},"include_tags":true,"new_host_delay":300,"require_full_window":true,"notify_no_data":false}}'
    headers:
      Cache-Control:
      - no-cache
      Connection:
      - keep-alive
      Content-Security-Policy:
      - frame-ancestors 'self'; report-uri https://api.datadoghq.com/csp-report
      Content-Type:
      - application/json
      Date:
      - Fri, 20 Nov 2020 12:16:08 GMT
      Dd-Pool:
      - dogweb
      Pragma:
      - no-cache
      Set-Cookie:
      - DD-PSHARD=233; Max-Age=604800; Path=/; expires=Fri, 27-Nov-2020 12:16:08 GMT;
        secure; HttpOnly
      Strict-Transport-Security:
      - max-age=15724800;
      Vary:
      - Accept-Encoding
      X-Content-Type-Options:
      - nosniff
      X-Dd-Debug:
      - UPwGSEkEo+aTtV9/qlvsM9xVIKq1xypRG0bv22kO1eeJfu8bY+H+f1xOa3JlvZhZ
      X-Dd-Version:
      - "35.3405561"
      X-Frame-Options:
      - SAMEORIGIN
      X-Ratelimit-Limit:
      - "3000"
      X-Ratelimit-Period:
      - "10"
      X-Ratelimit-Remaining:
      - "2918"
      X-Ratelimit-Reset:
      - "2"
    status: 200 OK
    code: 200
    duration: ""
- request:
    body: ""
    form: {}
    headers:
      Accept:
      - application/json
      Dd-Operation-Id:
      - GetMonitor
      User-Agent:
      - terraform-provider-datadog/dev (terraform 1.15.0; terraform-cli 0.12.7-sdk)
        datadog-api-client-go/1.0.0-beta.11 (go go1.15.4; os darwin; arch amd64)
      X-Datadog-Parent-Id:
      - "8487344758887613014"
      X-Datadog-Sampling-Priority:
      - "1"
      X-Datadog-Trace-Id:
      - "2049780475613295629"
    url: https://api.datadoghq.com/api/v1/monitor/26021063
    method: GET
  response:
    body: '{"restricted_roles":null,"tags":[],"deleted":null,"query":"avg(last_1h):avg:aws.ec2.cpu{environment:foo,host:foo}
      by {host} > 2","message":"some message Notify: @hipchat-channel","id":26021063,"multi":true,"name":"tf-TestAccDatadogMonitor_SilencedRemove-local-1605874552","created":"2020-11-20T12:16:07.761670+00:00","created_at":1605874567000,"creator":{"id":1445416,"handle":"frog@datadoghq.com","name":null,"email":"frog@datadoghq.com"},"org_id":321813,"modified":"2020-11-20T12:16:07.761670+00:00","overall_state_modified":null,"overall_state":"No
      Data","type":"query alert","options":{"notify_audit":false,"locked":false,"silenced":{"*":null},"include_tags":true,"new_host_delay":300,"require_full_window":true,"notify_no_data":false}}'
    headers:
      Cache-Control:
      - no-cache
      Connection:
      - keep-alive
      Content-Security-Policy:
      - frame-ancestors 'self'; report-uri https://api.datadoghq.com/csp-report
      Content-Type:
      - application/json
      Date:
      - Fri, 20 Nov 2020 12:16:08 GMT
      Dd-Pool:
      - dogweb
      Pragma:
      - no-cache
      Set-Cookie:
      - DD-PSHARD=233; Max-Age=604800; Path=/; expires=Fri, 27-Nov-2020 12:16:08 GMT;
        secure; HttpOnly
      Strict-Transport-Security:
      - max-age=15724800;
      Vary:
      - Accept-Encoding
      X-Content-Type-Options:
      - nosniff
      X-Dd-Debug:
      - saoIV/FA/z8H0gcXHP3CQ32hxYowRdGCvx+QRO7UdacLP4hVHOLNCuxXnf6LPRGD
      X-Dd-Version:
      - "35.3405561"
      X-Frame-Options:
      - SAMEORIGIN
      X-Ratelimit-Limit:
      - "3000"
      X-Ratelimit-Period:
      - "10"
      X-Ratelimit-Remaining:
      - "2916"
      X-Ratelimit-Reset:
      - "2"
    status: 200 OK
    code: 200
    duration: ""
- request:
    body: |
      {"message":"some message Notify: @hipchat-channel","name":"tf-TestAccDatadogMonitor_SilencedRemove-local-1605874552","options":{"include_tags":true,"new_host_delay":300,"no_data_timeframe":10,"notify_no_data":false,"require_full_window":true,"silenced":{"*":0},"thresholds":{}},"priority":0,"query":"avg(last_1h):avg:aws.ec2.cpu{environment:foo,host:foo} by {host} \u003e 2","tags":[],"type":"query alert"}
    form: {}
    headers:
      Accept:
      - application/json
      Content-Type:
      - application/json
      Dd-Operation-Id:
      - ValidateMonitor
      User-Agent:
      - terraform-provider-datadog/dev (terraform 1.15.0; terraform-cli 0.12.7-sdk)
        datadog-api-client-go/1.0.0-beta.11 (go go1.15.4; os darwin; arch amd64)
      X-Datadog-Parent-Id:
      - "4812446456598771473"
      X-Datadog-Sampling-Priority:
      - "1"
      X-Datadog-Trace-Id:
      - "2049780475613295629"
    url: https://api.datadoghq.com/api/v1/monitor/validate
    method: POST
  response:
    body: '{}'
    headers:
      Cache-Control:
      - no-cache
      Connection:
      - keep-alive
      Content-Length:
      - "2"
      Content-Security-Policy:
      - frame-ancestors 'self'; report-uri https://api.datadoghq.com/csp-report
      Content-Type:
      - application/json
      Date:
      - Fri, 20 Nov 2020 12:16:08 GMT
      Dd-Pool:
      - dogweb
      Pragma:
      - no-cache
      Set-Cookie:
      - DD-PSHARD=233; Max-Age=604800; Path=/; expires=Fri, 27-Nov-2020 12:16:08 GMT;
        secure; HttpOnly
      Strict-Transport-Security:
      - max-age=15724800;
      X-Content-Type-Options:
      - nosniff
      X-Dd-Debug:
      - JNmeA3l0ccOXtA8wh8DpQGSmyIQ4z3r0Sqn1W1sQHkMGKxYzMqf/DJpF1RAS+Dpy
      X-Dd-Version:
      - "35.3405561"
      X-Frame-Options:
      - SAMEORIGIN
    status: 200 OK
    code: 200
    duration: ""
- request:
    body: ""
    form: {}
    headers:
      Accept:
      - application/json
      Dd-Operation-Id:
      - GetMonitor
      User-Agent:
      - terraform-provider-datadog/dev (terraform 1.15.0; terraform-cli 0.12.7-sdk)
        datadog-api-client-go/1.0.0-beta.11 (go go1.15.4; os darwin; arch amd64)
      X-Datadog-Parent-Id:
      - "7328365613712454866"
      X-Datadog-Sampling-Priority:
      - "1"
      X-Datadog-Trace-Id:
      - "2049780475613295629"
    url: https://api.datadoghq.com/api/v1/monitor/26021063
    method: GET
  response:
    body: '{"restricted_roles":null,"tags":[],"deleted":null,"query":"avg(last_1h):avg:aws.ec2.cpu{environment:foo,host:foo}
      by {host} > 2","message":"some message Notify: @hipchat-channel","id":26021063,"multi":true,"name":"tf-TestAccDatadogMonitor_SilencedRemove-local-1605874552","created":"2020-11-20T12:16:07.761670+00:00","created_at":1605874567000,"creator":{"id":1445416,"handle":"frog@datadoghq.com","name":null,"email":"frog@datadoghq.com"},"org_id":321813,"modified":"2020-11-20T12:16:07.761670+00:00","overall_state_modified":null,"overall_state":"No
      Data","type":"query alert","options":{"notify_audit":false,"locked":false,"silenced":{"*":null},"include_tags":true,"new_host_delay":300,"require_full_window":true,"notify_no_data":false}}'
    headers:
      Cache-Control:
      - no-cache
      Connection:
      - keep-alive
      Content-Security-Policy:
      - frame-ancestors 'self'; report-uri https://api.datadoghq.com/csp-report
      Content-Type:
      - application/json
      Date:
      - Fri, 20 Nov 2020 12:16:09 GMT
      Dd-Pool:
      - dogweb
      Pragma:
      - no-cache
      Set-Cookie:
      - DD-PSHARD=233; Max-Age=604800; Path=/; expires=Fri, 27-Nov-2020 12:16:09 GMT;
        secure; HttpOnly
      Strict-Transport-Security:
      - max-age=15724800;
      Vary:
      - Accept-Encoding
      X-Content-Type-Options:
      - nosniff
      X-Dd-Debug:
      - UPwGSEkEo+aTtV9/qlvsM9xVIKq1xypRG0bv22kO1eeJfu8bY+H+f1xOa3JlvZhZ
      X-Dd-Version:
      - "35.3405561"
      X-Frame-Options:
      - SAMEORIGIN
      X-Ratelimit-Limit:
      - "3000"
      X-Ratelimit-Period:
      - "10"
      X-Ratelimit-Remaining:
      - "2911"
      X-Ratelimit-Reset:
      - "1"
    status: 200 OK
    code: 200
    duration: ""
- request:
    body: ""
    form: {}
    headers:
      Accept:
      - application/json
      Dd-Operation-Id:
      - GetMonitor
      User-Agent:
      - terraform-provider-datadog/dev (terraform 1.15.0; terraform-cli 0.12.7-sdk)
        datadog-api-client-go/1.0.0-beta.11 (go go1.15.4; os darwin; arch amd64)
      X-Datadog-Parent-Id:
      - "4603302737709333695"
      X-Datadog-Sampling-Priority:
      - "1"
      X-Datadog-Trace-Id:
      - "2049780475613295629"
    url: https://api.datadoghq.com/api/v1/monitor/26021063
    method: GET
  response:
    body: '{"restricted_roles":null,"tags":[],"deleted":null,"query":"avg(last_1h):avg:aws.ec2.cpu{environment:foo,host:foo}
      by {host} > 2","message":"some message Notify: @hipchat-channel","id":26021063,"multi":true,"name":"tf-TestAccDatadogMonitor_SilencedRemove-local-1605874552","created":"2020-11-20T12:16:07.761670+00:00","created_at":1605874567000,"creator":{"id":1445416,"handle":"frog@datadoghq.com","name":null,"email":"frog@datadoghq.com"},"org_id":321813,"modified":"2020-11-20T12:16:07.761670+00:00","overall_state_modified":null,"overall_state":"No
      Data","type":"query alert","options":{"notify_audit":false,"locked":false,"silenced":{"*":null},"include_tags":true,"new_host_delay":300,"require_full_window":true,"notify_no_data":false}}'
    headers:
      Cache-Control:
      - no-cache
      Connection:
      - keep-alive
      Content-Security-Policy:
      - frame-ancestors 'self'; report-uri https://api.datadoghq.com/csp-report
      Content-Type:
      - application/json
      Date:
      - Fri, 20 Nov 2020 12:16:09 GMT
      Dd-Pool:
      - dogweb
      Pragma:
      - no-cache
      Set-Cookie:
      - DD-PSHARD=233; Max-Age=604800; Path=/; expires=Fri, 27-Nov-2020 12:16:09 GMT;
        secure; HttpOnly
      Strict-Transport-Security:
      - max-age=15724800;
      Vary:
      - Accept-Encoding
      X-Content-Type-Options:
      - nosniff
      X-Dd-Debug:
      - IEUzjgpnyUrp74lH2dqPweGXNQU7es3CY44HHPIdy7aSNeimMebMvcKCoCgyWWVx
      X-Dd-Version:
      - "35.3405561"
      X-Frame-Options:
      - SAMEORIGIN
      X-Ratelimit-Limit:
      - "3000"
      X-Ratelimit-Period:
      - "10"
      X-Ratelimit-Remaining:
      - "2908"
      X-Ratelimit-Reset:
      - "1"
    status: 200 OK
    code: 200
    duration: ""
- request:
    body: |
      {"message":"some message Notify: @hipchat-channel","name":"tf-TestAccDatadogMonitor_SilencedRemove-local-1605874552","options":{"include_tags":true,"new_host_delay":300,"no_data_timeframe":10,"notify_no_data":false,"require_full_window":true,"silenced":{"*":-1},"thresholds":{}},"priority":0,"query":"avg(last_1h):avg:aws.ec2.cpu{environment:foo,host:foo} by {host} \u003e 2","tags":[],"type":"query alert"}
    form: {}
    headers:
      Accept:
      - application/json
      Content-Type:
      - application/json
      Dd-Operation-Id:
      - ValidateMonitor
      User-Agent:
      - terraform-provider-datadog/dev (terraform 1.15.0; terraform-cli 0.12.7-sdk)
        datadog-api-client-go/1.0.0-beta.11 (go go1.15.4; os darwin; arch amd64)
      X-Datadog-Parent-Id:
      - "6088287818094377994"
      X-Datadog-Sampling-Priority:
      - "1"
      X-Datadog-Trace-Id:
      - "2049780475613295629"
    url: https://api.datadoghq.com/api/v1/monitor/validate
    method: POST
  response:
    body: '{}'
    headers:
      Cache-Control:
      - no-cache
      Connection:
      - keep-alive
      Content-Length:
      - "2"
      Content-Security-Policy:
      - frame-ancestors 'self'; report-uri https://api.datadoghq.com/csp-report
      Content-Type:
      - application/json
      Date:
      - Fri, 20 Nov 2020 12:16:09 GMT
      Dd-Pool:
      - dogweb
      Pragma:
      - no-cache
      Set-Cookie:
      - DD-PSHARD=233; Max-Age=604800; Path=/; expires=Fri, 27-Nov-2020 12:16:09 GMT;
        secure; HttpOnly
      Strict-Transport-Security:
      - max-age=15724800;
      X-Content-Type-Options:
      - nosniff
      X-Dd-Debug:
      - GzqFsJiHmsMG2ZkgPZxP4KU7BbP1543ieTDBlTOcSv7mMVZ5sYoywme9ykeCrzfU
      X-Dd-Version:
      - "35.3405561"
      X-Frame-Options:
      - SAMEORIGIN
    status: 200 OK
    code: 200
    duration: ""
- request:
    body: |
      {"message":"some message Notify: @hipchat-channel","name":"tf-TestAccDatadogMonitor_SilencedRemove-local-1605874552","options":{"include_tags":true,"new_host_delay":300,"no_data_timeframe":10,"notify_no_data":false,"require_full_window":true,"silenced":{"*":-1},"thresholds":{}},"priority":0,"query":"avg(last_1h):avg:aws.ec2.cpu{environment:foo,host:foo} by {host} \u003e 2","tags":[],"type":"query alert"}
    form: {}
    headers:
      Accept:
      - application/json
      Content-Type:
      - application/json
      Dd-Operation-Id:
      - ValidateMonitor
      User-Agent:
      - terraform-provider-datadog/dev (terraform 1.15.0; terraform-cli 0.12.7-sdk)
        datadog-api-client-go/1.0.0-beta.11 (go go1.15.4; os darwin; arch amd64)
      X-Datadog-Parent-Id:
      - "1907988483160774448"
      X-Datadog-Sampling-Priority:
      - "1"
      X-Datadog-Trace-Id:
      - "2049780475613295629"
    url: https://api.datadoghq.com/api/v1/monitor/validate
    method: POST
  response:
    body: '{}'
    headers:
      Cache-Control:
      - no-cache
      Connection:
      - keep-alive
      Content-Length:
      - "2"
      Content-Security-Policy:
      - frame-ancestors 'self'; report-uri https://api.datadoghq.com/csp-report
      Content-Type:
      - application/json
      Date:
      - Fri, 20 Nov 2020 12:16:09 GMT
      Dd-Pool:
      - dogweb
      Pragma:
      - no-cache
      Set-Cookie:
      - DD-PSHARD=233; Max-Age=604800; Path=/; expires=Fri, 27-Nov-2020 12:16:09 GMT;
        secure; HttpOnly
      Strict-Transport-Security:
      - max-age=15724800;
      X-Content-Type-Options:
      - nosniff
      X-Dd-Debug:
      - i3kq+QX78RffjnNgnM5zmiWzGMsFnhM4liQTSNUgnpglr14R7eRaqNxK/q9SML9W
      X-Dd-Version:
      - "35.3405561"
      X-Frame-Options:
      - SAMEORIGIN
    status: 200 OK
    code: 200
    duration: ""
- request:
    body: |
      {"id":26021063,"message":"some message Notify: @hipchat-channel","name":"tf-TestAccDatadogMonitor_SilencedRemove-local-1605874552","options":{"include_tags":true,"new_host_delay":300,"notify_no_data":false,"require_full_window":true,"silenced":{"*":-1},"thresholds":{}},"query":"avg(last_1h):avg:aws.ec2.cpu{environment:foo,host:foo} by {host} \u003e 2","tags":[],"type":"query alert"}
    form: {}
    headers:
      Accept:
      - application/json
      Content-Type:
      - application/json
      Dd-Operation-Id:
      - UpdateMonitor
      User-Agent:
      - terraform-provider-datadog/dev (terraform 1.15.0; terraform-cli 0.12.7-sdk)
        datadog-api-client-go/1.0.0-beta.11 (go go1.15.4; os darwin; arch amd64)
      X-Datadog-Parent-Id:
      - "8708227768133747781"
      X-Datadog-Sampling-Priority:
      - "1"
      X-Datadog-Trace-Id:
      - "2049780475613295629"
    url: https://api.datadoghq.com/api/v1/monitor/26021063
    method: PUT
  response:
    body: '{"restricted_roles":null,"tags":[],"deleted":null,"query":"avg(last_1h):avg:aws.ec2.cpu{environment:foo,host:foo}
      by {host} > 2","message":"some message Notify: @hipchat-channel","id":26021063,"multi":true,"name":"tf-TestAccDatadogMonitor_SilencedRemove-local-1605874552","created":"2020-11-20T12:16:07.761670+00:00","created_at":1605874567000,"org_id":321813,"modified":"2020-11-20T12:16:09.905343+00:00","overall_state_modified":null,"overall_state":"No
      Data","type":"query alert","options":{"notify_audit":false,"locked":false,"silenced":{"*":-1},"include_tags":true,"new_host_delay":300,"require_full_window":true,"notify_no_data":false}}'
    headers:
      Cache-Control:
      - no-cache
      Connection:
      - keep-alive
      Content-Security-Policy:
      - frame-ancestors 'self'; report-uri https://api.datadoghq.com/csp-report
      Content-Type:
      - application/json
      Date:
      - Fri, 20 Nov 2020 12:16:09 GMT
      Dd-Pool:
      - dogweb
      Pragma:
      - no-cache
      Set-Cookie:
      - DD-PSHARD=233; Max-Age=604800; Path=/; expires=Fri, 27-Nov-2020 12:16:09 GMT;
        secure; HttpOnly
      Strict-Transport-Security:
      - max-age=15724800;
      Vary:
      - Accept-Encoding
      X-Content-Type-Options:
      - nosniff
      X-Dd-Debug:
      - q5LZgdQyaeyVGPNSaYfaXI15usQY6VerSpOcr6YoOhwKyednUK9qVYPwCUtgztbj
      X-Dd-Version:
      - "35.3405561"
      X-Frame-Options:
      - SAMEORIGIN
      X-Ratelimit-Limit:
      - "500"
      X-Ratelimit-Period:
      - "10"
      X-Ratelimit-Remaining:
      - "498"
      X-Ratelimit-Reset:
      - "1"
    status: 200 OK
    code: 200
    duration: ""
- request:
    body: ""
    form: {}
    headers:
      Accept:
      - application/json
      Dd-Operation-Id:
      - GetMonitor
      User-Agent:
      - terraform-provider-datadog/dev (terraform 1.15.0; terraform-cli 0.12.7-sdk)
        datadog-api-client-go/1.0.0-beta.11 (go go1.15.4; os darwin; arch amd64)
      X-Datadog-Parent-Id:
      - "7761390003626536495"
      X-Datadog-Sampling-Priority:
      - "1"
      X-Datadog-Trace-Id:
      - "2049780475613295629"
    url: https://api.datadoghq.com/api/v1/monitor/26021063
    method: GET
  response:
    body: '{"restricted_roles":null,"tags":[],"deleted":null,"query":"avg(last_1h):avg:aws.ec2.cpu{environment:foo,host:foo}
      by {host} > 2","message":"some message Notify: @hipchat-channel","id":26021063,"multi":true,"name":"tf-TestAccDatadogMonitor_SilencedRemove-local-1605874552","created":"2020-11-20T12:16:07.761670+00:00","created_at":1605874567000,"creator":{"id":1445416,"handle":"frog@datadoghq.com","name":null,"email":"frog@datadoghq.com"},"org_id":321813,"modified":"2020-11-20T12:16:09.905343+00:00","overall_state_modified":null,"overall_state":"No
      Data","type":"query alert","options":{"notify_audit":false,"locked":false,"silenced":{},"include_tags":true,"new_host_delay":300,"require_full_window":true,"notify_no_data":false}}'
    headers:
      Cache-Control:
      - no-cache
      Connection:
      - keep-alive
      Content-Security-Policy:
      - frame-ancestors 'self'; report-uri https://api.datadoghq.com/csp-report
      Content-Type:
      - application/json
      Date:
      - Fri, 20 Nov 2020 12:16:10 GMT
      Dd-Pool:
      - dogweb
      Pragma:
      - no-cache
      Set-Cookie:
      - DD-PSHARD=233; Max-Age=604800; Path=/; expires=Fri, 27-Nov-2020 12:16:10 GMT;
        secure; HttpOnly
      Strict-Transport-Security:
      - max-age=15724800;
      Vary:
      - Accept-Encoding
      X-Content-Type-Options:
      - nosniff
      X-Dd-Debug:
      - /AIuUBUzXheMzx1cvxhB+WjJEVZnNytkpRgIpTWZSwENaLk6ZqapvZetzfxbHHYM
      X-Dd-Version:
      - "35.3405561"
      X-Frame-Options:
      - SAMEORIGIN
      X-Ratelimit-Limit:
      - "3000"
      X-Ratelimit-Period:
      - "10"
      X-Ratelimit-Remaining:
      - "2999"
      X-Ratelimit-Reset:
      - "10"
    status: 200 OK
    code: 200
    duration: ""
- request:
    body: |
      {"id":26021063,"message":"some message Notify: @hipchat-channel","name":"tf-TestAccDatadogMonitor_SilencedRemove-local-1605874552","options":{"include_tags":true,"new_host_delay":300,"notify_no_data":false,"require_full_window":true,"silenced":{},"thresholds":{}},"query":"avg(last_1h):avg:aws.ec2.cpu{environment:foo,host:foo} by {host} \u003e 2","tags":[],"type":"query alert"}
    form: {}
    headers:
      Accept:
      - application/json
      Content-Type:
      - application/json
      Dd-Operation-Id:
      - UpdateMonitor
      User-Agent:
      - terraform-provider-datadog/dev (terraform 1.15.0; terraform-cli 0.12.7-sdk)
        datadog-api-client-go/1.0.0-beta.11 (go go1.15.4; os darwin; arch amd64)
      X-Datadog-Parent-Id:
      - "8534666054577821964"
      X-Datadog-Sampling-Priority:
      - "1"
      X-Datadog-Trace-Id:
      - "2049780475613295629"
    url: https://api.datadoghq.com/api/v1/monitor/26021063
    method: PUT
  response:
    body: '{"restricted_roles":null,"tags":[],"deleted":null,"query":"avg(last_1h):avg:aws.ec2.cpu{environment:foo,host:foo}
      by {host} > 2","message":"some message Notify: @hipchat-channel","id":26021063,"multi":true,"name":"tf-TestAccDatadogMonitor_SilencedRemove-local-1605874552","created":"2020-11-20T12:16:07.761670+00:00","created_at":1605874567000,"org_id":321813,"modified":"2020-11-20T12:16:10.272384+00:00","overall_state_modified":null,"overall_state":"No
      Data","type":"query alert","options":{"notify_audit":false,"locked":false,"silenced":{},"include_tags":true,"new_host_delay":300,"require_full_window":true,"notify_no_data":false}}'
    headers:
      Cache-Control:
      - no-cache
      Connection:
      - keep-alive
      Content-Security-Policy:
      - frame-ancestors 'self'; report-uri https://api.datadoghq.com/csp-report
      Content-Type:
      - application/json
      Date:
      - Fri, 20 Nov 2020 12:16:10 GMT
      Dd-Pool:
      - dogweb
      Pragma:
      - no-cache
      Set-Cookie:
      - DD-PSHARD=233; Max-Age=604800; Path=/; expires=Fri, 27-Nov-2020 12:16:10 GMT;
        secure; HttpOnly
      Strict-Transport-Security:
      - max-age=15724800;
      Vary:
      - Accept-Encoding
      X-Content-Type-Options:
      - nosniff
      X-Dd-Debug:
      - LeIXOZ//FAgX4PAg4j6Bsh31EU8EFOlq+rcBJ6/UKozJVG3ekjClEE/+uYnXssRC
      X-Dd-Version:
      - "35.3405561"
      X-Frame-Options:
      - SAMEORIGIN
      X-Ratelimit-Limit:
      - "500"
      X-Ratelimit-Period:
      - "10"
      X-Ratelimit-Remaining:
      - "499"
      X-Ratelimit-Reset:
      - "10"
    status: 200 OK
    code: 200
    duration: ""
- request:
    body: ""
    form: {}
    headers:
      Accept:
      - application/json
      Dd-Operation-Id:
      - GetMonitor
      User-Agent:
      - terraform-provider-datadog/dev (terraform 1.15.0; terraform-cli 0.12.7-sdk)
        datadog-api-client-go/1.0.0-beta.11 (go go1.15.4; os darwin; arch amd64)
      X-Datadog-Parent-Id:
      - "84917951473099557"
      X-Datadog-Sampling-Priority:
      - "1"
      X-Datadog-Trace-Id:
      - "2049780475613295629"
    url: https://api.datadoghq.com/api/v1/monitor/26021063
    method: GET
  response:
    body: '{"restricted_roles":null,"tags":[],"deleted":null,"query":"avg(last_1h):avg:aws.ec2.cpu{environment:foo,host:foo}
      by {host} > 2","message":"some message Notify: @hipchat-channel","id":26021063,"multi":true,"name":"tf-TestAccDatadogMonitor_SilencedRemove-local-1605874552","created":"2020-11-20T12:16:07.761670+00:00","created_at":1605874567000,"creator":{"id":1445416,"handle":"frog@datadoghq.com","name":null,"email":"frog@datadoghq.com"},"org_id":321813,"modified":"2020-11-20T12:16:10.272384+00:00","overall_state_modified":null,"overall_state":"No
      Data","type":"query alert","options":{"notify_audit":false,"locked":false,"silenced":{},"include_tags":true,"new_host_delay":300,"require_full_window":true,"notify_no_data":false}}'
    headers:
      Cache-Control:
      - no-cache
      Connection:
      - keep-alive
      Content-Security-Policy:
      - frame-ancestors 'self'; report-uri https://api.datadoghq.com/csp-report
      Content-Type:
      - application/json
      Date:
      - Fri, 20 Nov 2020 12:16:10 GMT
      Dd-Pool:
      - dogweb
      Pragma:
      - no-cache
      Set-Cookie:
      - DD-PSHARD=233; Max-Age=604800; Path=/; expires=Fri, 27-Nov-2020 12:16:10 GMT;
        secure; HttpOnly
      Strict-Transport-Security:
      - max-age=15724800;
      Vary:
      - Accept-Encoding
      X-Content-Type-Options:
      - nosniff
      X-Dd-Debug:
      - KZy0Z61AelGSMiW0wwPuJyNwjEfJ0APCpzGlt7XM1KaE6e4cHzuLEBcvgVZz4sZ0
      X-Dd-Version:
      - "35.3405561"
      X-Frame-Options:
      - SAMEORIGIN
      X-Ratelimit-Limit:
      - "3000"
      X-Ratelimit-Period:
      - "10"
      X-Ratelimit-Remaining:
      - "2995"
      X-Ratelimit-Reset:
      - "10"
    status: 200 OK
    code: 200
    duration: ""
- request:
    body: ""
    form: {}
    headers:
      User-Agent:
      - terraform-provider-datadog/dev (terraform 1.15.0; terraform-cli 0.12.7-sdk)
        datadog-api-client-go/go-datadog-api (go go1.15.4; os darwin; arch amd64)
      X-Datadog-Parent-Id:
      - "649950925636814456"
      X-Datadog-Sampling-Priority:
      - "1"
      X-Datadog-Trace-Id:
      - "649950925636814456"
    url: https://api.datadoghq.com/api/v1/monitor/26021063
    method: GET
  response:
    body: '{"restricted_roles":null,"tags":[],"deleted":null,"query":"avg(last_1h):avg:aws.ec2.cpu{environment:foo,host:foo}
      by {host} > 2","message":"some message Notify: @hipchat-channel","id":26021063,"multi":true,"name":"tf-TestAccDatadogMonitor_SilencedRemove-local-1605874552","created":"2020-11-20T12:16:07.761670+00:00","created_at":1605874567000,"creator":{"id":1445416,"handle":"frog@datadoghq.com","name":null,"email":"frog@datadoghq.com"},"org_id":321813,"modified":"2020-11-20T12:16:10.272384+00:00","overall_state_modified":null,"overall_state":"No
      Data","type":"query alert","options":{"notify_audit":false,"locked":false,"silenced":{},"include_tags":true,"new_host_delay":300,"require_full_window":true,"notify_no_data":false}}'
    headers:
      Cache-Control:
      - no-cache
      Connection:
      - keep-alive
      Content-Security-Policy:
      - frame-ancestors 'self'; report-uri https://api.datadoghq.com/csp-report
      Content-Type:
      - application/json
      Date:
      - Fri, 20 Nov 2020 12:16:10 GMT
      Dd-Pool:
      - dogweb
      Pragma:
      - no-cache
      Set-Cookie:
      - DD-PSHARD=233; Max-Age=604800; Path=/; expires=Fri, 27-Nov-2020 12:16:10 GMT;
        secure; HttpOnly
      Strict-Transport-Security:
      - max-age=15724800;
      Vary:
      - Accept-Encoding
      X-Content-Type-Options:
      - nosniff
      X-Dd-Debug:
      - T0M8IUSL6bs+R5gmxnIS28KoD5lx0N0IU04TSlNtiD3lkhl9dUsMKLoAlE6epfmg
      X-Dd-Version:
      - "35.3405561"
      X-Frame-Options:
      - SAMEORIGIN
      X-Ratelimit-Limit:
      - "3000"
      X-Ratelimit-Period:
      - "10"
      X-Ratelimit-Remaining:
      - "2993"
      X-Ratelimit-Reset:
      - "10"
    status: 200 OK
    code: 200
    duration: ""
- request:
    body: |
      {"message":"some message Notify: @hipchat-channel","name":"tf-TestAccDatadogMonitor_SilencedRemove-local-1605874552","options":{"include_tags":true,"new_host_delay":300,"no_data_timeframe":10,"notify_no_data":false,"require_full_window":true,"silenced":{"*":-1},"thresholds":{}},"priority":0,"query":"avg(last_1h):avg:aws.ec2.cpu{environment:foo,host:foo} by {host} \u003e 2","tags":[],"type":"query alert"}
    form: {}
    headers:
      Accept:
      - application/json
      Content-Type:
      - application/json
      Dd-Operation-Id:
      - ValidateMonitor
      User-Agent:
      - terraform-provider-datadog/dev (terraform 1.15.0; terraform-cli 0.12.7-sdk)
        datadog-api-client-go/1.0.0-beta.11 (go go1.15.4; os darwin; arch amd64)
      X-Datadog-Parent-Id:
      - "8892316697060091133"
      X-Datadog-Sampling-Priority:
      - "1"
      X-Datadog-Trace-Id:
      - "2049780475613295629"
    url: https://api.datadoghq.com/api/v1/monitor/validate
    method: POST
  response:
    body: '{}'
    headers:
      Cache-Control:
      - no-cache
      Connection:
      - keep-alive
      Content-Length:
      - "2"
      Content-Security-Policy:
      - frame-ancestors 'self'; report-uri https://api.datadoghq.com/csp-report
      Content-Type:
      - application/json
      Date:
      - Fri, 20 Nov 2020 12:16:10 GMT
      Dd-Pool:
      - dogweb
      Pragma:
      - no-cache
      Set-Cookie:
      - DD-PSHARD=233; Max-Age=604800; Path=/; expires=Fri, 27-Nov-2020 12:16:10 GMT;
        secure; HttpOnly
      Strict-Transport-Security:
      - max-age=15724800;
      X-Content-Type-Options:
      - nosniff
      X-Dd-Debug:
      - ryWac5atannkG8lrx1lVdTCp/YbvV8d5D9l2yYN66uYKOXDWvTqUNtTDDukaHECY
      X-Dd-Version:
      - "35.3405561"
      X-Frame-Options:
      - SAMEORIGIN
    status: 200 OK
    code: 200
    duration: ""
- request:
    body: ""
    form: {}
    headers:
      Accept:
      - application/json
      Dd-Operation-Id:
      - GetMonitor
      User-Agent:
      - terraform-provider-datadog/dev (terraform 1.15.0; terraform-cli 0.12.7-sdk)
        datadog-api-client-go/1.0.0-beta.11 (go go1.15.4; os darwin; arch amd64)
      X-Datadog-Parent-Id:
      - "5369098931432342052"
      X-Datadog-Sampling-Priority:
      - "1"
      X-Datadog-Trace-Id:
      - "2049780475613295629"
    url: https://api.datadoghq.com/api/v1/monitor/26021063
    method: GET
  response:
    body: '{"restricted_roles":null,"tags":[],"deleted":null,"query":"avg(last_1h):avg:aws.ec2.cpu{environment:foo,host:foo}
      by {host} > 2","message":"some message Notify: @hipchat-channel","id":26021063,"multi":true,"name":"tf-TestAccDatadogMonitor_SilencedRemove-local-1605874552","created":"2020-11-20T12:16:07.761670+00:00","created_at":1605874567000,"creator":{"id":1445416,"handle":"frog@datadoghq.com","name":null,"email":"frog@datadoghq.com"},"org_id":321813,"modified":"2020-11-20T12:16:10.272384+00:00","overall_state_modified":null,"overall_state":"No
      Data","type":"query alert","options":{"notify_audit":false,"locked":false,"silenced":{},"include_tags":true,"new_host_delay":300,"require_full_window":true,"notify_no_data":false}}'
    headers:
      Cache-Control:
      - no-cache
      Connection:
      - keep-alive
      Content-Security-Policy:
      - frame-ancestors 'self'; report-uri https://api.datadoghq.com/csp-report
      Content-Type:
      - application/json
      Date:
      - Fri, 20 Nov 2020 12:16:10 GMT
      Dd-Pool:
      - dogweb
      Pragma:
      - no-cache
      Set-Cookie:
      - DD-PSHARD=233; Max-Age=604800; Path=/; expires=Fri, 27-Nov-2020 12:16:10 GMT;
        secure; HttpOnly
      Strict-Transport-Security:
      - max-age=15724800;
      Vary:
      - Accept-Encoding
      X-Content-Type-Options:
      - nosniff
      X-Dd-Debug:
      - q5LZgdQyaeyVGPNSaYfaXI15usQY6VerSpOcr6YoOhwKyednUK9qVYPwCUtgztbj
      X-Dd-Version:
      - "35.3405561"
      X-Frame-Options:
      - SAMEORIGIN
      X-Ratelimit-Limit:
      - "3000"
      X-Ratelimit-Period:
      - "10"
      X-Ratelimit-Remaining:
      - "2989"
      X-Ratelimit-Reset:
      - "10"
    status: 200 OK
    code: 200
    duration: ""
- request:
    body: ""
    form: {}
    headers:
      Accept:
      - application/json
      Dd-Operation-Id:
      - GetMonitor
      User-Agent:
      - terraform-provider-datadog/dev (terraform 1.15.0; terraform-cli 0.12.7-sdk)
        datadog-api-client-go/1.0.0-beta.11 (go go1.15.4; os darwin; arch amd64)
      X-Datadog-Parent-Id:
      - "6291133175429690283"
      X-Datadog-Sampling-Priority:
      - "1"
      X-Datadog-Trace-Id:
      - "2049780475613295629"
    url: https://api.datadoghq.com/api/v1/monitor/26021063
    method: GET
  response:
    body: '{"restricted_roles":null,"tags":[],"deleted":null,"query":"avg(last_1h):avg:aws.ec2.cpu{environment:foo,host:foo}
      by {host} > 2","message":"some message Notify: @hipchat-channel","id":26021063,"multi":true,"name":"tf-TestAccDatadogMonitor_SilencedRemove-local-1605874552","created":"2020-11-20T12:16:07.761670+00:00","created_at":1605874567000,"creator":{"id":1445416,"handle":"frog@datadoghq.com","name":null,"email":"frog@datadoghq.com"},"org_id":321813,"modified":"2020-11-20T12:16:10.272384+00:00","overall_state_modified":null,"overall_state":"No
      Data","type":"query alert","options":{"notify_audit":false,"locked":false,"silenced":{},"include_tags":true,"new_host_delay":300,"require_full_window":true,"notify_no_data":false}}'
    headers:
      Cache-Control:
      - no-cache
      Connection:
      - keep-alive
      Content-Security-Policy:
      - frame-ancestors 'self'; report-uri https://api.datadoghq.com/csp-report
      Content-Type:
      - application/json
      Date:
      - Fri, 20 Nov 2020 12:16:11 GMT
      Dd-Pool:
      - dogweb
      Pragma:
      - no-cache
      Set-Cookie:
      - DD-PSHARD=233; Max-Age=604800; Path=/; expires=Fri, 27-Nov-2020 12:16:11 GMT;
        secure; HttpOnly
      Strict-Transport-Security:
      - max-age=15724800;
      Vary:
      - Accept-Encoding
      X-Content-Type-Options:
      - nosniff
      X-Dd-Debug:
      - Wu8XyxdUJ940l1hlQ/4Scl2Xta78KG1wkfVN63sn1HQ3Sk/ZYNPBQ2v2fbOhjvmn
      X-Dd-Version:
      - "35.3405561"
      X-Frame-Options:
      - SAMEORIGIN
      X-Ratelimit-Limit:
      - "3000"
      X-Ratelimit-Period:
      - "10"
      X-Ratelimit-Remaining:
      - "2987"
      X-Ratelimit-Reset:
      - "9"
    status: 200 OK
    code: 200
    duration: ""
- request:
    body: |
      {"message":"some message Notify: @hipchat-channel","name":"tf-TestAccDatadogMonitor_SilencedRemove-local-1605874552","options":{"include_tags":true,"new_host_delay":300,"no_data_timeframe":10,"notify_no_data":false,"require_full_window":true,"silenced":{"*":-1},"thresholds":{}},"priority":0,"query":"avg(last_1h):avg:aws.ec2.cpu{environment:foo,host:foo} by {host} \u003e 2","tags":[],"type":"query alert"}
    form: {}
    headers:
      Accept:
      - application/json
      Content-Type:
      - application/json
      Dd-Operation-Id:
      - ValidateMonitor
      User-Agent:
      - terraform-provider-datadog/dev (terraform 1.15.0; terraform-cli 0.12.7-sdk)
        datadog-api-client-go/1.0.0-beta.11 (go go1.15.4; os darwin; arch amd64)
      X-Datadog-Parent-Id:
      - "3416197658471817686"
      X-Datadog-Sampling-Priority:
      - "1"
      X-Datadog-Trace-Id:
      - "2049780475613295629"
    url: https://api.datadoghq.com/api/v1/monitor/validate
    method: POST
  response:
    body: '{}'
    headers:
      Cache-Control:
      - no-cache
      Connection:
      - keep-alive
      Content-Length:
      - "2"
      Content-Security-Policy:
      - frame-ancestors 'self'; report-uri https://api.datadoghq.com/csp-report
      Content-Type:
      - application/json
      Date:
      - Fri, 20 Nov 2020 12:16:11 GMT
      Dd-Pool:
      - dogweb
      Pragma:
      - no-cache
      Set-Cookie:
      - DD-PSHARD=233; Max-Age=604800; Path=/; expires=Fri, 27-Nov-2020 12:16:11 GMT;
        secure; HttpOnly
      Strict-Transport-Security:
      - max-age=15724800;
      X-Content-Type-Options:
      - nosniff
      X-Dd-Debug:
      - zMJDTIeaITirZf9FedmyCj+4WXuqmfQREjdA1T11xGKF1XQWYK1Ifc+omhARu60w
      X-Dd-Version:
      - "35.3405561"
      X-Frame-Options:
      - SAMEORIGIN
    status: 200 OK
    code: 200
    duration: ""
- request:
    body: ""
    form: {}
    headers:
      Accept:
      - application/json
      Dd-Operation-Id:
      - GetMonitor
      User-Agent:
      - terraform-provider-datadog/dev (terraform 1.15.0; terraform-cli 0.12.7-sdk)
        datadog-api-client-go/1.0.0-beta.11 (go go1.15.4; os darwin; arch amd64)
      X-Datadog-Parent-Id:
      - "493403704786784857"
      X-Datadog-Sampling-Priority:
      - "1"
      X-Datadog-Trace-Id:
      - "2049780475613295629"
    url: https://api.datadoghq.com/api/v1/monitor/26021063
    method: GET
  response:
    body: '{"restricted_roles":null,"tags":[],"deleted":null,"query":"avg(last_1h):avg:aws.ec2.cpu{environment:foo,host:foo}
      by {host} > 2","message":"some message Notify: @hipchat-channel","id":26021063,"multi":true,"name":"tf-TestAccDatadogMonitor_SilencedRemove-local-1605874552","created":"2020-11-20T12:16:07.761670+00:00","created_at":1605874567000,"creator":{"id":1445416,"handle":"frog@datadoghq.com","name":null,"email":"frog@datadoghq.com"},"org_id":321813,"modified":"2020-11-20T12:16:10.272384+00:00","overall_state_modified":null,"overall_state":"No
      Data","type":"query alert","options":{"notify_audit":false,"locked":false,"silenced":{},"include_tags":true,"new_host_delay":300,"require_full_window":true,"notify_no_data":false}}'
    headers:
      Cache-Control:
      - no-cache
      Connection:
      - keep-alive
      Content-Security-Policy:
      - frame-ancestors 'self'; report-uri https://api.datadoghq.com/csp-report
      Content-Type:
      - application/json
      Date:
      - Fri, 20 Nov 2020 12:16:11 GMT
      Dd-Pool:
      - dogweb
      Pragma:
      - no-cache
      Set-Cookie:
      - DD-PSHARD=233; Max-Age=604800; Path=/; expires=Fri, 27-Nov-2020 12:16:11 GMT;
        secure; HttpOnly
      Strict-Transport-Security:
      - max-age=15724800;
      Vary:
      - Accept-Encoding
      X-Content-Type-Options:
      - nosniff
      X-Dd-Debug:
      - WInJ5NoKnWsGfpc5/7O8IFkOGqBCSPXHlW+v7fDYTqv2rGTGsFEBI9cuh2tqdLoD
      X-Dd-Version:
      - "35.3405561"
      X-Frame-Options:
      - SAMEORIGIN
      X-Ratelimit-Limit:
      - "3000"
      X-Ratelimit-Period:
      - "10"
      X-Ratelimit-Remaining:
      - "2983"
      X-Ratelimit-Reset:
      - "9"
    status: 200 OK
    code: 200
    duration: ""
- request:
    body: ""
    form: {}
    headers:
      Accept:
      - application/json
      Dd-Operation-Id:
      - GetMonitor
      User-Agent:
      - terraform-provider-datadog/dev (terraform 1.15.0; terraform-cli 0.12.7-sdk)
        datadog-api-client-go/1.0.0-beta.11 (go go1.15.4; os darwin; arch amd64)
      X-Datadog-Parent-Id:
      - "4532134963372814172"
      X-Datadog-Sampling-Priority:
      - "1"
      X-Datadog-Trace-Id:
      - "2049780475613295629"
    url: https://api.datadoghq.com/api/v1/monitor/26021063
    method: GET
  response:
    body: '{"restricted_roles":null,"tags":[],"deleted":null,"query":"avg(last_1h):avg:aws.ec2.cpu{environment:foo,host:foo}
      by {host} > 2","message":"some message Notify: @hipchat-channel","id":26021063,"multi":true,"name":"tf-TestAccDatadogMonitor_SilencedRemove-local-1605874552","created":"2020-11-20T12:16:07.761670+00:00","created_at":1605874567000,"creator":{"id":1445416,"handle":"frog@datadoghq.com","name":null,"email":"frog@datadoghq.com"},"org_id":321813,"modified":"2020-11-20T12:16:10.272384+00:00","overall_state_modified":null,"overall_state":"No
      Data","type":"query alert","options":{"notify_audit":false,"locked":false,"silenced":{},"include_tags":true,"new_host_delay":300,"require_full_window":true,"notify_no_data":false}}'
    headers:
      Cache-Control:
      - no-cache
      Connection:
      - keep-alive
      Content-Security-Policy:
      - frame-ancestors 'self'; report-uri https://api.datadoghq.com/csp-report
      Content-Type:
      - application/json
      Date:
      - Fri, 20 Nov 2020 12:16:11 GMT
      Dd-Pool:
      - dogweb
      Pragma:
      - no-cache
      Set-Cookie:
      - DD-PSHARD=233; Max-Age=604800; Path=/; expires=Fri, 27-Nov-2020 12:16:11 GMT;
        secure; HttpOnly
      Strict-Transport-Security:
      - max-age=15724800;
      Vary:
      - Accept-Encoding
      X-Content-Type-Options:
      - nosniff
      X-Dd-Debug:
      - saoIV/FA/z8H0gcXHP3CQ32hxYowRdGCvx+QRO7UdacLP4hVHOLNCuxXnf6LPRGD
      X-Dd-Version:
      - "35.3405561"
      X-Frame-Options:
      - SAMEORIGIN
      X-Ratelimit-Limit:
      - "3000"
      X-Ratelimit-Period:
      - "10"
      X-Ratelimit-Remaining:
      - "2981"
      X-Ratelimit-Reset:
      - "9"
    status: 200 OK
    code: 200
    duration: ""
- request:
    body: ""
    form: {}
    headers:
      Accept:
      - application/json
      Dd-Operation-Id:
      - DeleteMonitor
      User-Agent:
      - terraform-provider-datadog/dev (terraform 1.15.0; terraform-cli 0.12.7-sdk)
        datadog-api-client-go/1.0.0-beta.11 (go go1.15.4; os darwin; arch amd64)
      X-Datadog-Parent-Id:
      - "1190669656438481434"
      X-Datadog-Sampling-Priority:
      - "1"
      X-Datadog-Trace-Id:
      - "2049780475613295629"
    url: https://api.datadoghq.com/api/v1/monitor/26021063
    method: DELETE
  response:
    body: '{"deleted_monitor_id":26021063}'
    headers:
      Cache-Control:
      - no-cache
      Connection:
      - keep-alive
      Content-Security-Policy:
      - frame-ancestors 'self'; report-uri https://api.datadoghq.com/csp-report
      Content-Type:
      - application/json
      Date:
      - Fri, 20 Nov 2020 12:16:12 GMT
      Dd-Pool:
      - dogweb
      Pragma:
      - no-cache
      Set-Cookie:
      - DD-PSHARD=233; Max-Age=604800; Path=/; expires=Fri, 27-Nov-2020 12:16:12 GMT;
        secure; HttpOnly
      Strict-Transport-Security:
      - max-age=15724800;
      Vary:
      - Accept-Encoding
      X-Content-Type-Options:
      - nosniff
      X-Dd-Debug:
      - H6YNJZe2hxg7AD4MytxnK6WTGV3v238t6qy6wX4rqFlv+Cb0Gp+GU8J41gMZvmVb
      X-Dd-Version:
      - "35.3405561"
      X-Frame-Options:
      - SAMEORIGIN
    status: 200 OK
    code: 200
    duration: ""
- request:
    body: ""
    form: {}
    headers:
      User-Agent:
      - terraform-provider-datadog/dev (terraform 1.15.0; terraform-cli 0.12.7-sdk)
        datadog-api-client-go/go-datadog-api (go go1.15.4; os darwin; arch amd64)
      X-Datadog-Parent-Id:
      - "6728313691397051787"
      X-Datadog-Sampling-Priority:
      - "1"
      X-Datadog-Trace-Id:
      - "6728313691397051787"
    url: https://api.datadoghq.com/api/v1/monitor/26021063
    method: GET
  response:
    body: '{"errors":["Monitor not found"]}'
    headers:
      Cache-Control:
      - no-cache
      Connection:
      - keep-alive
      Content-Security-Policy:
      - frame-ancestors 'self'; report-uri https://api.datadoghq.com/csp-report
      Content-Type:
      - application/json
      Date:
      - Fri, 20 Nov 2020 12:16:12 GMT
      Dd-Pool:
      - dogweb
      Pragma:
      - no-cache
      Strict-Transport-Security:
      - max-age=15724800;
      Vary:
      - Accept-Encoding
      X-Content-Type-Options:
      - nosniff
      X-Dd-Version:
      - "35.3405561"
      X-Frame-Options:
      - SAMEORIGIN
      X-Ratelimit-Limit:
      - "3000"
      X-Ratelimit-Period:
      - "10"
      X-Ratelimit-Remaining:
      - "2976"
      X-Ratelimit-Reset:
      - "8"
    status: 404 Not Found
    code: 404
    duration: ""
