---
version: 1
interactions:
- request:
    body: '{"services":[{"service_name":"test_service","service_key":"*****"},{"service_name":"test_service_2","service_key":"*****"}],"subdomain":"testdomain","api_token":"*****"}'
    form: {}
    headers:
      Content-Type:
      - application/json
      User-Agent:
      - Datadog/dev/terraform (go1.14)
    url: https://api.datadoghq.com/api/v1/integration/pagerduty
    method: PUT
  response:
    body: ""
    headers:
      Connection:
      - keep-alive
      Content-Security-Policy:
      - frame-ancestors 'self'; report-uri https://api.datadoghq.com/csp-report
      Content-Type:
      - text/plain
      Date:
      - Fri, 28 Feb 2020 17:01:26 GMT
      Dd-Pool:
      - dogweb
      Set-Cookie:
      - DD-PSHARD=233; Max-Age=604800; Path=/; expires=Fri, 06-Mar-2020 17:01:26 GMT;
        secure; HttpOnly
      Strict-Transport-Security:
      - max-age=15724800;
      X-Content-Type-Options:
      - nosniff
      X-Dd-Debug:
      - i/tjaZJ1Vhpke5HNSziupF5eEnHtDP3NjcuF7Ija0/AGuxq0WEQiFfpqy+mDADxv
      X-Dd-Version:
      - "35.2224914"
      X-Frame-Options:
      - SAMEORIGIN
    status: 204 No Content
    code: 204
    duration: ""
- request:
    body: ""
    form: {}
    headers:
      User-Agent:
      - Datadog/dev/terraform (go1.14)
    url: https://api.datadoghq.com/api/v1/integration/pagerduty
    method: GET
  response:
    body: '{"services":[{"service_name":"test_service","service_key":"*****"},{"service_name":"test_service_2","service_key":"*****"}],"schedules":[],"subdomain":"testdomain","api_token":"*****"}'
    headers:
      Cache-Control:
      - no-cache
      Connection:
      - keep-alive
      Content-Security-Policy:
      - frame-ancestors 'self'; report-uri https://api.datadoghq.com/csp-report
      Content-Type:
      - application/json
      Date:
      - Fri, 28 Feb 2020 17:01:26 GMT
      Dd-Pool:
      - dogweb
      Pragma:
      - no-cache
      Set-Cookie:
      - DD-PSHARD=233; Max-Age=604800; Path=/; expires=Fri, 06-Mar-2020 17:01:26 GMT;
        secure; HttpOnly
      Strict-Transport-Security:
      - max-age=15724800;
      Vary:
      - Accept-Encoding
      X-Content-Type-Options:
      - nosniff
      X-Dd-Debug:
      - UH1aMdrlnlnaxy/K+HUi5QUN2T0FBtGPSUC8sLrviqCK1XXfgHsSO5DneAd5J+6F
      X-Dd-Version:
      - "35.2224914"
      X-Frame-Options:
      - SAMEORIGIN
    status: 200 OK
    code: 200
    duration: ""
- request:
    body: ""
    form: {}
    headers:
      User-Agent:
      - Datadog/dev/terraform (go1.14)
    url: https://api.datadoghq.com/api/v1/integration/pagerduty
    method: GET
  response:
    body: '{"services":[{"service_name":"test_service","service_key":"*****"},{"service_name":"test_service_2","service_key":"*****"}],"schedules":[],"subdomain":"testdomain","api_token":"*****"}'
    headers:
      Cache-Control:
      - no-cache
      Connection:
      - keep-alive
      Content-Security-Policy:
      - frame-ancestors 'self'; report-uri https://api.datadoghq.com/csp-report
      Content-Type:
      - application/json
      Date:
      - Fri, 28 Feb 2020 17:01:26 GMT
      Dd-Pool:
      - dogweb
      Pragma:
      - no-cache
      Set-Cookie:
      - DD-PSHARD=233; Max-Age=604800; Path=/; expires=Fri, 06-Mar-2020 17:01:26 GMT;
        secure; HttpOnly
      Strict-Transport-Security:
      - max-age=15724800;
      Vary:
      - Accept-Encoding
      X-Content-Type-Options:
      - nosniff
      X-Dd-Debug:
      - DAk/CQntZmry+u4cYsuVOELuKFo1I3NzKRNwPlY9WvlbH+rffk5VylB8tKDaSRWP
      X-Dd-Version:
      - "35.2224914"
      X-Frame-Options:
      - SAMEORIGIN
    status: 200 OK
    code: 200
    duration: ""
- request:
    body: ""
    form: {}
    headers:
      User-Agent:
      - Datadog/dev/terraform (go1.14)
    url: https://api.datadoghq.com/api/v1/integration/pagerduty
    method: GET
  response:
    body: '{"services":[{"service_name":"test_service","service_key":"*****"},{"service_name":"test_service_2","service_key":"*****"}],"schedules":[],"subdomain":"testdomain","api_token":"*****"}'
    headers:
      Cache-Control:
      - no-cache
      Connection:
      - keep-alive
      Content-Security-Policy:
      - frame-ancestors 'self'; report-uri https://api.datadoghq.com/csp-report
      Content-Type:
      - application/json
      Date:
      - Fri, 28 Feb 2020 17:01:26 GMT
      Dd-Pool:
      - dogweb
      Pragma:
      - no-cache
      Set-Cookie:
      - DD-PSHARD=233; Max-Age=604800; Path=/; expires=Fri, 06-Mar-2020 17:01:26 GMT;
        secure; HttpOnly
      Strict-Transport-Security:
      - max-age=15724800;
      Vary:
      - Accept-Encoding
      X-Content-Type-Options:
      - nosniff
      X-Dd-Debug:
      - KKQq2SiaDLpychKSp47ffvU6SRxUV+VzBWr187ESkULBuGOI+kREfb/2NCy8DAWC
      X-Dd-Version:
      - "35.2224914"
      X-Frame-Options:
      - SAMEORIGIN
    status: 200 OK
    code: 200
    duration: ""
- request:
    body: ""
    form: {}
    headers:
      User-Agent:
      - Datadog/dev/terraform (go1.14)
    url: https://api.datadoghq.com/api/v1/integration/pagerduty
    method: GET
  response:
    body: '{"services":[{"service_name":"test_service","service_key":"*****"},{"service_name":"test_service_2","service_key":"*****"}],"schedules":[],"subdomain":"testdomain","api_token":"*****"}'
    headers:
      Cache-Control:
      - no-cache
      Connection:
      - keep-alive
      Content-Security-Policy:
      - frame-ancestors 'self'; report-uri https://api.datadoghq.com/csp-report
      Content-Type:
      - application/json
      Date:
      - Fri, 28 Feb 2020 17:01:26 GMT
      Dd-Pool:
      - dogweb
      Pragma:
      - no-cache
      Set-Cookie:
      - DD-PSHARD=233; Max-Age=604800; Path=/; expires=Fri, 06-Mar-2020 17:01:26 GMT;
        secure; HttpOnly
      Strict-Transport-Security:
      - max-age=15724800;
      Vary:
      - Accept-Encoding
      X-Content-Type-Options:
      - nosniff
      X-Dd-Debug:
      - AVsav2jjRGvwjNvJeRUS7kJsgTlhh9y9smyL3UJVQTMAUoPyejdL0bVSnanIQLK4
      X-Dd-Version:
      - "35.2224914"
      X-Frame-Options:
      - SAMEORIGIN
    status: 200 OK
    code: 200
    duration: ""
- request:
    body: ""
    form: {}
    headers:
      User-Agent:
      - Datadog/dev/terraform (go1.14)
    url: https://api.datadoghq.com/api/v1/integration/pagerduty
    method: GET
  response:
    body: '{"services":[{"service_name":"test_service","service_key":"*****"},{"service_name":"test_service_2","service_key":"*****"}],"schedules":[],"subdomain":"testdomain","api_token":"*****"}'
    headers:
      Cache-Control:
      - no-cache
      Connection:
      - keep-alive
      Content-Security-Policy:
      - frame-ancestors 'self'; report-uri https://api.datadoghq.com/csp-report
      Content-Type:
      - application/json
      Date:
      - Fri, 28 Feb 2020 17:01:27 GMT
      Dd-Pool:
      - dogweb
      Pragma:
      - no-cache
      Set-Cookie:
      - DD-PSHARD=233; Max-Age=604800; Path=/; expires=Fri, 06-Mar-2020 17:01:27 GMT;
        secure; HttpOnly
      Strict-Transport-Security:
      - max-age=15724800;
      Vary:
      - Accept-Encoding
      X-Content-Type-Options:
      - nosniff
      X-Dd-Debug:
      - IYH6Ubmq2MBSPq8ODr3BCv3hq6/qfjckWAQPmybeluQn4umf0be4fk6ceyy1pnBw
      X-Dd-Version:
      - "35.2224914"
      X-Frame-Options:
      - SAMEORIGIN
    status: 200 OK
    code: 200
    duration: ""
- request:
    body: ""
    form: {}
    headers:
      User-Agent:
      - Datadog/dev/terraform (go1.14)
    url: https://api.datadoghq.com/api/v1/integration/pagerduty
    method: GET
  response:
    body: '{"services":[{"service_name":"test_service","service_key":"*****"},{"service_name":"test_service_2","service_key":"*****"}],"schedules":[],"subdomain":"testdomain","api_token":"*****"}'
    headers:
      Cache-Control:
      - no-cache
      Connection:
      - keep-alive
      Content-Security-Policy:
      - frame-ancestors 'self'; report-uri https://api.datadoghq.com/csp-report
      Content-Type:
      - application/json
      Date:
      - Fri, 28 Feb 2020 17:01:27 GMT
      Dd-Pool:
      - dogweb
      Pragma:
      - no-cache
      Set-Cookie:
      - DD-PSHARD=233; Max-Age=604800; Path=/; expires=Fri, 06-Mar-2020 17:01:27 GMT;
        secure; HttpOnly
      Strict-Transport-Security:
      - max-age=15724800;
      Vary:
      - Accept-Encoding
      X-Content-Type-Options:
      - nosniff
      X-Dd-Debug:
      - aswcxBk1J00Iy18+kQFKF6EQfzLy4sWD4ILciesVMX5rWDYniffEYH6qbK0qwOgw
      X-Dd-Version:
      - "35.2224914"
      X-Frame-Options:
      - SAMEORIGIN
    status: 200 OK
    code: 200
    duration: ""
- request:
    body: ""
    form: {}
    headers:
      User-Agent:
      - Datadog/dev/terraform (go1.14)
    url: https://api.datadoghq.com/api/v1/integration/pagerduty
    method: DELETE
  response:
    body: ""
    headers:
      Connection:
      - keep-alive
      Content-Security-Policy:
      - frame-ancestors 'self'; report-uri https://api.datadoghq.com/csp-report
      Content-Type:
      - text/plain
      Date:
      - Fri, 28 Feb 2020 17:01:27 GMT
      Dd-Pool:
      - dogweb
      Set-Cookie:
      - DD-PSHARD=233; Max-Age=604800; Path=/; expires=Fri, 06-Mar-2020 17:01:27 GMT;
        secure; HttpOnly
      Strict-Transport-Security:
      - max-age=15724800;
      X-Content-Type-Options:
      - nosniff
      X-Dd-Debug:
      - +24qoGfe5Pp4qbS1m8KO9qioq2P4fxuj80XQhtr/9vInDLECmYZT0VSsbqISZgqC
      X-Dd-Version:
      - "35.2224914"
      X-Frame-Options:
      - SAMEORIGIN
    status: 204 No Content
    code: 204
    duration: ""
- request:
    body: ""
    form: {}
    headers:
      User-Agent:
      - Datadog/dev/terraform (go1.14)
    url: https://api.datadoghq.com/api/v1/integration/pagerduty
    method: GET
  response:
    body: '{"errors": ["pagerduty not found"]}'
    headers:
      Cache-Control:
      - no-cache
      Connection:
      - keep-alive
      Content-Security-Policy:
      - frame-ancestors 'self'; report-uri https://api.datadoghq.com/csp-report
      Content-Type:
      - application/json
      Date:
      - Fri, 28 Feb 2020 17:01:27 GMT
      Dd-Pool:
      - dogweb
      Pragma:
      - no-cache
      Strict-Transport-Security:
      - max-age=15724800;
      Vary:
      - Accept-Encoding
      X-Content-Type-Options:
      - nosniff
      X-Dd-Version:
      - "35.2224914"
      X-Frame-Options:
      - SAMEORIGIN
    status: 404 Not Found
    code: 404
    duration: ""
