---
version: 1
interactions:
- request:
    body: |
      {"description":"Created using the Datadog provider in Terraform","id":"","is_read_only":true,"layout_type":"free","notify_list":[],"template_variable_presets":[],"template_variables":[],"title":"Acceptance Test Log Stream Widget Dashboard","widgets":[{"definition":{"columns":["core_host","core_service"],"indexes":[],"logset":"19","message_display":"expanded-md","query":"status:error env:prod","show_date_column":true,"show_message_column":true,"sort":{"column":"time","order":"desc"},"time":{"live_span":"1d"},"title":"Log Stream","title_align":"right","title_size":"16","type":"log_stream"},"layout":{"height":43,"width":32,"x":5,"y":5}}]}
    form: {}
    headers:
      Accept:
      - application/json
      Content-Type:
      - application/json
      Dd-Operation-Id:
      - CreateDashboard
      User-Agent:
      - terraform-provider-datadog/dev (terraform 1.15.0; terraform-cli ) datadog-api-client-go/1.0.0-beta.9+dev
        (go go1.14.2; os darwin; arch amd64)
      X-Datadog-Parent-Id:
      - "5149198402870757256"
      X-Datadog-Sampling-Priority:
      - "1"
      X-Datadog-Trace-Id:
      - "7632914219910276023"
    url: https://api.datadoghq.com/api/v1/dashboard
    method: POST
  response:
    body: '{"notify_list":[],"description":"Created using the Datadog provider in
      Terraform","author_name":null,"template_variable_presets":[],"template_variables":[],"is_read_only":true,"id":"66d-dfn-j5e","title":"Acceptance
      Test Log Stream Widget Dashboard","url":"/dashboard/66d-dfn-j5e/acceptance-test-log-stream-widget-dashboard","created_at":"2020-10-09T12:34:59.798284+00:00","modified_at":"2020-10-09T12:34:59.798284+00:00","author_handle":"frog@datadoghq.com","widgets":[{"definition":{"logset":"19","sort":{"column":"time","order":"desc"},"show_message_column":true,"title_size":"16","title":"Log
      Stream","title_align":"right","message_display":"expanded-md","indexes":[],"columns":["core_host","core_service"],"time":{"live_span":"1d"},"query":"status:error
      env:prod","type":"log_stream","show_date_column":true},"layout":{"y":5,"width":32,"x":5,"height":43},"id":1789821743024970}],"layout_type":"free"}'
    headers:
      Cache-Control:
      - no-cache
      Connection:
      - keep-alive
      Content-Security-Policy:
      - frame-ancestors 'self'; report-uri https://api.datadoghq.com/csp-report
      Content-Type:
      - application/json
      Date:
      - Fri, 09 Oct 2020 12:35:00 GMT
      Dd-Pool:
      - dogweb
      Pragma:
      - no-cache
      Set-Cookie:
      - DD-PSHARD=233; Max-Age=604800; Path=/; expires=Fri, 16-Oct-2020 12:34:59 GMT;
        secure; HttpOnly
      Strict-Transport-Security:
      - max-age=15724800;
      Vary:
      - Accept-Encoding
      X-Content-Type-Options:
      - nosniff
      X-Dd-Debug:
      - 4800hhM5D8qj6yrPc+dlMvhUa+SbSJAXG/yPCxJaOKK9a5IkPxDsNnyOdNMLl2nJ
      X-Dd-Version:
      - "35.3169891"
      X-Frame-Options:
      - SAMEORIGIN
    status: 200 OK
    code: 200
    duration: ""
- request:
    body: ""
    form: {}
    headers:
      Accept:
      - application/json
      Dd-Operation-Id:
      - GetDashboard
      User-Agent:
      - terraform-provider-datadog/dev (terraform 1.15.0; terraform-cli ) datadog-api-client-go/1.0.0-beta.9+dev
        (go go1.14.2; os darwin; arch amd64)
      X-Datadog-Parent-Id:
      - "9171783153432242372"
      X-Datadog-Sampling-Priority:
      - "1"
      X-Datadog-Trace-Id:
      - "7632914219910276023"
    url: https://api.datadoghq.com/api/v1/dashboard/66d-dfn-j5e
    method: GET
  response:
    body: '{"notify_list":[],"description":"Created using the Datadog provider in
      Terraform","author_name":null,"template_variable_presets":[],"template_variables":[],"is_read_only":true,"id":"66d-dfn-j5e","title":"Acceptance
      Test Log Stream Widget Dashboard","url":"/dashboard/66d-dfn-j5e/acceptance-test-log-stream-widget-dashboard","created_at":"2020-10-09T12:34:59.798284+00:00","modified_at":"2020-10-09T12:34:59.798284+00:00","author_handle":"frog@datadoghq.com","widgets":[{"definition":{"logset":"19","sort":{"column":"time","order":"desc"},"show_message_column":true,"title_size":"16","title":"Log
      Stream","title_align":"right","message_display":"expanded-md","indexes":[],"columns":["core_host","core_service"],"time":{"live_span":"1d"},"query":"status:error
      env:prod","type":"log_stream","show_date_column":true},"layout":{"y":5,"width":32,"x":5,"height":43},"id":1789821743024970}],"layout_type":"free"}'
    headers:
      Cache-Control:
      - no-cache
      Connection:
      - keep-alive
      Content-Security-Policy:
      - frame-ancestors 'self'; report-uri https://api.datadoghq.com/csp-report
      Content-Type:
      - application/json
      Date:
      - Fri, 09 Oct 2020 12:35:00 GMT
      Dd-Pool:
      - dogweb
      Pragma:
      - no-cache
      Set-Cookie:
      - DD-PSHARD=233; Max-Age=604800; Path=/; expires=Fri, 16-Oct-2020 12:35:00 GMT;
        secure; HttpOnly
      Strict-Transport-Security:
      - max-age=15724800;
      Vary:
      - Accept-Encoding
      X-Content-Type-Options:
      - nosniff
      X-Dd-Debug:
      - RQNZxTpzmnYtqewiwDnwjOIeDPnPlPWTnfmCTuKeHAaJNSGMGGndPJBReO57sp0w
      X-Dd-Version:
      - "35.3169891"
      X-Frame-Options:
      - SAMEORIGIN
    status: 200 OK
    code: 200
    duration: ""
- request:
    body: ""
    form: {}
    headers:
      Accept:
      - application/json
      Dd-Operation-Id:
      - GetDashboard
      User-Agent:
      - terraform-provider-datadog/dev (terraform 1.15.0; terraform-cli ) datadog-api-client-go/1.0.0-beta.9+dev
        (go go1.14.2; os darwin; arch amd64)
      X-Datadog-Parent-Id:
      - "6804605416024765098"
      X-Datadog-Sampling-Priority:
      - "1"
      X-Datadog-Trace-Id:
      - "7632914219910276023"
    url: https://api.datadoghq.com/api/v1/dashboard/66d-dfn-j5e
    method: GET
  response:
    body: '{"notify_list":[],"description":"Created using the Datadog provider in
      Terraform","author_name":null,"template_variable_presets":[],"template_variables":[],"is_read_only":true,"id":"66d-dfn-j5e","title":"Acceptance
      Test Log Stream Widget Dashboard","url":"/dashboard/66d-dfn-j5e/acceptance-test-log-stream-widget-dashboard","created_at":"2020-10-09T12:34:59.798284+00:00","modified_at":"2020-10-09T12:34:59.798284+00:00","author_handle":"frog@datadoghq.com","widgets":[{"definition":{"logset":"19","sort":{"column":"time","order":"desc"},"show_message_column":true,"title_size":"16","title":"Log
      Stream","title_align":"right","message_display":"expanded-md","indexes":[],"columns":["core_host","core_service"],"time":{"live_span":"1d"},"query":"status:error
      env:prod","type":"log_stream","show_date_column":true},"layout":{"y":5,"width":32,"x":5,"height":43},"id":1789821743024970}],"layout_type":"free"}'
    headers:
      Cache-Control:
      - no-cache
      Connection:
      - keep-alive
      Content-Security-Policy:
      - frame-ancestors 'self'; report-uri https://api.datadoghq.com/csp-report
      Content-Type:
      - application/json
      Date:
      - Fri, 09 Oct 2020 12:35:01 GMT
      Dd-Pool:
      - dogweb
      Pragma:
      - no-cache
      Set-Cookie:
      - DD-PSHARD=233; Max-Age=604800; Path=/; expires=Fri, 16-Oct-2020 12:35:01 GMT;
        secure; HttpOnly
      Strict-Transport-Security:
      - max-age=15724800;
      Vary:
      - Accept-Encoding
      X-Content-Type-Options:
      - nosniff
      X-Dd-Debug:
      - n9uz1T+WujhmfsGndIdy1tCYb5bh9AzSyYOT5TTjJX23RGEavHxGqcz400IC+bY1
      X-Dd-Version:
      - "35.3169891"
      X-Frame-Options:
      - SAMEORIGIN
    status: 200 OK
    code: 200
    duration: ""
- request:
    body: ""
    form: {}
    headers:
      Accept:
      - application/json
      Dd-Operation-Id:
      - GetDashboard
      User-Agent:
      - terraform-provider-datadog/dev (terraform 1.15.0; terraform-cli ) datadog-api-client-go/1.0.0-beta.9+dev
        (go go1.14.2; os darwin; arch amd64)
      X-Datadog-Parent-Id:
      - "823826274566653268"
      X-Datadog-Sampling-Priority:
      - "1"
      X-Datadog-Trace-Id:
      - "7632914219910276023"
    url: https://api.datadoghq.com/api/v1/dashboard/66d-dfn-j5e
    method: GET
  response:
    body: '{"notify_list":[],"description":"Created using the Datadog provider in
      Terraform","author_name":null,"template_variable_presets":[],"template_variables":[],"is_read_only":true,"id":"66d-dfn-j5e","title":"Acceptance
      Test Log Stream Widget Dashboard","url":"/dashboard/66d-dfn-j5e/acceptance-test-log-stream-widget-dashboard","created_at":"2020-10-09T12:34:59.798284+00:00","modified_at":"2020-10-09T12:34:59.798284+00:00","author_handle":"frog@datadoghq.com","widgets":[{"definition":{"logset":"19","sort":{"column":"time","order":"desc"},"show_message_column":true,"title_size":"16","title":"Log
      Stream","title_align":"right","message_display":"expanded-md","indexes":[],"columns":["core_host","core_service"],"time":{"live_span":"1d"},"query":"status:error
      env:prod","type":"log_stream","show_date_column":true},"layout":{"y":5,"width":32,"x":5,"height":43},"id":1789821743024970}],"layout_type":"free"}'
    headers:
      Cache-Control:
      - no-cache
      Connection:
      - keep-alive
      Content-Security-Policy:
      - frame-ancestors 'self'; report-uri https://api.datadoghq.com/csp-report
      Content-Type:
      - application/json
      Date:
      - Fri, 09 Oct 2020 12:35:07 GMT
      Dd-Pool:
      - dogweb
      Pragma:
      - no-cache
      Set-Cookie:
      - DD-PSHARD=233; Max-Age=604800; Path=/; expires=Fri, 16-Oct-2020 12:35:06 GMT;
        secure; HttpOnly
      Strict-Transport-Security:
      - max-age=15724800;
      Vary:
      - Accept-Encoding
      X-Content-Type-Options:
      - nosniff
      X-Dd-Debug:
      - SQ42qDtuEKFP2sgVjIqNlDpiYOKALQoZIabV6hSyHOa0/LSJKKwpuBBfI7vLZopD
      X-Dd-Version:
      - "35.3169891"
      X-Frame-Options:
      - SAMEORIGIN
    status: 200 OK
    code: 200
    duration: ""
- request:
    body: ""
    form: {}
    headers:
      Accept:
      - application/json
      Dd-Operation-Id:
      - GetDashboard
      User-Agent:
      - terraform-provider-datadog/dev (terraform 1.15.0; terraform-cli ) datadog-api-client-go/1.0.0-beta.9+dev
        (go go1.14.2; os darwin; arch amd64)
      X-Datadog-Parent-Id:
      - "1688033186678251893"
      X-Datadog-Sampling-Priority:
      - "1"
      X-Datadog-Trace-Id:
      - "7632914219910276023"
    url: https://api.datadoghq.com/api/v1/dashboard/66d-dfn-j5e
    method: GET
  response:
    body: '{"notify_list":[],"description":"Created using the Datadog provider in
      Terraform","author_name":null,"template_variable_presets":[],"template_variables":[],"is_read_only":true,"id":"66d-dfn-j5e","title":"Acceptance
      Test Log Stream Widget Dashboard","url":"/dashboard/66d-dfn-j5e/acceptance-test-log-stream-widget-dashboard","created_at":"2020-10-09T12:34:59.798284+00:00","modified_at":"2020-10-09T12:34:59.798284+00:00","author_handle":"frog@datadoghq.com","widgets":[{"definition":{"logset":"19","sort":{"column":"time","order":"desc"},"show_message_column":true,"title_size":"16","title":"Log
      Stream","title_align":"right","message_display":"expanded-md","indexes":[],"columns":["core_host","core_service"],"time":{"live_span":"1d"},"query":"status:error
      env:prod","type":"log_stream","show_date_column":true},"layout":{"y":5,"width":32,"x":5,"height":43},"id":1789821743024970}],"layout_type":"free"}'
    headers:
      Cache-Control:
      - no-cache
      Connection:
      - keep-alive
      Content-Security-Policy:
      - frame-ancestors 'self'; report-uri https://api.datadoghq.com/csp-report
      Content-Type:
      - application/json
      Date:
      - Fri, 09 Oct 2020 12:35:07 GMT
      Dd-Pool:
      - dogweb
      Pragma:
      - no-cache
      Set-Cookie:
      - DD-PSHARD=233; Max-Age=604800; Path=/; expires=Fri, 16-Oct-2020 12:35:07 GMT;
        secure; HttpOnly
      Strict-Transport-Security:
      - max-age=15724800;
      Vary:
      - Accept-Encoding
      X-Content-Type-Options:
      - nosniff
      X-Dd-Debug:
      - weu815+ZWWbGQq5tr1Pbgn9tz03CIxMGqv8+DypizfBZ1wZXms1G/y6kUb21vi3s
      X-Dd-Version:
      - "35.3169891"
      X-Frame-Options:
      - SAMEORIGIN
    status: 200 OK
    code: 200
    duration: ""
- request:
    body: ""
    form: {}
    headers:
      Accept:
      - application/json
      Dd-Operation-Id:
      - GetDashboard
      User-Agent:
      - terraform-provider-datadog/dev (terraform 1.15.0; terraform-cli ) datadog-api-client-go/1.0.0-beta.9+dev
        (go go1.14.2; os darwin; arch amd64)
      X-Datadog-Parent-Id:
      - "1114300364990693514"
      X-Datadog-Sampling-Priority:
      - "1"
      X-Datadog-Trace-Id:
      - "7632914219910276023"
    url: https://api.datadoghq.com/api/v1/dashboard/66d-dfn-j5e
    method: GET
  response:
    body: '{"notify_list":[],"description":"Created using the Datadog provider in
      Terraform","author_name":null,"template_variable_presets":[],"template_variables":[],"is_read_only":true,"id":"66d-dfn-j5e","title":"Acceptance
      Test Log Stream Widget Dashboard","url":"/dashboard/66d-dfn-j5e/acceptance-test-log-stream-widget-dashboard","created_at":"2020-10-09T12:34:59.798284+00:00","modified_at":"2020-10-09T12:34:59.798284+00:00","author_handle":"frog@datadoghq.com","widgets":[{"definition":{"logset":"19","sort":{"column":"time","order":"desc"},"show_message_column":true,"title_size":"16","title":"Log
      Stream","title_align":"right","message_display":"expanded-md","indexes":[],"columns":["core_host","core_service"],"time":{"live_span":"1d"},"query":"status:error
      env:prod","type":"log_stream","show_date_column":true},"layout":{"y":5,"width":32,"x":5,"height":43},"id":1789821743024970}],"layout_type":"free"}'
    headers:
      Cache-Control:
      - no-cache
      Connection:
      - keep-alive
      Content-Security-Policy:
      - frame-ancestors 'self'; report-uri https://api.datadoghq.com/csp-report
      Content-Type:
      - application/json
      Date:
      - Fri, 09 Oct 2020 12:35:14 GMT
      Dd-Pool:
      - dogweb
      Pragma:
      - no-cache
      Set-Cookie:
      - DD-PSHARD=233; Max-Age=604800; Path=/; expires=Fri, 16-Oct-2020 12:35:14 GMT;
        secure; HttpOnly
      Strict-Transport-Security:
      - max-age=15724800;
      Vary:
      - Accept-Encoding
      X-Content-Type-Options:
      - nosniff
      X-Dd-Debug:
      - ZTMib3S/rZeXw/RhaeaehRILC7QJAaERfyf3m4/am8FN44e9rxbkPcmk4YzKBISj
      X-Dd-Version:
      - "35.3169891"
      X-Frame-Options:
      - SAMEORIGIN
    status: 200 OK
    code: 200
    duration: ""
- request:
    body: ""
    form: {}
    headers:
      Accept:
      - application/json
      Dd-Operation-Id:
      - GetDashboard
      User-Agent:
      - terraform-provider-datadog/dev (terraform 1.15.0; terraform-cli ) datadog-api-client-go/1.0.0-beta.9+dev
        (go go1.14.2; os darwin; arch amd64)
      X-Datadog-Parent-Id:
      - "2125370350405775130"
      X-Datadog-Sampling-Priority:
      - "1"
      X-Datadog-Trace-Id:
      - "7632914219910276023"
    url: https://api.datadoghq.com/api/v1/dashboard/66d-dfn-j5e
    method: GET
  response:
    body: '{"notify_list":[],"description":"Created using the Datadog provider in
      Terraform","author_name":null,"template_variable_presets":[],"template_variables":[],"is_read_only":true,"id":"66d-dfn-j5e","title":"Acceptance
      Test Log Stream Widget Dashboard","url":"/dashboard/66d-dfn-j5e/acceptance-test-log-stream-widget-dashboard","created_at":"2020-10-09T12:34:59.798284+00:00","modified_at":"2020-10-09T12:34:59.798284+00:00","author_handle":"frog@datadoghq.com","widgets":[{"definition":{"logset":"19","sort":{"column":"time","order":"desc"},"show_message_column":true,"title_size":"16","title":"Log
      Stream","title_align":"right","message_display":"expanded-md","indexes":[],"columns":["core_host","core_service"],"time":{"live_span":"1d"},"query":"status:error
      env:prod","type":"log_stream","show_date_column":true},"layout":{"y":5,"width":32,"x":5,"height":43},"id":1789821743024970}],"layout_type":"free"}'
    headers:
      Cache-Control:
      - no-cache
      Connection:
      - keep-alive
      Content-Security-Policy:
      - frame-ancestors 'self'; report-uri https://api.datadoghq.com/csp-report
      Content-Type:
      - application/json
      Date:
      - Fri, 09 Oct 2020 12:35:14 GMT
      Dd-Pool:
      - dogweb
      Pragma:
      - no-cache
      Set-Cookie:
      - DD-PSHARD=233; Max-Age=604800; Path=/; expires=Fri, 16-Oct-2020 12:35:14 GMT;
        secure; HttpOnly
      Strict-Transport-Security:
      - max-age=15724800;
      Vary:
      - Accept-Encoding
      X-Content-Type-Options:
      - nosniff
      X-Dd-Debug:
      - jksv6NXchM8W/4CgjBiDDYPQGBQ0jGtm+dmNJmQoft/ZYfYSEvwpU9lIHwYKsM2d
      X-Dd-Version:
      - "35.3169891"
      X-Frame-Options:
      - SAMEORIGIN
    status: 200 OK
    code: 200
    duration: ""
- request:
    body: ""
    form: {}
    headers:
      Accept:
      - application/json
      Dd-Operation-Id:
      - DeleteDashboard
      User-Agent:
      - terraform-provider-datadog/dev (terraform 1.15.0; terraform-cli ) datadog-api-client-go/1.0.0-beta.9+dev
        (go go1.14.2; os darwin; arch amd64)
      X-Datadog-Parent-Id:
      - "9139830177469888117"
      X-Datadog-Sampling-Priority:
      - "1"
      X-Datadog-Trace-Id:
      - "7632914219910276023"
    url: https://api.datadoghq.com/api/v1/dashboard/66d-dfn-j5e
    method: DELETE
  response:
    body: '{"deleted_dashboard_id":"66d-dfn-j5e"}'
    headers:
      Cache-Control:
      - no-cache
      Connection:
      - keep-alive
      Content-Security-Policy:
      - frame-ancestors 'self'; report-uri https://api.datadoghq.com/csp-report
      Content-Type:
      - application/json
      Date:
      - Fri, 09 Oct 2020 12:36:06 GMT
      Dd-Pool:
      - dogweb
      Pragma:
      - no-cache
      Set-Cookie:
      - DD-PSHARD=233; Max-Age=604800; Path=/; expires=Fri, 16-Oct-2020 12:35:18 GMT;
        secure; HttpOnly
      Strict-Transport-Security:
      - max-age=15724800;
      Vary:
      - Accept-Encoding
      X-Content-Type-Options:
      - nosniff
      X-Dd-Debug:
      - TFCg6TPxHCdpQyTTnaGFjBa5vzZnKeyQ4F7e1flYSnImhl2xBoRKXVAV7LhvPUlL
      X-Dd-Version:
      - "35.3169891"
      X-Frame-Options:
      - SAMEORIGIN
    status: 200 OK
    code: 200
    duration: ""
- request:
    body: ""
    form: {}
    headers:
      Accept:
      - application/json
      Dd-Operation-Id:
      - GetDashboard
      User-Agent:
      - terraform-provider-datadog/dev (terraform 1.15.0; terraform-cli ) datadog-api-client-go/1.0.0-beta.9+dev
        (go go1.14.2; os darwin; arch amd64)
      X-Datadog-Parent-Id:
      - "208914348614035264"
      X-Datadog-Sampling-Priority:
      - "1"
      X-Datadog-Trace-Id:
      - "7632914219910276023"
    url: https://api.datadoghq.com/api/v1/dashboard/66d-dfn-j5e
    method: GET
  response:
    body: '{"errors": ["Dashboard with ID 66d-dfn-j5e not found"]}'
    headers:
      Cache-Control:
      - no-cache
      Connection:
      - keep-alive
      Content-Security-Policy:
      - frame-ancestors 'self'; report-uri https://api.datadoghq.com/csp-report
      Content-Type:
      - application/json
      Date:
      - Fri, 09 Oct 2020 12:36:06 GMT
      Dd-Pool:
      - dogweb
      Pragma:
      - no-cache
      Strict-Transport-Security:
      - max-age=15724800;
      Vary:
      - Accept-Encoding
      X-Content-Type-Options:
      - nosniff
      X-Dd-Version:
      - "35.3169891"
      X-Frame-Options:
      - SAMEORIGIN
    status: 404 Not Found
    code: 404
    duration: ""
