---
version: 1
interactions:
- request:
    body: '{"end":1735732799,"message":"Example Datadog downtime message.","monitor_tags":["*"],"timezone":"UTC","recurrence":{"period":1,"type":"weeks","week_days":["Sat","Sun"]},"scope":["WeekDaysRecurrence"],"start":1735646400}'
    form: {}
    headers:
      Content-Type:
      - application/json
      User-Agent:
      - Datadog/dev/terraform (go1.13)
    url: https://api.datadoghq.com/api/v1/downtime
    method: POST
  response:
    body: '{"recurrence":{"until_date":null,"until_occurrences":null,"week_days":["Sat","Sun"],"type":"weeks","period":1},"end":1735732799,"monitor_tags":["*"],"canceled":null,"monitor_id":null,"org_id":321813,"disabled":false,"start":1735646400,"creator_id":1445416,"parent_id":null,"timezone":"UTC","active":false,"scope":["WeekDaysRecurrence"],"message":"Example
      Datadog downtime message.","downtime_type":2,"id":753094016,"updater_id":null}'
    headers:
      Cache-Control:
      - no-cache
      Connection:
      - keep-alive
      Content-Security-Policy:
      - frame-ancestors 'self'; report-uri https://api.datadoghq.com/csp-report
      Content-Type:
      - application/json; charset=utf-8
      Date:
      - Mon, 02 Mar 2020 19:15:41 GMT
      Dd-Pool:
      - dogweb
      Pragma:
      - no-cache
      Set-Cookie:
      - DD-PSHARD=233; Max-Age=604800; Path=/; expires=Mon, 09-Mar-2020 19:15:41 GMT;
        secure; HttpOnly
      Strict-Transport-Security:
      - max-age=15724800;
      Vary:
      - Accept-Encoding
      X-Content-Type-Options:
      - nosniff
      X-Dd-Debug:
      - ErnxdXQi+pjNvJU00qnaaPgTN904IR+BI4NeCvSijs0uGcTaVMOpPOuObFW+gkC6
      X-Dd-Version:
      - "35.2232835"
      X-Frame-Options:
      - SAMEORIGIN
    status: 200 OK
    code: 200
    duration: ""
- request:
    body: ""
    form: {}
    headers:
      User-Agent:
      - Datadog/dev/terraform (go1.13)
    url: https://api.datadoghq.com/api/v1/downtime/753094016
    method: GET
  response:
    body: '{"recurrence":{"until_date":null,"until_occurrences":null,"week_days":["Sat","Sun"],"type":"weeks","period":1},"end":1735732799,"monitor_tags":["*"],"canceled":null,"monitor_id":null,"org_id":321813,"disabled":false,"start":1735646400,"creator_id":1445416,"parent_id":null,"timezone":"UTC","active":false,"scope":["WeekDaysRecurrence"],"message":"Example
      Datadog downtime message.","downtime_type":2,"id":753094016,"updater_id":null}'
    headers:
      Cache-Control:
      - no-cache
      Connection:
      - keep-alive
      Content-Security-Policy:
      - frame-ancestors 'self'; report-uri https://api.datadoghq.com/csp-report
      Content-Type:
      - application/json; charset=utf-8
      Date:
      - Mon, 02 Mar 2020 19:15:41 GMT
      Dd-Pool:
      - dogweb
      Pragma:
      - no-cache
      Set-Cookie:
      - DD-PSHARD=233; Max-Age=604800; Path=/; expires=Mon, 09-Mar-2020 19:15:41 GMT;
        secure; HttpOnly
      Strict-Transport-Security:
      - max-age=15724800;
      Vary:
      - Accept-Encoding
      X-Content-Type-Options:
      - nosniff
      X-Dd-Debug:
      - kqXz3OvR7iajEJOdRFWpzJtcDHRumYwGfjdF12Vd65Xt1uV9T6lEO/K0lkxmcRvl
      X-Dd-Version:
      - "35.2232835"
      X-Frame-Options:
      - SAMEORIGIN
    status: 200 OK
    code: 200
    duration: ""
- request:
    body: ""
    form: {}
    headers:
      User-Agent:
      - Datadog/dev/terraform (go1.13)
    url: https://api.datadoghq.com/api/v1/downtime/753094016
    method: GET
  response:
    body: '{"recurrence":{"until_date":null,"until_occurrences":null,"week_days":["Sat","Sun"],"type":"weeks","period":1},"end":1735732799,"monitor_tags":["*"],"canceled":null,"monitor_id":null,"org_id":321813,"disabled":false,"start":1735646400,"creator_id":1445416,"parent_id":null,"timezone":"UTC","active":false,"scope":["WeekDaysRecurrence"],"message":"Example
      Datadog downtime message.","downtime_type":2,"id":753094016,"updater_id":null}'
    headers:
      Cache-Control:
      - no-cache
      Connection:
      - keep-alive
      Content-Security-Policy:
      - frame-ancestors 'self'; report-uri https://api.datadoghq.com/csp-report
      Content-Type:
      - application/json; charset=utf-8
      Date:
      - Mon, 02 Mar 2020 19:15:41 GMT
      Dd-Pool:
      - dogweb
      Pragma:
      - no-cache
      Set-Cookie:
      - DD-PSHARD=233; Max-Age=604800; Path=/; expires=Mon, 09-Mar-2020 19:15:41 GMT;
        secure; HttpOnly
      Strict-Transport-Security:
      - max-age=15724800;
      Vary:
      - Accept-Encoding
      X-Content-Type-Options:
      - nosniff
      X-Dd-Debug:
      - UmZMvwWLI5lgbGFBnw6J7jqO5hwyrvVF8Un8TwZ8TRQQ6jetE/6GVTSaoSUmQWRg
      X-Dd-Version:
      - "35.2232835"
      X-Frame-Options:
      - SAMEORIGIN
    status: 200 OK
    code: 200
    duration: ""
- request:
    body: ""
    form: {}
    headers:
      User-Agent:
      - Datadog/dev/terraform (go1.13)
    url: https://api.datadoghq.com/api/v1/downtime/753094016
    method: GET
  response:
    body: '{"recurrence":{"until_date":null,"until_occurrences":null,"week_days":["Sat","Sun"],"type":"weeks","period":1},"end":1735732799,"monitor_tags":["*"],"canceled":null,"monitor_id":null,"org_id":321813,"disabled":false,"start":1735646400,"creator_id":1445416,"parent_id":null,"timezone":"UTC","active":false,"scope":["WeekDaysRecurrence"],"message":"Example
      Datadog downtime message.","downtime_type":2,"id":753094016,"updater_id":null}'
    headers:
      Cache-Control:
      - no-cache
      Connection:
      - keep-alive
      Content-Security-Policy:
      - frame-ancestors 'self'; report-uri https://api.datadoghq.com/csp-report
      Content-Type:
      - application/json; charset=utf-8
      Date:
      - Mon, 02 Mar 2020 19:15:41 GMT
      Dd-Pool:
      - dogweb
      Pragma:
      - no-cache
      Set-Cookie:
      - DD-PSHARD=233; Max-Age=604800; Path=/; expires=Mon, 09-Mar-2020 19:15:41 GMT;
        secure; HttpOnly
      Strict-Transport-Security:
      - max-age=15724800;
      Vary:
      - Accept-Encoding
      X-Content-Type-Options:
      - nosniff
      X-Dd-Debug:
      - nwn8Akm+cp12Jtby9xyfYjHWK2KZDWf5LxY+SMa+2NK6hVIBcKsVHXjynaTEG+o0
      X-Dd-Version:
      - "35.2232835"
      X-Frame-Options:
      - SAMEORIGIN
    status: 200 OK
    code: 200
    duration: ""
- request:
    body: ""
    form: {}
    headers:
      User-Agent:
      - Datadog/dev/terraform (go1.13)
    url: https://api.datadoghq.com/api/v1/downtime/753094016
    method: GET
  response:
    body: '{"recurrence":{"until_date":null,"until_occurrences":null,"week_days":["Sat","Sun"],"type":"weeks","period":1},"end":1735732799,"monitor_tags":["*"],"canceled":null,"monitor_id":null,"org_id":321813,"disabled":false,"start":1735646400,"creator_id":1445416,"parent_id":null,"timezone":"UTC","active":false,"scope":["WeekDaysRecurrence"],"message":"Example
      Datadog downtime message.","downtime_type":2,"id":753094016,"updater_id":null}'
    headers:
      Cache-Control:
      - no-cache
      Connection:
      - keep-alive
      Content-Security-Policy:
      - frame-ancestors 'self'; report-uri https://api.datadoghq.com/csp-report
      Content-Type:
      - application/json; charset=utf-8
      Date:
      - Mon, 02 Mar 2020 19:15:42 GMT
      Dd-Pool:
      - dogweb
      Pragma:
      - no-cache
      Set-Cookie:
      - DD-PSHARD=233; Max-Age=604800; Path=/; expires=Mon, 09-Mar-2020 19:15:42 GMT;
        secure; HttpOnly
      Strict-Transport-Security:
      - max-age=15724800;
      Vary:
      - Accept-Encoding
      X-Content-Type-Options:
      - nosniff
      X-Dd-Debug:
      - ztq+F8HwxRthTKNo0l2MCEDK5uwvgQzF00nWu49lHsBM51hGZBm/pPILDqupy+Xd
      X-Dd-Version:
      - "35.2232835"
      X-Frame-Options:
      - SAMEORIGIN
    status: 200 OK
    code: 200
    duration: ""
- request:
    body: ""
    form: {}
    headers:
      User-Agent:
      - Datadog/dev/terraform (go1.13)
    url: https://api.datadoghq.com/api/v1/downtime/753094016
    method: GET
  response:
    body: '{"recurrence":{"until_date":null,"until_occurrences":null,"week_days":["Sat","Sun"],"type":"weeks","period":1},"end":1735732799,"monitor_tags":["*"],"canceled":null,"monitor_id":null,"org_id":321813,"disabled":false,"start":1735646400,"creator_id":1445416,"parent_id":null,"timezone":"UTC","active":false,"scope":["WeekDaysRecurrence"],"message":"Example
      Datadog downtime message.","downtime_type":2,"id":753094016,"updater_id":null}'
    headers:
      Cache-Control:
      - no-cache
      Connection:
      - keep-alive
      Content-Security-Policy:
      - frame-ancestors 'self'; report-uri https://api.datadoghq.com/csp-report
      Content-Type:
      - application/json; charset=utf-8
      Date:
      - Mon, 02 Mar 2020 19:15:42 GMT
      Dd-Pool:
      - dogweb
      Pragma:
      - no-cache
      Set-Cookie:
      - DD-PSHARD=233; Max-Age=604800; Path=/; expires=Mon, 09-Mar-2020 19:15:42 GMT;
        secure; HttpOnly
      Strict-Transport-Security:
      - max-age=15724800;
      Vary:
      - Accept-Encoding
      X-Content-Type-Options:
      - nosniff
      X-Dd-Debug:
      - RbevWUvO2oQYYDnX/G1lndTh/kTt+ebFIvajU6/3Ivb5c6aUQf49/uD1ICaXyx52
      X-Dd-Version:
      - "35.2232835"
      X-Frame-Options:
      - SAMEORIGIN
    status: 200 OK
    code: 200
    duration: ""
- request:
    body: ""
    form: {}
    headers:
      User-Agent:
      - Datadog/dev/terraform (go1.13)
    url: https://api.datadoghq.com/api/v1/downtime/753094016
    method: DELETE
  response:
    body: ""
    headers:
      Cache-Control:
      - no-cache
      Connection:
      - keep-alive
      Content-Length:
      - "0"
      Content-Security-Policy:
      - frame-ancestors 'self'; report-uri https://api.datadoghq.com/csp-report
      Content-Type:
      - text/html; charset=utf-8
      Date:
      - Mon, 02 Mar 2020 19:15:42 GMT
      Dd-Pool:
      - dogweb
      Pragma:
      - no-cache
      Set-Cookie:
      - DD-PSHARD=233; Max-Age=604800; Path=/; expires=Mon, 09-Mar-2020 19:15:42 GMT;
        secure; HttpOnly
      Strict-Transport-Security:
      - max-age=15724800;
      X-Content-Type-Options:
      - nosniff
      X-Dd-Debug:
      - DAk/CQntZmry+u4cYsuVOELuKFo1I3NzKRNwPlY9WvlbH+rffk5VylB8tKDaSRWP
      X-Dd-Version:
      - "35.2232835"
      X-Frame-Options:
      - SAMEORIGIN
    status: 204 No Content
    code: 204
    duration: ""
- request:
    body: ""
    form: {}
    headers:
      User-Agent:
      - Datadog/dev/terraform (go1.13)
    url: https://api.datadoghq.com/api/v1/downtime/753094016
    method: GET
  response:
    body: '{"recurrence":{"until_date":null,"until_occurrences":null,"week_days":["Sat","Sun"],"type":"weeks","period":1},"end":1735732799,"monitor_tags":["*"],"canceled":1583176542,"monitor_id":null,"org_id":321813,"disabled":true,"start":1735646400,"creator_id":1445416,"parent_id":null,"timezone":"UTC","active":false,"scope":["WeekDaysRecurrence"],"message":"Example
      Datadog downtime message.","downtime_type":2,"id":753094016,"updater_id":1445416}'
    headers:
      Cache-Control:
      - no-cache
      Connection:
      - keep-alive
      Content-Security-Policy:
      - frame-ancestors 'self'; report-uri https://api.datadoghq.com/csp-report
      Content-Type:
      - application/json; charset=utf-8
      Date:
      - Mon, 02 Mar 2020 19:15:42 GMT
      Dd-Pool:
      - dogweb
      Pragma:
      - no-cache
      Set-Cookie:
      - DD-PSHARD=233; Max-Age=604800; Path=/; expires=Mon, 09-Mar-2020 19:15:42 GMT;
        secure; HttpOnly
      Strict-Transport-Security:
      - max-age=15724800;
      Vary:
      - Accept-Encoding
      X-Content-Type-Options:
      - nosniff
      X-Dd-Debug:
      - JbIYRXbRMsAVaKGy+d2H1ud8Z295ghodOPi6eELPzhmBKrZI3+dlseyrUY1cqOAd
      X-Dd-Version:
      - "35.2232835"
      X-Frame-Options:
      - SAMEORIGIN
    status: 200 OK
    code: 200
    duration: ""
