---
version: 1
interactions:
- request:
    body: |
      {"description":"Created using the Datadog provider in Terraform","id":"","is_read_only":true,"layout_type":"ordered","notify_list":[],"template_variable_presets":[],"template_variables":[],"title":"tf-TestAccDatadogDashboardAlertGraph_import-local-1602246890","widgets":[{"definition":{"alert_id":"895605","type":"alert_graph","viz_type":"timeseries"}},{"definition":{"alert_id":"895606","time":{"live_span":"1h"},"title":"Widget Title","title_align":"right","title_size":"16","type":"alert_graph","viz_type":"toplist"}}]}
    form: {}
    headers:
      Accept:
      - application/json
      Content-Type:
      - application/json
      Dd-Operation-Id:
      - CreateDashboard
      User-Agent:
      - terraform-provider-datadog/dev (terraform 1.15.0; terraform-cli 0.12.7-sdk)
        datadog-api-client-go/1.0.0-beta.9+dev (go go1.14.2; os darwin; arch amd64)
      X-Datadog-Parent-Id:
      - "4724136746795321866"
      X-Datadog-Sampling-Priority:
      - "1"
      X-Datadog-Trace-Id:
      - "7693777947055480931"
    url: https://api.datadoghq.com/api/v1/dashboard
    method: POST
  response:
    body: '{"notify_list":[],"description":"Created using the Datadog provider in
      Terraform","author_name":null,"template_variable_presets":[],"template_variables":[],"is_read_only":true,"id":"54g-yez-wys","title":"tf-TestAccDatadogDashboardAlertGraph_import-local-1602246890","url":"/dashboard/54g-yez-wys/tf-testaccdatadogdashboardalertgraphimport-local-1602246890","created_at":"2020-10-09T12:40:48.404472+00:00","modified_at":"2020-10-09T12:40:48.404472+00:00","author_handle":"frog@datadoghq.com","widgets":[{"definition":{"alert_id":"895605","type":"alert_graph","viz_type":"timeseries"},"id":8157125760536572},{"definition":{"title_size":"16","viz_type":"toplist","title":"Widget
      Title","title_align":"right","alert_id":"895606","time":{"live_span":"1h"},"type":"alert_graph"},"id":1282698365438631}],"layout_type":"ordered"}'
    headers:
      Cache-Control:
      - no-cache
      Connection:
      - keep-alive
      Content-Security-Policy:
      - frame-ancestors 'self'; report-uri https://api.datadoghq.com/csp-report
      Content-Type:
      - application/json
      Date:
      - Fri, 09 Oct 2020 12:40:48 GMT
      Dd-Pool:
      - dogweb
      Pragma:
      - no-cache
      Set-Cookie:
      - DD-PSHARD=233; Max-Age=604800; Path=/; expires=Fri, 16-Oct-2020 12:40:48 GMT;
        secure; HttpOnly
      Strict-Transport-Security:
      - max-age=15724800;
      Vary:
      - Accept-Encoding
      X-Content-Type-Options:
      - nosniff
      X-Dd-Debug:
      - amxMFAqiSVjNyNv9bH0oCnBEjAVk4yOIMrMQTyRWQ0WFa2JUcjQXHejBMO8Fj7RQ
      X-Dd-Version:
      - "35.3169891"
      X-Frame-Options:
      - SAMEORIGIN
    status: 200 OK
    code: 200
    duration: ""
- request:
    body: ""
    form: {}
    headers:
      Accept:
      - application/json
      Dd-Operation-Id:
      - GetDashboard
      User-Agent:
      - terraform-provider-datadog/dev (terraform 1.15.0; terraform-cli 0.12.7-sdk)
        datadog-api-client-go/1.0.0-beta.9+dev (go go1.14.2; os darwin; arch amd64)
      X-Datadog-Parent-Id:
      - "4884459684563239758"
      X-Datadog-Sampling-Priority:
      - "1"
      X-Datadog-Trace-Id:
      - "7693777947055480931"
    url: https://api.datadoghq.com/api/v1/dashboard/54g-yez-wys
    method: GET
  response:
    body: '{"notify_list":[],"description":"Created using the Datadog provider in
      Terraform","author_name":null,"template_variable_presets":[],"template_variables":[],"is_read_only":true,"id":"54g-yez-wys","title":"tf-TestAccDatadogDashboardAlertGraph_import-local-1602246890","url":"/dashboard/54g-yez-wys/tf-testaccdatadogdashboardalertgraphimport-local-1602246890","created_at":"2020-10-09T12:40:48.404472+00:00","modified_at":"2020-10-09T12:40:48.404472+00:00","author_handle":"frog@datadoghq.com","widgets":[{"definition":{"alert_id":"895605","type":"alert_graph","viz_type":"timeseries"},"id":8157125760536572},{"definition":{"title_size":"16","viz_type":"toplist","title":"Widget
      Title","title_align":"right","alert_id":"895606","time":{"live_span":"1h"},"type":"alert_graph"},"id":1282698365438631}],"layout_type":"ordered"}'
    headers:
      Cache-Control:
      - no-cache
      Connection:
      - keep-alive
      Content-Security-Policy:
      - frame-ancestors 'self'; report-uri https://api.datadoghq.com/csp-report
      Content-Type:
      - application/json
      Date:
      - Fri, 09 Oct 2020 12:40:48 GMT
      Dd-Pool:
      - dogweb
      Pragma:
      - no-cache
      Set-Cookie:
      - DD-PSHARD=233; Max-Age=604800; Path=/; expires=Fri, 16-Oct-2020 12:40:48 GMT;
        secure; HttpOnly
      Strict-Transport-Security:
      - max-age=15724800;
      Vary:
      - Accept-Encoding
      X-Content-Type-Options:
      - nosniff
      X-Dd-Debug:
      - kz7POzMRR1DtZrw59X15p2pAWXtFgVtBoSlzXFcGszy5lhwGx7f8GB820VUZODrm
      X-Dd-Version:
      - "35.3169891"
      X-Frame-Options:
      - SAMEORIGIN
    status: 200 OK
    code: 200
    duration: ""
- request:
    body: ""
    form: {}
    headers:
      Accept:
      - application/json
      Dd-Operation-Id:
      - GetDashboard
      User-Agent:
      - terraform-provider-datadog/dev (terraform 1.15.0; terraform-cli 0.12.7-sdk)
        datadog-api-client-go/1.0.0-beta.9+dev (go go1.14.2; os darwin; arch amd64)
      X-Datadog-Parent-Id:
      - "7031614290825373772"
      X-Datadog-Sampling-Priority:
      - "1"
      X-Datadog-Trace-Id:
      - "7693777947055480931"
    url: https://api.datadoghq.com/api/v1/dashboard/54g-yez-wys
    method: GET
  response:
    body: '{"notify_list":[],"description":"Created using the Datadog provider in
      Terraform","author_name":null,"template_variable_presets":[],"template_variables":[],"is_read_only":true,"id":"54g-yez-wys","title":"tf-TestAccDatadogDashboardAlertGraph_import-local-1602246890","url":"/dashboard/54g-yez-wys/tf-testaccdatadogdashboardalertgraphimport-local-1602246890","created_at":"2020-10-09T12:40:48.404472+00:00","modified_at":"2020-10-09T12:40:48.404472+00:00","author_handle":"frog@datadoghq.com","widgets":[{"definition":{"alert_id":"895605","type":"alert_graph","viz_type":"timeseries"},"id":8157125760536572},{"definition":{"title_size":"16","viz_type":"toplist","title":"Widget
      Title","title_align":"right","alert_id":"895606","time":{"live_span":"1h"},"type":"alert_graph"},"id":1282698365438631}],"layout_type":"ordered"}'
    headers:
      Cache-Control:
      - no-cache
      Connection:
      - keep-alive
      Content-Security-Policy:
      - frame-ancestors 'self'; report-uri https://api.datadoghq.com/csp-report
      Content-Type:
      - application/json
      Date:
      - Fri, 09 Oct 2020 12:40:52 GMT
      Dd-Pool:
      - dogweb
      Pragma:
      - no-cache
      Set-Cookie:
      - DD-PSHARD=233; Max-Age=604800; Path=/; expires=Fri, 16-Oct-2020 12:40:52 GMT;
        secure; HttpOnly
      Strict-Transport-Security:
      - max-age=15724800;
      Vary:
      - Accept-Encoding
      X-Content-Type-Options:
      - nosniff
      X-Dd-Debug:
      - 1rfLNqcZg9qSlP5q1ooqPXZYUps72EabW3bwUPmbzupUim8D/FM4EJTrmumpukR0
      X-Dd-Version:
      - "35.3169891"
      X-Frame-Options:
      - SAMEORIGIN
    status: 200 OK
    code: 200
    duration: ""
- request:
    body: ""
    form: {}
    headers:
      Accept:
      - application/json
      Dd-Operation-Id:
      - GetDashboard
      User-Agent:
      - terraform-provider-datadog/dev (terraform 1.15.0; terraform-cli 0.12.7-sdk)
        datadog-api-client-go/1.0.0-beta.9+dev (go go1.14.2; os darwin; arch amd64)
      X-Datadog-Parent-Id:
      - "1447576607135117887"
      X-Datadog-Sampling-Priority:
      - "1"
      X-Datadog-Trace-Id:
      - "7693777947055480931"
    url: https://api.datadoghq.com/api/v1/dashboard/54g-yez-wys
    method: GET
  response:
    body: '{"notify_list":[],"description":"Created using the Datadog provider in
      Terraform","author_name":null,"template_variable_presets":[],"template_variables":[],"is_read_only":true,"id":"54g-yez-wys","title":"tf-TestAccDatadogDashboardAlertGraph_import-local-1602246890","url":"/dashboard/54g-yez-wys/tf-testaccdatadogdashboardalertgraphimport-local-1602246890","created_at":"2020-10-09T12:40:48.404472+00:00","modified_at":"2020-10-09T12:40:48.404472+00:00","author_handle":"frog@datadoghq.com","widgets":[{"definition":{"alert_id":"895605","type":"alert_graph","viz_type":"timeseries"},"id":8157125760536572},{"definition":{"title_size":"16","viz_type":"toplist","title":"Widget
      Title","title_align":"right","alert_id":"895606","time":{"live_span":"1h"},"type":"alert_graph"},"id":1282698365438631}],"layout_type":"ordered"}'
    headers:
      Cache-Control:
      - no-cache
      Connection:
      - keep-alive
      Content-Security-Policy:
      - frame-ancestors 'self'; report-uri https://api.datadoghq.com/csp-report
      Content-Type:
      - application/json
      Date:
      - Fri, 09 Oct 2020 12:40:53 GMT
      Dd-Pool:
      - dogweb
      Pragma:
      - no-cache
      Set-Cookie:
      - DD-PSHARD=233; Max-Age=604800; Path=/; expires=Fri, 16-Oct-2020 12:40:52 GMT;
        secure; HttpOnly
      Strict-Transport-Security:
      - max-age=15724800;
      Vary:
      - Accept-Encoding
      X-Content-Type-Options:
      - nosniff
      X-Dd-Debug:
      - 5H2EXEXOPQC4s7BfWBFjlM6rKywFNh1Cf33eK1xYuPFdBfR+3y2m7Dyr75gZ4kw1
      X-Dd-Version:
      - "35.3169891"
      X-Frame-Options:
      - SAMEORIGIN
    status: 200 OK
    code: 200
    duration: ""
- request:
    body: ""
    form: {}
    headers:
      Accept:
      - application/json
      Dd-Operation-Id:
      - GetDashboard
      User-Agent:
      - terraform-provider-datadog/dev (terraform 1.15.0; terraform-cli 0.12.7-sdk)
        datadog-api-client-go/1.0.0-beta.9+dev (go go1.14.2; os darwin; arch amd64)
      X-Datadog-Parent-Id:
      - "3533414042864933869"
      X-Datadog-Sampling-Priority:
      - "1"
      X-Datadog-Trace-Id:
      - "7693777947055480931"
    url: https://api.datadoghq.com/api/v1/dashboard/54g-yez-wys
    method: GET
  response:
    body: '{"notify_list":[],"description":"Created using the Datadog provider in
      Terraform","author_name":null,"template_variable_presets":[],"template_variables":[],"is_read_only":true,"id":"54g-yez-wys","title":"tf-TestAccDatadogDashboardAlertGraph_import-local-1602246890","url":"/dashboard/54g-yez-wys/tf-testaccdatadogdashboardalertgraphimport-local-1602246890","created_at":"2020-10-09T12:40:48.404472+00:00","modified_at":"2020-10-09T12:40:48.404472+00:00","author_handle":"frog@datadoghq.com","widgets":[{"definition":{"alert_id":"895605","type":"alert_graph","viz_type":"timeseries"},"id":8157125760536572},{"definition":{"title_size":"16","viz_type":"toplist","title":"Widget
      Title","title_align":"right","alert_id":"895606","time":{"live_span":"1h"},"type":"alert_graph"},"id":1282698365438631}],"layout_type":"ordered"}'
    headers:
      Cache-Control:
      - no-cache
      Connection:
      - keep-alive
      Content-Security-Policy:
      - frame-ancestors 'self'; report-uri https://api.datadoghq.com/csp-report
      Content-Type:
      - application/json
      Date:
      - Fri, 09 Oct 2020 12:40:56 GMT
      Dd-Pool:
      - dogweb
      Pragma:
      - no-cache
      Set-Cookie:
      - DD-PSHARD=233; Max-Age=604800; Path=/; expires=Fri, 16-Oct-2020 12:40:56 GMT;
        secure; HttpOnly
      Strict-Transport-Security:
      - max-age=15724800;
      Vary:
      - Accept-Encoding
      X-Content-Type-Options:
      - nosniff
      X-Dd-Debug:
      - KZy0Z61AelGSMiW0wwPuJyNwjEfJ0APCpzGlt7XM1KaE6e4cHzuLEBcvgVZz4sZ0
      X-Dd-Version:
      - "35.3169891"
      X-Frame-Options:
      - SAMEORIGIN
    status: 200 OK
    code: 200
    duration: ""
- request:
    body: ""
    form: {}
    headers:
      Accept:
      - application/json
      Dd-Operation-Id:
      - GetDashboard
      User-Agent:
      - terraform-provider-datadog/dev (terraform 1.15.0; terraform-cli 0.12.7-sdk)
        datadog-api-client-go/1.0.0-beta.9+dev (go go1.14.2; os darwin; arch amd64)
      X-Datadog-Parent-Id:
      - "7039896228931081432"
      X-Datadog-Sampling-Priority:
      - "1"
      X-Datadog-Trace-Id:
      - "7693777947055480931"
    url: https://api.datadoghq.com/api/v1/dashboard/54g-yez-wys
    method: GET
  response:
    body: '{"notify_list":[],"description":"Created using the Datadog provider in
      Terraform","author_name":null,"template_variable_presets":[],"template_variables":[],"is_read_only":true,"id":"54g-yez-wys","title":"tf-TestAccDatadogDashboardAlertGraph_import-local-1602246890","url":"/dashboard/54g-yez-wys/tf-testaccdatadogdashboardalertgraphimport-local-1602246890","created_at":"2020-10-09T12:40:48.404472+00:00","modified_at":"2020-10-09T12:40:48.404472+00:00","author_handle":"frog@datadoghq.com","widgets":[{"definition":{"alert_id":"895605","type":"alert_graph","viz_type":"timeseries"},"id":8157125760536572},{"definition":{"title_size":"16","viz_type":"toplist","title":"Widget
      Title","title_align":"right","alert_id":"895606","time":{"live_span":"1h"},"type":"alert_graph"},"id":1282698365438631}],"layout_type":"ordered"}'
    headers:
      Cache-Control:
      - no-cache
      Connection:
      - keep-alive
      Content-Security-Policy:
      - frame-ancestors 'self'; report-uri https://api.datadoghq.com/csp-report
      Content-Type:
      - application/json
      Date:
      - Fri, 09 Oct 2020 12:40:56 GMT
      Dd-Pool:
      - dogweb
      Pragma:
      - no-cache
      Set-Cookie:
      - DD-PSHARD=233; Max-Age=604800; Path=/; expires=Fri, 16-Oct-2020 12:40:56 GMT;
        secure; HttpOnly
      Strict-Transport-Security:
      - max-age=15724800;
      Vary:
      - Accept-Encoding
      X-Content-Type-Options:
      - nosniff
      X-Dd-Debug:
      - vJlCdCjZjHKDWCQaZXaKHjefwu7Jotxr42UmWttwNlCEvibEd08wFg9UscwYl4z7
      X-Dd-Version:
      - "35.3169891"
      X-Frame-Options:
      - SAMEORIGIN
    status: 200 OK
    code: 200
    duration: ""
- request:
    body: ""
    form: {}
    headers:
      Accept:
      - application/json
      Dd-Operation-Id:
      - GetDashboard
      User-Agent:
      - terraform-provider-datadog/dev (terraform 1.15.0; terraform-cli 0.12.7-sdk)
        datadog-api-client-go/1.0.0-beta.9+dev (go go1.14.2; os darwin; arch amd64)
      X-Datadog-Parent-Id:
      - "7195940860216424917"
      X-Datadog-Sampling-Priority:
      - "1"
      X-Datadog-Trace-Id:
      - "7693777947055480931"
    url: https://api.datadoghq.com/api/v1/dashboard/54g-yez-wys
    method: GET
  response:
    body: '{"notify_list":[],"description":"Created using the Datadog provider in
      Terraform","author_name":null,"template_variable_presets":[],"template_variables":[],"is_read_only":true,"id":"54g-yez-wys","title":"tf-TestAccDatadogDashboardAlertGraph_import-local-1602246890","url":"/dashboard/54g-yez-wys/tf-testaccdatadogdashboardalertgraphimport-local-1602246890","created_at":"2020-10-09T12:40:48.404472+00:00","modified_at":"2020-10-09T12:40:48.404472+00:00","author_handle":"frog@datadoghq.com","widgets":[{"definition":{"alert_id":"895605","type":"alert_graph","viz_type":"timeseries"},"id":8157125760536572},{"definition":{"title_size":"16","viz_type":"toplist","title":"Widget
      Title","title_align":"right","alert_id":"895606","time":{"live_span":"1h"},"type":"alert_graph"},"id":1282698365438631}],"layout_type":"ordered"}'
    headers:
      Cache-Control:
      - no-cache
      Connection:
      - keep-alive
      Content-Security-Policy:
      - frame-ancestors 'self'; report-uri https://api.datadoghq.com/csp-report
      Content-Type:
      - application/json
      Date:
      - Fri, 09 Oct 2020 12:40:56 GMT
      Dd-Pool:
      - dogweb
      Pragma:
      - no-cache
      Set-Cookie:
      - DD-PSHARD=233; Max-Age=604800; Path=/; expires=Fri, 16-Oct-2020 12:40:56 GMT;
        secure; HttpOnly
      Strict-Transport-Security:
      - max-age=15724800;
      Vary:
      - Accept-Encoding
      X-Content-Type-Options:
      - nosniff
      X-Dd-Debug:
      - NVN1vUIP943yBv5BrKvNkq9LhGENimQCGx913v3GQzIJuXIMEzcrTlr1CpALPFWv
      X-Dd-Version:
      - "35.3169891"
      X-Frame-Options:
      - SAMEORIGIN
    status: 200 OK
    code: 200
    duration: ""
- request:
    body: ""
    form: {}
    headers:
      Accept:
      - application/json
      Dd-Operation-Id:
      - GetDashboard
      User-Agent:
      - terraform-provider-datadog/dev (terraform 1.15.0; terraform-cli 0.12.7-sdk)
        datadog-api-client-go/1.0.0-beta.9+dev (go go1.14.2; os darwin; arch amd64)
      X-Datadog-Parent-Id:
      - "7523466068684140948"
      X-Datadog-Sampling-Priority:
      - "1"
      X-Datadog-Trace-Id:
      - "7693777947055480931"
    url: https://api.datadoghq.com/api/v1/dashboard/54g-yez-wys
    method: GET
  response:
    body: '{"notify_list":[],"description":"Created using the Datadog provider in
      Terraform","author_name":null,"template_variable_presets":[],"template_variables":[],"is_read_only":true,"id":"54g-yez-wys","title":"tf-TestAccDatadogDashboardAlertGraph_import-local-1602246890","url":"/dashboard/54g-yez-wys/tf-testaccdatadogdashboardalertgraphimport-local-1602246890","created_at":"2020-10-09T12:40:48.404472+00:00","modified_at":"2020-10-09T12:40:48.404472+00:00","author_handle":"frog@datadoghq.com","widgets":[{"definition":{"alert_id":"895605","type":"alert_graph","viz_type":"timeseries"},"id":8157125760536572},{"definition":{"title_size":"16","viz_type":"toplist","title":"Widget
      Title","title_align":"right","alert_id":"895606","time":{"live_span":"1h"},"type":"alert_graph"},"id":1282698365438631}],"layout_type":"ordered"}'
    headers:
      Cache-Control:
      - no-cache
      Connection:
      - keep-alive
      Content-Security-Policy:
      - frame-ancestors 'self'; report-uri https://api.datadoghq.com/csp-report
      Content-Type:
      - application/json
      Date:
      - Fri, 09 Oct 2020 12:40:58 GMT
      Dd-Pool:
      - dogweb
      Pragma:
      - no-cache
      Set-Cookie:
      - DD-PSHARD=233; Max-Age=604800; Path=/; expires=Fri, 16-Oct-2020 12:40:58 GMT;
        secure; HttpOnly
      Strict-Transport-Security:
      - max-age=15724800;
      Vary:
      - Accept-Encoding
      X-Content-Type-Options:
      - nosniff
      X-Dd-Debug:
      - Lz3XQmS/aMrD2s8dTb68gJQbMlDQb/2odnJX/DHsjHnv1C9na1q4YNvmnKcr4AfX
      X-Dd-Version:
      - "35.3169891"
      X-Frame-Options:
      - SAMEORIGIN
    status: 200 OK
    code: 200
    duration: ""
- request:
    body: ""
    form: {}
    headers:
      Accept:
      - application/json
      Dd-Operation-Id:
      - GetDashboard
      User-Agent:
      - terraform-provider-datadog/dev (terraform 1.15.0; terraform-cli 0.12.7-sdk)
        datadog-api-client-go/1.0.0-beta.9+dev (go go1.14.2; os darwin; arch amd64)
      X-Datadog-Parent-Id:
      - "6041903931152223793"
      X-Datadog-Sampling-Priority:
      - "1"
      X-Datadog-Trace-Id:
      - "7693777947055480931"
    url: https://api.datadoghq.com/api/v1/dashboard/54g-yez-wys
    method: GET
  response:
    body: '{"notify_list":[],"description":"Created using the Datadog provider in
      Terraform","author_name":null,"template_variable_presets":[],"template_variables":[],"is_read_only":true,"id":"54g-yez-wys","title":"tf-TestAccDatadogDashboardAlertGraph_import-local-1602246890","url":"/dashboard/54g-yez-wys/tf-testaccdatadogdashboardalertgraphimport-local-1602246890","created_at":"2020-10-09T12:40:48.404472+00:00","modified_at":"2020-10-09T12:40:48.404472+00:00","author_handle":"frog@datadoghq.com","widgets":[{"definition":{"alert_id":"895605","type":"alert_graph","viz_type":"timeseries"},"id":8157125760536572},{"definition":{"title_size":"16","viz_type":"toplist","title":"Widget
      Title","title_align":"right","alert_id":"895606","time":{"live_span":"1h"},"type":"alert_graph"},"id":1282698365438631}],"layout_type":"ordered"}'
    headers:
      Cache-Control:
      - no-cache
      Connection:
      - keep-alive
      Content-Security-Policy:
      - frame-ancestors 'self'; report-uri https://api.datadoghq.com/csp-report
      Content-Type:
      - application/json
      Date:
      - Fri, 09 Oct 2020 12:40:58 GMT
      Dd-Pool:
      - dogweb
      Pragma:
      - no-cache
      Set-Cookie:
      - DD-PSHARD=233; Max-Age=604800; Path=/; expires=Fri, 16-Oct-2020 12:40:58 GMT;
        secure; HttpOnly
      Strict-Transport-Security:
      - max-age=15724800;
      Vary:
      - Accept-Encoding
      X-Content-Type-Options:
      - nosniff
      X-Dd-Debug:
      - 1yK3PnBzCoxF/WGKEJeJqS2Jb9mutr3xDuvLdPbJCfX1HVDqeCXkaWYDO6wQpQhO
      X-Dd-Version:
      - "35.3169891"
      X-Frame-Options:
      - SAMEORIGIN
    status: 200 OK
    code: 200
    duration: ""
- request:
    body: ""
    form: {}
    headers:
      Accept:
      - application/json
      Dd-Operation-Id:
      - DeleteDashboard
      User-Agent:
      - terraform-provider-datadog/dev (terraform 1.15.0; terraform-cli 0.12.7-sdk)
        datadog-api-client-go/1.0.0-beta.9+dev (go go1.14.2; os darwin; arch amd64)
      X-Datadog-Parent-Id:
      - "7546978545316770495"
      X-Datadog-Sampling-Priority:
      - "1"
      X-Datadog-Trace-Id:
      - "7693777947055480931"
    url: https://api.datadoghq.com/api/v1/dashboard/54g-yez-wys
    method: DELETE
  response:
    body: '{"deleted_dashboard_id":"54g-yez-wys"}'
    headers:
      Cache-Control:
      - no-cache
      Connection:
      - keep-alive
      Content-Security-Policy:
      - frame-ancestors 'self'; report-uri https://api.datadoghq.com/csp-report
      Content-Type:
      - application/json
      Date:
      - Fri, 09 Oct 2020 12:41:42 GMT
      Dd-Pool:
      - dogweb
      Pragma:
      - no-cache
      Set-Cookie:
      - DD-PSHARD=233; Max-Age=604800; Path=/; expires=Fri, 16-Oct-2020 12:41:00 GMT;
        secure; HttpOnly
      Strict-Transport-Security:
      - max-age=15724800;
      Vary:
      - Accept-Encoding
      X-Content-Type-Options:
      - nosniff
      X-Dd-Debug:
      - T0M8IUSL6bs+R5gmxnIS28KoD5lx0N0IU04TSlNtiD3lkhl9dUsMKLoAlE6epfmg
      X-Dd-Version:
      - "35.3169891"
      X-Frame-Options:
      - SAMEORIGIN
    status: 200 OK
    code: 200
    duration: ""
- request:
    body: ""
    form: {}
    headers:
      Accept:
      - application/json
      Dd-Operation-Id:
      - GetDashboard
      User-Agent:
      - terraform-provider-datadog/dev (terraform 1.15.0; terraform-cli 0.12.7-sdk)
        datadog-api-client-go/1.0.0-beta.9+dev (go go1.14.2; os darwin; arch amd64)
      X-Datadog-Parent-Id:
      - "8660479609562862429"
      X-Datadog-Sampling-Priority:
      - "1"
      X-Datadog-Trace-Id:
      - "7693777947055480931"
    url: https://api.datadoghq.com/api/v1/dashboard/54g-yez-wys
    method: GET
  response:
    body: '{"errors": ["Dashboard with ID 54g-yez-wys not found"]}'
    headers:
      Cache-Control:
      - no-cache
      Connection:
      - keep-alive
      Content-Security-Policy:
      - frame-ancestors 'self'; report-uri https://api.datadoghq.com/csp-report
      Content-Type:
      - application/json
      Date:
      - Fri, 09 Oct 2020 12:41:43 GMT
      Dd-Pool:
      - dogweb
      Pragma:
      - no-cache
      Strict-Transport-Security:
      - max-age=15724800;
      Vary:
      - Accept-Encoding
      X-Content-Type-Options:
      - nosniff
      X-Dd-Version:
      - "35.3169891"
      X-Frame-Options:
      - SAMEORIGIN
    status: 404 Not Found
    code: 404
    duration: ""
