---
version: 1
interactions:
- request:
    body: |
      {"description":"Created using the Datadog provider in Terraform","id":"","is_read_only":true,"layout_type":"ordered","notify_list":[],"template_variable_presets":[],"template_variables":[],"title":"tf-TestAccDatadogDashboardTopList_import-local-1602246891","widgets":[{"definition":{"requests":[{"conditional_formats":[{"comparator":"\u003e","hide_value":false,"palette":"white_on_red","value":15000}],"q":"top(avg:system.core.user{account:prod} by {service,app}, 10, 'sum', 'desc')"}],"time":{"live_span":"1w"},"title":"Avg of system.core.user over account:prod by service,app","title_align":"right","title_size":"16","type":"toplist"}}]}
    form: {}
    headers:
      Accept:
      - application/json
      Content-Type:
      - application/json
      Dd-Operation-Id:
      - CreateDashboard
      User-Agent:
      - terraform-provider-datadog/dev (terraform 1.15.0; terraform-cli 0.12.7-sdk)
        datadog-api-client-go/1.0.0-beta.9+dev (go go1.14.2; os darwin; arch amd64)
      X-Datadog-Parent-Id:
      - "3986791321777398287"
      X-Datadog-Sampling-Priority:
      - "1"
      X-Datadog-Trace-Id:
      - "5628636774109141053"
    url: https://api.datadoghq.com/api/v1/dashboard
    method: POST
  response:
    body: '{"notify_list":[],"description":"Created using the Datadog provider in
      Terraform","author_name":null,"template_variable_presets":[],"template_variables":[],"is_read_only":true,"id":"3kt-ssg-hbi","title":"tf-TestAccDatadogDashboardTopList_import-local-1602246891","url":"/dashboard/3kt-ssg-hbi/tf-testaccdatadogdashboardtoplistimport-local-1602246891","created_at":"2020-10-09T12:37:17.989750+00:00","modified_at":"2020-10-09T12:37:17.989750+00:00","author_handle":"frog@datadoghq.com","widgets":[{"definition":{"title_size":"16","title":"Avg
      of system.core.user over account:prod by service,app","title_align":"right","time":{"live_span":"1w"},"requests":[{"q":"top(avg:system.core.user{account:prod}
      by {service,app}, 10, ''sum'', ''desc'')","conditional_formats":[{"palette":"white_on_red","hide_value":false,"value":15000,"comparator":">"}]}],"type":"toplist"},"id":4880541306413743}],"layout_type":"ordered"}'
    headers:
      Cache-Control:
      - no-cache
      Connection:
      - keep-alive
      Content-Security-Policy:
      - frame-ancestors 'self'; report-uri https://api.datadoghq.com/csp-report
      Content-Type:
      - application/json
      Date:
      - Fri, 09 Oct 2020 12:37:18 GMT
      Dd-Pool:
      - dogweb
      Pragma:
      - no-cache
      Set-Cookie:
      - DD-PSHARD=233; Max-Age=604800; Path=/; expires=Fri, 16-Oct-2020 12:37:17 GMT;
        secure; HttpOnly
      Strict-Transport-Security:
      - max-age=15724800;
      Vary:
      - Accept-Encoding
      X-Content-Type-Options:
      - nosniff
      X-Dd-Debug:
      - cLmbdqkoXAogp+jvJYjDem2Ccuhd9u5QaFds8gBIEk61c952eYE473HKvGYqQTh2
      X-Dd-Version:
      - "35.3169891"
      X-Frame-Options:
      - SAMEORIGIN
    status: 200 OK
    code: 200
    duration: ""
- request:
    body: ""
    form: {}
    headers:
      Accept:
      - application/json
      Dd-Operation-Id:
      - GetDashboard
      User-Agent:
      - terraform-provider-datadog/dev (terraform 1.15.0; terraform-cli 0.12.7-sdk)
        datadog-api-client-go/1.0.0-beta.9+dev (go go1.14.2; os darwin; arch amd64)
      X-Datadog-Parent-Id:
      - "6591152949109013767"
      X-Datadog-Sampling-Priority:
      - "1"
      X-Datadog-Trace-Id:
      - "5628636774109141053"
    url: https://api.datadoghq.com/api/v1/dashboard/3kt-ssg-hbi
    method: GET
  response:
    body: '{"notify_list":[],"description":"Created using the Datadog provider in
      Terraform","author_name":null,"template_variable_presets":[],"template_variables":[],"is_read_only":true,"id":"3kt-ssg-hbi","title":"tf-TestAccDatadogDashboardTopList_import-local-1602246891","url":"/dashboard/3kt-ssg-hbi/tf-testaccdatadogdashboardtoplistimport-local-1602246891","created_at":"2020-10-09T12:37:17.989750+00:00","modified_at":"2020-10-09T12:37:17.989750+00:00","author_handle":"frog@datadoghq.com","widgets":[{"definition":{"title_size":"16","title":"Avg
      of system.core.user over account:prod by service,app","title_align":"right","time":{"live_span":"1w"},"requests":[{"q":"top(avg:system.core.user{account:prod}
      by {service,app}, 10, ''sum'', ''desc'')","conditional_formats":[{"palette":"white_on_red","hide_value":false,"value":15000,"comparator":">"}]}],"type":"toplist"},"id":4880541306413743}],"layout_type":"ordered"}'
    headers:
      Cache-Control:
      - no-cache
      Connection:
      - keep-alive
      Content-Security-Policy:
      - frame-ancestors 'self'; report-uri https://api.datadoghq.com/csp-report
      Content-Type:
      - application/json
      Date:
      - Fri, 09 Oct 2020 12:37:18 GMT
      Dd-Pool:
      - dogweb
      Pragma:
      - no-cache
      Set-Cookie:
      - DD-PSHARD=233; Max-Age=604800; Path=/; expires=Fri, 16-Oct-2020 12:37:18 GMT;
        secure; HttpOnly
      Strict-Transport-Security:
      - max-age=15724800;
      Vary:
      - Accept-Encoding
      X-Content-Type-Options:
      - nosniff
      X-Dd-Debug:
      - OqKY7agPmI/v3hVHuBa6xblzuasXfwEx0fPUFdqZoAEPJYT3VaeupIdfNnd+cYH0
      X-Dd-Version:
      - "35.3169891"
      X-Frame-Options:
      - SAMEORIGIN
    status: 200 OK
    code: 200
    duration: ""
- request:
    body: ""
    form: {}
    headers:
      Accept:
      - application/json
      Dd-Operation-Id:
      - GetDashboard
      User-Agent:
      - terraform-provider-datadog/dev (terraform 1.15.0; terraform-cli 0.12.7-sdk)
        datadog-api-client-go/1.0.0-beta.9+dev (go go1.14.2; os darwin; arch amd64)
      X-Datadog-Parent-Id:
      - "1530095996113634585"
      X-Datadog-Sampling-Priority:
      - "1"
      X-Datadog-Trace-Id:
      - "5628636774109141053"
    url: https://api.datadoghq.com/api/v1/dashboard/3kt-ssg-hbi
    method: GET
  response:
    body: '{"notify_list":[],"description":"Created using the Datadog provider in
      Terraform","author_name":null,"template_variable_presets":[],"template_variables":[],"is_read_only":true,"id":"3kt-ssg-hbi","title":"tf-TestAccDatadogDashboardTopList_import-local-1602246891","url":"/dashboard/3kt-ssg-hbi/tf-testaccdatadogdashboardtoplistimport-local-1602246891","created_at":"2020-10-09T12:37:17.989750+00:00","modified_at":"2020-10-09T12:37:17.989750+00:00","author_handle":"frog@datadoghq.com","widgets":[{"definition":{"title_size":"16","title":"Avg
      of system.core.user over account:prod by service,app","title_align":"right","time":{"live_span":"1w"},"requests":[{"q":"top(avg:system.core.user{account:prod}
      by {service,app}, 10, ''sum'', ''desc'')","conditional_formats":[{"palette":"white_on_red","hide_value":false,"value":15000,"comparator":">"}]}],"type":"toplist"},"id":4880541306413743}],"layout_type":"ordered"}'
    headers:
      Cache-Control:
      - no-cache
      Connection:
      - keep-alive
      Content-Security-Policy:
      - frame-ancestors 'self'; report-uri https://api.datadoghq.com/csp-report
      Content-Type:
      - application/json
      Date:
      - Fri, 09 Oct 2020 12:37:23 GMT
      Dd-Pool:
      - dogweb
      Pragma:
      - no-cache
      Set-Cookie:
      - DD-PSHARD=233; Max-Age=604800; Path=/; expires=Fri, 16-Oct-2020 12:37:23 GMT;
        secure; HttpOnly
      Strict-Transport-Security:
      - max-age=15724800;
      Vary:
      - Accept-Encoding
      X-Content-Type-Options:
      - nosniff
      X-Dd-Debug:
      - kVIyULqFJCTq7UhIHgqWvXavJTAli9sBlPotrAu3H7ZFGiPbwUZRL8l0MLdeDTt4
      X-Dd-Version:
      - "35.3169891"
      X-Frame-Options:
      - SAMEORIGIN
    status: 200 OK
    code: 200
    duration: ""
- request:
    body: ""
    form: {}
    headers:
      Accept:
      - application/json
      Dd-Operation-Id:
      - GetDashboard
      User-Agent:
      - terraform-provider-datadog/dev (terraform 1.15.0; terraform-cli 0.12.7-sdk)
        datadog-api-client-go/1.0.0-beta.9+dev (go go1.14.2; os darwin; arch amd64)
      X-Datadog-Parent-Id:
      - "4235576954504716677"
      X-Datadog-Sampling-Priority:
      - "1"
      X-Datadog-Trace-Id:
      - "5628636774109141053"
    url: https://api.datadoghq.com/api/v1/dashboard/3kt-ssg-hbi
    method: GET
  response:
    body: '{"notify_list":[],"description":"Created using the Datadog provider in
      Terraform","author_name":null,"template_variable_presets":[],"template_variables":[],"is_read_only":true,"id":"3kt-ssg-hbi","title":"tf-TestAccDatadogDashboardTopList_import-local-1602246891","url":"/dashboard/3kt-ssg-hbi/tf-testaccdatadogdashboardtoplistimport-local-1602246891","created_at":"2020-10-09T12:37:17.989750+00:00","modified_at":"2020-10-09T12:37:17.989750+00:00","author_handle":"frog@datadoghq.com","widgets":[{"definition":{"title_size":"16","title":"Avg
      of system.core.user over account:prod by service,app","title_align":"right","time":{"live_span":"1w"},"requests":[{"q":"top(avg:system.core.user{account:prod}
      by {service,app}, 10, ''sum'', ''desc'')","conditional_formats":[{"palette":"white_on_red","hide_value":false,"value":15000,"comparator":">"}]}],"type":"toplist"},"id":4880541306413743}],"layout_type":"ordered"}'
    headers:
      Cache-Control:
      - no-cache
      Connection:
      - keep-alive
      Content-Security-Policy:
      - frame-ancestors 'self'; report-uri https://api.datadoghq.com/csp-report
      Content-Type:
      - application/json
      Date:
      - Fri, 09 Oct 2020 12:37:23 GMT
      Dd-Pool:
      - dogweb
      Pragma:
      - no-cache
      Set-Cookie:
      - DD-PSHARD=233; Max-Age=604800; Path=/; expires=Fri, 16-Oct-2020 12:37:23 GMT;
        secure; HttpOnly
      Strict-Transport-Security:
      - max-age=15724800;
      Vary:
      - Accept-Encoding
      X-Content-Type-Options:
      - nosniff
      X-Dd-Debug:
      - DMzWnlnvmcVWit+nOzgpRgMecUZPFvENKg8LkKYn4Tsj68gJTKm0BuKxCJH0FFN4
      X-Dd-Version:
      - "35.3169891"
      X-Frame-Options:
      - SAMEORIGIN
    status: 200 OK
    code: 200
    duration: ""
- request:
    body: ""
    form: {}
    headers:
      Accept:
      - application/json
      Dd-Operation-Id:
      - GetDashboard
      User-Agent:
      - terraform-provider-datadog/dev (terraform 1.15.0; terraform-cli 0.12.7-sdk)
        datadog-api-client-go/1.0.0-beta.9+dev (go go1.14.2; os darwin; arch amd64)
      X-Datadog-Parent-Id:
      - "2567173186259352928"
      X-Datadog-Sampling-Priority:
      - "1"
      X-Datadog-Trace-Id:
      - "5628636774109141053"
    url: https://api.datadoghq.com/api/v1/dashboard/3kt-ssg-hbi
    method: GET
  response:
    body: '{"notify_list":[],"description":"Created using the Datadog provider in
      Terraform","author_name":null,"template_variable_presets":[],"template_variables":[],"is_read_only":true,"id":"3kt-ssg-hbi","title":"tf-TestAccDatadogDashboardTopList_import-local-1602246891","url":"/dashboard/3kt-ssg-hbi/tf-testaccdatadogdashboardtoplistimport-local-1602246891","created_at":"2020-10-09T12:37:17.989750+00:00","modified_at":"2020-10-09T12:37:17.989750+00:00","author_handle":"frog@datadoghq.com","widgets":[{"definition":{"title_size":"16","title":"Avg
      of system.core.user over account:prod by service,app","title_align":"right","time":{"live_span":"1w"},"requests":[{"q":"top(avg:system.core.user{account:prod}
      by {service,app}, 10, ''sum'', ''desc'')","conditional_formats":[{"palette":"white_on_red","hide_value":false,"value":15000,"comparator":">"}]}],"type":"toplist"},"id":4880541306413743}],"layout_type":"ordered"}'
    headers:
      Cache-Control:
      - no-cache
      Connection:
      - keep-alive
      Content-Security-Policy:
      - frame-ancestors 'self'; report-uri https://api.datadoghq.com/csp-report
      Content-Type:
      - application/json
      Date:
      - Fri, 09 Oct 2020 12:37:28 GMT
      Dd-Pool:
      - dogweb
      Pragma:
      - no-cache
      Set-Cookie:
      - DD-PSHARD=233; Max-Age=604800; Path=/; expires=Fri, 16-Oct-2020 12:37:28 GMT;
        secure; HttpOnly
      Strict-Transport-Security:
      - max-age=15724800;
      Vary:
      - Accept-Encoding
      X-Content-Type-Options:
      - nosniff
      X-Dd-Debug:
      - hw3ZauSSamfHLo55DFwif1/mO6RiYSc0/libBchlIMnyWX9rK7JgS3Pek5rkz683
      X-Dd-Version:
      - "35.3169891"
      X-Frame-Options:
      - SAMEORIGIN
    status: 200 OK
    code: 200
    duration: ""
- request:
    body: ""
    form: {}
    headers:
      Accept:
      - application/json
      Dd-Operation-Id:
      - GetDashboard
      User-Agent:
      - terraform-provider-datadog/dev (terraform 1.15.0; terraform-cli 0.12.7-sdk)
        datadog-api-client-go/1.0.0-beta.9+dev (go go1.14.2; os darwin; arch amd64)
      X-Datadog-Parent-Id:
      - "1402678981437832766"
      X-Datadog-Sampling-Priority:
      - "1"
      X-Datadog-Trace-Id:
      - "5628636774109141053"
    url: https://api.datadoghq.com/api/v1/dashboard/3kt-ssg-hbi
    method: GET
  response:
    body: '{"notify_list":[],"description":"Created using the Datadog provider in
      Terraform","author_name":null,"template_variable_presets":[],"template_variables":[],"is_read_only":true,"id":"3kt-ssg-hbi","title":"tf-TestAccDatadogDashboardTopList_import-local-1602246891","url":"/dashboard/3kt-ssg-hbi/tf-testaccdatadogdashboardtoplistimport-local-1602246891","created_at":"2020-10-09T12:37:17.989750+00:00","modified_at":"2020-10-09T12:37:17.989750+00:00","author_handle":"frog@datadoghq.com","widgets":[{"definition":{"title_size":"16","title":"Avg
      of system.core.user over account:prod by service,app","title_align":"right","time":{"live_span":"1w"},"requests":[{"q":"top(avg:system.core.user{account:prod}
      by {service,app}, 10, ''sum'', ''desc'')","conditional_formats":[{"palette":"white_on_red","hide_value":false,"value":15000,"comparator":">"}]}],"type":"toplist"},"id":4880541306413743}],"layout_type":"ordered"}'
    headers:
      Cache-Control:
      - no-cache
      Connection:
      - keep-alive
      Content-Security-Policy:
      - frame-ancestors 'self'; report-uri https://api.datadoghq.com/csp-report
      Content-Type:
      - application/json
      Date:
      - Fri, 09 Oct 2020 12:37:29 GMT
      Dd-Pool:
      - dogweb
      Pragma:
      - no-cache
      Set-Cookie:
      - DD-PSHARD=233; Max-Age=604800; Path=/; expires=Fri, 16-Oct-2020 12:37:29 GMT;
        secure; HttpOnly
      Strict-Transport-Security:
      - max-age=15724800;
      Vary:
      - Accept-Encoding
      X-Content-Type-Options:
      - nosniff
      X-Dd-Debug:
      - fOvn++WNyeGiJqGJ1RGVl2OtzlCSW+9FmhW07NDhLHuS9Ypy2JL89j65gnqIRQTf
      X-Dd-Version:
      - "35.3169891"
      X-Frame-Options:
      - SAMEORIGIN
    status: 200 OK
    code: 200
    duration: ""
- request:
    body: ""
    form: {}
    headers:
      Accept:
      - application/json
      Dd-Operation-Id:
      - GetDashboard
      User-Agent:
      - terraform-provider-datadog/dev (terraform 1.15.0; terraform-cli 0.12.7-sdk)
        datadog-api-client-go/1.0.0-beta.9+dev (go go1.14.2; os darwin; arch amd64)
      X-Datadog-Parent-Id:
      - "8124606070972283299"
      X-Datadog-Sampling-Priority:
      - "1"
      X-Datadog-Trace-Id:
      - "5628636774109141053"
    url: https://api.datadoghq.com/api/v1/dashboard/3kt-ssg-hbi
    method: GET
  response:
    body: '{"notify_list":[],"description":"Created using the Datadog provider in
      Terraform","author_name":null,"template_variable_presets":[],"template_variables":[],"is_read_only":true,"id":"3kt-ssg-hbi","title":"tf-TestAccDatadogDashboardTopList_import-local-1602246891","url":"/dashboard/3kt-ssg-hbi/tf-testaccdatadogdashboardtoplistimport-local-1602246891","created_at":"2020-10-09T12:37:17.989750+00:00","modified_at":"2020-10-09T12:37:17.989750+00:00","author_handle":"frog@datadoghq.com","widgets":[{"definition":{"title_size":"16","title":"Avg
      of system.core.user over account:prod by service,app","title_align":"right","time":{"live_span":"1w"},"requests":[{"q":"top(avg:system.core.user{account:prod}
      by {service,app}, 10, ''sum'', ''desc'')","conditional_formats":[{"palette":"white_on_red","hide_value":false,"value":15000,"comparator":">"}]}],"type":"toplist"},"id":4880541306413743}],"layout_type":"ordered"}'
    headers:
      Cache-Control:
      - no-cache
      Connection:
      - keep-alive
      Content-Security-Policy:
      - frame-ancestors 'self'; report-uri https://api.datadoghq.com/csp-report
      Content-Type:
      - application/json
      Date:
      - Fri, 09 Oct 2020 12:37:29 GMT
      Dd-Pool:
      - dogweb
      Pragma:
      - no-cache
      Set-Cookie:
      - DD-PSHARD=233; Max-Age=604800; Path=/; expires=Fri, 16-Oct-2020 12:37:29 GMT;
        secure; HttpOnly
      Strict-Transport-Security:
      - max-age=15724800;
      Vary:
      - Accept-Encoding
      X-Content-Type-Options:
      - nosniff
      X-Dd-Debug:
      - fHJD0GFesE+geery3W/L2wPUuFg7ZelOB/LsK8Wd1lWCPIWmLYVbvmyVyth3oAaS
      X-Dd-Version:
      - "35.3169891"
      X-Frame-Options:
      - SAMEORIGIN
    status: 200 OK
    code: 200
    duration: ""
- request:
    body: ""
    form: {}
    headers:
      Accept:
      - application/json
      Dd-Operation-Id:
      - GetDashboard
      User-Agent:
      - terraform-provider-datadog/dev (terraform 1.15.0; terraform-cli 0.12.7-sdk)
        datadog-api-client-go/1.0.0-beta.9+dev (go go1.14.2; os darwin; arch amd64)
      X-Datadog-Parent-Id:
      - "3693715015588218184"
      X-Datadog-Sampling-Priority:
      - "1"
      X-Datadog-Trace-Id:
      - "5628636774109141053"
    url: https://api.datadoghq.com/api/v1/dashboard/3kt-ssg-hbi
    method: GET
  response:
    body: '{"notify_list":[],"description":"Created using the Datadog provider in
      Terraform","author_name":null,"template_variable_presets":[],"template_variables":[],"is_read_only":true,"id":"3kt-ssg-hbi","title":"tf-TestAccDatadogDashboardTopList_import-local-1602246891","url":"/dashboard/3kt-ssg-hbi/tf-testaccdatadogdashboardtoplistimport-local-1602246891","created_at":"2020-10-09T12:37:17.989750+00:00","modified_at":"2020-10-09T12:37:17.989750+00:00","author_handle":"frog@datadoghq.com","widgets":[{"definition":{"title_size":"16","title":"Avg
      of system.core.user over account:prod by service,app","title_align":"right","time":{"live_span":"1w"},"requests":[{"q":"top(avg:system.core.user{account:prod}
      by {service,app}, 10, ''sum'', ''desc'')","conditional_formats":[{"palette":"white_on_red","hide_value":false,"value":15000,"comparator":">"}]}],"type":"toplist"},"id":4880541306413743}],"layout_type":"ordered"}'
    headers:
      Cache-Control:
      - no-cache
      Connection:
      - keep-alive
      Content-Security-Policy:
      - frame-ancestors 'self'; report-uri https://api.datadoghq.com/csp-report
      Content-Type:
      - application/json
      Date:
      - Fri, 09 Oct 2020 12:37:32 GMT
      Dd-Pool:
      - dogweb
      Pragma:
      - no-cache
      Set-Cookie:
      - DD-PSHARD=233; Max-Age=604800; Path=/; expires=Fri, 16-Oct-2020 12:37:32 GMT;
        secure; HttpOnly
      Strict-Transport-Security:
      - max-age=15724800;
      Vary:
      - Accept-Encoding
      X-Content-Type-Options:
      - nosniff
      X-Dd-Debug:
      - PdDr7CGzRKV1JiazIN9M5t58W3VmC092V0tka6KkG4tNQ2dswwjUu1lc7Z0OYqEX
      X-Dd-Version:
      - "35.3169891"
      X-Frame-Options:
      - SAMEORIGIN
    status: 200 OK
    code: 200
    duration: ""
- request:
    body: ""
    form: {}
    headers:
      Accept:
      - application/json
      Dd-Operation-Id:
      - GetDashboard
      User-Agent:
      - terraform-provider-datadog/dev (terraform 1.15.0; terraform-cli 0.12.7-sdk)
        datadog-api-client-go/1.0.0-beta.9+dev (go go1.14.2; os darwin; arch amd64)
      X-Datadog-Parent-Id:
      - "6663303581462651372"
      X-Datadog-Sampling-Priority:
      - "1"
      X-Datadog-Trace-Id:
      - "5628636774109141053"
    url: https://api.datadoghq.com/api/v1/dashboard/3kt-ssg-hbi
    method: GET
  response:
    body: '{"notify_list":[],"description":"Created using the Datadog provider in
      Terraform","author_name":null,"template_variable_presets":[],"template_variables":[],"is_read_only":true,"id":"3kt-ssg-hbi","title":"tf-TestAccDatadogDashboardTopList_import-local-1602246891","url":"/dashboard/3kt-ssg-hbi/tf-testaccdatadogdashboardtoplistimport-local-1602246891","created_at":"2020-10-09T12:37:17.989750+00:00","modified_at":"2020-10-09T12:37:17.989750+00:00","author_handle":"frog@datadoghq.com","widgets":[{"definition":{"title_size":"16","title":"Avg
      of system.core.user over account:prod by service,app","title_align":"right","time":{"live_span":"1w"},"requests":[{"q":"top(avg:system.core.user{account:prod}
      by {service,app}, 10, ''sum'', ''desc'')","conditional_formats":[{"palette":"white_on_red","hide_value":false,"value":15000,"comparator":">"}]}],"type":"toplist"},"id":4880541306413743}],"layout_type":"ordered"}'
    headers:
      Cache-Control:
      - no-cache
      Connection:
      - keep-alive
      Content-Security-Policy:
      - frame-ancestors 'self'; report-uri https://api.datadoghq.com/csp-report
      Content-Type:
      - application/json
      Date:
      - Fri, 09 Oct 2020 12:37:32 GMT
      Dd-Pool:
      - dogweb
      Pragma:
      - no-cache
      Set-Cookie:
      - DD-PSHARD=233; Max-Age=604800; Path=/; expires=Fri, 16-Oct-2020 12:37:32 GMT;
        secure; HttpOnly
      Strict-Transport-Security:
      - max-age=15724800;
      Vary:
      - Accept-Encoding
      X-Content-Type-Options:
      - nosniff
      X-Dd-Debug:
      - hw3ZauSSamfHLo55DFwif1/mO6RiYSc0/libBchlIMnyWX9rK7JgS3Pek5rkz683
      X-Dd-Version:
      - "35.3169891"
      X-Frame-Options:
      - SAMEORIGIN
    status: 200 OK
    code: 200
    duration: ""
- request:
    body: ""
    form: {}
    headers:
      Accept:
      - application/json
      Dd-Operation-Id:
      - DeleteDashboard
      User-Agent:
      - terraform-provider-datadog/dev (terraform 1.15.0; terraform-cli 0.12.7-sdk)
        datadog-api-client-go/1.0.0-beta.9+dev (go go1.14.2; os darwin; arch amd64)
      X-Datadog-Parent-Id:
      - "9091812081081612622"
      X-Datadog-Sampling-Priority:
      - "1"
      X-Datadog-Trace-Id:
      - "5628636774109141053"
    url: https://api.datadoghq.com/api/v1/dashboard/3kt-ssg-hbi
    method: DELETE
  response:
    body: '{"deleted_dashboard_id":"3kt-ssg-hbi"}'
    headers:
      Cache-Control:
      - no-cache
      Connection:
      - keep-alive
      Content-Security-Policy:
      - frame-ancestors 'self'; report-uri https://api.datadoghq.com/csp-report
      Content-Type:
      - application/json
      Date:
      - Fri, 09 Oct 2020 12:38:18 GMT
      Dd-Pool:
      - dogweb
      Pragma:
      - no-cache
      Set-Cookie:
      - DD-PSHARD=233; Max-Age=604800; Path=/; expires=Fri, 16-Oct-2020 12:37:35 GMT;
        secure; HttpOnly
      Strict-Transport-Security:
      - max-age=15724800;
      Vary:
      - Accept-Encoding
      X-Content-Type-Options:
      - nosniff
      X-Dd-Debug:
      - SRq2Z9lEwLlAnf16mGl+bpeU/aiRKnFBfHHwmTvzUhnzfsNFrKLMMmOgcRDhRFd6
      X-Dd-Version:
      - "35.3169891"
      X-Frame-Options:
      - SAMEORIGIN
    status: 200 OK
    code: 200
    duration: ""
- request:
    body: ""
    form: {}
    headers:
      Accept:
      - application/json
      Dd-Operation-Id:
      - GetDashboard
      User-Agent:
      - terraform-provider-datadog/dev (terraform 1.15.0; terraform-cli 0.12.7-sdk)
        datadog-api-client-go/1.0.0-beta.9+dev (go go1.14.2; os darwin; arch amd64)
      X-Datadog-Parent-Id:
      - "2207853905469033408"
      X-Datadog-Sampling-Priority:
      - "1"
      X-Datadog-Trace-Id:
      - "5628636774109141053"
    url: https://api.datadoghq.com/api/v1/dashboard/3kt-ssg-hbi
    method: GET
  response:
    body: '{"errors": ["Dashboard with ID 3kt-ssg-hbi not found"]}'
    headers:
      Cache-Control:
      - no-cache
      Connection:
      - keep-alive
      Content-Security-Policy:
      - frame-ancestors 'self'; report-uri https://api.datadoghq.com/csp-report
      Content-Type:
      - application/json
      Date:
      - Fri, 09 Oct 2020 12:38:18 GMT
      Dd-Pool:
      - dogweb
      Pragma:
      - no-cache
      Strict-Transport-Security:
      - max-age=15724800;
      Vary:
      - Accept-Encoding
      X-Content-Type-Options:
      - nosniff
      X-Dd-Version:
      - "35.3169891"
      X-Frame-Options:
      - SAMEORIGIN
    status: 404 Not Found
    code: 404
    duration: ""
