---
version: 1
interactions:
- request:
    body: |
      {"config":{"assertions":[{"operator":"contains","property":"content-type","target":"application/json","type":"header"},{"operator":"is","target":200,"type":"statusCode"},{"operator":"lessThan","target":2000,"type":"responseTime"},{"operator":"doesNotContain","target":"terraform","type":"body"}],"request":{"body":"this is a body","headers":{"Accept":"application/json","X-Datadog-Trace-ID":"1234566789"},"method":"GET","timeout":30,"url":"https://www.datadoghq.com"},"variables":[]},"locations":["aws:eu-central-1"],"message":"Notify @datadog.user","name":"tf-TestAccDatadogSyntheticsAPITest_Updated-local-1596622143","options":{"follow_redirects":true,"min_failure_duration":0,"min_location_failed":1,"retry":{"count":1},"tick_every":60},"status":"paused","subtype":"http","tags":["foo:bar","baz"],"type":"api"}
    form: {}
    headers:
      Accept:
      - application/json
      Content-Type:
      - application/json
      Dd-Operation-Id:
      - CreateTest
      User-Agent:
      - terraform-provider-datadog/dev (terraform 1.10.0; terraform-cli 0.12.7-sdk)
        datadog-api-client-go/1.0.0-beta.8+dev (go go1.14.4; os darwin; arch amd64)
      X-Datadog-Parent-Id:
      - "6586877843272171307"
      X-Datadog-Sampling-Priority:
      - "1"
      X-Datadog-Trace-Id:
      - "6451055401499994371"
    url: https://api.datadoghq.com/api/v1/synthetics/tests
    method: POST
  response:
    body: '{"status":"paused","public_id":"pwi-n94-ixn","tags":["foo:bar","baz"],"org_id":321813,"locations":["aws:eu-central-1"],"message":"Notify
      @datadog.user","deleted_at":null,"name":"tf-TestAccDatadogSyntheticsAPITest_Updated-local-1596622143","monitor_id":20751487,"type":"api","created_at":"2020-08-05T10:09:04.976734+00:00","modified_at":"2020-08-05T10:09:04.976734+00:00","subtype":"http","config":{"variables":[],"request":{"body":"this
      is a body","headers":{"Accept":"application/json","X-Datadog-Trace-ID":"1234566789"},"url":"https://www.datadoghq.com","timeout":30,"method":"GET"},"assertions":[{"operator":"contains","property":"content-type","type":"header","target":"application/json"},{"operator":"is","type":"statusCode","target":200},{"operator":"lessThan","type":"responseTime","target":2000},{"operator":"doesNotContain","type":"body","target":"terraform"}]},"options":{"follow_redirects":true,"min_failure_duration":0,"retry":{"count":1},"min_location_failed":1,"tick_every":60}}'
    headers:
      Cache-Control:
      - no-cache
      Connection:
      - keep-alive
      Content-Security-Policy:
      - frame-ancestors 'self'; report-uri https://api.datadoghq.com/csp-report
      Content-Type:
      - application/json
      Date:
      - Wed, 05 Aug 2020 10:09:06 GMT
      Dd-Pool:
      - dogweb
      Pragma:
      - no-cache
      Set-Cookie:
      - DD-PSHARD=233; Max-Age=604800; Path=/; expires=Wed, 12-Aug-2020 10:09:04 GMT;
        secure; HttpOnly
      Strict-Transport-Security:
      - max-age=15724800;
      Vary:
      - Accept-Encoding
      X-Content-Type-Options:
      - nosniff
      X-Dd-Debug:
      - s2HaexNSftssEbGdjGTop9VxkwcJQZq0vwKpaI+ektLwU8HNs79OhtuRP7tt2ybw
      X-Dd-Version:
      - "35.2835144"
      X-Frame-Options:
      - SAMEORIGIN
      X-Ratelimit-Limit:
      - "120"
      X-Ratelimit-Period:
      - "60"
      X-Ratelimit-Remaining:
      - "116"
      X-Ratelimit-Reset:
      - "56"
    status: 200 OK
    code: 200
    duration: ""
- request:
    body: ""
    form: {}
    headers:
      Accept:
      - application/json
      Dd-Operation-Id:
      - GetTest
      User-Agent:
      - terraform-provider-datadog/dev (terraform 1.10.0; terraform-cli 0.12.7-sdk)
        datadog-api-client-go/1.0.0-beta.8+dev (go go1.14.4; os darwin; arch amd64)
      X-Datadog-Parent-Id:
      - "1931225783852636030"
      X-Datadog-Sampling-Priority:
      - "1"
      X-Datadog-Trace-Id:
      - "6451055401499994371"
    url: https://api.datadoghq.com/api/v1/synthetics/tests/pwi-n94-ixn
    method: GET
  response:
    body: '{"status":"paused","public_id":"pwi-n94-ixn","tags":["foo:bar","baz"],"locations":["aws:eu-central-1"],"message":"Notify
      @datadog.user","name":"tf-TestAccDatadogSyntheticsAPITest_Updated-local-1596622143","monitor_id":20751487,"type":"api","subtype":"http","config":{"variables":[],"request":{"body":"this
      is a body","headers":{"Accept":"application/json","X-Datadog-Trace-ID":"1234566789"},"url":"https://www.datadoghq.com","timeout":30,"method":"GET"},"assertions":[{"operator":"contains","property":"content-type","type":"header","target":"application/json"},{"operator":"is","type":"statusCode","target":200},{"operator":"lessThan","type":"responseTime","target":2000},{"operator":"doesNotContain","type":"body","target":"terraform"}]},"options":{"follow_redirects":true,"min_failure_duration":0,"retry":{"count":1},"min_location_failed":1,"tick_every":60}}'
    headers:
      Cache-Control:
      - no-cache
      Connection:
      - keep-alive
      Content-Security-Policy:
      - frame-ancestors 'self'; report-uri https://api.datadoghq.com/csp-report
      Content-Type:
      - application/json
      Date:
      - Wed, 05 Aug 2020 10:09:06 GMT
      Dd-Pool:
      - dogweb
      Pragma:
      - no-cache
      Set-Cookie:
      - DD-PSHARD=233; Max-Age=604800; Path=/; expires=Wed, 12-Aug-2020 10:09:06 GMT;
        secure; HttpOnly
      Strict-Transport-Security:
      - max-age=15724800;
      Vary:
      - Accept-Encoding
      X-Content-Type-Options:
      - nosniff
      X-Dd-Debug:
      - lY+ToogLjdeN+d4G4AHinSPDEmkH05j6wprYS0W1C0ooiVkDiVNRVEHmZ0lO93aH
      X-Dd-Version:
      - "35.2835144"
      X-Frame-Options:
      - SAMEORIGIN
      X-Ratelimit-Limit:
      - "1000"
      X-Ratelimit-Period:
      - "60"
      X-Ratelimit-Remaining:
      - "978"
      X-Ratelimit-Reset:
      - "54"
    status: 200 OK
    code: 200
    duration: ""
- request:
    body: ""
    form: {}
    headers:
      Accept:
      - application/json
      Dd-Operation-Id:
      - GetTest
      User-Agent:
      - terraform-provider-datadog/dev (terraform 1.10.0; terraform-cli 0.12.7-sdk)
        datadog-api-client-go/1.0.0-beta.8+dev (go go1.14.4; os darwin; arch amd64)
      X-Datadog-Parent-Id:
      - "5046769851121627122"
      X-Datadog-Sampling-Priority:
      - "1"
      X-Datadog-Trace-Id:
      - "6451055401499994371"
    url: https://api.datadoghq.com/api/v1/synthetics/tests/pwi-n94-ixn
    method: GET
  response:
    body: '{"status":"paused","public_id":"pwi-n94-ixn","tags":["foo:bar","baz"],"locations":["aws:eu-central-1"],"message":"Notify
      @datadog.user","name":"tf-TestAccDatadogSyntheticsAPITest_Updated-local-1596622143","monitor_id":20751487,"type":"api","subtype":"http","config":{"variables":[],"request":{"body":"this
      is a body","headers":{"Accept":"application/json","X-Datadog-Trace-ID":"1234566789"},"url":"https://www.datadoghq.com","timeout":30,"method":"GET"},"assertions":[{"operator":"contains","property":"content-type","type":"header","target":"application/json"},{"operator":"is","type":"statusCode","target":200},{"operator":"lessThan","type":"responseTime","target":2000},{"operator":"doesNotContain","type":"body","target":"terraform"}]},"options":{"follow_redirects":true,"min_failure_duration":0,"retry":{"count":1},"min_location_failed":1,"tick_every":60}}'
    headers:
      Cache-Control:
      - no-cache
      Connection:
      - keep-alive
      Content-Security-Policy:
      - frame-ancestors 'self'; report-uri https://api.datadoghq.com/csp-report
      Content-Type:
      - application/json
      Date:
      - Wed, 05 Aug 2020 10:09:07 GMT
      Dd-Pool:
      - dogweb
      Pragma:
      - no-cache
      Set-Cookie:
      - DD-PSHARD=233; Max-Age=604800; Path=/; expires=Wed, 12-Aug-2020 10:09:06 GMT;
        secure; HttpOnly
      Strict-Transport-Security:
      - max-age=15724800;
      Vary:
      - Accept-Encoding
      X-Content-Type-Options:
      - nosniff
      X-Dd-Debug:
      - cu4ubWPaZkBMUv9wY+BMEsSkjI3HyJpNGTHUlz49kJQE+yRhx+femTjVp6b3BG0j
      X-Dd-Version:
      - "35.2835144"
      X-Frame-Options:
      - SAMEORIGIN
      X-Ratelimit-Limit:
      - "1000"
      X-Ratelimit-Period:
      - "60"
      X-Ratelimit-Remaining:
      - "975"
      X-Ratelimit-Reset:
      - "54"
    status: 200 OK
    code: 200
    duration: ""
- request:
    body: ""
    form: {}
    headers:
      Accept:
      - application/json
      Dd-Operation-Id:
      - GetTest
      User-Agent:
      - terraform-provider-datadog/dev (terraform 1.10.0; terraform-cli 0.12.7-sdk)
        datadog-api-client-go/1.0.0-beta.8+dev (go go1.14.4; os darwin; arch amd64)
      X-Datadog-Parent-Id:
      - "519184291026222871"
      X-Datadog-Sampling-Priority:
      - "1"
      X-Datadog-Trace-Id:
      - "6451055401499994371"
    url: https://api.datadoghq.com/api/v1/synthetics/tests/pwi-n94-ixn
    method: GET
  response:
    body: '{"status":"paused","public_id":"pwi-n94-ixn","tags":["foo:bar","baz"],"locations":["aws:eu-central-1"],"message":"Notify
      @datadog.user","name":"tf-TestAccDatadogSyntheticsAPITest_Updated-local-1596622143","monitor_id":20751487,"type":"api","subtype":"http","config":{"variables":[],"request":{"body":"this
      is a body","headers":{"Accept":"application/json","X-Datadog-Trace-ID":"1234566789"},"url":"https://www.datadoghq.com","timeout":30,"method":"GET"},"assertions":[{"operator":"contains","property":"content-type","type":"header","target":"application/json"},{"operator":"is","type":"statusCode","target":200},{"operator":"lessThan","type":"responseTime","target":2000},{"operator":"doesNotContain","type":"body","target":"terraform"}]},"options":{"follow_redirects":true,"min_failure_duration":0,"retry":{"count":1},"min_location_failed":1,"tick_every":60}}'
    headers:
      Cache-Control:
      - no-cache
      Connection:
      - keep-alive
      Content-Security-Policy:
      - frame-ancestors 'self'; report-uri https://api.datadoghq.com/csp-report
      Content-Type:
      - application/json
      Date:
      - Wed, 05 Aug 2020 10:09:07 GMT
      Dd-Pool:
      - dogweb
      Pragma:
      - no-cache
      Set-Cookie:
      - DD-PSHARD=233; Max-Age=604800; Path=/; expires=Wed, 12-Aug-2020 10:09:07 GMT;
        secure; HttpOnly
      Strict-Transport-Security:
      - max-age=15724800;
      Vary:
      - Accept-Encoding
      X-Content-Type-Options:
      - nosniff
      X-Dd-Debug:
      - Svc+PNDCExenPeSdlDU1/hfnnXnGoSBmQ0cXMIN2GIajp6Ywr3vNkU/EUwPmMpm/
      X-Dd-Version:
      - "35.2835144"
      X-Frame-Options:
      - SAMEORIGIN
      X-Ratelimit-Limit:
      - "1000"
      X-Ratelimit-Period:
      - "60"
      X-Ratelimit-Remaining:
      - "968"
      X-Ratelimit-Reset:
      - "53"
    status: 200 OK
    code: 200
    duration: ""
- request:
    body: ""
    form: {}
    headers:
      Accept:
      - application/json
      Dd-Operation-Id:
      - GetTest
      User-Agent:
      - terraform-provider-datadog/dev (terraform 1.10.0; terraform-cli 0.12.7-sdk)
        datadog-api-client-go/1.0.0-beta.8+dev (go go1.14.4; os darwin; arch amd64)
      X-Datadog-Parent-Id:
      - "1280034411097371991"
      X-Datadog-Sampling-Priority:
      - "1"
      X-Datadog-Trace-Id:
      - "6451055401499994371"
    url: https://api.datadoghq.com/api/v1/synthetics/tests/pwi-n94-ixn
    method: GET
  response:
    body: '{"status":"paused","public_id":"pwi-n94-ixn","tags":["foo:bar","baz"],"locations":["aws:eu-central-1"],"message":"Notify
      @datadog.user","name":"tf-TestAccDatadogSyntheticsAPITest_Updated-local-1596622143","monitor_id":20751487,"type":"api","subtype":"http","config":{"variables":[],"request":{"body":"this
      is a body","headers":{"Accept":"application/json","X-Datadog-Trace-ID":"1234566789"},"url":"https://www.datadoghq.com","timeout":30,"method":"GET"},"assertions":[{"operator":"contains","property":"content-type","type":"header","target":"application/json"},{"operator":"is","type":"statusCode","target":200},{"operator":"lessThan","type":"responseTime","target":2000},{"operator":"doesNotContain","type":"body","target":"terraform"}]},"options":{"follow_redirects":true,"min_failure_duration":0,"retry":{"count":1},"min_location_failed":1,"tick_every":60}}'
    headers:
      Cache-Control:
      - no-cache
      Connection:
      - keep-alive
      Content-Security-Policy:
      - frame-ancestors 'self'; report-uri https://api.datadoghq.com/csp-report
      Content-Type:
      - application/json
      Date:
      - Wed, 05 Aug 2020 10:09:07 GMT
      Dd-Pool:
      - dogweb
      Pragma:
      - no-cache
      Set-Cookie:
      - DD-PSHARD=233; Max-Age=604800; Path=/; expires=Wed, 12-Aug-2020 10:09:07 GMT;
        secure; HttpOnly
      Strict-Transport-Security:
      - max-age=15724800;
      Vary:
      - Accept-Encoding
      X-Content-Type-Options:
      - nosniff
      X-Dd-Debug:
      - ZlFeO6VCMn5pdG7QdN+sKrxr7NAR4r0GgwE7hInW4PX153qAmpNQ6baUSs0tV2Xd
      X-Dd-Version:
      - "35.2835144"
      X-Frame-Options:
      - SAMEORIGIN
      X-Ratelimit-Limit:
      - "1000"
      X-Ratelimit-Period:
      - "60"
      X-Ratelimit-Remaining:
      - "962"
      X-Ratelimit-Reset:
      - "53"
    status: 200 OK
    code: 200
    duration: ""
- request:
    body: |
      {"config":{"assertions":[{"operator":"isNot","target":500,"type":"statusCode"}],"request":{"method":"GET","timeout":60,"url":"https://docs.datadoghq.com"},"variables":[]},"locations":["aws:eu-central-1"],"message":"Notify @pagerduty","name":"tf-TestAccDatadogSyntheticsAPITest_Updated-local-1596622143-updated","options":{"follow_redirects":false,"min_failure_duration":10,"min_location_failed":1,"retry":{"count":1,"interval":400},"tick_every":900},"status":"live","subtype":"http","tags":["foo:bar","foo","env:test"],"type":"api"}
    form: {}
    headers:
      Accept:
      - application/json
      Content-Type:
      - application/json
      Dd-Operation-Id:
      - UpdateTest
      User-Agent:
      - terraform-provider-datadog/dev (terraform 1.10.0; terraform-cli 0.12.7-sdk)
        datadog-api-client-go/1.0.0-beta.8+dev (go go1.14.4; os darwin; arch amd64)
      X-Datadog-Parent-Id:
      - "7394598991692479913"
      X-Datadog-Sampling-Priority:
      - "1"
      X-Datadog-Trace-Id:
      - "6451055401499994371"
    url: https://api.datadoghq.com/api/v1/synthetics/tests/pwi-n94-ixn
    method: PUT
  response:
    body: '{"status":"live","public_id":"pwi-n94-ixn","tags":["foo:bar","foo","env:test"],"org_id":321813,"locations":["aws:eu-central-1"],"message":"Notify
      @pagerduty","deleted_at":null,"name":"tf-TestAccDatadogSyntheticsAPITest_Updated-local-1596622143-updated","monitor_id":20751487,"type":"api","created_at":"2020-08-05T10:09:04.976734+00:00","modified_at":"2020-08-05T10:09:08.009541+00:00","subtype":"http","config":{"variables":[],"request":{"url":"https://docs.datadoghq.com","method":"GET","timeout":60},"assertions":[{"operator":"isNot","type":"statusCode","target":500}]},"options":{"follow_redirects":false,"min_failure_duration":10,"retry":{"count":1,"interval":400},"min_location_failed":1,"tick_every":900}}'
    headers:
      Cache-Control:
      - no-cache
      Connection:
      - keep-alive
      Content-Security-Policy:
      - frame-ancestors 'self'; report-uri https://api.datadoghq.com/csp-report
      Content-Type:
      - application/json
      Date:
      - Wed, 05 Aug 2020 10:09:08 GMT
      Dd-Pool:
      - dogweb
      Pragma:
      - no-cache
      Set-Cookie:
      - DD-PSHARD=233; Max-Age=604800; Path=/; expires=Wed, 12-Aug-2020 10:09:07 GMT;
        secure; HttpOnly
      Strict-Transport-Security:
      - max-age=15724800;
      Vary:
      - Accept-Encoding
      X-Content-Type-Options:
      - nosniff
      X-Dd-Debug:
      - iPNIjQ4FpbAevSagkUs6fM9DRnZIIseE6v4wOcEfmEX8Eal4l6BAoL574ojmNxVu
      X-Dd-Version:
      - "35.2835144"
      X-Frame-Options:
      - SAMEORIGIN
      X-Ratelimit-Limit:
      - "500"
      X-Ratelimit-Period:
      - "60"
      X-Ratelimit-Remaining:
      - "497"
      X-Ratelimit-Reset:
      - "53"
    status: 200 OK
    code: 200
    duration: ""
- request:
    body: ""
    form: {}
    headers:
      Accept:
      - application/json
      Dd-Operation-Id:
      - GetTest
      User-Agent:
      - terraform-provider-datadog/dev (terraform 1.10.0; terraform-cli 0.12.7-sdk)
        datadog-api-client-go/1.0.0-beta.8+dev (go go1.14.4; os darwin; arch amd64)
      X-Datadog-Parent-Id:
      - "3881553750085299075"
      X-Datadog-Sampling-Priority:
      - "1"
      X-Datadog-Trace-Id:
      - "6451055401499994371"
    url: https://api.datadoghq.com/api/v1/synthetics/tests/pwi-n94-ixn
    method: GET
  response:
    body: '{"status":"live","public_id":"pwi-n94-ixn","tags":["foo:bar","foo","env:test"],"locations":["aws:eu-central-1"],"message":"Notify
      @pagerduty","name":"tf-TestAccDatadogSyntheticsAPITest_Updated-local-1596622143-updated","monitor_id":20751487,"type":"api","subtype":"http","config":{"variables":[],"request":{"url":"https://docs.datadoghq.com","method":"GET","timeout":60},"assertions":[{"operator":"isNot","type":"statusCode","target":500}]},"options":{"follow_redirects":false,"min_failure_duration":10,"retry":{"count":1,"interval":400},"min_location_failed":1,"tick_every":900}}'
    headers:
      Cache-Control:
      - no-cache
      Connection:
      - keep-alive
      Content-Security-Policy:
      - frame-ancestors 'self'; report-uri https://api.datadoghq.com/csp-report
      Content-Type:
      - application/json
      Date:
      - Wed, 05 Aug 2020 10:09:08 GMT
      Dd-Pool:
      - dogweb
      Pragma:
      - no-cache
      Set-Cookie:
      - DD-PSHARD=233; Max-Age=604800; Path=/; expires=Wed, 12-Aug-2020 10:09:08 GMT;
        secure; HttpOnly
      Strict-Transport-Security:
      - max-age=15724800;
      Vary:
      - Accept-Encoding
      X-Content-Type-Options:
      - nosniff
      X-Dd-Debug:
      - TgvTZJVR9dSgWy7VpnTS9CSjPc//LY/ZavlFOijm8MvrHh32ShfxeiEOiDlrzwkJ
      X-Dd-Version:
      - "35.2835144"
      X-Frame-Options:
      - SAMEORIGIN
      X-Ratelimit-Limit:
      - "1000"
      X-Ratelimit-Period:
      - "60"
      X-Ratelimit-Remaining:
      - "948"
      X-Ratelimit-Reset:
      - "52"
    status: 200 OK
    code: 200
    duration: ""
- request:
    body: ""
    form: {}
    headers:
      Accept:
      - application/json
      Dd-Operation-Id:
      - GetTest
      User-Agent:
      - terraform-provider-datadog/dev (terraform 1.10.0; terraform-cli 0.12.7-sdk)
        datadog-api-client-go/1.0.0-beta.8+dev (go go1.14.4; os darwin; arch amd64)
      X-Datadog-Parent-Id:
      - "6865974435511705786"
      X-Datadog-Sampling-Priority:
      - "1"
      X-Datadog-Trace-Id:
      - "6451055401499994371"
    url: https://api.datadoghq.com/api/v1/synthetics/tests/pwi-n94-ixn
    method: GET
  response:
    body: '{"status":"live","public_id":"pwi-n94-ixn","tags":["foo:bar","foo","env:test"],"locations":["aws:eu-central-1"],"message":"Notify
      @pagerduty","name":"tf-TestAccDatadogSyntheticsAPITest_Updated-local-1596622143-updated","monitor_id":20751487,"type":"api","subtype":"http","config":{"variables":[],"request":{"url":"https://docs.datadoghq.com","method":"GET","timeout":60},"assertions":[{"operator":"isNot","type":"statusCode","target":500}]},"options":{"follow_redirects":false,"min_failure_duration":10,"retry":{"count":1,"interval":400},"min_location_failed":1,"tick_every":900}}'
    headers:
      Cache-Control:
      - no-cache
      Connection:
      - keep-alive
      Content-Security-Policy:
      - frame-ancestors 'self'; report-uri https://api.datadoghq.com/csp-report
      Content-Type:
      - application/json
      Date:
      - Wed, 05 Aug 2020 10:09:08 GMT
      Dd-Pool:
      - dogweb
      Pragma:
      - no-cache
      Set-Cookie:
      - DD-PSHARD=233; Max-Age=604800; Path=/; expires=Wed, 12-Aug-2020 10:09:08 GMT;
        secure; HttpOnly
      Strict-Transport-Security:
      - max-age=15724800;
      Vary:
      - Accept-Encoding
      X-Content-Type-Options:
      - nosniff
      X-Dd-Debug:
      - cqwmUHOyW+p7rZMHoPHfBQiYcr5B53SMxptYY4mRvM+/RwpX5mM9nb+6HInmqZDD
      X-Dd-Version:
      - "35.2835144"
      X-Frame-Options:
      - SAMEORIGIN
      X-Ratelimit-Limit:
      - "1000"
      X-Ratelimit-Period:
      - "60"
      X-Ratelimit-Remaining:
      - "944"
      X-Ratelimit-Reset:
      - "52"
    status: 200 OK
    code: 200
    duration: ""
- request:
    body: ""
    form: {}
    headers:
      Accept:
      - application/json
      Dd-Operation-Id:
      - GetTest
      User-Agent:
      - terraform-provider-datadog/dev (terraform 1.10.0; terraform-cli 0.12.7-sdk)
        datadog-api-client-go/1.0.0-beta.8+dev (go go1.14.4; os darwin; arch amd64)
      X-Datadog-Parent-Id:
      - "8657746508595221309"
      X-Datadog-Sampling-Priority:
      - "1"
      X-Datadog-Trace-Id:
      - "6451055401499994371"
    url: https://api.datadoghq.com/api/v1/synthetics/tests/pwi-n94-ixn
    method: GET
  response:
    body: '{"status":"live","public_id":"pwi-n94-ixn","tags":["foo:bar","foo","env:test"],"locations":["aws:eu-central-1"],"message":"Notify
      @pagerduty","name":"tf-TestAccDatadogSyntheticsAPITest_Updated-local-1596622143-updated","monitor_id":20751487,"type":"api","subtype":"http","config":{"variables":[],"request":{"url":"https://docs.datadoghq.com","method":"GET","timeout":60},"assertions":[{"operator":"isNot","type":"statusCode","target":500}]},"options":{"follow_redirects":false,"min_failure_duration":10,"retry":{"count":1,"interval":400},"min_location_failed":1,"tick_every":900}}'
    headers:
      Cache-Control:
      - no-cache
      Connection:
      - keep-alive
      Content-Security-Policy:
      - frame-ancestors 'self'; report-uri https://api.datadoghq.com/csp-report
      Content-Type:
      - application/json
      Date:
      - Wed, 05 Aug 2020 10:09:09 GMT
      Dd-Pool:
      - dogweb
      Pragma:
      - no-cache
      Set-Cookie:
      - DD-PSHARD=233; Max-Age=604800; Path=/; expires=Wed, 12-Aug-2020 10:09:09 GMT;
        secure; HttpOnly
      Strict-Transport-Security:
      - max-age=15724800;
      Vary:
      - Accept-Encoding
      X-Content-Type-Options:
      - nosniff
      X-Dd-Debug:
      - 8jOfy9nMU/Ml96GGZXvrOVlZZG64+ft2nemUy6t5A1I/ZdRkDPBVDX3rXqggM6Iq
      X-Dd-Version:
      - "35.2835144"
      X-Frame-Options:
      - SAMEORIGIN
      X-Ratelimit-Limit:
      - "1000"
      X-Ratelimit-Period:
      - "60"
      X-Ratelimit-Remaining:
      - "942"
      X-Ratelimit-Reset:
      - "51"
    status: 200 OK
    code: 200
    duration: ""
- request:
    body: ""
    form: {}
    headers:
      Accept:
      - application/json
      Dd-Operation-Id:
      - GetTest
      User-Agent:
      - terraform-provider-datadog/dev (terraform 1.10.0; terraform-cli 0.12.7-sdk)
        datadog-api-client-go/1.0.0-beta.8+dev (go go1.14.4; os darwin; arch amd64)
      X-Datadog-Parent-Id:
      - "471736559952049972"
      X-Datadog-Sampling-Priority:
      - "1"
      X-Datadog-Trace-Id:
      - "6451055401499994371"
    url: https://api.datadoghq.com/api/v1/synthetics/tests/pwi-n94-ixn
    method: GET
  response:
    body: '{"status":"live","public_id":"pwi-n94-ixn","tags":["foo:bar","foo","env:test"],"locations":["aws:eu-central-1"],"message":"Notify
      @pagerduty","name":"tf-TestAccDatadogSyntheticsAPITest_Updated-local-1596622143-updated","monitor_id":20751487,"type":"api","subtype":"http","config":{"variables":[],"request":{"url":"https://docs.datadoghq.com","method":"GET","timeout":60},"assertions":[{"operator":"isNot","type":"statusCode","target":500}]},"options":{"follow_redirects":false,"min_failure_duration":10,"retry":{"count":1,"interval":400},"min_location_failed":1,"tick_every":900}}'
    headers:
      Cache-Control:
      - no-cache
      Connection:
      - keep-alive
      Content-Security-Policy:
      - frame-ancestors 'self'; report-uri https://api.datadoghq.com/csp-report
      Content-Type:
      - application/json
      Date:
      - Wed, 05 Aug 2020 10:09:10 GMT
      Dd-Pool:
      - dogweb
      Pragma:
      - no-cache
      Set-Cookie:
      - DD-PSHARD=233; Max-Age=604800; Path=/; expires=Wed, 12-Aug-2020 10:09:10 GMT;
        secure; HttpOnly
      Strict-Transport-Security:
      - max-age=15724800;
      Vary:
      - Accept-Encoding
      X-Content-Type-Options:
      - nosniff
      X-Dd-Debug:
      - uyXO33vE+LGU1ODHWgqP3RdqrPMTKcPLr+Burt5RS51mD4WQkReK1lizXOB1y+KQ
      X-Dd-Version:
      - "35.2835144"
      X-Frame-Options:
      - SAMEORIGIN
      X-Ratelimit-Limit:
      - "1000"
      X-Ratelimit-Period:
      - "60"
      X-Ratelimit-Remaining:
      - "940"
      X-Ratelimit-Reset:
      - "50"
    status: 200 OK
    code: 200
    duration: ""
- request:
    body: |
      {"public_ids":["pwi-n94-ixn"]}
    form: {}
    headers:
      Accept:
      - application/json
      Content-Type:
      - application/json
      Dd-Operation-Id:
      - DeleteTests
      User-Agent:
      - terraform-provider-datadog/dev (terraform 1.10.0; terraform-cli 0.12.7-sdk)
        datadog-api-client-go/1.0.0-beta.8+dev (go go1.14.4; os darwin; arch amd64)
      X-Datadog-Parent-Id:
      - "257619111505616697"
      X-Datadog-Sampling-Priority:
      - "1"
      X-Datadog-Trace-Id:
      - "6451055401499994371"
    url: https://api.datadoghq.com/api/v1/synthetics/tests/delete
    method: POST
  response:
    body: '{"deleted_tests":[{"deleted_at":"2020-08-05T10:09:11.694472+00:00","public_id":"pwi-n94-ixn"}]}'
    headers:
      Cache-Control:
      - no-cache
      Connection:
      - keep-alive
      Content-Security-Policy:
      - frame-ancestors 'self'; report-uri https://api.datadoghq.com/csp-report
      Content-Type:
      - application/json
      Date:
      - Wed, 05 Aug 2020 10:09:12 GMT
      Dd-Pool:
      - dogweb
      Pragma:
      - no-cache
      Set-Cookie:
      - DD-PSHARD=233; Max-Age=604800; Path=/; expires=Wed, 12-Aug-2020 10:09:11 GMT;
        secure; HttpOnly
      Strict-Transport-Security:
      - max-age=15724800;
      Vary:
      - Accept-Encoding
      X-Content-Type-Options:
      - nosniff
      X-Dd-Debug:
      - NdNIyZr8B9NzuL//2/d/aXzYKcLqS/7R7MLixDOKtLV59OP/PL9ywF0n2/DZqS5G
      X-Dd-Version:
      - "35.2835144"
      X-Frame-Options:
      - SAMEORIGIN
      X-Ratelimit-Limit:
      - "120"
      X-Ratelimit-Period:
      - "60"
      X-Ratelimit-Remaining:
      - "111"
      X-Ratelimit-Reset:
      - "49"
    status: 200 OK
    code: 200
    duration: ""
- request:
    body: ""
    form: {}
    headers:
      Accept:
      - application/json
      Dd-Operation-Id:
      - GetTest
      User-Agent:
      - terraform-provider-datadog/dev (terraform 1.10.0; terraform-cli 0.12.7-sdk)
        datadog-api-client-go/1.0.0-beta.8+dev (go go1.14.4; os darwin; arch amd64)
      X-Datadog-Parent-Id:
      - "3357621037866158270"
      X-Datadog-Sampling-Priority:
      - "1"
      X-Datadog-Trace-Id:
      - "6451055401499994371"
    url: https://api.datadoghq.com/api/v1/synthetics/tests/pwi-n94-ixn
    method: GET
  response:
    body: '{"errors": ["Synthetics test not found"]}'
    headers:
      Cache-Control:
      - no-cache
      Connection:
      - keep-alive
      Content-Security-Policy:
      - frame-ancestors 'self'; report-uri https://api.datadoghq.com/csp-report
      Content-Type:
      - application/json
      Date:
      - Wed, 05 Aug 2020 10:09:13 GMT
      Dd-Pool:
      - dogweb
      Pragma:
      - no-cache
      Strict-Transport-Security:
      - max-age=15724800;
      Vary:
      - Accept-Encoding
      X-Content-Type-Options:
      - nosniff
      X-Dd-Version:
      - "35.2835144"
      X-Frame-Options:
      - SAMEORIGIN
      X-Ratelimit-Limit:
      - "1000"
      X-Ratelimit-Period:
      - "60"
      X-Ratelimit-Remaining:
      - "929"
      X-Ratelimit-Reset:
      - "47"
    status: 404 Not Found
    code: 404
    duration: ""
