---
version: 1
interactions:
- request:
    body: |
      {"end":1735765200,"message":"tf-TestAccDatadogDowntime_BasicNoRecurrence-local-1605875964","monitor_tags":["*"],"scope":["host:NoRecurrence"],"start":1735707600,"timezone":"UTC"}
    form: {}
    headers:
      Accept:
      - application/json
      Content-Type:
      - application/json
      Dd-Operation-Id:
      - CreateDowntime
      User-Agent:
      - terraform-provider-datadog/dev (terraform 1.15.0; terraform-cli ) datadog-api-client-go/1.0.0-beta.11
        (go go1.15.4; os darwin; arch amd64)
      X-Datadog-Parent-Id:
      - "8161326111714330825"
      X-Datadog-Sampling-Priority:
      - "1"
      X-Datadog-Trace-Id:
      - "536950330953487113"
    url: https://api.datadoghq.com/api/v1/downtime
    method: POST
  response:
    body: '{"recurrence":null,"end":1735765200,"monitor_tags":["*"],"child_id":null,"canceled":null,"monitor_id":null,"org_id":321813,"disabled":false,"start":1735707600,"creator_id":1445416,"parent_id":null,"timezone":"UTC","active":false,"scope":["host:NoRecurrence"],"message":"tf-TestAccDatadogDowntime_BasicNoRecurrence-local-1605875964","downtime_type":1,"id":1040582151,"updater_id":null}'
    headers:
      Cache-Control:
      - no-cache
      Connection:
      - keep-alive
      Content-Security-Policy:
      - frame-ancestors 'self'; report-uri https://api.datadoghq.com/csp-report
      Content-Type:
      - application/json
      Date:
      - Fri, 20 Nov 2020 12:39:28 GMT
      Dd-Pool:
      - dogweb
      Pragma:
      - no-cache
      Set-Cookie:
      - DD-PSHARD=233; Max-Age=604800; Path=/; expires=Fri, 27-Nov-2020 12:39:28 GMT;
        secure; HttpOnly
      Strict-Transport-Security:
      - max-age=15724800;
      Vary:
      - Accept-Encoding
      X-Content-Type-Options:
      - nosniff
      X-Dd-Debug:
      - 1KMr27QHAQHDfYPOMxdkaV+JBh/1ku8yD6KIlLr2d217iUuzksir9gh+Nfb7tVhq
      X-Dd-Version:
      - "35.3405681"
      X-Frame-Options:
      - SAMEORIGIN
    status: 200 OK
    code: 200
    duration: ""
- request:
    body: ""
    form: {}
    headers:
      Accept:
      - application/json
      Dd-Operation-Id:
      - GetDowntime
      User-Agent:
      - terraform-provider-datadog/dev (terraform 1.15.0; terraform-cli ) datadog-api-client-go/1.0.0-beta.11
        (go go1.15.4; os darwin; arch amd64)
      X-Datadog-Parent-Id:
      - "4178783206787588036"
      X-Datadog-Sampling-Priority:
      - "1"
      X-Datadog-Trace-Id:
      - "536950330953487113"
    url: https://api.datadoghq.com/api/v1/downtime/1040582151
    method: GET
  response:
    body: '{"recurrence":null,"end":1735765200,"monitor_tags":["*"],"child_id":null,"canceled":null,"monitor_id":null,"org_id":321813,"disabled":false,"start":1735707600,"creator_id":1445416,"parent_id":null,"timezone":"UTC","active":false,"scope":["host:NoRecurrence"],"message":"tf-TestAccDatadogDowntime_BasicNoRecurrence-local-1605875964","downtime_type":1,"id":1040582151,"updater_id":null}'
    headers:
      Cache-Control:
      - no-cache
      Connection:
      - keep-alive
      Content-Security-Policy:
      - frame-ancestors 'self'; report-uri https://api.datadoghq.com/csp-report
      Content-Type:
      - application/json
      Date:
      - Fri, 20 Nov 2020 12:39:28 GMT
      Dd-Pool:
      - dogweb
      Pragma:
      - no-cache
      Set-Cookie:
      - DD-PSHARD=233; Max-Age=604800; Path=/; expires=Fri, 27-Nov-2020 12:39:28 GMT;
        secure; HttpOnly
      Strict-Transport-Security:
      - max-age=15724800;
      Vary:
      - Accept-Encoding
      X-Content-Type-Options:
      - nosniff
      X-Dd-Debug:
      - d31ebXSBBNIfMRbwTUSeNjY3IxejCQxGK8GB7MdTMNs7w40n94in+BXmkLo5BsFJ
      X-Dd-Version:
      - "35.3405681"
      X-Frame-Options:
      - SAMEORIGIN
    status: 200 OK
    code: 200
    duration: ""
- request:
    body: ""
    form: {}
    headers:
      Accept:
      - application/json
      Dd-Operation-Id:
      - GetDowntime
      User-Agent:
      - terraform-provider-datadog/dev (terraform 1.15.0; terraform-cli ) datadog-api-client-go/1.0.0-beta.11
        (go go1.15.4; os darwin; arch amd64)
      X-Datadog-Parent-Id:
      - "8690171397603379572"
      X-Datadog-Sampling-Priority:
      - "1"
      X-Datadog-Trace-Id:
      - "536950330953487113"
    url: https://api.datadoghq.com/api/v1/downtime/1040582151
    method: GET
  response:
    body: '{"recurrence":null,"end":1735765200,"monitor_tags":["*"],"child_id":null,"canceled":null,"monitor_id":null,"org_id":321813,"disabled":false,"start":1735707600,"creator_id":1445416,"parent_id":null,"timezone":"UTC","active":false,"scope":["host:NoRecurrence"],"message":"tf-TestAccDatadogDowntime_BasicNoRecurrence-local-1605875964","downtime_type":1,"id":1040582151,"updater_id":null}'
    headers:
      Cache-Control:
      - no-cache
      Connection:
      - keep-alive
      Content-Security-Policy:
      - frame-ancestors 'self'; report-uri https://api.datadoghq.com/csp-report
      Content-Type:
      - application/json
      Date:
      - Fri, 20 Nov 2020 12:39:28 GMT
      Dd-Pool:
      - dogweb
      Pragma:
      - no-cache
      Set-Cookie:
      - DD-PSHARD=233; Max-Age=604800; Path=/; expires=Fri, 27-Nov-2020 12:39:28 GMT;
        secure; HttpOnly
      Strict-Transport-Security:
      - max-age=15724800;
      Vary:
      - Accept-Encoding
      X-Content-Type-Options:
      - nosniff
      X-Dd-Debug:
      - KdWc5RppKH51u1oZ6tf2ghJTVEevh006eS91RDKZLGoax50FN2VjMvek2ayUmkXw
      X-Dd-Version:
      - "35.3405681"
      X-Frame-Options:
      - SAMEORIGIN
    status: 200 OK
    code: 200
    duration: ""
- request:
    body: ""
    form: {}
    headers:
      Accept:
      - application/json
      Dd-Operation-Id:
      - GetDowntime
      User-Agent:
      - terraform-provider-datadog/dev (terraform 1.15.0; terraform-cli ) datadog-api-client-go/1.0.0-beta.11
        (go go1.15.4; os darwin; arch amd64)
      X-Datadog-Parent-Id:
      - "3982390369371981377"
      X-Datadog-Sampling-Priority:
      - "1"
      X-Datadog-Trace-Id:
      - "536950330953487113"
    url: https://api.datadoghq.com/api/v1/downtime/1040582151
    method: GET
  response:
    body: '{"recurrence":null,"end":1735765200,"monitor_tags":["*"],"child_id":null,"canceled":null,"monitor_id":null,"org_id":321813,"disabled":false,"start":1735707600,"creator_id":1445416,"parent_id":null,"timezone":"UTC","active":false,"scope":["host:NoRecurrence"],"message":"tf-TestAccDatadogDowntime_BasicNoRecurrence-local-1605875964","downtime_type":1,"id":1040582151,"updater_id":null}'
    headers:
      Cache-Control:
      - no-cache
      Connection:
      - keep-alive
      Content-Security-Policy:
      - frame-ancestors 'self'; report-uri https://api.datadoghq.com/csp-report
      Content-Type:
      - application/json
      Date:
      - Fri, 20 Nov 2020 12:39:28 GMT
      Dd-Pool:
      - dogweb
      Pragma:
      - no-cache
      Set-Cookie:
      - DD-PSHARD=233; Max-Age=604800; Path=/; expires=Fri, 27-Nov-2020 12:39:28 GMT;
        secure; HttpOnly
      Strict-Transport-Security:
      - max-age=15724800;
      Vary:
      - Accept-Encoding
      X-Content-Type-Options:
      - nosniff
      X-Dd-Debug:
      - RCObiQ2dtM/JQUOdAbTQmIrpsZR5eT9bZEwE14hAfjq3x8DBTBCy/8ina/nQCRGE
      X-Dd-Version:
      - "35.3405681"
      X-Frame-Options:
      - SAMEORIGIN
    status: 200 OK
    code: 200
    duration: ""
- request:
    body: ""
    form: {}
    headers:
      Accept:
      - application/json
      Dd-Operation-Id:
      - GetDowntime
      User-Agent:
      - terraform-provider-datadog/dev (terraform 1.15.0; terraform-cli ) datadog-api-client-go/1.0.0-beta.11
        (go go1.15.4; os darwin; arch amd64)
      X-Datadog-Parent-Id:
      - "9048225438117336971"
      X-Datadog-Sampling-Priority:
      - "1"
      X-Datadog-Trace-Id:
      - "536950330953487113"
    url: https://api.datadoghq.com/api/v1/downtime/1040582151
    method: GET
  response:
    body: '{"recurrence":null,"end":1735765200,"monitor_tags":["*"],"child_id":null,"canceled":null,"monitor_id":null,"org_id":321813,"disabled":false,"start":1735707600,"creator_id":1445416,"parent_id":null,"timezone":"UTC","active":false,"scope":["host:NoRecurrence"],"message":"tf-TestAccDatadogDowntime_BasicNoRecurrence-local-1605875964","downtime_type":1,"id":1040582151,"updater_id":null}'
    headers:
      Cache-Control:
      - no-cache
      Connection:
      - keep-alive
      Content-Security-Policy:
      - frame-ancestors 'self'; report-uri https://api.datadoghq.com/csp-report
      Content-Type:
      - application/json
      Date:
      - Fri, 20 Nov 2020 12:39:28 GMT
      Dd-Pool:
      - dogweb
      Pragma:
      - no-cache
      Set-Cookie:
      - DD-PSHARD=233; Max-Age=604800; Path=/; expires=Fri, 27-Nov-2020 12:39:28 GMT;
        secure; HttpOnly
      Strict-Transport-Security:
      - max-age=15724800;
      Vary:
      - Accept-Encoding
      X-Content-Type-Options:
      - nosniff
      X-Dd-Debug:
      - D6xOASGs+SeSoSr1onTNqEyFDtjQwnjR937DW7eQT5G8CxiOSfzMZ/Hv6SqRh+8b
      X-Dd-Version:
      - "35.3405681"
      X-Frame-Options:
      - SAMEORIGIN
    status: 200 OK
    code: 200
    duration: ""
- request:
    body: ""
    form: {}
    headers:
      Accept:
      - application/json
      Dd-Operation-Id:
      - GetDowntime
      User-Agent:
      - terraform-provider-datadog/dev (terraform 1.15.0; terraform-cli ) datadog-api-client-go/1.0.0-beta.11
        (go go1.15.4; os darwin; arch amd64)
      X-Datadog-Parent-Id:
      - "3373311449443118877"
      X-Datadog-Sampling-Priority:
      - "1"
      X-Datadog-Trace-Id:
      - "536950330953487113"
    url: https://api.datadoghq.com/api/v1/downtime/1040582151
    method: GET
  response:
    body: '{"recurrence":null,"end":1735765200,"monitor_tags":["*"],"child_id":null,"canceled":null,"monitor_id":null,"org_id":321813,"disabled":false,"start":1735707600,"creator_id":1445416,"parent_id":null,"timezone":"UTC","active":false,"scope":["host:NoRecurrence"],"message":"tf-TestAccDatadogDowntime_BasicNoRecurrence-local-1605875964","downtime_type":1,"id":1040582151,"updater_id":null}'
    headers:
      Cache-Control:
      - no-cache
      Connection:
      - keep-alive
      Content-Security-Policy:
      - frame-ancestors 'self'; report-uri https://api.datadoghq.com/csp-report
      Content-Type:
      - application/json
      Date:
      - Fri, 20 Nov 2020 12:39:29 GMT
      Dd-Pool:
      - dogweb
      Pragma:
      - no-cache
      Set-Cookie:
      - DD-PSHARD=233; Max-Age=604800; Path=/; expires=Fri, 27-Nov-2020 12:39:29 GMT;
        secure; HttpOnly
      Strict-Transport-Security:
      - max-age=15724800;
      Vary:
      - Accept-Encoding
      X-Content-Type-Options:
      - nosniff
      X-Dd-Debug:
      - qQXsO+f4B3HCvLT+wx7LVBDCKoA9+mEzcYYTapfT4+npOWtAMz9R4B+8HSWkVhsm
      X-Dd-Version:
      - "35.3405681"
      X-Frame-Options:
      - SAMEORIGIN
    status: 200 OK
    code: 200
    duration: ""
- request:
    body: ""
    form: {}
    headers:
      Accept:
      - application/json
      Dd-Operation-Id:
      - GetDowntime
      User-Agent:
      - terraform-provider-datadog/dev (terraform 1.15.0; terraform-cli ) datadog-api-client-go/1.0.0-beta.11
        (go go1.15.4; os darwin; arch amd64)
      X-Datadog-Parent-Id:
      - "3455681782575852820"
      X-Datadog-Sampling-Priority:
      - "1"
      X-Datadog-Trace-Id:
      - "536950330953487113"
    url: https://api.datadoghq.com/api/v1/downtime/1040582151
    method: GET
  response:
    body: '{"recurrence":null,"end":1735765200,"monitor_tags":["*"],"child_id":null,"canceled":null,"monitor_id":null,"org_id":321813,"disabled":false,"start":1735707600,"creator_id":1445416,"parent_id":null,"timezone":"UTC","active":false,"scope":["host:NoRecurrence"],"message":"tf-TestAccDatadogDowntime_BasicNoRecurrence-local-1605875964","downtime_type":1,"id":1040582151,"updater_id":null}'
    headers:
      Cache-Control:
      - no-cache
      Connection:
      - keep-alive
      Content-Security-Policy:
      - frame-ancestors 'self'; report-uri https://api.datadoghq.com/csp-report
      Content-Type:
      - application/json
      Date:
      - Fri, 20 Nov 2020 12:39:29 GMT
      Dd-Pool:
      - dogweb
      Pragma:
      - no-cache
      Set-Cookie:
      - DD-PSHARD=233; Max-Age=604800; Path=/; expires=Fri, 27-Nov-2020 12:39:29 GMT;
        secure; HttpOnly
      Strict-Transport-Security:
      - max-age=15724800;
      Vary:
      - Accept-Encoding
      X-Content-Type-Options:
      - nosniff
      X-Dd-Debug:
      - ylBElmyGwKGD9U7vyDU/qHCi6QpDzALB8kY9TyVsQmpRCm4VjPYEdilo336ix6wj
      X-Dd-Version:
      - "35.3405681"
      X-Frame-Options:
      - SAMEORIGIN
    status: 200 OK
    code: 200
    duration: ""
- request:
    body: ""
    form: {}
    headers:
      Accept:
      - application/json
      Dd-Operation-Id:
      - CancelDowntime
      User-Agent:
      - terraform-provider-datadog/dev (terraform 1.15.0; terraform-cli ) datadog-api-client-go/1.0.0-beta.11
        (go go1.15.4; os darwin; arch amd64)
      X-Datadog-Parent-Id:
      - "1324543973184661238"
      X-Datadog-Sampling-Priority:
      - "1"
      X-Datadog-Trace-Id:
      - "536950330953487113"
    url: https://api.datadoghq.com/api/v1/downtime/1040582151
    method: DELETE
  response:
    body: ""
    headers:
      Cache-Control:
      - no-cache
      Connection:
      - keep-alive
      Content-Length:
      - "0"
      Content-Security-Policy:
      - frame-ancestors 'self'; report-uri https://api.datadoghq.com/csp-report
      Content-Type:
      - text/html; charset=utf-8
      Date:
      - Fri, 20 Nov 2020 12:39:29 GMT
      Dd-Pool:
      - dogweb
      Pragma:
      - no-cache
      Set-Cookie:
      - DD-PSHARD=233; Max-Age=604800; Path=/; expires=Fri, 27-Nov-2020 12:39:29 GMT;
        secure; HttpOnly
      Strict-Transport-Security:
      - max-age=15724800;
      X-Content-Type-Options:
      - nosniff
      X-Dd-Debug:
      - F+MB1uJtICegWSQGMRxkng/mFaS+IzSp7MVdNCMxEuNz7Df8CVcsilcdpPZyVGTp
      X-Dd-Version:
      - "35.3405561"
      X-Frame-Options:
      - SAMEORIGIN
    status: 204 No Content
    code: 204
    duration: ""
- request:
    body: ""
    form: {}
    headers:
      Accept:
      - application/json
      Dd-Operation-Id:
      - GetDowntime
      User-Agent:
      - terraform-provider-datadog/dev (terraform 1.15.0; terraform-cli ) datadog-api-client-go/1.0.0-beta.11
        (go go1.15.4; os darwin; arch amd64)
      X-Datadog-Parent-Id:
      - "2936609265577037977"
      X-Datadog-Sampling-Priority:
      - "1"
      X-Datadog-Trace-Id:
      - "536950330953487113"
    url: https://api.datadoghq.com/api/v1/downtime/1040582151
    method: GET
  response:
    body: '{"recurrence":null,"end":1735765200,"monitor_tags":["*"],"child_id":null,"canceled":1605875969,"monitor_id":null,"org_id":321813,"disabled":true,"start":1735707600,"creator_id":1445416,"parent_id":null,"timezone":"UTC","active":false,"scope":["host:NoRecurrence"],"message":"tf-TestAccDatadogDowntime_BasicNoRecurrence-local-1605875964","downtime_type":1,"id":1040582151,"updater_id":1445416}'
    headers:
      Cache-Control:
      - no-cache
      Connection:
      - keep-alive
      Content-Security-Policy:
      - frame-ancestors 'self'; report-uri https://api.datadoghq.com/csp-report
      Content-Type:
      - application/json
      Date:
      - Fri, 20 Nov 2020 12:39:29 GMT
      Dd-Pool:
      - dogweb
      Pragma:
      - no-cache
      Set-Cookie:
      - DD-PSHARD=233; Max-Age=604800; Path=/; expires=Fri, 27-Nov-2020 12:39:29 GMT;
        secure; HttpOnly
      Strict-Transport-Security:
      - max-age=15724800;
      Vary:
      - Accept-Encoding
      X-Content-Type-Options:
      - nosniff
      X-Dd-Debug:
      - dkPC7h1IhtieQ7hDwGKZ3LdM53Z2+XQ6pWT/sK6/v5L2qKrddV2g+eVtGbkN4F8/
      X-Dd-Version:
      - "35.3405681"
      X-Frame-Options:
      - SAMEORIGIN
    status: 200 OK
    code: 200
    duration: ""
