---
version: 1
interactions:
- request:
    body: |
      {"description":"Created using the Datadog provider in Terraform","id":"","is_read_only":true,"layout_type":"free","notify_list":[],"template_variable_presets":[],"template_variables":[],"title":"tf-TestAccDatadogDashboardManageStatusDeprecated-local-1611249309","widgets":[{"definition":{"color_preference":"background","count":50,"display_format":"countsAndList","hide_zero_counts":true,"query":"env:prod group_status:alert","show_last_triggered":true,"sort":"triggered,desc","start":0,"summary_type":"combined","title_align":"center","title_size":"20","type":"manage_status"},"layout":{"height":43,"width":32,"x":5,"y":5}}]}
    form: {}
    headers:
      Accept:
      - application/json
      Content-Type:
      - application/json
      Dd-Operation-Id:
      - CreateDashboard
      User-Agent:
      - terraform-provider-datadog/dev (terraform 1.15.0; terraform-cli 0.12.7-sdk)
        datadog-api-client-go/1.0.0-beta.14 (go go1.15.4; os darwin; arch amd64)
      X-Datadog-Parent-Id:
      - "2896328387073564532"
      X-Datadog-Sampling-Priority:
      - "1"
      X-Datadog-Trace-Id:
      - "6439317585981861584"
    url: https://api.datadoghq.com/api/v1/dashboard
    method: POST
  response:
    body: '{"notify_list":[],"description":"Created using the Datadog provider in
      Terraform","author_name":null,"template_variable_presets":[],"template_variables":[],"is_read_only":true,"id":"yhp-x43-htb","title":"tf-TestAccDatadogDashboardManageStatusDeprecated-local-1611249309","url":"/dashboard/yhp-x43-htb/tf-testaccdatadogdashboardmanagestatusdeprecated-local-1611249309","created_at":"2021-01-21T17:32:45.908759+00:00","modified_at":"2021-01-21T17:32:45.908759+00:00","author_handle":"frog@datadoghq.com","widgets":[{"definition":{"count":50,"sort":"triggered,desc","title_size":"20","title_align":"center","hide_zero_counts":true,"start":0,"summary_type":"combined","color_preference":"background","query":"env:prod
      group_status:alert","show_last_triggered":true,"type":"manage_status","display_format":"countsAndList"},"layout":{"y":5,"width":32,"x":5,"height":43},"id":2888655176262042}],"layout_type":"free"}'
    headers:
      Cache-Control:
      - no-cache
      Connection:
      - keep-alive
      Content-Security-Policy:
      - frame-ancestors 'self'; report-uri https://api.datadoghq.com/csp-report
      Content-Type:
      - application/json
      Date:
      - Thu, 21 Jan 2021 17:32:48 GMT
      Pragma:
      - no-cache
      Set-Cookie:
      - DD-PSHARD=233; Max-Age=604800; Path=/; expires=Thu, 28-Jan-2021 17:32:45 GMT;
        secure; HttpOnly
      Strict-Transport-Security:
      - max-age=15724800;
      Vary:
      - Accept-Encoding
      X-Content-Type-Options:
      - nosniff
      X-Dd-Debug:
      - dPySkcOzIZtKyMKDAAzuysY3gNGGj6RtYogGuSb76E8mPvoqzREyRp6lPYm91hQU
      X-Dd-Version:
      - "35.3748439"
      X-Frame-Options:
      - SAMEORIGIN
    status: 200 OK
    code: 200
    duration: ""
- request:
    body: ""
    form: {}
    headers:
      Accept:
      - application/json
      Dd-Operation-Id:
      - GetDashboard
      User-Agent:
      - terraform-provider-datadog/dev (terraform 1.15.0; terraform-cli 0.12.7-sdk)
        datadog-api-client-go/1.0.0-beta.14 (go go1.15.4; os darwin; arch amd64)
      X-Datadog-Parent-Id:
      - "3934624011648181634"
      X-Datadog-Sampling-Priority:
      - "1"
      X-Datadog-Trace-Id:
      - "6439317585981861584"
    url: https://api.datadoghq.com/api/v1/dashboard/yhp-x43-htb
    method: GET
  response:
    body: '{"notify_list":[],"description":"Created using the Datadog provider in
      Terraform","author_name":null,"template_variable_presets":[],"template_variables":[],"is_read_only":true,"id":"yhp-x43-htb","title":"tf-TestAccDatadogDashboardManageStatusDeprecated-local-1611249309","url":"/dashboard/yhp-x43-htb/tf-testaccdatadogdashboardmanagestatusdeprecated-local-1611249309","created_at":"2021-01-21T17:32:45.908759+00:00","modified_at":"2021-01-21T17:32:45.908759+00:00","author_handle":"frog@datadoghq.com","widgets":[{"definition":{"count":50,"sort":"triggered,desc","title_size":"20","title_align":"center","hide_zero_counts":true,"start":0,"summary_type":"combined","color_preference":"background","query":"env:prod
      group_status:alert","show_last_triggered":true,"type":"manage_status","display_format":"countsAndList"},"layout":{"y":5,"width":32,"x":5,"height":43},"id":2888655176262042}],"layout_type":"free"}'
    headers:
      Cache-Control:
      - no-cache
      Connection:
      - keep-alive
      Content-Security-Policy:
      - frame-ancestors 'self'; report-uri https://api.datadoghq.com/csp-report
      Content-Type:
      - application/json
      Date:
      - Thu, 21 Jan 2021 17:32:49 GMT
      Pragma:
      - no-cache
      Set-Cookie:
      - DD-PSHARD=233; Max-Age=604800; Path=/; expires=Thu, 28-Jan-2021 17:32:49 GMT;
        secure; HttpOnly
      Strict-Transport-Security:
      - max-age=15724800;
      Vary:
      - Accept-Encoding
      X-Content-Type-Options:
      - nosniff
      X-Dd-Debug:
      - LcgNasIYBRkNppmD6mCKE9J6iv0eEjosuuHR5V5zw2fWbR54i39C8dhdK8zDq/40
      X-Dd-Version:
      - "35.3748439"
      X-Frame-Options:
      - SAMEORIGIN
    status: 200 OK
    code: 200
    duration: ""
- request:
    body: ""
    form: {}
    headers:
      Accept:
      - application/json
      Dd-Operation-Id:
      - GetDashboard
      User-Agent:
      - terraform-provider-datadog/dev (terraform 1.15.0; terraform-cli 0.12.7-sdk)
        datadog-api-client-go/1.0.0-beta.14 (go go1.15.4; os darwin; arch amd64)
      X-Datadog-Parent-Id:
      - "6700152326362446014"
      X-Datadog-Sampling-Priority:
      - "1"
      X-Datadog-Trace-Id:
      - "6439317585981861584"
    url: https://api.datadoghq.com/api/v1/dashboard/yhp-x43-htb
    method: GET
  response:
    body: '{"notify_list":[],"description":"Created using the Datadog provider in
      Terraform","author_name":null,"template_variable_presets":[],"template_variables":[],"is_read_only":true,"id":"yhp-x43-htb","title":"tf-TestAccDatadogDashboardManageStatusDeprecated-local-1611249309","url":"/dashboard/yhp-x43-htb/tf-testaccdatadogdashboardmanagestatusdeprecated-local-1611249309","created_at":"2021-01-21T17:32:45.908759+00:00","modified_at":"2021-01-21T17:32:45.908759+00:00","author_handle":"frog@datadoghq.com","widgets":[{"definition":{"count":50,"sort":"triggered,desc","title_size":"20","title_align":"center","hide_zero_counts":true,"start":0,"summary_type":"combined","color_preference":"background","query":"env:prod
      group_status:alert","show_last_triggered":true,"type":"manage_status","display_format":"countsAndList"},"layout":{"y":5,"width":32,"x":5,"height":43},"id":2888655176262042}],"layout_type":"free"}'
    headers:
      Cache-Control:
      - no-cache
      Connection:
      - keep-alive
      Content-Security-Policy:
      - frame-ancestors 'self'; report-uri https://api.datadoghq.com/csp-report
      Content-Type:
      - application/json
      Date:
      - Thu, 21 Jan 2021 17:32:51 GMT
      Pragma:
      - no-cache
      Set-Cookie:
      - DD-PSHARD=233; Max-Age=604800; Path=/; expires=Thu, 28-Jan-2021 17:32:51 GMT;
        secure; HttpOnly
      Strict-Transport-Security:
      - max-age=15724800;
      Vary:
      - Accept-Encoding
      X-Content-Type-Options:
      - nosniff
      X-Dd-Debug:
      - /L+SFFO+m1pPY+hRCpk5325fvfrNl0KmiquUNJolBN/5hu3HIwflqjZSbJ6NxDFG
      X-Dd-Version:
      - "35.3748439"
      X-Frame-Options:
      - SAMEORIGIN
    status: 200 OK
    code: 200
    duration: ""
- request:
    body: ""
    form: {}
    headers:
      Accept:
      - application/json
      Dd-Operation-Id:
      - GetDashboard
      User-Agent:
      - terraform-provider-datadog/dev (terraform 1.15.0; terraform-cli 0.12.7-sdk)
        datadog-api-client-go/1.0.0-beta.14 (go go1.15.4; os darwin; arch amd64)
      X-Datadog-Parent-Id:
      - "974949278874850087"
      X-Datadog-Sampling-Priority:
      - "1"
      X-Datadog-Trace-Id:
      - "6439317585981861584"
    url: https://api.datadoghq.com/api/v1/dashboard/yhp-x43-htb
    method: GET
  response:
    body: '{"notify_list":[],"description":"Created using the Datadog provider in
      Terraform","author_name":null,"template_variable_presets":[],"template_variables":[],"is_read_only":true,"id":"yhp-x43-htb","title":"tf-TestAccDatadogDashboardManageStatusDeprecated-local-1611249309","url":"/dashboard/yhp-x43-htb/tf-testaccdatadogdashboardmanagestatusdeprecated-local-1611249309","created_at":"2021-01-21T17:32:45.908759+00:00","modified_at":"2021-01-21T17:32:45.908759+00:00","author_handle":"frog@datadoghq.com","widgets":[{"definition":{"count":50,"sort":"triggered,desc","title_size":"20","title_align":"center","hide_zero_counts":true,"start":0,"summary_type":"combined","color_preference":"background","query":"env:prod
      group_status:alert","show_last_triggered":true,"type":"manage_status","display_format":"countsAndList"},"layout":{"y":5,"width":32,"x":5,"height":43},"id":2888655176262042}],"layout_type":"free"}'
    headers:
      Cache-Control:
      - no-cache
      Connection:
      - keep-alive
      Content-Security-Policy:
      - frame-ancestors 'self'; report-uri https://api.datadoghq.com/csp-report
      Content-Type:
      - application/json
      Date:
      - Thu, 21 Jan 2021 17:33:05 GMT
      Pragma:
      - no-cache
      Set-Cookie:
      - DD-PSHARD=233; Max-Age=604800; Path=/; expires=Thu, 28-Jan-2021 17:33:05 GMT;
        secure; HttpOnly
      Strict-Transport-Security:
      - max-age=15724800;
      Vary:
      - Accept-Encoding
      X-Content-Type-Options:
      - nosniff
      X-Dd-Debug:
      - F5gm0Rce1/Abr9/0Fw8HAqWfiz0FdiH8er/AXnN6lOn3L6KyGgbsLCwgPlob1No8
      X-Dd-Version:
      - "35.3748439"
      X-Frame-Options:
      - SAMEORIGIN
    status: 200 OK
    code: 200
    duration: ""
- request:
    body: ""
    form: {}
    headers:
      Accept:
      - application/json
      Dd-Operation-Id:
      - GetDashboard
      User-Agent:
      - terraform-provider-datadog/dev (terraform 1.15.0; terraform-cli 0.12.7-sdk)
        datadog-api-client-go/1.0.0-beta.14 (go go1.15.4; os darwin; arch amd64)
      X-Datadog-Parent-Id:
      - "7605447056158979482"
      X-Datadog-Sampling-Priority:
      - "1"
      X-Datadog-Trace-Id:
      - "6439317585981861584"
    url: https://api.datadoghq.com/api/v1/dashboard/yhp-x43-htb
    method: GET
  response:
    body: '{"notify_list":[],"description":"Created using the Datadog provider in
      Terraform","author_name":null,"template_variable_presets":[],"template_variables":[],"is_read_only":true,"id":"yhp-x43-htb","title":"tf-TestAccDatadogDashboardManageStatusDeprecated-local-1611249309","url":"/dashboard/yhp-x43-htb/tf-testaccdatadogdashboardmanagestatusdeprecated-local-1611249309","created_at":"2021-01-21T17:32:45.908759+00:00","modified_at":"2021-01-21T17:32:45.908759+00:00","author_handle":"frog@datadoghq.com","widgets":[{"definition":{"count":50,"sort":"triggered,desc","title_size":"20","title_align":"center","hide_zero_counts":true,"start":0,"summary_type":"combined","color_preference":"background","query":"env:prod
      group_status:alert","show_last_triggered":true,"type":"manage_status","display_format":"countsAndList"},"layout":{"y":5,"width":32,"x":5,"height":43},"id":2888655176262042}],"layout_type":"free"}'
    headers:
      Cache-Control:
      - no-cache
      Connection:
      - keep-alive
      Content-Security-Policy:
      - frame-ancestors 'self'; report-uri https://api.datadoghq.com/csp-report
      Content-Type:
      - application/json
      Date:
      - Thu, 21 Jan 2021 17:33:23 GMT
      Pragma:
      - no-cache
      Set-Cookie:
      - DD-PSHARD=233; Max-Age=604800; Path=/; expires=Thu, 28-Jan-2021 17:33:23 GMT;
        secure; HttpOnly
      Strict-Transport-Security:
      - max-age=15724800;
      Vary:
      - Accept-Encoding
      X-Content-Type-Options:
      - nosniff
      X-Dd-Debug:
      - gYZcaADwbKcv7Hm19HJx6WsLoKuOijDWAt2viPeCfWqUgyKY+9e1xZdmMJeXV3YV
      X-Dd-Version:
      - "35.3748439"
      X-Frame-Options:
      - SAMEORIGIN
    status: 200 OK
    code: 200
    duration: ""
- request:
    body: ""
    form: {}
    headers:
      Accept:
      - application/json
      Dd-Operation-Id:
      - DeleteDashboard
      User-Agent:
      - terraform-provider-datadog/dev (terraform 1.15.0; terraform-cli 0.12.7-sdk)
        datadog-api-client-go/1.0.0-beta.14 (go go1.15.4; os darwin; arch amd64)
      X-Datadog-Parent-Id:
      - "4041008298214186242"
      X-Datadog-Sampling-Priority:
      - "1"
      X-Datadog-Trace-Id:
      - "6439317585981861584"
    url: https://api.datadoghq.com/api/v1/dashboard/yhp-x43-htb
    method: DELETE
  response:
    body: '{"deleted_dashboard_id":"yhp-x43-htb"}'
    headers:
      Cache-Control:
      - no-cache
      Connection:
      - keep-alive
      Content-Security-Policy:
      - frame-ancestors 'self'; report-uri https://api.datadoghq.com/csp-report
      Content-Type:
      - application/json
      Date:
      - Thu, 21 Jan 2021 17:33:33 GMT
      Pragma:
      - no-cache
      Set-Cookie:
      - DD-PSHARD=233; Max-Age=604800; Path=/; expires=Thu, 28-Jan-2021 17:33:33 GMT;
        secure; HttpOnly
      Strict-Transport-Security:
      - max-age=15724800;
      Vary:
      - Accept-Encoding
      X-Content-Type-Options:
      - nosniff
      X-Dd-Debug:
      - dPySkcOzIZtKyMKDAAzuysY3gNGGj6RtYogGuSb76E8mPvoqzREyRp6lPYm91hQU
      X-Dd-Version:
      - "35.3748439"
      X-Frame-Options:
      - SAMEORIGIN
    status: 200 OK
    code: 200
    duration: ""
- request:
    body: ""
    form: {}
    headers:
      Accept:
      - application/json
      Dd-Operation-Id:
      - GetDashboard
      User-Agent:
      - terraform-provider-datadog/dev (terraform 1.15.0; terraform-cli 0.12.7-sdk)
        datadog-api-client-go/1.0.0-beta.14 (go go1.15.4; os darwin; arch amd64)
      X-Datadog-Parent-Id:
      - "4879075888831467911"
      X-Datadog-Sampling-Priority:
      - "1"
      X-Datadog-Trace-Id:
      - "6439317585981861584"
    url: https://api.datadoghq.com/api/v1/dashboard/yhp-x43-htb
    method: GET
  response:
    body: '{"errors": ["Dashboard with ID yhp-x43-htb not found"]}'
    headers:
      Cache-Control:
      - no-cache
      Connection:
      - keep-alive
      Content-Security-Policy:
      - frame-ancestors 'self'; report-uri https://api.datadoghq.com/csp-report
      Content-Type:
      - application/json
      Date:
      - Thu, 21 Jan 2021 17:33:35 GMT
      Pragma:
      - no-cache
      Strict-Transport-Security:
      - max-age=15724800;
      Vary:
      - Accept-Encoding
      X-Content-Type-Options:
      - nosniff
      X-Dd-Version:
      - "35.3748439"
      X-Frame-Options:
      - SAMEORIGIN
    status: 404 Not Found
    code: 404
    duration: ""
