---
version: 1
interactions:
- request:
    body: '{"name":"name for synthetics test ssl","type":"api","subtype":"ssl","tags":["foo:bar","baz"],"config":{"request":{"host":"datadoghq.com","port":443},"assertions":[{"operator":"isInMoreThan","type":"certificate","target":30}]},"message":"Notify
      @datadog.user","options":{"tick_every":60,"accept_self_signed":true},"locations":["aws:eu-central-1"],"status":"paused"}'
    form: {}
    headers:
      Content-Type:
      - application/json
      User-Agent:
      - Datadog/dev/terraform (go1.13)
    url: https://api.datadoghq.com/api/v1/synthetics/tests
    method: POST
  response:
    body: '{"status":"paused","public_id":"zxp-q64-km7","tags":["foo:bar","baz"],"org_id":321813,"locations":["aws:eu-central-1"],"message":"Notify
      @datadog.user","deleted_at":null,"name":"name for synthetics test ssl","monitor_id":16291404,"type":"api","created_at":"2020-03-06T13:11:39.506883+00:00","modified_at":"2020-03-06T13:11:39.506883+00:00","subtype":"ssl","config":{"request":{"host":"datadoghq.com","port":443},"assertions":[{"operator":"isInMoreThan","type":"certificate","target":30}]},"options":{"accept_self_signed":true,"tick_every":60}}'
    headers:
      Cache-Control:
      - no-cache
      Connection:
      - keep-alive
      Content-Security-Policy:
      - frame-ancestors 'self'; report-uri https://api.datadoghq.com/csp-report
      Content-Type:
      - application/json
      Date:
      - Fri, 06 Mar 2020 13:11:39 GMT
      Dd-Pool:
      - dogweb
      Pragma:
      - no-cache
      Set-Cookie:
      - DD-PSHARD=233; Max-Age=604800; Path=/; expires=Fri, 13-Mar-2020 13:11:39 GMT;
        secure; HttpOnly
      Strict-Transport-Security:
      - max-age=15724800;
      Vary:
      - Accept-Encoding
      X-Content-Type-Options:
      - nosniff
      X-Dd-Debug:
      - HIunaScoW4AWw8tnSbk8zc5V6c9XLV6++/KbgzaC4HIb212+evjUYL1yRLeLtS2T
      X-Dd-Version:
      - "35.2249222"
      X-Frame-Options:
      - SAMEORIGIN
    status: 200 OK
    code: 200
    duration: ""
- request:
    body: ""
    form: {}
    headers:
      User-Agent:
      - Datadog/dev/terraform (go1.13)
    url: https://api.datadoghq.com/api/v1/synthetics/tests/zxp-q64-km7
    method: GET
  response:
    body: '{"status":"paused","public_id":"zxp-q64-km7","tags":["foo:bar","baz"],"locations":["aws:eu-central-1"],"message":"Notify
      @datadog.user","modified_by":{"email":"frog@datadoghq.com","handle":"frog@datadoghq.com","id":1445416,"name":null},"name":"name
      for synthetics test ssl","monitor_id":16291404,"type":"api","created_at":"2020-03-06T13:11:39.506883+00:00","modified_at":"2020-03-06T13:11:39.506883+00:00","created_by":{"email":"frog@datadoghq.com","handle":"frog@datadoghq.com","id":1445416,"name":null},"subtype":"ssl","config":{"request":{"host":"datadoghq.com","port":443},"assertions":[{"operator":"isInMoreThan","type":"certificate","target":30}]},"options":{"accept_self_signed":true,"tick_every":60}}'
    headers:
      Cache-Control:
      - no-cache
      Connection:
      - keep-alive
      Content-Security-Policy:
      - frame-ancestors 'self'; report-uri https://api.datadoghq.com/csp-report
      Content-Type:
      - application/json
      Date:
      - Fri, 06 Mar 2020 13:11:39 GMT
      Dd-Pool:
      - dogweb
      Pragma:
      - no-cache
      Set-Cookie:
      - DD-PSHARD=233; Max-Age=604800; Path=/; expires=Fri, 13-Mar-2020 13:11:39 GMT;
        secure; HttpOnly
      Strict-Transport-Security:
      - max-age=15724800;
      Vary:
      - Accept-Encoding
      X-Content-Type-Options:
      - nosniff
      X-Dd-Debug:
      - e8t0cvW5uVKXk1zUsTcAcDpqv28dgy+lCs/R2sCfbKW6stomFiq2a4ijzxRdPBn5
      X-Dd-Version:
      - "35.2249222"
      X-Frame-Options:
      - SAMEORIGIN
    status: 200 OK
    code: 200
    duration: ""
- request:
    body: ""
    form: {}
    headers:
      User-Agent:
      - Datadog/dev/terraform (go1.13)
    url: https://api.datadoghq.com/api/v1/synthetics/tests/zxp-q64-km7
    method: GET
  response:
    body: '{"status":"paused","public_id":"zxp-q64-km7","tags":["foo:bar","baz"],"locations":["aws:eu-central-1"],"message":"Notify
      @datadog.user","modified_by":{"email":"frog@datadoghq.com","handle":"frog@datadoghq.com","id":1445416,"name":null},"name":"name
      for synthetics test ssl","monitor_id":16291404,"type":"api","created_at":"2020-03-06T13:11:39.506883+00:00","modified_at":"2020-03-06T13:11:39.506883+00:00","created_by":{"email":"frog@datadoghq.com","handle":"frog@datadoghq.com","id":1445416,"name":null},"subtype":"ssl","config":{"request":{"host":"datadoghq.com","port":443},"assertions":[{"operator":"isInMoreThan","type":"certificate","target":30}]},"options":{"accept_self_signed":true,"tick_every":60}}'
    headers:
      Cache-Control:
      - no-cache
      Connection:
      - keep-alive
      Content-Security-Policy:
      - frame-ancestors 'self'; report-uri https://api.datadoghq.com/csp-report
      Content-Type:
      - application/json
      Date:
      - Fri, 06 Mar 2020 13:11:39 GMT
      Dd-Pool:
      - dogweb
      Pragma:
      - no-cache
      Set-Cookie:
      - DD-PSHARD=233; Max-Age=604800; Path=/; expires=Fri, 13-Mar-2020 13:11:39 GMT;
        secure; HttpOnly
      Strict-Transport-Security:
      - max-age=15724800;
      Vary:
      - Accept-Encoding
      X-Content-Type-Options:
      - nosniff
      X-Dd-Debug:
      - oiF9oLqSEnBWpAh9z89c+Ruy9xKAqrdZzQPjGsNOxlGQNWaw3sCTSoKaMkMdPunL
      X-Dd-Version:
      - "35.2249222"
      X-Frame-Options:
      - SAMEORIGIN
    status: 200 OK
    code: 200
    duration: ""
- request:
    body: ""
    form: {}
    headers:
      User-Agent:
      - Datadog/dev/terraform (go1.13)
    url: https://api.datadoghq.com/api/v1/synthetics/tests/zxp-q64-km7
    method: GET
  response:
    body: '{"status":"paused","public_id":"zxp-q64-km7","tags":["foo:bar","baz"],"locations":["aws:eu-central-1"],"message":"Notify
      @datadog.user","modified_by":{"email":"frog@datadoghq.com","handle":"frog@datadoghq.com","id":1445416,"name":null},"name":"name
      for synthetics test ssl","monitor_id":16291404,"type":"api","created_at":"2020-03-06T13:11:39.506883+00:00","modified_at":"2020-03-06T13:11:39.506883+00:00","created_by":{"email":"frog@datadoghq.com","handle":"frog@datadoghq.com","id":1445416,"name":null},"subtype":"ssl","config":{"request":{"host":"datadoghq.com","port":443},"assertions":[{"operator":"isInMoreThan","type":"certificate","target":30}]},"options":{"accept_self_signed":true,"tick_every":60}}'
    headers:
      Cache-Control:
      - no-cache
      Connection:
      - keep-alive
      Content-Security-Policy:
      - frame-ancestors 'self'; report-uri https://api.datadoghq.com/csp-report
      Content-Type:
      - application/json
      Date:
      - Fri, 06 Mar 2020 13:11:39 GMT
      Dd-Pool:
      - dogweb
      Pragma:
      - no-cache
      Set-Cookie:
      - DD-PSHARD=233; Max-Age=604800; Path=/; expires=Fri, 13-Mar-2020 13:11:39 GMT;
        secure; HttpOnly
      Strict-Transport-Security:
      - max-age=15724800;
      Vary:
      - Accept-Encoding
      X-Content-Type-Options:
      - nosniff
      X-Dd-Debug:
      - Wpac2a5DsHa/eqG3DjQhOxPXeBQRcLxZ18fT3wn3gFeruJMdJwvfZxTA9hAiHLHZ
      X-Dd-Version:
      - "35.2249222"
      X-Frame-Options:
      - SAMEORIGIN
    status: 200 OK
    code: 200
    duration: ""
- request:
    body: ""
    form: {}
    headers:
      User-Agent:
      - Datadog/dev/terraform (go1.13)
    url: https://api.datadoghq.com/api/v1/synthetics/tests/zxp-q64-km7
    method: GET
  response:
    body: '{"status":"paused","public_id":"zxp-q64-km7","tags":["foo:bar","baz"],"locations":["aws:eu-central-1"],"message":"Notify
      @datadog.user","modified_by":{"email":"frog@datadoghq.com","handle":"frog@datadoghq.com","id":1445416,"name":null},"name":"name
      for synthetics test ssl","monitor_id":16291404,"type":"api","created_at":"2020-03-06T13:11:39.506883+00:00","modified_at":"2020-03-06T13:11:39.506883+00:00","created_by":{"email":"frog@datadoghq.com","handle":"frog@datadoghq.com","id":1445416,"name":null},"subtype":"ssl","config":{"request":{"host":"datadoghq.com","port":443},"assertions":[{"operator":"isInMoreThan","type":"certificate","target":30}]},"options":{"accept_self_signed":true,"tick_every":60}}'
    headers:
      Cache-Control:
      - no-cache
      Connection:
      - keep-alive
      Content-Security-Policy:
      - frame-ancestors 'self'; report-uri https://api.datadoghq.com/csp-report
      Content-Type:
      - application/json
      Date:
      - Fri, 06 Mar 2020 13:11:40 GMT
      Dd-Pool:
      - dogweb
      Pragma:
      - no-cache
      Set-Cookie:
      - DD-PSHARD=233; Max-Age=604800; Path=/; expires=Fri, 13-Mar-2020 13:11:40 GMT;
        secure; HttpOnly
      Strict-Transport-Security:
      - max-age=15724800;
      Vary:
      - Accept-Encoding
      X-Content-Type-Options:
      - nosniff
      X-Dd-Debug:
      - KKQq2SiaDLpychKSp47ffvU6SRxUV+VzBWr187ESkULBuGOI+kREfb/2NCy8DAWC
      X-Dd-Version:
      - "35.2249222"
      X-Frame-Options:
      - SAMEORIGIN
    status: 200 OK
    code: 200
    duration: ""
- request:
    body: '{"name":"updated name","type":"api","subtype":"ssl","tags":["foo:bar","foo","env:test"],"config":{"request":{"host":"datadoghq.com","port":443},"assertions":[{"operator":"isInMoreThan","type":"certificate","target":60}]},"message":"Notify
      @pagerduty","options":{"tick_every":60,"accept_self_signed":false},"locations":["aws:eu-central-1"],"status":"live"}'
    form: {}
    headers:
      Content-Type:
      - application/json
      User-Agent:
      - Datadog/dev/terraform (go1.13)
    url: https://api.datadoghq.com/api/v1/synthetics/tests/zxp-q64-km7
    method: PUT
  response:
    body: '{"status":"live","public_id":"zxp-q64-km7","tags":["foo:bar","foo","env:test"],"org_id":321813,"locations":["aws:eu-central-1"],"message":"Notify
      @pagerduty","deleted_at":null,"name":"updated name","monitor_id":16291404,"type":"api","created_at":"2020-03-06T13:11:39.506883+00:00","modified_at":"2020-03-06T13:11:40.399024+00:00","subtype":"ssl","config":{"request":{"host":"datadoghq.com","port":443},"assertions":[{"operator":"isInMoreThan","type":"certificate","target":60}]},"options":{"accept_self_signed":false,"tick_every":60}}'
    headers:
      Cache-Control:
      - no-cache
      Connection:
      - keep-alive
      Content-Security-Policy:
      - frame-ancestors 'self'; report-uri https://api.datadoghq.com/csp-report
      Content-Type:
      - application/json
      Date:
      - Fri, 06 Mar 2020 13:11:40 GMT
      Dd-Pool:
      - dogweb
      Pragma:
      - no-cache
      Set-Cookie:
      - DD-PSHARD=233; Max-Age=604800; Path=/; expires=Fri, 13-Mar-2020 13:11:40 GMT;
        secure; HttpOnly
      Strict-Transport-Security:
      - max-age=15724800;
      Vary:
      - Accept-Encoding
      X-Content-Type-Options:
      - nosniff
      X-Dd-Debug:
      - Wpac2a5DsHa/eqG3DjQhOxPXeBQRcLxZ18fT3wn3gFeruJMdJwvfZxTA9hAiHLHZ
      X-Dd-Version:
      - "35.2249222"
      X-Frame-Options:
      - SAMEORIGIN
    status: 200 OK
    code: 200
    duration: ""
- request:
    body: ""
    form: {}
    headers:
      User-Agent:
      - Datadog/dev/terraform (go1.13)
    url: https://api.datadoghq.com/api/v1/synthetics/tests/zxp-q64-km7
    method: GET
  response:
    body: '{"status":"live","public_id":"zxp-q64-km7","tags":["foo:bar","foo","env:test"],"locations":["aws:eu-central-1"],"message":"Notify
      @pagerduty","modified_by":{"email":"frog@datadoghq.com","handle":"frog@datadoghq.com","id":1445416,"name":null},"name":"updated
      name","monitor_id":16291404,"type":"api","created_at":"2020-03-06T13:11:39.506883+00:00","modified_at":"2020-03-06T13:11:40.399024+00:00","created_by":{"email":"frog@datadoghq.com","handle":"frog@datadoghq.com","id":1445416,"name":null},"subtype":"ssl","config":{"request":{"host":"datadoghq.com","port":443},"assertions":[{"operator":"isInMoreThan","type":"certificate","target":60}]},"options":{"accept_self_signed":false,"tick_every":60}}'
    headers:
      Cache-Control:
      - no-cache
      Connection:
      - keep-alive
      Content-Security-Policy:
      - frame-ancestors 'self'; report-uri https://api.datadoghq.com/csp-report
      Content-Type:
      - application/json
      Date:
      - Fri, 06 Mar 2020 13:11:40 GMT
      Dd-Pool:
      - dogweb
      Pragma:
      - no-cache
      Set-Cookie:
      - DD-PSHARD=233; Max-Age=604800; Path=/; expires=Fri, 13-Mar-2020 13:11:40 GMT;
        secure; HttpOnly
      Strict-Transport-Security:
      - max-age=15724800;
      Vary:
      - Accept-Encoding
      X-Content-Type-Options:
      - nosniff
      X-Dd-Debug:
      - o8MFmk+4Ge4vq85ax+5C1nfQs0lbtaPPYZrpqzeG6IsYGNLGMu/G7PbJElpjPS5i
      X-Dd-Version:
      - "35.2249222"
      X-Frame-Options:
      - SAMEORIGIN
    status: 200 OK
    code: 200
    duration: ""
- request:
    body: ""
    form: {}
    headers:
      User-Agent:
      - Datadog/dev/terraform (go1.13)
    url: https://api.datadoghq.com/api/v1/synthetics/tests/zxp-q64-km7
    method: GET
  response:
    body: '{"status":"live","public_id":"zxp-q64-km7","tags":["foo:bar","foo","env:test"],"locations":["aws:eu-central-1"],"message":"Notify
      @pagerduty","modified_by":{"email":"frog@datadoghq.com","handle":"frog@datadoghq.com","id":1445416,"name":null},"name":"updated
      name","monitor_id":16291404,"type":"api","created_at":"2020-03-06T13:11:39.506883+00:00","modified_at":"2020-03-06T13:11:40.399024+00:00","created_by":{"email":"frog@datadoghq.com","handle":"frog@datadoghq.com","id":1445416,"name":null},"subtype":"ssl","config":{"request":{"host":"datadoghq.com","port":443},"assertions":[{"operator":"isInMoreThan","type":"certificate","target":60}]},"options":{"accept_self_signed":false,"tick_every":60}}'
    headers:
      Cache-Control:
      - no-cache
      Connection:
      - keep-alive
      Content-Security-Policy:
      - frame-ancestors 'self'; report-uri https://api.datadoghq.com/csp-report
      Content-Type:
      - application/json
      Date:
      - Fri, 06 Mar 2020 13:11:40 GMT
      Dd-Pool:
      - dogweb
      Pragma:
      - no-cache
      Set-Cookie:
      - DD-PSHARD=233; Max-Age=604800; Path=/; expires=Fri, 13-Mar-2020 13:11:40 GMT;
        secure; HttpOnly
      Strict-Transport-Security:
      - max-age=15724800;
      Vary:
      - Accept-Encoding
      X-Content-Type-Options:
      - nosniff
      X-Dd-Debug:
      - UH1aMdrlnlnaxy/K+HUi5QUN2T0FBtGPSUC8sLrviqCK1XXfgHsSO5DneAd5J+6F
      X-Dd-Version:
      - "35.2249222"
      X-Frame-Options:
      - SAMEORIGIN
    status: 200 OK
    code: 200
    duration: ""
- request:
    body: ""
    form: {}
    headers:
      User-Agent:
      - Datadog/dev/terraform (go1.13)
    url: https://api.datadoghq.com/api/v1/synthetics/tests/zxp-q64-km7
    method: GET
  response:
    body: '{"status":"live","public_id":"zxp-q64-km7","tags":["foo:bar","foo","env:test"],"locations":["aws:eu-central-1"],"message":"Notify
      @pagerduty","modified_by":{"email":"frog@datadoghq.com","handle":"frog@datadoghq.com","id":1445416,"name":null},"name":"updated
      name","monitor_id":16291404,"type":"api","created_at":"2020-03-06T13:11:39.506883+00:00","modified_at":"2020-03-06T13:11:40.399024+00:00","created_by":{"email":"frog@datadoghq.com","handle":"frog@datadoghq.com","id":1445416,"name":null},"subtype":"ssl","config":{"request":{"host":"datadoghq.com","port":443},"assertions":[{"operator":"isInMoreThan","type":"certificate","target":60}]},"options":{"accept_self_signed":false,"tick_every":60}}'
    headers:
      Cache-Control:
      - no-cache
      Connection:
      - keep-alive
      Content-Security-Policy:
      - frame-ancestors 'self'; report-uri https://api.datadoghq.com/csp-report
      Content-Type:
      - application/json
      Date:
      - Fri, 06 Mar 2020 13:11:40 GMT
      Dd-Pool:
      - dogweb
      Pragma:
      - no-cache
      Set-Cookie:
      - DD-PSHARD=233; Max-Age=604800; Path=/; expires=Fri, 13-Mar-2020 13:11:40 GMT;
        secure; HttpOnly
      Strict-Transport-Security:
      - max-age=15724800;
      Vary:
      - Accept-Encoding
      X-Content-Type-Options:
      - nosniff
      X-Dd-Debug:
      - u2B27rQjtu8TuEjzrroc8ae3xeJMLmsxU6SiAszW1tH+EI3X0cOP819eGNRqlxzl
      X-Dd-Version:
      - "35.2249222"
      X-Frame-Options:
      - SAMEORIGIN
    status: 200 OK
    code: 200
    duration: ""
- request:
    body: ""
    form: {}
    headers:
      User-Agent:
      - Datadog/dev/terraform (go1.13)
    url: https://api.datadoghq.com/api/v1/synthetics/tests/zxp-q64-km7
    method: GET
  response:
    body: '{"status":"live","public_id":"zxp-q64-km7","tags":["foo:bar","foo","env:test"],"locations":["aws:eu-central-1"],"message":"Notify
      @pagerduty","modified_by":{"email":"frog@datadoghq.com","handle":"frog@datadoghq.com","id":1445416,"name":null},"name":"updated
      name","monitor_id":16291404,"type":"api","created_at":"2020-03-06T13:11:39.506883+00:00","modified_at":"2020-03-06T13:11:40.399024+00:00","created_by":{"email":"frog@datadoghq.com","handle":"frog@datadoghq.com","id":1445416,"name":null},"subtype":"ssl","config":{"request":{"host":"datadoghq.com","port":443},"assertions":[{"operator":"isInMoreThan","type":"certificate","target":60}]},"options":{"accept_self_signed":false,"tick_every":60}}'
    headers:
      Cache-Control:
      - no-cache
      Connection:
      - keep-alive
      Content-Security-Policy:
      - frame-ancestors 'self'; report-uri https://api.datadoghq.com/csp-report
      Content-Type:
      - application/json
      Date:
      - Fri, 06 Mar 2020 13:11:41 GMT
      Dd-Pool:
      - dogweb
      Pragma:
      - no-cache
      Set-Cookie:
      - DD-PSHARD=233; Max-Age=604800; Path=/; expires=Fri, 13-Mar-2020 13:11:41 GMT;
        secure; HttpOnly
      Strict-Transport-Security:
      - max-age=15724800;
      Vary:
      - Accept-Encoding
      X-Content-Type-Options:
      - nosniff
      X-Dd-Debug:
      - rK52fEhHKxisnKo2rembr3YValr4L+BG6/8tD9iNDc8Prg2mnV6DynBkS75++wh/
      X-Dd-Version:
      - "35.2249222"
      X-Frame-Options:
      - SAMEORIGIN
    status: 200 OK
    code: 200
    duration: ""
- request:
    body: '{"public_ids":["zxp-q64-km7"]}'
    form: {}
    headers:
      Content-Type:
      - application/json
      User-Agent:
      - Datadog/dev/terraform (go1.13)
    url: https://api.datadoghq.com/api/v1/synthetics/tests/delete
    method: POST
  response:
    body: '{"deleted_tests":[{"deleted_at":"2020-03-06T13:11:41.239747+00:00","public_id":"zxp-q64-km7"}]}'
    headers:
      Cache-Control:
      - no-cache
      Connection:
      - keep-alive
      Content-Security-Policy:
      - frame-ancestors 'self'; report-uri https://api.datadoghq.com/csp-report
      Content-Type:
      - application/json
      Date:
      - Fri, 06 Mar 2020 13:11:41 GMT
      Dd-Pool:
      - dogweb
      Pragma:
      - no-cache
      Set-Cookie:
      - DD-PSHARD=233; Max-Age=604800; Path=/; expires=Fri, 13-Mar-2020 13:11:41 GMT;
        secure; HttpOnly
      Strict-Transport-Security:
      - max-age=15724800;
      Vary:
      - Accept-Encoding
      X-Content-Type-Options:
      - nosniff
      X-Dd-Debug:
      - ucJMu0SEwqvJ36fqkYRsP+glKObktTtdBf6X17lKXJ4+xOn7nFKnx11beu1ycofn
      X-Dd-Version:
      - "35.2249222"
      X-Frame-Options:
      - SAMEORIGIN
    status: 200 OK
    code: 200
    duration: ""
- request:
    body: ""
    form: {}
    headers:
      User-Agent:
      - Datadog/dev/terraform (go1.13)
    url: https://api.datadoghq.com/api/v1/synthetics/tests/zxp-q64-km7
    method: GET
  response:
    body: '{"errors": ["Synthetics test not found"]}'
    headers:
      Cache-Control:
      - no-cache
      Connection:
      - keep-alive
      Content-Security-Policy:
      - frame-ancestors 'self'; report-uri https://api.datadoghq.com/csp-report
      Content-Type:
      - application/json
      Date:
      - Fri, 06 Mar 2020 13:11:41 GMT
      Dd-Pool:
      - dogweb
      Pragma:
      - no-cache
      Strict-Transport-Security:
      - max-age=15724800;
      Vary:
      - Accept-Encoding
      X-Content-Type-Options:
      - nosniff
      X-Dd-Version:
      - "35.2249222"
      X-Frame-Options:
      - SAMEORIGIN
    status: 404 Not Found
    code: 404
    duration: ""
