---
version: 1
interactions:
- request:
    body: |
      {"description":"Created using the Datadog provider in Terraform","id":"","is_read_only":true,"layout_type":"free","notify_list":[],"template_variable_presets":[],"template_variables":[],"title":"tf-TestAccDatadogDashboardIFrame-local-1602487053","widgets":[{"definition":{"type":"iframe","url":"https://en.wikipedia.org/wiki/Datadog"},"layout":{"height":43,"width":32,"x":5,"y":5}}]}
    form: {}
    headers:
      Accept:
      - application/json
      Content-Type:
      - application/json
      Dd-Operation-Id:
      - CreateDashboard
      User-Agent:
      - terraform-provider-datadog/dev (terraform 1.15.0; terraform-cli 0.12.7-sdk)
        datadog-api-client-go/1.0.0-beta.9+dev (go go1.15.2; os darwin; arch amd64)
      X-Datadog-Parent-Id:
      - "6279357023733637887"
      X-Datadog-Sampling-Priority:
      - "1"
      X-Datadog-Trace-Id:
      - "7662224422078414655"
    url: https://api.datadoghq.com/api/v1/dashboard
    method: POST
  response:
    body: '{"notify_list":[],"description":"Created using the Datadog provider in
      Terraform","author_name":null,"template_variable_presets":[],"template_variables":[],"is_read_only":true,"id":"bdn-mww-fna","title":"tf-TestAccDatadogDashboardIFrame-local-1602487053","url":"/dashboard/bdn-mww-fna/tf-testaccdatadogdashboardiframe-local-1602487053","created_at":"2020-10-12T07:23:48.805914+00:00","modified_at":"2020-10-12T07:23:48.805914+00:00","author_handle":"frog@datadoghq.com","widgets":[{"definition":{"url":"https://en.wikipedia.org/wiki/Datadog","type":"iframe"},"layout":{"y":5,"width":32,"x":5,"height":43},"id":4501271780099002}],"layout_type":"free"}'
    headers:
      Cache-Control:
      - no-cache
      Connection:
      - keep-alive
      Content-Security-Policy:
      - frame-ancestors 'self'; report-uri https://api.datadoghq.com/csp-report
      Content-Type:
      - application/json
      Date:
      - Mon, 12 Oct 2020 07:23:48 GMT
      Dd-Pool:
      - dogweb
      Pragma:
      - no-cache
      Set-Cookie:
      - DD-PSHARD=233; Max-Age=604800; Path=/; expires=Mon, 19-Oct-2020 07:23:48 GMT;
        secure; HttpOnly
      Strict-Transport-Security:
      - max-age=15724800;
      Vary:
      - Accept-Encoding
      X-Content-Type-Options:
      - nosniff
      X-Dd-Debug:
      - RCObiQ2dtM/JQUOdAbTQmIrpsZR5eT9bZEwE14hAfjq3x8DBTBCy/8ina/nQCRGE
      X-Dd-Version:
      - "35.3178388"
      X-Frame-Options:
      - SAMEORIGIN
    status: 200 OK
    code: 200
    duration: ""
- request:
    body: ""
    form: {}
    headers:
      Accept:
      - application/json
      Dd-Operation-Id:
      - GetDashboard
      User-Agent:
      - terraform-provider-datadog/dev (terraform 1.15.0; terraform-cli 0.12.7-sdk)
        datadog-api-client-go/1.0.0-beta.9+dev (go go1.15.2; os darwin; arch amd64)
      X-Datadog-Parent-Id:
      - "4590284585585180318"
      X-Datadog-Sampling-Priority:
      - "1"
      X-Datadog-Trace-Id:
      - "7662224422078414655"
    url: https://api.datadoghq.com/api/v1/dashboard/bdn-mww-fna
    method: GET
  response:
    body: '{"notify_list":[],"description":"Created using the Datadog provider in
      Terraform","author_name":null,"template_variable_presets":[],"template_variables":[],"is_read_only":true,"id":"bdn-mww-fna","title":"tf-TestAccDatadogDashboardIFrame-local-1602487053","url":"/dashboard/bdn-mww-fna/tf-testaccdatadogdashboardiframe-local-1602487053","created_at":"2020-10-12T07:23:48.805914+00:00","modified_at":"2020-10-12T07:23:48.805914+00:00","author_handle":"frog@datadoghq.com","widgets":[{"definition":{"url":"https://en.wikipedia.org/wiki/Datadog","type":"iframe"},"layout":{"y":5,"width":32,"x":5,"height":43},"id":4501271780099002}],"layout_type":"free"}'
    headers:
      Cache-Control:
      - no-cache
      Connection:
      - keep-alive
      Content-Security-Policy:
      - frame-ancestors 'self'; report-uri https://api.datadoghq.com/csp-report
      Content-Type:
      - application/json
      Date:
      - Mon, 12 Oct 2020 07:23:49 GMT
      Dd-Pool:
      - dogweb
      Pragma:
      - no-cache
      Set-Cookie:
      - DD-PSHARD=233; Max-Age=604800; Path=/; expires=Mon, 19-Oct-2020 07:23:49 GMT;
        secure; HttpOnly
      Strict-Transport-Security:
      - max-age=15724800;
      Vary:
      - Accept-Encoding
      X-Content-Type-Options:
      - nosniff
      X-Dd-Debug:
      - 4zw1NnYiZt4wp0syhFEidO9Mcjc6rfPz6lIvXBSwWuplBSXLVyoWV6VIuyPxYSUD
      X-Dd-Version:
      - "35.3178388"
      X-Frame-Options:
      - SAMEORIGIN
    status: 200 OK
    code: 200
    duration: ""
- request:
    body: ""
    form: {}
    headers:
      Accept:
      - application/json
      Dd-Operation-Id:
      - GetDashboard
      User-Agent:
      - terraform-provider-datadog/dev (terraform 1.15.0; terraform-cli 0.12.7-sdk)
        datadog-api-client-go/1.0.0-beta.9+dev (go go1.15.2; os darwin; arch amd64)
      X-Datadog-Parent-Id:
      - "3390289171404176513"
      X-Datadog-Sampling-Priority:
      - "1"
      X-Datadog-Trace-Id:
      - "7662224422078414655"
    url: https://api.datadoghq.com/api/v1/dashboard/bdn-mww-fna
    method: GET
  response:
    body: '{"notify_list":[],"description":"Created using the Datadog provider in
      Terraform","author_name":null,"template_variable_presets":[],"template_variables":[],"is_read_only":true,"id":"bdn-mww-fna","title":"tf-TestAccDatadogDashboardIFrame-local-1602487053","url":"/dashboard/bdn-mww-fna/tf-testaccdatadogdashboardiframe-local-1602487053","created_at":"2020-10-12T07:23:48.805914+00:00","modified_at":"2020-10-12T07:23:48.805914+00:00","author_handle":"frog@datadoghq.com","widgets":[{"definition":{"url":"https://en.wikipedia.org/wiki/Datadog","type":"iframe"},"layout":{"y":5,"width":32,"x":5,"height":43},"id":4501271780099002}],"layout_type":"free"}'
    headers:
      Cache-Control:
      - no-cache
      Connection:
      - keep-alive
      Content-Security-Policy:
      - frame-ancestors 'self'; report-uri https://api.datadoghq.com/csp-report
      Content-Type:
      - application/json
      Date:
      - Mon, 12 Oct 2020 07:23:49 GMT
      Dd-Pool:
      - dogweb
      Pragma:
      - no-cache
      Set-Cookie:
      - DD-PSHARD=233; Max-Age=604800; Path=/; expires=Mon, 19-Oct-2020 07:23:49 GMT;
        secure; HttpOnly
      Strict-Transport-Security:
      - max-age=15724800;
      Vary:
      - Accept-Encoding
      X-Content-Type-Options:
      - nosniff
      X-Dd-Debug:
      - iGG1BKNRTmPfZ6ji2H3Z/xn9c4eIM8cOugS+JJDlp5xOVDa6tvCgtO3MGJFoLiiG
      X-Dd-Version:
      - "35.3178388"
      X-Frame-Options:
      - SAMEORIGIN
    status: 200 OK
    code: 200
    duration: ""
- request:
    body: ""
    form: {}
    headers:
      Accept:
      - application/json
      Dd-Operation-Id:
      - GetDashboard
      User-Agent:
      - terraform-provider-datadog/dev (terraform 1.15.0; terraform-cli 0.12.7-sdk)
        datadog-api-client-go/1.0.0-beta.9+dev (go go1.15.2; os darwin; arch amd64)
      X-Datadog-Parent-Id:
      - "1602223774373623690"
      X-Datadog-Sampling-Priority:
      - "1"
      X-Datadog-Trace-Id:
      - "7662224422078414655"
    url: https://api.datadoghq.com/api/v1/dashboard/bdn-mww-fna
    method: GET
  response:
    body: '{"notify_list":[],"description":"Created using the Datadog provider in
      Terraform","author_name":null,"template_variable_presets":[],"template_variables":[],"is_read_only":true,"id":"bdn-mww-fna","title":"tf-TestAccDatadogDashboardIFrame-local-1602487053","url":"/dashboard/bdn-mww-fna/tf-testaccdatadogdashboardiframe-local-1602487053","created_at":"2020-10-12T07:23:48.805914+00:00","modified_at":"2020-10-12T07:23:48.805914+00:00","author_handle":"frog@datadoghq.com","widgets":[{"definition":{"url":"https://en.wikipedia.org/wiki/Datadog","type":"iframe"},"layout":{"y":5,"width":32,"x":5,"height":43},"id":4501271780099002}],"layout_type":"free"}'
    headers:
      Cache-Control:
      - no-cache
      Connection:
      - keep-alive
      Content-Security-Policy:
      - frame-ancestors 'self'; report-uri https://api.datadoghq.com/csp-report
      Content-Type:
      - application/json
      Date:
      - Mon, 12 Oct 2020 07:23:52 GMT
      Dd-Pool:
      - dogweb
      Pragma:
      - no-cache
      Set-Cookie:
      - DD-PSHARD=233; Max-Age=604800; Path=/; expires=Mon, 19-Oct-2020 07:23:52 GMT;
        secure; HttpOnly
      Strict-Transport-Security:
      - max-age=15724800;
      Vary:
      - Accept-Encoding
      X-Content-Type-Options:
      - nosniff
      X-Dd-Debug:
      - 7ZZAowMV9z1Vr+0y/WbNkvcDUXbHQ7uNKkyZU3E6k00RqTwxh53CgITxXoDQsQqv
      X-Dd-Version:
      - "35.3178388"
      X-Frame-Options:
      - SAMEORIGIN
    status: 200 OK
    code: 200
    duration: ""
- request:
    body: ""
    form: {}
    headers:
      Accept:
      - application/json
      Dd-Operation-Id:
      - GetDashboard
      User-Agent:
      - terraform-provider-datadog/dev (terraform 1.15.0; terraform-cli 0.12.7-sdk)
        datadog-api-client-go/1.0.0-beta.9+dev (go go1.15.2; os darwin; arch amd64)
      X-Datadog-Parent-Id:
      - "8153278148504586409"
      X-Datadog-Sampling-Priority:
      - "1"
      X-Datadog-Trace-Id:
      - "7662224422078414655"
    url: https://api.datadoghq.com/api/v1/dashboard/bdn-mww-fna
    method: GET
  response:
    body: '{"notify_list":[],"description":"Created using the Datadog provider in
      Terraform","author_name":null,"template_variable_presets":[],"template_variables":[],"is_read_only":true,"id":"bdn-mww-fna","title":"tf-TestAccDatadogDashboardIFrame-local-1602487053","url":"/dashboard/bdn-mww-fna/tf-testaccdatadogdashboardiframe-local-1602487053","created_at":"2020-10-12T07:23:48.805914+00:00","modified_at":"2020-10-12T07:23:48.805914+00:00","author_handle":"frog@datadoghq.com","widgets":[{"definition":{"url":"https://en.wikipedia.org/wiki/Datadog","type":"iframe"},"layout":{"y":5,"width":32,"x":5,"height":43},"id":4501271780099002}],"layout_type":"free"}'
    headers:
      Cache-Control:
      - no-cache
      Connection:
      - keep-alive
      Content-Security-Policy:
      - frame-ancestors 'self'; report-uri https://api.datadoghq.com/csp-report
      Content-Type:
      - application/json
      Date:
      - Mon, 12 Oct 2020 07:23:53 GMT
      Dd-Pool:
      - dogweb
      Pragma:
      - no-cache
      Set-Cookie:
      - DD-PSHARD=233; Max-Age=604800; Path=/; expires=Mon, 19-Oct-2020 07:23:52 GMT;
        secure; HttpOnly
      Strict-Transport-Security:
      - max-age=15724800;
      Vary:
      - Accept-Encoding
      X-Content-Type-Options:
      - nosniff
      X-Dd-Debug:
      - AGh2z0D5UkBmrFSY8KEgwxlk+3zQrHHi5H3jTZYGf1x5LPiMFZSRYRPxDqFii9PS
      X-Dd-Version:
      - "35.3178388"
      X-Frame-Options:
      - SAMEORIGIN
    status: 200 OK
    code: 200
    duration: ""
- request:
    body: ""
    form: {}
    headers:
      Accept:
      - application/json
      Dd-Operation-Id:
      - GetDashboard
      User-Agent:
      - terraform-provider-datadog/dev (terraform 1.15.0; terraform-cli 0.12.7-sdk)
        datadog-api-client-go/1.0.0-beta.9+dev (go go1.15.2; os darwin; arch amd64)
      X-Datadog-Parent-Id:
      - "9009109030320539232"
      X-Datadog-Sampling-Priority:
      - "1"
      X-Datadog-Trace-Id:
      - "7662224422078414655"
    url: https://api.datadoghq.com/api/v1/dashboard/bdn-mww-fna
    method: GET
  response:
    body: '{"notify_list":[],"description":"Created using the Datadog provider in
      Terraform","author_name":null,"template_variable_presets":[],"template_variables":[],"is_read_only":true,"id":"bdn-mww-fna","title":"tf-TestAccDatadogDashboardIFrame-local-1602487053","url":"/dashboard/bdn-mww-fna/tf-testaccdatadogdashboardiframe-local-1602487053","created_at":"2020-10-12T07:23:48.805914+00:00","modified_at":"2020-10-12T07:23:48.805914+00:00","author_handle":"frog@datadoghq.com","widgets":[{"definition":{"url":"https://en.wikipedia.org/wiki/Datadog","type":"iframe"},"layout":{"y":5,"width":32,"x":5,"height":43},"id":4501271780099002}],"layout_type":"free"}'
    headers:
      Cache-Control:
      - no-cache
      Connection:
      - keep-alive
      Content-Security-Policy:
      - frame-ancestors 'self'; report-uri https://api.datadoghq.com/csp-report
      Content-Type:
      - application/json
      Date:
      - Mon, 12 Oct 2020 07:23:57 GMT
      Dd-Pool:
      - dogweb
      Pragma:
      - no-cache
      Set-Cookie:
      - DD-PSHARD=233; Max-Age=604800; Path=/; expires=Mon, 19-Oct-2020 07:23:57 GMT;
        secure; HttpOnly
      Strict-Transport-Security:
      - max-age=15724800;
      Vary:
      - Accept-Encoding
      X-Content-Type-Options:
      - nosniff
      X-Dd-Debug:
      - UiHAIpiIPiMTUiGNeR+rZVnFnmJkUm64kqWBQawJNSrsYAeselUV6xrARY3WHwv4
      X-Dd-Version:
      - "35.3178388"
      X-Frame-Options:
      - SAMEORIGIN
    status: 200 OK
    code: 200
    duration: ""
- request:
    body: ""
    form: {}
    headers:
      Accept:
      - application/json
      Dd-Operation-Id:
      - GetDashboard
      User-Agent:
      - terraform-provider-datadog/dev (terraform 1.15.0; terraform-cli 0.12.7-sdk)
        datadog-api-client-go/1.0.0-beta.9+dev (go go1.15.2; os darwin; arch amd64)
      X-Datadog-Parent-Id:
      - "1401422870432384653"
      X-Datadog-Sampling-Priority:
      - "1"
      X-Datadog-Trace-Id:
      - "7662224422078414655"
    url: https://api.datadoghq.com/api/v1/dashboard/bdn-mww-fna
    method: GET
  response:
    body: '{"notify_list":[],"description":"Created using the Datadog provider in
      Terraform","author_name":null,"template_variable_presets":[],"template_variables":[],"is_read_only":true,"id":"bdn-mww-fna","title":"tf-TestAccDatadogDashboardIFrame-local-1602487053","url":"/dashboard/bdn-mww-fna/tf-testaccdatadogdashboardiframe-local-1602487053","created_at":"2020-10-12T07:23:48.805914+00:00","modified_at":"2020-10-12T07:23:48.805914+00:00","author_handle":"frog@datadoghq.com","widgets":[{"definition":{"url":"https://en.wikipedia.org/wiki/Datadog","type":"iframe"},"layout":{"y":5,"width":32,"x":5,"height":43},"id":4501271780099002}],"layout_type":"free"}'
    headers:
      Cache-Control:
      - no-cache
      Connection:
      - keep-alive
      Content-Security-Policy:
      - frame-ancestors 'self'; report-uri https://api.datadoghq.com/csp-report
      Content-Type:
      - application/json
      Date:
      - Mon, 12 Oct 2020 07:23:57 GMT
      Dd-Pool:
      - dogweb
      Pragma:
      - no-cache
      Set-Cookie:
      - DD-PSHARD=233; Max-Age=604800; Path=/; expires=Mon, 19-Oct-2020 07:23:57 GMT;
        secure; HttpOnly
      Strict-Transport-Security:
      - max-age=15724800;
      Vary:
      - Accept-Encoding
      X-Content-Type-Options:
      - nosniff
      X-Dd-Debug:
      - LX0aORViMOQWB8T+VX1PN+m0Q/BWIGM8lAfgs+SVlDy/am6DTkPEsJ9PcP8Pvumm
      X-Dd-Version:
      - "35.3178388"
      X-Frame-Options:
      - SAMEORIGIN
    status: 200 OK
    code: 200
    duration: ""
- request:
    body: ""
    form: {}
    headers:
      Accept:
      - application/json
      Dd-Operation-Id:
      - DeleteDashboard
      User-Agent:
      - terraform-provider-datadog/dev (terraform 1.15.0; terraform-cli 0.12.7-sdk)
        datadog-api-client-go/1.0.0-beta.9+dev (go go1.15.2; os darwin; arch amd64)
      X-Datadog-Parent-Id:
      - "7991991762969900341"
      X-Datadog-Sampling-Priority:
      - "1"
      X-Datadog-Trace-Id:
      - "7662224422078414655"
    url: https://api.datadoghq.com/api/v1/dashboard/bdn-mww-fna
    method: DELETE
  response:
    body: '{"deleted_dashboard_id":"bdn-mww-fna"}'
    headers:
      Cache-Control:
      - no-cache
      Connection:
      - keep-alive
      Content-Security-Policy:
      - frame-ancestors 'self'; report-uri https://api.datadoghq.com/csp-report
      Content-Type:
      - application/json
      Date:
      - Mon, 12 Oct 2020 07:24:51 GMT
      Dd-Pool:
      - dogweb
      Pragma:
      - no-cache
      Set-Cookie:
      - DD-PSHARD=233; Max-Age=604800; Path=/; expires=Mon, 19-Oct-2020 07:23:59 GMT;
        secure; HttpOnly
      Strict-Transport-Security:
      - max-age=15724800;
      Vary:
      - Accept-Encoding
      X-Content-Type-Options:
      - nosniff
      X-Dd-Debug:
      - 2V6J6bfi8Lp+2UjnPdTvcW5IjbRGxJrhStYZW/ACt/za6xfDiK/Y5IuDyUadsRtA
      X-Dd-Version:
      - "35.3178388"
      X-Frame-Options:
      - SAMEORIGIN
    status: 200 OK
    code: 200
    duration: ""
- request:
    body: ""
    form: {}
    headers:
      Accept:
      - application/json
      Dd-Operation-Id:
      - GetDashboard
      User-Agent:
      - terraform-provider-datadog/dev (terraform 1.15.0; terraform-cli 0.12.7-sdk)
        datadog-api-client-go/1.0.0-beta.9+dev (go go1.15.2; os darwin; arch amd64)
      X-Datadog-Parent-Id:
      - "1922789534391151813"
      X-Datadog-Sampling-Priority:
      - "1"
      X-Datadog-Trace-Id:
      - "7662224422078414655"
    url: https://api.datadoghq.com/api/v1/dashboard/bdn-mww-fna
    method: GET
  response:
    body: '{"errors": ["Dashboard with ID bdn-mww-fna not found"]}'
    headers:
      Cache-Control:
      - no-cache
      Connection:
      - keep-alive
      Content-Security-Policy:
      - frame-ancestors 'self'; report-uri https://api.datadoghq.com/csp-report
      Content-Type:
      - application/json
      Date:
      - Mon, 12 Oct 2020 07:24:51 GMT
      Dd-Pool:
      - dogweb
      Pragma:
      - no-cache
      Strict-Transport-Security:
      - max-age=15724800;
      Vary:
      - Accept-Encoding
      X-Content-Type-Options:
      - nosniff
      X-Dd-Version:
      - "35.3178388"
      X-Frame-Options:
      - SAMEORIGIN
    status: 404 Not Found
    code: 404
    duration: ""
