---
version: 1
interactions:
- request:
    body: |
      {"description":"Created using the Datadog provider in Terraform","id":"","is_read_only":true,"layout_type":"free","notify_list":[],"template_variable_presets":[],"template_variables":[],"title":"tf-TestAccDatadogDashboardFreeText-local-1602246890","widgets":[{"definition":{"color":"#eb364b","font_size":"56","text":"Free Text","text_align":"left","type":"free_text"},"layout":{"height":43,"width":32,"x":5,"y":5}}]}
    form: {}
    headers:
      Accept:
      - application/json
      Content-Type:
      - application/json
      Dd-Operation-Id:
      - CreateDashboard
      User-Agent:
      - terraform-provider-datadog/dev (terraform 1.15.0; terraform-cli ) datadog-api-client-go/1.0.0-beta.9+dev
        (go go1.14.2; os darwin; arch amd64)
      X-Datadog-Parent-Id:
      - "8514959453810169046"
      X-Datadog-Sampling-Priority:
      - "1"
      X-Datadog-Trace-Id:
      - "8365042096704895203"
    url: https://api.datadoghq.com/api/v1/dashboard
    method: POST
  response:
    body: '{"notify_list":[],"description":"Created using the Datadog provider in
      Terraform","author_name":null,"template_variable_presets":[],"template_variables":[],"is_read_only":true,"id":"w3w-umc-tym","title":"tf-TestAccDatadogDashboardFreeText-local-1602246890","url":"/dashboard/w3w-umc-tym/tf-testaccdatadogdashboardfreetext-local-1602246890","created_at":"2020-10-09T12:36:14.798063+00:00","modified_at":"2020-10-09T12:36:14.798063+00:00","author_handle":"frog@datadoghq.com","widgets":[{"definition":{"color":"#eb364b","text":"Free
      Text","font_size":"56","text_align":"left","type":"free_text"},"layout":{"y":5,"width":32,"x":5,"height":43},"id":7742479841438433}],"layout_type":"free"}'
    headers:
      Cache-Control:
      - no-cache
      Connection:
      - keep-alive
      Content-Security-Policy:
      - frame-ancestors 'self'; report-uri https://api.datadoghq.com/csp-report
      Content-Type:
      - application/json
      Date:
      - Fri, 09 Oct 2020 12:36:14 GMT
      Dd-Pool:
      - dogweb
      Pragma:
      - no-cache
      Set-Cookie:
      - DD-PSHARD=233; Max-Age=604800; Path=/; expires=Fri, 16-Oct-2020 12:36:14 GMT;
        secure; HttpOnly
      Strict-Transport-Security:
      - max-age=15724800;
      Vary:
      - Accept-Encoding
      X-Content-Type-Options:
      - nosniff
      X-Dd-Debug:
      - WyPl7Uohyy2nhJ7RWrq85UM5TEMaIEIfRwQveR0xpNBygzZEP8S/qWubDM7SoNjW
      X-Dd-Version:
      - "35.3169891"
      X-Frame-Options:
      - SAMEORIGIN
    status: 200 OK
    code: 200
    duration: ""
- request:
    body: ""
    form: {}
    headers:
      Accept:
      - application/json
      Dd-Operation-Id:
      - GetDashboard
      User-Agent:
      - terraform-provider-datadog/dev (terraform 1.15.0; terraform-cli ) datadog-api-client-go/1.0.0-beta.9+dev
        (go go1.14.2; os darwin; arch amd64)
      X-Datadog-Parent-Id:
      - "8876113536105985974"
      X-Datadog-Sampling-Priority:
      - "1"
      X-Datadog-Trace-Id:
      - "8365042096704895203"
    url: https://api.datadoghq.com/api/v1/dashboard/w3w-umc-tym
    method: GET
  response:
    body: '{"notify_list":[],"description":"Created using the Datadog provider in
      Terraform","author_name":null,"template_variable_presets":[],"template_variables":[],"is_read_only":true,"id":"w3w-umc-tym","title":"tf-TestAccDatadogDashboardFreeText-local-1602246890","url":"/dashboard/w3w-umc-tym/tf-testaccdatadogdashboardfreetext-local-1602246890","created_at":"2020-10-09T12:36:14.798063+00:00","modified_at":"2020-10-09T12:36:14.798063+00:00","author_handle":"frog@datadoghq.com","widgets":[{"definition":{"color":"#eb364b","text":"Free
      Text","font_size":"56","text_align":"left","type":"free_text"},"layout":{"y":5,"width":32,"x":5,"height":43},"id":7742479841438433}],"layout_type":"free"}'
    headers:
      Cache-Control:
      - no-cache
      Connection:
      - keep-alive
      Content-Security-Policy:
      - frame-ancestors 'self'; report-uri https://api.datadoghq.com/csp-report
      Content-Type:
      - application/json
      Date:
      - Fri, 09 Oct 2020 12:36:15 GMT
      Dd-Pool:
      - dogweb
      Pragma:
      - no-cache
      Set-Cookie:
      - DD-PSHARD=233; Max-Age=604800; Path=/; expires=Fri, 16-Oct-2020 12:36:15 GMT;
        secure; HttpOnly
      Strict-Transport-Security:
      - max-age=15724800;
      Vary:
      - Accept-Encoding
      X-Content-Type-Options:
      - nosniff
      X-Dd-Debug:
      - d31ebXSBBNIfMRbwTUSeNjY3IxejCQxGK8GB7MdTMNs7w40n94in+BXmkLo5BsFJ
      X-Dd-Version:
      - "35.3169891"
      X-Frame-Options:
      - SAMEORIGIN
    status: 200 OK
    code: 200
    duration: ""
- request:
    body: ""
    form: {}
    headers:
      Accept:
      - application/json
      Dd-Operation-Id:
      - GetDashboard
      User-Agent:
      - terraform-provider-datadog/dev (terraform 1.15.0; terraform-cli ) datadog-api-client-go/1.0.0-beta.9+dev
        (go go1.14.2; os darwin; arch amd64)
      X-Datadog-Parent-Id:
      - "3588252702327935536"
      X-Datadog-Sampling-Priority:
      - "1"
      X-Datadog-Trace-Id:
      - "8365042096704895203"
    url: https://api.datadoghq.com/api/v1/dashboard/w3w-umc-tym
    method: GET
  response:
    body: '{"notify_list":[],"description":"Created using the Datadog provider in
      Terraform","author_name":null,"template_variable_presets":[],"template_variables":[],"is_read_only":true,"id":"w3w-umc-tym","title":"tf-TestAccDatadogDashboardFreeText-local-1602246890","url":"/dashboard/w3w-umc-tym/tf-testaccdatadogdashboardfreetext-local-1602246890","created_at":"2020-10-09T12:36:14.798063+00:00","modified_at":"2020-10-09T12:36:14.798063+00:00","author_handle":"frog@datadoghq.com","widgets":[{"definition":{"color":"#eb364b","text":"Free
      Text","font_size":"56","text_align":"left","type":"free_text"},"layout":{"y":5,"width":32,"x":5,"height":43},"id":7742479841438433}],"layout_type":"free"}'
    headers:
      Cache-Control:
      - no-cache
      Connection:
      - keep-alive
      Content-Security-Policy:
      - frame-ancestors 'self'; report-uri https://api.datadoghq.com/csp-report
      Content-Type:
      - application/json
      Date:
      - Fri, 09 Oct 2020 12:36:16 GMT
      Dd-Pool:
      - dogweb
      Pragma:
      - no-cache
      Set-Cookie:
      - DD-PSHARD=233; Max-Age=604800; Path=/; expires=Fri, 16-Oct-2020 12:36:16 GMT;
        secure; HttpOnly
      Strict-Transport-Security:
      - max-age=15724800;
      Vary:
      - Accept-Encoding
      X-Content-Type-Options:
      - nosniff
      X-Dd-Debug:
      - XH13bHMKtoQVJueISAFCWP0HSHfKJRB7S49EcUHZy7wuPUHvZ/XfTy/P1yRgU1Db
      X-Dd-Version:
      - "35.3169891"
      X-Frame-Options:
      - SAMEORIGIN
    status: 200 OK
    code: 200
    duration: ""
- request:
    body: ""
    form: {}
    headers:
      Accept:
      - application/json
      Dd-Operation-Id:
      - GetDashboard
      User-Agent:
      - terraform-provider-datadog/dev (terraform 1.15.0; terraform-cli ) datadog-api-client-go/1.0.0-beta.9+dev
        (go go1.14.2; os darwin; arch amd64)
      X-Datadog-Parent-Id:
      - "6288156828094704901"
      X-Datadog-Sampling-Priority:
      - "1"
      X-Datadog-Trace-Id:
      - "8365042096704895203"
    url: https://api.datadoghq.com/api/v1/dashboard/w3w-umc-tym
    method: GET
  response:
    body: '{"notify_list":[],"description":"Created using the Datadog provider in
      Terraform","author_name":null,"template_variable_presets":[],"template_variables":[],"is_read_only":true,"id":"w3w-umc-tym","title":"tf-TestAccDatadogDashboardFreeText-local-1602246890","url":"/dashboard/w3w-umc-tym/tf-testaccdatadogdashboardfreetext-local-1602246890","created_at":"2020-10-09T12:36:14.798063+00:00","modified_at":"2020-10-09T12:36:14.798063+00:00","author_handle":"frog@datadoghq.com","widgets":[{"definition":{"color":"#eb364b","text":"Free
      Text","font_size":"56","text_align":"left","type":"free_text"},"layout":{"y":5,"width":32,"x":5,"height":43},"id":7742479841438433}],"layout_type":"free"}'
    headers:
      Cache-Control:
      - no-cache
      Connection:
      - keep-alive
      Content-Security-Policy:
      - frame-ancestors 'self'; report-uri https://api.datadoghq.com/csp-report
      Content-Type:
      - application/json
      Date:
      - Fri, 09 Oct 2020 12:36:23 GMT
      Dd-Pool:
      - dogweb
      Pragma:
      - no-cache
      Set-Cookie:
      - DD-PSHARD=233; Max-Age=604800; Path=/; expires=Fri, 16-Oct-2020 12:36:23 GMT;
        secure; HttpOnly
      Strict-Transport-Security:
      - max-age=15724800;
      Vary:
      - Accept-Encoding
      X-Content-Type-Options:
      - nosniff
      X-Dd-Debug:
      - TlObKNxJC6mRjORAptBjah7X7IZlZoWDhxDuIhUdNUMmnkpihyb67mpyYPwy4Xl5
      X-Dd-Version:
      - "35.3169891"
      X-Frame-Options:
      - SAMEORIGIN
    status: 200 OK
    code: 200
    duration: ""
- request:
    body: ""
    form: {}
    headers:
      Accept:
      - application/json
      Dd-Operation-Id:
      - GetDashboard
      User-Agent:
      - terraform-provider-datadog/dev (terraform 1.15.0; terraform-cli ) datadog-api-client-go/1.0.0-beta.9+dev
        (go go1.14.2; os darwin; arch amd64)
      X-Datadog-Parent-Id:
      - "8523383267952558048"
      X-Datadog-Sampling-Priority:
      - "1"
      X-Datadog-Trace-Id:
      - "8365042096704895203"
    url: https://api.datadoghq.com/api/v1/dashboard/w3w-umc-tym
    method: GET
  response:
    body: '{"notify_list":[],"description":"Created using the Datadog provider in
      Terraform","author_name":null,"template_variable_presets":[],"template_variables":[],"is_read_only":true,"id":"w3w-umc-tym","title":"tf-TestAccDatadogDashboardFreeText-local-1602246890","url":"/dashboard/w3w-umc-tym/tf-testaccdatadogdashboardfreetext-local-1602246890","created_at":"2020-10-09T12:36:14.798063+00:00","modified_at":"2020-10-09T12:36:14.798063+00:00","author_handle":"frog@datadoghq.com","widgets":[{"definition":{"color":"#eb364b","text":"Free
      Text","font_size":"56","text_align":"left","type":"free_text"},"layout":{"y":5,"width":32,"x":5,"height":43},"id":7742479841438433}],"layout_type":"free"}'
    headers:
      Cache-Control:
      - no-cache
      Connection:
      - keep-alive
      Content-Security-Policy:
      - frame-ancestors 'self'; report-uri https://api.datadoghq.com/csp-report
      Content-Type:
      - application/json
      Date:
      - Fri, 09 Oct 2020 12:36:23 GMT
      Dd-Pool:
      - dogweb
      Pragma:
      - no-cache
      Set-Cookie:
      - DD-PSHARD=233; Max-Age=604800; Path=/; expires=Fri, 16-Oct-2020 12:36:23 GMT;
        secure; HttpOnly
      Strict-Transport-Security:
      - max-age=15724800;
      Vary:
      - Accept-Encoding
      X-Content-Type-Options:
      - nosniff
      X-Dd-Debug:
      - XH13bHMKtoQVJueISAFCWP0HSHfKJRB7S49EcUHZy7wuPUHvZ/XfTy/P1yRgU1Db
      X-Dd-Version:
      - "35.3169891"
      X-Frame-Options:
      - SAMEORIGIN
    status: 200 OK
    code: 200
    duration: ""
- request:
    body: ""
    form: {}
    headers:
      Accept:
      - application/json
      Dd-Operation-Id:
      - GetDashboard
      User-Agent:
      - terraform-provider-datadog/dev (terraform 1.15.0; terraform-cli ) datadog-api-client-go/1.0.0-beta.9+dev
        (go go1.14.2; os darwin; arch amd64)
      X-Datadog-Parent-Id:
      - "9115673058282015036"
      X-Datadog-Sampling-Priority:
      - "1"
      X-Datadog-Trace-Id:
      - "8365042096704895203"
    url: https://api.datadoghq.com/api/v1/dashboard/w3w-umc-tym
    method: GET
  response:
    body: '{"notify_list":[],"description":"Created using the Datadog provider in
      Terraform","author_name":null,"template_variable_presets":[],"template_variables":[],"is_read_only":true,"id":"w3w-umc-tym","title":"tf-TestAccDatadogDashboardFreeText-local-1602246890","url":"/dashboard/w3w-umc-tym/tf-testaccdatadogdashboardfreetext-local-1602246890","created_at":"2020-10-09T12:36:14.798063+00:00","modified_at":"2020-10-09T12:36:14.798063+00:00","author_handle":"frog@datadoghq.com","widgets":[{"definition":{"color":"#eb364b","text":"Free
      Text","font_size":"56","text_align":"left","type":"free_text"},"layout":{"y":5,"width":32,"x":5,"height":43},"id":7742479841438433}],"layout_type":"free"}'
    headers:
      Cache-Control:
      - no-cache
      Connection:
      - keep-alive
      Content-Security-Policy:
      - frame-ancestors 'self'; report-uri https://api.datadoghq.com/csp-report
      Content-Type:
      - application/json
      Date:
      - Fri, 09 Oct 2020 12:36:30 GMT
      Dd-Pool:
      - dogweb
      Pragma:
      - no-cache
      Set-Cookie:
      - DD-PSHARD=233; Max-Age=604800; Path=/; expires=Fri, 16-Oct-2020 12:36:30 GMT;
        secure; HttpOnly
      Strict-Transport-Security:
      - max-age=15724800;
      Vary:
      - Accept-Encoding
      X-Content-Type-Options:
      - nosniff
      X-Dd-Debug:
      - 7ZZAowMV9z1Vr+0y/WbNkvcDUXbHQ7uNKkyZU3E6k00RqTwxh53CgITxXoDQsQqv
      X-Dd-Version:
      - "35.3169891"
      X-Frame-Options:
      - SAMEORIGIN
    status: 200 OK
    code: 200
    duration: ""
- request:
    body: ""
    form: {}
    headers:
      Accept:
      - application/json
      Dd-Operation-Id:
      - GetDashboard
      User-Agent:
      - terraform-provider-datadog/dev (terraform 1.15.0; terraform-cli ) datadog-api-client-go/1.0.0-beta.9+dev
        (go go1.14.2; os darwin; arch amd64)
      X-Datadog-Parent-Id:
      - "8527599123965638699"
      X-Datadog-Sampling-Priority:
      - "1"
      X-Datadog-Trace-Id:
      - "8365042096704895203"
    url: https://api.datadoghq.com/api/v1/dashboard/w3w-umc-tym
    method: GET
  response:
    body: '{"notify_list":[],"description":"Created using the Datadog provider in
      Terraform","author_name":null,"template_variable_presets":[],"template_variables":[],"is_read_only":true,"id":"w3w-umc-tym","title":"tf-TestAccDatadogDashboardFreeText-local-1602246890","url":"/dashboard/w3w-umc-tym/tf-testaccdatadogdashboardfreetext-local-1602246890","created_at":"2020-10-09T12:36:14.798063+00:00","modified_at":"2020-10-09T12:36:14.798063+00:00","author_handle":"frog@datadoghq.com","widgets":[{"definition":{"color":"#eb364b","text":"Free
      Text","font_size":"56","text_align":"left","type":"free_text"},"layout":{"y":5,"width":32,"x":5,"height":43},"id":7742479841438433}],"layout_type":"free"}'
    headers:
      Cache-Control:
      - no-cache
      Connection:
      - keep-alive
      Content-Security-Policy:
      - frame-ancestors 'self'; report-uri https://api.datadoghq.com/csp-report
      Content-Type:
      - application/json
      Date:
      - Fri, 09 Oct 2020 12:36:30 GMT
      Dd-Pool:
      - dogweb
      Pragma:
      - no-cache
      Set-Cookie:
      - DD-PSHARD=233; Max-Age=604800; Path=/; expires=Fri, 16-Oct-2020 12:36:30 GMT;
        secure; HttpOnly
      Strict-Transport-Security:
      - max-age=15724800;
      Vary:
      - Accept-Encoding
      X-Content-Type-Options:
      - nosniff
      X-Dd-Debug:
      - LYsZ0Yx6eBAuyo7daRCU44YMxz7whaow2DP3vSdsKGIEYbXvJNYBjlZ+OHX/fFOc
      X-Dd-Version:
      - "35.3169891"
      X-Frame-Options:
      - SAMEORIGIN
    status: 200 OK
    code: 200
    duration: ""
- request:
    body: ""
    form: {}
    headers:
      Accept:
      - application/json
      Dd-Operation-Id:
      - DeleteDashboard
      User-Agent:
      - terraform-provider-datadog/dev (terraform 1.15.0; terraform-cli ) datadog-api-client-go/1.0.0-beta.9+dev
        (go go1.14.2; os darwin; arch amd64)
      X-Datadog-Parent-Id:
      - "948228835372148971"
      X-Datadog-Sampling-Priority:
      - "1"
      X-Datadog-Trace-Id:
      - "8365042096704895203"
    url: https://api.datadoghq.com/api/v1/dashboard/w3w-umc-tym
    method: DELETE
  response:
    body: '{"deleted_dashboard_id":"w3w-umc-tym"}'
    headers:
      Cache-Control:
      - no-cache
      Connection:
      - keep-alive
      Content-Security-Policy:
      - frame-ancestors 'self'; report-uri https://api.datadoghq.com/csp-report
      Content-Type:
      - application/json
      Date:
      - Fri, 09 Oct 2020 12:37:18 GMT
      Dd-Pool:
      - dogweb
      Pragma:
      - no-cache
      Set-Cookie:
      - DD-PSHARD=233; Max-Age=604800; Path=/; expires=Fri, 16-Oct-2020 12:36:33 GMT;
        secure; HttpOnly
      Strict-Transport-Security:
      - max-age=15724800;
      Vary:
      - Accept-Encoding
      X-Content-Type-Options:
      - nosniff
      X-Dd-Debug:
      - h/IXnJS1M5zKHh5ujv7CkNFB4pqHSDVrmy+nI86u4Ciy2MfrEYtp+07i0sugqnf8
      X-Dd-Version:
      - "35.3169891"
      X-Frame-Options:
      - SAMEORIGIN
    status: 200 OK
    code: 200
    duration: ""
- request:
    body: ""
    form: {}
    headers:
      Accept:
      - application/json
      Dd-Operation-Id:
      - GetDashboard
      User-Agent:
      - terraform-provider-datadog/dev (terraform 1.15.0; terraform-cli ) datadog-api-client-go/1.0.0-beta.9+dev
        (go go1.14.2; os darwin; arch amd64)
      X-Datadog-Parent-Id:
      - "304733686787640985"
      X-Datadog-Sampling-Priority:
      - "1"
      X-Datadog-Trace-Id:
      - "8365042096704895203"
    url: https://api.datadoghq.com/api/v1/dashboard/w3w-umc-tym
    method: GET
  response:
    body: '{"errors": ["Dashboard with ID w3w-umc-tym not found"]}'
    headers:
      Cache-Control:
      - no-cache
      Connection:
      - keep-alive
      Content-Security-Policy:
      - frame-ancestors 'self'; report-uri https://api.datadoghq.com/csp-report
      Content-Type:
      - application/json
      Date:
      - Fri, 09 Oct 2020 12:37:18 GMT
      Dd-Pool:
      - dogweb
      Pragma:
      - no-cache
      Strict-Transport-Security:
      - max-age=15724800;
      Vary:
      - Accept-Encoding
      X-Content-Type-Options:
      - nosniff
      X-Dd-Version:
      - "35.3169891"
      X-Frame-Options:
      - SAMEORIGIN
    status: 404 Not Found
    code: 404
    duration: ""
