---
version: 1
interactions:
- request:
    body: |
      {"message":"some message Notify: @hipchat-channel","name":"tf-TestAccDatadogMonitor_ThresholdWindows-local-1605874009","options":{"escalation_message":"the situation has escalated @pagerduty","include_tags":true,"new_host_delay":300,"no_data_timeframe":10,"notify_no_data":false,"renotify_interval":60,"require_full_window":true,"threshold_windows":{"recovery_window":"last_5m","trigger_window":"last_5m"},"thresholds":{"critical":1,"critical_recovery":0.5,"ok":0,"warning":0.5,"warning_recovery":0.25},"timeout_h":60},"priority":0,"query":"avg(last_1h):anomalies(avg:system.cpu.system{name:cassandra}, 'basic', 3, direction='above', alert_window='last_5m', interval=20, count_default_zero='true') \u003e= 1","tags":[],"type":"query alert"}
    form: {}
    headers:
      Accept:
      - application/json
      Content-Type:
      - application/json
      Dd-Operation-Id:
      - ValidateMonitor
      User-Agent:
      - terraform-provider-datadog/dev (terraform 1.15.0; terraform-cli 0.12.7-sdk)
        datadog-api-client-go/1.0.0-beta.11 (go go1.15.4; os darwin; arch amd64)
      X-Datadog-Parent-Id:
      - "5453101280308310119"
      X-Datadog-Sampling-Priority:
      - "1"
      X-Datadog-Trace-Id:
      - "3241538020422618677"
    url: https://api.datadoghq.com/api/v1/monitor/validate
    method: POST
  response:
    body: '{}'
    headers:
      Cache-Control:
      - no-cache
      Connection:
      - keep-alive
      Content-Length:
      - "2"
      Content-Security-Policy:
      - frame-ancestors 'self'; report-uri https://api.datadoghq.com/csp-report
      Content-Type:
      - application/json
      Date:
      - Fri, 20 Nov 2020 12:07:11 GMT
      Dd-Pool:
      - dogweb
      Pragma:
      - no-cache
      Set-Cookie:
      - DD-PSHARD=233; Max-Age=604800; Path=/; expires=Fri, 27-Nov-2020 12:07:11 GMT;
        secure; HttpOnly
      Strict-Transport-Security:
      - max-age=15724800;
      X-Content-Type-Options:
      - nosniff
      X-Dd-Debug:
      - UiHAIpiIPiMTUiGNeR+rZVnFnmJkUm64kqWBQawJNSrsYAeselUV6xrARY3WHwv4
      X-Dd-Version:
      - "35.3405561"
      X-Frame-Options:
      - SAMEORIGIN
    status: 200 OK
    code: 200
    duration: ""
- request:
    body: |
      {"message":"some message Notify: @hipchat-channel","name":"tf-TestAccDatadogMonitor_ThresholdWindows-local-1605874009","options":{"escalation_message":"the situation has escalated @pagerduty","include_tags":true,"new_host_delay":300,"no_data_timeframe":10,"notify_no_data":false,"renotify_interval":60,"require_full_window":true,"threshold_windows":{"recovery_window":"last_5m","trigger_window":"last_5m"},"thresholds":{"critical":1,"critical_recovery":0.5,"ok":0,"warning":0.5,"warning_recovery":0.25},"timeout_h":60},"priority":0,"query":"avg(last_1h):anomalies(avg:system.cpu.system{name:cassandra}, 'basic', 3, direction='above', alert_window='last_5m', interval=20, count_default_zero='true') \u003e= 1","tags":[],"type":"query alert"}
    form: {}
    headers:
      Accept:
      - application/json
      Content-Type:
      - application/json
      Dd-Operation-Id:
      - ValidateMonitor
      User-Agent:
      - terraform-provider-datadog/dev (terraform 1.15.0; terraform-cli 0.12.7-sdk)
        datadog-api-client-go/1.0.0-beta.11 (go go1.15.4; os darwin; arch amd64)
      X-Datadog-Parent-Id:
      - "6906877716811130266"
      X-Datadog-Sampling-Priority:
      - "1"
      X-Datadog-Trace-Id:
      - "3241538020422618677"
    url: https://api.datadoghq.com/api/v1/monitor/validate
    method: POST
  response:
    body: '{}'
    headers:
      Cache-Control:
      - no-cache
      Connection:
      - keep-alive
      Content-Length:
      - "2"
      Content-Security-Policy:
      - frame-ancestors 'self'; report-uri https://api.datadoghq.com/csp-report
      Content-Type:
      - application/json
      Date:
      - Fri, 20 Nov 2020 12:07:11 GMT
      Dd-Pool:
      - dogweb
      Pragma:
      - no-cache
      Set-Cookie:
      - DD-PSHARD=233; Max-Age=604800; Path=/; expires=Fri, 27-Nov-2020 12:07:11 GMT;
        secure; HttpOnly
      Strict-Transport-Security:
      - max-age=15724800;
      X-Content-Type-Options:
      - nosniff
      X-Dd-Debug:
      - KdWc5RppKH51u1oZ6tf2ghJTVEevh006eS91RDKZLGoax50FN2VjMvek2ayUmkXw
      X-Dd-Version:
      - "35.3405561"
      X-Frame-Options:
      - SAMEORIGIN
    status: 200 OK
    code: 200
    duration: ""
- request:
    body: |
      {"message":"some message Notify: @hipchat-channel","name":"tf-TestAccDatadogMonitor_ThresholdWindows-local-1605874009","options":{"escalation_message":"the situation has escalated @pagerduty","include_tags":true,"new_host_delay":300,"notify_no_data":false,"renotify_interval":60,"require_full_window":true,"threshold_windows":{"recovery_window":"last_5m","trigger_window":"last_5m"},"thresholds":{"critical":1,"critical_recovery":0.5,"ok":0,"warning":0.5,"warning_recovery":0.25},"timeout_h":60},"priority":0,"query":"avg(last_1h):anomalies(avg:system.cpu.system{name:cassandra}, 'basic', 3, direction='above', alert_window='last_5m', interval=20, count_default_zero='true') \u003e= 1","tags":[],"type":"query alert"}
    form: {}
    headers:
      Accept:
      - application/json
      Content-Type:
      - application/json
      Dd-Operation-Id:
      - CreateMonitor
      User-Agent:
      - terraform-provider-datadog/dev (terraform 1.15.0; terraform-cli 0.12.7-sdk)
        datadog-api-client-go/1.0.0-beta.11 (go go1.15.4; os darwin; arch amd64)
      X-Datadog-Parent-Id:
      - "8685184559596230326"
      X-Datadog-Sampling-Priority:
      - "1"
      X-Datadog-Trace-Id:
      - "3241538020422618677"
    url: https://api.datadoghq.com/api/v1/monitor
    method: POST
  response:
    body: '{"restricted_roles":null,"tags":[],"deleted":null,"query":"avg(last_1h):anomalies(avg:system.cpu.system{name:cassandra},
      ''basic'', 3, direction=''above'', alert_window=''last_5m'', interval=20, count_default_zero=''true'')
      >= 1","message":"some message Notify: @hipchat-channel","id":26020875,"multi":false,"name":"tf-TestAccDatadogMonitor_ThresholdWindows-local-1605874009","created":"2020-11-20T12:07:11.778644+00:00","created_at":1605874031000,"creator":{"id":1445416,"handle":"frog@datadoghq.com","name":null,"email":"frog@datadoghq.com"},"org_id":321813,"modified":"2020-11-20T12:07:11.778644+00:00","overall_state_modified":null,"overall_state":"No
      Data","type":"query alert","options":{"notify_audit":false,"locked":false,"timeout_h":60,"silenced":{},"include_tags":true,"thresholds":{"warning":0.5,"ok":0.0,"critical":1.0,"warning_recovery":0.25,"critical_recovery":0.5},"require_full_window":true,"new_host_delay":300,"notify_no_data":false,"renotify_interval":60,"escalation_message":"the
      situation has escalated @pagerduty","threshold_windows":{"recovery_window":"last_5m","trigger_window":"last_5m"}}}'
    headers:
      Cache-Control:
      - no-cache
      Connection:
      - keep-alive
      Content-Security-Policy:
      - frame-ancestors 'self'; report-uri https://api.datadoghq.com/csp-report
      Content-Type:
      - application/json
      Date:
      - Fri, 20 Nov 2020 12:07:11 GMT
      Dd-Pool:
      - dogweb
      Pragma:
      - no-cache
      Set-Cookie:
      - DD-PSHARD=233; Max-Age=604800; Path=/; expires=Fri, 27-Nov-2020 12:07:11 GMT;
        secure; HttpOnly
      Strict-Transport-Security:
      - max-age=15724800;
      Vary:
      - Accept-Encoding
      X-Content-Type-Options:
      - nosniff
      X-Dd-Debug:
      - SjSxykLY0gTr3VkJbxmjvoevebB2pxQifq0h5HklwYksG7/9u16HyBsdYlpi9mGW
      X-Dd-Version:
      - "35.3405561"
      X-Frame-Options:
      - SAMEORIGIN
      X-Ratelimit-Limit:
      - "500"
      X-Ratelimit-Period:
      - "10"
      X-Ratelimit-Remaining:
      - "499"
      X-Ratelimit-Reset:
      - "9"
    status: 200 OK
    code: 200
    duration: ""
- request:
    body: ""
    form: {}
    headers:
      Accept:
      - application/json
      Dd-Operation-Id:
      - GetMonitor
      User-Agent:
      - terraform-provider-datadog/dev (terraform 1.15.0; terraform-cli 0.12.7-sdk)
        datadog-api-client-go/1.0.0-beta.11 (go go1.15.4; os darwin; arch amd64)
      X-Datadog-Parent-Id:
      - "9007211030759601109"
      X-Datadog-Sampling-Priority:
      - "1"
      X-Datadog-Trace-Id:
      - "3241538020422618677"
    url: https://api.datadoghq.com/api/v1/monitor/26020875
    method: GET
  response:
    body: '{"restricted_roles":null,"tags":[],"deleted":null,"query":"avg(last_1h):anomalies(avg:system.cpu.system{name:cassandra},
      ''basic'', 3, direction=''above'', alert_window=''last_5m'', interval=20, count_default_zero=''true'')
      >= 1","message":"some message Notify: @hipchat-channel","id":26020875,"multi":false,"name":"tf-TestAccDatadogMonitor_ThresholdWindows-local-1605874009","created":"2020-11-20T12:07:11.778644+00:00","created_at":1605874031000,"creator":{"id":1445416,"handle":"frog@datadoghq.com","name":null,"email":"frog@datadoghq.com"},"org_id":321813,"modified":"2020-11-20T12:07:11.778644+00:00","overall_state_modified":null,"overall_state":"No
      Data","type":"query alert","options":{"notify_audit":false,"locked":false,"timeout_h":60,"silenced":{},"include_tags":true,"thresholds":{"warning":0.5,"ok":0.0,"critical":1.0,"warning_recovery":0.25,"critical_recovery":0.5},"require_full_window":true,"new_host_delay":300,"notify_no_data":false,"renotify_interval":60,"escalation_message":"the
      situation has escalated @pagerduty","threshold_windows":{"recovery_window":"last_5m","trigger_window":"last_5m"}}}'
    headers:
      Cache-Control:
      - no-cache
      Connection:
      - keep-alive
      Content-Security-Policy:
      - frame-ancestors 'self'; report-uri https://api.datadoghq.com/csp-report
      Content-Type:
      - application/json
      Date:
      - Fri, 20 Nov 2020 12:07:11 GMT
      Dd-Pool:
      - dogweb
      Pragma:
      - no-cache
      Set-Cookie:
      - DD-PSHARD=233; Max-Age=604800; Path=/; expires=Fri, 27-Nov-2020 12:07:11 GMT;
        secure; HttpOnly
      Strict-Transport-Security:
      - max-age=15724800;
      Vary:
      - Accept-Encoding
      X-Content-Type-Options:
      - nosniff
      X-Dd-Debug:
      - R1+MRQNzRD0HfjBgLVIjclr4gto/LBUvaJZAn2oF8rsW7iHushLxjdvt+30jZQLP
      X-Dd-Version:
      - "35.3405561"
      X-Frame-Options:
      - SAMEORIGIN
      X-Ratelimit-Limit:
      - "3000"
      X-Ratelimit-Period:
      - "10"
      X-Ratelimit-Remaining:
      - "2978"
      X-Ratelimit-Reset:
      - "9"
    status: 200 OK
    code: 200
    duration: ""
- request:
    body: ""
    form: {}
    headers:
      User-Agent:
      - terraform-provider-datadog/dev (terraform 1.15.0; terraform-cli 0.12.7-sdk)
        datadog-api-client-go/go-datadog-api (go go1.15.4; os darwin; arch amd64)
      X-Datadog-Parent-Id:
      - "4204834399681659456"
      X-Datadog-Sampling-Priority:
      - "1"
      X-Datadog-Trace-Id:
      - "4204834399681659456"
    url: https://api.datadoghq.com/api/v1/monitor/26020875
    method: GET
  response:
    body: '{"restricted_roles":null,"tags":[],"deleted":null,"query":"avg(last_1h):anomalies(avg:system.cpu.system{name:cassandra},
      ''basic'', 3, direction=''above'', alert_window=''last_5m'', interval=20, count_default_zero=''true'')
      >= 1","message":"some message Notify: @hipchat-channel","id":26020875,"multi":false,"name":"tf-TestAccDatadogMonitor_ThresholdWindows-local-1605874009","created":"2020-11-20T12:07:11.778644+00:00","created_at":1605874031000,"creator":{"id":1445416,"handle":"frog@datadoghq.com","name":null,"email":"frog@datadoghq.com"},"org_id":321813,"modified":"2020-11-20T12:07:11.778644+00:00","overall_state_modified":null,"overall_state":"No
      Data","type":"query alert","options":{"notify_audit":false,"locked":false,"timeout_h":60,"silenced":{},"include_tags":true,"thresholds":{"warning":0.5,"ok":0.0,"critical":1.0,"warning_recovery":0.25,"critical_recovery":0.5},"require_full_window":true,"new_host_delay":300,"notify_no_data":false,"renotify_interval":60,"escalation_message":"the
      situation has escalated @pagerduty","threshold_windows":{"recovery_window":"last_5m","trigger_window":"last_5m"}}}'
    headers:
      Cache-Control:
      - no-cache
      Connection:
      - keep-alive
      Content-Security-Policy:
      - frame-ancestors 'self'; report-uri https://api.datadoghq.com/csp-report
      Content-Type:
      - application/json
      Date:
      - Fri, 20 Nov 2020 12:07:12 GMT
      Dd-Pool:
      - dogweb
      Pragma:
      - no-cache
      Set-Cookie:
      - DD-PSHARD=233; Max-Age=604800; Path=/; expires=Fri, 27-Nov-2020 12:07:12 GMT;
        secure; HttpOnly
      Strict-Transport-Security:
      - max-age=15724800;
      Vary:
      - Accept-Encoding
      X-Content-Type-Options:
      - nosniff
      X-Dd-Debug:
      - k/zHOOzqpc4r+ZK5tvPeMjc5yHaZZgqaNAwCywXjTJpLyIGjDeV+DLPBFsNU82W8
      X-Dd-Version:
      - "35.3405561"
      X-Frame-Options:
      - SAMEORIGIN
      X-Ratelimit-Limit:
      - "3000"
      X-Ratelimit-Period:
      - "10"
      X-Ratelimit-Remaining:
      - "2976"
      X-Ratelimit-Reset:
      - "8"
    status: 200 OK
    code: 200
    duration: ""
- request:
    body: |
      {"message":"some message Notify: @hipchat-channel","name":"tf-TestAccDatadogMonitor_ThresholdWindows-local-1605874009","options":{"escalation_message":"the situation has escalated @pagerduty","include_tags":true,"new_host_delay":300,"no_data_timeframe":10,"notify_no_data":false,"renotify_interval":60,"require_full_window":true,"threshold_windows":{"recovery_window":"last_5m","trigger_window":"last_5m"},"thresholds":{"critical":1,"critical_recovery":0.5,"ok":0,"warning":0.5,"warning_recovery":0.25},"timeout_h":60},"priority":0,"query":"avg(last_1h):anomalies(avg:system.cpu.system{name:cassandra}, 'basic', 3, direction='above', alert_window='last_5m', interval=20, count_default_zero='true') \u003e= 1","tags":[],"type":"query alert"}
    form: {}
    headers:
      Accept:
      - application/json
      Content-Type:
      - application/json
      Dd-Operation-Id:
      - ValidateMonitor
      User-Agent:
      - terraform-provider-datadog/dev (terraform 1.15.0; terraform-cli 0.12.7-sdk)
        datadog-api-client-go/1.0.0-beta.11 (go go1.15.4; os darwin; arch amd64)
      X-Datadog-Parent-Id:
      - "4633163823488537078"
      X-Datadog-Sampling-Priority:
      - "1"
      X-Datadog-Trace-Id:
      - "3241538020422618677"
    url: https://api.datadoghq.com/api/v1/monitor/validate
    method: POST
  response:
    body: '{}'
    headers:
      Cache-Control:
      - no-cache
      Connection:
      - keep-alive
      Content-Length:
      - "2"
      Content-Security-Policy:
      - frame-ancestors 'self'; report-uri https://api.datadoghq.com/csp-report
      Content-Type:
      - application/json
      Date:
      - Fri, 20 Nov 2020 12:07:12 GMT
      Dd-Pool:
      - dogweb
      Pragma:
      - no-cache
      Set-Cookie:
      - DD-PSHARD=233; Max-Age=604800; Path=/; expires=Fri, 27-Nov-2020 12:07:12 GMT;
        secure; HttpOnly
      Strict-Transport-Security:
      - max-age=15724800;
      X-Content-Type-Options:
      - nosniff
      X-Dd-Debug:
      - A4zC5dDmz3QSTWXoflmdTKsS5dpIBJJrn2zMHspFpRSdDDnIHcmGhVikJ7NEySaP
      X-Dd-Version:
      - "35.3405561"
      X-Frame-Options:
      - SAMEORIGIN
    status: 200 OK
    code: 200
    duration: ""
- request:
    body: ""
    form: {}
    headers:
      Accept:
      - application/json
      Dd-Operation-Id:
      - GetMonitor
      User-Agent:
      - terraform-provider-datadog/dev (terraform 1.15.0; terraform-cli 0.12.7-sdk)
        datadog-api-client-go/1.0.0-beta.11 (go go1.15.4; os darwin; arch amd64)
      X-Datadog-Parent-Id:
      - "7156352196429960327"
      X-Datadog-Sampling-Priority:
      - "1"
      X-Datadog-Trace-Id:
      - "3241538020422618677"
    url: https://api.datadoghq.com/api/v1/monitor/26020875
    method: GET
  response:
    body: '{"restricted_roles":null,"tags":[],"deleted":null,"query":"avg(last_1h):anomalies(avg:system.cpu.system{name:cassandra},
      ''basic'', 3, direction=''above'', alert_window=''last_5m'', interval=20, count_default_zero=''true'')
      >= 1","message":"some message Notify: @hipchat-channel","id":26020875,"multi":false,"name":"tf-TestAccDatadogMonitor_ThresholdWindows-local-1605874009","created":"2020-11-20T12:07:11.778644+00:00","created_at":1605874031000,"creator":{"id":1445416,"handle":"frog@datadoghq.com","name":null,"email":"frog@datadoghq.com"},"org_id":321813,"modified":"2020-11-20T12:07:11.778644+00:00","overall_state_modified":null,"overall_state":"No
      Data","type":"query alert","options":{"notify_audit":false,"locked":false,"timeout_h":60,"silenced":{},"include_tags":true,"thresholds":{"warning":0.5,"ok":0.0,"critical":1.0,"warning_recovery":0.25,"critical_recovery":0.5},"require_full_window":true,"new_host_delay":300,"notify_no_data":false,"renotify_interval":60,"escalation_message":"the
      situation has escalated @pagerduty","threshold_windows":{"recovery_window":"last_5m","trigger_window":"last_5m"}}}'
    headers:
      Cache-Control:
      - no-cache
      Connection:
      - keep-alive
      Content-Security-Policy:
      - frame-ancestors 'self'; report-uri https://api.datadoghq.com/csp-report
      Content-Type:
      - application/json
      Date:
      - Fri, 20 Nov 2020 12:07:12 GMT
      Dd-Pool:
      - dogweb
      Pragma:
      - no-cache
      Set-Cookie:
      - DD-PSHARD=233; Max-Age=604800; Path=/; expires=Fri, 27-Nov-2020 12:07:12 GMT;
        secure; HttpOnly
      Strict-Transport-Security:
      - max-age=15724800;
      Vary:
      - Accept-Encoding
      X-Content-Type-Options:
      - nosniff
      X-Dd-Debug:
      - ApDR7dmCPzU09s5sGJ6tunvBxSFKQfwajJriSdeRXXH0ohfkw5+3MDbyzkcCLNJJ
      X-Dd-Version:
      - "35.3405561"
      X-Frame-Options:
      - SAMEORIGIN
      X-Ratelimit-Limit:
      - "3000"
      X-Ratelimit-Period:
      - "10"
      X-Ratelimit-Remaining:
      - "2974"
      X-Ratelimit-Reset:
      - "8"
    status: 200 OK
    code: 200
    duration: ""
- request:
    body: ""
    form: {}
    headers:
      Accept:
      - application/json
      Dd-Operation-Id:
      - GetMonitor
      User-Agent:
      - terraform-provider-datadog/dev (terraform 1.15.0; terraform-cli 0.12.7-sdk)
        datadog-api-client-go/1.0.0-beta.11 (go go1.15.4; os darwin; arch amd64)
      X-Datadog-Parent-Id:
      - "832610579914877596"
      X-Datadog-Sampling-Priority:
      - "1"
      X-Datadog-Trace-Id:
      - "3241538020422618677"
    url: https://api.datadoghq.com/api/v1/monitor/26020875
    method: GET
  response:
    body: '{"restricted_roles":null,"tags":[],"deleted":null,"query":"avg(last_1h):anomalies(avg:system.cpu.system{name:cassandra},
      ''basic'', 3, direction=''above'', alert_window=''last_5m'', interval=20, count_default_zero=''true'')
      >= 1","message":"some message Notify: @hipchat-channel","id":26020875,"multi":false,"name":"tf-TestAccDatadogMonitor_ThresholdWindows-local-1605874009","created":"2020-11-20T12:07:11.778644+00:00","created_at":1605874031000,"creator":{"id":1445416,"handle":"frog@datadoghq.com","name":null,"email":"frog@datadoghq.com"},"org_id":321813,"modified":"2020-11-20T12:07:11.778644+00:00","overall_state_modified":null,"overall_state":"No
      Data","type":"query alert","options":{"notify_audit":false,"locked":false,"timeout_h":60,"silenced":{},"include_tags":true,"thresholds":{"warning":0.5,"ok":0.0,"critical":1.0,"warning_recovery":0.25,"critical_recovery":0.5},"require_full_window":true,"new_host_delay":300,"notify_no_data":false,"renotify_interval":60,"escalation_message":"the
      situation has escalated @pagerduty","threshold_windows":{"recovery_window":"last_5m","trigger_window":"last_5m"}}}'
    headers:
      Cache-Control:
      - no-cache
      Connection:
      - keep-alive
      Content-Security-Policy:
      - frame-ancestors 'self'; report-uri https://api.datadoghq.com/csp-report
      Content-Type:
      - application/json
      Date:
      - Fri, 20 Nov 2020 12:07:12 GMT
      Dd-Pool:
      - dogweb
      Pragma:
      - no-cache
      Set-Cookie:
      - DD-PSHARD=233; Max-Age=604800; Path=/; expires=Fri, 27-Nov-2020 12:07:12 GMT;
        secure; HttpOnly
      Strict-Transport-Security:
      - max-age=15724800;
      Vary:
      - Accept-Encoding
      X-Content-Type-Options:
      - nosniff
      X-Dd-Debug:
      - ApDR7dmCPzU09s5sGJ6tunvBxSFKQfwajJriSdeRXXH0ohfkw5+3MDbyzkcCLNJJ
      X-Dd-Version:
      - "35.3405561"
      X-Frame-Options:
      - SAMEORIGIN
      X-Ratelimit-Limit:
      - "3000"
      X-Ratelimit-Period:
      - "10"
      X-Ratelimit-Remaining:
      - "2972"
      X-Ratelimit-Reset:
      - "8"
    status: 200 OK
    code: 200
    duration: ""
- request:
    body: |
      {"message":"some message Notify: @hipchat-channel","name":"tf-TestAccDatadogMonitor_ThresholdWindows-local-1605874009","options":{"escalation_message":"the situation has escalated @pagerduty","include_tags":true,"new_host_delay":300,"no_data_timeframe":10,"notify_no_data":false,"renotify_interval":60,"require_full_window":true,"threshold_windows":{"recovery_window":"last_5m","trigger_window":"last_5m"},"thresholds":{"critical":1,"critical_recovery":0.5,"ok":0,"warning":0.5,"warning_recovery":0.25},"timeout_h":60},"priority":0,"query":"avg(last_1h):anomalies(avg:system.cpu.system{name:cassandra}, 'basic', 3, direction='above', alert_window='last_5m', interval=20, count_default_zero='true') \u003e= 1","tags":[],"type":"query alert"}
    form: {}
    headers:
      Accept:
      - application/json
      Content-Type:
      - application/json
      Dd-Operation-Id:
      - ValidateMonitor
      User-Agent:
      - terraform-provider-datadog/dev (terraform 1.15.0; terraform-cli 0.12.7-sdk)
        datadog-api-client-go/1.0.0-beta.11 (go go1.15.4; os darwin; arch amd64)
      X-Datadog-Parent-Id:
      - "4266833635977308142"
      X-Datadog-Sampling-Priority:
      - "1"
      X-Datadog-Trace-Id:
      - "3241538020422618677"
    url: https://api.datadoghq.com/api/v1/monitor/validate
    method: POST
  response:
    body: '{}'
    headers:
      Cache-Control:
      - no-cache
      Connection:
      - keep-alive
      Content-Length:
      - "2"
      Content-Security-Policy:
      - frame-ancestors 'self'; report-uri https://api.datadoghq.com/csp-report
      Content-Type:
      - application/json
      Date:
      - Fri, 20 Nov 2020 12:07:12 GMT
      Dd-Pool:
      - dogweb
      Pragma:
      - no-cache
      Set-Cookie:
      - DD-PSHARD=233; Max-Age=604800; Path=/; expires=Fri, 27-Nov-2020 12:07:12 GMT;
        secure; HttpOnly
      Strict-Transport-Security:
      - max-age=15724800;
      X-Content-Type-Options:
      - nosniff
      X-Dd-Debug:
      - bOYRvpIMaDWtEAFc77xh4cYKoSxr/zmllvfW+/1TUFo7Zbru0n5QEX4LCoKiS3Mv
      X-Dd-Version:
      - "35.3405561"
      X-Frame-Options:
      - SAMEORIGIN
    status: 200 OK
    code: 200
    duration: ""
- request:
    body: ""
    form: {}
    headers:
      Accept:
      - application/json
      Dd-Operation-Id:
      - GetMonitor
      User-Agent:
      - terraform-provider-datadog/dev (terraform 1.15.0; terraform-cli 0.12.7-sdk)
        datadog-api-client-go/1.0.0-beta.11 (go go1.15.4; os darwin; arch amd64)
      X-Datadog-Parent-Id:
      - "5697264940781882010"
      X-Datadog-Sampling-Priority:
      - "1"
      X-Datadog-Trace-Id:
      - "3241538020422618677"
    url: https://api.datadoghq.com/api/v1/monitor/26020875
    method: GET
  response:
    body: '{"restricted_roles":null,"tags":[],"deleted":null,"query":"avg(last_1h):anomalies(avg:system.cpu.system{name:cassandra},
      ''basic'', 3, direction=''above'', alert_window=''last_5m'', interval=20, count_default_zero=''true'')
      >= 1","message":"some message Notify: @hipchat-channel","id":26020875,"multi":false,"name":"tf-TestAccDatadogMonitor_ThresholdWindows-local-1605874009","created":"2020-11-20T12:07:11.778644+00:00","created_at":1605874031000,"creator":{"id":1445416,"handle":"frog@datadoghq.com","name":null,"email":"frog@datadoghq.com"},"org_id":321813,"modified":"2020-11-20T12:07:11.778644+00:00","overall_state_modified":null,"overall_state":"No
      Data","type":"query alert","options":{"notify_audit":false,"locked":false,"timeout_h":60,"silenced":{},"include_tags":true,"thresholds":{"warning":0.5,"ok":0.0,"critical":1.0,"warning_recovery":0.25,"critical_recovery":0.5},"require_full_window":true,"new_host_delay":300,"notify_no_data":false,"renotify_interval":60,"escalation_message":"the
      situation has escalated @pagerduty","threshold_windows":{"recovery_window":"last_5m","trigger_window":"last_5m"}}}'
    headers:
      Cache-Control:
      - no-cache
      Connection:
      - keep-alive
      Content-Security-Policy:
      - frame-ancestors 'self'; report-uri https://api.datadoghq.com/csp-report
      Content-Type:
      - application/json
      Date:
      - Fri, 20 Nov 2020 12:07:13 GMT
      Dd-Pool:
      - dogweb
      Pragma:
      - no-cache
      Set-Cookie:
      - DD-PSHARD=233; Max-Age=604800; Path=/; expires=Fri, 27-Nov-2020 12:07:13 GMT;
        secure; HttpOnly
      Strict-Transport-Security:
      - max-age=15724800;
      Vary:
      - Accept-Encoding
      X-Content-Type-Options:
      - nosniff
      X-Dd-Debug:
      - 7ZZAowMV9z1Vr+0y/WbNkvcDUXbHQ7uNKkyZU3E6k00RqTwxh53CgITxXoDQsQqv
      X-Dd-Version:
      - "35.3405561"
      X-Frame-Options:
      - SAMEORIGIN
      X-Ratelimit-Limit:
      - "3000"
      X-Ratelimit-Period:
      - "10"
      X-Ratelimit-Remaining:
      - "2970"
      X-Ratelimit-Reset:
      - "7"
    status: 200 OK
    code: 200
    duration: ""
- request:
    body: ""
    form: {}
    headers:
      Accept:
      - application/json
      Dd-Operation-Id:
      - GetMonitor
      User-Agent:
      - terraform-provider-datadog/dev (terraform 1.15.0; terraform-cli 0.12.7-sdk)
        datadog-api-client-go/1.0.0-beta.11 (go go1.15.4; os darwin; arch amd64)
      X-Datadog-Parent-Id:
      - "8392932774403671974"
      X-Datadog-Sampling-Priority:
      - "1"
      X-Datadog-Trace-Id:
      - "3241538020422618677"
    url: https://api.datadoghq.com/api/v1/monitor/26020875
    method: GET
  response:
    body: '{"restricted_roles":null,"tags":[],"deleted":null,"query":"avg(last_1h):anomalies(avg:system.cpu.system{name:cassandra},
      ''basic'', 3, direction=''above'', alert_window=''last_5m'', interval=20, count_default_zero=''true'')
      >= 1","message":"some message Notify: @hipchat-channel","id":26020875,"multi":false,"name":"tf-TestAccDatadogMonitor_ThresholdWindows-local-1605874009","created":"2020-11-20T12:07:11.778644+00:00","created_at":1605874031000,"creator":{"id":1445416,"handle":"frog@datadoghq.com","name":null,"email":"frog@datadoghq.com"},"org_id":321813,"modified":"2020-11-20T12:07:11.778644+00:00","overall_state_modified":null,"overall_state":"No
      Data","type":"query alert","options":{"notify_audit":false,"locked":false,"timeout_h":60,"silenced":{},"include_tags":true,"thresholds":{"warning":0.5,"ok":0.0,"critical":1.0,"warning_recovery":0.25,"critical_recovery":0.5},"require_full_window":true,"new_host_delay":300,"notify_no_data":false,"renotify_interval":60,"escalation_message":"the
      situation has escalated @pagerduty","threshold_windows":{"recovery_window":"last_5m","trigger_window":"last_5m"}}}'
    headers:
      Cache-Control:
      - no-cache
      Connection:
      - keep-alive
      Content-Security-Policy:
      - frame-ancestors 'self'; report-uri https://api.datadoghq.com/csp-report
      Content-Type:
      - application/json
      Date:
      - Fri, 20 Nov 2020 12:07:13 GMT
      Dd-Pool:
      - dogweb
      Pragma:
      - no-cache
      Set-Cookie:
      - DD-PSHARD=233; Max-Age=604800; Path=/; expires=Fri, 27-Nov-2020 12:07:13 GMT;
        secure; HttpOnly
      Strict-Transport-Security:
      - max-age=15724800;
      Vary:
      - Accept-Encoding
      X-Content-Type-Options:
      - nosniff
      X-Dd-Debug:
      - pU+5spIfOFTru2RhY1ezKdt9iD04gzaa+zDs5x6Ik5VkXfw5rZx6HoPylEAvTInE
      X-Dd-Version:
      - "35.3405561"
      X-Frame-Options:
      - SAMEORIGIN
      X-Ratelimit-Limit:
      - "3000"
      X-Ratelimit-Period:
      - "10"
      X-Ratelimit-Remaining:
      - "2969"
      X-Ratelimit-Reset:
      - "7"
    status: 200 OK
    code: 200
    duration: ""
- request:
    body: ""
    form: {}
    headers:
      Accept:
      - application/json
      Dd-Operation-Id:
      - DeleteMonitor
      User-Agent:
      - terraform-provider-datadog/dev (terraform 1.15.0; terraform-cli 0.12.7-sdk)
        datadog-api-client-go/1.0.0-beta.11 (go go1.15.4; os darwin; arch amd64)
      X-Datadog-Parent-Id:
      - "3279658488387265787"
      X-Datadog-Sampling-Priority:
      - "1"
      X-Datadog-Trace-Id:
      - "3241538020422618677"
    url: https://api.datadoghq.com/api/v1/monitor/26020875
    method: DELETE
  response:
    body: '{"deleted_monitor_id":26020875}'
    headers:
      Cache-Control:
      - no-cache
      Connection:
      - keep-alive
      Content-Security-Policy:
      - frame-ancestors 'self'; report-uri https://api.datadoghq.com/csp-report
      Content-Type:
      - application/json
      Date:
      - Fri, 20 Nov 2020 12:07:13 GMT
      Dd-Pool:
      - dogweb
      Pragma:
      - no-cache
      Set-Cookie:
      - DD-PSHARD=233; Max-Age=604800; Path=/; expires=Fri, 27-Nov-2020 12:07:13 GMT;
        secure; HttpOnly
      Strict-Transport-Security:
      - max-age=15724800;
      Vary:
      - Accept-Encoding
      X-Content-Type-Options:
      - nosniff
      X-Dd-Debug:
      - /waQ67o9EXsAiQILmFHWOTHDJ6E+x7ROC0G8iNmC+2lV58E3PSGYbXj1H62A/c+u
      X-Dd-Version:
      - "35.3405561"
      X-Frame-Options:
      - SAMEORIGIN
    status: 200 OK
    code: 200
    duration: ""
- request:
    body: ""
    form: {}
    headers:
      User-Agent:
      - terraform-provider-datadog/dev (terraform 1.15.0; terraform-cli 0.12.7-sdk)
        datadog-api-client-go/go-datadog-api (go go1.15.4; os darwin; arch amd64)
      X-Datadog-Parent-Id:
      - "6935136719482290618"
      X-Datadog-Sampling-Priority:
      - "1"
      X-Datadog-Trace-Id:
      - "6935136719482290618"
    url: https://api.datadoghq.com/api/v1/monitor/26020875
    method: GET
  response:
    body: '{"errors":["Monitor not found"]}'
    headers:
      Cache-Control:
      - no-cache
      Connection:
      - keep-alive
      Content-Security-Policy:
      - frame-ancestors 'self'; report-uri https://api.datadoghq.com/csp-report
      Content-Type:
      - application/json
      Date:
      - Fri, 20 Nov 2020 12:07:13 GMT
      Dd-Pool:
      - dogweb
      Pragma:
      - no-cache
      Strict-Transport-Security:
      - max-age=15724800;
      Vary:
      - Accept-Encoding
      X-Content-Type-Options:
      - nosniff
      X-Dd-Version:
      - "35.3405561"
      X-Frame-Options:
      - SAMEORIGIN
      X-Ratelimit-Limit:
      - "3000"
      X-Ratelimit-Period:
      - "10"
      X-Ratelimit-Remaining:
      - "2968"
      X-Ratelimit-Reset:
      - "7"
    status: 404 Not Found
    code: 404
    duration: ""
