---
version: 1
interactions:
- request:
    body: '{"services":[{"service_name":"testing_bar","service_key":"*****"},{"service_name":"testing_foo","service_key":"*****"}],"subdomain":"ddog","schedules":["https://ddog.pagerduty.com/schedules/X123VF","https://ddog.pagerduty.com/schedules/X321XX"],"api_token":"*****"}'
    form: {}
    headers:
      Content-Type:
      - application/json
      User-Agent:
      - Datadog/dev/terraform (go1.13)
    url: https://api.datadoghq.com/api/v1/integration/pagerduty
    method: PUT
  response:
    body: ""
    headers:
      Connection:
      - keep-alive
      Content-Security-Policy:
      - frame-ancestors 'self'; report-uri https://api.datadoghq.com/csp-report
      Content-Type:
      - text/plain
      Date:
      - Wed, 04 Mar 2020 13:21:07 GMT
      Dd-Pool:
      - dogweb
      Set-Cookie:
      - DD-PSHARD=233; Max-Age=604800; Path=/; expires=Wed, 11-Mar-2020 13:21:07 GMT;
        secure; HttpOnly
      Strict-Transport-Security:
      - max-age=15724800;
      X-Content-Type-Options:
      - nosniff
      X-Dd-Debug:
      - BsieYxalcMaIS+cTbK9YL1FxnAIiDF/6CFe3/lefzTTUruWB5XaSb08KP3lTATlu
      X-Dd-Version:
      - "35.2240669"
      X-Frame-Options:
      - SAMEORIGIN
    status: 204 No Content
    code: 204
    duration: ""
- request:
    body: ""
    form: {}
    headers:
      User-Agent:
      - Datadog/dev/terraform (go1.13)
    url: https://api.datadoghq.com/api/v1/integration/pagerduty
    method: GET
  response:
    body: '{"services":[{"service_name":"testing_bar","service_key":"*****"},{"service_name":"testing_foo","service_key":"*****"}],"schedules":["https://ddog.pagerduty.com/schedules/X123VF","https://ddog.pagerduty.com/schedules/X321XX"],"subdomain":"ddog","api_token":"*****"}'
    headers:
      Cache-Control:
      - no-cache
      Connection:
      - keep-alive
      Content-Security-Policy:
      - frame-ancestors 'self'; report-uri https://api.datadoghq.com/csp-report
      Content-Type:
      - application/json
      Date:
      - Wed, 04 Mar 2020 13:21:07 GMT
      Dd-Pool:
      - dogweb
      Pragma:
      - no-cache
      Set-Cookie:
      - DD-PSHARD=233; Max-Age=604800; Path=/; expires=Wed, 11-Mar-2020 13:21:07 GMT;
        secure; HttpOnly
      Strict-Transport-Security:
      - max-age=15724800;
      Vary:
      - Accept-Encoding
      X-Content-Type-Options:
      - nosniff
      X-Dd-Debug:
      - RngFxOd8mVeT14auLfzsH/6kz142QLoKkYXZjfmXpXDkZ/eN6uoCM3cTScXuFEa0
      X-Dd-Version:
      - "35.2240669"
      X-Frame-Options:
      - SAMEORIGIN
    status: 200 OK
    code: 200
    duration: ""
- request:
    body: ""
    form: {}
    headers:
      User-Agent:
      - Datadog/dev/terraform (go1.13)
    url: https://api.datadoghq.com/api/v1/integration/pagerduty
    method: GET
  response:
    body: '{"services":[{"service_name":"testing_bar","service_key":"*****"},{"service_name":"testing_foo","service_key":"*****"}],"schedules":["https://ddog.pagerduty.com/schedules/X123VF","https://ddog.pagerduty.com/schedules/X321XX"],"subdomain":"ddog","api_token":"*****"}'
    headers:
      Cache-Control:
      - no-cache
      Connection:
      - keep-alive
      Content-Security-Policy:
      - frame-ancestors 'self'; report-uri https://api.datadoghq.com/csp-report
      Content-Type:
      - application/json
      Date:
      - Wed, 04 Mar 2020 13:21:07 GMT
      Dd-Pool:
      - dogweb
      Pragma:
      - no-cache
      Set-Cookie:
      - DD-PSHARD=233; Max-Age=604800; Path=/; expires=Wed, 11-Mar-2020 13:21:07 GMT;
        secure; HttpOnly
      Strict-Transport-Security:
      - max-age=15724800;
      Vary:
      - Accept-Encoding
      X-Content-Type-Options:
      - nosniff
      X-Dd-Debug:
      - ty7T8eIeXOfZhM7KDN5nGo8JS7ZSIWAqBNFeZshTg3LLDJJa7mPU5wqGt0nOPCpy
      X-Dd-Version:
      - "35.2240669"
      X-Frame-Options:
      - SAMEORIGIN
    status: 200 OK
    code: 200
    duration: ""
- request:
    body: ""
    form: {}
    headers:
      User-Agent:
      - Datadog/dev/terraform (go1.13)
    url: https://api.datadoghq.com/api/v1/integration/pagerduty
    method: GET
  response:
    body: '{"services":[{"service_name":"testing_bar","service_key":"*****"},{"service_name":"testing_foo","service_key":"*****"}],"schedules":["https://ddog.pagerduty.com/schedules/X123VF","https://ddog.pagerduty.com/schedules/X321XX"],"subdomain":"ddog","api_token":"*****"}'
    headers:
      Cache-Control:
      - no-cache
      Connection:
      - keep-alive
      Content-Security-Policy:
      - frame-ancestors 'self'; report-uri https://api.datadoghq.com/csp-report
      Content-Type:
      - application/json
      Date:
      - Wed, 04 Mar 2020 13:21:07 GMT
      Dd-Pool:
      - dogweb
      Pragma:
      - no-cache
      Set-Cookie:
      - DD-PSHARD=233; Max-Age=604800; Path=/; expires=Wed, 11-Mar-2020 13:21:07 GMT;
        secure; HttpOnly
      Strict-Transport-Security:
      - max-age=15724800;
      Vary:
      - Accept-Encoding
      X-Content-Type-Options:
      - nosniff
      X-Dd-Debug:
      - j9H0Mt41m875GBjR2i9r831ZILGOU6+Jata5+JJkOQgIsO+SrMkmgWN80SCun0Sk
      X-Dd-Version:
      - "35.2240669"
      X-Frame-Options:
      - SAMEORIGIN
    status: 200 OK
    code: 200
    duration: ""
- request:
    body: ""
    form: {}
    headers:
      User-Agent:
      - Datadog/dev/terraform (go1.13)
    url: https://api.datadoghq.com/api/v1/integration/pagerduty
    method: GET
  response:
    body: '{"services":[{"service_name":"testing_bar","service_key":"*****"},{"service_name":"testing_foo","service_key":"*****"}],"schedules":["https://ddog.pagerduty.com/schedules/X123VF","https://ddog.pagerduty.com/schedules/X321XX"],"subdomain":"ddog","api_token":"*****"}'
    headers:
      Cache-Control:
      - no-cache
      Connection:
      - keep-alive
      Content-Security-Policy:
      - frame-ancestors 'self'; report-uri https://api.datadoghq.com/csp-report
      Content-Type:
      - application/json
      Date:
      - Wed, 04 Mar 2020 13:21:07 GMT
      Dd-Pool:
      - dogweb
      Pragma:
      - no-cache
      Set-Cookie:
      - DD-PSHARD=233; Max-Age=604800; Path=/; expires=Wed, 11-Mar-2020 13:21:07 GMT;
        secure; HttpOnly
      Strict-Transport-Security:
      - max-age=15724800;
      Vary:
      - Accept-Encoding
      X-Content-Type-Options:
      - nosniff
      X-Dd-Debug:
      - mIWJPPM06xs5rSGFgggpdD5UbOnt6ntntAO8/8YDsVuXnSmp/k0aZ5dEUtAKB7Td
      X-Dd-Version:
      - "35.2240669"
      X-Frame-Options:
      - SAMEORIGIN
    status: 200 OK
    code: 200
    duration: ""
- request:
    body: ""
    form: {}
    headers:
      User-Agent:
      - Datadog/dev/terraform (go1.13)
    url: https://api.datadoghq.com/api/v1/integration/pagerduty
    method: GET
  response:
    body: '{"services":[{"service_name":"testing_bar","service_key":"*****"},{"service_name":"testing_foo","service_key":"*****"}],"schedules":["https://ddog.pagerduty.com/schedules/X123VF","https://ddog.pagerduty.com/schedules/X321XX"],"subdomain":"ddog","api_token":"*****"}'
    headers:
      Cache-Control:
      - no-cache
      Connection:
      - keep-alive
      Content-Security-Policy:
      - frame-ancestors 'self'; report-uri https://api.datadoghq.com/csp-report
      Content-Type:
      - application/json
      Date:
      - Wed, 04 Mar 2020 13:21:08 GMT
      Dd-Pool:
      - dogweb
      Pragma:
      - no-cache
      Set-Cookie:
      - DD-PSHARD=233; Max-Age=604800; Path=/; expires=Wed, 11-Mar-2020 13:21:08 GMT;
        secure; HttpOnly
      Strict-Transport-Security:
      - max-age=15724800;
      Vary:
      - Accept-Encoding
      X-Content-Type-Options:
      - nosniff
      X-Dd-Debug:
      - Z91NUpPIZnIQ9h7lBFWBkEPGVUEsn4/i71imPPwrChu4RPI5uNM5HGuodISK1HBR
      X-Dd-Version:
      - "35.2240669"
      X-Frame-Options:
      - SAMEORIGIN
    status: 200 OK
    code: 200
    duration: ""
- request:
    body: ""
    form: {}
    headers:
      User-Agent:
      - Datadog/dev/terraform (go1.13)
    url: https://api.datadoghq.com/api/v1/integration/pagerduty
    method: GET
  response:
    body: '{"services":[{"service_name":"testing_bar","service_key":"*****"},{"service_name":"testing_foo","service_key":"*****"}],"schedules":["https://ddog.pagerduty.com/schedules/X123VF","https://ddog.pagerduty.com/schedules/X321XX"],"subdomain":"ddog","api_token":"*****"}'
    headers:
      Cache-Control:
      - no-cache
      Connection:
      - keep-alive
      Content-Security-Policy:
      - frame-ancestors 'self'; report-uri https://api.datadoghq.com/csp-report
      Content-Type:
      - application/json
      Date:
      - Wed, 04 Mar 2020 13:21:08 GMT
      Dd-Pool:
      - dogweb
      Pragma:
      - no-cache
      Set-Cookie:
      - DD-PSHARD=233; Max-Age=604800; Path=/; expires=Wed, 11-Mar-2020 13:21:08 GMT;
        secure; HttpOnly
      Strict-Transport-Security:
      - max-age=15724800;
      Vary:
      - Accept-Encoding
      X-Content-Type-Options:
      - nosniff
      X-Dd-Debug:
      - u2B27rQjtu8TuEjzrroc8ae3xeJMLmsxU6SiAszW1tH+EI3X0cOP819eGNRqlxzl
      X-Dd-Version:
      - "35.2240669"
      X-Frame-Options:
      - SAMEORIGIN
    status: 200 OK
    code: 200
    duration: ""
- request:
    body: '{"subdomain":"ddog","schedules":["https://ddog.pagerduty.com/schedules/X123VF","https://ddog.pagerduty.com/schedules/X321XX"],"api_token":"*****"}'
    form: {}
    headers:
      Content-Type:
      - application/json
      User-Agent:
      - Datadog/dev/terraform (go1.13)
    url: https://api.datadoghq.com/api/v1/integration/pagerduty
    method: PUT
  response:
    body: ""
    headers:
      Connection:
      - keep-alive
      Content-Security-Policy:
      - frame-ancestors 'self'; report-uri https://api.datadoghq.com/csp-report
      Content-Type:
      - text/plain
      Date:
      - Wed, 04 Mar 2020 13:21:08 GMT
      Dd-Pool:
      - dogweb
      Set-Cookie:
      - DD-PSHARD=233; Max-Age=604800; Path=/; expires=Wed, 11-Mar-2020 13:21:08 GMT;
        secure; HttpOnly
      Strict-Transport-Security:
      - max-age=15724800;
      X-Content-Type-Options:
      - nosniff
      X-Dd-Debug:
      - YNGrI7M9aLfuf6Npp7n/51e6xDtYCO9Rm/LB+HGbX4I6A/e7rnC+cgQxIZnsU+fj
      X-Dd-Version:
      - "35.2240669"
      X-Frame-Options:
      - SAMEORIGIN
    status: 204 No Content
    code: 204
    duration: ""
- request:
    body: ""
    form: {}
    headers:
      User-Agent:
      - Datadog/dev/terraform (go1.13)
    url: https://api.datadoghq.com/api/v1/integration/pagerduty
    method: GET
  response:
    body: '{"services":[{"service_name":"testing_bar","service_key":"*****"},{"service_name":"testing_foo","service_key":"*****"}],"schedules":["https://ddog.pagerduty.com/schedules/X123VF","https://ddog.pagerduty.com/schedules/X321XX"],"subdomain":"ddog","api_token":"*****"}'
    headers:
      Cache-Control:
      - no-cache
      Connection:
      - keep-alive
      Content-Security-Policy:
      - frame-ancestors 'self'; report-uri https://api.datadoghq.com/csp-report
      Content-Type:
      - application/json
      Date:
      - Wed, 04 Mar 2020 13:21:08 GMT
      Dd-Pool:
      - dogweb
      Pragma:
      - no-cache
      Set-Cookie:
      - DD-PSHARD=233; Max-Age=604800; Path=/; expires=Wed, 11-Mar-2020 13:21:08 GMT;
        secure; HttpOnly
      Strict-Transport-Security:
      - max-age=15724800;
      Vary:
      - Accept-Encoding
      X-Content-Type-Options:
      - nosniff
      X-Dd-Debug:
      - KHJbOoqp3I4BOBzIFnc/Ois3eg3Rjmudy0YalRpnXQEDXDoppykpDMDaJPIufi9t
      X-Dd-Version:
      - "35.2240669"
      X-Frame-Options:
      - SAMEORIGIN
    status: 200 OK
    code: 200
    duration: ""
- request:
    body: ""
    form: {}
    headers:
      User-Agent:
      - Datadog/dev/terraform (go1.13)
    url: https://api.datadoghq.com/api/v1/integration/pagerduty/configuration/services/testing_bar
    method: DELETE
  response:
    body: "null"
    headers:
      Cache-Control:
      - no-cache
      Connection:
      - keep-alive
      Content-Length:
      - "4"
      Content-Security-Policy:
      - frame-ancestors 'self'; report-uri https://api.datadoghq.com/csp-report
      Content-Type:
      - application/json
      Date:
      - Wed, 04 Mar 2020 13:21:08 GMT
      Dd-Pool:
      - dogweb
      Pragma:
      - no-cache
      Set-Cookie:
      - DD-PSHARD=233; Max-Age=604800; Path=/; expires=Wed, 11-Mar-2020 13:21:08 GMT;
        secure; HttpOnly
      Strict-Transport-Security:
      - max-age=15724800;
      X-Content-Type-Options:
      - nosniff
      X-Dd-Debug:
      - btzHvL7Rg/f/n1wMP2CFVXsuErrwOO9p2hvsBofLQbxzRkmZbfvXcB18pURNtIOI
      X-Dd-Version:
      - "35.2240669"
      X-Frame-Options:
      - SAMEORIGIN
    status: 200 OK
    code: 200
    duration: ""
- request:
    body: ""
    form: {}
    headers:
      User-Agent:
      - Datadog/dev/terraform (go1.13)
    url: https://api.datadoghq.com/api/v1/integration/pagerduty/configuration/services/testing_foo
    method: DELETE
  response:
    body: "null"
    headers:
      Cache-Control:
      - no-cache
      Connection:
      - keep-alive
      Content-Length:
      - "4"
      Content-Security-Policy:
      - frame-ancestors 'self'; report-uri https://api.datadoghq.com/csp-report
      Content-Type:
      - application/json
      Date:
      - Wed, 04 Mar 2020 13:21:09 GMT
      Dd-Pool:
      - dogweb
      Pragma:
      - no-cache
      Set-Cookie:
      - DD-PSHARD=233; Max-Age=604800; Path=/; expires=Wed, 11-Mar-2020 13:21:09 GMT;
        secure; HttpOnly
      Strict-Transport-Security:
      - max-age=15724800;
      X-Content-Type-Options:
      - nosniff
      X-Dd-Debug:
      - fLh2Ki8TBaqqP7azNnKugW2P+FqYhl36RGg8m8syr+2I6kNse5gXxG00+xylWppT
      X-Dd-Version:
      - "35.2240669"
      X-Frame-Options:
      - SAMEORIGIN
    status: 200 OK
    code: 200
    duration: ""
- request:
    body: ""
    form: {}
    headers:
      User-Agent:
      - Datadog/dev/terraform (go1.13)
    url: https://api.datadoghq.com/api/v1/integration/pagerduty
    method: GET
  response:
    body: '{"services":[],"schedules":["https://ddog.pagerduty.com/schedules/X123VF","https://ddog.pagerduty.com/schedules/X321XX"],"subdomain":"ddog","api_token":"*****"}'
    headers:
      Cache-Control:
      - no-cache
      Connection:
      - keep-alive
      Content-Security-Policy:
      - frame-ancestors 'self'; report-uri https://api.datadoghq.com/csp-report
      Content-Type:
      - application/json
      Date:
      - Wed, 04 Mar 2020 13:21:09 GMT
      Dd-Pool:
      - dogweb
      Pragma:
      - no-cache
      Set-Cookie:
      - DD-PSHARD=233; Max-Age=604800; Path=/; expires=Wed, 11-Mar-2020 13:21:09 GMT;
        secure; HttpOnly
      Strict-Transport-Security:
      - max-age=15724800;
      Vary:
      - Accept-Encoding
      X-Content-Type-Options:
      - nosniff
      X-Dd-Debug:
      - 3OCRM/4FZbkllI4iloi1acHDABD1SJi2aj2fysEPLLsOVOk5Ki6mi6IOsVG7JIay
      X-Dd-Version:
      - "35.2240669"
      X-Frame-Options:
      - SAMEORIGIN
    status: 200 OK
    code: 200
    duration: ""
- request:
    body: ""
    form: {}
    headers:
      User-Agent:
      - Datadog/dev/terraform (go1.13)
    url: https://api.datadoghq.com/api/v1/integration/pagerduty
    method: GET
  response:
    body: '{"services":[],"schedules":["https://ddog.pagerduty.com/schedules/X123VF","https://ddog.pagerduty.com/schedules/X321XX"],"subdomain":"ddog","api_token":"*****"}'
    headers:
      Cache-Control:
      - no-cache
      Connection:
      - keep-alive
      Content-Security-Policy:
      - frame-ancestors 'self'; report-uri https://api.datadoghq.com/csp-report
      Content-Type:
      - application/json
      Date:
      - Wed, 04 Mar 2020 13:21:09 GMT
      Dd-Pool:
      - dogweb
      Pragma:
      - no-cache
      Set-Cookie:
      - DD-PSHARD=233; Max-Age=604800; Path=/; expires=Wed, 11-Mar-2020 13:21:09 GMT;
        secure; HttpOnly
      Strict-Transport-Security:
      - max-age=15724800;
      Vary:
      - Accept-Encoding
      X-Content-Type-Options:
      - nosniff
      X-Dd-Debug:
      - PcnVfOcEtqolY6fi98GEVSGXOZZkwQSBbl/twLr2TucYRfYyGCLXvKm6pTUNQt1l
      X-Dd-Version:
      - "35.2240669"
      X-Frame-Options:
      - SAMEORIGIN
    status: 200 OK
    code: 200
    duration: ""
- request:
    body: ""
    form: {}
    headers:
      User-Agent:
      - Datadog/dev/terraform (go1.13)
    url: https://api.datadoghq.com/api/v1/integration/pagerduty
    method: GET
  response:
    body: '{"services":[],"schedules":["https://ddog.pagerduty.com/schedules/X123VF","https://ddog.pagerduty.com/schedules/X321XX"],"subdomain":"ddog","api_token":"*****"}'
    headers:
      Cache-Control:
      - no-cache
      Connection:
      - keep-alive
      Content-Security-Policy:
      - frame-ancestors 'self'; report-uri https://api.datadoghq.com/csp-report
      Content-Type:
      - application/json
      Date:
      - Wed, 04 Mar 2020 13:21:09 GMT
      Dd-Pool:
      - dogweb
      Pragma:
      - no-cache
      Set-Cookie:
      - DD-PSHARD=233; Max-Age=604800; Path=/; expires=Wed, 11-Mar-2020 13:21:09 GMT;
        secure; HttpOnly
      Strict-Transport-Security:
      - max-age=15724800;
      Vary:
      - Accept-Encoding
      X-Content-Type-Options:
      - nosniff
      X-Dd-Debug:
      - Xj/PwLDKe3Ll1QwGP2SdQuyUcOtG0YD60hQDJ9tPEhK9OEMHkSCPXdZRvPX0YYGO
      X-Dd-Version:
      - "35.2240669"
      X-Frame-Options:
      - SAMEORIGIN
    status: 200 OK
    code: 200
    duration: ""
- request:
    body: ""
    form: {}
    headers:
      User-Agent:
      - Datadog/dev/terraform (go1.13)
    url: https://api.datadoghq.com/api/v1/integration/pagerduty
    method: GET
  response:
    body: '{"services":[],"schedules":["https://ddog.pagerduty.com/schedules/X123VF","https://ddog.pagerduty.com/schedules/X321XX"],"subdomain":"ddog","api_token":"*****"}'
    headers:
      Cache-Control:
      - no-cache
      Connection:
      - keep-alive
      Content-Security-Policy:
      - frame-ancestors 'self'; report-uri https://api.datadoghq.com/csp-report
      Content-Type:
      - application/json
      Date:
      - Wed, 04 Mar 2020 13:21:09 GMT
      Dd-Pool:
      - dogweb
      Pragma:
      - no-cache
      Set-Cookie:
      - DD-PSHARD=233; Max-Age=604800; Path=/; expires=Wed, 11-Mar-2020 13:21:09 GMT;
        secure; HttpOnly
      Strict-Transport-Security:
      - max-age=15724800;
      Vary:
      - Accept-Encoding
      X-Content-Type-Options:
      - nosniff
      X-Dd-Debug:
      - qQjtInIx1/QKXFlq6Yoz4D/caW/S2oJqgJl91CEEpXrlxRmYHcLgIFCRCvW61KAy
      X-Dd-Version:
      - "35.2240669"
      X-Frame-Options:
      - SAMEORIGIN
    status: 200 OK
    code: 200
    duration: ""
- request:
    body: ""
    form: {}
    headers:
      User-Agent:
      - Datadog/dev/terraform (go1.13)
    url: https://api.datadoghq.com/api/v1/integration/pagerduty
    method: GET
  response:
    body: '{"services":[],"schedules":["https://ddog.pagerduty.com/schedules/X123VF","https://ddog.pagerduty.com/schedules/X321XX"],"subdomain":"ddog","api_token":"*****"}'
    headers:
      Cache-Control:
      - no-cache
      Connection:
      - keep-alive
      Content-Security-Policy:
      - frame-ancestors 'self'; report-uri https://api.datadoghq.com/csp-report
      Content-Type:
      - application/json
      Date:
      - Wed, 04 Mar 2020 13:21:10 GMT
      Dd-Pool:
      - dogweb
      Pragma:
      - no-cache
      Set-Cookie:
      - DD-PSHARD=233; Max-Age=604800; Path=/; expires=Wed, 11-Mar-2020 13:21:10 GMT;
        secure; HttpOnly
      Strict-Transport-Security:
      - max-age=15724800;
      Vary:
      - Accept-Encoding
      X-Content-Type-Options:
      - nosniff
      X-Dd-Debug:
      - menB+JzZJZWnsBMzYDdvLqZLyJ1Z3XKvvLNUvAnnxCkhc359HSRPRWZhATTwUzcU
      X-Dd-Version:
      - "35.2240669"
      X-Frame-Options:
      - SAMEORIGIN
    status: 200 OK
    code: 200
    duration: ""
- request:
    body: '{"subdomain":"ddog","schedules":["https://ddog.pagerduty.com/schedules/X123VF","https://ddog.pagerduty.com/schedules/X321XX"],"api_token":"*****"}'
    form: {}
    headers:
      Content-Type:
      - application/json
      User-Agent:
      - Datadog/dev/terraform (go1.13)
    url: https://api.datadoghq.com/api/v1/integration/pagerduty
    method: PUT
  response:
    body: ""
    headers:
      Connection:
      - keep-alive
      Content-Security-Policy:
      - frame-ancestors 'self'; report-uri https://api.datadoghq.com/csp-report
      Content-Type:
      - text/plain
      Date:
      - Wed, 04 Mar 2020 13:21:10 GMT
      Dd-Pool:
      - dogweb
      Set-Cookie:
      - DD-PSHARD=233; Max-Age=604800; Path=/; expires=Wed, 11-Mar-2020 13:21:10 GMT;
        secure; HttpOnly
      Strict-Transport-Security:
      - max-age=15724800;
      X-Content-Type-Options:
      - nosniff
      X-Dd-Debug:
      - +UwwYRc+A5vkEib2s1YY/+OMx26FxXkDPMnhrpaIz/kTVseyL62lC12FdLJrU3nv
      X-Dd-Version:
      - "35.2240669"
      X-Frame-Options:
      - SAMEORIGIN
    status: 204 No Content
    code: 204
    duration: ""
- request:
    body: ""
    form: {}
    headers:
      User-Agent:
      - Datadog/dev/terraform (go1.13)
    url: https://api.datadoghq.com/api/v1/integration/pagerduty
    method: GET
  response:
    body: '{"services":[],"schedules":["https://ddog.pagerduty.com/schedules/X123VF","https://ddog.pagerduty.com/schedules/X321XX"],"subdomain":"ddog","api_token":"*****"}'
    headers:
      Cache-Control:
      - no-cache
      Connection:
      - keep-alive
      Content-Security-Policy:
      - frame-ancestors 'self'; report-uri https://api.datadoghq.com/csp-report
      Content-Type:
      - application/json
      Date:
      - Wed, 04 Mar 2020 13:21:10 GMT
      Dd-Pool:
      - dogweb
      Pragma:
      - no-cache
      Set-Cookie:
      - DD-PSHARD=233; Max-Age=604800; Path=/; expires=Wed, 11-Mar-2020 13:21:10 GMT;
        secure; HttpOnly
      Strict-Transport-Security:
      - max-age=15724800;
      Vary:
      - Accept-Encoding
      X-Content-Type-Options:
      - nosniff
      X-Dd-Debug:
      - SaHvyR/hQzhMjBxXmmuM76vwlwfocpgL0LhX3u6R0CFONYqUGm7Xe/7/HyTliTFX
      X-Dd-Version:
      - "35.2240669"
      X-Frame-Options:
      - SAMEORIGIN
    status: 200 OK
    code: 200
    duration: ""
- request:
    body: '{"service_name":"testing_foo","service_key":"9876543210123456789"}'
    form: {}
    headers:
      Content-Type:
      - application/json
      User-Agent:
      - Datadog/dev/terraform (go1.13)
    url: https://api.datadoghq.com/api/v1/integration/pagerduty/configuration/services
    method: POST
  response:
    body: '{"service_name":"testing_foo"}'
    headers:
      Cache-Control:
      - no-cache
      Connection:
      - keep-alive
      Content-Length:
      - "30"
      Content-Security-Policy:
      - frame-ancestors 'self'; report-uri https://api.datadoghq.com/csp-report
      Content-Type:
      - application/json
      Date:
      - Wed, 04 Mar 2020 13:21:10 GMT
      Dd-Pool:
      - dogweb
      Pragma:
      - no-cache
      Set-Cookie:
      - DD-PSHARD=233; Max-Age=604800; Path=/; expires=Wed, 11-Mar-2020 13:21:10 GMT;
        secure; HttpOnly
      Strict-Transport-Security:
      - max-age=15724800;
      X-Content-Type-Options:
      - nosniff
      X-Dd-Debug:
      - 3GTZ6ImnvkiMOuKTP2ILv/2CbQJLb5wTjyX1KOTCD/aaxDS+HyYye1EH1uVK9Ajh
      X-Dd-Version:
      - "35.2240669"
      X-Frame-Options:
      - SAMEORIGIN
    status: 201 Created
    code: 201
    duration: ""
- request:
    body: ""
    form: {}
    headers:
      User-Agent:
      - Datadog/dev/terraform (go1.13)
    url: https://api.datadoghq.com/api/v1/integration/pagerduty/configuration/services/testing_foo
    method: GET
  response:
    body: '{"service_name":"testing_foo"}'
    headers:
      Cache-Control:
      - no-cache
      Connection:
      - keep-alive
      Content-Security-Policy:
      - frame-ancestors 'self'; report-uri https://api.datadoghq.com/csp-report
      Content-Type:
      - application/json
      Date:
      - Wed, 04 Mar 2020 13:21:10 GMT
      Dd-Pool:
      - dogweb
      Pragma:
      - no-cache
      Set-Cookie:
      - DD-PSHARD=233; Max-Age=604800; Path=/; expires=Wed, 11-Mar-2020 13:21:10 GMT;
        secure; HttpOnly
      Strict-Transport-Security:
      - max-age=15724800;
      Vary:
      - Accept-Encoding
      X-Content-Type-Options:
      - nosniff
      X-Dd-Debug:
      - /Ib6MMQTHlX0/jTb6tlEMzSZs2crLqjkGjYkoQ/zb0RHtMaXT744DZRFpy23W0oi
      X-Dd-Version:
      - "35.2240669"
      X-Frame-Options:
      - SAMEORIGIN
    status: 200 OK
    code: 200
    duration: ""
- request:
    body: '{"service_name":"testing_bar","service_key":"54321098765432109876"}'
    form: {}
    headers:
      Content-Type:
      - application/json
      User-Agent:
      - Datadog/dev/terraform (go1.13)
    url: https://api.datadoghq.com/api/v1/integration/pagerduty/configuration/services
    method: POST
  response:
    body: '{"service_name":"testing_bar"}'
    headers:
      Cache-Control:
      - no-cache
      Connection:
      - keep-alive
      Content-Length:
      - "30"
      Content-Security-Policy:
      - frame-ancestors 'self'; report-uri https://api.datadoghq.com/csp-report
      Content-Type:
      - application/json
      Date:
      - Wed, 04 Mar 2020 13:21:10 GMT
      Dd-Pool:
      - dogweb
      Pragma:
      - no-cache
      Set-Cookie:
      - DD-PSHARD=233; Max-Age=604800; Path=/; expires=Wed, 11-Mar-2020 13:21:10 GMT;
        secure; HttpOnly
      Strict-Transport-Security:
      - max-age=15724800;
      X-Content-Type-Options:
      - nosniff
      X-Dd-Debug:
      - RbevWUvO2oQYYDnX/G1lndTh/kTt+ebFIvajU6/3Ivb5c6aUQf49/uD1ICaXyx52
      X-Dd-Version:
      - "35.2240669"
      X-Frame-Options:
      - SAMEORIGIN
    status: 201 Created
    code: 201
    duration: ""
- request:
    body: ""
    form: {}
    headers:
      User-Agent:
      - Datadog/dev/terraform (go1.13)
    url: https://api.datadoghq.com/api/v1/integration/pagerduty/configuration/services/testing_bar
    method: GET
  response:
    body: '{"service_name":"testing_bar"}'
    headers:
      Cache-Control:
      - no-cache
      Connection:
      - keep-alive
      Content-Security-Policy:
      - frame-ancestors 'self'; report-uri https://api.datadoghq.com/csp-report
      Content-Type:
      - application/json
      Date:
      - Wed, 04 Mar 2020 13:21:11 GMT
      Dd-Pool:
      - dogweb
      Pragma:
      - no-cache
      Set-Cookie:
      - DD-PSHARD=233; Max-Age=604800; Path=/; expires=Wed, 11-Mar-2020 13:21:11 GMT;
        secure; HttpOnly
      Strict-Transport-Security:
      - max-age=15724800;
      Vary:
      - Accept-Encoding
      X-Content-Type-Options:
      - nosniff
      X-Dd-Debug:
      - 11g4TM+MO8VJV6iUJTOff4hAGEXsIqbG4IMv2YuWygOleCGxCxx6NihCkVtjenZN
      X-Dd-Version:
      - "35.2240669"
      X-Frame-Options:
      - SAMEORIGIN
    status: 200 OK
    code: 200
    duration: ""
- request:
    body: ""
    form: {}
    headers:
      User-Agent:
      - Datadog/dev/terraform (go1.13)
    url: https://api.datadoghq.com/api/v1/integration/pagerduty
    method: GET
  response:
    body: '{"services":[{"service_name":"testing_foo","service_key":"*****"},{"service_name":"testing_bar","service_key":"*****"}],"schedules":["https://ddog.pagerduty.com/schedules/X123VF","https://ddog.pagerduty.com/schedules/X321XX"],"subdomain":"ddog","api_token":"*****"}'
    headers:
      Cache-Control:
      - no-cache
      Connection:
      - keep-alive
      Content-Security-Policy:
      - frame-ancestors 'self'; report-uri https://api.datadoghq.com/csp-report
      Content-Type:
      - application/json
      Date:
      - Wed, 04 Mar 2020 13:21:11 GMT
      Dd-Pool:
      - dogweb
      Pragma:
      - no-cache
      Set-Cookie:
      - DD-PSHARD=233; Max-Age=604800; Path=/; expires=Wed, 11-Mar-2020 13:21:11 GMT;
        secure; HttpOnly
      Strict-Transport-Security:
      - max-age=15724800;
      Vary:
      - Accept-Encoding
      X-Content-Type-Options:
      - nosniff
      X-Dd-Debug:
      - nDs7oXQtOYsvIIpPzuNZX0qDgGBu3ENkec7da4phztYl7kD88B7t5enRlUQmZVgO
      X-Dd-Version:
      - "35.2240669"
      X-Frame-Options:
      - SAMEORIGIN
    status: 200 OK
    code: 200
    duration: ""
- request:
    body: ""
    form: {}
    headers:
      User-Agent:
      - Datadog/dev/terraform (go1.13)
    url: https://api.datadoghq.com/api/v1/integration/pagerduty
    method: GET
  response:
    body: '{"services":[{"service_name":"testing_foo","service_key":"*****"},{"service_name":"testing_bar","service_key":"*****"}],"schedules":["https://ddog.pagerduty.com/schedules/X123VF","https://ddog.pagerduty.com/schedules/X321XX"],"subdomain":"ddog","api_token":"*****"}'
    headers:
      Cache-Control:
      - no-cache
      Connection:
      - keep-alive
      Content-Security-Policy:
      - frame-ancestors 'self'; report-uri https://api.datadoghq.com/csp-report
      Content-Type:
      - application/json
      Date:
      - Wed, 04 Mar 2020 13:21:11 GMT
      Dd-Pool:
      - dogweb
      Pragma:
      - no-cache
      Set-Cookie:
      - DD-PSHARD=233; Max-Age=604800; Path=/; expires=Wed, 11-Mar-2020 13:21:11 GMT;
        secure; HttpOnly
      Strict-Transport-Security:
      - max-age=15724800;
      Vary:
      - Accept-Encoding
      X-Content-Type-Options:
      - nosniff
      X-Dd-Debug:
      - ns395qtajdi4vImLC5PhByq3vzX3KV9r4kOaLqZ3Kb42AGxxpM06vNzB/Pdubr1b
      X-Dd-Version:
      - "35.2240669"
      X-Frame-Options:
      - SAMEORIGIN
    status: 200 OK
    code: 200
    duration: ""
- request:
    body: ""
    form: {}
    headers:
      User-Agent:
      - Datadog/dev/terraform (go1.13)
    url: https://api.datadoghq.com/api/v1/integration/pagerduty
    method: GET
  response:
    body: '{"services":[{"service_name":"testing_foo","service_key":"*****"},{"service_name":"testing_bar","service_key":"*****"}],"schedules":["https://ddog.pagerduty.com/schedules/X123VF","https://ddog.pagerduty.com/schedules/X321XX"],"subdomain":"ddog","api_token":"*****"}'
    headers:
      Cache-Control:
      - no-cache
      Connection:
      - keep-alive
      Content-Security-Policy:
      - frame-ancestors 'self'; report-uri https://api.datadoghq.com/csp-report
      Content-Type:
      - application/json
      Date:
      - Wed, 04 Mar 2020 13:21:11 GMT
      Dd-Pool:
      - dogweb
      Pragma:
      - no-cache
      Set-Cookie:
      - DD-PSHARD=233; Max-Age=604800; Path=/; expires=Wed, 11-Mar-2020 13:21:11 GMT;
        secure; HttpOnly
      Strict-Transport-Security:
      - max-age=15724800;
      Vary:
      - Accept-Encoding
      X-Content-Type-Options:
      - nosniff
      X-Dd-Debug:
      - ns395qtajdi4vImLC5PhByq3vzX3KV9r4kOaLqZ3Kb42AGxxpM06vNzB/Pdubr1b
      X-Dd-Version:
      - "35.2240669"
      X-Frame-Options:
      - SAMEORIGIN
    status: 200 OK
    code: 200
    duration: ""
- request:
    body: ""
    form: {}
    headers:
      User-Agent:
      - Datadog/dev/terraform (go1.13)
    url: https://api.datadoghq.com/api/v1/integration/pagerduty/configuration/services/testing_foo
    method: GET
  response:
    body: '{"service_name":"testing_foo"}'
    headers:
      Cache-Control:
      - no-cache
      Connection:
      - keep-alive
      Content-Security-Policy:
      - frame-ancestors 'self'; report-uri https://api.datadoghq.com/csp-report
      Content-Type:
      - application/json
      Date:
      - Wed, 04 Mar 2020 13:21:11 GMT
      Dd-Pool:
      - dogweb
      Pragma:
      - no-cache
      Set-Cookie:
      - DD-PSHARD=233; Max-Age=604800; Path=/; expires=Wed, 11-Mar-2020 13:21:11 GMT;
        secure; HttpOnly
      Strict-Transport-Security:
      - max-age=15724800;
      Vary:
      - Accept-Encoding
      X-Content-Type-Options:
      - nosniff
      X-Dd-Debug:
      - SaHvyR/hQzhMjBxXmmuM76vwlwfocpgL0LhX3u6R0CFONYqUGm7Xe/7/HyTliTFX
      X-Dd-Version:
      - "35.2240669"
      X-Frame-Options:
      - SAMEORIGIN
    status: 200 OK
    code: 200
    duration: ""
- request:
    body: ""
    form: {}
    headers:
      User-Agent:
      - Datadog/dev/terraform (go1.13)
    url: https://api.datadoghq.com/api/v1/integration/pagerduty/configuration/services/testing_bar
    method: GET
  response:
    body: '{"service_name":"testing_bar"}'
    headers:
      Cache-Control:
      - no-cache
      Connection:
      - keep-alive
      Content-Security-Policy:
      - frame-ancestors 'self'; report-uri https://api.datadoghq.com/csp-report
      Content-Type:
      - application/json
      Date:
      - Wed, 04 Mar 2020 13:21:11 GMT
      Dd-Pool:
      - dogweb
      Pragma:
      - no-cache
      Set-Cookie:
      - DD-PSHARD=233; Max-Age=604800; Path=/; expires=Wed, 11-Mar-2020 13:21:11 GMT;
        secure; HttpOnly
      Strict-Transport-Security:
      - max-age=15724800;
      Vary:
      - Accept-Encoding
      X-Content-Type-Options:
      - nosniff
      X-Dd-Debug:
      - CFSDBBie5Okt4N1oWVJNTAqpt778eCo7VQZ0NhVFWw8MHYFUwuA7DURhpFRYY+Wy
      X-Dd-Version:
      - "35.2240669"
      X-Frame-Options:
      - SAMEORIGIN
    status: 200 OK
    code: 200
    duration: ""
- request:
    body: ""
    form: {}
    headers:
      User-Agent:
      - Datadog/dev/terraform (go1.13)
    url: https://api.datadoghq.com/api/v1/integration/pagerduty/configuration/services/testing_foo
    method: GET
  response:
    body: '{"service_name":"testing_foo"}'
    headers:
      Cache-Control:
      - no-cache
      Connection:
      - keep-alive
      Content-Security-Policy:
      - frame-ancestors 'self'; report-uri https://api.datadoghq.com/csp-report
      Content-Type:
      - application/json
      Date:
      - Wed, 04 Mar 2020 13:21:11 GMT
      Dd-Pool:
      - dogweb
      Pragma:
      - no-cache
      Set-Cookie:
      - DD-PSHARD=233; Max-Age=604800; Path=/; expires=Wed, 11-Mar-2020 13:21:11 GMT;
        secure; HttpOnly
      Strict-Transport-Security:
      - max-age=15724800;
      Vary:
      - Accept-Encoding
      X-Content-Type-Options:
      - nosniff
      X-Dd-Debug:
      - HtltRxB6FWULKbr8JD/35HKWhI+dqAFQg/rNpMbjeMOPUq5j5iWk+nIs8OwDOqUR
      X-Dd-Version:
      - "35.2240669"
      X-Frame-Options:
      - SAMEORIGIN
    status: 200 OK
    code: 200
    duration: ""
- request:
    body: ""
    form: {}
    headers:
      User-Agent:
      - Datadog/dev/terraform (go1.13)
    url: https://api.datadoghq.com/api/v1/integration/pagerduty/configuration/services/testing_bar
    method: GET
  response:
    body: '{"service_name":"testing_bar"}'
    headers:
      Cache-Control:
      - no-cache
      Connection:
      - keep-alive
      Content-Security-Policy:
      - frame-ancestors 'self'; report-uri https://api.datadoghq.com/csp-report
      Content-Type:
      - application/json
      Date:
      - Wed, 04 Mar 2020 13:21:11 GMT
      Dd-Pool:
      - dogweb
      Pragma:
      - no-cache
      Set-Cookie:
      - DD-PSHARD=233; Max-Age=604800; Path=/; expires=Wed, 11-Mar-2020 13:21:11 GMT;
        secure; HttpOnly
      Strict-Transport-Security:
      - max-age=15724800;
      Vary:
      - Accept-Encoding
      X-Content-Type-Options:
      - nosniff
      X-Dd-Debug:
      - nRZqCODixwNZX0HLyT17WzYwenviVG0rmnZak57k5KsDWun3aWEsPedTsRpiFQxf
      X-Dd-Version:
      - "35.2240669"
      X-Frame-Options:
      - SAMEORIGIN
    status: 200 OK
    code: 200
    duration: ""
- request:
    body: ""
    form: {}
    headers:
      User-Agent:
      - Datadog/dev/terraform (go1.13)
    url: https://api.datadoghq.com/api/v1/integration/pagerduty
    method: GET
  response:
    body: '{"services":[{"service_name":"testing_foo","service_key":"*****"},{"service_name":"testing_bar","service_key":"*****"}],"schedules":["https://ddog.pagerduty.com/schedules/X123VF","https://ddog.pagerduty.com/schedules/X321XX"],"subdomain":"ddog","api_token":"*****"}'
    headers:
      Cache-Control:
      - no-cache
      Connection:
      - keep-alive
      Content-Security-Policy:
      - frame-ancestors 'self'; report-uri https://api.datadoghq.com/csp-report
      Content-Type:
      - application/json
      Date:
      - Wed, 04 Mar 2020 13:21:12 GMT
      Dd-Pool:
      - dogweb
      Pragma:
      - no-cache
      Set-Cookie:
      - DD-PSHARD=233; Max-Age=604800; Path=/; expires=Wed, 11-Mar-2020 13:21:12 GMT;
        secure; HttpOnly
      Strict-Transport-Security:
      - max-age=15724800;
      Vary:
      - Accept-Encoding
      X-Content-Type-Options:
      - nosniff
      X-Dd-Debug:
      - ADT0ms9dQnbDHbbduv4c09ChngZrYY7A/Pgms/qacMOruS4mPwZ1GJWq74I7G11W
      X-Dd-Version:
      - "35.2240669"
      X-Frame-Options:
      - SAMEORIGIN
    status: 200 OK
    code: 200
    duration: ""
- request:
    body: ""
    form: {}
    headers:
      User-Agent:
      - Datadog/dev/terraform (go1.13)
    url: https://api.datadoghq.com/api/v1/integration/pagerduty
    method: GET
  response:
    body: '{"services":[{"service_name":"testing_foo","service_key":"*****"},{"service_name":"testing_bar","service_key":"*****"}],"schedules":["https://ddog.pagerduty.com/schedules/X123VF","https://ddog.pagerduty.com/schedules/X321XX"],"subdomain":"ddog","api_token":"*****"}'
    headers:
      Cache-Control:
      - no-cache
      Connection:
      - keep-alive
      Content-Security-Policy:
      - frame-ancestors 'self'; report-uri https://api.datadoghq.com/csp-report
      Content-Type:
      - application/json
      Date:
      - Wed, 04 Mar 2020 13:21:12 GMT
      Dd-Pool:
      - dogweb
      Pragma:
      - no-cache
      Set-Cookie:
      - DD-PSHARD=233; Max-Age=604800; Path=/; expires=Wed, 11-Mar-2020 13:21:12 GMT;
        secure; HttpOnly
      Strict-Transport-Security:
      - max-age=15724800;
      Vary:
      - Accept-Encoding
      X-Content-Type-Options:
      - nosniff
      X-Dd-Debug:
      - nfUJgEhoI/RZ8GJVApSQj6s2TfLYXQ1qvePMFw8ZmKB2iBVwiNegJAc5RNY4ZZbI
      X-Dd-Version:
      - "35.2240669"
      X-Frame-Options:
      - SAMEORIGIN
    status: 200 OK
    code: 200
    duration: ""
- request:
    body: ""
    form: {}
    headers:
      User-Agent:
      - Datadog/dev/terraform (go1.13)
    url: https://api.datadoghq.com/api/v1/integration/pagerduty/configuration/services/testing_bar
    method: GET
  response:
    body: '{"service_name":"testing_bar"}'
    headers:
      Cache-Control:
      - no-cache
      Connection:
      - keep-alive
      Content-Security-Policy:
      - frame-ancestors 'self'; report-uri https://api.datadoghq.com/csp-report
      Content-Type:
      - application/json
      Date:
      - Wed, 04 Mar 2020 13:21:12 GMT
      Dd-Pool:
      - dogweb
      Pragma:
      - no-cache
      Set-Cookie:
      - DD-PSHARD=233; Max-Age=604800; Path=/; expires=Wed, 11-Mar-2020 13:21:12 GMT;
        secure; HttpOnly
      Strict-Transport-Security:
      - max-age=15724800;
      Vary:
      - Accept-Encoding
      X-Content-Type-Options:
      - nosniff
      X-Dd-Debug:
      - 6TICFxDFBNq65Lw6aA0hO1z7nxUSiTzUAT0k7ln4UasEU6/emXomwtYWMJdIuxUV
      X-Dd-Version:
      - "35.2240669"
      X-Frame-Options:
      - SAMEORIGIN
    status: 200 OK
    code: 200
    duration: ""
- request:
    body: ""
    form: {}
    headers:
      User-Agent:
      - Datadog/dev/terraform (go1.13)
    url: https://api.datadoghq.com/api/v1/integration/pagerduty/configuration/services/testing_foo
    method: GET
  response:
    body: '{"service_name":"testing_foo"}'
    headers:
      Cache-Control:
      - no-cache
      Connection:
      - keep-alive
      Content-Security-Policy:
      - frame-ancestors 'self'; report-uri https://api.datadoghq.com/csp-report
      Content-Type:
      - application/json
      Date:
      - Wed, 04 Mar 2020 13:21:12 GMT
      Dd-Pool:
      - dogweb
      Pragma:
      - no-cache
      Set-Cookie:
      - DD-PSHARD=233; Max-Age=604800; Path=/; expires=Wed, 11-Mar-2020 13:21:12 GMT;
        secure; HttpOnly
      Strict-Transport-Security:
      - max-age=15724800;
      Vary:
      - Accept-Encoding
      X-Content-Type-Options:
      - nosniff
      X-Dd-Debug:
      - DAk/CQntZmry+u4cYsuVOELuKFo1I3NzKRNwPlY9WvlbH+rffk5VylB8tKDaSRWP
      X-Dd-Version:
      - "35.2240669"
      X-Frame-Options:
      - SAMEORIGIN
    status: 200 OK
    code: 200
    duration: ""
- request:
    body: ""
    form: {}
    headers:
      User-Agent:
      - Datadog/dev/terraform (go1.13)
    url: https://api.datadoghq.com/api/v1/integration/pagerduty/configuration/services/testing_bar
    method: GET
  response:
    body: '{"service_name":"testing_bar"}'
    headers:
      Cache-Control:
      - no-cache
      Connection:
      - keep-alive
      Content-Security-Policy:
      - frame-ancestors 'self'; report-uri https://api.datadoghq.com/csp-report
      Content-Type:
      - application/json
      Date:
      - Wed, 04 Mar 2020 13:21:12 GMT
      Dd-Pool:
      - dogweb
      Pragma:
      - no-cache
      Set-Cookie:
      - DD-PSHARD=233; Max-Age=604800; Path=/; expires=Wed, 11-Mar-2020 13:21:12 GMT;
        secure; HttpOnly
      Strict-Transport-Security:
      - max-age=15724800;
      Vary:
      - Accept-Encoding
      X-Content-Type-Options:
      - nosniff
      X-Dd-Debug:
      - tC9U8NM0Z/kvHE2H14k1U3spiHbXz72rh5O3tOqhQhVPC3nlvooY3TRyCaI/gIdt
      X-Dd-Version:
      - "35.2240669"
      X-Frame-Options:
      - SAMEORIGIN
    status: 200 OK
    code: 200
    duration: ""
- request:
    body: ""
    form: {}
    headers:
      User-Agent:
      - Datadog/dev/terraform (go1.13)
    url: https://api.datadoghq.com/api/v1/integration/pagerduty/configuration/services/testing_foo
    method: GET
  response:
    body: '{"service_name":"testing_foo"}'
    headers:
      Cache-Control:
      - no-cache
      Connection:
      - keep-alive
      Content-Security-Policy:
      - frame-ancestors 'self'; report-uri https://api.datadoghq.com/csp-report
      Content-Type:
      - application/json
      Date:
      - Wed, 04 Mar 2020 13:21:12 GMT
      Dd-Pool:
      - dogweb
      Pragma:
      - no-cache
      Set-Cookie:
      - DD-PSHARD=233; Max-Age=604800; Path=/; expires=Wed, 11-Mar-2020 13:21:12 GMT;
        secure; HttpOnly
      Strict-Transport-Security:
      - max-age=15724800;
      Vary:
      - Accept-Encoding
      X-Content-Type-Options:
      - nosniff
      X-Dd-Debug:
      - +0e88dcOoH2a7qrZ5zz4PnubdrAKvSl+k8YKr4bhBQyArPBFiYg3oXWqeVKLPB1I
      X-Dd-Version:
      - "35.2240669"
      X-Frame-Options:
      - SAMEORIGIN
    status: 200 OK
    code: 200
    duration: ""
- request:
    body: ""
    form: {}
    headers:
      User-Agent:
      - Datadog/dev/terraform (go1.13)
    url: https://api.datadoghq.com/api/v1/integration/pagerduty/configuration/services/testing_bar
    method: DELETE
  response:
    body: "null"
    headers:
      Cache-Control:
      - no-cache
      Connection:
      - keep-alive
      Content-Length:
      - "4"
      Content-Security-Policy:
      - frame-ancestors 'self'; report-uri https://api.datadoghq.com/csp-report
      Content-Type:
      - application/json
      Date:
      - Wed, 04 Mar 2020 13:21:12 GMT
      Dd-Pool:
      - dogweb
      Pragma:
      - no-cache
      Set-Cookie:
      - DD-PSHARD=233; Max-Age=604800; Path=/; expires=Wed, 11-Mar-2020 13:21:12 GMT;
        secure; HttpOnly
      Strict-Transport-Security:
      - max-age=15724800;
      X-Content-Type-Options:
      - nosniff
      X-Dd-Debug:
      - QgRGXxkxV9A4PZPYRoesCGgupw+m7xaD1r9nbJHgAaPeprYV0FnzI0EYYO7x6f4+
      X-Dd-Version:
      - "35.2240669"
      X-Frame-Options:
      - SAMEORIGIN
    status: 200 OK
    code: 200
    duration: ""
- request:
    body: ""
    form: {}
    headers:
      User-Agent:
      - Datadog/dev/terraform (go1.13)
    url: https://api.datadoghq.com/api/v1/integration/pagerduty/configuration/services/testing_foo
    method: DELETE
  response:
    body: "null"
    headers:
      Cache-Control:
      - no-cache
      Connection:
      - keep-alive
      Content-Length:
      - "4"
      Content-Security-Policy:
      - frame-ancestors 'self'; report-uri https://api.datadoghq.com/csp-report
      Content-Type:
      - application/json
      Date:
      - Wed, 04 Mar 2020 13:21:12 GMT
      Dd-Pool:
      - dogweb
      Pragma:
      - no-cache
      Set-Cookie:
      - DD-PSHARD=233; Max-Age=604800; Path=/; expires=Wed, 11-Mar-2020 13:21:12 GMT;
        secure; HttpOnly
      Strict-Transport-Security:
      - max-age=15724800;
      X-Content-Type-Options:
      - nosniff
      X-Dd-Debug:
      - SaHvyR/hQzhMjBxXmmuM76vwlwfocpgL0LhX3u6R0CFONYqUGm7Xe/7/HyTliTFX
      X-Dd-Version:
      - "35.2240669"
      X-Frame-Options:
      - SAMEORIGIN
    status: 200 OK
    code: 200
    duration: ""
- request:
    body: ""
    form: {}
    headers:
      User-Agent:
      - Datadog/dev/terraform (go1.13)
    url: https://api.datadoghq.com/api/v1/integration/pagerduty
    method: DELETE
  response:
    body: ""
    headers:
      Connection:
      - keep-alive
      Content-Security-Policy:
      - frame-ancestors 'self'; report-uri https://api.datadoghq.com/csp-report
      Content-Type:
      - text/plain
      Date:
      - Wed, 04 Mar 2020 13:21:13 GMT
      Dd-Pool:
      - dogweb
      Set-Cookie:
      - DD-PSHARD=233; Max-Age=604800; Path=/; expires=Wed, 11-Mar-2020 13:21:13 GMT;
        secure; HttpOnly
      Strict-Transport-Security:
      - max-age=15724800;
      X-Content-Type-Options:
      - nosniff
      X-Dd-Debug:
      - YCJuwY9AAFMveejFq3DmCuXNgWrXpDBQxqXi3LxQxaHO16MK3yMSWa14TOuRlDjy
      X-Dd-Version:
      - "35.2240669"
      X-Frame-Options:
      - SAMEORIGIN
    status: 204 No Content
    code: 204
    duration: ""
- request:
    body: ""
    form: {}
    headers:
      User-Agent:
      - Datadog/dev/terraform (go1.13)
    url: https://api.datadoghq.com/api/v1/integration/pagerduty
    method: GET
  response:
    body: '{"errors": ["pagerduty not found"]}'
    headers:
      Cache-Control:
      - no-cache
      Connection:
      - keep-alive
      Content-Security-Policy:
      - frame-ancestors 'self'; report-uri https://api.datadoghq.com/csp-report
      Content-Type:
      - application/json
      Date:
      - Wed, 04 Mar 2020 13:21:13 GMT
      Dd-Pool:
      - dogweb
      Pragma:
      - no-cache
      Strict-Transport-Security:
      - max-age=15724800;
      Vary:
      - Accept-Encoding
      X-Content-Type-Options:
      - nosniff
      X-Dd-Version:
      - "35.2240669"
      X-Frame-Options:
      - SAMEORIGIN
    status: 404 Not Found
    code: 404
    duration: ""
