---
version: 1
interactions:
- request:
    body: |
      {"config":{"assertions":[],"request":{"body":"this is a body","headers":{"Accept":"application/json","X-Datadog-Trace-ID":"123456789"},"method":"GET","timeout":30,"url":"https://www.datadoghq.com"},"variables":[]},"locations":["aws:eu-central-1"],"message":"Notify @datadog.user","name":"tf-TestAccDatadogSyntheticsBrowserTest_importBasic-local-1597410366","options":{"device_ids":["laptop_large","mobile_small"],"min_location_failed":1,"monitor_options":{"renotify_interval":100},"retry":{"count":2,"interval":300},"tick_every":900},"status":"paused","tags":["foo:bar","baz"],"type":"browser"}
    form: {}
    headers:
      Accept:
      - application/json
      Content-Type:
      - application/json
      Dd-Operation-Id:
      - CreateTest
      User-Agent:
      - terraform-provider-datadog/dev (terraform 1.10.0; terraform-cli 0.12.7-sdk)
        datadog-api-client-go/1.0.0-beta.8+dev (go go1.14.4; os darwin; arch amd64)
      X-Datadog-Parent-Id:
      - "1480737936786098785"
      X-Datadog-Sampling-Priority:
      - "1"
      X-Datadog-Trace-Id:
      - "3281179324556536625"
    url: https://api.datadoghq.com/api/v1/synthetics/tests
    method: POST
  response:
    body: '{"status":"paused","public_id":"7n2-vj8-f7s","tags":["foo:bar","baz"],"org_id":321813,"locations":["aws:eu-central-1"],"message":"Notify
      @datadog.user","deleted_at":null,"name":"tf-TestAccDatadogSyntheticsBrowserTest_importBasic-local-1597410366","monitor_id":21044407,"type":"browser","created_at":"2020-08-14T13:06:06.698075+00:00","modified_at":"2020-08-14T13:06:06.698075+00:00","config":{"variables":[],"request":{"body":"this
      is a body","headers":{"Accept":"application/json","X-Datadog-Trace-ID":"123456789"},"url":"https://www.datadoghq.com","timeout":30,"method":"GET"},"assertions":[]},"options":{"retry":{"count":2,"interval":300},"monitor_options":{"notify_audit":false,"locked":false,"include_tags":true,"new_host_delay":300,"notify_no_data":false,"renotify_interval":100},"device_ids":["laptop_large","mobile_small"],"min_location_failed":1,"tick_every":900}}'
    headers:
      Cache-Control:
      - no-cache
      Connection:
      - keep-alive
      Content-Security-Policy:
      - frame-ancestors 'self'; report-uri https://api.datadoghq.com/csp-report
      Content-Type:
      - application/json
      Date:
      - Fri, 14 Aug 2020 13:06:08 GMT
      Dd-Pool:
      - dogweb
      Pragma:
      - no-cache
      Set-Cookie:
      - DD-PSHARD=233; Max-Age=604800; Path=/; expires=Fri, 21-Aug-2020 13:06:06 GMT;
        secure; HttpOnly
      Strict-Transport-Security:
      - max-age=15724800;
      Vary:
      - Accept-Encoding
      X-Content-Type-Options:
      - nosniff
      X-Dd-Debug:
      - 8fXgGAAoNDkfuneKCnTnqB8DKjHLTs+9UWiAzHHQVcEGbAPX4uItc5+97fNEvGUG
      X-Dd-Version:
      - "35.2879417"
      X-Frame-Options:
      - SAMEORIGIN
      X-Ratelimit-Limit:
      - "120"
      X-Ratelimit-Period:
      - "60"
      X-Ratelimit-Remaining:
      - "119"
      X-Ratelimit-Reset:
      - "54"
    status: 200 OK
    code: 200
    duration: ""
- request:
    body: ""
    form: {}
    headers:
      Accept:
      - application/json
      Dd-Operation-Id:
      - GetTest
      User-Agent:
      - terraform-provider-datadog/dev (terraform 1.10.0; terraform-cli 0.12.7-sdk)
        datadog-api-client-go/1.0.0-beta.8+dev (go go1.14.4; os darwin; arch amd64)
      X-Datadog-Parent-Id:
      - "4599613981336522505"
      X-Datadog-Sampling-Priority:
      - "1"
      X-Datadog-Trace-Id:
      - "3281179324556536625"
    url: https://api.datadoghq.com/api/v1/synthetics/tests/7n2-vj8-f7s
    method: GET
  response:
    body: '{"status":"paused","public_id":"7n2-vj8-f7s","tags":["foo:bar","baz"],"locations":["aws:eu-central-1"],"message":"Notify
      @datadog.user","name":"tf-TestAccDatadogSyntheticsBrowserTest_importBasic-local-1597410366","monitor_id":21044407,"type":"browser","config":{"variables":[],"request":{"body":"this
      is a body","headers":{"Accept":"application/json","X-Datadog-Trace-ID":"123456789"},"url":"https://www.datadoghq.com","timeout":30,"method":"GET"},"assertions":[]},"options":{"retry":{"count":2,"interval":300},"monitor_options":{"notify_audit":false,"locked":false,"include_tags":true,"new_host_delay":300,"notify_no_data":false,"renotify_interval":100},"device_ids":["laptop_large","mobile_small"],"min_location_failed":1,"tick_every":900}}'
    headers:
      Cache-Control:
      - no-cache
      Connection:
      - keep-alive
      Content-Security-Policy:
      - frame-ancestors 'self'; report-uri https://api.datadoghq.com/csp-report
      Content-Type:
      - application/json
      Date:
      - Fri, 14 Aug 2020 13:06:08 GMT
      Dd-Pool:
      - dogweb
      Pragma:
      - no-cache
      Set-Cookie:
      - DD-PSHARD=233; Max-Age=604800; Path=/; expires=Fri, 21-Aug-2020 13:06:08 GMT;
        secure; HttpOnly
      Strict-Transport-Security:
      - max-age=15724800;
      Vary:
      - Accept-Encoding
      X-Content-Type-Options:
      - nosniff
      X-Dd-Debug:
      - YNPvfo/A+kRa92W7PZNTiFcSJq6YGkB9TIlX47+pHHndNDZ3ZySmub3fInFxn6Db
      X-Dd-Version:
      - "35.2879417"
      X-Frame-Options:
      - SAMEORIGIN
      X-Ratelimit-Limit:
      - "1000"
      X-Ratelimit-Period:
      - "60"
      X-Ratelimit-Remaining:
      - "999"
      X-Ratelimit-Reset:
      - "52"
    status: 200 OK
    code: 200
    duration: ""
- request:
    body: ""
    form: {}
    headers:
      Accept:
      - application/json
      Dd-Operation-Id:
      - GetTest
      User-Agent:
      - terraform-provider-datadog/dev (terraform 1.10.0; terraform-cli 0.12.7-sdk)
        datadog-api-client-go/1.0.0-beta.8+dev (go go1.14.4; os darwin; arch amd64)
      X-Datadog-Parent-Id:
      - "2159379903820294596"
      X-Datadog-Sampling-Priority:
      - "1"
      X-Datadog-Trace-Id:
      - "3281179324556536625"
    url: https://api.datadoghq.com/api/v1/synthetics/tests/7n2-vj8-f7s
    method: GET
  response:
    body: '{"status":"paused","public_id":"7n2-vj8-f7s","tags":["foo:bar","baz"],"locations":["aws:eu-central-1"],"message":"Notify
      @datadog.user","name":"tf-TestAccDatadogSyntheticsBrowserTest_importBasic-local-1597410366","monitor_id":21044407,"type":"browser","config":{"variables":[],"request":{"body":"this
      is a body","headers":{"Accept":"application/json","X-Datadog-Trace-ID":"123456789"},"url":"https://www.datadoghq.com","timeout":30,"method":"GET"},"assertions":[]},"options":{"retry":{"count":2,"interval":300},"monitor_options":{"notify_audit":false,"locked":false,"include_tags":true,"new_host_delay":300,"notify_no_data":false,"renotify_interval":100},"device_ids":["laptop_large","mobile_small"],"min_location_failed":1,"tick_every":900}}'
    headers:
      Cache-Control:
      - no-cache
      Connection:
      - keep-alive
      Content-Security-Policy:
      - frame-ancestors 'self'; report-uri https://api.datadoghq.com/csp-report
      Content-Type:
      - application/json
      Date:
      - Fri, 14 Aug 2020 13:06:08 GMT
      Dd-Pool:
      - dogweb
      Pragma:
      - no-cache
      Set-Cookie:
      - DD-PSHARD=233; Max-Age=604800; Path=/; expires=Fri, 21-Aug-2020 13:06:08 GMT;
        secure; HttpOnly
      Strict-Transport-Security:
      - max-age=15724800;
      Vary:
      - Accept-Encoding
      X-Content-Type-Options:
      - nosniff
      X-Dd-Debug:
      - b75osX7OVlAMIFVOOsjON7d6NomkWqyplp7QrvDHZxeD8cbKIgA/UnwdWe4vYNhY
      X-Dd-Version:
      - "35.2879417"
      X-Frame-Options:
      - SAMEORIGIN
      X-Ratelimit-Limit:
      - "1000"
      X-Ratelimit-Period:
      - "60"
      X-Ratelimit-Remaining:
      - "998"
      X-Ratelimit-Reset:
      - "52"
    status: 200 OK
    code: 200
    duration: ""
- request:
    body: ""
    form: {}
    headers:
      Accept:
      - application/json
      Dd-Operation-Id:
      - GetTest
      User-Agent:
      - terraform-provider-datadog/dev (terraform 1.10.0; terraform-cli 0.12.7-sdk)
        datadog-api-client-go/1.0.0-beta.8+dev (go go1.14.4; os darwin; arch amd64)
      X-Datadog-Parent-Id:
      - "8171270319642692153"
      X-Datadog-Sampling-Priority:
      - "1"
      X-Datadog-Trace-Id:
      - "3281179324556536625"
    url: https://api.datadoghq.com/api/v1/synthetics/tests/7n2-vj8-f7s
    method: GET
  response:
    body: '{"status":"paused","public_id":"7n2-vj8-f7s","tags":["foo:bar","baz"],"locations":["aws:eu-central-1"],"message":"Notify
      @datadog.user","name":"tf-TestAccDatadogSyntheticsBrowserTest_importBasic-local-1597410366","monitor_id":21044407,"type":"browser","config":{"variables":[],"request":{"body":"this
      is a body","headers":{"Accept":"application/json","X-Datadog-Trace-ID":"123456789"},"url":"https://www.datadoghq.com","timeout":30,"method":"GET"},"assertions":[]},"options":{"retry":{"count":2,"interval":300},"monitor_options":{"notify_audit":false,"locked":false,"include_tags":true,"new_host_delay":300,"notify_no_data":false,"renotify_interval":100},"device_ids":["laptop_large","mobile_small"],"min_location_failed":1,"tick_every":900}}'
    headers:
      Cache-Control:
      - no-cache
      Connection:
      - keep-alive
      Content-Security-Policy:
      - frame-ancestors 'self'; report-uri https://api.datadoghq.com/csp-report
      Content-Type:
      - application/json
      Date:
      - Fri, 14 Aug 2020 13:06:08 GMT
      Dd-Pool:
      - dogweb
      Pragma:
      - no-cache
      Set-Cookie:
      - DD-PSHARD=233; Max-Age=604800; Path=/; expires=Fri, 21-Aug-2020 13:06:08 GMT;
        secure; HttpOnly
      Strict-Transport-Security:
      - max-age=15724800;
      Vary:
      - Accept-Encoding
      X-Content-Type-Options:
      - nosniff
      X-Dd-Debug:
      - iYQ/kN+Mucmn5lrokThXQXO7/WpLJkz6FPOiR0S18ewUC8B+Ld2MxmzWaRyon32u
      X-Dd-Version:
      - "35.2879417"
      X-Frame-Options:
      - SAMEORIGIN
      X-Ratelimit-Limit:
      - "1000"
      X-Ratelimit-Period:
      - "60"
      X-Ratelimit-Remaining:
      - "997"
      X-Ratelimit-Reset:
      - "52"
    status: 200 OK
    code: 200
    duration: ""
- request:
    body: ""
    form: {}
    headers:
      Accept:
      - application/json
      Dd-Operation-Id:
      - GetTest
      User-Agent:
      - terraform-provider-datadog/dev (terraform 1.10.0; terraform-cli 0.12.7-sdk)
        datadog-api-client-go/1.0.0-beta.8+dev (go go1.14.4; os darwin; arch amd64)
      X-Datadog-Parent-Id:
      - "6073949652104032248"
      X-Datadog-Sampling-Priority:
      - "1"
      X-Datadog-Trace-Id:
      - "3281179324556536625"
    url: https://api.datadoghq.com/api/v1/synthetics/tests/7n2-vj8-f7s
    method: GET
  response:
    body: '{"status":"paused","public_id":"7n2-vj8-f7s","tags":["foo:bar","baz"],"locations":["aws:eu-central-1"],"message":"Notify
      @datadog.user","name":"tf-TestAccDatadogSyntheticsBrowserTest_importBasic-local-1597410366","monitor_id":21044407,"type":"browser","config":{"variables":[],"request":{"body":"this
      is a body","headers":{"Accept":"application/json","X-Datadog-Trace-ID":"123456789"},"url":"https://www.datadoghq.com","timeout":30,"method":"GET"},"assertions":[]},"options":{"retry":{"count":2,"interval":300},"monitor_options":{"notify_audit":false,"locked":false,"include_tags":true,"new_host_delay":300,"notify_no_data":false,"renotify_interval":100},"device_ids":["laptop_large","mobile_small"],"min_location_failed":1,"tick_every":900}}'
    headers:
      Cache-Control:
      - no-cache
      Connection:
      - keep-alive
      Content-Security-Policy:
      - frame-ancestors 'self'; report-uri https://api.datadoghq.com/csp-report
      Content-Type:
      - application/json
      Date:
      - Fri, 14 Aug 2020 13:06:08 GMT
      Dd-Pool:
      - dogweb
      Pragma:
      - no-cache
      Set-Cookie:
      - DD-PSHARD=233; Max-Age=604800; Path=/; expires=Fri, 21-Aug-2020 13:06:08 GMT;
        secure; HttpOnly
      Strict-Transport-Security:
      - max-age=15724800;
      Vary:
      - Accept-Encoding
      X-Content-Type-Options:
      - nosniff
      X-Dd-Debug:
      - jrMxFzD6DQaVakCp2nBENh1s4Jr6NTi3qR/BnCfgEGv+61BLJvJGE5mL8dgLrarj
      X-Dd-Version:
      - "35.2879417"
      X-Frame-Options:
      - SAMEORIGIN
      X-Ratelimit-Limit:
      - "1000"
      X-Ratelimit-Period:
      - "60"
      X-Ratelimit-Remaining:
      - "996"
      X-Ratelimit-Reset:
      - "52"
    status: 200 OK
    code: 200
    duration: ""
- request:
    body: |
      {"public_ids":["7n2-vj8-f7s"]}
    form: {}
    headers:
      Accept:
      - application/json
      Content-Type:
      - application/json
      Dd-Operation-Id:
      - DeleteTests
      User-Agent:
      - terraform-provider-datadog/dev (terraform 1.10.0; terraform-cli 0.12.7-sdk)
        datadog-api-client-go/1.0.0-beta.8+dev (go go1.14.4; os darwin; arch amd64)
      X-Datadog-Parent-Id:
      - "4180066459944846339"
      X-Datadog-Sampling-Priority:
      - "1"
      X-Datadog-Trace-Id:
      - "3281179324556536625"
    url: https://api.datadoghq.com/api/v1/synthetics/tests/delete
    method: POST
  response:
    body: '{"deleted_tests":[{"deleted_at":"2020-08-14T13:06:09.157676+00:00","public_id":"7n2-vj8-f7s"}]}'
    headers:
      Cache-Control:
      - no-cache
      Connection:
      - keep-alive
      Content-Security-Policy:
      - frame-ancestors 'self'; report-uri https://api.datadoghq.com/csp-report
      Content-Type:
      - application/json
      Date:
      - Fri, 14 Aug 2020 13:06:09 GMT
      Dd-Pool:
      - dogweb
      Pragma:
      - no-cache
      Set-Cookie:
      - DD-PSHARD=233; Max-Age=604800; Path=/; expires=Fri, 21-Aug-2020 13:06:09 GMT;
        secure; HttpOnly
      Strict-Transport-Security:
      - max-age=15724800;
      Vary:
      - Accept-Encoding
      X-Content-Type-Options:
      - nosniff
      X-Dd-Debug:
      - NVN1vUIP943yBv5BrKvNkq9LhGENimQCGx913v3GQzIJuXIMEzcrTlr1CpALPFWv
      X-Dd-Version:
      - "35.2879417"
      X-Frame-Options:
      - SAMEORIGIN
      X-Ratelimit-Limit:
      - "120"
      X-Ratelimit-Period:
      - "60"
      X-Ratelimit-Remaining:
      - "119"
      X-Ratelimit-Reset:
      - "51"
    status: 200 OK
    code: 200
    duration: ""
- request:
    body: ""
    form: {}
    headers:
      Accept:
      - application/json
      Dd-Operation-Id:
      - GetTest
      User-Agent:
      - terraform-provider-datadog/dev (terraform 1.10.0; terraform-cli 0.12.7-sdk)
        datadog-api-client-go/1.0.0-beta.8+dev (go go1.14.4; os darwin; arch amd64)
      X-Datadog-Parent-Id:
      - "3415798579183811628"
      X-Datadog-Sampling-Priority:
      - "1"
      X-Datadog-Trace-Id:
      - "3281179324556536625"
    url: https://api.datadoghq.com/api/v1/synthetics/tests/7n2-vj8-f7s
    method: GET
  response:
    body: '{"errors": ["Synthetics test not found"]}'
    headers:
      Cache-Control:
      - no-cache
      Connection:
      - keep-alive
      Content-Security-Policy:
      - frame-ancestors 'self'; report-uri https://api.datadoghq.com/csp-report
      Content-Type:
      - application/json
      Date:
      - Fri, 14 Aug 2020 13:06:09 GMT
      Dd-Pool:
      - dogweb
      Pragma:
      - no-cache
      Strict-Transport-Security:
      - max-age=15724800;
      Vary:
      - Accept-Encoding
      X-Content-Type-Options:
      - nosniff
      X-Dd-Version:
      - "35.2879417"
      X-Frame-Options:
      - SAMEORIGIN
      X-Ratelimit-Limit:
      - "1000"
      X-Ratelimit-Period:
      - "60"
      X-Ratelimit-Remaining:
      - "995"
      X-Ratelimit-Reset:
      - "51"
    status: 404 Not Found
    code: 404
    duration: ""
