---
version: 1
interactions:
- request:
    body: |
      {"config":{"assertions":[],"request":{"body":"this is a body","headers":{"Accept":"application/json","X-Datadog-Trace-ID":"123456789"},"method":"GET","timeout":30,"url":"https://www.datadoghq.com"},"variables":[{"example":"597","name":"MY_PATTERN_VAR","pattern":"{{numeric(3)}}","type":"text"}]},"locations":["aws:eu-central-1"],"message":"Notify @datadog.user","name":"tf-TestAccDatadogSyntheticsBrowserTest_Basic-local-1618930401","options":{"device_ids":["laptop_large","mobile_small"],"min_location_failed":1,"monitor_options":{"renotify_interval":100},"noScreenshot":true,"retry":{"count":2,"interval":300},"tick_every":900},"status":"paused","steps":[{"allowFailure":false,"name":"first step","params":{"check":"contains","value":"content"},"timeout":0,"type":"assertCurrentUrl"}],"tags":["foo:bar","baz"],"type":"browser"}
    form: {}
    headers:
      Accept:
      - application/json
      Content-Type:
      - application/json
      Dd-Operation-Id:
      - CreateSyntheticsBrowserTest
      User-Agent:
      - terraform-provider-datadog/dev (terraform 2.4.4; terraform-cli ) datadog-api-client-go/1.0.0-beta.19 (go go1.16.3; os darwin; arch amd64)
    url: https://api.datadoghq.com/api/v1/synthetics/tests/browser
    method: POST
  response:
    body: '{"status":"paused","public_id":"e5g-w3z-awx","tags":["foo:bar","baz"],"org_id":321813,"locations":["aws:eu-central-1"],"message":"Notify @datadog.user","deleted_at":null,"name":"tf-TestAccDatadogSyntheticsBrowserTest_Basic-local-1618930401","monitor_id":34157594,"type":"browser","created_at":"2021-04-20T14:53:22.861741+00:00","modified_at":"2021-04-20T14:53:22.861741+00:00","steps":[{"name":"first step","allowFailure":false,"params":{"check":"contains","value":"content"},"timeout":0,"type":"assertCurrentUrl"}],"config":{"variables":[{"pattern":"{{numeric(3)}}","type":"text","example":"597","name":"MY_PATTERN_VAR"}],"request":{"body":"this is a body","headers":{"Accept":"application/json","X-Datadog-Trace-ID":"123456789"},"url":"https://www.datadoghq.com","timeout":30,"method":"GET"},"assertions":[]},"options":{"retry":{"count":2,"interval":300},"min_location_failed":1,"monitor_options":{"notify_audit":false,"locked":false,"include_tags":true,"new_host_delay":300,"notify_no_data":false,"renotify_interval":100},"noScreenshot":true,"device_ids":["laptop_large","mobile_small"],"tick_every":900}}'
    headers:
      Cache-Control:
      - no-cache
      Connection:
      - keep-alive
      Content-Security-Policy:
      - frame-ancestors 'self'; report-uri https://api.datadoghq.com/csp-report
      Content-Type:
      - application/json
      Date:
      - Tue, 20 Apr 2021 14:53:22 GMT
      Pragma:
      - no-cache
      Strict-Transport-Security:
      - max-age=15724800;
      Vary:
      - Accept-Encoding
      X-Content-Type-Options:
      - nosniff
      X-Dd-Debug:
      - twvpGlmuom5y6A0pjGtXzTf554cmwJgTcCZ71fK4H/RDi+v5ehBK0zQiRcTJQG5C
      X-Dd-Version:
      - "35.4351688"
      X-Frame-Options:
      - SAMEORIGIN
      X-Ratelimit-Limit:
      - "120"
      X-Ratelimit-Period:
      - "60"
      X-Ratelimit-Remaining:
      - "111"
      X-Ratelimit-Reset:
      - "38"
    status: 200 OK
    code: 200
    duration: ""
- request:
    body: ""
    form: {}
    headers:
      Accept:
      - application/json
      Dd-Operation-Id:
      - GetTest
      User-Agent:
      - terraform-provider-datadog/dev (terraform 2.4.4; terraform-cli ) datadog-api-client-go/1.0.0-beta.19 (go go1.16.3; os darwin; arch amd64)
    url: https://api.datadoghq.com/api/v1/synthetics/tests/e5g-w3z-awx
    method: GET
  response:
    body: '{"status":"paused","public_id":"e5g-w3z-awx","tags":["foo:bar","baz"],"locations":["aws:eu-central-1"],"message":"Notify @datadog.user","name":"tf-TestAccDatadogSyntheticsBrowserTest_Basic-local-1618930401","monitor_id":34157594,"type":"browser","config":{"variables":[{"pattern":"{{numeric(3)}}","type":"text","example":"597","name":"MY_PATTERN_VAR"}],"request":{"body":"this is a body","headers":{"Accept":"application/json","X-Datadog-Trace-ID":"123456789"},"url":"https://www.datadoghq.com","timeout":30,"method":"GET"},"assertions":[]},"options":{"retry":{"count":2,"interval":300},"min_location_failed":1,"monitor_options":{"notify_audit":false,"locked":false,"include_tags":true,"new_host_delay":300,"notify_no_data":false,"renotify_interval":100},"noScreenshot":true,"device_ids":["laptop_large","mobile_small"],"tick_every":900}}'
    headers:
      Cache-Control:
      - no-cache
      Connection:
      - keep-alive
      Content-Security-Policy:
      - frame-ancestors 'self'; report-uri https://api.datadoghq.com/csp-report
      Content-Type:
      - application/json
      Date:
      - Tue, 20 Apr 2021 14:53:22 GMT
      Pragma:
      - no-cache
      Strict-Transport-Security:
      - max-age=15724800;
      Vary:
      - Accept-Encoding
      X-Content-Type-Options:
      - nosniff
      X-Dd-Debug:
      - gYZcaADwbKcv7Hm19HJx6WsLoKuOijDWAt2viPeCfWqUgyKY+9e1xZdmMJeXV3YV
      X-Dd-Version:
      - "35.4351688"
      X-Frame-Options:
      - SAMEORIGIN
      X-Ratelimit-Limit:
      - "1000"
      X-Ratelimit-Period:
      - "60"
      X-Ratelimit-Remaining:
      - "944"
      X-Ratelimit-Reset:
      - "38"
    status: 200 OK
    code: 200
    duration: ""
- request:
    body: ""
    form: {}
    headers:
      Accept:
      - application/json
      Dd-Operation-Id:
      - GetBrowserTest
      User-Agent:
      - terraform-provider-datadog/dev (terraform 2.4.4; terraform-cli ) datadog-api-client-go/1.0.0-beta.19 (go go1.16.3; os darwin; arch amd64)
    url: https://api.datadoghq.com/api/v1/synthetics/tests/browser/e5g-w3z-awx
    method: GET
  response:
    body: '{"status":"paused","public_id":"e5g-w3z-awx","tags":["foo:bar","baz"],"locations":["aws:eu-central-1"],"message":"Notify @datadog.user","name":"tf-TestAccDatadogSyntheticsBrowserTest_Basic-local-1618930401","monitor_id":34157594,"type":"browser","steps":[{"name":"first step","allowFailure":false,"params":{"check":"contains","value":"content"},"timeout":0,"type":"assertCurrentUrl"}],"config":{"variables":[{"pattern":"{{numeric(3)}}","type":"text","example":"597","name":"MY_PATTERN_VAR"}],"request":{"body":"this is a body","headers":{"Accept":"application/json","X-Datadog-Trace-ID":"123456789"},"url":"https://www.datadoghq.com","timeout":30,"method":"GET"},"assertions":[]},"options":{"retry":{"count":2,"interval":300},"min_location_failed":1,"monitor_options":{"notify_audit":false,"locked":false,"include_tags":true,"new_host_delay":300,"notify_no_data":false,"renotify_interval":100},"noScreenshot":true,"device_ids":["laptop_large","mobile_small"],"tick_every":900}}'
    headers:
      Cache-Control:
      - no-cache
      Connection:
      - keep-alive
      Content-Security-Policy:
      - frame-ancestors 'self'; report-uri https://api.datadoghq.com/csp-report
      Content-Type:
      - application/json
      Date:
      - Tue, 20 Apr 2021 14:53:23 GMT
      Pragma:
      - no-cache
      Strict-Transport-Security:
      - max-age=15724800;
      Vary:
      - Accept-Encoding
      X-Content-Type-Options:
      - nosniff
      X-Dd-Debug:
      - S1wfaMZOKGT/IoMw6fqAwAwGWo2vQ44sjF3YzuETnQfxZO2T5eJbs0aX3UKb9Dwu
      X-Dd-Version:
      - "35.4351688"
      X-Frame-Options:
      - SAMEORIGIN
      X-Ratelimit-Limit:
      - "1000"
      X-Ratelimit-Period:
      - "60"
      X-Ratelimit-Remaining:
      - "942"
      X-Ratelimit-Reset:
      - "37"
    status: 200 OK
    code: 200
    duration: ""
- request:
    body: ""
    form: {}
    headers:
      Accept:
      - application/json
      Dd-Operation-Id:
      - GetTest
      User-Agent:
      - terraform-provider-datadog/dev (terraform 2.4.4; terraform-cli ) datadog-api-client-go/1.0.0-beta.19 (go go1.16.3; os darwin; arch amd64)
    url: https://api.datadoghq.com/api/v1/synthetics/tests/e5g-w3z-awx
    method: GET
  response:
    body: '{"status":"paused","public_id":"e5g-w3z-awx","tags":["foo:bar","baz"],"locations":["aws:eu-central-1"],"message":"Notify @datadog.user","name":"tf-TestAccDatadogSyntheticsBrowserTest_Basic-local-1618930401","monitor_id":34157594,"type":"browser","config":{"variables":[{"pattern":"{{numeric(3)}}","type":"text","example":"597","name":"MY_PATTERN_VAR"}],"request":{"body":"this is a body","headers":{"Accept":"application/json","X-Datadog-Trace-ID":"123456789"},"url":"https://www.datadoghq.com","timeout":30,"method":"GET"},"assertions":[]},"options":{"retry":{"count":2,"interval":300},"min_location_failed":1,"monitor_options":{"notify_audit":false,"locked":false,"include_tags":true,"new_host_delay":300,"notify_no_data":false,"renotify_interval":100},"noScreenshot":true,"device_ids":["laptop_large","mobile_small"],"tick_every":900}}'
    headers:
      Cache-Control:
      - no-cache
      Connection:
      - keep-alive
      Content-Security-Policy:
      - frame-ancestors 'self'; report-uri https://api.datadoghq.com/csp-report
      Content-Type:
      - application/json
      Date:
      - Tue, 20 Apr 2021 14:53:23 GMT
      Pragma:
      - no-cache
      Strict-Transport-Security:
      - max-age=15724800;
      Vary:
      - Accept-Encoding
      X-Content-Type-Options:
      - nosniff
      X-Dd-Debug:
      - PhosSd3Ch1B6B0DXI71steKUi7XhPDttnPiIP1NdXTw0VJNWpoUnYyBmODS5ne3q
      X-Dd-Version:
      - "35.4351688"
      X-Frame-Options:
      - SAMEORIGIN
      X-Ratelimit-Limit:
      - "1000"
      X-Ratelimit-Period:
      - "60"
      X-Ratelimit-Remaining:
      - "937"
      X-Ratelimit-Reset:
      - "37"
    status: 200 OK
    code: 200
    duration: ""
- request:
    body: ""
    form: {}
    headers:
      Accept:
      - application/json
      Dd-Operation-Id:
      - GetTest
      User-Agent:
      - terraform-provider-datadog/dev (terraform 2.4.4; terraform-cli 0.14.7) datadog-api-client-go/1.0.0-beta.19 (go go1.16.3; os darwin; arch amd64)
    url: https://api.datadoghq.com/api/v1/synthetics/tests/e5g-w3z-awx
    method: GET
  response:
    body: '{"status":"paused","public_id":"e5g-w3z-awx","tags":["foo:bar","baz"],"locations":["aws:eu-central-1"],"message":"Notify @datadog.user","name":"tf-TestAccDatadogSyntheticsBrowserTest_Basic-local-1618930401","monitor_id":34157594,"type":"browser","config":{"variables":[{"pattern":"{{numeric(3)}}","type":"text","example":"597","name":"MY_PATTERN_VAR"}],"request":{"body":"this is a body","headers":{"Accept":"application/json","X-Datadog-Trace-ID":"123456789"},"url":"https://www.datadoghq.com","timeout":30,"method":"GET"},"assertions":[]},"options":{"retry":{"count":2,"interval":300},"min_location_failed":1,"monitor_options":{"notify_audit":false,"locked":false,"include_tags":true,"new_host_delay":300,"notify_no_data":false,"renotify_interval":100},"noScreenshot":true,"device_ids":["laptop_large","mobile_small"],"tick_every":900}}'
    headers:
      Cache-Control:
      - no-cache
      Connection:
      - keep-alive
      Content-Security-Policy:
      - frame-ancestors 'self'; report-uri https://api.datadoghq.com/csp-report
      Content-Type:
      - application/json
      Date:
      - Tue, 20 Apr 2021 14:53:24 GMT
      Pragma:
      - no-cache
      Strict-Transport-Security:
      - max-age=15724800;
      Vary:
      - Accept-Encoding
      X-Content-Type-Options:
      - nosniff
      X-Dd-Debug:
      - F5gm0Rce1/Abr9/0Fw8HAqWfiz0FdiH8er/AXnN6lOn3L6KyGgbsLCwgPlob1No8
      X-Dd-Version:
      - "35.4351688"
      X-Frame-Options:
      - SAMEORIGIN
      X-Ratelimit-Limit:
      - "1000"
      X-Ratelimit-Period:
      - "60"
      X-Ratelimit-Remaining:
      - "927"
      X-Ratelimit-Reset:
      - "36"
    status: 200 OK
    code: 200
    duration: ""
- request:
    body: ""
    form: {}
    headers:
      Accept:
      - application/json
      Dd-Operation-Id:
      - GetBrowserTest
      User-Agent:
      - terraform-provider-datadog/dev (terraform 2.4.4; terraform-cli 0.14.7) datadog-api-client-go/1.0.0-beta.19 (go go1.16.3; os darwin; arch amd64)
    url: https://api.datadoghq.com/api/v1/synthetics/tests/browser/e5g-w3z-awx
    method: GET
  response:
    body: '{"status":"paused","public_id":"e5g-w3z-awx","tags":["foo:bar","baz"],"locations":["aws:eu-central-1"],"message":"Notify @datadog.user","name":"tf-TestAccDatadogSyntheticsBrowserTest_Basic-local-1618930401","monitor_id":34157594,"type":"browser","steps":[{"name":"first step","allowFailure":false,"params":{"check":"contains","value":"content"},"timeout":0,"type":"assertCurrentUrl"}],"config":{"variables":[{"pattern":"{{numeric(3)}}","type":"text","example":"597","name":"MY_PATTERN_VAR"}],"request":{"body":"this is a body","headers":{"Accept":"application/json","X-Datadog-Trace-ID":"123456789"},"url":"https://www.datadoghq.com","timeout":30,"method":"GET"},"assertions":[]},"options":{"retry":{"count":2,"interval":300},"min_location_failed":1,"monitor_options":{"notify_audit":false,"locked":false,"include_tags":true,"new_host_delay":300,"notify_no_data":false,"renotify_interval":100},"noScreenshot":true,"device_ids":["laptop_large","mobile_small"],"tick_every":900}}'
    headers:
      Cache-Control:
      - no-cache
      Connection:
      - keep-alive
      Content-Security-Policy:
      - frame-ancestors 'self'; report-uri https://api.datadoghq.com/csp-report
      Content-Type:
      - application/json
      Date:
      - Tue, 20 Apr 2021 14:53:24 GMT
      Pragma:
      - no-cache
      Strict-Transport-Security:
      - max-age=15724800;
      Vary:
      - Accept-Encoding
      X-Content-Type-Options:
      - nosniff
      X-Dd-Debug:
      - SY1h8ScsWq+kYmtbh63ltMLFAZsQjqfrgvdfAoRX+9TzT1sgMBRYaFRwfWWRRe9a
      X-Dd-Version:
      - "35.4351688"
      X-Frame-Options:
      - SAMEORIGIN
      X-Ratelimit-Limit:
      - "1000"
      X-Ratelimit-Period:
      - "60"
      X-Ratelimit-Remaining:
      - "925"
      X-Ratelimit-Reset:
      - "36"
    status: 200 OK
    code: 200
    duration: ""
- request:
    body: |
      {"public_ids":["e5g-w3z-awx"]}
    form: {}
    headers:
      Accept:
      - application/json
      Content-Type:
      - application/json
      Dd-Operation-Id:
      - DeleteTests
      User-Agent:
      - terraform-provider-datadog/dev (terraform 2.4.4; terraform-cli ) datadog-api-client-go/1.0.0-beta.19 (go go1.16.3; os darwin; arch amd64)
    url: https://api.datadoghq.com/api/v1/synthetics/tests/delete
    method: POST
  response:
    body: '{"deleted_tests":[{"deleted_at":"2021-04-20T14:53:26.179059+00:00","public_id":"e5g-w3z-awx"}]}'
    headers:
      Cache-Control:
      - no-cache
      Connection:
      - keep-alive
      Content-Security-Policy:
      - frame-ancestors 'self'; report-uri https://api.datadoghq.com/csp-report
      Content-Type:
      - application/json
      Date:
      - Tue, 20 Apr 2021 14:53:26 GMT
      Pragma:
      - no-cache
      Strict-Transport-Security:
      - max-age=15724800;
      Vary:
      - Accept-Encoding
      X-Content-Type-Options:
      - nosniff
      X-Dd-Debug:
      - 5gfwVh/5HZ+AnGd/Di93w3NEWC6KMHT9KzmHEiRJmNdOjBtAsbOcgVFyqEChw71h
      X-Dd-Version:
      - "35.4351688"
      X-Frame-Options:
      - SAMEORIGIN
      X-Ratelimit-Limit:
      - "120"
      X-Ratelimit-Period:
      - "60"
      X-Ratelimit-Remaining:
      - "113"
      X-Ratelimit-Reset:
      - "35"
    status: 200 OK
    code: 200
    duration: ""
- request:
    body: ""
    form: {}
    headers:
      Accept:
      - application/json
      Dd-Operation-Id:
      - GetTest
      User-Agent:
      - terraform-provider-datadog/dev (terraform 2.4.4; terraform-cli ) datadog-api-client-go/1.0.0-beta.19 (go go1.16.3; os darwin; arch amd64)
    url: https://api.datadoghq.com/api/v1/synthetics/tests/e5g-w3z-awx
    method: GET
  response:
    body: '{"errors": ["Synthetics test not found"]}'
    headers:
      Cache-Control:
      - no-cache
      Connection:
      - keep-alive
      Content-Security-Policy:
      - frame-ancestors 'self'; report-uri https://api.datadoghq.com/csp-report
      Content-Type:
      - application/json
      Date:
      - Tue, 20 Apr 2021 14:53:26 GMT
      Pragma:
      - no-cache
      Strict-Transport-Security:
      - max-age=15724800;
      Vary:
      - Accept-Encoding
      X-Content-Type-Options:
      - nosniff
      X-Dd-Version:
      - "35.4351688"
      X-Frame-Options:
      - SAMEORIGIN
      X-Ratelimit-Limit:
      - "1000"
      X-Ratelimit-Period:
      - "60"
      X-Ratelimit-Remaining:
      - "909"
      X-Ratelimit-Reset:
      - "34"
    status: 404 Not Found
    code: 404
    duration: ""
