---
version: 1
interactions:
- request:
    body: |
      {"message":"some message Notify: @hipchat-channel","name":"tf-TestAccDatadogMonitor_ThresholdWindows-local-1634926544","options":{"escalation_message":"the situation has escalated @pagerduty","include_tags":true,"new_host_delay":300,"no_data_timeframe":10,"notify_no_data":false,"renotify_interval":60,"renotify_occurrences":5,"renotify_statuses":["alert","warn"],"require_full_window":true,"threshold_windows":{"recovery_window":"last_5m","trigger_window":"last_5m"},"thresholds":{"critical":1,"critical_recovery":0.5,"ok":0,"warning":0.5,"warning_recovery":0.25},"timeout_h":60},"priority":0,"query":"avg(last_1h):anomalies(avg:system.cpu.system{name:cassandra}, 'basic', 3, direction='above', alert_window='last_5m', interval=20, count_default_zero='true') \u003e= 1","tags":[],"type":"query alert"}
    form: {}
    headers:
      Accept:
      - application/json
      Content-Length:
      - "803"
      Content-Type:
      - application/json
      Dd-Operation-Id:
      - ValidateMonitor
      User-Agent:
      - terraform-provider-datadog/dev (terraform 2.7.0; terraform-cli 0.14.7) datadog-api-client-go/1.5.0 (go go1.17; os darwin; arch amd64)
    url: https://api.datadoghq.com/api/v1/monitor/validate
    method: POST
  response:
    body: '{}'
    headers:
      Cache-Control:
      - no-cache
      Connection:
      - keep-alive
      Content-Length:
      - "2"
      Content-Security-Policy:
      - frame-ancestors 'self'; report-uri https://api.datadoghq.com/csp-report
      Content-Type:
      - application/json
      Date:
      - Fri, 22 Oct 2021 18:15:45 GMT
      Pragma:
      - no-cache
      Strict-Transport-Security:
      - max-age=15724800;
      X-Content-Type-Options:
      - nosniff
      X-Frame-Options:
      - SAMEORIGIN
    status: 200 OK
    code: 200
    duration: ""
- request:
    body: |
      {"message":"some message Notify: @hipchat-channel","name":"tf-TestAccDatadogMonitor_ThresholdWindows-local-1634926544","options":{"escalation_message":"the situation has escalated @pagerduty","include_tags":true,"new_host_delay":300,"no_data_timeframe":10,"notify_no_data":false,"renotify_interval":60,"renotify_occurrences":5,"renotify_statuses":["alert","warn"],"require_full_window":true,"threshold_windows":{"recovery_window":"last_5m","trigger_window":"last_5m"},"thresholds":{"critical":1,"critical_recovery":0.5,"ok":0,"warning":0.5,"warning_recovery":0.25},"timeout_h":60},"priority":0,"query":"avg(last_1h):anomalies(avg:system.cpu.system{name:cassandra}, 'basic', 3, direction='above', alert_window='last_5m', interval=20, count_default_zero='true') \u003e= 1","tags":[],"type":"query alert"}
    form: {}
    headers:
      Accept:
      - application/json
      Content-Length:
      - "803"
      Content-Type:
      - application/json
      Dd-Operation-Id:
      - ValidateMonitor
      User-Agent:
      - terraform-provider-datadog/dev (terraform 2.7.0; terraform-cli 0.14.7) datadog-api-client-go/1.5.0 (go go1.17; os darwin; arch amd64)
    url: https://api.datadoghq.com/api/v1/monitor/validate
    method: POST
  response:
    body: '{}'
    headers:
      Cache-Control:
      - no-cache
      Connection:
      - keep-alive
      Content-Length:
      - "2"
      Content-Security-Policy:
      - frame-ancestors 'self'; report-uri https://api.datadoghq.com/csp-report
      Content-Type:
      - application/json
      Date:
      - Fri, 22 Oct 2021 18:15:45 GMT
      Pragma:
      - no-cache
      Strict-Transport-Security:
      - max-age=15724800;
      X-Content-Type-Options:
      - nosniff
      X-Frame-Options:
      - SAMEORIGIN
    status: 200 OK
    code: 200
    duration: ""
- request:
    body: |
      {"message":"some message Notify: @hipchat-channel","name":"tf-TestAccDatadogMonitor_ThresholdWindows-local-1634926544","options":{"escalation_message":"the situation has escalated @pagerduty","include_tags":true,"new_host_delay":300,"no_data_timeframe":10,"notify_no_data":false,"renotify_interval":60,"renotify_occurrences":5,"renotify_statuses":["alert","warn"],"require_full_window":true,"threshold_windows":{"recovery_window":"last_5m","trigger_window":"last_5m"},"thresholds":{"critical":1,"critical_recovery":0.5,"ok":0,"warning":0.5,"warning_recovery":0.25},"timeout_h":60},"priority":0,"query":"avg(last_1h):anomalies(avg:system.cpu.system{name:cassandra}, 'basic', 3, direction='above', alert_window='last_5m', interval=20, count_default_zero='true') \u003e= 1","tags":[],"type":"query alert"}
    form: {}
    headers:
      Accept:
      - application/json
      Content-Length:
      - "803"
      Content-Type:
      - application/json
      Dd-Operation-Id:
      - ValidateMonitor
      User-Agent:
      - terraform-provider-datadog/dev (terraform 2.7.0; terraform-cli 0.14.7) datadog-api-client-go/1.5.0 (go go1.17; os darwin; arch amd64)
    url: https://api.datadoghq.com/api/v1/monitor/validate
    method: POST
  response:
    body: '{}'
    headers:
      Cache-Control:
      - no-cache
      Connection:
      - keep-alive
      Content-Length:
      - "2"
      Content-Security-Policy:
      - frame-ancestors 'self'; report-uri https://api.datadoghq.com/csp-report
      Content-Type:
      - application/json
      Date:
      - Fri, 22 Oct 2021 18:15:46 GMT
      Pragma:
      - no-cache
      Strict-Transport-Security:
      - max-age=15724800;
      X-Content-Type-Options:
      - nosniff
      X-Frame-Options:
      - SAMEORIGIN
    status: 200 OK
    code: 200
    duration: ""
- request:
    body: |
      {"message":"some message Notify: @hipchat-channel","name":"tf-TestAccDatadogMonitor_ThresholdWindows-local-1634926544","options":{"escalation_message":"the situation has escalated @pagerduty","include_tags":true,"new_host_delay":300,"notify_no_data":false,"renotify_interval":60,"renotify_occurrences":5,"renotify_statuses":["alert","warn"],"require_full_window":true,"threshold_windows":{"recovery_window":"last_5m","trigger_window":"last_5m"},"thresholds":{"critical":1,"critical_recovery":0.5,"ok":0,"warning":0.5,"warning_recovery":0.25},"timeout_h":60},"priority":0,"query":"avg(last_1h):anomalies(avg:system.cpu.system{name:cassandra}, 'basic', 3, direction='above', alert_window='last_5m', interval=20, count_default_zero='true') \u003e= 1","tags":[],"type":"query alert"}
    form: {}
    headers:
      Accept:
      - application/json
      Content-Length:
      - "780"
      Content-Type:
      - application/json
      Dd-Operation-Id:
      - CreateMonitor
      User-Agent:
      - terraform-provider-datadog/dev (terraform 2.7.0; terraform-cli 0.14.7) datadog-api-client-go/1.5.0 (go go1.17; os darwin; arch amd64)
    url: https://api.datadoghq.com/api/v1/monitor
    method: POST
  response:
    body: '{"restricted_roles":null,"tags":[],"deleted":null,"query":"avg(last_1h):anomalies(avg:system.cpu.system{name:cassandra}, ''basic'', 3, direction=''above'', alert_window=''last_5m'', interval=20, count_default_zero=''true'') >= 1","message":"some message Notify: @hipchat-channel","id":51392425,"multi":false,"name":"tf-TestAccDatadogMonitor_ThresholdWindows-local-1634926544","created":"2021-10-22T18:15:46.296271+00:00","created_at":1634926546000,"creator":{"id":1445416,"handle":"frog@datadoghq.com","name":null,"email":"frog@datadoghq.com"},"org_id":321813,"modified":"2021-10-22T18:15:46.296271+00:00","priority":null,"overall_state_modified":null,"overall_state":"No Data","type":"query alert","options":{"notify_audit":false,"renotify_statuses":["alert","warn"],"timeout_h":60,"silenced":{},"include_tags":true,"thresholds":{"warning":0.5,"ok":0.0,"critical":1.0,"warning_recovery":0.25,"critical_recovery":0.5},"new_host_delay":300,"require_full_window":true,"notify_no_data":false,"renotify_interval":60,"escalation_message":"the situation has escalated @pagerduty","renotify_occurrences":5,"threshold_windows":{"recovery_window":"last_5m","trigger_window":"last_5m"}}}'
    headers:
      Cache-Control:
      - no-cache
      Connection:
      - keep-alive
      Content-Security-Policy:
      - frame-ancestors 'self'; report-uri https://api.datadoghq.com/csp-report
      Content-Type:
      - application/json
      Date:
      - Fri, 22 Oct 2021 18:15:46 GMT
      Pragma:
      - no-cache
      Strict-Transport-Security:
      - max-age=15724800;
      Vary:
      - Accept-Encoding
      X-Content-Type-Options:
      - nosniff
      X-Frame-Options:
      - SAMEORIGIN
      X-Ratelimit-Limit:
      - "500"
      X-Ratelimit-Period:
      - "10"
      X-Ratelimit-Remaining:
      - "496"
      X-Ratelimit-Reset:
      - "4"
    status: 200 OK
    code: 200
    duration: ""
- request:
    body: ""
    form: {}
    headers:
      Accept:
      - application/json
      Dd-Operation-Id:
      - GetMonitor
      User-Agent:
      - terraform-provider-datadog/dev (terraform 2.7.0; terraform-cli 0.14.7) datadog-api-client-go/1.5.0 (go go1.17; os darwin; arch amd64)
    url: https://api.datadoghq.com/api/v1/monitor/51392425
    method: GET
  response:
    body: '{"restricted_roles":null,"tags":[],"deleted":null,"query":"avg(last_1h):anomalies(avg:system.cpu.system{name:cassandra}, ''basic'', 3, direction=''above'', alert_window=''last_5m'', interval=20, count_default_zero=''true'') >= 1","message":"some message Notify: @hipchat-channel","id":51392425,"multi":false,"name":"tf-TestAccDatadogMonitor_ThresholdWindows-local-1634926544","created":"2021-10-22T18:15:46.296271+00:00","created_at":1634926546000,"creator":{"id":1445416,"handle":"frog@datadoghq.com","name":null,"email":"frog@datadoghq.com"},"org_id":321813,"modified":"2021-10-22T18:15:46.296271+00:00","priority":null,"overall_state_modified":null,"overall_state":"No Data","type":"query alert","options":{"notify_audit":false,"renotify_statuses":["alert","warn"],"timeout_h":60,"silenced":{},"include_tags":true,"thresholds":{"warning":0.5,"ok":0.0,"critical":1.0,"warning_recovery":0.25,"critical_recovery":0.5},"new_host_delay":300,"require_full_window":true,"notify_no_data":false,"renotify_interval":60,"escalation_message":"the situation has escalated @pagerduty","renotify_occurrences":5,"threshold_windows":{"recovery_window":"last_5m","trigger_window":"last_5m"}}}'
    headers:
      Cache-Control:
      - no-cache
      Connection:
      - keep-alive
      Content-Security-Policy:
      - frame-ancestors 'self'; report-uri https://api.datadoghq.com/csp-report
      Content-Type:
      - application/json
      Date:
      - Fri, 22 Oct 2021 18:15:46 GMT
      Pragma:
      - no-cache
      Strict-Transport-Security:
      - max-age=15724800;
      Vary:
      - Accept-Encoding
      X-Content-Type-Options:
      - nosniff
      X-Frame-Options:
      - SAMEORIGIN
      X-Ratelimit-Limit:
      - "3000"
      X-Ratelimit-Period:
      - "10"
      X-Ratelimit-Remaining:
      - "2997"
      X-Ratelimit-Reset:
      - "4"
    status: 200 OK
    code: 200
    duration: ""
- request:
    body: |
      {"message":"some message Notify: @hipchat-channel","name":"tf-TestAccDatadogMonitor_ThresholdWindows-local-1634926544","options":{"escalation_message":"the situation has escalated @pagerduty","include_tags":true,"new_host_delay":300,"no_data_timeframe":10,"notify_no_data":false,"renotify_interval":60,"renotify_occurrences":5,"renotify_statuses":["alert","warn"],"require_full_window":true,"threshold_windows":{"recovery_window":"last_5m","trigger_window":"last_5m"},"thresholds":{"critical":1,"critical_recovery":0.5,"ok":0,"warning":0.5,"warning_recovery":0.25},"timeout_h":60},"priority":0,"query":"avg(last_1h):anomalies(avg:system.cpu.system{name:cassandra}, 'basic', 3, direction='above', alert_window='last_5m', interval=20, count_default_zero='true') \u003e= 1","tags":[],"type":"query alert"}
    form: {}
    headers:
      Accept:
      - application/json
      Content-Length:
      - "803"
      Content-Type:
      - application/json
      Dd-Operation-Id:
      - ValidateMonitor
      User-Agent:
      - terraform-provider-datadog/dev (terraform 2.7.0; terraform-cli 0.14.7) datadog-api-client-go/1.5.0 (go go1.17; os darwin; arch amd64)
    url: https://api.datadoghq.com/api/v1/monitor/validate
    method: POST
  response:
    body: '{}'
    headers:
      Cache-Control:
      - no-cache
      Connection:
      - keep-alive
      Content-Length:
      - "2"
      Content-Security-Policy:
      - frame-ancestors 'self'; report-uri https://api.datadoghq.com/csp-report
      Content-Type:
      - application/json
      Date:
      - Fri, 22 Oct 2021 18:15:47 GMT
      Pragma:
      - no-cache
      Strict-Transport-Security:
      - max-age=15724800;
      X-Content-Type-Options:
      - nosniff
      X-Frame-Options:
      - SAMEORIGIN
    status: 200 OK
    code: 200
    duration: ""
- request:
    body: ""
    form: {}
    headers:
      Accept:
      - application/json
      Dd-Operation-Id:
      - GetMonitor
      User-Agent:
      - terraform-provider-datadog/dev (terraform 2.7.0; terraform-cli 0.14.7) datadog-api-client-go/1.5.0 (go go1.17; os darwin; arch amd64)
    url: https://api.datadoghq.com/api/v1/monitor/51392425
    method: GET
  response:
    body: '{"restricted_roles":null,"tags":[],"deleted":null,"query":"avg(last_1h):anomalies(avg:system.cpu.system{name:cassandra}, ''basic'', 3, direction=''above'', alert_window=''last_5m'', interval=20, count_default_zero=''true'') >= 1","message":"some message Notify: @hipchat-channel","id":51392425,"multi":false,"name":"tf-TestAccDatadogMonitor_ThresholdWindows-local-1634926544","created":"2021-10-22T18:15:46.296271+00:00","created_at":1634926546000,"creator":{"id":1445416,"handle":"frog@datadoghq.com","name":null,"email":"frog@datadoghq.com"},"org_id":321813,"modified":"2021-10-22T18:15:46.296271+00:00","priority":null,"overall_state_modified":null,"overall_state":"No Data","type":"query alert","options":{"notify_audit":false,"renotify_statuses":["alert","warn"],"timeout_h":60,"silenced":{},"include_tags":true,"thresholds":{"warning":0.5,"ok":0.0,"critical":1.0,"warning_recovery":0.25,"critical_recovery":0.5},"new_host_delay":300,"require_full_window":true,"notify_no_data":false,"renotify_interval":60,"escalation_message":"the situation has escalated @pagerduty","renotify_occurrences":5,"threshold_windows":{"recovery_window":"last_5m","trigger_window":"last_5m"}}}'
    headers:
      Cache-Control:
      - no-cache
      Connection:
      - keep-alive
      Content-Security-Policy:
      - frame-ancestors 'self'; report-uri https://api.datadoghq.com/csp-report
      Content-Type:
      - application/json
      Date:
      - Fri, 22 Oct 2021 18:15:47 GMT
      Pragma:
      - no-cache
      Strict-Transport-Security:
      - max-age=15724800;
      Vary:
      - Accept-Encoding
      X-Content-Type-Options:
      - nosniff
      X-Frame-Options:
      - SAMEORIGIN
      X-Ratelimit-Limit:
      - "3000"
      X-Ratelimit-Period:
      - "10"
      X-Ratelimit-Remaining:
      - "2990"
      X-Ratelimit-Reset:
      - "3"
    status: 200 OK
    code: 200
    duration: ""
- request:
    body: |
      {"message":"some message Notify: @hipchat-channel","name":"tf-TestAccDatadogMonitor_ThresholdWindows-local-1634926544","options":{"escalation_message":"the situation has escalated @pagerduty","include_tags":true,"new_host_delay":300,"no_data_timeframe":10,"notify_no_data":false,"renotify_interval":60,"renotify_occurrences":5,"renotify_statuses":["alert","warn"],"require_full_window":true,"threshold_windows":{"recovery_window":"last_5m","trigger_window":"last_5m"},"thresholds":{"critical":1,"critical_recovery":0.5,"ok":0,"warning":0.5,"warning_recovery":0.25},"timeout_h":60},"priority":0,"query":"avg(last_1h):anomalies(avg:system.cpu.system{name:cassandra}, 'basic', 3, direction='above', alert_window='last_5m', interval=20, count_default_zero='true') \u003e= 1","tags":[],"type":"query alert"}
    form: {}
    headers:
      Accept:
      - application/json
      Content-Length:
      - "803"
      Content-Type:
      - application/json
      Dd-Operation-Id:
      - ValidateMonitor
      User-Agent:
      - terraform-provider-datadog/dev (terraform 2.7.0; terraform-cli 0.14.7) datadog-api-client-go/1.5.0 (go go1.17; os darwin; arch amd64)
    url: https://api.datadoghq.com/api/v1/monitor/validate
    method: POST
  response:
    body: '{}'
    headers:
      Cache-Control:
      - no-cache
      Connection:
      - keep-alive
      Content-Length:
      - "2"
      Content-Security-Policy:
      - frame-ancestors 'self'; report-uri https://api.datadoghq.com/csp-report
      Content-Type:
      - application/json
      Date:
      - Fri, 22 Oct 2021 18:15:47 GMT
      Pragma:
      - no-cache
      Strict-Transport-Security:
      - max-age=15724800;
      X-Content-Type-Options:
      - nosniff
      X-Frame-Options:
      - SAMEORIGIN
    status: 200 OK
    code: 200
    duration: ""
- request:
    body: |
      {"message":"some message Notify: @hipchat-channel","name":"tf-TestAccDatadogMonitor_ThresholdWindows-local-1634926544","options":{"escalation_message":"the situation has escalated @pagerduty","include_tags":true,"new_host_delay":300,"no_data_timeframe":10,"notify_no_data":false,"renotify_interval":60,"renotify_occurrences":5,"renotify_statuses":["alert","warn"],"require_full_window":true,"threshold_windows":{"recovery_window":"last_5m","trigger_window":"last_5m"},"thresholds":{"critical":1,"critical_recovery":0.5,"ok":0,"warning":0.5,"warning_recovery":0.25},"timeout_h":60},"priority":0,"query":"avg(last_1h):anomalies(avg:system.cpu.system{name:cassandra}, 'basic', 3, direction='above', alert_window='last_5m', interval=20, count_default_zero='true') \u003e= 1","tags":[],"type":"query alert"}
    form: {}
    headers:
      Accept:
      - application/json
      Content-Length:
      - "803"
      Content-Type:
      - application/json
      Dd-Operation-Id:
      - ValidateMonitor
      User-Agent:
      - terraform-provider-datadog/dev (terraform 2.7.0; terraform-cli 0.14.7) datadog-api-client-go/1.5.0 (go go1.17; os darwin; arch amd64)
    url: https://api.datadoghq.com/api/v1/monitor/validate
    method: POST
  response:
    body: '{}'
    headers:
      Cache-Control:
      - no-cache
      Connection:
      - keep-alive
      Content-Length:
      - "2"
      Content-Security-Policy:
      - frame-ancestors 'self'; report-uri https://api.datadoghq.com/csp-report
      Content-Type:
      - application/json
      Date:
      - Fri, 22 Oct 2021 18:15:48 GMT
      Pragma:
      - no-cache
      Strict-Transport-Security:
      - max-age=15724800;
      X-Content-Type-Options:
      - nosniff
      X-Frame-Options:
      - SAMEORIGIN
    status: 200 OK
    code: 200
    duration: ""
- request:
    body: ""
    form: {}
    headers:
      Accept:
      - application/json
      Dd-Operation-Id:
      - DeleteMonitor
      User-Agent:
      - terraform-provider-datadog/dev (terraform 2.7.0; terraform-cli ) datadog-api-client-go/1.5.0 (go go1.17; os darwin; arch amd64)
    url: https://api.datadoghq.com/api/v1/monitor/51392425
    method: DELETE
  response:
    body: '{"deleted_monitor_id":51392425}'
    headers:
      Cache-Control:
      - no-cache
      Connection:
      - keep-alive
      Content-Security-Policy:
      - frame-ancestors 'self'; report-uri https://api.datadoghq.com/csp-report
      Content-Type:
      - application/json
      Date:
      - Fri, 22 Oct 2021 18:15:49 GMT
      Pragma:
      - no-cache
      Strict-Transport-Security:
      - max-age=15724800;
      Vary:
      - Accept-Encoding
      X-Content-Type-Options:
      - nosniff
      X-Frame-Options:
      - SAMEORIGIN
    status: 200 OK
    code: 200
    duration: ""
- request:
    body: ""
    form: {}
    headers:
      Accept:
      - application/json
      Dd-Operation-Id:
      - GetMonitor
      User-Agent:
      - terraform-provider-datadog/dev (terraform 2.7.0; terraform-cli ) datadog-api-client-go/1.5.0 (go go1.17; os darwin; arch amd64)
    url: https://api.datadoghq.com/api/v1/monitor/51392425
    method: GET
  response:
    body: '{"errors": ["Monitor not found"]}'
    headers:
      Cache-Control:
      - no-cache
      Connection:
      - keep-alive
      Content-Security-Policy:
      - frame-ancestors 'self'; report-uri https://api.datadoghq.com/csp-report
      Content-Type:
      - application/json
      Date:
      - Fri, 22 Oct 2021 18:15:49 GMT
      Pragma:
      - no-cache
      Strict-Transport-Security:
      - max-age=15724800;
      Vary:
      - Accept-Encoding
      X-Content-Type-Options:
      - nosniff
      X-Frame-Options:
      - SAMEORIGIN
      X-Ratelimit-Limit:
      - "3000"
      X-Ratelimit-Period:
      - "10"
      X-Ratelimit-Remaining:
      - "2981"
      X-Ratelimit-Reset:
      - "1"
    status: 404 Not Found
    code: 404
    duration: ""
