---
version: 1
interactions:
- request:
    body: '{"services":[{"service_name":"tf_TestDatadogIntegrationPagerduty_import_local_1615587021","service_key":"*****"},{"service_name":"tf_TestDatadogIntegrationPagerduty_import_local_1615587021_2","service_key":"*****"}],"subdomain":"testdomain","schedules":["https://ddog.pagerduty.com/schedules/X123VF"],"api_token":""}'
    form: {}
    headers:
      Content-Type:
      - application/json
      User-Agent:
      - terraform-provider-datadog/dev (terraform 2.4.4; terraform-cli 0.14.7) datadog-api-client-go/go-datadog-api (go go1.15.3; os darwin; arch amd64)
    url: https://api.datadoghq.com/api/v1/integration/pagerduty
    method: PUT
  response:
    body: ""
    headers:
      Connection:
      - keep-alive
      Content-Security-Policy:
      - frame-ancestors 'self'; report-uri https://api.datadoghq.com/csp-report
      Content-Type:
      - text/plain
      Date:
      - Fri, 12 Mar 2021 22:10:22 GMT
      Strict-Transport-Security:
      - max-age=15724800;
      X-Content-Type-Options:
      - nosniff
      X-Dd-Debug:
      - F5gm0Rce1/Abr9/0Fw8HAqWfiz0FdiH8er/AXnN6lOn3L6KyGgbsLCwgPlob1No8
      X-Dd-Version:
      - "35.4088130"
      X-Frame-Options:
      - SAMEORIGIN
    status: 204 No Content
    code: 204
    duration: ""
- request:
    body: ""
    form: {}
    headers:
      User-Agent:
      - terraform-provider-datadog/dev (terraform 2.4.4; terraform-cli 0.14.7) datadog-api-client-go/go-datadog-api (go go1.15.3; os darwin; arch amd64)
    url: https://api.datadoghq.com/api/v1/integration/pagerduty
    method: GET
  response:
    body: '{"services":[{"service_name":"tf_TestDatadogIntegrationPagerduty_import_local_1615587021","service_key":"*****"},{"service_name":"tf_TestDatadogIntegrationPagerduty_import_local_1615587021_2","service_key":"*****"}],"schedules":["https://ddog.pagerduty.com/schedules/X123VF"],"subdomain":"testdomain","api_token":"*****"}'
    headers:
      Cache-Control:
      - no-cache
      Connection:
      - keep-alive
      Content-Security-Policy:
      - frame-ancestors 'self'; report-uri https://api.datadoghq.com/csp-report
      Content-Type:
      - application/json
      Date:
      - Fri, 12 Mar 2021 22:10:24 GMT
      Pragma:
      - no-cache
      Strict-Transport-Security:
      - max-age=15724800;
      Vary:
      - Accept-Encoding
      X-Content-Type-Options:
      - nosniff
      X-Dd-Debug:
      - gYZcaADwbKcv7Hm19HJx6WsLoKuOijDWAt2viPeCfWqUgyKY+9e1xZdmMJeXV3YV
      X-Dd-Version:
      - "35.4088130"
      X-Frame-Options:
      - SAMEORIGIN
    status: 200 OK
    code: 200
    duration: ""
- request:
    body: ""
    form: {}
    headers:
      User-Agent:
      - terraform-provider-datadog/dev (terraform 2.4.4; terraform-cli 0.14.7) datadog-api-client-go/go-datadog-api (go go1.15.3; os darwin; arch amd64)
    url: https://api.datadoghq.com/api/v1/integration/pagerduty
    method: GET
  response:
    body: '{"services":[{"service_name":"tf_TestDatadogIntegrationPagerduty_import_local_1615587021","service_key":"*****"},{"service_name":"tf_TestDatadogIntegrationPagerduty_import_local_1615587021_2","service_key":"*****"}],"schedules":["https://ddog.pagerduty.com/schedules/X123VF"],"subdomain":"testdomain","api_token":"*****"}'
    headers:
      Cache-Control:
      - no-cache
      Connection:
      - keep-alive
      Content-Security-Policy:
      - frame-ancestors 'self'; report-uri https://api.datadoghq.com/csp-report
      Content-Type:
      - application/json
      Date:
      - Fri, 12 Mar 2021 22:10:24 GMT
      Pragma:
      - no-cache
      Strict-Transport-Security:
      - max-age=15724800;
      Vary:
      - Accept-Encoding
      X-Content-Type-Options:
      - nosniff
      X-Dd-Debug:
      - 2328yjLSqI4XmR1pVqrPRR/SFcQsbafjEpPmZx7/3PfxUK1nJQQsX+wrMelyVyj+
      X-Dd-Version:
      - "35.4088130"
      X-Frame-Options:
      - SAMEORIGIN
    status: 200 OK
    code: 200
    duration: ""
- request:
    body: ""
    form: {}
    headers:
      User-Agent:
      - terraform-provider-datadog/dev (terraform 2.4.4; terraform-cli 0.14.7) datadog-api-client-go/go-datadog-api (go go1.15.3; os darwin; arch amd64)
    url: https://api.datadoghq.com/api/v1/integration/pagerduty
    method: GET
  response:
    body: '{"services":[{"service_name":"tf_TestDatadogIntegrationPagerduty_import_local_1615587021","service_key":"*****"},{"service_name":"tf_TestDatadogIntegrationPagerduty_import_local_1615587021_2","service_key":"*****"}],"schedules":["https://ddog.pagerduty.com/schedules/X123VF"],"subdomain":"testdomain","api_token":"*****"}'
    headers:
      Cache-Control:
      - no-cache
      Connection:
      - keep-alive
      Content-Security-Policy:
      - frame-ancestors 'self'; report-uri https://api.datadoghq.com/csp-report
      Content-Type:
      - application/json
      Date:
      - Fri, 12 Mar 2021 22:10:25 GMT
      Pragma:
      - no-cache
      Strict-Transport-Security:
      - max-age=15724800;
      Vary:
      - Accept-Encoding
      X-Content-Type-Options:
      - nosniff
      X-Dd-Debug:
      - JpIJLwIH2nFlZOC+u71rq7aAOL43MLZN3MUsL+gpYHdZz5QLUOG8Jysf8kVK6tPU
      X-Dd-Version:
      - "35.4088130"
      X-Frame-Options:
      - SAMEORIGIN
    status: 200 OK
    code: 200
    duration: ""
- request:
    body: ""
    form: {}
    headers:
      User-Agent:
      - terraform-provider-datadog/dev (terraform 2.4.4; terraform-cli 0.14.7) datadog-api-client-go/go-datadog-api (go go1.15.3; os darwin; arch amd64)
    url: https://api.datadoghq.com/api/v1/integration/pagerduty
    method: GET
  response:
    body: '{"services":[{"service_name":"tf_TestDatadogIntegrationPagerduty_import_local_1615587021","service_key":"*****"},{"service_name":"tf_TestDatadogIntegrationPagerduty_import_local_1615587021_2","service_key":"*****"}],"schedules":["https://ddog.pagerduty.com/schedules/X123VF"],"subdomain":"testdomain","api_token":"*****"}'
    headers:
      Cache-Control:
      - no-cache
      Connection:
      - keep-alive
      Content-Security-Policy:
      - frame-ancestors 'self'; report-uri https://api.datadoghq.com/csp-report
      Content-Type:
      - application/json
      Date:
      - Fri, 12 Mar 2021 22:10:26 GMT
      Pragma:
      - no-cache
      Strict-Transport-Security:
      - max-age=15724800;
      Vary:
      - Accept-Encoding
      X-Content-Type-Options:
      - nosniff
      X-Dd-Debug:
      - tpRCH6w417YjBovRJ8VmtuXmNONVYiRp2c8d2AxjPdGBn8PCtgG4vAztrx3qUZAN
      X-Dd-Version:
      - "35.4088130"
      X-Frame-Options:
      - SAMEORIGIN
    status: 200 OK
    code: 200
    duration: ""
