---
version: 1
interactions:
- request:
    body: |
      {"message":"some message Notify: @hipchat-channel","name":"tf-TestAccDatadogMonitor_BasicNoTreshold-local-1686930891","options":{"escalation_message":"the situation has escalated @pagerduty","include_tags":true,"new_host_delay":300,"no_data_timeframe":10,"notify_no_data":false,"renotify_interval":60,"renotify_occurrences":5,"renotify_statuses":["alert","warn"],"require_full_window":true,"thresholds":{},"timeout_h":1},"priority":0,"query":"avg(last_1h):avg:aws.ec2.cpu{environment:foo,host:foo} by {host} \u003e 2","restricted_roles":null,"tags":["bar:baz","foo:bar"],"type":"query alert"}
    form: {}
    headers:
      Accept:
      - application/json
      Content-Type:
      - application/json
    url: https://api.datadoghq.com/api/v1/monitor/validate
    method: POST
  response:
    body: |
      {}
    headers:
      Content-Type:
      - application/json
    status: 200 OK
    code: 200
    duration: ""
- request:
    body: |
      {"message":"some message Notify: @hipchat-channel","name":"tf-TestAccDatadogMonitor_BasicNoTreshold-local-1686930891","options":{"escalation_message":"the situation has escalated @pagerduty","include_tags":true,"new_host_delay":300,"no_data_timeframe":10,"notify_no_data":false,"renotify_interval":60,"renotify_occurrences":5,"renotify_statuses":["alert","warn"],"require_full_window":true,"thresholds":{},"timeout_h":1},"priority":0,"query":"avg(last_1h):avg:aws.ec2.cpu{environment:foo,host:foo} by {host} \u003e 2","restricted_roles":null,"tags":["bar:baz","foo:bar"],"type":"query alert"}
    form: {}
    headers:
      Accept:
      - application/json
      Content-Type:
      - application/json
    url: https://api.datadoghq.com/api/v1/monitor/validate
    method: POST
  response:
    body: |
      {}
    headers:
      Content-Type:
      - application/json
    status: 200 OK
    code: 200
    duration: ""
- request:
    body: |
      {"message":"some message Notify: @hipchat-channel","name":"tf-TestAccDatadogMonitor_BasicNoTreshold-local-1686930891","options":{"escalation_message":"the situation has escalated @pagerduty","include_tags":true,"new_host_delay":300,"no_data_timeframe":10,"notify_no_data":false,"renotify_interval":60,"renotify_occurrences":5,"renotify_statuses":["alert","warn"],"require_full_window":true,"thresholds":{},"timeout_h":1},"priority":0,"query":"avg(last_1h):avg:aws.ec2.cpu{environment:foo,host:foo} by {host} \u003e 2","restricted_roles":null,"tags":["bar:baz","foo:bar"],"type":"query alert"}
    form: {}
    headers:
      Accept:
      - application/json
      Content-Type:
      - application/json
    url: https://api.datadoghq.com/api/v1/monitor/validate
    method: POST
  response:
    body: |
      {}
    headers:
      Content-Type:
      - application/json
    status: 200 OK
    code: 200
    duration: ""
- request:
    body: |
      {"message":"some message Notify: @hipchat-channel","name":"tf-TestAccDatadogMonitor_BasicNoTreshold-local-1686930891","options":{"escalation_message":"the situation has escalated @pagerduty","include_tags":true,"new_host_delay":300,"notify_no_data":false,"renotify_interval":60,"renotify_occurrences":5,"renotify_statuses":["alert","warn"],"require_full_window":true,"thresholds":{},"timeout_h":1},"priority":0,"query":"avg(last_1h):avg:aws.ec2.cpu{environment:foo,host:foo} by {host} \u003e 2","restricted_roles":null,"tags":["bar:baz","foo:bar"],"type":"query alert"}
    form: {}
    headers:
      Accept:
      - application/json
      Content-Type:
      - application/json
    url: https://api.datadoghq.com/api/v1/monitor
    method: POST
  response:
    body: |
      {"id":122222397,"org_id":321813,"type":"query alert","name":"tf-TestAccDatadogMonitor_BasicNoTreshold-local-1686930891","message":"some message Notify: @hipchat-channel","tags":["bar:baz","foo:bar"],"query":"avg(last_1h):avg:aws.ec2.cpu{environment:foo,host:foo} by {host} > 2","options":{"escalation_message":"the situation has escalated @pagerduty","include_tags":true,"new_host_delay":300,"notify_no_data":false,"renotify_interval":60,"renotify_occurrences":5,"renotify_statuses":["alert","warn"],"require_full_window":true,"timeout_h":1,"notify_audit":false,"silenced":{}},"multi":true,"created_at":1686930893000,"created":"2023-06-16T15:54:53.334387+00:00","modified":"2023-06-16T15:54:53.334387+00:00","deleted":null,"restricted_roles":null,"priority":null,"overall_state_modified":null,"overall_state":"No Data","creator":{"name":null,"handle":"frog@datadoghq.com","email":"frog@datadoghq.com","id":1445416}}
    headers:
      Content-Type:
      - application/json
    status: 200 OK
    code: 200
    duration: ""
- request:
    body: ""
    form: {}
    headers:
      Accept:
      - application/json
    url: https://api.datadoghq.com/api/v1/monitor/122222397
    method: GET
  response:
    body: |
      {"id":122222397,"org_id":321813,"type":"query alert","name":"tf-TestAccDatadogMonitor_BasicNoTreshold-local-1686930891","message":"some message Notify: @hipchat-channel","tags":["bar:baz","foo:bar"],"query":"avg(last_1h):avg:aws.ec2.cpu{environment:foo,host:foo} by {host} > 2","options":{"escalation_message":"the situation has escalated @pagerduty","include_tags":true,"new_host_delay":300,"notify_no_data":false,"renotify_interval":60,"renotify_occurrences":5,"renotify_statuses":["alert","warn"],"require_full_window":true,"timeout_h":1,"notify_audit":false,"silenced":{}},"multi":true,"created_at":1686930893000,"created":"2023-06-16T15:54:53.334387+00:00","modified":"2023-06-16T15:54:53.334387+00:00","deleted":null,"restricted_roles":null,"priority":null,"overall_state_modified":null,"overall_state":"No Data","creator":{"name":null,"handle":"frog@datadoghq.com","email":"frog@datadoghq.com","id":1445416}}
    headers:
      Content-Type:
      - application/json
    status: 200 OK
    code: 200
    duration: ""
- request:
    body: |
      {"message":"some message Notify: @hipchat-channel","name":"tf-TestAccDatadogMonitor_BasicNoTreshold-local-1686930891","options":{"escalation_message":"the situation has escalated @pagerduty","include_tags":true,"new_host_delay":300,"no_data_timeframe":10,"notify_no_data":false,"renotify_interval":60,"renotify_occurrences":5,"renotify_statuses":["alert","warn"],"require_full_window":true,"thresholds":{},"timeout_h":1},"priority":0,"query":"avg(last_1h):avg:aws.ec2.cpu{environment:foo,host:foo} by {host} \u003e 2","restricted_roles":null,"tags":["bar:baz","foo:bar"],"type":"query alert"}
    form: {}
    headers:
      Accept:
      - application/json
      Content-Type:
      - application/json
    url: https://api.datadoghq.com/api/v1/monitor/122222397/validate
    method: POST
  response:
    body: |
      {}
    headers:
      Content-Type:
      - application/json
    status: 200 OK
    code: 200
    duration: ""
- request:
    body: ""
    form: {}
    headers:
      Accept:
      - application/json
    url: https://api.datadoghq.com/api/v1/monitor/122222397
    method: GET
  response:
    body: |
      {"id":122222397,"org_id":321813,"type":"query alert","name":"tf-TestAccDatadogMonitor_BasicNoTreshold-local-1686930891","message":"some message Notify: @hipchat-channel","tags":["bar:baz","foo:bar"],"query":"avg(last_1h):avg:aws.ec2.cpu{environment:foo,host:foo} by {host} > 2","options":{"escalation_message":"the situation has escalated @pagerduty","include_tags":true,"new_host_delay":300,"notify_no_data":false,"renotify_interval":60,"renotify_occurrences":5,"renotify_statuses":["alert","warn"],"require_full_window":true,"timeout_h":1,"notify_audit":false,"silenced":{}},"multi":true,"created_at":1686930893000,"created":"2023-06-16T15:54:53.334387+00:00","modified":"2023-06-16T15:54:53.334387+00:00","deleted":null,"restricted_roles":null,"priority":null,"overall_state_modified":null,"overall_state":"No Data","creator":{"name":null,"handle":"frog@datadoghq.com","email":"frog@datadoghq.com","id":1445416}}
    headers:
      Content-Type:
      - application/json
    status: 200 OK
    code: 200
    duration: ""
- request:
    body: |
      {"message":"some message Notify: @hipchat-channel","name":"tf-TestAccDatadogMonitor_BasicNoTreshold-local-1686930891","options":{"escalation_message":"the situation has escalated @pagerduty","include_tags":true,"new_host_delay":300,"no_data_timeframe":10,"notify_no_data":false,"renotify_interval":60,"renotify_occurrences":5,"renotify_statuses":["alert","warn"],"require_full_window":true,"thresholds":{},"timeout_h":1},"priority":0,"query":"avg(last_1h):avg:aws.ec2.cpu{environment:foo,host:foo} by {host} \u003e 2","restricted_roles":null,"tags":["bar:baz","foo:bar"],"type":"query alert"}
    form: {}
    headers:
      Accept:
      - application/json
      Content-Type:
      - application/json
    url: https://api.datadoghq.com/api/v1/monitor/122222397/validate
    method: POST
  response:
    body: |
      {}
    headers:
      Content-Type:
      - application/json
    status: 200 OK
    code: 200
    duration: ""
- request:
    body: |
      {"message":"some message Notify: @hipchat-channel","name":"tf-TestAccDatadogMonitor_BasicNoTreshold-local-1686930891","options":{"escalation_message":"the situation has escalated @pagerduty","include_tags":true,"new_host_delay":300,"no_data_timeframe":10,"notify_no_data":false,"renotify_interval":60,"renotify_occurrences":5,"renotify_statuses":["alert","warn"],"require_full_window":true,"thresholds":{},"timeout_h":1},"priority":0,"query":"avg(last_1h):avg:aws.ec2.cpu{environment:foo,host:foo} by {host} \u003e 2","restricted_roles":null,"tags":["bar:baz","foo:bar"],"type":"query alert"}
    form: {}
    headers:
      Accept:
      - application/json
      Content-Type:
      - application/json
    url: https://api.datadoghq.com/api/v1/monitor/122222397/validate
    method: POST
  response:
    body: |
      {}
    headers:
      Content-Type:
      - application/json
    status: 200 OK
    code: 200
    duration: ""
- request:
    body: ""
    form: {}
    headers:
      Accept:
      - application/json
    url: https://api.datadoghq.com/api/v1/monitor/122222397
    method: DELETE
  response:
    body: |
      {"deleted_monitor_id":122222397}
    headers:
      Content-Type:
      - application/json
    status: 200 OK
    code: 200
    duration: ""
- request:
    body: ""
    form: {}
    headers:
      Accept:
      - application/json
    url: https://api.datadoghq.com/api/v1/monitor/122222397
    method: GET
  response:
    body: '{"errors":["Monitor not found"]}'
    headers:
      Content-Type:
      - application/json
    status: 404 Not Found
    code: 404
    duration: ""
