---
version: 1
interactions:
- request:
    body: |
      {"end":1735765200,"message":"tf-TestAccDatadogDowntime_TrimWhitespace-local-1649185529","monitor_tags":["*"],"recurrence":{"period":1,"type":"days"},"scope":["host:Whitespace"],"start":1735707600,"timezone":"UTC"}
    form: {}
    headers:
      Accept:
      - application/json
      Content-Type:
      - application/json
    url: https://api.datadoghq.com/api/v1/downtime
    method: POST
  response:
    body: '{"recurrence":{"until_date":null,"until_occurrences":null,"week_days":null,"type":"days","period":1},"end":1735765200,"monitor_tags":["*"],"child_id":null,"canceled":null,"monitor_id":null,"created":1649185587,"org_id":321813,"modified":1649185587,"disabled":false,"start":1735707600,"creator_id":1445416,"parent_id":null,"timezone":"UTC","active":false,"scope":["host:Whitespace"],"message":"tf-TestAccDatadogDowntime_TrimWhitespace-local-1649185529","downtime_type":1,"id":1857667271,"updater_id":null}'
    headers:
      Content-Type:
      - application/json
    status: 200 OK
    code: 200
    duration: ""
- request:
    body: ""
    form: {}
    headers:
      Accept:
      - application/json
    url: https://api.datadoghq.com/api/v1/downtime/1857667271
    method: GET
  response:
    body: '{"recurrence":{"until_date":null,"until_occurrences":null,"week_days":null,"type":"days","period":1},"end":1735765200,"monitor_tags":["*"],"child_id":null,"canceled":null,"monitor_id":null,"created":1649185587,"org_id":321813,"modified":1649185587,"disabled":false,"start":1735707600,"creator_id":1445416,"parent_id":null,"timezone":"UTC","active":false,"scope":["host:Whitespace"],"message":"tf-TestAccDatadogDowntime_TrimWhitespace-local-1649185529","downtime_type":1,"id":1857667271,"updater_id":null}'
    headers:
      Content-Type:
      - application/json
    status: 200 OK
    code: 200
    duration: ""
- request:
    body: ""
    form: {}
    headers:
      Accept:
      - application/json
    url: https://api.datadoghq.com/api/v1/downtime/1857667271
    method: GET
  response:
    body: '{"recurrence":{"until_date":null,"until_occurrences":null,"week_days":null,"type":"days","period":1},"end":1735765200,"monitor_tags":["*"],"child_id":null,"canceled":null,"monitor_id":null,"created":1649185587,"org_id":321813,"modified":1649185587,"disabled":false,"start":1735707600,"creator_id":1445416,"parent_id":null,"timezone":"UTC","active":false,"scope":["host:Whitespace"],"message":"tf-TestAccDatadogDowntime_TrimWhitespace-local-1649185529","downtime_type":1,"id":1857667271,"updater_id":null}'
    headers:
      Content-Type:
      - application/json
    status: 200 OK
    code: 200
    duration: ""
- request:
    body: ""
    form: {}
    headers:
      Accept:
      - '*/*'
    url: https://api.datadoghq.com/api/v1/downtime/1857667271
    method: DELETE
  response:
    body: ""
    headers: {}
    status: 204 No Content
    code: 204
    duration: ""
- request:
    body: ""
    form: {}
    headers:
      Accept:
      - application/json
    url: https://api.datadoghq.com/api/v1/downtime/1857667271
    method: GET
  response:
    body: '{"recurrence":{"until_date":null,"until_occurrences":null,"week_days":null,"type":"days","period":1},"end":1735765200,"monitor_tags":["*"],"child_id":null,"canceled":1649185640,"monitor_id":null,"created":1649185587,"org_id":321813,"modified":1649185640,"disabled":true,"start":1735707600,"creator_id":1445416,"parent_id":null,"timezone":"UTC","active":false,"scope":["host:Whitespace"],"message":"tf-TestAccDatadogDowntime_TrimWhitespace-local-1649185529","downtime_type":1,"id":1857667271,"updater_id":1445416}'
    headers:
      Content-Type:
      - application/json
    status: 200 OK
    code: 200
    duration: ""
