---
version: 1
interactions:
- request:
    body: |
      {"config":{"assertions":[{"operator":"is","property":"A","target":"0.0.0.0","type":"recordSome"}],"configVariables":[],"request":{"dnsServer":"8.8.8.8","host":"https://www.datadoghq.com"},"variables":[]},"locations":["aws:eu-central-1"],"message":"Notify @datadog.user","name":"tf-TestAccDatadogSyntheticsDNSTest_Updated-local-1615587127","options":{"min_location_failed":1,"tick_every":60},"status":"paused","subtype":"dns","tags":["foo:bar","baz"],"type":"api"}
    form: {}
    headers:
      Accept:
      - application/json
      Content-Type:
      - application/json
      Dd-Operation-Id:
      - CreateTest
      User-Agent:
      - terraform-provider-datadog/dev (terraform 2.4.4; terraform-cli 0.14.7) datadog-api-client-go/1.0.0-beta.16 (go go1.15.3; os darwin; arch amd64)
    url: https://api.datadoghq.com/api/v1/synthetics/tests
    method: POST
  response:
    body: '{"status":"paused","public_id":"c54-h98-7id","tags":["foo:bar","baz"],"org_id":321813,"locations":["aws:eu-central-1"],"message":"Notify @datadog.user","deleted_at":null,"name":"tf-TestAccDatadogSyntheticsDNSTest_Updated-local-1615587127","monitor_id":32039155,"type":"api","created_at":"2021-03-12T22:12:09.074598+00:00","modified_at":"2021-03-12T22:12:09.074598+00:00","subtype":"dns","config":{"variables":[],"request":{"host":"https://www.datadoghq.com","dnsServer":"8.8.8.8"},"assertions":[{"operator":"is","property":"A","type":"recordSome","target":"0.0.0.0"}],"configVariables":[]},"options":{"min_location_failed":1,"tick_every":60}}'
    headers:
      Cache-Control:
      - no-cache
      Connection:
      - keep-alive
      Content-Security-Policy:
      - frame-ancestors 'self'; report-uri https://api.datadoghq.com/csp-report
      Content-Type:
      - application/json
      Date:
      - Fri, 12 Mar 2021 22:12:09 GMT
      Pragma:
      - no-cache
      Strict-Transport-Security:
      - max-age=15724800;
      Vary:
      - Accept-Encoding
      X-Content-Type-Options:
      - nosniff
      X-Dd-Debug:
      - fIO2C4qGDheGHy4YbS+r3a3CXbh4cbRo7roILOimQyiHGjQdOat0cIpWCkupM1uX
      X-Dd-Version:
      - "35.4088130"
      X-Frame-Options:
      - SAMEORIGIN
      X-Ratelimit-Limit:
      - "120"
      X-Ratelimit-Period:
      - "60"
      X-Ratelimit-Remaining:
      - "118"
      X-Ratelimit-Reset:
      - "52"
    status: 200 OK
    code: 200
    duration: ""
- request:
    body: ""
    form: {}
    headers:
      Accept:
      - application/json
      Dd-Operation-Id:
      - GetTest
      User-Agent:
      - terraform-provider-datadog/dev (terraform 2.4.4; terraform-cli 0.14.7) datadog-api-client-go/1.0.0-beta.16 (go go1.15.3; os darwin; arch amd64)
    url: https://api.datadoghq.com/api/v1/synthetics/tests/c54-h98-7id
    method: GET
  response:
    body: '{"status":"paused","public_id":"c54-h98-7id","tags":["foo:bar","baz"],"locations":["aws:eu-central-1"],"message":"Notify @datadog.user","name":"tf-TestAccDatadogSyntheticsDNSTest_Updated-local-1615587127","monitor_id":32039155,"type":"api","subtype":"dns","config":{"variables":[],"request":{"host":"https://www.datadoghq.com","dnsServer":"8.8.8.8"},"assertions":[{"operator":"is","property":"A","type":"recordSome","target":"0.0.0.0"}],"configVariables":[]},"options":{"min_location_failed":1,"tick_every":60}}'
    headers:
      Cache-Control:
      - no-cache
      Connection:
      - keep-alive
      Content-Security-Policy:
      - frame-ancestors 'self'; report-uri https://api.datadoghq.com/csp-report
      Content-Type:
      - application/json
      Date:
      - Fri, 12 Mar 2021 22:12:10 GMT
      Pragma:
      - no-cache
      Strict-Transport-Security:
      - max-age=15724800;
      Vary:
      - Accept-Encoding
      X-Content-Type-Options:
      - nosniff
      X-Dd-Debug:
      - nLnnBNvlCFDECRnZvzDb0z4sAO35G+IMidcAs8vrCKyjvsKWE8Yd9S3n6OjZ1qRN
      X-Dd-Version:
      - "35.4088130"
      X-Frame-Options:
      - SAMEORIGIN
      X-Ratelimit-Limit:
      - "1000"
      X-Ratelimit-Period:
      - "60"
      X-Ratelimit-Remaining:
      - "998"
      X-Ratelimit-Reset:
      - "51"
    status: 200 OK
    code: 200
    duration: ""
- request:
    body: ""
    form: {}
    headers:
      Accept:
      - application/json
      Dd-Operation-Id:
      - GetTest
      User-Agent:
      - terraform-provider-datadog/dev (terraform 2.4.4; terraform-cli 0.14.7) datadog-api-client-go/1.0.0-beta.16 (go go1.15.3; os darwin; arch amd64)
    url: https://api.datadoghq.com/api/v1/synthetics/tests/c54-h98-7id
    method: GET
  response:
    body: '{"status":"paused","public_id":"c54-h98-7id","tags":["foo:bar","baz"],"locations":["aws:eu-central-1"],"message":"Notify @datadog.user","name":"tf-TestAccDatadogSyntheticsDNSTest_Updated-local-1615587127","monitor_id":32039155,"type":"api","subtype":"dns","config":{"variables":[],"request":{"host":"https://www.datadoghq.com","dnsServer":"8.8.8.8"},"assertions":[{"operator":"is","property":"A","type":"recordSome","target":"0.0.0.0"}],"configVariables":[]},"options":{"min_location_failed":1,"tick_every":60}}'
    headers:
      Cache-Control:
      - no-cache
      Connection:
      - keep-alive
      Content-Security-Policy:
      - frame-ancestors 'self'; report-uri https://api.datadoghq.com/csp-report
      Content-Type:
      - application/json
      Date:
      - Fri, 12 Mar 2021 22:12:10 GMT
      Pragma:
      - no-cache
      Strict-Transport-Security:
      - max-age=15724800;
      Vary:
      - Accept-Encoding
      X-Content-Type-Options:
      - nosniff
      X-Dd-Debug:
      - Um4CoU685QqAscnxhS5BD+goWu2yX1Jd4zCfGzSsEvPPIm1qURZaF8dlLl/OEY4I
      X-Dd-Version:
      - "35.4088130"
      X-Frame-Options:
      - SAMEORIGIN
      X-Ratelimit-Limit:
      - "1000"
      X-Ratelimit-Period:
      - "60"
      X-Ratelimit-Remaining:
      - "996"
      X-Ratelimit-Reset:
      - "50"
    status: 200 OK
    code: 200
    duration: ""
- request:
    body: ""
    form: {}
    headers:
      Accept:
      - application/json
      Dd-Operation-Id:
      - GetTest
      User-Agent:
      - terraform-provider-datadog/dev (terraform 2.4.4; terraform-cli 0.14.7) datadog-api-client-go/1.0.0-beta.16 (go go1.15.3; os darwin; arch amd64)
    url: https://api.datadoghq.com/api/v1/synthetics/tests/c54-h98-7id
    method: GET
  response:
    body: '{"status":"paused","public_id":"c54-h98-7id","tags":["foo:bar","baz"],"locations":["aws:eu-central-1"],"message":"Notify @datadog.user","name":"tf-TestAccDatadogSyntheticsDNSTest_Updated-local-1615587127","monitor_id":32039155,"type":"api","subtype":"dns","config":{"variables":[],"request":{"host":"https://www.datadoghq.com","dnsServer":"8.8.8.8"},"assertions":[{"operator":"is","property":"A","type":"recordSome","target":"0.0.0.0"}],"configVariables":[]},"options":{"min_location_failed":1,"tick_every":60}}'
    headers:
      Cache-Control:
      - no-cache
      Connection:
      - keep-alive
      Content-Security-Policy:
      - frame-ancestors 'self'; report-uri https://api.datadoghq.com/csp-report
      Content-Type:
      - application/json
      Date:
      - Fri, 12 Mar 2021 22:12:11 GMT
      Pragma:
      - no-cache
      Strict-Transport-Security:
      - max-age=15724800;
      Vary:
      - Accept-Encoding
      X-Content-Type-Options:
      - nosniff
      X-Dd-Debug:
      - vdJ3/nHEY1ioXQ6pQrBVvsQK1s4yyc+wufBMPSoXql71qZVuP/xMdtNo6DafhOAk
      X-Dd-Version:
      - "35.4088130"
      X-Frame-Options:
      - SAMEORIGIN
      X-Ratelimit-Limit:
      - "1000"
      X-Ratelimit-Period:
      - "60"
      X-Ratelimit-Remaining:
      - "994"
      X-Ratelimit-Reset:
      - "49"
    status: 200 OK
    code: 200
    duration: ""
- request:
    body: ""
    form: {}
    headers:
      Accept:
      - application/json
      Dd-Operation-Id:
      - GetTest
      User-Agent:
      - terraform-provider-datadog/dev (terraform 2.4.4; terraform-cli ) datadog-api-client-go/1.0.0-beta.16 (go go1.15.3; os darwin; arch amd64)
    url: https://api.datadoghq.com/api/v1/synthetics/tests/c54-h98-7id
    method: GET
  response:
    body: '{"status":"paused","public_id":"c54-h98-7id","tags":["foo:bar","baz"],"locations":["aws:eu-central-1"],"message":"Notify @datadog.user","name":"tf-TestAccDatadogSyntheticsDNSTest_Updated-local-1615587127","monitor_id":32039155,"type":"api","subtype":"dns","config":{"variables":[],"request":{"host":"https://www.datadoghq.com","dnsServer":"8.8.8.8"},"assertions":[{"operator":"is","property":"A","type":"recordSome","target":"0.0.0.0"}],"configVariables":[]},"options":{"min_location_failed":1,"tick_every":60}}'
    headers:
      Cache-Control:
      - no-cache
      Connection:
      - keep-alive
      Content-Security-Policy:
      - frame-ancestors 'self'; report-uri https://api.datadoghq.com/csp-report
      Content-Type:
      - application/json
      Date:
      - Fri, 12 Mar 2021 22:12:12 GMT
      Pragma:
      - no-cache
      Strict-Transport-Security:
      - max-age=15724800;
      Vary:
      - Accept-Encoding
      X-Content-Type-Options:
      - nosniff
      X-Dd-Debug:
      - bgHykj7A9bfZx0Y5ZO3swhhp5tGUSNJHqFWR868+qg087CYrDOd5hQslC+noiEtH
      X-Dd-Version:
      - "35.4088130"
      X-Frame-Options:
      - SAMEORIGIN
      X-Ratelimit-Limit:
      - "1000"
      X-Ratelimit-Period:
      - "60"
      X-Ratelimit-Remaining:
      - "992"
      X-Ratelimit-Reset:
      - "48"
    status: 200 OK
    code: 200
    duration: ""
- request:
    body: |
      {"config":{"assertions":[{"operator":"is","property":"A","target":"1.1.1.1","type":"recordEvery"}],"configVariables":[],"request":{"dnsServer":"8.8.8.8","host":"https://www.datadoghq.com"},"variables":[]},"locations":["aws:eu-central-1"],"message":"Notify @datadog.user","name":"tf-TestAccDatadogSyntheticsDNSTest_Updated-local-1615587127-updated","options":{"min_location_failed":1,"tick_every":300},"status":"live","subtype":"dns","tags":["foo:bar","baz","env:test"],"type":"api"}
    form: {}
    headers:
      Accept:
      - application/json
      Content-Type:
      - application/json
      Dd-Operation-Id:
      - UpdateTest
      User-Agent:
      - terraform-provider-datadog/dev (terraform 2.4.4; terraform-cli 0.14.7) datadog-api-client-go/1.0.0-beta.16 (go go1.15.3; os darwin; arch amd64)
    url: https://api.datadoghq.com/api/v1/synthetics/tests/c54-h98-7id
    method: PUT
  response:
    body: '{"status":"live","public_id":"c54-h98-7id","tags":["foo:bar","baz","env:test"],"org_id":321813,"locations":["aws:eu-central-1"],"message":"Notify @datadog.user","deleted_at":null,"name":"tf-TestAccDatadogSyntheticsDNSTest_Updated-local-1615587127-updated","monitor_id":32039155,"type":"api","created_at":"2021-03-12T22:12:09.074598+00:00","modified_at":"2021-03-12T22:12:13.869430+00:00","subtype":"dns","config":{"variables":[],"request":{"host":"https://www.datadoghq.com","dnsServer":"8.8.8.8"},"assertions":[{"operator":"is","property":"A","type":"recordEvery","target":"1.1.1.1"}],"configVariables":[]},"options":{"min_location_failed":1,"tick_every":300}}'
    headers:
      Cache-Control:
      - no-cache
      Connection:
      - keep-alive
      Content-Security-Policy:
      - frame-ancestors 'self'; report-uri https://api.datadoghq.com/csp-report
      Content-Type:
      - application/json
      Date:
      - Fri, 12 Mar 2021 22:12:13 GMT
      Pragma:
      - no-cache
      Strict-Transport-Security:
      - max-age=15724800;
      Vary:
      - Accept-Encoding
      X-Content-Type-Options:
      - nosniff
      X-Dd-Debug:
      - vdJ3/nHEY1ioXQ6pQrBVvsQK1s4yyc+wufBMPSoXql71qZVuP/xMdtNo6DafhOAk
      X-Dd-Version:
      - "35.4088130"
      X-Frame-Options:
      - SAMEORIGIN
      X-Ratelimit-Limit:
      - "500"
      X-Ratelimit-Period:
      - "60"
      X-Ratelimit-Remaining:
      - "499"
      X-Ratelimit-Reset:
      - "47"
    status: 200 OK
    code: 200
    duration: ""
- request:
    body: ""
    form: {}
    headers:
      Accept:
      - application/json
      Dd-Operation-Id:
      - GetTest
      User-Agent:
      - terraform-provider-datadog/dev (terraform 2.4.4; terraform-cli 0.14.7) datadog-api-client-go/1.0.0-beta.16 (go go1.15.3; os darwin; arch amd64)
    url: https://api.datadoghq.com/api/v1/synthetics/tests/c54-h98-7id
    method: GET
  response:
    body: '{"status":"live","public_id":"c54-h98-7id","tags":["foo:bar","baz","env:test"],"locations":["aws:eu-central-1"],"message":"Notify @datadog.user","name":"tf-TestAccDatadogSyntheticsDNSTest_Updated-local-1615587127-updated","monitor_id":32039155,"type":"api","subtype":"dns","config":{"variables":[],"request":{"host":"https://www.datadoghq.com","dnsServer":"8.8.8.8"},"assertions":[{"operator":"is","property":"A","type":"recordEvery","target":"1.1.1.1"}],"configVariables":[]},"options":{"min_location_failed":1,"tick_every":300}}'
    headers:
      Cache-Control:
      - no-cache
      Connection:
      - keep-alive
      Content-Security-Policy:
      - frame-ancestors 'self'; report-uri https://api.datadoghq.com/csp-report
      Content-Type:
      - application/json
      Date:
      - Fri, 12 Mar 2021 22:12:14 GMT
      Pragma:
      - no-cache
      Strict-Transport-Security:
      - max-age=15724800;
      Vary:
      - Accept-Encoding
      X-Content-Type-Options:
      - nosniff
      X-Dd-Debug:
      - 2328yjLSqI4XmR1pVqrPRR/SFcQsbafjEpPmZx7/3PfxUK1nJQQsX+wrMelyVyj+
      X-Dd-Version:
      - "35.4088130"
      X-Frame-Options:
      - SAMEORIGIN
      X-Ratelimit-Limit:
      - "1000"
      X-Ratelimit-Period:
      - "60"
      X-Ratelimit-Remaining:
      - "991"
      X-Ratelimit-Reset:
      - "47"
    status: 200 OK
    code: 200
    duration: ""
- request:
    body: ""
    form: {}
    headers:
      Accept:
      - application/json
      Dd-Operation-Id:
      - GetTest
      User-Agent:
      - terraform-provider-datadog/dev (terraform 2.4.4; terraform-cli 0.14.7) datadog-api-client-go/1.0.0-beta.16 (go go1.15.3; os darwin; arch amd64)
    url: https://api.datadoghq.com/api/v1/synthetics/tests/c54-h98-7id
    method: GET
  response:
    body: '{"status":"live","public_id":"c54-h98-7id","tags":["foo:bar","baz","env:test"],"locations":["aws:eu-central-1"],"message":"Notify @datadog.user","name":"tf-TestAccDatadogSyntheticsDNSTest_Updated-local-1615587127-updated","monitor_id":32039155,"type":"api","subtype":"dns","config":{"variables":[],"request":{"host":"https://www.datadoghq.com","dnsServer":"8.8.8.8"},"assertions":[{"operator":"is","property":"A","type":"recordEvery","target":"1.1.1.1"}],"configVariables":[]},"options":{"min_location_failed":1,"tick_every":300}}'
    headers:
      Cache-Control:
      - no-cache
      Connection:
      - keep-alive
      Content-Security-Policy:
      - frame-ancestors 'self'; report-uri https://api.datadoghq.com/csp-report
      Content-Type:
      - application/json
      Date:
      - Fri, 12 Mar 2021 22:12:14 GMT
      Pragma:
      - no-cache
      Strict-Transport-Security:
      - max-age=15724800;
      Vary:
      - Accept-Encoding
      X-Content-Type-Options:
      - nosniff
      X-Dd-Debug:
      - /L+SFFO+m1pPY+hRCpk5325fvfrNl0KmiquUNJolBN/5hu3HIwflqjZSbJ6NxDFG
      X-Dd-Version:
      - "35.4088130"
      X-Frame-Options:
      - SAMEORIGIN
      X-Ratelimit-Limit:
      - "1000"
      X-Ratelimit-Period:
      - "60"
      X-Ratelimit-Remaining:
      - "990"
      X-Ratelimit-Reset:
      - "46"
    status: 200 OK
    code: 200
    duration: ""
- request:
    body: ""
    form: {}
    headers:
      Accept:
      - application/json
      Dd-Operation-Id:
      - GetTest
      User-Agent:
      - terraform-provider-datadog/dev (terraform 2.4.4; terraform-cli ) datadog-api-client-go/1.0.0-beta.16 (go go1.15.3; os darwin; arch amd64)
    url: https://api.datadoghq.com/api/v1/synthetics/tests/c54-h98-7id
    method: GET
  response:
    body: '{"status":"live","public_id":"c54-h98-7id","tags":["foo:bar","baz","env:test"],"locations":["aws:eu-central-1"],"message":"Notify @datadog.user","name":"tf-TestAccDatadogSyntheticsDNSTest_Updated-local-1615587127-updated","monitor_id":32039155,"type":"api","subtype":"dns","config":{"variables":[],"request":{"host":"https://www.datadoghq.com","dnsServer":"8.8.8.8"},"assertions":[{"operator":"is","property":"A","type":"recordEvery","target":"1.1.1.1"}],"configVariables":[]},"options":{"min_location_failed":1,"tick_every":300}}'
    headers:
      Cache-Control:
      - no-cache
      Connection:
      - keep-alive
      Content-Security-Policy:
      - frame-ancestors 'self'; report-uri https://api.datadoghq.com/csp-report
      Content-Type:
      - application/json
      Date:
      - Fri, 12 Mar 2021 22:12:15 GMT
      Pragma:
      - no-cache
      Strict-Transport-Security:
      - max-age=15724800;
      Vary:
      - Accept-Encoding
      X-Content-Type-Options:
      - nosniff
      X-Dd-Debug:
      - /L+SFFO+m1pPY+hRCpk5325fvfrNl0KmiquUNJolBN/5hu3HIwflqjZSbJ6NxDFG
      X-Dd-Version:
      - "35.4088130"
      X-Frame-Options:
      - SAMEORIGIN
      X-Ratelimit-Limit:
      - "1000"
      X-Ratelimit-Period:
      - "60"
      X-Ratelimit-Remaining:
      - "989"
      X-Ratelimit-Reset:
      - "45"
    status: 200 OK
    code: 200
    duration: ""
- request:
    body: |
      {"public_ids":["c54-h98-7id"]}
    form: {}
    headers:
      Accept:
      - application/json
      Content-Type:
      - application/json
      Dd-Operation-Id:
      - DeleteTests
      User-Agent:
      - terraform-provider-datadog/dev (terraform 2.4.4; terraform-cli ) datadog-api-client-go/1.0.0-beta.16 (go go1.15.3; os darwin; arch amd64)
    url: https://api.datadoghq.com/api/v1/synthetics/tests/delete
    method: POST
  response:
    body: '{"deleted_tests":[{"deleted_at":"2021-03-12T22:12:16.985944+00:00","public_id":"c54-h98-7id"}]}'
    headers:
      Cache-Control:
      - no-cache
      Connection:
      - keep-alive
      Content-Security-Policy:
      - frame-ancestors 'self'; report-uri https://api.datadoghq.com/csp-report
      Content-Type:
      - application/json
      Date:
      - Fri, 12 Mar 2021 22:12:17 GMT
      Pragma:
      - no-cache
      Strict-Transport-Security:
      - max-age=15724800;
      Vary:
      - Accept-Encoding
      X-Content-Type-Options:
      - nosniff
      X-Dd-Debug:
      - l8RQo2maZqJf6GFThBbKNE6dvthz6njusVtau3dPXJWL2RLFoN81H+BLPB/1xgs1
      X-Dd-Version:
      - "35.4088130"
      X-Frame-Options:
      - SAMEORIGIN
      X-Ratelimit-Limit:
      - "120"
      X-Ratelimit-Period:
      - "60"
      X-Ratelimit-Remaining:
      - "118"
      X-Ratelimit-Reset:
      - "44"
    status: 200 OK
    code: 200
    duration: ""
- request:
    body: ""
    form: {}
    headers:
      Accept:
      - application/json
      Dd-Operation-Id:
      - GetTest
      User-Agent:
      - terraform-provider-datadog/dev (terraform 2.4.4; terraform-cli ) datadog-api-client-go/1.0.0-beta.16 (go go1.15.3; os darwin; arch amd64)
    url: https://api.datadoghq.com/api/v1/synthetics/tests/c54-h98-7id
    method: GET
  response:
    body: '{"errors": ["Synthetics test not found"]}'
    headers:
      Cache-Control:
      - no-cache
      Connection:
      - keep-alive
      Content-Security-Policy:
      - frame-ancestors 'self'; report-uri https://api.datadoghq.com/csp-report
      Content-Type:
      - application/json
      Date:
      - Fri, 12 Mar 2021 22:12:17 GMT
      Pragma:
      - no-cache
      Strict-Transport-Security:
      - max-age=15724800;
      Vary:
      - Accept-Encoding
      X-Content-Type-Options:
      - nosniff
      X-Dd-Version:
      - "35.4088130"
      X-Frame-Options:
      - SAMEORIGIN
      X-Ratelimit-Limit:
      - "1000"
      X-Ratelimit-Period:
      - "60"
      X-Ratelimit-Remaining:
      - "988"
      X-Ratelimit-Reset:
      - "43"
    status: 404 Not Found
    code: 404
    duration: ""
