---
version: 1
interactions:
- request:
    body: |
      {"message":"some message Notify: @hipchat-channel","name":"tf-TestAccDatadogMonitor_Basic_float_int-local-1650313635","options":{"escalation_message":"the situation has escalated @pagerduty","include_tags":true,"new_host_delay":300,"no_data_timeframe":10,"notify_no_data":false,"renotify_interval":60,"renotify_occurrences":5,"renotify_statuses":["alert","warn"],"require_full_window":true,"thresholds":{"critical":2,"critical_recovery":1,"warning":1,"warning_recovery":0},"timeout_h":60},"priority":0,"query":"avg(last_1h):avg:aws.ec2.cpu{environment:foo,host:foo} by {host} \u003e 2","tags":["baz","foo:bar"],"type":"query alert"}
    form: {}
    headers:
      Accept:
      - application/json
      Content-Type:
      - application/json
    url: https://api.datadoghq.com/api/v1/monitor/validate
    method: POST
  response:
    body: '{}'
    headers:
      Content-Type:
      - application/json
    status: 200 OK
    code: 200
    duration: ""
- request:
    body: |
      {"message":"some message Notify: @hipchat-channel","name":"tf-TestAccDatadogMonitor_Basic_float_int-local-1650313635","options":{"escalation_message":"the situation has escalated @pagerduty","include_tags":true,"new_host_delay":300,"no_data_timeframe":10,"notify_no_data":false,"renotify_interval":60,"renotify_occurrences":5,"renotify_statuses":["alert","warn"],"require_full_window":true,"thresholds":{"critical":2,"critical_recovery":1,"warning":1,"warning_recovery":0},"timeout_h":60},"priority":0,"query":"avg(last_1h):avg:aws.ec2.cpu{environment:foo,host:foo} by {host} \u003e 2","tags":["baz","foo:bar"],"type":"query alert"}
    form: {}
    headers:
      Accept:
      - application/json
      Content-Type:
      - application/json
    url: https://api.datadoghq.com/api/v1/monitor/validate
    method: POST
  response:
    body: '{}'
    headers:
      Content-Type:
      - application/json
    status: 200 OK
    code: 200
    duration: ""
- request:
    body: |
      {"message":"some message Notify: @hipchat-channel","name":"tf-TestAccDatadogMonitor_Basic_float_int-local-1650313635","options":{"escalation_message":"the situation has escalated @pagerduty","include_tags":true,"new_host_delay":300,"no_data_timeframe":10,"notify_no_data":false,"renotify_interval":60,"renotify_occurrences":5,"renotify_statuses":["alert","warn"],"require_full_window":true,"thresholds":{"critical":2,"critical_recovery":1,"warning":1,"warning_recovery":0},"timeout_h":60},"priority":0,"query":"avg(last_1h):avg:aws.ec2.cpu{environment:foo,host:foo} by {host} \u003e 2","tags":["baz","foo:bar"],"type":"query alert"}
    form: {}
    headers:
      Accept:
      - application/json
      Content-Type:
      - application/json
    url: https://api.datadoghq.com/api/v1/monitor/validate
    method: POST
  response:
    body: '{}'
    headers:
      Content-Type:
      - application/json
    status: 200 OK
    code: 200
    duration: ""
- request:
    body: |
      {"message":"some message Notify: @hipchat-channel","name":"tf-TestAccDatadogMonitor_Basic_float_int-local-1650313635","options":{"escalation_message":"the situation has escalated @pagerduty","include_tags":true,"new_host_delay":300,"notify_no_data":false,"renotify_interval":60,"renotify_occurrences":5,"renotify_statuses":["alert","warn"],"require_full_window":true,"thresholds":{"critical":2,"critical_recovery":1,"warning":1,"warning_recovery":0},"timeout_h":60},"priority":0,"query":"avg(last_1h):avg:aws.ec2.cpu{environment:foo,host:foo} by {host} \u003e 2","tags":["baz","foo:bar"],"type":"query alert"}
    form: {}
    headers:
      Accept:
      - application/json
      Content-Type:
      - application/json
    url: https://api.datadoghq.com/api/v1/monitor
    method: POST
  response:
    body: '{"restricted_roles":null,"tags":["baz","foo:bar"],"deleted":null,"query":"avg(last_1h):avg:aws.ec2.cpu{environment:foo,host:foo} by {host} > 2","message":"some message Notify: @hipchat-channel","id":69150120,"multi":true,"name":"tf-TestAccDatadogMonitor_Basic_float_int-local-1650313635","created":"2022-04-18T20:27:17.550246+00:00","created_at":1650313637000,"creator":{"id":1445416,"handle":"frog@datadoghq.com","name":null,"email":"frog@datadoghq.com"},"org_id":321813,"modified":"2022-04-18T20:27:17.550246+00:00","priority":null,"overall_state_modified":null,"overall_state":"No Data","type":"query alert","options":{"notify_audit":false,"renotify_statuses":["alert","warn"],"timeout_h":60,"silenced":{},"include_tags":true,"thresholds":{"critical":2.0,"warning":1.0,"critical_recovery":1.0,"warning_recovery":0.0},"new_host_delay":300,"require_full_window":true,"notify_no_data":false,"renotify_interval":60,"escalation_message":"the situation has escalated @pagerduty","renotify_occurrences":5}}'
    headers:
      Content-Type:
      - application/json
    status: 200 OK
    code: 200
    duration: ""
- request:
    body: ""
    form: {}
    headers:
      Accept:
      - application/json
    url: https://api.datadoghq.com/api/v1/monitor/69150120
    method: GET
  response:
    body: '{"restricted_roles":null,"tags":["baz","foo:bar"],"deleted":null,"query":"avg(last_1h):avg:aws.ec2.cpu{environment:foo,host:foo} by {host} > 2","message":"some message Notify: @hipchat-channel","id":69150120,"multi":true,"name":"tf-TestAccDatadogMonitor_Basic_float_int-local-1650313635","created":"2022-04-18T20:27:17.550246+00:00","created_at":1650313637000,"creator":{"id":1445416,"handle":"frog@datadoghq.com","name":null,"email":"frog@datadoghq.com"},"org_id":321813,"modified":"2022-04-18T20:27:17.550246+00:00","priority":null,"overall_state_modified":null,"overall_state":"No Data","type":"query alert","options":{"notify_audit":false,"renotify_statuses":["alert","warn"],"timeout_h":60,"silenced":{},"include_tags":true,"thresholds":{"critical":2.0,"warning":1.0,"critical_recovery":1.0,"warning_recovery":0.0},"new_host_delay":300,"require_full_window":true,"notify_no_data":false,"renotify_interval":60,"escalation_message":"the situation has escalated @pagerduty","renotify_occurrences":5}}'
    headers:
      Content-Type:
      - application/json
    status: 200 OK
    code: 200
    duration: ""
- request:
    body: |
      {"message":"some message Notify: @hipchat-channel","name":"tf-TestAccDatadogMonitor_Basic_float_int-local-1650313635","options":{"escalation_message":"the situation has escalated @pagerduty","include_tags":true,"new_host_delay":300,"no_data_timeframe":10,"notify_no_data":false,"renotify_interval":60,"renotify_occurrences":5,"renotify_statuses":["alert","warn"],"require_full_window":true,"thresholds":{"critical":2,"critical_recovery":1,"warning":1,"warning_recovery":0},"timeout_h":60},"priority":0,"query":"avg(last_1h):avg:aws.ec2.cpu{environment:foo,host:foo} by {host} \u003e 2","tags":["baz","foo:bar"],"type":"query alert"}
    form: {}
    headers:
      Accept:
      - application/json
      Content-Type:
      - application/json
    url: https://api.datadoghq.com/api/v1/monitor/69150120/validate
    method: POST
  response:
    body: '{}'
    headers:
      Content-Type:
      - application/json
    status: 200 OK
    code: 200
    duration: ""
- request:
    body: ""
    form: {}
    headers:
      Accept:
      - application/json
    url: https://api.datadoghq.com/api/v1/monitor/69150120
    method: GET
  response:
    body: '{"restricted_roles":null,"tags":["baz","foo:bar"],"deleted":null,"query":"avg(last_1h):avg:aws.ec2.cpu{environment:foo,host:foo} by {host} > 2","message":"some message Notify: @hipchat-channel","id":69150120,"multi":true,"name":"tf-TestAccDatadogMonitor_Basic_float_int-local-1650313635","created":"2022-04-18T20:27:17.550246+00:00","created_at":1650313637000,"creator":{"id":1445416,"handle":"frog@datadoghq.com","name":null,"email":"frog@datadoghq.com"},"org_id":321813,"modified":"2022-04-18T20:27:17.550246+00:00","priority":null,"overall_state_modified":null,"overall_state":"No Data","type":"query alert","options":{"notify_audit":false,"renotify_statuses":["alert","warn"],"timeout_h":60,"silenced":{},"include_tags":true,"thresholds":{"critical":2.0,"warning":1.0,"critical_recovery":1.0,"warning_recovery":0.0},"new_host_delay":300,"require_full_window":true,"notify_no_data":false,"renotify_interval":60,"escalation_message":"the situation has escalated @pagerduty","renotify_occurrences":5}}'
    headers:
      Content-Type:
      - application/json
    status: 200 OK
    code: 200
    duration: ""
- request:
    body: |
      {"message":"some message Notify: @hipchat-channel","name":"tf-TestAccDatadogMonitor_Basic_float_int-local-1650313635","options":{"escalation_message":"the situation has escalated @pagerduty","include_tags":true,"new_host_delay":300,"no_data_timeframe":10,"notify_no_data":false,"renotify_interval":60,"renotify_occurrences":5,"renotify_statuses":["alert","warn"],"require_full_window":true,"thresholds":{"critical":2,"critical_recovery":1,"warning":1,"warning_recovery":0},"timeout_h":60},"priority":0,"query":"avg(last_1h):avg:aws.ec2.cpu{environment:foo,host:foo} by {host} \u003e 2","tags":["baz","foo:bar"],"type":"query alert"}
    form: {}
    headers:
      Accept:
      - application/json
      Content-Type:
      - application/json
    url: https://api.datadoghq.com/api/v1/monitor/69150120/validate
    method: POST
  response:
    body: '{}'
    headers:
      Content-Type:
      - application/json
    status: 200 OK
    code: 200
    duration: ""
- request:
    body: |
      {"message":"some message Notify: @hipchat-channel","name":"tf-TestAccDatadogMonitor_Basic_float_int-local-1650313635","options":{"escalation_message":"the situation has escalated @pagerduty","include_tags":true,"new_host_delay":300,"no_data_timeframe":10,"notify_no_data":false,"renotify_interval":60,"renotify_occurrences":5,"renotify_statuses":["alert","warn"],"require_full_window":true,"thresholds":{"critical":2,"critical_recovery":1,"warning":1,"warning_recovery":0},"timeout_h":60},"priority":0,"query":"avg(last_1h):avg:aws.ec2.cpu{environment:foo,host:foo} by {host} \u003e 2","tags":["baz","foo:bar"],"type":"query alert"}
    form: {}
    headers:
      Accept:
      - application/json
      Content-Type:
      - application/json
    url: https://api.datadoghq.com/api/v1/monitor/69150120/validate
    method: POST
  response:
    body: '{}'
    headers:
      Content-Type:
      - application/json
    status: 200 OK
    code: 200
    duration: ""
- request:
    body: ""
    form: {}
    headers:
      Accept:
      - application/json
    url: https://api.datadoghq.com/api/v1/monitor/69150120
    method: GET
  response:
    body: '{"restricted_roles":null,"tags":["baz","foo:bar"],"deleted":null,"query":"avg(last_1h):avg:aws.ec2.cpu{environment:foo,host:foo} by {host} > 2","message":"some message Notify: @hipchat-channel","id":69150120,"multi":true,"name":"tf-TestAccDatadogMonitor_Basic_float_int-local-1650313635","created":"2022-04-18T20:27:17.550246+00:00","created_at":1650313637000,"creator":{"id":1445416,"handle":"frog@datadoghq.com","name":null,"email":"frog@datadoghq.com"},"org_id":321813,"modified":"2022-04-18T20:27:17.550246+00:00","priority":null,"overall_state_modified":null,"overall_state":"No Data","type":"query alert","options":{"notify_audit":false,"renotify_statuses":["alert","warn"],"timeout_h":60,"silenced":{},"include_tags":true,"thresholds":{"critical":2.0,"warning":1.0,"critical_recovery":1.0,"warning_recovery":0.0},"new_host_delay":300,"require_full_window":true,"notify_no_data":false,"renotify_interval":60,"escalation_message":"the situation has escalated @pagerduty","renotify_occurrences":5}}'
    headers:
      Content-Type:
      - application/json
    status: 200 OK
    code: 200
    duration: ""
- request:
    body: |
      {"message":"some message Notify: @hipchat-channel","name":"tf-TestAccDatadogMonitor_Basic_float_int-local-1650313635","options":{"escalation_message":"the situation has escalated @pagerduty","include_tags":true,"new_host_delay":300,"no_data_timeframe":10,"notify_no_data":false,"renotify_interval":60,"renotify_occurrences":5,"renotify_statuses":["alert","warn"],"require_full_window":true,"thresholds":{"critical":3,"critical_recovery":2,"warning":1,"warning_recovery":0.5},"timeout_h":60},"priority":0,"query":"avg(last_1h):avg:aws.ec2.cpu{environment:foo,host:foo} by {host} \u003e 3","tags":["baz","foo:bar"],"type":"query alert"}
    form: {}
    headers:
      Accept:
      - application/json
      Content-Type:
      - application/json
    url: https://api.datadoghq.com/api/v1/monitor/69150120/validate
    method: POST
  response:
    body: '{}'
    headers:
      Content-Type:
      - application/json
    status: 200 OK
    code: 200
    duration: ""
- request:
    body: |
      {"message":"some message Notify: @hipchat-channel","name":"tf-TestAccDatadogMonitor_Basic_float_int-local-1650313635","options":{"escalation_message":"the situation has escalated @pagerduty","include_tags":true,"new_host_delay":300,"no_data_timeframe":10,"notify_no_data":false,"renotify_interval":60,"renotify_occurrences":5,"renotify_statuses":["alert","warn"],"require_full_window":true,"thresholds":{"critical":3,"critical_recovery":2,"warning":1,"warning_recovery":0.5},"timeout_h":60},"priority":0,"query":"avg(last_1h):avg:aws.ec2.cpu{environment:foo,host:foo} by {host} \u003e 3","tags":["baz","foo:bar"],"type":"query alert"}
    form: {}
    headers:
      Accept:
      - application/json
      Content-Type:
      - application/json
    url: https://api.datadoghq.com/api/v1/monitor/69150120/validate
    method: POST
  response:
    body: '{}'
    headers:
      Content-Type:
      - application/json
    status: 200 OK
    code: 200
    duration: ""
- request:
    body: |
      {"message":"some message Notify: @hipchat-channel","name":"tf-TestAccDatadogMonitor_Basic_float_int-local-1650313635","options":{"escalation_message":"the situation has escalated @pagerduty","include_tags":true,"new_host_delay":300,"no_data_timeframe":10,"notify_no_data":false,"renotify_interval":60,"renotify_occurrences":5,"renotify_statuses":["alert","warn"],"require_full_window":true,"thresholds":{"critical":3,"critical_recovery":2,"warning":1,"warning_recovery":0.5},"timeout_h":60},"priority":0,"query":"avg(last_1h):avg:aws.ec2.cpu{environment:foo,host:foo} by {host} \u003e 3","tags":["baz","foo:bar"],"type":"query alert"}
    form: {}
    headers:
      Accept:
      - application/json
      Content-Type:
      - application/json
    url: https://api.datadoghq.com/api/v1/monitor/69150120/validate
    method: POST
  response:
    body: '{}'
    headers:
      Content-Type:
      - application/json
    status: 200 OK
    code: 200
    duration: ""
- request:
    body: |
      {"id":69150120,"message":"some message Notify: @hipchat-channel","name":"tf-TestAccDatadogMonitor_Basic_float_int-local-1650313635","options":{"escalation_message":"the situation has escalated @pagerduty","include_tags":true,"new_host_delay":300,"notify_no_data":false,"renotify_interval":60,"renotify_occurrences":5,"renotify_statuses":["alert","warn"],"require_full_window":true,"thresholds":{"critical":3,"critical_recovery":2,"warning":1,"warning_recovery":0.5},"timeout_h":60},"priority":0,"query":"avg(last_1h):avg:aws.ec2.cpu{environment:foo,host:foo} by {host} \u003e 3","tags":["baz","foo:bar"],"type":"query alert"}
    form: {}
    headers:
      Accept:
      - application/json
      Content-Type:
      - application/json
    url: https://api.datadoghq.com/api/v1/monitor/69150120
    method: PUT
  response:
    body: '{"restricted_roles":null,"tags":["baz","foo:bar"],"deleted":null,"query":"avg(last_1h):avg:aws.ec2.cpu{environment:foo,host:foo} by {host} > 3","message":"some message Notify: @hipchat-channel","id":69150120,"multi":true,"name":"tf-TestAccDatadogMonitor_Basic_float_int-local-1650313635","created":"2022-04-18T20:27:17.550246+00:00","created_at":1650313637000,"org_id":321813,"modified":"2022-04-18T20:27:21.272728+00:00","priority":null,"overall_state_modified":null,"overall_state":"No Data","type":"query alert","options":{"notify_audit":false,"renotify_statuses":["alert","warn"],"timeout_h":60,"silenced":{},"include_tags":true,"thresholds":{"critical":3.0,"warning":1.0,"warning_recovery":0.5,"critical_recovery":2.0},"new_host_delay":300,"require_full_window":true,"notify_no_data":false,"renotify_interval":60,"escalation_message":"the situation has escalated @pagerduty","renotify_occurrences":5}}'
    headers:
      Content-Type:
      - application/json
    status: 200 OK
    code: 200
    duration: ""
- request:
    body: ""
    form: {}
    headers:
      Accept:
      - application/json
    url: https://api.datadoghq.com/api/v1/monitor/69150120
    method: GET
  response:
    body: '{"restricted_roles":null,"tags":["baz","foo:bar"],"deleted":null,"query":"avg(last_1h):avg:aws.ec2.cpu{environment:foo,host:foo} by {host} > 3","message":"some message Notify: @hipchat-channel","id":69150120,"multi":true,"name":"tf-TestAccDatadogMonitor_Basic_float_int-local-1650313635","created":"2022-04-18T20:27:17.550246+00:00","created_at":1650313637000,"creator":{"id":1445416,"handle":"frog@datadoghq.com","name":null,"email":"frog@datadoghq.com"},"org_id":321813,"modified":"2022-04-18T20:27:21.272728+00:00","priority":null,"overall_state_modified":null,"overall_state":"No Data","type":"query alert","options":{"notify_audit":false,"renotify_statuses":["alert","warn"],"timeout_h":60,"silenced":{},"include_tags":true,"thresholds":{"critical":3.0,"warning":1.0,"warning_recovery":0.5,"critical_recovery":2.0},"new_host_delay":300,"require_full_window":true,"notify_no_data":false,"renotify_interval":60,"escalation_message":"the situation has escalated @pagerduty","renotify_occurrences":5}}'
    headers:
      Content-Type:
      - application/json
    status: 200 OK
    code: 200
    duration: ""
- request:
    body: |
      {"message":"some message Notify: @hipchat-channel","name":"tf-TestAccDatadogMonitor_Basic_float_int-local-1650313635","options":{"escalation_message":"the situation has escalated @pagerduty","include_tags":true,"new_host_delay":300,"no_data_timeframe":10,"notify_no_data":false,"renotify_interval":60,"renotify_occurrences":5,"renotify_statuses":["alert","warn"],"require_full_window":true,"thresholds":{"critical":3,"critical_recovery":2,"warning":1,"warning_recovery":0.5},"timeout_h":60},"priority":0,"query":"avg(last_1h):avg:aws.ec2.cpu{environment:foo,host:foo} by {host} \u003e 3","tags":["baz","foo:bar"],"type":"query alert"}
    form: {}
    headers:
      Accept:
      - application/json
      Content-Type:
      - application/json
    url: https://api.datadoghq.com/api/v1/monitor/69150120/validate
    method: POST
  response:
    body: '{}'
    headers:
      Content-Type:
      - application/json
    status: 200 OK
    code: 200
    duration: ""
- request:
    body: ""
    form: {}
    headers:
      Accept:
      - application/json
    url: https://api.datadoghq.com/api/v1/monitor/69150120
    method: GET
  response:
    body: '{"restricted_roles":null,"tags":["baz","foo:bar"],"deleted":null,"query":"avg(last_1h):avg:aws.ec2.cpu{environment:foo,host:foo} by {host} > 3","message":"some message Notify: @hipchat-channel","id":69150120,"multi":true,"name":"tf-TestAccDatadogMonitor_Basic_float_int-local-1650313635","created":"2022-04-18T20:27:17.550246+00:00","created_at":1650313637000,"creator":{"id":1445416,"handle":"frog@datadoghq.com","name":null,"email":"frog@datadoghq.com"},"org_id":321813,"modified":"2022-04-18T20:27:21.272728+00:00","priority":null,"overall_state_modified":null,"overall_state":"No Data","type":"query alert","options":{"notify_audit":false,"renotify_statuses":["alert","warn"],"timeout_h":60,"silenced":{},"include_tags":true,"thresholds":{"critical":3.0,"warning":1.0,"warning_recovery":0.5,"critical_recovery":2.0},"new_host_delay":300,"require_full_window":true,"notify_no_data":false,"renotify_interval":60,"escalation_message":"the situation has escalated @pagerduty","renotify_occurrences":5}}'
    headers:
      Content-Type:
      - application/json
    status: 200 OK
    code: 200
    duration: ""
- request:
    body: |
      {"message":"some message Notify: @hipchat-channel","name":"tf-TestAccDatadogMonitor_Basic_float_int-local-1650313635","options":{"escalation_message":"the situation has escalated @pagerduty","include_tags":true,"new_host_delay":300,"no_data_timeframe":10,"notify_no_data":false,"renotify_interval":60,"renotify_occurrences":5,"renotify_statuses":["alert","warn"],"require_full_window":true,"thresholds":{"critical":3,"critical_recovery":2,"warning":1,"warning_recovery":0.5},"timeout_h":60},"priority":0,"query":"avg(last_1h):avg:aws.ec2.cpu{environment:foo,host:foo} by {host} \u003e 3","tags":["baz","foo:bar"],"type":"query alert"}
    form: {}
    headers:
      Accept:
      - application/json
      Content-Type:
      - application/json
    url: https://api.datadoghq.com/api/v1/monitor/69150120/validate
    method: POST
  response:
    body: '{}'
    headers:
      Content-Type:
      - application/json
    status: 200 OK
    code: 200
    duration: ""
- request:
    body: |
      {"message":"some message Notify: @hipchat-channel","name":"tf-TestAccDatadogMonitor_Basic_float_int-local-1650313635","options":{"escalation_message":"the situation has escalated @pagerduty","include_tags":true,"new_host_delay":300,"no_data_timeframe":10,"notify_no_data":false,"renotify_interval":60,"renotify_occurrences":5,"renotify_statuses":["alert","warn"],"require_full_window":true,"thresholds":{"critical":3,"critical_recovery":2,"warning":1,"warning_recovery":0.5},"timeout_h":60},"priority":0,"query":"avg(last_1h):avg:aws.ec2.cpu{environment:foo,host:foo} by {host} \u003e 3","tags":["baz","foo:bar"],"type":"query alert"}
    form: {}
    headers:
      Accept:
      - application/json
      Content-Type:
      - application/json
    url: https://api.datadoghq.com/api/v1/monitor/69150120/validate
    method: POST
  response:
    body: '{}'
    headers:
      Content-Type:
      - application/json
    status: 200 OK
    code: 200
    duration: ""
- request:
    body: ""
    form: {}
    headers:
      Accept:
      - application/json
    url: https://api.datadoghq.com/api/v1/monitor/69150120
    method: DELETE
  response:
    body: '{"deleted_monitor_id":69150120}'
    headers:
      Content-Type:
      - application/json
    status: 200 OK
    code: 200
    duration: ""
- request:
    body: ""
    form: {}
    headers:
      Accept:
      - application/json
    url: https://api.datadoghq.com/api/v1/monitor/69150120
    method: GET
  response:
    body: '{"errors": ["Monitor not found"]}'
    headers:
      Content-Type:
      - application/json
    status: 404 Not Found
    code: 404
    duration: ""
