---
version: 1
interactions:
- request:
    body: |
      {"message":"some message Notify: @hipchat-channel\n","name":"tf-TestAccDatadogMonitor_TrimWhitespace-local-1615214706","options":{"escalation_message":"the situation has escalated @pagerduty\n","include_tags":true,"new_host_delay":300,"no_data_timeframe":10,"notify_no_data":false,"renotify_interval":60,"require_full_window":true,"thresholds":{"critical":2,"critical_recovery":1.5,"ok":0,"warning":1,"warning_recovery":0.5},"timeout_h":60},"priority":0,"query":"avg(last_1h):avg:aws.ec2.cpu{environment:foo,host:foo} by {host} \u003e 2\n","tags":[],"type":"query alert"}
    form: {}
    headers:
      Accept:
      - application/json
      Content-Type:
      - application/json
      Dd-Operation-Id:
      - ValidateMonitor
      User-Agent:
      - terraform-provider-datadog/dev (terraform 2.4.4; terraform-cli 0.14.7) datadog-api-client-go/1.0.0-beta.16 (go go1.15.3; os darwin; arch amd64)
    url: https://api.datadoghq.com/api/v1/monitor/validate
    method: POST
  response:
    body: '{}'
    headers:
      Cache-Control:
      - no-cache
      Connection:
      - keep-alive
      Content-Length:
      - "2"
      Content-Security-Policy:
      - frame-ancestors 'self'; report-uri https://api.datadoghq.com/csp-report
      Content-Type:
      - application/json
      Date:
      - Mon, 08 Mar 2021 14:45:07 GMT
      Pragma:
      - no-cache
      Strict-Transport-Security:
      - max-age=15724800;
      X-Content-Type-Options:
      - nosniff
      X-Dd-Version:
      - "35.4051376"
      X-Frame-Options:
      - SAMEORIGIN
    status: 200 OK
    code: 200
    duration: ""
- request:
    body: |
      {"message":"some message Notify: @hipchat-channel\n","name":"tf-TestAccDatadogMonitor_TrimWhitespace-local-1615214706","options":{"escalation_message":"the situation has escalated @pagerduty\n","include_tags":true,"new_host_delay":300,"no_data_timeframe":10,"notify_no_data":false,"renotify_interval":60,"require_full_window":true,"thresholds":{"critical":2,"critical_recovery":1.5,"ok":0,"warning":1,"warning_recovery":0.5},"timeout_h":60},"priority":0,"query":"avg(last_1h):avg:aws.ec2.cpu{environment:foo,host:foo} by {host} \u003e 2\n","tags":[],"type":"query alert"}
    form: {}
    headers:
      Accept:
      - application/json
      Content-Type:
      - application/json
      Dd-Operation-Id:
      - ValidateMonitor
      User-Agent:
      - terraform-provider-datadog/dev (terraform 2.4.4; terraform-cli 0.14.7) datadog-api-client-go/1.0.0-beta.16 (go go1.15.3; os darwin; arch amd64)
    url: https://api.datadoghq.com/api/v1/monitor/validate
    method: POST
  response:
    body: '{}'
    headers:
      Cache-Control:
      - no-cache
      Connection:
      - keep-alive
      Content-Length:
      - "2"
      Content-Security-Policy:
      - frame-ancestors 'self'; report-uri https://api.datadoghq.com/csp-report
      Content-Type:
      - application/json
      Date:
      - Mon, 08 Mar 2021 14:45:07 GMT
      Pragma:
      - no-cache
      Strict-Transport-Security:
      - max-age=15724800;
      X-Content-Type-Options:
      - nosniff
      X-Dd-Version:
      - "35.4051376"
      X-Frame-Options:
      - SAMEORIGIN
    status: 200 OK
    code: 200
    duration: ""
- request:
    body: |
      {"message":"some message Notify: @hipchat-channel\n","name":"tf-TestAccDatadogMonitor_TrimWhitespace-local-1615214706","options":{"escalation_message":"the situation has escalated @pagerduty\n","include_tags":true,"new_host_delay":300,"no_data_timeframe":10,"notify_no_data":false,"renotify_interval":60,"require_full_window":true,"thresholds":{"critical":2,"critical_recovery":1.5,"ok":0,"warning":1,"warning_recovery":0.5},"timeout_h":60},"priority":0,"query":"avg(last_1h):avg:aws.ec2.cpu{environment:foo,host:foo} by {host} \u003e 2\n","tags":[],"type":"query alert"}
    form: {}
    headers:
      Accept:
      - application/json
      Content-Type:
      - application/json
      Dd-Operation-Id:
      - ValidateMonitor
      User-Agent:
      - terraform-provider-datadog/dev (terraform 2.4.4; terraform-cli 0.14.7) datadog-api-client-go/1.0.0-beta.16 (go go1.15.3; os darwin; arch amd64)
    url: https://api.datadoghq.com/api/v1/monitor/validate
    method: POST
  response:
    body: '{}'
    headers:
      Cache-Control:
      - no-cache
      Connection:
      - keep-alive
      Content-Length:
      - "2"
      Content-Security-Policy:
      - frame-ancestors 'self'; report-uri https://api.datadoghq.com/csp-report
      Content-Type:
      - application/json
      Date:
      - Mon, 08 Mar 2021 14:45:08 GMT
      Pragma:
      - no-cache
      Strict-Transport-Security:
      - max-age=15724800;
      X-Content-Type-Options:
      - nosniff
      X-Dd-Version:
      - "35.4051376"
      X-Frame-Options:
      - SAMEORIGIN
    status: 200 OK
    code: 200
    duration: ""
- request:
    body: |
      {"message":"some message Notify: @hipchat-channel\n","name":"tf-TestAccDatadogMonitor_TrimWhitespace-local-1615214706","options":{"escalation_message":"the situation has escalated @pagerduty\n","include_tags":true,"new_host_delay":300,"notify_no_data":false,"renotify_interval":60,"require_full_window":true,"thresholds":{"critical":2,"critical_recovery":1.5,"ok":0,"warning":1,"warning_recovery":0.5},"timeout_h":60},"priority":0,"query":"avg(last_1h):avg:aws.ec2.cpu{environment:foo,host:foo} by {host} \u003e 2\n","tags":[],"type":"query alert"}
    form: {}
    headers:
      Accept:
      - application/json
      Content-Type:
      - application/json
      Dd-Operation-Id:
      - CreateMonitor
      User-Agent:
      - terraform-provider-datadog/dev (terraform 2.4.4; terraform-cli 0.14.7) datadog-api-client-go/1.0.0-beta.16 (go go1.15.3; os darwin; arch amd64)
    url: https://api.datadoghq.com/api/v1/monitor
    method: POST
  response:
    body: '{"restricted_roles":null,"tags":[],"deleted":null,"query":"avg(last_1h):avg:aws.ec2.cpu{environment:foo,host:foo} by {host} > 2","message":"some message Notify: @hipchat-channel","id":31720372,"multi":true,"name":"tf-TestAccDatadogMonitor_TrimWhitespace-local-1615214706","created":"2021-03-08T14:45:11.647242+00:00","created_at":1615214711000,"creator":{"id":1445416,"handle":"frog@datadoghq.com","name":null,"email":"frog@datadoghq.com"},"org_id":321813,"modified":"2021-03-08T14:45:11.647242+00:00","priority":null,"overall_state_modified":null,"overall_state":"No Data","type":"query alert","options":{"notify_audit":false,"locked":false,"timeout_h":60,"silenced":{},"include_tags":true,"thresholds":{"warning":1.0,"ok":0.0,"critical":2.0,"warning_recovery":0.5,"critical_recovery":1.5},"require_full_window":true,"new_host_delay":300,"notify_no_data":false,"renotify_interval":60,"escalation_message":"the situation has escalated @pagerduty"}}'
    headers:
      Cache-Control:
      - no-cache
      Connection:
      - keep-alive
      Content-Security-Policy:
      - frame-ancestors 'self'; report-uri https://api.datadoghq.com/csp-report
      Content-Type:
      - application/json
      Date:
      - Mon, 08 Mar 2021 14:45:11 GMT
      Pragma:
      - no-cache
      Strict-Transport-Security:
      - max-age=15724800;
      Vary:
      - Accept-Encoding
      X-Content-Type-Options:
      - nosniff
      X-Dd-Version:
      - "35.4051376"
      X-Frame-Options:
      - SAMEORIGIN
      X-Ratelimit-Limit:
      - "500"
      X-Ratelimit-Period:
      - "10"
      X-Ratelimit-Remaining:
      - "497"
      X-Ratelimit-Reset:
      - "9"
    status: 200 OK
    code: 200
    duration: ""
- request:
    body: ""
    form: {}
    headers:
      Accept:
      - application/json
      Dd-Operation-Id:
      - GetMonitor
      User-Agent:
      - terraform-provider-datadog/dev (terraform 2.4.4; terraform-cli 0.14.7) datadog-api-client-go/1.0.0-beta.16 (go go1.15.3; os darwin; arch amd64)
    url: https://api.datadoghq.com/api/v1/monitor/31720372
    method: GET
  response:
    body: '{"restricted_roles":null,"tags":[],"deleted":null,"query":"avg(last_1h):avg:aws.ec2.cpu{environment:foo,host:foo} by {host} > 2","message":"some message Notify: @hipchat-channel","id":31720372,"multi":true,"name":"tf-TestAccDatadogMonitor_TrimWhitespace-local-1615214706","created":"2021-03-08T14:45:11.647242+00:00","created_at":1615214711000,"creator":{"id":1445416,"handle":"frog@datadoghq.com","name":null,"email":"frog@datadoghq.com"},"org_id":321813,"modified":"2021-03-08T14:45:11.647242+00:00","priority":null,"overall_state_modified":null,"overall_state":"No Data","type":"query alert","options":{"notify_audit":false,"locked":false,"timeout_h":60,"silenced":{},"include_tags":true,"thresholds":{"warning":1.0,"ok":0.0,"critical":2.0,"warning_recovery":0.5,"critical_recovery":1.5},"require_full_window":true,"new_host_delay":300,"notify_no_data":false,"renotify_interval":60,"escalation_message":"the situation has escalated @pagerduty"}}'
    headers:
      Cache-Control:
      - no-cache
      Connection:
      - keep-alive
      Content-Security-Policy:
      - frame-ancestors 'self'; report-uri https://api.datadoghq.com/csp-report
      Content-Type:
      - application/json
      Date:
      - Mon, 08 Mar 2021 14:45:11 GMT
      Pragma:
      - no-cache
      Strict-Transport-Security:
      - max-age=15724800;
      Vary:
      - Accept-Encoding
      X-Content-Type-Options:
      - nosniff
      X-Dd-Version:
      - "35.4051376"
      X-Frame-Options:
      - SAMEORIGIN
      X-Ratelimit-Limit:
      - "3000"
      X-Ratelimit-Period:
      - "10"
      X-Ratelimit-Remaining:
      - "2997"
      X-Ratelimit-Reset:
      - "9"
    status: 200 OK
    code: 200
    duration: ""
- request:
    body: ""
    form: {}
    headers:
      Accept:
      - application/json
      Dd-Operation-Id:
      - GetMonitor
      User-Agent:
      - terraform-provider-datadog/dev (terraform 2.4.4; terraform-cli 0.14.7) datadog-api-client-go/1.0.0-beta.16 (go go1.15.3; os darwin; arch amd64)
    url: https://api.datadoghq.com/api/v1/monitor/31720372
    method: GET
  response:
    body: '{"restricted_roles":null,"tags":[],"deleted":null,"query":"avg(last_1h):avg:aws.ec2.cpu{environment:foo,host:foo} by {host} > 2","message":"some message Notify: @hipchat-channel","id":31720372,"multi":true,"name":"tf-TestAccDatadogMonitor_TrimWhitespace-local-1615214706","created":"2021-03-08T14:45:11.647242+00:00","created_at":1615214711000,"creator":{"id":1445416,"handle":"frog@datadoghq.com","name":null,"email":"frog@datadoghq.com"},"org_id":321813,"modified":"2021-03-08T14:45:11.647242+00:00","priority":null,"overall_state_modified":null,"overall_state":"No Data","type":"query alert","options":{"notify_audit":false,"locked":false,"timeout_h":60,"silenced":{},"include_tags":true,"thresholds":{"warning":1.0,"ok":0.0,"critical":2.0,"warning_recovery":0.5,"critical_recovery":1.5},"require_full_window":true,"new_host_delay":300,"notify_no_data":false,"renotify_interval":60,"escalation_message":"the situation has escalated @pagerduty"}}'
    headers:
      Cache-Control:
      - no-cache
      Connection:
      - keep-alive
      Content-Security-Policy:
      - frame-ancestors 'self'; report-uri https://api.datadoghq.com/csp-report
      Content-Type:
      - application/json
      Date:
      - Mon, 08 Mar 2021 14:45:12 GMT
      Pragma:
      - no-cache
      Strict-Transport-Security:
      - max-age=15724800;
      Vary:
      - Accept-Encoding
      X-Content-Type-Options:
      - nosniff
      X-Dd-Version:
      - "35.4051376"
      X-Frame-Options:
      - SAMEORIGIN
      X-Ratelimit-Limit:
      - "3000"
      X-Ratelimit-Period:
      - "10"
      X-Ratelimit-Remaining:
      - "2991"
      X-Ratelimit-Reset:
      - "8"
    status: 200 OK
    code: 200
    duration: ""
- request:
    body: |
      {"message":"some message Notify: @hipchat-channel\n","name":"tf-TestAccDatadogMonitor_TrimWhitespace-local-1615214706","options":{"escalation_message":"the situation has escalated @pagerduty\n","include_tags":true,"new_host_delay":300,"no_data_timeframe":10,"notify_no_data":false,"renotify_interval":60,"require_full_window":true,"thresholds":{"critical":2,"critical_recovery":1.5,"ok":0,"warning":1,"warning_recovery":0.5},"timeout_h":60},"priority":0,"query":"avg(last_1h):avg:aws.ec2.cpu{environment:foo,host:foo} by {host} \u003e 2\n","tags":[],"type":"query alert"}
    form: {}
    headers:
      Accept:
      - application/json
      Content-Type:
      - application/json
      Dd-Operation-Id:
      - ValidateMonitor
      User-Agent:
      - terraform-provider-datadog/dev (terraform 2.4.4; terraform-cli 0.14.7) datadog-api-client-go/1.0.0-beta.16 (go go1.15.3; os darwin; arch amd64)
    url: https://api.datadoghq.com/api/v1/monitor/validate
    method: POST
  response:
    body: '{}'
    headers:
      Cache-Control:
      - no-cache
      Connection:
      - keep-alive
      Content-Length:
      - "2"
      Content-Security-Policy:
      - frame-ancestors 'self'; report-uri https://api.datadoghq.com/csp-report
      Content-Type:
      - application/json
      Date:
      - Mon, 08 Mar 2021 14:45:12 GMT
      Pragma:
      - no-cache
      Strict-Transport-Security:
      - max-age=15724800;
      X-Content-Type-Options:
      - nosniff
      X-Dd-Version:
      - "35.4051376"
      X-Frame-Options:
      - SAMEORIGIN
    status: 200 OK
    code: 200
    duration: ""
- request:
    body: ""
    form: {}
    headers:
      Accept:
      - application/json
      Dd-Operation-Id:
      - GetMonitor
      User-Agent:
      - terraform-provider-datadog/dev (terraform 2.4.4; terraform-cli 0.14.7) datadog-api-client-go/1.0.0-beta.16 (go go1.15.3; os darwin; arch amd64)
    url: https://api.datadoghq.com/api/v1/monitor/31720372
    method: GET
  response:
    body: '{"restricted_roles":null,"tags":[],"deleted":null,"query":"avg(last_1h):avg:aws.ec2.cpu{environment:foo,host:foo} by {host} > 2","message":"some message Notify: @hipchat-channel","id":31720372,"multi":true,"name":"tf-TestAccDatadogMonitor_TrimWhitespace-local-1615214706","created":"2021-03-08T14:45:11.647242+00:00","created_at":1615214711000,"creator":{"id":1445416,"handle":"frog@datadoghq.com","name":null,"email":"frog@datadoghq.com"},"org_id":321813,"modified":"2021-03-08T14:45:11.647242+00:00","priority":null,"overall_state_modified":null,"overall_state":"No Data","type":"query alert","options":{"notify_audit":false,"locked":false,"timeout_h":60,"silenced":{},"include_tags":true,"thresholds":{"warning":1.0,"ok":0.0,"critical":2.0,"warning_recovery":0.5,"critical_recovery":1.5},"require_full_window":true,"new_host_delay":300,"notify_no_data":false,"renotify_interval":60,"escalation_message":"the situation has escalated @pagerduty"}}'
    headers:
      Cache-Control:
      - no-cache
      Connection:
      - keep-alive
      Content-Security-Policy:
      - frame-ancestors 'self'; report-uri https://api.datadoghq.com/csp-report
      Content-Type:
      - application/json
      Date:
      - Mon, 08 Mar 2021 14:45:13 GMT
      Pragma:
      - no-cache
      Strict-Transport-Security:
      - max-age=15724800;
      Vary:
      - Accept-Encoding
      X-Content-Type-Options:
      - nosniff
      X-Dd-Version:
      - "35.4051376"
      X-Frame-Options:
      - SAMEORIGIN
      X-Ratelimit-Limit:
      - "3000"
      X-Ratelimit-Period:
      - "10"
      X-Ratelimit-Remaining:
      - "2983"
      X-Ratelimit-Reset:
      - "7"
    status: 200 OK
    code: 200
    duration: ""
- request:
    body: |
      {"message":"some message Notify: @hipchat-channel\n","name":"tf-TestAccDatadogMonitor_TrimWhitespace-local-1615214706","options":{"escalation_message":"the situation has escalated @pagerduty\n","include_tags":true,"new_host_delay":300,"no_data_timeframe":10,"notify_no_data":false,"renotify_interval":60,"require_full_window":true,"thresholds":{"critical":2,"critical_recovery":1.5,"ok":0,"warning":1,"warning_recovery":0.5},"timeout_h":60},"priority":0,"query":"avg(last_1h):avg:aws.ec2.cpu{environment:foo,host:foo} by {host} \u003e 2\n","tags":[],"type":"query alert"}
    form: {}
    headers:
      Accept:
      - application/json
      Content-Type:
      - application/json
      Dd-Operation-Id:
      - ValidateMonitor
      User-Agent:
      - terraform-provider-datadog/dev (terraform 2.4.4; terraform-cli 0.14.7) datadog-api-client-go/1.0.0-beta.16 (go go1.15.3; os darwin; arch amd64)
    url: https://api.datadoghq.com/api/v1/monitor/validate
    method: POST
  response:
    body: '{}'
    headers:
      Cache-Control:
      - no-cache
      Connection:
      - keep-alive
      Content-Length:
      - "2"
      Content-Security-Policy:
      - frame-ancestors 'self'; report-uri https://api.datadoghq.com/csp-report
      Content-Type:
      - application/json
      Date:
      - Mon, 08 Mar 2021 14:45:13 GMT
      Pragma:
      - no-cache
      Strict-Transport-Security:
      - max-age=15724800;
      X-Content-Type-Options:
      - nosniff
      X-Dd-Version:
      - "35.4051376"
      X-Frame-Options:
      - SAMEORIGIN
    status: 200 OK
    code: 200
    duration: ""
- request:
    body: |
      {"message":"some message Notify: @hipchat-channel\n","name":"tf-TestAccDatadogMonitor_TrimWhitespace-local-1615214706","options":{"escalation_message":"the situation has escalated @pagerduty\n","include_tags":true,"new_host_delay":300,"no_data_timeframe":10,"notify_no_data":false,"renotify_interval":60,"require_full_window":true,"thresholds":{"critical":2,"critical_recovery":1.5,"ok":0,"warning":1,"warning_recovery":0.5},"timeout_h":60},"priority":0,"query":"avg(last_1h):avg:aws.ec2.cpu{environment:foo,host:foo} by {host} \u003e 2\n","tags":[],"type":"query alert"}
    form: {}
    headers:
      Accept:
      - application/json
      Content-Type:
      - application/json
      Dd-Operation-Id:
      - ValidateMonitor
      User-Agent:
      - terraform-provider-datadog/dev (terraform 2.4.4; terraform-cli 0.14.7) datadog-api-client-go/1.0.0-beta.16 (go go1.15.3; os darwin; arch amd64)
    url: https://api.datadoghq.com/api/v1/monitor/validate
    method: POST
  response:
    body: '{}'
    headers:
      Cache-Control:
      - no-cache
      Connection:
      - keep-alive
      Content-Length:
      - "2"
      Content-Security-Policy:
      - frame-ancestors 'self'; report-uri https://api.datadoghq.com/csp-report
      Content-Type:
      - application/json
      Date:
      - Mon, 08 Mar 2021 14:45:13 GMT
      Pragma:
      - no-cache
      Strict-Transport-Security:
      - max-age=15724800;
      X-Content-Type-Options:
      - nosniff
      X-Dd-Version:
      - "35.4051376"
      X-Frame-Options:
      - SAMEORIGIN
    status: 200 OK
    code: 200
    duration: ""
- request:
    body: ""
    form: {}
    headers:
      Accept:
      - application/json
      Dd-Operation-Id:
      - DeleteMonitor
      User-Agent:
      - terraform-provider-datadog/dev (terraform 2.4.4; terraform-cli 0.14.7) datadog-api-client-go/1.0.0-beta.16 (go go1.15.3; os darwin; arch amd64)
    url: https://api.datadoghq.com/api/v1/monitor/31720372
    method: DELETE
  response:
    body: '{"deleted_monitor_id":31720372}'
    headers:
      Cache-Control:
      - no-cache
      Connection:
      - keep-alive
      Content-Security-Policy:
      - frame-ancestors 'self'; report-uri https://api.datadoghq.com/csp-report
      Content-Type:
      - application/json
      Date:
      - Mon, 08 Mar 2021 14:45:14 GMT
      Pragma:
      - no-cache
      Strict-Transport-Security:
      - max-age=15724800;
      Vary:
      - Accept-Encoding
      X-Content-Type-Options:
      - nosniff
      X-Dd-Version:
      - "35.4051376"
      X-Frame-Options:
      - SAMEORIGIN
    status: 200 OK
    code: 200
    duration: ""
- request:
    body: ""
    form: {}
    headers:
      Accept:
      - application/json
      Dd-Operation-Id:
      - GetMonitor
      User-Agent:
      - terraform-provider-datadog/dev (terraform 2.4.4; terraform-cli 0.14.7) datadog-api-client-go/1.0.0-beta.16 (go go1.15.3; os darwin; arch amd64)
    url: https://api.datadoghq.com/api/v1/monitor/31720372
    method: GET
  response:
    body: '{"errors":["Monitor not found"]}'
    headers:
      Cache-Control:
      - no-cache
      Connection:
      - keep-alive
      Content-Security-Policy:
      - frame-ancestors 'self'; report-uri https://api.datadoghq.com/csp-report
      Content-Type:
      - application/json
      Date:
      - Mon, 08 Mar 2021 14:45:15 GMT
      Pragma:
      - no-cache
      Strict-Transport-Security:
      - max-age=15724800;
      Vary:
      - Accept-Encoding
      X-Content-Type-Options:
      - nosniff
      X-Dd-Version:
      - "35.4051376"
      X-Frame-Options:
      - SAMEORIGIN
      X-Ratelimit-Limit:
      - "3000"
      X-Ratelimit-Period:
      - "10"
      X-Ratelimit-Remaining:
      - "2974"
      X-Ratelimit-Reset:
      - "6"
    status: 404 Not Found
    code: 404
    duration: ""
