---
version: 1
interactions:
- request:
    body: '{"subdomain":"testdomain","schedules":["https://ddog.pagerduty.com/schedules/X123VF"],"api_token":"*****"}'
    form: {}
    headers:
      Content-Type:
      - application/json
      User-Agent:
      - terraform-provider-datadog/dev (terraform 2.4.4; terraform-cli 0.14.7) datadog-api-client-go/go-datadog-api (go go1.15.3; os darwin; arch amd64)
    url: https://api.datadoghq.com/api/v1/integration/pagerduty
    method: PUT
  response:
    body: ""
    headers:
      Connection:
      - keep-alive
      Content-Security-Policy:
      - frame-ancestors 'self'; report-uri https://api.datadoghq.com/csp-report
      Content-Type:
      - text/plain
      Date:
      - Tue, 16 Mar 2021 20:29:25 GMT
      Strict-Transport-Security:
      - max-age=15724800;
      X-Content-Type-Options:
      - nosniff
      X-Dd-Debug:
      - Wjq53IVIwnB4SiR238oOYgHFMq/ZYP0LQ/Dv8C2fFLBwTje/dWJHu6pI6vIOK1zG
      X-Dd-Version:
      - "35.4109396"
      X-Frame-Options:
      - SAMEORIGIN
    status: 204 No Content
    code: 204
    duration: ""
- request:
    body: ""
    form: {}
    headers:
      User-Agent:
      - terraform-provider-datadog/dev (terraform 2.4.4; terraform-cli 0.14.7) datadog-api-client-go/go-datadog-api (go go1.15.3; os darwin; arch amd64)
    url: https://api.datadoghq.com/api/v1/integration/pagerduty
    method: GET
  response:
    body: '{"services":[],"schedules":["https://ddog.pagerduty.com/schedules/X123VF"],"subdomain":"testdomain","api_token":"*****"}'
    headers:
      Cache-Control:
      - no-cache
      Connection:
      - keep-alive
      Content-Security-Policy:
      - frame-ancestors 'self'; report-uri https://api.datadoghq.com/csp-report
      Content-Type:
      - application/json
      Date:
      - Tue, 16 Mar 2021 20:29:26 GMT
      Pragma:
      - no-cache
      Strict-Transport-Security:
      - max-age=15724800;
      Vary:
      - Accept-Encoding
      X-Content-Type-Options:
      - nosniff
      X-Dd-Debug:
      - l4HFlaRP3QwYSqoGKhzbYfv7zgkK63HIRR7YkyVYZspq0lGjjTBwoK8V/alf+XYt
      X-Dd-Version:
      - "35.4109396"
      X-Frame-Options:
      - SAMEORIGIN
    status: 200 OK
    code: 200
    duration: ""
- request:
    body: ""
    form: {}
    headers:
      User-Agent:
      - terraform-provider-datadog/dev (terraform 2.4.4; terraform-cli 0.14.7) datadog-api-client-go/go-datadog-api (go go1.15.3; os darwin; arch amd64)
    url: https://api.datadoghq.com/api/v1/integration/pagerduty
    method: GET
  response:
    body: '{"services":[],"schedules":["https://ddog.pagerduty.com/schedules/X123VF"],"subdomain":"testdomain","api_token":"*****"}'
    headers:
      Cache-Control:
      - no-cache
      Connection:
      - keep-alive
      Content-Security-Policy:
      - frame-ancestors 'self'; report-uri https://api.datadoghq.com/csp-report
      Content-Type:
      - application/json
      Date:
      - Tue, 16 Mar 2021 20:29:26 GMT
      Pragma:
      - no-cache
      Strict-Transport-Security:
      - max-age=15724800;
      Vary:
      - Accept-Encoding
      X-Content-Type-Options:
      - nosniff
      X-Dd-Debug:
      - LcgNasIYBRkNppmD6mCKE9J6iv0eEjosuuHR5V5zw2fWbR54i39C8dhdK8zDq/40
      X-Dd-Version:
      - "35.4109396"
      X-Frame-Options:
      - SAMEORIGIN
    status: 200 OK
    code: 200
    duration: ""
- request:
    body: |
      {"service_key":"9876543210123456789","service_name":"tf_TestAccDatadogIntegrationPagerdutyServiceObject_Basic_local_1615926563_foo"}
    form: {}
    headers:
      Accept:
      - application/json
      Content-Type:
      - application/json
      Dd-Operation-Id:
      - CreatePagerDutyIntegrationService
      User-Agent:
      - terraform-provider-datadog/dev (terraform 2.4.4; terraform-cli 0.14.7) datadog-api-client-go/1.0.0-beta.16 (go go1.15.3; os darwin; arch amd64)
    url: https://api.datadoghq.com/api/v1/integration/pagerduty/configuration/services
    method: POST
  response:
    body: '{"service_name":"tf_TestAccDatadogIntegrationPagerdutyServiceObject_Basic_local_1615926563_foo"}'
    headers:
      Cache-Control:
      - no-cache
      Connection:
      - keep-alive
      Content-Length:
      - "96"
      Content-Security-Policy:
      - frame-ancestors 'self'; report-uri https://api.datadoghq.com/csp-report
      Content-Type:
      - application/json
      Date:
      - Tue, 16 Mar 2021 20:29:27 GMT
      Pragma:
      - no-cache
      Strict-Transport-Security:
      - max-age=15724800;
      X-Content-Type-Options:
      - nosniff
      X-Dd-Debug:
      - Wjq53IVIwnB4SiR238oOYgHFMq/ZYP0LQ/Dv8C2fFLBwTje/dWJHu6pI6vIOK1zG
      X-Dd-Version:
      - "35.4109396"
      X-Frame-Options:
      - SAMEORIGIN
    status: 201 Created
    code: 201
    duration: ""
- request:
    body: ""
    form: {}
    headers:
      Accept:
      - application/json
      Dd-Operation-Id:
      - GetPagerDutyIntegrationService
      User-Agent:
      - terraform-provider-datadog/dev (terraform 2.4.4; terraform-cli 0.14.7) datadog-api-client-go/1.0.0-beta.16 (go go1.15.3; os darwin; arch amd64)
    url: https://api.datadoghq.com/api/v1/integration/pagerduty/configuration/services/tf_TestAccDatadogIntegrationPagerdutyServiceObject_Basic_local_1615926563_foo
    method: GET
  response:
    body: '{"service_name":"tf_TestAccDatadogIntegrationPagerdutyServiceObject_Basic_local_1615926563_foo"}'
    headers:
      Cache-Control:
      - no-cache
      Connection:
      - keep-alive
      Content-Security-Policy:
      - frame-ancestors 'self'; report-uri https://api.datadoghq.com/csp-report
      Content-Type:
      - application/json
      Date:
      - Tue, 16 Mar 2021 20:29:27 GMT
      Pragma:
      - no-cache
      Strict-Transport-Security:
      - max-age=15724800;
      Vary:
      - Accept-Encoding
      X-Content-Type-Options:
      - nosniff
      X-Dd-Debug:
      - SY1h8ScsWq+kYmtbh63ltMLFAZsQjqfrgvdfAoRX+9TzT1sgMBRYaFRwfWWRRe9a
      X-Dd-Version:
      - "35.4109396"
      X-Frame-Options:
      - SAMEORIGIN
    status: 200 OK
    code: 200
    duration: ""
- request:
    body: |
      {"service_key":"54321098765432109876","service_name":"tf_TestAccDatadogIntegrationPagerdutyServiceObject_Basic_local_1615926563_bar"}
    form: {}
    headers:
      Accept:
      - application/json
      Content-Type:
      - application/json
      Dd-Operation-Id:
      - CreatePagerDutyIntegrationService
      User-Agent:
      - terraform-provider-datadog/dev (terraform 2.4.4; terraform-cli 0.14.7) datadog-api-client-go/1.0.0-beta.16 (go go1.15.3; os darwin; arch amd64)
    url: https://api.datadoghq.com/api/v1/integration/pagerduty/configuration/services
    method: POST
  response:
    body: '{"service_name":"tf_TestAccDatadogIntegrationPagerdutyServiceObject_Basic_local_1615926563_bar"}'
    headers:
      Cache-Control:
      - no-cache
      Connection:
      - keep-alive
      Content-Length:
      - "96"
      Content-Security-Policy:
      - frame-ancestors 'self'; report-uri https://api.datadoghq.com/csp-report
      Content-Type:
      - application/json
      Date:
      - Tue, 16 Mar 2021 20:29:28 GMT
      Pragma:
      - no-cache
      Strict-Transport-Security:
      - max-age=15724800;
      X-Content-Type-Options:
      - nosniff
      X-Dd-Debug:
      - vdJ3/nHEY1ioXQ6pQrBVvsQK1s4yyc+wufBMPSoXql71qZVuP/xMdtNo6DafhOAk
      X-Dd-Version:
      - "35.4109396"
      X-Frame-Options:
      - SAMEORIGIN
    status: 201 Created
    code: 201
    duration: ""
- request:
    body: ""
    form: {}
    headers:
      Accept:
      - application/json
      Dd-Operation-Id:
      - GetPagerDutyIntegrationService
      User-Agent:
      - terraform-provider-datadog/dev (terraform 2.4.4; terraform-cli 0.14.7) datadog-api-client-go/1.0.0-beta.16 (go go1.15.3; os darwin; arch amd64)
    url: https://api.datadoghq.com/api/v1/integration/pagerduty/configuration/services/tf_TestAccDatadogIntegrationPagerdutyServiceObject_Basic_local_1615926563_bar
    method: GET
  response:
    body: '{"service_name":"tf_TestAccDatadogIntegrationPagerdutyServiceObject_Basic_local_1615926563_bar"}'
    headers:
      Cache-Control:
      - no-cache
      Connection:
      - keep-alive
      Content-Security-Policy:
      - frame-ancestors 'self'; report-uri https://api.datadoghq.com/csp-report
      Content-Type:
      - application/json
      Date:
      - Tue, 16 Mar 2021 20:29:28 GMT
      Pragma:
      - no-cache
      Strict-Transport-Security:
      - max-age=15724800;
      Vary:
      - Accept-Encoding
      X-Content-Type-Options:
      - nosniff
      X-Dd-Debug:
      - dPySkcOzIZtKyMKDAAzuysY3gNGGj6RtYogGuSb76E8mPvoqzREyRp6lPYm91hQU
      X-Dd-Version:
      - "35.4109396"
      X-Frame-Options:
      - SAMEORIGIN
    status: 200 OK
    code: 200
    duration: ""
- request:
    body: ""
    form: {}
    headers:
      User-Agent:
      - terraform-provider-datadog/dev (terraform 2.4.4; terraform-cli 0.14.7) datadog-api-client-go/go-datadog-api (go go1.15.3; os darwin; arch amd64)
    url: https://api.datadoghq.com/api/v1/integration/pagerduty
    method: GET
  response:
    body: '{"services":[{"service_name":"tf_TestAccDatadogIntegrationPagerdutyServiceObject_Basic_local_1615926563_foo","service_key":"*****"},{"service_name":"tf_TestAccDatadogIntegrationPagerdutyServiceObject_Basic_local_1615926563_bar","service_key":"*****"}],"schedules":["https://ddog.pagerduty.com/schedules/X123VF"],"subdomain":"testdomain","api_token":"*****"}'
    headers:
      Cache-Control:
      - no-cache
      Connection:
      - keep-alive
      Content-Security-Policy:
      - frame-ancestors 'self'; report-uri https://api.datadoghq.com/csp-report
      Content-Type:
      - application/json
      Date:
      - Tue, 16 Mar 2021 20:29:29 GMT
      Pragma:
      - no-cache
      Strict-Transport-Security:
      - max-age=15724800;
      Vary:
      - Accept-Encoding
      X-Content-Type-Options:
      - nosniff
      X-Dd-Debug:
      - gYZcaADwbKcv7Hm19HJx6WsLoKuOijDWAt2viPeCfWqUgyKY+9e1xZdmMJeXV3YV
      X-Dd-Version:
      - "35.4109396"
      X-Frame-Options:
      - SAMEORIGIN
    status: 200 OK
    code: 200
    duration: ""
- request:
    body: ""
    form: {}
    headers:
      User-Agent:
      - terraform-provider-datadog/dev (terraform 2.4.4; terraform-cli 0.14.7) datadog-api-client-go/go-datadog-api (go go1.15.3; os darwin; arch amd64)
    url: https://api.datadoghq.com/api/v1/integration/pagerduty
    method: GET
  response:
    body: '{"services":[{"service_name":"tf_TestAccDatadogIntegrationPagerdutyServiceObject_Basic_local_1615926563_foo","service_key":"*****"},{"service_name":"tf_TestAccDatadogIntegrationPagerdutyServiceObject_Basic_local_1615926563_bar","service_key":"*****"}],"schedules":["https://ddog.pagerduty.com/schedules/X123VF"],"subdomain":"testdomain","api_token":"*****"}'
    headers:
      Cache-Control:
      - no-cache
      Connection:
      - keep-alive
      Content-Security-Policy:
      - frame-ancestors 'self'; report-uri https://api.datadoghq.com/csp-report
      Content-Type:
      - application/json
      Date:
      - Tue, 16 Mar 2021 20:29:29 GMT
      Pragma:
      - no-cache
      Strict-Transport-Security:
      - max-age=15724800;
      Vary:
      - Accept-Encoding
      X-Content-Type-Options:
      - nosniff
      X-Dd-Debug:
      - PhosSd3Ch1B6B0DXI71steKUi7XhPDttnPiIP1NdXTw0VJNWpoUnYyBmODS5ne3q
      X-Dd-Version:
      - "35.4109396"
      X-Frame-Options:
      - SAMEORIGIN
    status: 200 OK
    code: 200
    duration: ""
- request:
    body: ""
    form: {}
    headers:
      Accept:
      - application/json
      Dd-Operation-Id:
      - GetPagerDutyIntegrationService
      User-Agent:
      - terraform-provider-datadog/dev (terraform 2.4.4; terraform-cli 0.14.7) datadog-api-client-go/1.0.0-beta.16 (go go1.15.3; os darwin; arch amd64)
    url: https://api.datadoghq.com/api/v1/integration/pagerduty/configuration/services/tf_TestAccDatadogIntegrationPagerdutyServiceObject_Basic_local_1615926563_bar
    method: GET
  response:
    body: '{"service_name":"tf_TestAccDatadogIntegrationPagerdutyServiceObject_Basic_local_1615926563_bar"}'
    headers:
      Cache-Control:
      - no-cache
      Connection:
      - keep-alive
      Content-Security-Policy:
      - frame-ancestors 'self'; report-uri https://api.datadoghq.com/csp-report
      Content-Type:
      - application/json
      Date:
      - Tue, 16 Mar 2021 20:29:29 GMT
      Pragma:
      - no-cache
      Strict-Transport-Security:
      - max-age=15724800;
      Vary:
      - Accept-Encoding
      X-Content-Type-Options:
      - nosniff
      X-Dd-Debug:
      - B1nwy/pPNqX+q4pQT22cdp1QCexE35IF8qwSHy0Nf7IW0Y881qtn4tXN1lpmzaKc
      X-Dd-Version:
      - "35.4109396"
      X-Frame-Options:
      - SAMEORIGIN
    status: 200 OK
    code: 200
    duration: ""
- request:
    body: ""
    form: {}
    headers:
      Accept:
      - application/json
      Dd-Operation-Id:
      - GetPagerDutyIntegrationService
      User-Agent:
      - terraform-provider-datadog/dev (terraform 2.4.4; terraform-cli 0.14.7) datadog-api-client-go/1.0.0-beta.16 (go go1.15.3; os darwin; arch amd64)
    url: https://api.datadoghq.com/api/v1/integration/pagerduty/configuration/services/tf_TestAccDatadogIntegrationPagerdutyServiceObject_Basic_local_1615926563_foo
    method: GET
  response:
    body: '{"service_name":"tf_TestAccDatadogIntegrationPagerdutyServiceObject_Basic_local_1615926563_foo"}'
    headers:
      Cache-Control:
      - no-cache
      Connection:
      - keep-alive
      Content-Security-Policy:
      - frame-ancestors 'self'; report-uri https://api.datadoghq.com/csp-report
      Content-Type:
      - application/json
      Date:
      - Tue, 16 Mar 2021 20:29:29 GMT
      Pragma:
      - no-cache
      Strict-Transport-Security:
      - max-age=15724800;
      Vary:
      - Accept-Encoding
      X-Content-Type-Options:
      - nosniff
      X-Dd-Debug:
      - JpIJLwIH2nFlZOC+u71rq7aAOL43MLZN3MUsL+gpYHdZz5QLUOG8Jysf8kVK6tPU
      X-Dd-Version:
      - "35.4109396"
      X-Frame-Options:
      - SAMEORIGIN
    status: 200 OK
    code: 200
    duration: ""
- request:
    body: ""
    form: {}
    headers:
      User-Agent:
      - terraform-provider-datadog/dev (terraform 2.4.4; terraform-cli 0.14.7) datadog-api-client-go/go-datadog-api (go go1.15.3; os darwin; arch amd64)
    url: https://api.datadoghq.com/api/v1/integration/pagerduty
    method: GET
  response:
    body: '{"services":[{"service_name":"tf_TestAccDatadogIntegrationPagerdutyServiceObject_Basic_local_1615926563_foo","service_key":"*****"},{"service_name":"tf_TestAccDatadogIntegrationPagerdutyServiceObject_Basic_local_1615926563_bar","service_key":"*****"}],"schedules":["https://ddog.pagerduty.com/schedules/X123VF"],"subdomain":"testdomain","api_token":"*****"}'
    headers:
      Cache-Control:
      - no-cache
      Connection:
      - keep-alive
      Content-Security-Policy:
      - frame-ancestors 'self'; report-uri https://api.datadoghq.com/csp-report
      Content-Type:
      - application/json
      Date:
      - Tue, 16 Mar 2021 20:29:30 GMT
      Pragma:
      - no-cache
      Strict-Transport-Security:
      - max-age=15724800;
      Vary:
      - Accept-Encoding
      X-Content-Type-Options:
      - nosniff
      X-Dd-Debug:
      - Wjq53IVIwnB4SiR238oOYgHFMq/ZYP0LQ/Dv8C2fFLBwTje/dWJHu6pI6vIOK1zG
      X-Dd-Version:
      - "35.4109396"
      X-Frame-Options:
      - SAMEORIGIN
    status: 200 OK
    code: 200
    duration: ""
- request:
    body: ""
    form: {}
    headers:
      Accept:
      - application/json
      Dd-Operation-Id:
      - GetPagerDutyIntegrationService
      User-Agent:
      - terraform-provider-datadog/dev (terraform 2.4.4; terraform-cli 0.14.7) datadog-api-client-go/1.0.0-beta.16 (go go1.15.3; os darwin; arch amd64)
    url: https://api.datadoghq.com/api/v1/integration/pagerduty/configuration/services/tf_TestAccDatadogIntegrationPagerdutyServiceObject_Basic_local_1615926563_foo
    method: GET
  response:
    body: '{"service_name":"tf_TestAccDatadogIntegrationPagerdutyServiceObject_Basic_local_1615926563_foo"}'
    headers:
      Cache-Control:
      - no-cache
      Connection:
      - keep-alive
      Content-Security-Policy:
      - frame-ancestors 'self'; report-uri https://api.datadoghq.com/csp-report
      Content-Type:
      - application/json
      Date:
      - Tue, 16 Mar 2021 20:29:30 GMT
      Pragma:
      - no-cache
      Strict-Transport-Security:
      - max-age=15724800;
      Vary:
      - Accept-Encoding
      X-Content-Type-Options:
      - nosniff
      X-Dd-Debug:
      - l8RQo2maZqJf6GFThBbKNE6dvthz6njusVtau3dPXJWL2RLFoN81H+BLPB/1xgs1
      X-Dd-Version:
      - "35.4109396"
      X-Frame-Options:
      - SAMEORIGIN
    status: 200 OK
    code: 200
    duration: ""
- request:
    body: ""
    form: {}
    headers:
      Accept:
      - application/json
      Dd-Operation-Id:
      - GetPagerDutyIntegrationService
      User-Agent:
      - terraform-provider-datadog/dev (terraform 2.4.4; terraform-cli 0.14.7) datadog-api-client-go/1.0.0-beta.16 (go go1.15.3; os darwin; arch amd64)
    url: https://api.datadoghq.com/api/v1/integration/pagerduty/configuration/services/tf_TestAccDatadogIntegrationPagerdutyServiceObject_Basic_local_1615926563_bar
    method: GET
  response:
    body: '{"service_name":"tf_TestAccDatadogIntegrationPagerdutyServiceObject_Basic_local_1615926563_bar"}'
    headers:
      Cache-Control:
      - no-cache
      Connection:
      - keep-alive
      Content-Security-Policy:
      - frame-ancestors 'self'; report-uri https://api.datadoghq.com/csp-report
      Content-Type:
      - application/json
      Date:
      - Tue, 16 Mar 2021 20:29:30 GMT
      Pragma:
      - no-cache
      Strict-Transport-Security:
      - max-age=15724800;
      Vary:
      - Accept-Encoding
      X-Content-Type-Options:
      - nosniff
      X-Dd-Debug:
      - 5gfwVh/5HZ+AnGd/Di93w3NEWC6KMHT9KzmHEiRJmNdOjBtAsbOcgVFyqEChw71h
      X-Dd-Version:
      - "35.4109396"
      X-Frame-Options:
      - SAMEORIGIN
    status: 200 OK
    code: 200
    duration: ""
- request:
    body: ""
    form: {}
    headers:
      Accept:
      - application/json
      Dd-Operation-Id:
      - DeletePagerDutyIntegrationService
      User-Agent:
      - terraform-provider-datadog/dev (terraform 2.4.4; terraform-cli 0.14.7) datadog-api-client-go/1.0.0-beta.16 (go go1.15.3; os darwin; arch amd64)
    url: https://api.datadoghq.com/api/v1/integration/pagerduty/configuration/services/tf_TestAccDatadogIntegrationPagerdutyServiceObject_Basic_local_1615926563_foo
    method: DELETE
  response:
    body: "null"
    headers:
      Cache-Control:
      - no-cache
      Connection:
      - keep-alive
      Content-Length:
      - "4"
      Content-Security-Policy:
      - frame-ancestors 'self'; report-uri https://api.datadoghq.com/csp-report
      Content-Type:
      - application/json
      Date:
      - Tue, 16 Mar 2021 20:29:31 GMT
      Pragma:
      - no-cache
      Strict-Transport-Security:
      - max-age=15724800;
      X-Content-Type-Options:
      - nosniff
      X-Dd-Debug:
      - SY1h8ScsWq+kYmtbh63ltMLFAZsQjqfrgvdfAoRX+9TzT1sgMBRYaFRwfWWRRe9a
      X-Dd-Version:
      - "35.4109396"
      X-Frame-Options:
      - SAMEORIGIN
    status: 200 OK
    code: 200
    duration: ""
- request:
    body: ""
    form: {}
    headers:
      Accept:
      - application/json
      Dd-Operation-Id:
      - DeletePagerDutyIntegrationService
      User-Agent:
      - terraform-provider-datadog/dev (terraform 2.4.4; terraform-cli 0.14.7) datadog-api-client-go/1.0.0-beta.16 (go go1.15.3; os darwin; arch amd64)
    url: https://api.datadoghq.com/api/v1/integration/pagerduty/configuration/services/tf_TestAccDatadogIntegrationPagerdutyServiceObject_Basic_local_1615926563_bar
    method: DELETE
  response:
    body: "null"
    headers:
      Cache-Control:
      - no-cache
      Connection:
      - keep-alive
      Content-Length:
      - "4"
      Content-Security-Policy:
      - frame-ancestors 'self'; report-uri https://api.datadoghq.com/csp-report
      Content-Type:
      - application/json
      Date:
      - Tue, 16 Mar 2021 20:29:31 GMT
      Pragma:
      - no-cache
      Strict-Transport-Security:
      - max-age=15724800;
      X-Content-Type-Options:
      - nosniff
      X-Dd-Debug:
      - tpRCH6w417YjBovRJ8VmtuXmNONVYiRp2c8d2AxjPdGBn8PCtgG4vAztrx3qUZAN
      X-Dd-Version:
      - "35.4109396"
      X-Frame-Options:
      - SAMEORIGIN
    status: 200 OK
    code: 200
    duration: ""
- request:
    body: |
      {"service_key":"9876543210123456789_2","service_name":"tf_TestAccDatadogIntegrationPagerdutyServiceObject_Basic_local_1615926563_foo_2"}
    form: {}
    headers:
      Accept:
      - application/json
      Content-Type:
      - application/json
      Dd-Operation-Id:
      - CreatePagerDutyIntegrationService
      User-Agent:
      - terraform-provider-datadog/dev (terraform 2.4.4; terraform-cli 0.14.7) datadog-api-client-go/1.0.0-beta.16 (go go1.15.3; os darwin; arch amd64)
    url: https://api.datadoghq.com/api/v1/integration/pagerduty/configuration/services
    method: POST
  response:
    body: '{"service_name":"tf_TestAccDatadogIntegrationPagerdutyServiceObject_Basic_local_1615926563_foo_2"}'
    headers:
      Cache-Control:
      - no-cache
      Connection:
      - keep-alive
      Content-Length:
      - "98"
      Content-Security-Policy:
      - frame-ancestors 'self'; report-uri https://api.datadoghq.com/csp-report
      Content-Type:
      - application/json
      Date:
      - Tue, 16 Mar 2021 20:29:32 GMT
      Pragma:
      - no-cache
      Strict-Transport-Security:
      - max-age=15724800;
      X-Content-Type-Options:
      - nosniff
      X-Dd-Debug:
      - gYZcaADwbKcv7Hm19HJx6WsLoKuOijDWAt2viPeCfWqUgyKY+9e1xZdmMJeXV3YV
      X-Dd-Version:
      - "35.4109396"
      X-Frame-Options:
      - SAMEORIGIN
    status: 201 Created
    code: 201
    duration: ""
- request:
    body: ""
    form: {}
    headers:
      Accept:
      - application/json
      Dd-Operation-Id:
      - GetPagerDutyIntegrationService
      User-Agent:
      - terraform-provider-datadog/dev (terraform 2.4.4; terraform-cli 0.14.7) datadog-api-client-go/1.0.0-beta.16 (go go1.15.3; os darwin; arch amd64)
    url: https://api.datadoghq.com/api/v1/integration/pagerduty/configuration/services/tf_TestAccDatadogIntegrationPagerdutyServiceObject_Basic_local_1615926563_foo_2
    method: GET
  response:
    body: '{"service_name":"tf_TestAccDatadogIntegrationPagerdutyServiceObject_Basic_local_1615926563_foo_2"}'
    headers:
      Cache-Control:
      - no-cache
      Connection:
      - keep-alive
      Content-Security-Policy:
      - frame-ancestors 'self'; report-uri https://api.datadoghq.com/csp-report
      Content-Type:
      - application/json
      Date:
      - Tue, 16 Mar 2021 20:29:32 GMT
      Pragma:
      - no-cache
      Strict-Transport-Security:
      - max-age=15724800;
      Vary:
      - Accept-Encoding
      X-Content-Type-Options:
      - nosniff
      X-Dd-Debug:
      - nLnnBNvlCFDECRnZvzDb0z4sAO35G+IMidcAs8vrCKyjvsKWE8Yd9S3n6OjZ1qRN
      X-Dd-Version:
      - "35.4109396"
      X-Frame-Options:
      - SAMEORIGIN
    status: 200 OK
    code: 200
    duration: ""
- request:
    body: |
      {"service_key":"54321098765432109876_2","service_name":"tf_TestAccDatadogIntegrationPagerdutyServiceObject_Basic_local_1615926563_bar_2"}
    form: {}
    headers:
      Accept:
      - application/json
      Content-Type:
      - application/json
      Dd-Operation-Id:
      - CreatePagerDutyIntegrationService
      User-Agent:
      - terraform-provider-datadog/dev (terraform 2.4.4; terraform-cli 0.14.7) datadog-api-client-go/1.0.0-beta.16 (go go1.15.3; os darwin; arch amd64)
    url: https://api.datadoghq.com/api/v1/integration/pagerduty/configuration/services
    method: POST
  response:
    body: '{"service_name":"tf_TestAccDatadogIntegrationPagerdutyServiceObject_Basic_local_1615926563_bar_2"}'
    headers:
      Cache-Control:
      - no-cache
      Connection:
      - keep-alive
      Content-Length:
      - "98"
      Content-Security-Policy:
      - frame-ancestors 'self'; report-uri https://api.datadoghq.com/csp-report
      Content-Type:
      - application/json
      Date:
      - Tue, 16 Mar 2021 20:29:32 GMT
      Pragma:
      - no-cache
      Strict-Transport-Security:
      - max-age=15724800;
      X-Content-Type-Options:
      - nosniff
      X-Dd-Debug:
      - S1wfaMZOKGT/IoMw6fqAwAwGWo2vQ44sjF3YzuETnQfxZO2T5eJbs0aX3UKb9Dwu
      X-Dd-Version:
      - "35.4109396"
      X-Frame-Options:
      - SAMEORIGIN
    status: 201 Created
    code: 201
    duration: ""
- request:
    body: ""
    form: {}
    headers:
      Accept:
      - application/json
      Dd-Operation-Id:
      - GetPagerDutyIntegrationService
      User-Agent:
      - terraform-provider-datadog/dev (terraform 2.4.4; terraform-cli 0.14.7) datadog-api-client-go/1.0.0-beta.16 (go go1.15.3; os darwin; arch amd64)
    url: https://api.datadoghq.com/api/v1/integration/pagerduty/configuration/services/tf_TestAccDatadogIntegrationPagerdutyServiceObject_Basic_local_1615926563_bar_2
    method: GET
  response:
    body: '{"service_name":"tf_TestAccDatadogIntegrationPagerdutyServiceObject_Basic_local_1615926563_bar_2"}'
    headers:
      Cache-Control:
      - no-cache
      Connection:
      - keep-alive
      Content-Security-Policy:
      - frame-ancestors 'self'; report-uri https://api.datadoghq.com/csp-report
      Content-Type:
      - application/json
      Date:
      - Tue, 16 Mar 2021 20:29:32 GMT
      Pragma:
      - no-cache
      Strict-Transport-Security:
      - max-age=15724800;
      Vary:
      - Accept-Encoding
      X-Content-Type-Options:
      - nosniff
      X-Dd-Debug:
      - 25u1gDlL724DHllbjFT4BhOLorBTilh+aah2uWAUEjFC/+rjczJdiyWrV/HwLwe/
      X-Dd-Version:
      - "35.4109396"
      X-Frame-Options:
      - SAMEORIGIN
    status: 200 OK
    code: 200
    duration: ""
- request:
    body: ""
    form: {}
    headers:
      User-Agent:
      - terraform-provider-datadog/dev (terraform 2.4.4; terraform-cli 0.14.7) datadog-api-client-go/go-datadog-api (go go1.15.3; os darwin; arch amd64)
    url: https://api.datadoghq.com/api/v1/integration/pagerduty
    method: GET
  response:
    body: '{"services":[{"service_name":"tf_TestAccDatadogIntegrationPagerdutyServiceObject_Basic_local_1615926563_foo_2","service_key":"*****"},{"service_name":"tf_TestAccDatadogIntegrationPagerdutyServiceObject_Basic_local_1615926563_bar_2","service_key":"*****"}],"schedules":["https://ddog.pagerduty.com/schedules/X123VF"],"subdomain":"testdomain","api_token":"*****"}'
    headers:
      Cache-Control:
      - no-cache
      Connection:
      - keep-alive
      Content-Security-Policy:
      - frame-ancestors 'self'; report-uri https://api.datadoghq.com/csp-report
      Content-Type:
      - application/json
      Date:
      - Tue, 16 Mar 2021 20:29:33 GMT
      Pragma:
      - no-cache
      Strict-Transport-Security:
      - max-age=15724800;
      Vary:
      - Accept-Encoding
      X-Content-Type-Options:
      - nosniff
      X-Dd-Debug:
      - l8RQo2maZqJf6GFThBbKNE6dvthz6njusVtau3dPXJWL2RLFoN81H+BLPB/1xgs1
      X-Dd-Version:
      - "35.4109396"
      X-Frame-Options:
      - SAMEORIGIN
    status: 200 OK
    code: 200
    duration: ""
- request:
    body: ""
    form: {}
    headers:
      Accept:
      - application/json
      Dd-Operation-Id:
      - GetPagerDutyIntegrationService
      User-Agent:
      - terraform-provider-datadog/dev (terraform 2.4.4; terraform-cli 0.14.7) datadog-api-client-go/1.0.0-beta.16 (go go1.15.3; os darwin; arch amd64)
    url: https://api.datadoghq.com/api/v1/integration/pagerduty/configuration/services/tf_TestAccDatadogIntegrationPagerdutyServiceObject_Basic_local_1615926563_bar_2
    method: GET
  response:
    body: '{"service_name":"tf_TestAccDatadogIntegrationPagerdutyServiceObject_Basic_local_1615926563_bar_2"}'
    headers:
      Cache-Control:
      - no-cache
      Connection:
      - keep-alive
      Content-Security-Policy:
      - frame-ancestors 'self'; report-uri https://api.datadoghq.com/csp-report
      Content-Type:
      - application/json
      Date:
      - Tue, 16 Mar 2021 20:29:33 GMT
      Pragma:
      - no-cache
      Strict-Transport-Security:
      - max-age=15724800;
      Vary:
      - Accept-Encoding
      X-Content-Type-Options:
      - nosniff
      X-Dd-Debug:
      - S1wfaMZOKGT/IoMw6fqAwAwGWo2vQ44sjF3YzuETnQfxZO2T5eJbs0aX3UKb9Dwu
      X-Dd-Version:
      - "35.4109396"
      X-Frame-Options:
      - SAMEORIGIN
    status: 200 OK
    code: 200
    duration: ""
- request:
    body: ""
    form: {}
    headers:
      Accept:
      - application/json
      Dd-Operation-Id:
      - GetPagerDutyIntegrationService
      User-Agent:
      - terraform-provider-datadog/dev (terraform 2.4.4; terraform-cli 0.14.7) datadog-api-client-go/1.0.0-beta.16 (go go1.15.3; os darwin; arch amd64)
    url: https://api.datadoghq.com/api/v1/integration/pagerduty/configuration/services/tf_TestAccDatadogIntegrationPagerdutyServiceObject_Basic_local_1615926563_foo_2
    method: GET
  response:
    body: '{"service_name":"tf_TestAccDatadogIntegrationPagerdutyServiceObject_Basic_local_1615926563_foo_2"}'
    headers:
      Cache-Control:
      - no-cache
      Connection:
      - keep-alive
      Content-Security-Policy:
      - frame-ancestors 'self'; report-uri https://api.datadoghq.com/csp-report
      Content-Type:
      - application/json
      Date:
      - Tue, 16 Mar 2021 20:29:33 GMT
      Pragma:
      - no-cache
      Strict-Transport-Security:
      - max-age=15724800;
      Vary:
      - Accept-Encoding
      X-Content-Type-Options:
      - nosniff
      X-Dd-Debug:
      - L3ULR3HwCWYmEqCWGz2Yob3chcH4pjowBacBXkncP7o+/uPqKt9yGEYf/g1AJPzQ
      X-Dd-Version:
      - "35.4109396"
      X-Frame-Options:
      - SAMEORIGIN
    status: 200 OK
    code: 200
    duration: ""
- request:
    body: ""
    form: {}
    headers:
      User-Agent:
      - terraform-provider-datadog/dev (terraform 2.4.4; terraform-cli 0.14.7) datadog-api-client-go/go-datadog-api (go go1.15.3; os darwin; arch amd64)
    url: https://api.datadoghq.com/api/v1/integration/pagerduty
    method: GET
  response:
    body: '{"services":[{"service_name":"tf_TestAccDatadogIntegrationPagerdutyServiceObject_Basic_local_1615926563_foo_2","service_key":"*****"},{"service_name":"tf_TestAccDatadogIntegrationPagerdutyServiceObject_Basic_local_1615926563_bar_2","service_key":"*****"}],"schedules":["https://ddog.pagerduty.com/schedules/X123VF"],"subdomain":"testdomain","api_token":"*****"}'
    headers:
      Cache-Control:
      - no-cache
      Connection:
      - keep-alive
      Content-Security-Policy:
      - frame-ancestors 'self'; report-uri https://api.datadoghq.com/csp-report
      Content-Type:
      - application/json
      Date:
      - Tue, 16 Mar 2021 20:29:34 GMT
      Pragma:
      - no-cache
      Strict-Transport-Security:
      - max-age=15724800;
      Vary:
      - Accept-Encoding
      X-Content-Type-Options:
      - nosniff
      X-Dd-Debug:
      - 5gfwVh/5HZ+AnGd/Di93w3NEWC6KMHT9KzmHEiRJmNdOjBtAsbOcgVFyqEChw71h
      X-Dd-Version:
      - "35.4109396"
      X-Frame-Options:
      - SAMEORIGIN
    status: 200 OK
    code: 200
    duration: ""
- request:
    body: ""
    form: {}
    headers:
      Accept:
      - application/json
      Dd-Operation-Id:
      - GetPagerDutyIntegrationService
      User-Agent:
      - terraform-provider-datadog/dev (terraform 2.4.4; terraform-cli 0.14.7) datadog-api-client-go/1.0.0-beta.16 (go go1.15.3; os darwin; arch amd64)
    url: https://api.datadoghq.com/api/v1/integration/pagerduty/configuration/services/tf_TestAccDatadogIntegrationPagerdutyServiceObject_Basic_local_1615926563_bar_2
    method: GET
  response:
    body: '{"service_name":"tf_TestAccDatadogIntegrationPagerdutyServiceObject_Basic_local_1615926563_bar_2"}'
    headers:
      Cache-Control:
      - no-cache
      Connection:
      - keep-alive
      Content-Security-Policy:
      - frame-ancestors 'self'; report-uri https://api.datadoghq.com/csp-report
      Content-Type:
      - application/json
      Date:
      - Tue, 16 Mar 2021 20:29:34 GMT
      Pragma:
      - no-cache
      Strict-Transport-Security:
      - max-age=15724800;
      Vary:
      - Accept-Encoding
      X-Content-Type-Options:
      - nosniff
      X-Dd-Debug:
      - tpRCH6w417YjBovRJ8VmtuXmNONVYiRp2c8d2AxjPdGBn8PCtgG4vAztrx3qUZAN
      X-Dd-Version:
      - "35.4109396"
      X-Frame-Options:
      - SAMEORIGIN
    status: 200 OK
    code: 200
    duration: ""
- request:
    body: ""
    form: {}
    headers:
      Accept:
      - application/json
      Dd-Operation-Id:
      - GetPagerDutyIntegrationService
      User-Agent:
      - terraform-provider-datadog/dev (terraform 2.4.4; terraform-cli 0.14.7) datadog-api-client-go/1.0.0-beta.16 (go go1.15.3; os darwin; arch amd64)
    url: https://api.datadoghq.com/api/v1/integration/pagerduty/configuration/services/tf_TestAccDatadogIntegrationPagerdutyServiceObject_Basic_local_1615926563_foo_2
    method: GET
  response:
    body: '{"service_name":"tf_TestAccDatadogIntegrationPagerdutyServiceObject_Basic_local_1615926563_foo_2"}'
    headers:
      Cache-Control:
      - no-cache
      Connection:
      - keep-alive
      Content-Security-Policy:
      - frame-ancestors 'self'; report-uri https://api.datadoghq.com/csp-report
      Content-Type:
      - application/json
      Date:
      - Tue, 16 Mar 2021 20:29:34 GMT
      Pragma:
      - no-cache
      Strict-Transport-Security:
      - max-age=15724800;
      Vary:
      - Accept-Encoding
      X-Content-Type-Options:
      - nosniff
      X-Dd-Debug:
      - SY1h8ScsWq+kYmtbh63ltMLFAZsQjqfrgvdfAoRX+9TzT1sgMBRYaFRwfWWRRe9a
      X-Dd-Version:
      - "35.4109396"
      X-Frame-Options:
      - SAMEORIGIN
    status: 200 OK
    code: 200
    duration: ""
- request:
    body: '{"subdomain":"testdomain2","schedules":["https://ddog.pagerduty.com/schedules/X123VF"],"api_token":"*****"}'
    form: {}
    headers:
      Content-Type:
      - application/json
      User-Agent:
      - terraform-provider-datadog/dev (terraform 2.4.4; terraform-cli 0.14.7) datadog-api-client-go/go-datadog-api (go go1.15.3; os darwin; arch amd64)
    url: https://api.datadoghq.com/api/v1/integration/pagerduty
    method: PUT
  response:
    body: ""
    headers:
      Connection:
      - keep-alive
      Content-Security-Policy:
      - frame-ancestors 'self'; report-uri https://api.datadoghq.com/csp-report
      Content-Type:
      - text/plain
      Date:
      - Tue, 16 Mar 2021 20:29:34 GMT
      Strict-Transport-Security:
      - max-age=15724800;
      X-Content-Type-Options:
      - nosniff
      X-Dd-Debug:
      - B1nwy/pPNqX+q4pQT22cdp1QCexE35IF8qwSHy0Nf7IW0Y881qtn4tXN1lpmzaKc
      X-Dd-Version:
      - "35.4109396"
      X-Frame-Options:
      - SAMEORIGIN
    status: 204 No Content
    code: 204
    duration: ""
- request:
    body: ""
    form: {}
    headers:
      User-Agent:
      - terraform-provider-datadog/dev (terraform 2.4.4; terraform-cli 0.14.7) datadog-api-client-go/go-datadog-api (go go1.15.3; os darwin; arch amd64)
    url: https://api.datadoghq.com/api/v1/integration/pagerduty
    method: GET
  response:
    body: '{"services":[{"service_name":"tf_TestAccDatadogIntegrationPagerdutyServiceObject_Basic_local_1615926563_foo_2","service_key":"*****"},{"service_name":"tf_TestAccDatadogIntegrationPagerdutyServiceObject_Basic_local_1615926563_bar_2","service_key":"*****"}],"schedules":["https://ddog.pagerduty.com/schedules/X123VF"],"subdomain":"testdomain2","api_token":"*****"}'
    headers:
      Cache-Control:
      - no-cache
      Connection:
      - keep-alive
      Content-Security-Policy:
      - frame-ancestors 'self'; report-uri https://api.datadoghq.com/csp-report
      Content-Type:
      - application/json
      Date:
      - Tue, 16 Mar 2021 20:29:35 GMT
      Pragma:
      - no-cache
      Strict-Transport-Security:
      - max-age=15724800;
      Vary:
      - Accept-Encoding
      X-Content-Type-Options:
      - nosniff
      X-Dd-Debug:
      - nLnnBNvlCFDECRnZvzDb0z4sAO35G+IMidcAs8vrCKyjvsKWE8Yd9S3n6OjZ1qRN
      X-Dd-Version:
      - "35.4109396"
      X-Frame-Options:
      - SAMEORIGIN
    status: 200 OK
    code: 200
    duration: ""
- request:
    body: ""
    form: {}
    headers:
      User-Agent:
      - terraform-provider-datadog/dev (terraform 2.4.4; terraform-cli 0.14.7) datadog-api-client-go/go-datadog-api (go go1.15.3; os darwin; arch amd64)
    url: https://api.datadoghq.com/api/v1/integration/pagerduty
    method: GET
  response:
    body: '{"services":[{"service_name":"tf_TestAccDatadogIntegrationPagerdutyServiceObject_Basic_local_1615926563_foo_2","service_key":"*****"},{"service_name":"tf_TestAccDatadogIntegrationPagerdutyServiceObject_Basic_local_1615926563_bar_2","service_key":"*****"}],"schedules":["https://ddog.pagerduty.com/schedules/X123VF"],"subdomain":"testdomain2","api_token":"*****"}'
    headers:
      Cache-Control:
      - no-cache
      Connection:
      - keep-alive
      Content-Security-Policy:
      - frame-ancestors 'self'; report-uri https://api.datadoghq.com/csp-report
      Content-Type:
      - application/json
      Date:
      - Tue, 16 Mar 2021 20:29:36 GMT
      Pragma:
      - no-cache
      Strict-Transport-Security:
      - max-age=15724800;
      Vary:
      - Accept-Encoding
      X-Content-Type-Options:
      - nosniff
      X-Dd-Debug:
      - gYZcaADwbKcv7Hm19HJx6WsLoKuOijDWAt2viPeCfWqUgyKY+9e1xZdmMJeXV3YV
      X-Dd-Version:
      - "35.4109396"
      X-Frame-Options:
      - SAMEORIGIN
    status: 200 OK
    code: 200
    duration: ""
- request:
    body: ""
    form: {}
    headers:
      Accept:
      - application/json
      Dd-Operation-Id:
      - GetPagerDutyIntegrationService
      User-Agent:
      - terraform-provider-datadog/dev (terraform 2.4.4; terraform-cli 0.14.7) datadog-api-client-go/1.0.0-beta.16 (go go1.15.3; os darwin; arch amd64)
    url: https://api.datadoghq.com/api/v1/integration/pagerduty/configuration/services/tf_TestAccDatadogIntegrationPagerdutyServiceObject_Basic_local_1615926563_foo_2
    method: GET
  response:
    body: '{"service_name":"tf_TestAccDatadogIntegrationPagerdutyServiceObject_Basic_local_1615926563_foo_2"}'
    headers:
      Cache-Control:
      - no-cache
      Connection:
      - keep-alive
      Content-Security-Policy:
      - frame-ancestors 'self'; report-uri https://api.datadoghq.com/csp-report
      Content-Type:
      - application/json
      Date:
      - Tue, 16 Mar 2021 20:29:36 GMT
      Pragma:
      - no-cache
      Strict-Transport-Security:
      - max-age=15724800;
      Vary:
      - Accept-Encoding
      X-Content-Type-Options:
      - nosniff
      X-Dd-Debug:
      - /L+SFFO+m1pPY+hRCpk5325fvfrNl0KmiquUNJolBN/5hu3HIwflqjZSbJ6NxDFG
      X-Dd-Version:
      - "35.4109396"
      X-Frame-Options:
      - SAMEORIGIN
    status: 200 OK
    code: 200
    duration: ""
- request:
    body: ""
    form: {}
    headers:
      Accept:
      - application/json
      Dd-Operation-Id:
      - GetPagerDutyIntegrationService
      User-Agent:
      - terraform-provider-datadog/dev (terraform 2.4.4; terraform-cli 0.14.7) datadog-api-client-go/1.0.0-beta.16 (go go1.15.3; os darwin; arch amd64)
    url: https://api.datadoghq.com/api/v1/integration/pagerduty/configuration/services/tf_TestAccDatadogIntegrationPagerdutyServiceObject_Basic_local_1615926563_bar_2
    method: GET
  response:
    body: '{"service_name":"tf_TestAccDatadogIntegrationPagerdutyServiceObject_Basic_local_1615926563_bar_2"}'
    headers:
      Cache-Control:
      - no-cache
      Connection:
      - keep-alive
      Content-Security-Policy:
      - frame-ancestors 'self'; report-uri https://api.datadoghq.com/csp-report
      Content-Type:
      - application/json
      Date:
      - Tue, 16 Mar 2021 20:29:36 GMT
      Pragma:
      - no-cache
      Strict-Transport-Security:
      - max-age=15724800;
      Vary:
      - Accept-Encoding
      X-Content-Type-Options:
      - nosniff
      X-Dd-Debug:
      - 5gfwVh/5HZ+AnGd/Di93w3NEWC6KMHT9KzmHEiRJmNdOjBtAsbOcgVFyqEChw71h
      X-Dd-Version:
      - "35.4109396"
      X-Frame-Options:
      - SAMEORIGIN
    status: 200 OK
    code: 200
    duration: ""
- request:
    body: ""
    form: {}
    headers:
      Accept:
      - application/json
      Dd-Operation-Id:
      - DeletePagerDutyIntegrationService
      User-Agent:
      - terraform-provider-datadog/dev (terraform 2.4.4; terraform-cli 0.14.7) datadog-api-client-go/1.0.0-beta.16 (go go1.15.3; os darwin; arch amd64)
    url: https://api.datadoghq.com/api/v1/integration/pagerduty/configuration/services/tf_TestAccDatadogIntegrationPagerdutyServiceObject_Basic_local_1615926563_bar_2
    method: DELETE
  response:
    body: "null"
    headers:
      Cache-Control:
      - no-cache
      Connection:
      - keep-alive
      Content-Length:
      - "4"
      Content-Security-Policy:
      - frame-ancestors 'self'; report-uri https://api.datadoghq.com/csp-report
      Content-Type:
      - application/json
      Date:
      - Tue, 16 Mar 2021 20:29:37 GMT
      Pragma:
      - no-cache
      Strict-Transport-Security:
      - max-age=15724800;
      X-Content-Type-Options:
      - nosniff
      X-Dd-Debug:
      - twvpGlmuom5y6A0pjGtXzTf554cmwJgTcCZ71fK4H/RDi+v5ehBK0zQiRcTJQG5C
      X-Dd-Version:
      - "35.4109396"
      X-Frame-Options:
      - SAMEORIGIN
    status: 200 OK
    code: 200
    duration: ""
- request:
    body: ""
    form: {}
    headers:
      Accept:
      - application/json
      Dd-Operation-Id:
      - DeletePagerDutyIntegrationService
      User-Agent:
      - terraform-provider-datadog/dev (terraform 2.4.4; terraform-cli 0.14.7) datadog-api-client-go/1.0.0-beta.16 (go go1.15.3; os darwin; arch amd64)
    url: https://api.datadoghq.com/api/v1/integration/pagerduty/configuration/services/tf_TestAccDatadogIntegrationPagerdutyServiceObject_Basic_local_1615926563_foo_2
    method: DELETE
  response:
    body: "null"
    headers:
      Cache-Control:
      - no-cache
      Connection:
      - keep-alive
      Content-Length:
      - "4"
      Content-Security-Policy:
      - frame-ancestors 'self'; report-uri https://api.datadoghq.com/csp-report
      Content-Type:
      - application/json
      Date:
      - Tue, 16 Mar 2021 20:29:37 GMT
      Pragma:
      - no-cache
      Strict-Transport-Security:
      - max-age=15724800;
      X-Content-Type-Options:
      - nosniff
      X-Dd-Debug:
      - PhosSd3Ch1B6B0DXI71steKUi7XhPDttnPiIP1NdXTw0VJNWpoUnYyBmODS5ne3q
      X-Dd-Version:
      - "35.4109396"
      X-Frame-Options:
      - SAMEORIGIN
    status: 200 OK
    code: 200
    duration: ""
