---
version: 1
interactions:
- request:
    body: |
      {"description":"Created using the Datadog provider in Terraform","id":"","is_read_only":true,"layout_type":"ordered","notify_list":[],"template_variable_presets":[],"template_variables":[],"title":"tf-TestAccDatadogDashboardChange-local-1621914723","widgets":[{"definition":{"requests":[{"increase_good":false,"q":"sum:system.cpu.user{*} by {service,account}","show_present":false}],"type":"change"}},{"definition":{"custom_links":[{"label":"Test Custom Link label","link":"https://app.datadoghq.com/dashboard/lists"},{"is_hidden":true,"link":"https://app.datadoghq.com/dashboard/lists","override_label":"logs"}],"requests":[{"change_type":"absolute","compare_to":"day_before","increase_good":false,"order_by":"change","order_dir":"desc","q":"sum:system.cpu.user{*} by {service,account}","show_present":true}],"time":{"live_span":"1h"},"title":"Sum of system.cpu.user over * by service,account","title_align":"left","title_size":"16","type":"change"}},{"definition":{"custom_links":[{"label":"Test Custom Link label","link":"https://app.datadoghq.com/dashboard/lists"}],"requests":[{"change_type":"absolute","compare_to":"day_before","increase_good":false,"order_by":"change","order_dir":"desc","q":"sum:system.cpu.user{*} by {service,account}","show_present":true}],"time":{"live_span":"1h"},"title":"Sum of system.cpu.user over * by service,account","title_align":"left","title_size":"16","type":"change"}}]}
    form: {}
    headers:
      Accept:
      - application/json
      Content-Type:
      - application/json
      Dd-Operation-Id:
      - CreateDashboard
      User-Agent:
      - terraform-provider-datadog/dev (terraform 1.16.0; terraform-cli 0.12.7-sdk) datadog-api-client-go/1.0.0-beta.22 (go go1.16.3; os darwin; arch amd64)
    url: https://api.datadoghq.com/api/v1/dashboard
    method: POST
  response:
    body: '{"notify_list":[],"description":"Created using the Datadog provider in Terraform","restricted_roles":["043a2842-e140-11e8-bb04-7fd10177666e","08604de8-1dca-11eb-800c-9f5f55ff734d","1302282c-b93b-11eb-a436-da7ad0900002","16169788-28e4-11eb-832c-fb84162ef3eb","17d73994-7531-11eb-94b9-da7ad0900002","284d8b66-93f9-11eb-9c37-da7ad0900002","4de53192-9946-11eb-9cee-da7ad0900002","62cbc476-5c16-11eb-8e98-0388ea7a41f8","657de3a2-29f8-11eb-83b5-6b8ebfb2f184","6bf314be-5c16-11eb-8e98-2356ea436065","7a83f306-96ca-11eb-9c74-da7ad0900002","9b3ab170-b768-11eb-a45a-da7ad0900002","e82bf27a-986c-11eb-9cba-da7ad0900002","f257ba30-dbb2-11ea-a5ff-5fd1d308318a"],"author_name":"Qin Chen","template_variable_presets":[],"template_variables":[],"is_read_only":true,"id":"fvm-k7i-ccu","title":"tf-TestAccDatadogDashboardChange-local-1621914723","url":"/dashboard/fvm-k7i-ccu/tf-testaccdatadogdashboardchange-local-1621914723","created_at":"2021-05-25T03:52:04.448966+00:00","modified_at":"2021-05-25T03:52:04.448966+00:00","author_handle":"qin.chen@datadoghq.com","widgets":[{"definition":{"requests":[{"q":"sum:system.cpu.user{*} by {service,account}","show_present":false,"increase_good":false}],"type":"change"},"id":223612619132785},{"definition":{"custom_links":[{"link":"https://app.datadoghq.com/dashboard/lists","label":"Test Custom Link label"},{"override_label":"logs","is_hidden":true,"link":"https://app.datadoghq.com/dashboard/lists"}],"title_size":"16","title":"Sum of system.cpu.user over * by service,account","title_align":"left","time":{"live_span":"1h"},"requests":[{"change_type":"absolute","order_dir":"desc","compare_to":"day_before","q":"sum:system.cpu.user{*} by {service,account}","show_present":true,"increase_good":false,"order_by":"change"}],"type":"change"},"id":5919627630787019},{"definition":{"custom_links":[{"link":"https://app.datadoghq.com/dashboard/lists","label":"Test Custom Link label"}],"title_size":"16","title":"Sum of system.cpu.user over * by service,account","title_align":"left","time":{"live_span":"1h"},"requests":[{"change_type":"absolute","order_dir":"desc","compare_to":"day_before","q":"sum:system.cpu.user{*} by {service,account}","show_present":true,"increase_good":false,"order_by":"change"}],"type":"change"},"id":7340356459617065}],"layout_type":"ordered"}'
    headers:
      Cache-Control:
      - no-cache
      Connection:
      - keep-alive
      Content-Security-Policy:
      - frame-ancestors 'self'; report-uri https://api.datadoghq.com/csp-report
      Content-Type:
      - application/json
      Date:
      - Tue, 25 May 2021 03:52:04 GMT
      Pragma:
      - no-cache
      Strict-Transport-Security:
      - max-age=15724800;
      Vary:
      - Accept-Encoding
      X-Content-Type-Options:
      - nosniff
      X-Dd-Debug:
      - JpIJLwIH2nFlZOC+u71rq7aAOL43MLZN3MUsL+gpYHdZz5QLUOG8Jysf8kVK6tPU
      X-Dd-Version:
      - "35.4598224"
      X-Frame-Options:
      - SAMEORIGIN
    status: 200 OK
    code: 200
    duration: ""
- request:
    body: ""
    form: {}
    headers:
      Accept:
      - application/json
      Dd-Operation-Id:
      - GetDashboard
      User-Agent:
      - terraform-provider-datadog/dev (terraform 1.16.0; terraform-cli 0.12.7-sdk) datadog-api-client-go/1.0.0-beta.22 (go go1.16.3; os darwin; arch amd64)
    url: https://api.datadoghq.com/api/v1/dashboard/fvm-k7i-ccu
    method: GET
  response:
    body: '{"notify_list":[],"description":"Created using the Datadog provider in Terraform","restricted_roles":["284d8b66-93f9-11eb-9c37-da7ad0900002","043a2842-e140-11e8-bb04-7fd10177666e","657de3a2-29f8-11eb-83b5-6b8ebfb2f184","e82bf27a-986c-11eb-9cba-da7ad0900002","f257ba30-dbb2-11ea-a5ff-5fd1d308318a","6bf314be-5c16-11eb-8e98-2356ea436065","62cbc476-5c16-11eb-8e98-0388ea7a41f8","08604de8-1dca-11eb-800c-9f5f55ff734d","9b3ab170-b768-11eb-a45a-da7ad0900002","7a83f306-96ca-11eb-9c74-da7ad0900002","16169788-28e4-11eb-832c-fb84162ef3eb","4de53192-9946-11eb-9cee-da7ad0900002","1302282c-b93b-11eb-a436-da7ad0900002","17d73994-7531-11eb-94b9-da7ad0900002"],"author_name":"Qin Chen","template_variable_presets":[],"template_variables":[],"is_read_only":true,"id":"fvm-k7i-ccu","title":"tf-TestAccDatadogDashboardChange-local-1621914723","url":"/dashboard/fvm-k7i-ccu/tf-testaccdatadogdashboardchange-local-1621914723","created_at":"2021-05-25T03:52:04.448966+00:00","modified_at":"2021-05-25T03:52:04.448966+00:00","author_handle":"qin.chen@datadoghq.com","widgets":[{"definition":{"requests":[{"q":"sum:system.cpu.user{*} by {service,account}","show_present":false,"increase_good":false}],"type":"change"},"id":223612619132785},{"definition":{"custom_links":[{"link":"https://app.datadoghq.com/dashboard/lists","label":"Test Custom Link label"},{"override_label":"logs","is_hidden":true,"link":"https://app.datadoghq.com/dashboard/lists"}],"title_size":"16","title":"Sum of system.cpu.user over * by service,account","title_align":"left","time":{"live_span":"1h"},"requests":[{"change_type":"absolute","order_dir":"desc","compare_to":"day_before","q":"sum:system.cpu.user{*} by {service,account}","show_present":true,"increase_good":false,"order_by":"change"}],"type":"change"},"id":5919627630787019},{"definition":{"custom_links":[{"link":"https://app.datadoghq.com/dashboard/lists","label":"Test Custom Link label"}],"title_size":"16","title":"Sum of system.cpu.user over * by service,account","title_align":"left","time":{"live_span":"1h"},"requests":[{"change_type":"absolute","order_dir":"desc","compare_to":"day_before","q":"sum:system.cpu.user{*} by {service,account}","show_present":true,"increase_good":false,"order_by":"change"}],"type":"change"},"id":7340356459617065}],"layout_type":"ordered"}'
    headers:
      Cache-Control:
      - no-cache
      Connection:
      - keep-alive
      Content-Security-Policy:
      - frame-ancestors 'self'; report-uri https://api.datadoghq.com/csp-report
      Content-Type:
      - application/json
      Date:
      - Tue, 25 May 2021 03:52:04 GMT
      Pragma:
      - no-cache
      Strict-Transport-Security:
      - max-age=15724800;
      Vary:
      - Accept-Encoding
      X-Content-Type-Options:
      - nosniff
      X-Dd-Debug:
      - LcgNasIYBRkNppmD6mCKE9J6iv0eEjosuuHR5V5zw2fWbR54i39C8dhdK8zDq/40
      X-Dd-Version:
      - "35.4598224"
      X-Frame-Options:
      - SAMEORIGIN
    status: 200 OK
    code: 200
    duration: ""
- request:
    body: ""
    form: {}
    headers:
      Accept:
      - application/json
      Dd-Operation-Id:
      - GetDashboard
      User-Agent:
      - terraform-provider-datadog/dev (terraform 1.16.0; terraform-cli 0.12.7-sdk) datadog-api-client-go/1.0.0-beta.22 (go go1.16.3; os darwin; arch amd64)
    url: https://api.datadoghq.com/api/v1/dashboard/fvm-k7i-ccu
    method: GET
  response:
    body: '{"notify_list":[],"description":"Created using the Datadog provider in Terraform","restricted_roles":["284d8b66-93f9-11eb-9c37-da7ad0900002","043a2842-e140-11e8-bb04-7fd10177666e","657de3a2-29f8-11eb-83b5-6b8ebfb2f184","e82bf27a-986c-11eb-9cba-da7ad0900002","f257ba30-dbb2-11ea-a5ff-5fd1d308318a","6bf314be-5c16-11eb-8e98-2356ea436065","62cbc476-5c16-11eb-8e98-0388ea7a41f8","08604de8-1dca-11eb-800c-9f5f55ff734d","9b3ab170-b768-11eb-a45a-da7ad0900002","7a83f306-96ca-11eb-9c74-da7ad0900002","16169788-28e4-11eb-832c-fb84162ef3eb","4de53192-9946-11eb-9cee-da7ad0900002","1302282c-b93b-11eb-a436-da7ad0900002","17d73994-7531-11eb-94b9-da7ad0900002"],"author_name":"Qin Chen","template_variable_presets":[],"template_variables":[],"is_read_only":true,"id":"fvm-k7i-ccu","title":"tf-TestAccDatadogDashboardChange-local-1621914723","url":"/dashboard/fvm-k7i-ccu/tf-testaccdatadogdashboardchange-local-1621914723","created_at":"2021-05-25T03:52:04.448966+00:00","modified_at":"2021-05-25T03:52:04.448966+00:00","author_handle":"qin.chen@datadoghq.com","widgets":[{"definition":{"requests":[{"q":"sum:system.cpu.user{*} by {service,account}","show_present":false,"increase_good":false}],"type":"change"},"id":223612619132785},{"definition":{"custom_links":[{"link":"https://app.datadoghq.com/dashboard/lists","label":"Test Custom Link label"},{"override_label":"logs","is_hidden":true,"link":"https://app.datadoghq.com/dashboard/lists"}],"title_size":"16","title":"Sum of system.cpu.user over * by service,account","title_align":"left","time":{"live_span":"1h"},"requests":[{"change_type":"absolute","order_dir":"desc","compare_to":"day_before","q":"sum:system.cpu.user{*} by {service,account}","show_present":true,"increase_good":false,"order_by":"change"}],"type":"change"},"id":5919627630787019},{"definition":{"custom_links":[{"link":"https://app.datadoghq.com/dashboard/lists","label":"Test Custom Link label"}],"title_size":"16","title":"Sum of system.cpu.user over * by service,account","title_align":"left","time":{"live_span":"1h"},"requests":[{"change_type":"absolute","order_dir":"desc","compare_to":"day_before","q":"sum:system.cpu.user{*} by {service,account}","show_present":true,"increase_good":false,"order_by":"change"}],"type":"change"},"id":7340356459617065}],"layout_type":"ordered"}'
    headers:
      Cache-Control:
      - no-cache
      Connection:
      - keep-alive
      Content-Security-Policy:
      - frame-ancestors 'self'; report-uri https://api.datadoghq.com/csp-report
      Content-Type:
      - application/json
      Date:
      - Tue, 25 May 2021 03:52:04 GMT
      Pragma:
      - no-cache
      Strict-Transport-Security:
      - max-age=15724800;
      Vary:
      - Accept-Encoding
      X-Content-Type-Options:
      - nosniff
      X-Dd-Debug:
      - 25u1gDlL724DHllbjFT4BhOLorBTilh+aah2uWAUEjFC/+rjczJdiyWrV/HwLwe/
      X-Dd-Version:
      - "35.4598224"
      X-Frame-Options:
      - SAMEORIGIN
    status: 200 OK
    code: 200
    duration: ""
- request:
    body: ""
    form: {}
    headers:
      Accept:
      - application/json
      Dd-Operation-Id:
      - GetDashboard
      User-Agent:
      - terraform-provider-datadog/dev (terraform 1.16.0; terraform-cli 0.12.7-sdk) datadog-api-client-go/1.0.0-beta.22 (go go1.16.3; os darwin; arch amd64)
    url: https://api.datadoghq.com/api/v1/dashboard/fvm-k7i-ccu
    method: GET
  response:
    body: '{"notify_list":[],"description":"Created using the Datadog provider in Terraform","restricted_roles":["284d8b66-93f9-11eb-9c37-da7ad0900002","043a2842-e140-11e8-bb04-7fd10177666e","657de3a2-29f8-11eb-83b5-6b8ebfb2f184","e82bf27a-986c-11eb-9cba-da7ad0900002","f257ba30-dbb2-11ea-a5ff-5fd1d308318a","6bf314be-5c16-11eb-8e98-2356ea436065","62cbc476-5c16-11eb-8e98-0388ea7a41f8","08604de8-1dca-11eb-800c-9f5f55ff734d","9b3ab170-b768-11eb-a45a-da7ad0900002","7a83f306-96ca-11eb-9c74-da7ad0900002","16169788-28e4-11eb-832c-fb84162ef3eb","4de53192-9946-11eb-9cee-da7ad0900002","1302282c-b93b-11eb-a436-da7ad0900002","17d73994-7531-11eb-94b9-da7ad0900002"],"author_name":"Qin Chen","template_variable_presets":[],"template_variables":[],"is_read_only":true,"id":"fvm-k7i-ccu","title":"tf-TestAccDatadogDashboardChange-local-1621914723","url":"/dashboard/fvm-k7i-ccu/tf-testaccdatadogdashboardchange-local-1621914723","created_at":"2021-05-25T03:52:04.448966+00:00","modified_at":"2021-05-25T03:52:04.448966+00:00","author_handle":"qin.chen@datadoghq.com","widgets":[{"definition":{"requests":[{"q":"sum:system.cpu.user{*} by {service,account}","show_present":false,"increase_good":false}],"type":"change"},"id":223612619132785},{"definition":{"custom_links":[{"link":"https://app.datadoghq.com/dashboard/lists","label":"Test Custom Link label"},{"override_label":"logs","is_hidden":true,"link":"https://app.datadoghq.com/dashboard/lists"}],"title_size":"16","title":"Sum of system.cpu.user over * by service,account","title_align":"left","time":{"live_span":"1h"},"requests":[{"change_type":"absolute","order_dir":"desc","compare_to":"day_before","q":"sum:system.cpu.user{*} by {service,account}","show_present":true,"increase_good":false,"order_by":"change"}],"type":"change"},"id":5919627630787019},{"definition":{"custom_links":[{"link":"https://app.datadoghq.com/dashboard/lists","label":"Test Custom Link label"}],"title_size":"16","title":"Sum of system.cpu.user over * by service,account","title_align":"left","time":{"live_span":"1h"},"requests":[{"change_type":"absolute","order_dir":"desc","compare_to":"day_before","q":"sum:system.cpu.user{*} by {service,account}","show_present":true,"increase_good":false,"order_by":"change"}],"type":"change"},"id":7340356459617065}],"layout_type":"ordered"}'
    headers:
      Cache-Control:
      - no-cache
      Connection:
      - keep-alive
      Content-Security-Policy:
      - frame-ancestors 'self'; report-uri https://api.datadoghq.com/csp-report
      Content-Type:
      - application/json
      Date:
      - Tue, 25 May 2021 03:52:05 GMT
      Pragma:
      - no-cache
      Strict-Transport-Security:
      - max-age=15724800;
      Vary:
      - Accept-Encoding
      X-Content-Type-Options:
      - nosniff
      X-Dd-Debug:
      - fIO2C4qGDheGHy4YbS+r3a3CXbh4cbRo7roILOimQyiHGjQdOat0cIpWCkupM1uX
      X-Dd-Version:
      - "35.4598224"
      X-Frame-Options:
      - SAMEORIGIN
    status: 200 OK
    code: 200
    duration: ""
- request:
    body: ""
    form: {}
    headers:
      Accept:
      - application/json
      Dd-Operation-Id:
      - GetDashboard
      User-Agent:
      - terraform-provider-datadog/dev (terraform 1.16.0; terraform-cli 0.12.7-sdk) datadog-api-client-go/1.0.0-beta.22 (go go1.16.3; os darwin; arch amd64)
    url: https://api.datadoghq.com/api/v1/dashboard/fvm-k7i-ccu
    method: GET
  response:
    body: '{"notify_list":[],"description":"Created using the Datadog provider in Terraform","restricted_roles":["284d8b66-93f9-11eb-9c37-da7ad0900002","043a2842-e140-11e8-bb04-7fd10177666e","657de3a2-29f8-11eb-83b5-6b8ebfb2f184","e82bf27a-986c-11eb-9cba-da7ad0900002","f257ba30-dbb2-11ea-a5ff-5fd1d308318a","6bf314be-5c16-11eb-8e98-2356ea436065","62cbc476-5c16-11eb-8e98-0388ea7a41f8","08604de8-1dca-11eb-800c-9f5f55ff734d","9b3ab170-b768-11eb-a45a-da7ad0900002","7a83f306-96ca-11eb-9c74-da7ad0900002","16169788-28e4-11eb-832c-fb84162ef3eb","4de53192-9946-11eb-9cee-da7ad0900002","1302282c-b93b-11eb-a436-da7ad0900002","17d73994-7531-11eb-94b9-da7ad0900002"],"author_name":"Qin Chen","template_variable_presets":[],"template_variables":[],"is_read_only":true,"id":"fvm-k7i-ccu","title":"tf-TestAccDatadogDashboardChange-local-1621914723","url":"/dashboard/fvm-k7i-ccu/tf-testaccdatadogdashboardchange-local-1621914723","created_at":"2021-05-25T03:52:04.448966+00:00","modified_at":"2021-05-25T03:52:04.448966+00:00","author_handle":"qin.chen@datadoghq.com","widgets":[{"definition":{"requests":[{"q":"sum:system.cpu.user{*} by {service,account}","show_present":false,"increase_good":false}],"type":"change"},"id":223612619132785},{"definition":{"custom_links":[{"link":"https://app.datadoghq.com/dashboard/lists","label":"Test Custom Link label"},{"override_label":"logs","is_hidden":true,"link":"https://app.datadoghq.com/dashboard/lists"}],"title_size":"16","title":"Sum of system.cpu.user over * by service,account","title_align":"left","time":{"live_span":"1h"},"requests":[{"change_type":"absolute","order_dir":"desc","compare_to":"day_before","q":"sum:system.cpu.user{*} by {service,account}","show_present":true,"increase_good":false,"order_by":"change"}],"type":"change"},"id":5919627630787019},{"definition":{"custom_links":[{"link":"https://app.datadoghq.com/dashboard/lists","label":"Test Custom Link label"}],"title_size":"16","title":"Sum of system.cpu.user over * by service,account","title_align":"left","time":{"live_span":"1h"},"requests":[{"change_type":"absolute","order_dir":"desc","compare_to":"day_before","q":"sum:system.cpu.user{*} by {service,account}","show_present":true,"increase_good":false,"order_by":"change"}],"type":"change"},"id":7340356459617065}],"layout_type":"ordered"}'
    headers:
      Cache-Control:
      - no-cache
      Connection:
      - keep-alive
      Content-Security-Policy:
      - frame-ancestors 'self'; report-uri https://api.datadoghq.com/csp-report
      Content-Type:
      - application/json
      Date:
      - Tue, 25 May 2021 03:52:05 GMT
      Pragma:
      - no-cache
      Strict-Transport-Security:
      - max-age=15724800;
      Vary:
      - Accept-Encoding
      X-Content-Type-Options:
      - nosniff
      X-Dd-Debug:
      - dPySkcOzIZtKyMKDAAzuysY3gNGGj6RtYogGuSb76E8mPvoqzREyRp6lPYm91hQU
      X-Dd-Version:
      - "35.4598224"
      X-Frame-Options:
      - SAMEORIGIN
    status: 200 OK
    code: 200
    duration: ""
- request:
    body: ""
    form: {}
    headers:
      Accept:
      - application/json
      Dd-Operation-Id:
      - DeleteDashboard
      User-Agent:
      - terraform-provider-datadog/dev (terraform 1.16.0; terraform-cli 0.12.7-sdk) datadog-api-client-go/1.0.0-beta.22 (go go1.16.3; os darwin; arch amd64)
    url: https://api.datadoghq.com/api/v1/dashboard/fvm-k7i-ccu
    method: DELETE
  response:
    body: '{"deleted_dashboard_id":"fvm-k7i-ccu"}'
    headers:
      Cache-Control:
      - no-cache
      Connection:
      - keep-alive
      Content-Security-Policy:
      - frame-ancestors 'self'; report-uri https://api.datadoghq.com/csp-report
      Content-Type:
      - application/json
      Date:
      - Tue, 25 May 2021 03:52:06 GMT
      Pragma:
      - no-cache
      Strict-Transport-Security:
      - max-age=15724800;
      Vary:
      - Accept-Encoding
      X-Content-Type-Options:
      - nosniff
      X-Dd-Debug:
      - vdJ3/nHEY1ioXQ6pQrBVvsQK1s4yyc+wufBMPSoXql71qZVuP/xMdtNo6DafhOAk
      X-Dd-Version:
      - "35.4598224"
      X-Frame-Options:
      - SAMEORIGIN
    status: 200 OK
    code: 200
    duration: ""
- request:
    body: ""
    form: {}
    headers:
      Accept:
      - application/json
      Dd-Operation-Id:
      - GetDashboard
      User-Agent:
      - terraform-provider-datadog/dev (terraform 1.16.0; terraform-cli 0.12.7-sdk) datadog-api-client-go/1.0.0-beta.22 (go go1.16.3; os darwin; arch amd64)
    url: https://api.datadoghq.com/api/v1/dashboard/fvm-k7i-ccu
    method: GET
  response:
    body: '{"errors": ["Dashboard with ID fvm-k7i-ccu not found"]}'
    headers:
      Cache-Control:
      - no-cache
      Connection:
      - keep-alive
      Content-Security-Policy:
      - frame-ancestors 'self'; report-uri https://api.datadoghq.com/csp-report
      Content-Type:
      - application/json
      Date:
      - Tue, 25 May 2021 03:52:06 GMT
      Pragma:
      - no-cache
      Strict-Transport-Security:
      - max-age=15724800;
      Vary:
      - Accept-Encoding
      X-Content-Type-Options:
      - nosniff
      X-Dd-Version:
      - "35.4598224"
      X-Frame-Options:
      - SAMEORIGIN
    status: 404 Not Found
    code: 404
    duration: ""
