---
version: 1
interactions:
- request:
    body: ""
    form: {}
    headers:
      Accept:
      - application/json
      Dd-Operation-Id:
      - ListTagConfigurationByName
      User-Agent:
      - terraform-provider-datadog/dev (terraform 1.16.0; terraform-cli 0.12.7-sdk) datadog-api-client-go/1.0.0-beta.16 (go go1.15.8; os darwin; arch amd64)
    url: https://api.datadoghq.com/api/v2/metrics/tf_TestAccDatadogMetricTagConfiguration_import_local_1614889604/tags
    method: GET
  response:
    body: '{"errors": ["tf_TestAccDatadogMetricTagConfiguration_import_local_1614889604 not found"]}'
    headers:
      Cache-Control:
      - no-cache
      Connection:
      - keep-alive
      Content-Security-Policy:
      - frame-ancestors 'self'; report-uri https://api.datadoghq.com/csp-report
      Content-Type:
      - application/json
      Date:
      - Thu, 04 Mar 2021 20:26:45 GMT
      Pragma:
      - no-cache
      Strict-Transport-Security:
      - max-age=15724800;
      Vary:
      - Accept-Encoding
      X-Content-Type-Options:
      - nosniff
      X-Dd-Version:
      - "35.4033344"
      X-Frame-Options:
      - SAMEORIGIN
      X-Ratelimit-Limit:
      - "50"
      X-Ratelimit-Period:
      - "60"
      X-Ratelimit-Remaining:
      - "49"
      X-Ratelimit-Reset:
      - "16"
    status: 404 Not Found
    code: 404
    duration: ""
- request:
    body: |
      {"data":{"attributes":{"include_percentiles":false,"metric_type":"distribution","tags":["sport","datacenter"]},"id":"tf_TestAccDatadogMetricTagConfiguration_import_local_1614889604","type":"manage_tags"}}
    form: {}
    headers:
      Accept:
      - application/json
      Content-Type:
      - application/json
      Dd-Operation-Id:
      - CreateTagConfiguration
      User-Agent:
      - terraform-provider-datadog/dev (terraform 1.16.0; terraform-cli 0.12.7-sdk) datadog-api-client-go/1.0.0-beta.16 (go go1.15.8; os darwin; arch amd64)
    url: https://api.datadoghq.com/api/v2/metrics/tf_TestAccDatadogMetricTagConfiguration_import_local_1614889604/tags
    method: POST
  response:
    body: '{"data":{"type":"manage_tags","id":"tf_TestAccDatadogMetricTagConfiguration_import_local_1614889604","attributes":{"tags":["datacenter","sport"],"include_percentiles":false,"created_at":"2021-03-04T20:26:45.146959+00:00","updated_at":"2021-03-04T20:26:45.146959+00:00","metric_type":"distribution"}}}'
    headers:
      Cache-Control:
      - no-cache
      Connection:
      - keep-alive
      Content-Length:
      - "300"
      Content-Security-Policy:
      - frame-ancestors 'self'; report-uri https://api.datadoghq.com/csp-report
      Content-Type:
      - application/json
      Date:
      - Thu, 04 Mar 2021 20:26:45 GMT
      Pragma:
      - no-cache
      Strict-Transport-Security:
      - max-age=15724800;
      X-Content-Type-Options:
      - nosniff
      X-Dd-Debug:
      - fIO2C4qGDheGHy4YbS+r3a3CXbh4cbRo7roILOimQyiHGjQdOat0cIpWCkupM1uX
      X-Dd-Version:
      - "35.4033344"
      X-Frame-Options:
      - SAMEORIGIN
      X-Ratelimit-Limit:
      - "50"
      X-Ratelimit-Period:
      - "60"
      X-Ratelimit-Remaining:
      - "48"
      X-Ratelimit-Reset:
      - "15"
    status: 201 Created
    code: 201
    duration: ""
- request:
    body: ""
    form: {}
    headers:
      Accept:
      - application/json
      Dd-Operation-Id:
      - ListTagConfigurationByName
      User-Agent:
      - terraform-provider-datadog/dev (terraform 1.16.0; terraform-cli 0.12.7-sdk) datadog-api-client-go/1.0.0-beta.16 (go go1.15.8; os darwin; arch amd64)
    url: https://api.datadoghq.com/api/v2/metrics/tf_TestAccDatadogMetricTagConfiguration_import_local_1614889604/tags
    method: GET
  response:
    body: '{"data":{"type":"manage_tags","id":"tf_TestAccDatadogMetricTagConfiguration_import_local_1614889604","attributes":{"tags":["datacenter","sport"],"include_percentiles":false,"created_at":"2021-03-04T20:26:45.146959+00:00","updated_at":"2021-03-04T20:26:45.146959+00:00","metric_type":"distribution"}}}'
    headers:
      Cache-Control:
      - no-cache
      Connection:
      - keep-alive
      Content-Security-Policy:
      - frame-ancestors 'self'; report-uri https://api.datadoghq.com/csp-report
      Content-Type:
      - application/json
      Date:
      - Thu, 04 Mar 2021 20:26:45 GMT
      Pragma:
      - no-cache
      Strict-Transport-Security:
      - max-age=15724800;
      Vary:
      - Accept-Encoding
      X-Content-Type-Options:
      - nosniff
      X-Dd-Debug:
      - 5gfwVh/5HZ+AnGd/Di93w3NEWC6KMHT9KzmHEiRJmNdOjBtAsbOcgVFyqEChw71h
      X-Dd-Version:
      - "35.4033344"
      X-Frame-Options:
      - SAMEORIGIN
      X-Ratelimit-Limit:
      - "50"
      X-Ratelimit-Period:
      - "60"
      X-Ratelimit-Remaining:
      - "47"
      X-Ratelimit-Reset:
      - "15"
    status: 200 OK
    code: 200
    duration: ""
- request:
    body: ""
    form: {}
    headers:
      Accept:
      - application/json
      Dd-Operation-Id:
      - ListTagConfigurationByName
      User-Agent:
      - terraform-provider-datadog/dev (terraform 1.16.0; terraform-cli 0.12.7-sdk) datadog-api-client-go/1.0.0-beta.16 (go go1.15.8; os darwin; arch amd64)
    url: https://api.datadoghq.com/api/v2/metrics/tf_TestAccDatadogMetricTagConfiguration_import_local_1614889604/tags
    method: GET
  response:
    body: '{"data":{"type":"manage_tags","id":"tf_TestAccDatadogMetricTagConfiguration_import_local_1614889604","attributes":{"tags":["datacenter","sport"],"include_percentiles":false,"created_at":"2021-03-04T20:26:45.146959+00:00","updated_at":"2021-03-04T20:26:45.146959+00:00","metric_type":"distribution"}}}'
    headers:
      Cache-Control:
      - no-cache
      Connection:
      - keep-alive
      Content-Security-Policy:
      - frame-ancestors 'self'; report-uri https://api.datadoghq.com/csp-report
      Content-Type:
      - application/json
      Date:
      - Thu, 04 Mar 2021 20:26:45 GMT
      Pragma:
      - no-cache
      Strict-Transport-Security:
      - max-age=15724800;
      Vary:
      - Accept-Encoding
      X-Content-Type-Options:
      - nosniff
      X-Dd-Debug:
      - /L+SFFO+m1pPY+hRCpk5325fvfrNl0KmiquUNJolBN/5hu3HIwflqjZSbJ6NxDFG
      X-Dd-Version:
      - "35.4033344"
      X-Frame-Options:
      - SAMEORIGIN
      X-Ratelimit-Limit:
      - "50"
      X-Ratelimit-Period:
      - "60"
      X-Ratelimit-Remaining:
      - "46"
      X-Ratelimit-Reset:
      - "15"
    status: 200 OK
    code: 200
    duration: ""
- request:
    body: ""
    form: {}
    headers:
      Accept:
      - application/json
      Dd-Operation-Id:
      - ListTagConfigurationByName
      User-Agent:
      - terraform-provider-datadog/dev (terraform 1.16.0; terraform-cli 0.12.7-sdk) datadog-api-client-go/1.0.0-beta.16 (go go1.15.8; os darwin; arch amd64)
    url: https://api.datadoghq.com/api/v2/metrics/tf_TestAccDatadogMetricTagConfiguration_import_local_1614889604/tags
    method: GET
  response:
    body: '{"data":{"type":"manage_tags","id":"tf_TestAccDatadogMetricTagConfiguration_import_local_1614889604","attributes":{"tags":["datacenter","sport"],"include_percentiles":false,"created_at":"2021-03-04T20:26:45.146959+00:00","updated_at":"2021-03-04T20:26:45.146959+00:00","metric_type":"distribution"}}}'
    headers:
      Cache-Control:
      - no-cache
      Connection:
      - keep-alive
      Content-Security-Policy:
      - frame-ancestors 'self'; report-uri https://api.datadoghq.com/csp-report
      Content-Type:
      - application/json
      Date:
      - Thu, 04 Mar 2021 20:26:45 GMT
      Pragma:
      - no-cache
      Strict-Transport-Security:
      - max-age=15724800;
      Vary:
      - Accept-Encoding
      X-Content-Type-Options:
      - nosniff
      X-Dd-Debug:
      - 5gfwVh/5HZ+AnGd/Di93w3NEWC6KMHT9KzmHEiRJmNdOjBtAsbOcgVFyqEChw71h
      X-Dd-Version:
      - "35.4033344"
      X-Frame-Options:
      - SAMEORIGIN
      X-Ratelimit-Limit:
      - "50"
      X-Ratelimit-Period:
      - "60"
      X-Ratelimit-Remaining:
      - "45"
      X-Ratelimit-Reset:
      - "15"
    status: 200 OK
    code: 200
    duration: ""
- request:
    body: ""
    form: {}
    headers:
      Accept:
      - application/json
      Dd-Operation-Id:
      - ListTagConfigurationByName
      User-Agent:
      - terraform-provider-datadog/dev (terraform 1.16.0; terraform-cli 0.12.7-sdk) datadog-api-client-go/1.0.0-beta.16 (go go1.15.8; os darwin; arch amd64)
    url: https://api.datadoghq.com/api/v2/metrics/tf_TestAccDatadogMetricTagConfiguration_import_local_1614889604/tags
    method: GET
  response:
    body: '{"data":{"type":"manage_tags","id":"tf_TestAccDatadogMetricTagConfiguration_import_local_1614889604","attributes":{"tags":["datacenter","sport"],"include_percentiles":false,"created_at":"2021-03-04T20:26:45.146959+00:00","updated_at":"2021-03-04T20:26:45.146959+00:00","metric_type":"distribution"}}}'
    headers:
      Cache-Control:
      - no-cache
      Connection:
      - keep-alive
      Content-Security-Policy:
      - frame-ancestors 'self'; report-uri https://api.datadoghq.com/csp-report
      Content-Type:
      - application/json
      Date:
      - Thu, 04 Mar 2021 20:26:45 GMT
      Pragma:
      - no-cache
      Strict-Transport-Security:
      - max-age=15724800;
      Vary:
      - Accept-Encoding
      X-Content-Type-Options:
      - nosniff
      X-Dd-Debug:
      - PhosSd3Ch1B6B0DXI71steKUi7XhPDttnPiIP1NdXTw0VJNWpoUnYyBmODS5ne3q
      X-Dd-Version:
      - "35.4033344"
      X-Frame-Options:
      - SAMEORIGIN
      X-Ratelimit-Limit:
      - "50"
      X-Ratelimit-Period:
      - "60"
      X-Ratelimit-Remaining:
      - "44"
      X-Ratelimit-Reset:
      - "15"
    status: 200 OK
    code: 200
    duration: ""
- request:
    body: ""
    form: {}
    headers:
      Accept:
      - application/json
      Dd-Operation-Id:
      - DeleteTagConfiguration
      User-Agent:
      - terraform-provider-datadog/dev (terraform 1.16.0; terraform-cli 0.12.7-sdk) datadog-api-client-go/1.0.0-beta.16 (go go1.15.8; os darwin; arch amd64)
    url: https://api.datadoghq.com/api/v2/metrics/tf_TestAccDatadogMetricTagConfiguration_import_local_1614889604/tags
    method: DELETE
  response:
    body: ""
    headers:
      Cache-Control:
      - no-cache
      Connection:
      - keep-alive
      Content-Length:
      - "0"
      Content-Security-Policy:
      - frame-ancestors 'self'; report-uri https://api.datadoghq.com/csp-report
      Content-Type:
      - application/json
      Date:
      - Thu, 04 Mar 2021 20:26:45 GMT
      Pragma:
      - no-cache
      Strict-Transport-Security:
      - max-age=15724800;
      X-Content-Type-Options:
      - nosniff
      X-Dd-Debug:
      - l8RQo2maZqJf6GFThBbKNE6dvthz6njusVtau3dPXJWL2RLFoN81H+BLPB/1xgs1
      X-Dd-Version:
      - "35.4033344"
      X-Frame-Options:
      - SAMEORIGIN
      X-Ratelimit-Limit:
      - "50"
      X-Ratelimit-Period:
      - "60"
      X-Ratelimit-Remaining:
      - "43"
      X-Ratelimit-Reset:
      - "15"
    status: 204 No Content
    code: 204
    duration: ""
- request:
    body: ""
    form: {}
    headers:
      Accept:
      - application/json
      Dd-Operation-Id:
      - ListTagConfigurationByName
      User-Agent:
      - terraform-provider-datadog/dev (terraform 1.16.0; terraform-cli 0.12.7-sdk) datadog-api-client-go/1.0.0-beta.16 (go go1.15.8; os darwin; arch amd64)
    url: https://api.datadoghq.com/api/v2/metrics/tf_TestAccDatadogMetricTagConfiguration_import_local_1614889604/tags
    method: GET
  response:
    body: '{"errors": ["tf_TestAccDatadogMetricTagConfiguration_import_local_1614889604 not found"]}'
    headers:
      Cache-Control:
      - no-cache
      Connection:
      - keep-alive
      Content-Security-Policy:
      - frame-ancestors 'self'; report-uri https://api.datadoghq.com/csp-report
      Content-Type:
      - application/json
      Date:
      - Thu, 04 Mar 2021 20:26:46 GMT
      Pragma:
      - no-cache
      Strict-Transport-Security:
      - max-age=15724800;
      Vary:
      - Accept-Encoding
      X-Content-Type-Options:
      - nosniff
      X-Dd-Version:
      - "35.4033344"
      X-Frame-Options:
      - SAMEORIGIN
      X-Ratelimit-Limit:
      - "50"
      X-Ratelimit-Period:
      - "60"
      X-Ratelimit-Remaining:
      - "42"
      X-Ratelimit-Reset:
      - "14"
    status: 404 Not Found
    code: 404
    duration: ""
