---
version: 1
interactions:
- request:
    body: |
      {"data":{"attributes":{"description":"Created using the Datadog provider in Terraform","group_widget":{"definition":{"layout_type":"ordered","title":"tf-TestAccDatadogPowerpackAlertGraph-local-1698166819","type":"group","widgets":[{"definition":{"alert_id":"895605","title":"Widget Title","title_align":"center","title_size":"20","type":"alert_graph","viz_type":"timeseries"}}]}},"name":"tf-TestAccDatadogPowerpackAlertGraph-local-1698166819","tags":["tag:foo1"],"template_variables":[{"defaults":["defaults"],"name":"datacenter"}]},"type":"powerpack"}}
    form: {}
    headers:
      Accept:
      - application/json
      Content-Type:
      - application/json
    url: https://api.datadoghq.com/api/v2/powerpacks
    method: POST
  response:
    body: |
      {"data":{"type":"powerpack","id":"d2de801e-728e-11ee-8d1f-da7ad0900002","attributes":{"name":"tf-TestAccDatadogPowerpackAlertGraph-local-1698166819","description":"Created using the Datadog provider in Terraform","group_widget":{"definition":{"layout_type":"ordered","title":"tf-TestAccDatadogPowerpackAlertGraph-local-1698166819","type":"group","widgets":[{"definition":{"alert_id":"895605","title":"Widget Title","title_align":"center","title_size":"20","type":"alert_graph","viz_type":"timeseries"},"id":1754374040124311}]}},"template_variables":[{"defaults":["defaults"],"name":"datacenter"}],"tags":["tag:foo1"]},"relationships":{"author":{"data":{"type":"users","id":"3ad549bf-eba0-11e9-a77a-0705486660d0"}}}},"included":[{"type":"users","id":"3ad549bf-eba0-11e9-a77a-0705486660d0","attributes":{"name":null,"email":"frog@datadoghq.com"}}]}
    headers:
      Content-Type:
      - application/json
    status: 200 OK
    code: 200
    duration: ""
- request:
    body: ""
    form: {}
    headers:
      Accept:
      - application/json
    url: https://api.datadoghq.com/api/v2/powerpacks/d2de801e-728e-11ee-8d1f-da7ad0900002
    method: GET
  response:
    body: |
      {"data":{"type":"powerpack","id":"d2de801e-728e-11ee-8d1f-da7ad0900002","attributes":{"name":"tf-TestAccDatadogPowerpackAlertGraph-local-1698166819","description":"Created using the Datadog provider in Terraform","group_widget":{"definition":{"layout_type":"ordered","title":"tf-TestAccDatadogPowerpackAlertGraph-local-1698166819","type":"group","widgets":[{"definition":{"alert_id":"895605","title":"Widget Title","title_align":"center","title_size":"20","type":"alert_graph","viz_type":"timeseries"},"id":1754374040124311}]}},"template_variables":[{"defaults":["defaults"],"name":"datacenter"}],"tags":["tag:foo1"]},"relationships":{"author":{"data":{"type":"users","id":"3ad549bf-eba0-11e9-a77a-0705486660d0"}}}},"included":[{"type":"users","id":"3ad549bf-eba0-11e9-a77a-0705486660d0","attributes":{"name":null,"email":"frog@datadoghq.com"}}]}
    headers:
      Content-Type:
      - application/json
    status: 200 OK
    code: 200
    duration: ""
- request:
    body: ""
    form: {}
    headers:
      Accept:
      - application/json
    url: https://api.datadoghq.com/api/v2/powerpacks/d2de801e-728e-11ee-8d1f-da7ad0900002
    method: GET
  response:
    body: |
      {"data":{"type":"powerpack","id":"d2de801e-728e-11ee-8d1f-da7ad0900002","attributes":{"name":"tf-TestAccDatadogPowerpackAlertGraph-local-1698166819","description":"Created using the Datadog provider in Terraform","group_widget":{"definition":{"layout_type":"ordered","title":"tf-TestAccDatadogPowerpackAlertGraph-local-1698166819","type":"group","widgets":[{"definition":{"alert_id":"895605","title":"Widget Title","title_align":"center","title_size":"20","type":"alert_graph","viz_type":"timeseries"},"id":1754374040124311}]}},"template_variables":[{"defaults":["defaults"],"name":"datacenter"}],"tags":["tag:foo1"]},"relationships":{"author":{"data":{"type":"users","id":"3ad549bf-eba0-11e9-a77a-0705486660d0"}}}},"included":[{"type":"users","id":"3ad549bf-eba0-11e9-a77a-0705486660d0","attributes":{"name":null,"email":"frog@datadoghq.com"}}]}
    headers:
      Content-Type:
      - application/json
    status: 200 OK
    code: 200
    duration: ""
- request:
    body: ""
    form: {}
    headers:
      Accept:
      - application/json
    url: https://api.datadoghq.com/api/v2/powerpacks/d2de801e-728e-11ee-8d1f-da7ad0900002
    method: GET
  response:
    body: |
      {"data":{"type":"powerpack","id":"d2de801e-728e-11ee-8d1f-da7ad0900002","attributes":{"name":"tf-TestAccDatadogPowerpackAlertGraph-local-1698166819","description":"Created using the Datadog provider in Terraform","group_widget":{"definition":{"layout_type":"ordered","title":"tf-TestAccDatadogPowerpackAlertGraph-local-1698166819","type":"group","widgets":[{"definition":{"alert_id":"895605","title":"Widget Title","title_align":"center","title_size":"20","type":"alert_graph","viz_type":"timeseries"},"id":1754374040124311}]}},"template_variables":[{"defaults":["defaults"],"name":"datacenter"}],"tags":["tag:foo1"]},"relationships":{"author":{"data":{"type":"users","id":"3ad549bf-eba0-11e9-a77a-0705486660d0"}}}},"included":[{"type":"users","id":"3ad549bf-eba0-11e9-a77a-0705486660d0","attributes":{"name":null,"email":"frog@datadoghq.com"}}]}
    headers:
      Content-Type:
      - application/json
    status: 200 OK
    code: 200
    duration: ""
- request:
    body: ""
    form: {}
    headers:
      Accept:
      - '*/*'
    url: https://api.datadoghq.com/api/v2/powerpacks/d2de801e-728e-11ee-8d1f-da7ad0900002
    method: DELETE
  response:
    body: ""
    headers:
      Content-Type:
      - text/html; charset=utf-8
    status: 204 No Content
    code: 204
    duration: ""
- request:
    body: ""
    form: {}
    headers:
      Accept:
      - application/json
    url: https://api.datadoghq.com/api/v2/powerpacks/d2de801e-728e-11ee-8d1f-da7ad0900002
    method: GET
  response:
    body: '{"errors":["Powerpack with ID d2de801e-728e-11ee-8d1f-da7ad0900002 not found"]}'
    headers:
      Content-Type:
      - application/json
    status: 404 Not Found
    code: 404
    duration: ""
