---
version: 1
interactions:
- request:
    body: |
      {"account_id":"559750559997","role_name":"testacc-datadog-integration-role"}
    form: {}
    headers:
      Accept:
      - application/json
      Content-Type:
      - application/json
      Dd-Operation-Id:
      - CreateAWSAccount
      User-Agent:
      - terraform-provider-datadog/dev (terraform 2.4.4; terraform-cli 0.14.7) datadog-api-client-go/1.0.0-beta.16 (go go1.15.3; os darwin; arch amd64)
    url: https://api.datadoghq.com/api/v1/integration/aws
    method: POST
  response:
    body: '{"external_id":"96e537ea110b46f2955a8fd5379fb7c3"}'
    headers:
      Cache-Control:
      - no-cache
      Connection:
      - keep-alive
      Content-Security-Policy:
      - frame-ancestors 'self'; report-uri https://api.datadoghq.com/csp-report
      Content-Type:
      - application/json
      Date:
      - Mon, 08 Mar 2021 14:25:08 GMT
      Pragma:
      - no-cache
      Strict-Transport-Security:
      - max-age=15724800;
      Vary:
      - Accept-Encoding
      X-Content-Type-Options:
      - nosniff
      X-Dd-Debug:
      - dPySkcOzIZtKyMKDAAzuysY3gNGGj6RtYogGuSb76E8mPvoqzREyRp6lPYm91hQU
      X-Dd-Version:
      - "35.4051246"
      X-Frame-Options:
      - SAMEORIGIN
    status: 200 OK
    code: 200
    duration: ""
- request:
    body: ""
    form: {}
    headers:
      Accept:
      - application/json
      Dd-Operation-Id:
      - ListAWSAccounts
      User-Agent:
      - terraform-provider-datadog/dev (terraform 2.4.4; terraform-cli 0.14.7) datadog-api-client-go/1.0.0-beta.16 (go go1.15.3; os darwin; arch amd64)
    url: https://api.datadoghq.com/api/v1/integration/aws
    method: GET
  response:
    body: '{"accounts":[{"role_name":"java-aWSLogsCheckServicesAsyncTest-45249-1612586088","excluded_regions":[],"account_id":"java_+8Abz+j","host_tags":["javaTag:one","java:success","javaTag:one","java:success","javaTag:one","java:success","javaTag:one","java:success","javaTag:one","java:success","javaTag:one","java:success","javaTag:one","java:success"],"account_specific_namespace_rules":{"api_gateway":true},"errors":[],"filter_tags":["dontCollect:java","dontCollect:java","dontCollect:java","dontCollect:java","dontCollect:java","dontCollect:java","dontCollect:java"]},{"role_name":"testacc-datadog-integration-role","excluded_regions":[],"account_id":"123456789012","host_tags":[],"account_specific_namespace_rules":{},"errors":[],"filter_tags":[]},{"role_name":"testacc-datadog-integration-role","excluded_regions":[],"account_id":"525610050565","host_tags":[],"account_specific_namespace_rules":{},"errors":[],"filter_tags":[]},{"role_name":"DatadogAWSIntegrationRole","excluded_regions":[],"account_id":"go-TestCheckLambdaAsync-local-1613057205","host_tags":["filter:one","filtertwo"],"account_specific_namespace_rules":{"opsworks":true},"errors":[],"filter_tags":["testTag","test:Tag2"]},{"role_name":"DatadogAWSIntegrationRole","excluded_regions":[],"account_id":"go-TestCheckLambdaAsync-local-1613057216","host_tags":["filter:one","filtertwo"],"account_specific_namespace_rules":{"opsworks":true},"errors":[],"filter_tags":["testTag","test:Tag2"]},{"role_name":"testacc-datadog-integration-role","excluded_regions":[],"account_id":"994949985253","host_tags":[],"account_specific_namespace_rules":{},"errors":[],"filter_tags":[]},{"role_name":"testacc-datadog-integration-role","excluded_regions":[],"account_id":"525710297101","host_tags":[],"account_specific_namespace_rules":{},"errors":[],"filter_tags":[]},{"role_name":"testacc-datadog-integration-role","excluded_regions":[],"account_id":"995097501025","host_tags":[],"account_specific_namespace_rules":{},"errors":[],"filter_tags":[]},{"role_name":"testacc-datadog-integration-role","excluded_regions":[],"account_id":"525598559957","host_tags":[],"account_specific_namespace_rules":{},"errors":[],"filter_tags":[]},{"role_name":"testacc-datadog-integration-role","excluded_regions":["us-east-1","us-west-2"],"account_id":"569754484997","host_tags":["key:value","key2:value2"],"account_specific_namespace_rules":{"opsworks":true,"auto_scaling":false},"errors":[],"filter_tags":["key:value"]},{"role_name":"testacc-datadog-integration-role","excluded_regions":[],"account_id":"541005154541","host_tags":[],"account_specific_namespace_rules":{},"errors":[],"filter_tags":[]},{"role_name":"DatadogAWSIntegrationRole","excluded_regions":[],"account_id":"go-TestListAndDeleteAWSLogs-46731-1613482263","host_tags":["filter:one","filtertwo"],"account_specific_namespace_rules":{"opsworks":true},"errors":[],"filter_tags":["testTag","test:Tag2"]},{"role_name":"testacc-datadog-integration-role","excluded_regions":["us-east-1","us-west-2"],"account_id":"501025751535","host_tags":["key:value","key2:value2"],"account_specific_namespace_rules":{"opsworks":true,"auto_scaling":false},"errors":[],"filter_tags":["key:value"]},{"role_name":"testacc-datadog-integration-role","excluded_regions":[],"account_id":"535754555649","host_tags":[],"account_specific_namespace_rules":{},"errors":[],"filter_tags":[]},{"role_name":"java-aWSLogsAddListEnableAndDeleteTest-47769-1613986643","excluded_regions":[],"account_id":"java_VjAonoh","host_tags":["javaTag:one","java:success","javaTag:one","java:success"],"account_specific_namespace_rules":{"api_gateway":true},"errors":[],"filter_tags":["dontCollect:java","dontCollect:java"]},{"role_name":"testacc-datadog-integration-role","excluded_regions":[],"account_id":"539953101559","host_tags":[],"account_specific_namespace_rules":{},"errors":[],"filter_tags":[]},{"role_name":"Java Client Role Name_3","excluded_regions":[],"account_id":"java_XMIVp-3","host_tags":["java_test_tag:value"],"account_specific_namespace_rules":{"api_gateway":false},"errors":[],"filter_tags":["dontCollect:java"]},{"role_name":"DatadogAWSIntegrationRole","excluded_regions":[],"account_id":"go-TestCheckLambdaAsync-49286-1614678638","host_tags":["filter:one","filtertwo"],"account_specific_namespace_rules":{"opsworks":true},"errors":[],"filter_tags":["testTag","test:Tag2"]},{"role_name":"DatadogAWSIntegrationRole","excluded_regions":[],"account_id":"go-TestCheckLambdaAsync-local-1614793585","host_tags":["filter:one","filtertwo"],"account_specific_namespace_rules":{"opsworks":true},"errors":[],"filter_tags":["testTag","test:Tag2"]},{"role_name":"DatadogAWSIntegrationRoleUpdated","excluded_regions":["us-east-1","us-west-1"],"account_id":"go-TestUpdateAWSAccount-local-1614793638","host_tags":["filter:foo","bar"],"account_specific_namespace_rules":{"opsworks":false},"errors":[],"filter_tags":["testTagUpdate","testUpdated:Tag2"]},{"role_name":"testacc-datadog-integration-role","excluded_regions":[],"account_id":"995098495098","host_tags":[],"account_specific_namespace_rules":{},"errors":[],"filter_tags":[]},{"role_name":"testacc-datadog-integration-role","excluded_regions":[],"account_id":"559750559997","host_tags":[],"account_specific_namespace_rules":{},"errors":[],"filter_tags":[]}]}'
    headers:
      Cache-Control:
      - no-cache
      Connection:
      - keep-alive
      Content-Security-Policy:
      - frame-ancestors 'self'; report-uri https://api.datadoghq.com/csp-report
      Content-Type:
      - application/json
      Date:
      - Mon, 08 Mar 2021 14:25:09 GMT
      Pragma:
      - no-cache
      Strict-Transport-Security:
      - max-age=15724800;
      Vary:
      - Accept-Encoding
      X-Content-Type-Options:
      - nosniff
      X-Dd-Debug:
      - JpIJLwIH2nFlZOC+u71rq7aAOL43MLZN3MUsL+gpYHdZz5QLUOG8Jysf8kVK6tPU
      X-Dd-Version:
      - "35.4051246"
      X-Frame-Options:
      - SAMEORIGIN
    status: 200 OK
    code: 200
    duration: ""
- request:
    body: |
      {"data":{"attributes":{"destination":{"bucket":"my-bucket","integration":{"account_id":"559750559997","role_name":"testacc-datadog-integration-role"},"path":"/path/foo","type":"s3"},"include_tags":true,"name":"my first s3 archive","query":"service:tutu","rehydration_tags":["team:intake","team:app"]},"type":"archives"}}
    form: {}
    headers:
      Accept:
      - application/json
      Content-Type:
      - application/json
      Dd-Operation-Id:
      - CreateLogsArchive
      User-Agent:
      - terraform-provider-datadog/dev (terraform 2.4.4; terraform-cli 0.14.7) datadog-api-client-go/1.0.0-beta.16 (go go1.15.3; os darwin; arch amd64)
    url: https://api.datadoghq.com/api/v2/logs/config/archives
    method: POST
  response:
    body: '{"data":{"type":"archives","id":"EP72LkcOQ0yOljtLPZ6ILw","attributes":{"name":"my first s3 archive","query":"service:tutu","state":"UNKNOWN","destination":{"bucket":"my-bucket","path":"/path/foo","type":"s3","integration":{"role_name":"testacc-datadog-integration-role","account_id":"559750559997"}},"rehydration_tags":["team:intake","team:app"],"include_tags":true}}}'
    headers:
      Cache-Control:
      - no-cache
      Connection:
      - keep-alive
      Content-Security-Policy:
      - frame-ancestors 'self'; report-uri https://api.datadoghq.com/csp-report
      Content-Type:
      - application/json
      Date:
      - Mon, 08 Mar 2021 14:25:09 GMT
      Pragma:
      - no-cache
      Strict-Transport-Security:
      - max-age=15724800;
      Vary:
      - Accept-Encoding
      X-Content-Type-Options:
      - nosniff
      X-Dd-Debug:
      - LcgNasIYBRkNppmD6mCKE9J6iv0eEjosuuHR5V5zw2fWbR54i39C8dhdK8zDq/40
      X-Dd-Version:
      - "35.4051246"
      X-Frame-Options:
      - SAMEORIGIN
      X-Ratelimit-Limit:
      - "300"
      X-Ratelimit-Period:
      - "300"
      X-Ratelimit-Remaining:
      - "294"
      X-Ratelimit-Reset:
      - "291"
    status: 200 OK
    code: 200
    duration: ""
- request:
    body: ""
    form: {}
    headers:
      Accept:
      - application/json
      Dd-Operation-Id:
      - GetLogsArchive
      User-Agent:
      - terraform-provider-datadog/dev (terraform 2.4.4; terraform-cli 0.14.7) datadog-api-client-go/1.0.0-beta.16 (go go1.15.3; os darwin; arch amd64)
    url: https://api.datadoghq.com/api/v2/logs/config/archives/EP72LkcOQ0yOljtLPZ6ILw
    method: GET
  response:
    body: '{"data":{"type":"archives","id":"EP72LkcOQ0yOljtLPZ6ILw","attributes":{"name":"my first s3 archive","query":"service:tutu","state":"UNKNOWN","destination":{"bucket":"my-bucket","path":"/path/foo","type":"s3","integration":{"role_name":"testacc-datadog-integration-role","account_id":"559750559997"}},"rehydration_tags":["team:intake","team:app"],"include_tags":true}}}'
    headers:
      Cache-Control:
      - no-cache
      Connection:
      - keep-alive
      Content-Security-Policy:
      - frame-ancestors 'self'; report-uri https://api.datadoghq.com/csp-report
      Content-Type:
      - application/json
      Date:
      - Mon, 08 Mar 2021 14:25:09 GMT
      Pragma:
      - no-cache
      Strict-Transport-Security:
      - max-age=15724800;
      Vary:
      - Accept-Encoding
      X-Content-Type-Options:
      - nosniff
      X-Dd-Debug:
      - 25u1gDlL724DHllbjFT4BhOLorBTilh+aah2uWAUEjFC/+rjczJdiyWrV/HwLwe/
      X-Dd-Version:
      - "35.4051246"
      X-Frame-Options:
      - SAMEORIGIN
      X-Ratelimit-Limit:
      - "5000"
      X-Ratelimit-Period:
      - "3600"
      X-Ratelimit-Remaining:
      - "4977"
      X-Ratelimit-Reset:
      - "2091"
    status: 200 OK
    code: 200
    duration: ""
- request:
    body: ""
    form: {}
    headers:
      Accept:
      - application/json
      Dd-Operation-Id:
      - ListAWSAccounts
      User-Agent:
      - terraform-provider-datadog/dev (terraform 2.4.4; terraform-cli 0.14.7) datadog-api-client-go/1.0.0-beta.16 (go go1.15.3; os darwin; arch amd64)
    url: https://api.datadoghq.com/api/v1/integration/aws
    method: GET
  response:
    body: '{"accounts":[{"role_name":"java-aWSLogsCheckServicesAsyncTest-45249-1612586088","excluded_regions":[],"account_id":"java_+8Abz+j","host_tags":["javaTag:one","java:success","javaTag:one","java:success","javaTag:one","java:success","javaTag:one","java:success","javaTag:one","java:success","javaTag:one","java:success","javaTag:one","java:success"],"account_specific_namespace_rules":{"api_gateway":true},"errors":[],"filter_tags":["dontCollect:java","dontCollect:java","dontCollect:java","dontCollect:java","dontCollect:java","dontCollect:java","dontCollect:java"]},{"role_name":"testacc-datadog-integration-role","excluded_regions":[],"account_id":"123456789012","host_tags":[],"account_specific_namespace_rules":{},"errors":[],"filter_tags":[]},{"role_name":"testacc-datadog-integration-role","excluded_regions":[],"account_id":"525610050565","host_tags":[],"account_specific_namespace_rules":{},"errors":[],"filter_tags":[]},{"role_name":"DatadogAWSIntegrationRole","excluded_regions":[],"account_id":"go-TestCheckLambdaAsync-local-1613057205","host_tags":["filter:one","filtertwo"],"account_specific_namespace_rules":{"opsworks":true},"errors":[],"filter_tags":["testTag","test:Tag2"]},{"role_name":"DatadogAWSIntegrationRole","excluded_regions":[],"account_id":"go-TestCheckLambdaAsync-local-1613057216","host_tags":["filter:one","filtertwo"],"account_specific_namespace_rules":{"opsworks":true},"errors":[],"filter_tags":["testTag","test:Tag2"]},{"role_name":"testacc-datadog-integration-role","excluded_regions":[],"account_id":"994949985253","host_tags":[],"account_specific_namespace_rules":{},"errors":[],"filter_tags":[]},{"role_name":"testacc-datadog-integration-role","excluded_regions":[],"account_id":"525710297101","host_tags":[],"account_specific_namespace_rules":{},"errors":[],"filter_tags":[]},{"role_name":"testacc-datadog-integration-role","excluded_regions":[],"account_id":"995097501025","host_tags":[],"account_specific_namespace_rules":{},"errors":[],"filter_tags":[]},{"role_name":"testacc-datadog-integration-role","excluded_regions":[],"account_id":"525598559957","host_tags":[],"account_specific_namespace_rules":{},"errors":[],"filter_tags":[]},{"role_name":"testacc-datadog-integration-role","excluded_regions":["us-east-1","us-west-2"],"account_id":"569754484997","host_tags":["key:value","key2:value2"],"account_specific_namespace_rules":{"opsworks":true,"auto_scaling":false},"errors":[],"filter_tags":["key:value"]},{"role_name":"testacc-datadog-integration-role","excluded_regions":[],"account_id":"541005154541","host_tags":[],"account_specific_namespace_rules":{},"errors":[],"filter_tags":[]},{"role_name":"DatadogAWSIntegrationRole","excluded_regions":[],"account_id":"go-TestListAndDeleteAWSLogs-46731-1613482263","host_tags":["filter:one","filtertwo"],"account_specific_namespace_rules":{"opsworks":true},"errors":[],"filter_tags":["testTag","test:Tag2"]},{"role_name":"testacc-datadog-integration-role","excluded_regions":["us-east-1","us-west-2"],"account_id":"501025751535","host_tags":["key:value","key2:value2"],"account_specific_namespace_rules":{"opsworks":true,"auto_scaling":false},"errors":[],"filter_tags":["key:value"]},{"role_name":"testacc-datadog-integration-role","excluded_regions":[],"account_id":"535754555649","host_tags":[],"account_specific_namespace_rules":{},"errors":[],"filter_tags":[]},{"role_name":"java-aWSLogsAddListEnableAndDeleteTest-47769-1613986643","excluded_regions":[],"account_id":"java_VjAonoh","host_tags":["javaTag:one","java:success","javaTag:one","java:success"],"account_specific_namespace_rules":{"api_gateway":true},"errors":[],"filter_tags":["dontCollect:java","dontCollect:java"]},{"role_name":"testacc-datadog-integration-role","excluded_regions":[],"account_id":"539953101559","host_tags":[],"account_specific_namespace_rules":{},"errors":[],"filter_tags":[]},{"role_name":"Java Client Role Name_3","excluded_regions":[],"account_id":"java_XMIVp-3","host_tags":["java_test_tag:value"],"account_specific_namespace_rules":{"api_gateway":false},"errors":[],"filter_tags":["dontCollect:java"]},{"role_name":"DatadogAWSIntegrationRole","excluded_regions":[],"account_id":"go-TestCheckLambdaAsync-49286-1614678638","host_tags":["filter:one","filtertwo"],"account_specific_namespace_rules":{"opsworks":true},"errors":[],"filter_tags":["testTag","test:Tag2"]},{"role_name":"DatadogAWSIntegrationRole","excluded_regions":[],"account_id":"go-TestCheckLambdaAsync-local-1614793585","host_tags":["filter:one","filtertwo"],"account_specific_namespace_rules":{"opsworks":true},"errors":[],"filter_tags":["testTag","test:Tag2"]},{"role_name":"DatadogAWSIntegrationRoleUpdated","excluded_regions":["us-east-1","us-west-1"],"account_id":"go-TestUpdateAWSAccount-local-1614793638","host_tags":["filter:foo","bar"],"account_specific_namespace_rules":{"opsworks":false},"errors":[],"filter_tags":["testTagUpdate","testUpdated:Tag2"]},{"role_name":"testacc-datadog-integration-role","excluded_regions":[],"account_id":"995098495098","host_tags":[],"account_specific_namespace_rules":{},"errors":[],"filter_tags":[]},{"role_name":"testacc-datadog-integration-role","excluded_regions":[],"account_id":"559750559997","host_tags":[],"account_specific_namespace_rules":{},"errors":[],"filter_tags":[]}]}'
    headers:
      Cache-Control:
      - no-cache
      Connection:
      - keep-alive
      Content-Security-Policy:
      - frame-ancestors 'self'; report-uri https://api.datadoghq.com/csp-report
      Content-Type:
      - application/json
      Date:
      - Mon, 08 Mar 2021 14:25:09 GMT
      Pragma:
      - no-cache
      Strict-Transport-Security:
      - max-age=15724800;
      Vary:
      - Accept-Encoding
      X-Content-Type-Options:
      - nosniff
      X-Dd-Debug:
      - fIO2C4qGDheGHy4YbS+r3a3CXbh4cbRo7roILOimQyiHGjQdOat0cIpWCkupM1uX
      X-Dd-Version:
      - "35.4051246"
      X-Frame-Options:
      - SAMEORIGIN
    status: 200 OK
    code: 200
    duration: ""
- request:
    body: ""
    form: {}
    headers:
      Accept:
      - application/json
      Dd-Operation-Id:
      - GetLogsArchive
      User-Agent:
      - terraform-provider-datadog/dev (terraform 2.4.4; terraform-cli 0.14.7) datadog-api-client-go/1.0.0-beta.16 (go go1.15.3; os darwin; arch amd64)
    url: https://api.datadoghq.com/api/v2/logs/config/archives/EP72LkcOQ0yOljtLPZ6ILw
    method: GET
  response:
    body: '{"data":{"type":"archives","id":"EP72LkcOQ0yOljtLPZ6ILw","attributes":{"name":"my first s3 archive","query":"service:tutu","state":"UNKNOWN","destination":{"bucket":"my-bucket","path":"/path/foo","type":"s3","integration":{"role_name":"testacc-datadog-integration-role","account_id":"559750559997"}},"rehydration_tags":["team:intake","team:app"],"include_tags":true}}}'
    headers:
      Cache-Control:
      - no-cache
      Connection:
      - keep-alive
      Content-Security-Policy:
      - frame-ancestors 'self'; report-uri https://api.datadoghq.com/csp-report
      Content-Type:
      - application/json
      Date:
      - Mon, 08 Mar 2021 14:25:09 GMT
      Pragma:
      - no-cache
      Strict-Transport-Security:
      - max-age=15724800;
      Vary:
      - Accept-Encoding
      X-Content-Type-Options:
      - nosniff
      X-Dd-Debug:
      - fIO2C4qGDheGHy4YbS+r3a3CXbh4cbRo7roILOimQyiHGjQdOat0cIpWCkupM1uX
      X-Dd-Version:
      - "35.4051246"
      X-Frame-Options:
      - SAMEORIGIN
      X-Ratelimit-Limit:
      - "5000"
      X-Ratelimit-Period:
      - "3600"
      X-Ratelimit-Remaining:
      - "4976"
      X-Ratelimit-Reset:
      - "2091"
    status: 200 OK
    code: 200
    duration: ""
- request:
    body: ""
    form: {}
    headers:
      Accept:
      - application/json
      Dd-Operation-Id:
      - ListAWSAccounts
      User-Agent:
      - terraform-provider-datadog/dev (terraform 2.4.4; terraform-cli 0.14.7) datadog-api-client-go/1.0.0-beta.16 (go go1.15.3; os darwin; arch amd64)
    url: https://api.datadoghq.com/api/v1/integration/aws
    method: GET
  response:
    body: '{"accounts":[{"role_name":"java-aWSLogsCheckServicesAsyncTest-45249-1612586088","excluded_regions":[],"account_id":"java_+8Abz+j","host_tags":["javaTag:one","java:success","javaTag:one","java:success","javaTag:one","java:success","javaTag:one","java:success","javaTag:one","java:success","javaTag:one","java:success","javaTag:one","java:success"],"account_specific_namespace_rules":{"api_gateway":true},"errors":[],"filter_tags":["dontCollect:java","dontCollect:java","dontCollect:java","dontCollect:java","dontCollect:java","dontCollect:java","dontCollect:java"]},{"role_name":"testacc-datadog-integration-role","excluded_regions":[],"account_id":"123456789012","host_tags":[],"account_specific_namespace_rules":{},"errors":[],"filter_tags":[]},{"role_name":"testacc-datadog-integration-role","excluded_regions":[],"account_id":"525610050565","host_tags":[],"account_specific_namespace_rules":{},"errors":[],"filter_tags":[]},{"role_name":"DatadogAWSIntegrationRole","excluded_regions":[],"account_id":"go-TestCheckLambdaAsync-local-1613057205","host_tags":["filter:one","filtertwo"],"account_specific_namespace_rules":{"opsworks":true},"errors":[],"filter_tags":["testTag","test:Tag2"]},{"role_name":"DatadogAWSIntegrationRole","excluded_regions":[],"account_id":"go-TestCheckLambdaAsync-local-1613057216","host_tags":["filter:one","filtertwo"],"account_specific_namespace_rules":{"opsworks":true},"errors":[],"filter_tags":["testTag","test:Tag2"]},{"role_name":"testacc-datadog-integration-role","excluded_regions":[],"account_id":"994949985253","host_tags":[],"account_specific_namespace_rules":{},"errors":[],"filter_tags":[]},{"role_name":"testacc-datadog-integration-role","excluded_regions":[],"account_id":"525710297101","host_tags":[],"account_specific_namespace_rules":{},"errors":[],"filter_tags":[]},{"role_name":"testacc-datadog-integration-role","excluded_regions":[],"account_id":"995097501025","host_tags":[],"account_specific_namespace_rules":{},"errors":[],"filter_tags":[]},{"role_name":"testacc-datadog-integration-role","excluded_regions":[],"account_id":"525598559957","host_tags":[],"account_specific_namespace_rules":{},"errors":[],"filter_tags":[]},{"role_name":"testacc-datadog-integration-role","excluded_regions":["us-east-1","us-west-2"],"account_id":"569754484997","host_tags":["key:value","key2:value2"],"account_specific_namespace_rules":{"opsworks":true,"auto_scaling":false},"errors":[],"filter_tags":["key:value"]},{"role_name":"testacc-datadog-integration-role","excluded_regions":[],"account_id":"541005154541","host_tags":[],"account_specific_namespace_rules":{},"errors":[],"filter_tags":[]},{"role_name":"DatadogAWSIntegrationRole","excluded_regions":[],"account_id":"go-TestListAndDeleteAWSLogs-46731-1613482263","host_tags":["filter:one","filtertwo"],"account_specific_namespace_rules":{"opsworks":true},"errors":[],"filter_tags":["testTag","test:Tag2"]},{"role_name":"testacc-datadog-integration-role","excluded_regions":["us-east-1","us-west-2"],"account_id":"501025751535","host_tags":["key:value","key2:value2"],"account_specific_namespace_rules":{"opsworks":true,"auto_scaling":false},"errors":[],"filter_tags":["key:value"]},{"role_name":"testacc-datadog-integration-role","excluded_regions":[],"account_id":"535754555649","host_tags":[],"account_specific_namespace_rules":{},"errors":[],"filter_tags":[]},{"role_name":"java-aWSLogsAddListEnableAndDeleteTest-47769-1613986643","excluded_regions":[],"account_id":"java_VjAonoh","host_tags":["javaTag:one","java:success","javaTag:one","java:success"],"account_specific_namespace_rules":{"api_gateway":true},"errors":[],"filter_tags":["dontCollect:java","dontCollect:java"]},{"role_name":"testacc-datadog-integration-role","excluded_regions":[],"account_id":"539953101559","host_tags":[],"account_specific_namespace_rules":{},"errors":[],"filter_tags":[]},{"role_name":"Java Client Role Name_3","excluded_regions":[],"account_id":"java_XMIVp-3","host_tags":["java_test_tag:value"],"account_specific_namespace_rules":{"api_gateway":false},"errors":[],"filter_tags":["dontCollect:java"]},{"role_name":"DatadogAWSIntegrationRole","excluded_regions":[],"account_id":"go-TestCheckLambdaAsync-49286-1614678638","host_tags":["filter:one","filtertwo"],"account_specific_namespace_rules":{"opsworks":true},"errors":[],"filter_tags":["testTag","test:Tag2"]},{"role_name":"DatadogAWSIntegrationRole","excluded_regions":[],"account_id":"go-TestCheckLambdaAsync-local-1614793585","host_tags":["filter:one","filtertwo"],"account_specific_namespace_rules":{"opsworks":true},"errors":[],"filter_tags":["testTag","test:Tag2"]},{"role_name":"DatadogAWSIntegrationRoleUpdated","excluded_regions":["us-east-1","us-west-1"],"account_id":"go-TestUpdateAWSAccount-local-1614793638","host_tags":["filter:foo","bar"],"account_specific_namespace_rules":{"opsworks":false},"errors":[],"filter_tags":["testTagUpdate","testUpdated:Tag2"]},{"role_name":"testacc-datadog-integration-role","excluded_regions":[],"account_id":"995098495098","host_tags":[],"account_specific_namespace_rules":{},"errors":[],"filter_tags":[]},{"role_name":"testacc-datadog-integration-role","excluded_regions":[],"account_id":"559750559997","host_tags":[],"account_specific_namespace_rules":{},"errors":[],"filter_tags":[]}]}'
    headers:
      Cache-Control:
      - no-cache
      Connection:
      - keep-alive
      Content-Security-Policy:
      - frame-ancestors 'self'; report-uri https://api.datadoghq.com/csp-report
      Content-Type:
      - application/json
      Date:
      - Mon, 08 Mar 2021 14:25:10 GMT
      Pragma:
      - no-cache
      Strict-Transport-Security:
      - max-age=15724800;
      Vary:
      - Accept-Encoding
      X-Content-Type-Options:
      - nosniff
      X-Dd-Debug:
      - L3ULR3HwCWYmEqCWGz2Yob3chcH4pjowBacBXkncP7o+/uPqKt9yGEYf/g1AJPzQ
      X-Dd-Version:
      - "35.4051246"
      X-Frame-Options:
      - SAMEORIGIN
    status: 200 OK
    code: 200
    duration: ""
- request:
    body: ""
    form: {}
    headers:
      Accept:
      - application/json
      Dd-Operation-Id:
      - GetLogsArchive
      User-Agent:
      - terraform-provider-datadog/dev (terraform 2.4.4; terraform-cli 0.14.7) datadog-api-client-go/1.0.0-beta.16 (go go1.15.3; os darwin; arch amd64)
    url: https://api.datadoghq.com/api/v2/logs/config/archives/EP72LkcOQ0yOljtLPZ6ILw
    method: GET
  response:
    body: '{"data":{"type":"archives","id":"EP72LkcOQ0yOljtLPZ6ILw","attributes":{"name":"my first s3 archive","query":"service:tutu","state":"UNKNOWN","destination":{"bucket":"my-bucket","path":"/path/foo","type":"s3","integration":{"role_name":"testacc-datadog-integration-role","account_id":"559750559997"}},"rehydration_tags":["team:intake","team:app"],"include_tags":true}}}'
    headers:
      Cache-Control:
      - no-cache
      Connection:
      - keep-alive
      Content-Security-Policy:
      - frame-ancestors 'self'; report-uri https://api.datadoghq.com/csp-report
      Content-Type:
      - application/json
      Date:
      - Mon, 08 Mar 2021 14:25:10 GMT
      Pragma:
      - no-cache
      Strict-Transport-Security:
      - max-age=15724800;
      Vary:
      - Accept-Encoding
      X-Content-Type-Options:
      - nosniff
      X-Dd-Debug:
      - 25u1gDlL724DHllbjFT4BhOLorBTilh+aah2uWAUEjFC/+rjczJdiyWrV/HwLwe/
      X-Dd-Version:
      - "35.4051246"
      X-Frame-Options:
      - SAMEORIGIN
      X-Ratelimit-Limit:
      - "5000"
      X-Ratelimit-Period:
      - "3600"
      X-Ratelimit-Remaining:
      - "4975"
      X-Ratelimit-Reset:
      - "2090"
    status: 200 OK
    code: 200
    duration: ""
- request:
    body: |
      {"data":{"attributes":{"destination":{"bucket":"my-bucket","integration":{"account_id":"559750559997","role_name":"testacc-datadog-integration-role"},"path":"/path/foo","type":"s3"},"include_tags":false,"name":"my first s3 archive after update","query":"service:tutu","rehydration_tags":[]},"type":"archives"}}
    form: {}
    headers:
      Accept:
      - application/json
      Content-Type:
      - application/json
      Dd-Operation-Id:
      - UpdateLogsArchive
      User-Agent:
      - terraform-provider-datadog/dev (terraform 2.4.4; terraform-cli 0.14.7) datadog-api-client-go/1.0.0-beta.16 (go go1.15.3; os darwin; arch amd64)
    url: https://api.datadoghq.com/api/v2/logs/config/archives/EP72LkcOQ0yOljtLPZ6ILw
    method: PUT
  response:
    body: '{"data":{"type":"archives","id":"EP72LkcOQ0yOljtLPZ6ILw","attributes":{"name":"my first s3 archive after update","query":"service:tutu","state":"UNKNOWN","destination":{"bucket":"my-bucket","path":"/path/foo","type":"s3","integration":{"role_name":"testacc-datadog-integration-role","account_id":"559750559997"}},"rehydration_tags":[],"include_tags":false}}}'
    headers:
      Cache-Control:
      - no-cache
      Connection:
      - keep-alive
      Content-Security-Policy:
      - frame-ancestors 'self'; report-uri https://api.datadoghq.com/csp-report
      Content-Type:
      - application/json
      Date:
      - Mon, 08 Mar 2021 14:25:11 GMT
      Pragma:
      - no-cache
      Strict-Transport-Security:
      - max-age=15724800;
      Vary:
      - Accept-Encoding
      X-Content-Type-Options:
      - nosniff
      X-Dd-Debug:
      - L3ULR3HwCWYmEqCWGz2Yob3chcH4pjowBacBXkncP7o+/uPqKt9yGEYf/g1AJPzQ
      X-Dd-Version:
      - "35.4051246"
      X-Frame-Options:
      - SAMEORIGIN
      X-Ratelimit-Limit:
      - "300"
      X-Ratelimit-Period:
      - "300"
      X-Ratelimit-Remaining:
      - "293"
      X-Ratelimit-Reset:
      - "290"
    status: 200 OK
    code: 200
    duration: ""
- request:
    body: ""
    form: {}
    headers:
      Accept:
      - application/json
      Dd-Operation-Id:
      - ListAWSAccounts
      User-Agent:
      - terraform-provider-datadog/dev (terraform 2.4.4; terraform-cli 0.14.7) datadog-api-client-go/1.0.0-beta.16 (go go1.15.3; os darwin; arch amd64)
    url: https://api.datadoghq.com/api/v1/integration/aws
    method: GET
  response:
    body: '{"accounts":[{"role_name":"java-aWSLogsCheckServicesAsyncTest-45249-1612586088","excluded_regions":[],"account_id":"java_+8Abz+j","host_tags":["javaTag:one","java:success","javaTag:one","java:success","javaTag:one","java:success","javaTag:one","java:success","javaTag:one","java:success","javaTag:one","java:success","javaTag:one","java:success"],"account_specific_namespace_rules":{"api_gateway":true},"errors":[],"filter_tags":["dontCollect:java","dontCollect:java","dontCollect:java","dontCollect:java","dontCollect:java","dontCollect:java","dontCollect:java"]},{"role_name":"testacc-datadog-integration-role","excluded_regions":[],"account_id":"123456789012","host_tags":[],"account_specific_namespace_rules":{},"errors":[],"filter_tags":[]},{"role_name":"testacc-datadog-integration-role","excluded_regions":[],"account_id":"525610050565","host_tags":[],"account_specific_namespace_rules":{},"errors":[],"filter_tags":[]},{"role_name":"DatadogAWSIntegrationRole","excluded_regions":[],"account_id":"go-TestCheckLambdaAsync-local-1613057205","host_tags":["filter:one","filtertwo"],"account_specific_namespace_rules":{"opsworks":true},"errors":[],"filter_tags":["testTag","test:Tag2"]},{"role_name":"DatadogAWSIntegrationRole","excluded_regions":[],"account_id":"go-TestCheckLambdaAsync-local-1613057216","host_tags":["filter:one","filtertwo"],"account_specific_namespace_rules":{"opsworks":true},"errors":[],"filter_tags":["testTag","test:Tag2"]},{"role_name":"testacc-datadog-integration-role","excluded_regions":[],"account_id":"994949985253","host_tags":[],"account_specific_namespace_rules":{},"errors":[],"filter_tags":[]},{"role_name":"testacc-datadog-integration-role","excluded_regions":[],"account_id":"525710297101","host_tags":[],"account_specific_namespace_rules":{},"errors":[],"filter_tags":[]},{"role_name":"testacc-datadog-integration-role","excluded_regions":[],"account_id":"995097501025","host_tags":[],"account_specific_namespace_rules":{},"errors":[],"filter_tags":[]},{"role_name":"testacc-datadog-integration-role","excluded_regions":[],"account_id":"525598559957","host_tags":[],"account_specific_namespace_rules":{},"errors":[],"filter_tags":[]},{"role_name":"testacc-datadog-integration-role","excluded_regions":["us-east-1","us-west-2"],"account_id":"569754484997","host_tags":["key:value","key2:value2"],"account_specific_namespace_rules":{"opsworks":true,"auto_scaling":false},"errors":[],"filter_tags":["key:value"]},{"role_name":"testacc-datadog-integration-role","excluded_regions":[],"account_id":"541005154541","host_tags":[],"account_specific_namespace_rules":{},"errors":[],"filter_tags":[]},{"role_name":"DatadogAWSIntegrationRole","excluded_regions":[],"account_id":"go-TestListAndDeleteAWSLogs-46731-1613482263","host_tags":["filter:one","filtertwo"],"account_specific_namespace_rules":{"opsworks":true},"errors":[],"filter_tags":["testTag","test:Tag2"]},{"role_name":"testacc-datadog-integration-role","excluded_regions":["us-east-1","us-west-2"],"account_id":"501025751535","host_tags":["key:value","key2:value2"],"account_specific_namespace_rules":{"opsworks":true,"auto_scaling":false},"errors":[],"filter_tags":["key:value"]},{"role_name":"testacc-datadog-integration-role","excluded_regions":[],"account_id":"535754555649","host_tags":[],"account_specific_namespace_rules":{},"errors":[],"filter_tags":[]},{"role_name":"java-aWSLogsAddListEnableAndDeleteTest-47769-1613986643","excluded_regions":[],"account_id":"java_VjAonoh","host_tags":["javaTag:one","java:success","javaTag:one","java:success"],"account_specific_namespace_rules":{"api_gateway":true},"errors":[],"filter_tags":["dontCollect:java","dontCollect:java"]},{"role_name":"testacc-datadog-integration-role","excluded_regions":[],"account_id":"539953101559","host_tags":[],"account_specific_namespace_rules":{},"errors":[],"filter_tags":[]},{"role_name":"Java Client Role Name_3","excluded_regions":[],"account_id":"java_XMIVp-3","host_tags":["java_test_tag:value"],"account_specific_namespace_rules":{"api_gateway":false},"errors":[],"filter_tags":["dontCollect:java"]},{"role_name":"DatadogAWSIntegrationRole","excluded_regions":[],"account_id":"go-TestCheckLambdaAsync-49286-1614678638","host_tags":["filter:one","filtertwo"],"account_specific_namespace_rules":{"opsworks":true},"errors":[],"filter_tags":["testTag","test:Tag2"]},{"role_name":"DatadogAWSIntegrationRole","excluded_regions":[],"account_id":"go-TestCheckLambdaAsync-local-1614793585","host_tags":["filter:one","filtertwo"],"account_specific_namespace_rules":{"opsworks":true},"errors":[],"filter_tags":["testTag","test:Tag2"]},{"role_name":"DatadogAWSIntegrationRoleUpdated","excluded_regions":["us-east-1","us-west-1"],"account_id":"go-TestUpdateAWSAccount-local-1614793638","host_tags":["filter:foo","bar"],"account_specific_namespace_rules":{"opsworks":false},"errors":[],"filter_tags":["testTagUpdate","testUpdated:Tag2"]},{"role_name":"testacc-datadog-integration-role","excluded_regions":[],"account_id":"995098495098","host_tags":[],"account_specific_namespace_rules":{},"errors":[],"filter_tags":[]},{"role_name":"testacc-datadog-integration-role","excluded_regions":[],"account_id":"559750559997","host_tags":[],"account_specific_namespace_rules":{},"errors":[],"filter_tags":[]}]}'
    headers:
      Cache-Control:
      - no-cache
      Connection:
      - keep-alive
      Content-Security-Policy:
      - frame-ancestors 'self'; report-uri https://api.datadoghq.com/csp-report
      Content-Type:
      - application/json
      Date:
      - Mon, 08 Mar 2021 14:25:11 GMT
      Pragma:
      - no-cache
      Strict-Transport-Security:
      - max-age=15724800;
      Vary:
      - Accept-Encoding
      X-Content-Type-Options:
      - nosniff
      X-Dd-Debug:
      - Wjq53IVIwnB4SiR238oOYgHFMq/ZYP0LQ/Dv8C2fFLBwTje/dWJHu6pI6vIOK1zG
      X-Dd-Version:
      - "35.4051246"
      X-Frame-Options:
      - SAMEORIGIN
    status: 200 OK
    code: 200
    duration: ""
- request:
    body: ""
    form: {}
    headers:
      Accept:
      - application/json
      Dd-Operation-Id:
      - GetLogsArchive
      User-Agent:
      - terraform-provider-datadog/dev (terraform 2.4.4; terraform-cli 0.14.7) datadog-api-client-go/1.0.0-beta.16 (go go1.15.3; os darwin; arch amd64)
    url: https://api.datadoghq.com/api/v2/logs/config/archives/EP72LkcOQ0yOljtLPZ6ILw
    method: GET
  response:
    body: '{"data":{"type":"archives","id":"EP72LkcOQ0yOljtLPZ6ILw","attributes":{"name":"my first s3 archive after update","query":"service:tutu","state":"UNKNOWN","destination":{"bucket":"my-bucket","path":"/path/foo","type":"s3","integration":{"role_name":"testacc-datadog-integration-role","account_id":"559750559997"}},"rehydration_tags":[],"include_tags":false}}}'
    headers:
      Cache-Control:
      - no-cache
      Connection:
      - keep-alive
      Content-Security-Policy:
      - frame-ancestors 'self'; report-uri https://api.datadoghq.com/csp-report
      Content-Type:
      - application/json
      Date:
      - Mon, 08 Mar 2021 14:25:11 GMT
      Pragma:
      - no-cache
      Strict-Transport-Security:
      - max-age=15724800;
      Vary:
      - Accept-Encoding
      X-Content-Type-Options:
      - nosniff
      X-Dd-Debug:
      - dCmL/3rURV6BPeaqeP3Rxigq41m5CAb17XjrRE42uZ01zpr07HVhbL5/3TWMkvgu
      X-Dd-Version:
      - "35.4051246"
      X-Frame-Options:
      - SAMEORIGIN
      X-Ratelimit-Limit:
      - "5000"
      X-Ratelimit-Period:
      - "3600"
      X-Ratelimit-Remaining:
      - "4974"
      X-Ratelimit-Reset:
      - "2089"
    status: 200 OK
    code: 200
    duration: ""
- request:
    body: ""
    form: {}
    headers:
      Accept:
      - application/json
      Dd-Operation-Id:
      - DeleteLogsArchive
      User-Agent:
      - terraform-provider-datadog/dev (terraform 2.4.4; terraform-cli 0.14.7) datadog-api-client-go/1.0.0-beta.16 (go go1.15.3; os darwin; arch amd64)
    url: https://api.datadoghq.com/api/v2/logs/config/archives/EP72LkcOQ0yOljtLPZ6ILw
    method: DELETE
  response:
    body: ""
    headers:
      Cache-Control:
      - no-cache
      Connection:
      - keep-alive
      Content-Length:
      - "0"
      Content-Security-Policy:
      - frame-ancestors 'self'; report-uri https://api.datadoghq.com/csp-report
      Content-Type:
      - application/json
      Date:
      - Mon, 08 Mar 2021 14:25:12 GMT
      Pragma:
      - no-cache
      Strict-Transport-Security:
      - max-age=15724800;
      X-Content-Type-Options:
      - nosniff
      X-Dd-Debug:
      - dCmL/3rURV6BPeaqeP3Rxigq41m5CAb17XjrRE42uZ01zpr07HVhbL5/3TWMkvgu
      X-Dd-Version:
      - "35.4051246"
      X-Frame-Options:
      - SAMEORIGIN
      X-Ratelimit-Limit:
      - "300"
      X-Ratelimit-Period:
      - "300"
      X-Ratelimit-Remaining:
      - "292"
      X-Ratelimit-Reset:
      - "288"
    status: 204 No Content
    code: 204
    duration: ""
- request:
    body: |
      {"account_id":"559750559997","role_name":"testacc-datadog-integration-role"}
    form: {}
    headers:
      Accept:
      - application/json
      Content-Type:
      - application/json
      Dd-Operation-Id:
      - DeleteAWSAccount
      User-Agent:
      - terraform-provider-datadog/dev (terraform 2.4.4; terraform-cli 0.14.7) datadog-api-client-go/1.0.0-beta.16 (go go1.15.3; os darwin; arch amd64)
    url: https://api.datadoghq.com/api/v1/integration/aws
    method: DELETE
  response:
    body: '{}'
    headers:
      Cache-Control:
      - no-cache
      Connection:
      - keep-alive
      Content-Length:
      - "2"
      Content-Security-Policy:
      - frame-ancestors 'self'; report-uri https://api.datadoghq.com/csp-report
      Content-Type:
      - application/json
      Date:
      - Mon, 08 Mar 2021 14:25:12 GMT
      Pragma:
      - no-cache
      Strict-Transport-Security:
      - max-age=15724800;
      X-Content-Type-Options:
      - nosniff
      X-Dd-Debug:
      - F5gm0Rce1/Abr9/0Fw8HAqWfiz0FdiH8er/AXnN6lOn3L6KyGgbsLCwgPlob1No8
      X-Dd-Version:
      - "35.4051246"
      X-Frame-Options:
      - SAMEORIGIN
    status: 200 OK
    code: 200
    duration: ""
- request:
    body: ""
    form: {}
    headers:
      Accept:
      - application/json
      Dd-Operation-Id:
      - GetLogsArchive
      User-Agent:
      - terraform-provider-datadog/dev (terraform 2.4.4; terraform-cli 0.14.7) datadog-api-client-go/1.0.0-beta.16 (go go1.15.3; os darwin; arch amd64)
    url: https://api.datadoghq.com/api/v2/logs/config/archives/EP72LkcOQ0yOljtLPZ6ILw
    method: GET
  response:
    body: '{"errors": ["Archive EP72LkcOQ0yOljtLPZ6ILw not found"]}'
    headers:
      Cache-Control:
      - no-cache
      Connection:
      - keep-alive
      Content-Security-Policy:
      - frame-ancestors 'self'; report-uri https://api.datadoghq.com/csp-report
      Content-Type:
      - application/json
      Date:
      - Mon, 08 Mar 2021 14:25:12 GMT
      Pragma:
      - no-cache
      Strict-Transport-Security:
      - max-age=15724800;
      Vary:
      - Accept-Encoding
      X-Content-Type-Options:
      - nosniff
      X-Dd-Version:
      - "35.4051246"
      X-Frame-Options:
      - SAMEORIGIN
      X-Ratelimit-Limit:
      - "5000"
      X-Ratelimit-Period:
      - "3600"
      X-Ratelimit-Remaining:
      - "4973"
      X-Ratelimit-Reset:
      - "2088"
    status: 404 Not Found
    code: 404
    duration: ""
- request:
    body: ""
    form: {}
    headers:
      Accept:
      - application/json
      Dd-Operation-Id:
      - ListAWSAccounts
      User-Agent:
      - terraform-provider-datadog/dev (terraform 2.4.4; terraform-cli 0.14.7) datadog-api-client-go/1.0.0-beta.16 (go go1.15.3; os darwin; arch amd64)
    url: https://api.datadoghq.com/api/v1/integration/aws
    method: GET
  response:
    body: '{"accounts":[{"role_name":"java-aWSLogsCheckServicesAsyncTest-45249-1612586088","excluded_regions":[],"account_id":"java_+8Abz+j","host_tags":["javaTag:one","java:success","javaTag:one","java:success","javaTag:one","java:success","javaTag:one","java:success","javaTag:one","java:success","javaTag:one","java:success","javaTag:one","java:success"],"account_specific_namespace_rules":{"api_gateway":true},"errors":[],"filter_tags":["dontCollect:java","dontCollect:java","dontCollect:java","dontCollect:java","dontCollect:java","dontCollect:java","dontCollect:java"]},{"role_name":"testacc-datadog-integration-role","excluded_regions":[],"account_id":"123456789012","host_tags":[],"account_specific_namespace_rules":{},"errors":[],"filter_tags":[]},{"role_name":"testacc-datadog-integration-role","excluded_regions":[],"account_id":"525610050565","host_tags":[],"account_specific_namespace_rules":{},"errors":[],"filter_tags":[]},{"role_name":"DatadogAWSIntegrationRole","excluded_regions":[],"account_id":"go-TestCheckLambdaAsync-local-1613057205","host_tags":["filter:one","filtertwo"],"account_specific_namespace_rules":{"opsworks":true},"errors":[],"filter_tags":["testTag","test:Tag2"]},{"role_name":"DatadogAWSIntegrationRole","excluded_regions":[],"account_id":"go-TestCheckLambdaAsync-local-1613057216","host_tags":["filter:one","filtertwo"],"account_specific_namespace_rules":{"opsworks":true},"errors":[],"filter_tags":["testTag","test:Tag2"]},{"role_name":"testacc-datadog-integration-role","excluded_regions":[],"account_id":"994949985253","host_tags":[],"account_specific_namespace_rules":{},"errors":[],"filter_tags":[]},{"role_name":"testacc-datadog-integration-role","excluded_regions":[],"account_id":"525710297101","host_tags":[],"account_specific_namespace_rules":{},"errors":[],"filter_tags":[]},{"role_name":"testacc-datadog-integration-role","excluded_regions":[],"account_id":"995097501025","host_tags":[],"account_specific_namespace_rules":{},"errors":[],"filter_tags":[]},{"role_name":"testacc-datadog-integration-role","excluded_regions":[],"account_id":"525598559957","host_tags":[],"account_specific_namespace_rules":{},"errors":[],"filter_tags":[]},{"role_name":"testacc-datadog-integration-role","excluded_regions":["us-east-1","us-west-2"],"account_id":"569754484997","host_tags":["key:value","key2:value2"],"account_specific_namespace_rules":{"opsworks":true,"auto_scaling":false},"errors":[],"filter_tags":["key:value"]},{"role_name":"testacc-datadog-integration-role","excluded_regions":[],"account_id":"541005154541","host_tags":[],"account_specific_namespace_rules":{},"errors":[],"filter_tags":[]},{"role_name":"DatadogAWSIntegrationRole","excluded_regions":[],"account_id":"go-TestListAndDeleteAWSLogs-46731-1613482263","host_tags":["filter:one","filtertwo"],"account_specific_namespace_rules":{"opsworks":true},"errors":[],"filter_tags":["testTag","test:Tag2"]},{"role_name":"testacc-datadog-integration-role","excluded_regions":["us-east-1","us-west-2"],"account_id":"501025751535","host_tags":["key:value","key2:value2"],"account_specific_namespace_rules":{"opsworks":true,"auto_scaling":false},"errors":[],"filter_tags":["key:value"]},{"role_name":"testacc-datadog-integration-role","excluded_regions":[],"account_id":"535754555649","host_tags":[],"account_specific_namespace_rules":{},"errors":[],"filter_tags":[]},{"role_name":"java-aWSLogsAddListEnableAndDeleteTest-47769-1613986643","excluded_regions":[],"account_id":"java_VjAonoh","host_tags":["javaTag:one","java:success","javaTag:one","java:success"],"account_specific_namespace_rules":{"api_gateway":true},"errors":[],"filter_tags":["dontCollect:java","dontCollect:java"]},{"role_name":"testacc-datadog-integration-role","excluded_regions":[],"account_id":"539953101559","host_tags":[],"account_specific_namespace_rules":{},"errors":[],"filter_tags":[]},{"role_name":"Java Client Role Name_3","excluded_regions":[],"account_id":"java_XMIVp-3","host_tags":["java_test_tag:value"],"account_specific_namespace_rules":{"api_gateway":false},"errors":[],"filter_tags":["dontCollect:java"]},{"role_name":"DatadogAWSIntegrationRole","excluded_regions":[],"account_id":"go-TestCheckLambdaAsync-49286-1614678638","host_tags":["filter:one","filtertwo"],"account_specific_namespace_rules":{"opsworks":true},"errors":[],"filter_tags":["testTag","test:Tag2"]},{"role_name":"DatadogAWSIntegrationRole","excluded_regions":[],"account_id":"go-TestCheckLambdaAsync-local-1614793585","host_tags":["filter:one","filtertwo"],"account_specific_namespace_rules":{"opsworks":true},"errors":[],"filter_tags":["testTag","test:Tag2"]},{"role_name":"DatadogAWSIntegrationRoleUpdated","excluded_regions":["us-east-1","us-west-1"],"account_id":"go-TestUpdateAWSAccount-local-1614793638","host_tags":["filter:foo","bar"],"account_specific_namespace_rules":{"opsworks":false},"errors":[],"filter_tags":["testTagUpdate","testUpdated:Tag2"]},{"role_name":"testacc-datadog-integration-role","excluded_regions":[],"account_id":"995098495098","host_tags":[],"account_specific_namespace_rules":{},"errors":[],"filter_tags":[]}]}'
    headers:
      Cache-Control:
      - no-cache
      Connection:
      - keep-alive
      Content-Security-Policy:
      - frame-ancestors 'self'; report-uri https://api.datadoghq.com/csp-report
      Content-Type:
      - application/json
      Date:
      - Mon, 08 Mar 2021 14:25:13 GMT
      Pragma:
      - no-cache
      Strict-Transport-Security:
      - max-age=15724800;
      Vary:
      - Accept-Encoding
      X-Content-Type-Options:
      - nosniff
      X-Dd-Debug:
      - S1wfaMZOKGT/IoMw6fqAwAwGWo2vQ44sjF3YzuETnQfxZO2T5eJbs0aX3UKb9Dwu
      X-Dd-Version:
      - "35.4051246"
      X-Frame-Options:
      - SAMEORIGIN
    status: 200 OK
    code: 200
    duration: ""
