---
version: 1
interactions:
- request:
    body: |
      {"config":{"assertions":[{"operator":"is","property":"A","target":"0.0.0.0","type":"recordSome"}],"configVariables":[],"request":{"dnsServer":"8.8.8.8","host":"https://www.datadoghq.com"},"variables":[]},"locations":["aws:eu-central-1"],"message":"Notify @datadog.user","name":"tf-TestAccDatadogSyntheticsDNSTest_Updated-local-1609927554","options":{"min_location_failed":1,"tick_every":60},"status":"paused","subtype":"dns","tags":["foo:bar","baz"],"type":"api"}
    form: {}
    headers:
      Accept:
      - application/json
      Content-Type:
      - application/json
      Dd-Operation-Id:
      - CreateTest
      User-Agent:
      - terraform-provider-datadog/dev (terraform 1.15.0; terraform-cli 0.12.7-sdk)
        datadog-api-client-go/1.0.0-beta.13+dev (go go1.15.3; os darwin; arch amd64)
      X-Datadog-Parent-Id:
      - "1681746562932714511"
      X-Datadog-Sampling-Priority:
      - "1"
      X-Datadog-Trace-Id:
      - "5832565200276920871"
    url: https://api.datadoghq.com/api/v1/synthetics/tests
    method: POST
  response:
    body: '{"status":"paused","public_id":"m5r-s2a-is5","tags":["foo:bar","baz"],"org_id":321813,"locations":["aws:eu-central-1"],"message":"Notify
      @datadog.user","deleted_at":null,"name":"tf-TestAccDatadogSyntheticsDNSTest_Updated-local-1609927554","monitor_id":28311734,"type":"api","created_at":"2021-01-06T10:05:55.078555+00:00","modified_at":"2021-01-06T10:05:55.078555+00:00","subtype":"dns","config":{"variables":[],"request":{"host":"https://www.datadoghq.com","dnsServer":"8.8.8.8"},"assertions":[{"operator":"is","property":"A","type":"recordSome","target":"0.0.0.0"}],"configVariables":[]},"options":{"min_location_failed":1,"tick_every":60}}'
    headers:
      Cache-Control:
      - no-cache
      Connection:
      - keep-alive
      Content-Security-Policy:
      - frame-ancestors 'self'; report-uri https://api.datadoghq.com/csp-report
      Content-Type:
      - application/json
      Date:
      - Wed, 06 Jan 2021 10:05:55 GMT
      Pragma:
      - no-cache
      Set-Cookie:
      - DD-PSHARD=233; Max-Age=604800; Path=/; expires=Wed, 13-Jan-2021 10:05:54 GMT;
        secure; HttpOnly
      Strict-Transport-Security:
      - max-age=15724800;
      Vary:
      - Accept-Encoding
      X-Content-Type-Options:
      - nosniff
      X-Dd-Debug:
      - V26KHlc/RfdWahgILvghYzp00rgLN6YCNAgg+V0KrlqUWK5TouaimNqGpGYzd/eX
      X-Dd-Version:
      - "35.3647695"
      X-Frame-Options:
      - SAMEORIGIN
      X-Ratelimit-Limit:
      - "120"
      X-Ratelimit-Period:
      - "60"
      X-Ratelimit-Remaining:
      - "117"
      X-Ratelimit-Reset:
      - "6"
    status: 200 OK
    code: 200
    duration: ""
- request:
    body: ""
    form: {}
    headers:
      Accept:
      - application/json
      Dd-Operation-Id:
      - GetTest
      User-Agent:
      - terraform-provider-datadog/dev (terraform 1.15.0; terraform-cli 0.12.7-sdk)
        datadog-api-client-go/1.0.0-beta.13+dev (go go1.15.3; os darwin; arch amd64)
      X-Datadog-Parent-Id:
      - "1435234479382292058"
      X-Datadog-Sampling-Priority:
      - "1"
      X-Datadog-Trace-Id:
      - "5832565200276920871"
    url: https://api.datadoghq.com/api/v1/synthetics/tests/m5r-s2a-is5
    method: GET
  response:
    body: '{"status":"paused","public_id":"m5r-s2a-is5","tags":["foo:bar","baz"],"locations":["aws:eu-central-1"],"message":"Notify
      @datadog.user","name":"tf-TestAccDatadogSyntheticsDNSTest_Updated-local-1609927554","monitor_id":28311734,"type":"api","subtype":"dns","config":{"variables":[],"request":{"host":"https://www.datadoghq.com","dnsServer":"8.8.8.8"},"assertions":[{"operator":"is","property":"A","type":"recordSome","target":"0.0.0.0"}],"configVariables":[]},"options":{"min_location_failed":1,"tick_every":60}}'
    headers:
      Cache-Control:
      - no-cache
      Connection:
      - keep-alive
      Content-Security-Policy:
      - frame-ancestors 'self'; report-uri https://api.datadoghq.com/csp-report
      Content-Type:
      - application/json
      Date:
      - Wed, 06 Jan 2021 10:05:55 GMT
      Pragma:
      - no-cache
      Set-Cookie:
      - DD-PSHARD=233; Max-Age=604800; Path=/; expires=Wed, 13-Jan-2021 10:05:55 GMT;
        secure; HttpOnly
      Strict-Transport-Security:
      - max-age=15724800;
      Vary:
      - Accept-Encoding
      X-Content-Type-Options:
      - nosniff
      X-Dd-Debug:
      - JGlWx87vjxzcVRF7plc107v2ByhH6ulQ34FTks4+z+qF42As7SYEoQXA/cO3iKfw
      X-Dd-Version:
      - "35.3647695"
      X-Frame-Options:
      - SAMEORIGIN
      X-Ratelimit-Limit:
      - "1000"
      X-Ratelimit-Period:
      - "60"
      X-Ratelimit-Remaining:
      - "985"
      X-Ratelimit-Reset:
      - "5"
    status: 200 OK
    code: 200
    duration: ""
- request:
    body: ""
    form: {}
    headers:
      Accept:
      - application/json
      Dd-Operation-Id:
      - GetTest
      User-Agent:
      - terraform-provider-datadog/dev (terraform 1.15.0; terraform-cli 0.12.7-sdk)
        datadog-api-client-go/1.0.0-beta.13+dev (go go1.15.3; os darwin; arch amd64)
      X-Datadog-Parent-Id:
      - "8012738989307132600"
      X-Datadog-Sampling-Priority:
      - "1"
      X-Datadog-Trace-Id:
      - "5832565200276920871"
    url: https://api.datadoghq.com/api/v1/synthetics/tests/m5r-s2a-is5
    method: GET
  response:
    body: '{"status":"paused","public_id":"m5r-s2a-is5","tags":["foo:bar","baz"],"locations":["aws:eu-central-1"],"message":"Notify
      @datadog.user","name":"tf-TestAccDatadogSyntheticsDNSTest_Updated-local-1609927554","monitor_id":28311734,"type":"api","subtype":"dns","config":{"variables":[],"request":{"host":"https://www.datadoghq.com","dnsServer":"8.8.8.8"},"assertions":[{"operator":"is","property":"A","type":"recordSome","target":"0.0.0.0"}],"configVariables":[]},"options":{"min_location_failed":1,"tick_every":60}}'
    headers:
      Cache-Control:
      - no-cache
      Connection:
      - keep-alive
      Content-Security-Policy:
      - frame-ancestors 'self'; report-uri https://api.datadoghq.com/csp-report
      Content-Type:
      - application/json
      Date:
      - Wed, 06 Jan 2021 10:05:55 GMT
      Pragma:
      - no-cache
      Set-Cookie:
      - DD-PSHARD=233; Max-Age=604800; Path=/; expires=Wed, 13-Jan-2021 10:05:55 GMT;
        secure; HttpOnly
      Strict-Transport-Security:
      - max-age=15724800;
      Vary:
      - Accept-Encoding
      X-Content-Type-Options:
      - nosniff
      X-Dd-Debug:
      - 4/n0qOsNbcCLs0O62LExTPssq0SdRyX2Rk0dgQQIozMoViHF7e4pyB0ZeXOioNEA
      X-Dd-Version:
      - "35.3647695"
      X-Frame-Options:
      - SAMEORIGIN
      X-Ratelimit-Limit:
      - "1000"
      X-Ratelimit-Period:
      - "60"
      X-Ratelimit-Remaining:
      - "984"
      X-Ratelimit-Reset:
      - "5"
    status: 200 OK
    code: 200
    duration: ""
- request:
    body: ""
    form: {}
    headers:
      Accept:
      - application/json
      Dd-Operation-Id:
      - GetTest
      User-Agent:
      - terraform-provider-datadog/dev (terraform 1.15.0; terraform-cli 0.12.7-sdk)
        datadog-api-client-go/1.0.0-beta.13+dev (go go1.15.3; os darwin; arch amd64)
      X-Datadog-Parent-Id:
      - "3959835237357382076"
      X-Datadog-Sampling-Priority:
      - "1"
      X-Datadog-Trace-Id:
      - "5832565200276920871"
    url: https://api.datadoghq.com/api/v1/synthetics/tests/m5r-s2a-is5
    method: GET
  response:
    body: '{"status":"paused","public_id":"m5r-s2a-is5","tags":["foo:bar","baz"],"locations":["aws:eu-central-1"],"message":"Notify
      @datadog.user","name":"tf-TestAccDatadogSyntheticsDNSTest_Updated-local-1609927554","monitor_id":28311734,"type":"api","subtype":"dns","config":{"variables":[],"request":{"host":"https://www.datadoghq.com","dnsServer":"8.8.8.8"},"assertions":[{"operator":"is","property":"A","type":"recordSome","target":"0.0.0.0"}],"configVariables":[]},"options":{"min_location_failed":1,"tick_every":60}}'
    headers:
      Cache-Control:
      - no-cache
      Connection:
      - keep-alive
      Content-Security-Policy:
      - frame-ancestors 'self'; report-uri https://api.datadoghq.com/csp-report
      Content-Type:
      - application/json
      Date:
      - Wed, 06 Jan 2021 10:05:55 GMT
      Pragma:
      - no-cache
      Set-Cookie:
      - DD-PSHARD=233; Max-Age=604800; Path=/; expires=Wed, 13-Jan-2021 10:05:55 GMT;
        secure; HttpOnly
      Strict-Transport-Security:
      - max-age=15724800;
      Vary:
      - Accept-Encoding
      X-Content-Type-Options:
      - nosniff
      X-Dd-Debug:
      - qKfjlUOd47rTL8Zfe+ult0NC1XrJJZn5FzZo3l0g8EiEJqsLoAxULWUGtB1CS4r/
      X-Dd-Version:
      - "35.3647695"
      X-Frame-Options:
      - SAMEORIGIN
      X-Ratelimit-Limit:
      - "1000"
      X-Ratelimit-Period:
      - "60"
      X-Ratelimit-Remaining:
      - "983"
      X-Ratelimit-Reset:
      - "5"
    status: 200 OK
    code: 200
    duration: ""
- request:
    body: ""
    form: {}
    headers:
      Accept:
      - application/json
      Dd-Operation-Id:
      - GetTest
      User-Agent:
      - terraform-provider-datadog/dev (terraform 1.15.0; terraform-cli 0.12.7-sdk)
        datadog-api-client-go/1.0.0-beta.13+dev (go go1.15.3; os darwin; arch amd64)
      X-Datadog-Parent-Id:
      - "4364586650994318328"
      X-Datadog-Sampling-Priority:
      - "1"
      X-Datadog-Trace-Id:
      - "5832565200276920871"
    url: https://api.datadoghq.com/api/v1/synthetics/tests/m5r-s2a-is5
    method: GET
  response:
    body: '{"status":"paused","public_id":"m5r-s2a-is5","tags":["foo:bar","baz"],"locations":["aws:eu-central-1"],"message":"Notify
      @datadog.user","name":"tf-TestAccDatadogSyntheticsDNSTest_Updated-local-1609927554","monitor_id":28311734,"type":"api","subtype":"dns","config":{"variables":[],"request":{"host":"https://www.datadoghq.com","dnsServer":"8.8.8.8"},"assertions":[{"operator":"is","property":"A","type":"recordSome","target":"0.0.0.0"}],"configVariables":[]},"options":{"min_location_failed":1,"tick_every":60}}'
    headers:
      Cache-Control:
      - no-cache
      Connection:
      - keep-alive
      Content-Security-Policy:
      - frame-ancestors 'self'; report-uri https://api.datadoghq.com/csp-report
      Content-Type:
      - application/json
      Date:
      - Wed, 06 Jan 2021 10:05:55 GMT
      Pragma:
      - no-cache
      Set-Cookie:
      - DD-PSHARD=233; Max-Age=604800; Path=/; expires=Wed, 13-Jan-2021 10:05:55 GMT;
        secure; HttpOnly
      Strict-Transport-Security:
      - max-age=15724800;
      Vary:
      - Accept-Encoding
      X-Content-Type-Options:
      - nosniff
      X-Dd-Debug:
      - czEVy5beKXV4pQAZ5xftzVoEe/6sl5mAUrgslod1oQM8E1r6UMNK9mDY9umj8H+Q
      X-Dd-Version:
      - "35.3647695"
      X-Frame-Options:
      - SAMEORIGIN
      X-Ratelimit-Limit:
      - "1000"
      X-Ratelimit-Period:
      - "60"
      X-Ratelimit-Remaining:
      - "982"
      X-Ratelimit-Reset:
      - "5"
    status: 200 OK
    code: 200
    duration: ""
- request:
    body: |
      {"config":{"assertions":[{"operator":"is","property":"A","target":"1.1.1.1","type":"recordEvery"}],"configVariables":[],"request":{"dnsServer":"8.8.8.8","host":"https://www.datadoghq.com"},"variables":[]},"locations":["aws:eu-central-1"],"message":"Notify @datadog.user","name":"tf-TestAccDatadogSyntheticsDNSTest_Updated-local-1609927554-updated","options":{"min_location_failed":1,"tick_every":300},"status":"live","subtype":"dns","tags":["foo:bar","baz","env:test"],"type":"api"}
    form: {}
    headers:
      Accept:
      - application/json
      Content-Type:
      - application/json
      Dd-Operation-Id:
      - UpdateTest
      User-Agent:
      - terraform-provider-datadog/dev (terraform 1.15.0; terraform-cli 0.12.7-sdk)
        datadog-api-client-go/1.0.0-beta.13+dev (go go1.15.3; os darwin; arch amd64)
      X-Datadog-Parent-Id:
      - "7451901800863407226"
      X-Datadog-Sampling-Priority:
      - "1"
      X-Datadog-Trace-Id:
      - "5832565200276920871"
    url: https://api.datadoghq.com/api/v1/synthetics/tests/m5r-s2a-is5
    method: PUT
  response:
    body: '{"status":"live","public_id":"m5r-s2a-is5","tags":["foo:bar","baz","env:test"],"org_id":321813,"locations":["aws:eu-central-1"],"message":"Notify
      @datadog.user","deleted_at":null,"name":"tf-TestAccDatadogSyntheticsDNSTest_Updated-local-1609927554-updated","monitor_id":28311734,"type":"api","created_at":"2021-01-06T10:05:55.078555+00:00","modified_at":"2021-01-06T10:05:56.105769+00:00","subtype":"dns","config":{"variables":[],"request":{"host":"https://www.datadoghq.com","dnsServer":"8.8.8.8"},"assertions":[{"operator":"is","property":"A","type":"recordEvery","target":"1.1.1.1"}],"configVariables":[]},"options":{"min_location_failed":1,"tick_every":300}}'
    headers:
      Cache-Control:
      - no-cache
      Connection:
      - keep-alive
      Content-Security-Policy:
      - frame-ancestors 'self'; report-uri https://api.datadoghq.com/csp-report
      Content-Type:
      - application/json
      Date:
      - Wed, 06 Jan 2021 10:05:56 GMT
      Pragma:
      - no-cache
      Set-Cookie:
      - DD-PSHARD=233; Max-Age=604800; Path=/; expires=Wed, 13-Jan-2021 10:05:56 GMT;
        secure; HttpOnly
      Strict-Transport-Security:
      - max-age=15724800;
      Vary:
      - Accept-Encoding
      X-Content-Type-Options:
      - nosniff
      X-Dd-Debug:
      - Dx/lglfFHSSR55lZZXPJOntjJp7qb35tIKm/SqO1nkg0n+U6yMAlHYP22LPWSHfP
      X-Dd-Version:
      - "35.3647695"
      X-Frame-Options:
      - SAMEORIGIN
      X-Ratelimit-Limit:
      - "500"
      X-Ratelimit-Period:
      - "60"
      X-Ratelimit-Remaining:
      - "498"
      X-Ratelimit-Reset:
      - "4"
    status: 200 OK
    code: 200
    duration: ""
- request:
    body: ""
    form: {}
    headers:
      Accept:
      - application/json
      Dd-Operation-Id:
      - GetTest
      User-Agent:
      - terraform-provider-datadog/dev (terraform 1.15.0; terraform-cli 0.12.7-sdk)
        datadog-api-client-go/1.0.0-beta.13+dev (go go1.15.3; os darwin; arch amd64)
      X-Datadog-Parent-Id:
      - "3790066632773140053"
      X-Datadog-Sampling-Priority:
      - "1"
      X-Datadog-Trace-Id:
      - "5832565200276920871"
    url: https://api.datadoghq.com/api/v1/synthetics/tests/m5r-s2a-is5
    method: GET
  response:
    body: '{"status":"live","public_id":"m5r-s2a-is5","tags":["foo:bar","baz","env:test"],"locations":["aws:eu-central-1"],"message":"Notify
      @datadog.user","name":"tf-TestAccDatadogSyntheticsDNSTest_Updated-local-1609927554-updated","monitor_id":28311734,"type":"api","subtype":"dns","config":{"variables":[],"request":{"host":"https://www.datadoghq.com","dnsServer":"8.8.8.8"},"assertions":[{"operator":"is","property":"A","type":"recordEvery","target":"1.1.1.1"}],"configVariables":[]},"options":{"min_location_failed":1,"tick_every":300}}'
    headers:
      Cache-Control:
      - no-cache
      Connection:
      - keep-alive
      Content-Security-Policy:
      - frame-ancestors 'self'; report-uri https://api.datadoghq.com/csp-report
      Content-Type:
      - application/json
      Date:
      - Wed, 06 Jan 2021 10:05:56 GMT
      Pragma:
      - no-cache
      Set-Cookie:
      - DD-PSHARD=233; Max-Age=604800; Path=/; expires=Wed, 13-Jan-2021 10:05:56 GMT;
        secure; HttpOnly
      Strict-Transport-Security:
      - max-age=15724800;
      Vary:
      - Accept-Encoding
      X-Content-Type-Options:
      - nosniff
      X-Dd-Debug:
      - 1rlggRfE73pEFFllgZfChM1RZODDnKFUyVMEk3an2/a5+lJByU7Porp1iIMqRaO7
      X-Dd-Version:
      - "35.3647695"
      X-Frame-Options:
      - SAMEORIGIN
      X-Ratelimit-Limit:
      - "1000"
      X-Ratelimit-Period:
      - "60"
      X-Ratelimit-Remaining:
      - "981"
      X-Ratelimit-Reset:
      - "4"
    status: 200 OK
    code: 200
    duration: ""
- request:
    body: ""
    form: {}
    headers:
      Accept:
      - application/json
      Dd-Operation-Id:
      - GetTest
      User-Agent:
      - terraform-provider-datadog/dev (terraform 1.15.0; terraform-cli 0.12.7-sdk)
        datadog-api-client-go/1.0.0-beta.13+dev (go go1.15.3; os darwin; arch amd64)
      X-Datadog-Parent-Id:
      - "4962394626402033746"
      X-Datadog-Sampling-Priority:
      - "1"
      X-Datadog-Trace-Id:
      - "5832565200276920871"
    url: https://api.datadoghq.com/api/v1/synthetics/tests/m5r-s2a-is5
    method: GET
  response:
    body: '{"status":"live","public_id":"m5r-s2a-is5","tags":["foo:bar","baz","env:test"],"locations":["aws:eu-central-1"],"message":"Notify
      @datadog.user","name":"tf-TestAccDatadogSyntheticsDNSTest_Updated-local-1609927554-updated","monitor_id":28311734,"type":"api","subtype":"dns","config":{"variables":[],"request":{"host":"https://www.datadoghq.com","dnsServer":"8.8.8.8"},"assertions":[{"operator":"is","property":"A","type":"recordEvery","target":"1.1.1.1"}],"configVariables":[]},"options":{"min_location_failed":1,"tick_every":300}}'
    headers:
      Cache-Control:
      - no-cache
      Connection:
      - keep-alive
      Content-Security-Policy:
      - frame-ancestors 'self'; report-uri https://api.datadoghq.com/csp-report
      Content-Type:
      - application/json
      Date:
      - Wed, 06 Jan 2021 10:05:56 GMT
      Pragma:
      - no-cache
      Set-Cookie:
      - DD-PSHARD=233; Max-Age=604800; Path=/; expires=Wed, 13-Jan-2021 10:05:56 GMT;
        secure; HttpOnly
      Strict-Transport-Security:
      - max-age=15724800;
      Vary:
      - Accept-Encoding
      X-Content-Type-Options:
      - nosniff
      X-Dd-Debug:
      - EsLH6+rdgSqeLdBeq9HZpt+45W9grH+dHsUtM9XuCxYJqQJyctcAVJKfVBiasXIW
      X-Dd-Version:
      - "35.3647695"
      X-Frame-Options:
      - SAMEORIGIN
      X-Ratelimit-Limit:
      - "1000"
      X-Ratelimit-Period:
      - "60"
      X-Ratelimit-Remaining:
      - "980"
      X-Ratelimit-Reset:
      - "4"
    status: 200 OK
    code: 200
    duration: ""
- request:
    body: ""
    form: {}
    headers:
      Accept:
      - application/json
      Dd-Operation-Id:
      - GetTest
      User-Agent:
      - terraform-provider-datadog/dev (terraform 1.15.0; terraform-cli 0.12.7-sdk)
        datadog-api-client-go/1.0.0-beta.13+dev (go go1.15.3; os darwin; arch amd64)
      X-Datadog-Parent-Id:
      - "6565777145044830515"
      X-Datadog-Sampling-Priority:
      - "1"
      X-Datadog-Trace-Id:
      - "5832565200276920871"
    url: https://api.datadoghq.com/api/v1/synthetics/tests/m5r-s2a-is5
    method: GET
  response:
    body: '{"status":"live","public_id":"m5r-s2a-is5","tags":["foo:bar","baz","env:test"],"locations":["aws:eu-central-1"],"message":"Notify
      @datadog.user","name":"tf-TestAccDatadogSyntheticsDNSTest_Updated-local-1609927554-updated","monitor_id":28311734,"type":"api","subtype":"dns","config":{"variables":[],"request":{"host":"https://www.datadoghq.com","dnsServer":"8.8.8.8"},"assertions":[{"operator":"is","property":"A","type":"recordEvery","target":"1.1.1.1"}],"configVariables":[]},"options":{"min_location_failed":1,"tick_every":300}}'
    headers:
      Cache-Control:
      - no-cache
      Connection:
      - keep-alive
      Content-Security-Policy:
      - frame-ancestors 'self'; report-uri https://api.datadoghq.com/csp-report
      Content-Type:
      - application/json
      Date:
      - Wed, 06 Jan 2021 10:05:56 GMT
      Pragma:
      - no-cache
      Set-Cookie:
      - DD-PSHARD=233; Max-Age=604800; Path=/; expires=Wed, 13-Jan-2021 10:05:56 GMT;
        secure; HttpOnly
      Strict-Transport-Security:
      - max-age=15724800;
      Vary:
      - Accept-Encoding
      X-Content-Type-Options:
      - nosniff
      X-Dd-Debug:
      - h6yqPaHNwx3ZGZPMs75pO93HC01YoL8B6e/Fb89zqQCmU57u6KTAhksrYQV/dzkY
      X-Dd-Version:
      - "35.3647695"
      X-Frame-Options:
      - SAMEORIGIN
      X-Ratelimit-Limit:
      - "1000"
      X-Ratelimit-Period:
      - "60"
      X-Ratelimit-Remaining:
      - "979"
      X-Ratelimit-Reset:
      - "4"
    status: 200 OK
    code: 200
    duration: ""
- request:
    body: ""
    form: {}
    headers:
      Accept:
      - application/json
      Dd-Operation-Id:
      - GetTest
      User-Agent:
      - terraform-provider-datadog/dev (terraform 1.15.0; terraform-cli 0.12.7-sdk)
        datadog-api-client-go/1.0.0-beta.13+dev (go go1.15.3; os darwin; arch amd64)
      X-Datadog-Parent-Id:
      - "6674034424790097809"
      X-Datadog-Sampling-Priority:
      - "1"
      X-Datadog-Trace-Id:
      - "5832565200276920871"
    url: https://api.datadoghq.com/api/v1/synthetics/tests/m5r-s2a-is5
    method: GET
  response:
    body: '{"status":"live","public_id":"m5r-s2a-is5","tags":["foo:bar","baz","env:test"],"locations":["aws:eu-central-1"],"message":"Notify
      @datadog.user","name":"tf-TestAccDatadogSyntheticsDNSTest_Updated-local-1609927554-updated","monitor_id":28311734,"type":"api","subtype":"dns","config":{"variables":[],"request":{"host":"https://www.datadoghq.com","dnsServer":"8.8.8.8"},"assertions":[{"operator":"is","property":"A","type":"recordEvery","target":"1.1.1.1"}],"configVariables":[]},"options":{"min_location_failed":1,"tick_every":300}}'
    headers:
      Cache-Control:
      - no-cache
      Connection:
      - keep-alive
      Content-Security-Policy:
      - frame-ancestors 'self'; report-uri https://api.datadoghq.com/csp-report
      Content-Type:
      - application/json
      Date:
      - Wed, 06 Jan 2021 10:05:56 GMT
      Pragma:
      - no-cache
      Set-Cookie:
      - DD-PSHARD=233; Max-Age=604800; Path=/; expires=Wed, 13-Jan-2021 10:05:56 GMT;
        secure; HttpOnly
      Strict-Transport-Security:
      - max-age=15724800;
      Vary:
      - Accept-Encoding
      X-Content-Type-Options:
      - nosniff
      X-Dd-Debug:
      - XH13bHMKtoQVJueISAFCWP0HSHfKJRB7S49EcUHZy7wuPUHvZ/XfTy/P1yRgU1Db
      X-Dd-Version:
      - "35.3647695"
      X-Frame-Options:
      - SAMEORIGIN
      X-Ratelimit-Limit:
      - "1000"
      X-Ratelimit-Period:
      - "60"
      X-Ratelimit-Remaining:
      - "978"
      X-Ratelimit-Reset:
      - "4"
    status: 200 OK
    code: 200
    duration: ""
- request:
    body: |
      {"public_ids":["m5r-s2a-is5"]}
    form: {}
    headers:
      Accept:
      - application/json
      Content-Type:
      - application/json
      Dd-Operation-Id:
      - DeleteTests
      User-Agent:
      - terraform-provider-datadog/dev (terraform 1.15.0; terraform-cli 0.12.7-sdk)
        datadog-api-client-go/1.0.0-beta.13+dev (go go1.15.3; os darwin; arch amd64)
      X-Datadog-Parent-Id:
      - "6425841717021504323"
      X-Datadog-Sampling-Priority:
      - "1"
      X-Datadog-Trace-Id:
      - "5832565200276920871"
    url: https://api.datadoghq.com/api/v1/synthetics/tests/delete
    method: POST
  response:
    body: '{"deleted_tests":[{"deleted_at":"2021-01-06T10:05:57.073535+00:00","public_id":"m5r-s2a-is5"}]}'
    headers:
      Cache-Control:
      - no-cache
      Connection:
      - keep-alive
      Content-Security-Policy:
      - frame-ancestors 'self'; report-uri https://api.datadoghq.com/csp-report
      Content-Type:
      - application/json
      Date:
      - Wed, 06 Jan 2021 10:05:57 GMT
      Pragma:
      - no-cache
      Set-Cookie:
      - DD-PSHARD=233; Max-Age=604800; Path=/; expires=Wed, 13-Jan-2021 10:05:57 GMT;
        secure; HttpOnly
      Strict-Transport-Security:
      - max-age=15724800;
      Vary:
      - Accept-Encoding
      X-Content-Type-Options:
      - nosniff
      X-Dd-Debug:
      - 1KMr27QHAQHDfYPOMxdkaV+JBh/1ku8yD6KIlLr2d217iUuzksir9gh+Nfb7tVhq
      X-Dd-Version:
      - "35.3647695"
      X-Frame-Options:
      - SAMEORIGIN
      X-Ratelimit-Limit:
      - "120"
      X-Ratelimit-Period:
      - "60"
      X-Ratelimit-Remaining:
      - "117"
      X-Ratelimit-Reset:
      - "3"
    status: 200 OK
    code: 200
    duration: ""
- request:
    body: ""
    form: {}
    headers:
      Accept:
      - application/json
      Dd-Operation-Id:
      - GetTest
      User-Agent:
      - terraform-provider-datadog/dev (terraform 1.15.0; terraform-cli 0.12.7-sdk)
        datadog-api-client-go/1.0.0-beta.13+dev (go go1.15.3; os darwin; arch amd64)
      X-Datadog-Parent-Id:
      - "6156343247389976954"
      X-Datadog-Sampling-Priority:
      - "1"
      X-Datadog-Trace-Id:
      - "5832565200276920871"
    url: https://api.datadoghq.com/api/v1/synthetics/tests/m5r-s2a-is5
    method: GET
  response:
    body: '{"errors": ["Synthetics test not found"]}'
    headers:
      Cache-Control:
      - no-cache
      Connection:
      - keep-alive
      Content-Security-Policy:
      - frame-ancestors 'self'; report-uri https://api.datadoghq.com/csp-report
      Content-Type:
      - application/json
      Date:
      - Wed, 06 Jan 2021 10:05:57 GMT
      Pragma:
      - no-cache
      Strict-Transport-Security:
      - max-age=15724800;
      Vary:
      - Accept-Encoding
      X-Content-Type-Options:
      - nosniff
      X-Dd-Version:
      - "35.3647695"
      X-Frame-Options:
      - SAMEORIGIN
      X-Ratelimit-Limit:
      - "1000"
      X-Ratelimit-Period:
      - "60"
      X-Ratelimit-Remaining:
      - "977"
      X-Ratelimit-Reset:
      - "3"
    status: 404 Not Found
    code: 404
    duration: ""
