---
version: 1
interactions:
- request:
    body: |
      {"description":"Created using the Datadog provider in Terraform","id":"","is_read_only":true,"layout_type":"ordered","notify_list":[],"template_variable_presets":[{"name":"preset_1","template_variables":[{"name":"var_1","values":["host.dc"]}]},{"name":"preset_2","template_variables":[{"name":"var_2","values":["host.dc","foo"]},{"name":"var_3","values":["my_service"]}]}],"template_variables":[{"defaults":["aws","yooo"],"name":"var_1","prefix":"host"},{"defaults":["autoscaling","two"],"name":"var_2","prefix":"service_name"}],"title":"tf-TestAccDatadogDashboardTemplateVariables-local-1667237576","widgets":[{"definition":{"background_color":"pink","content":"note text","font_size":"14","has_padding":true,"show_tick":true,"text_align":"center","tick_edge":"left","tick_pos":"50%","type":"note"}}]}
    form: {}
    headers:
      Accept:
      - application/json
      Content-Type:
      - application/json
    url: https://api.datadoghq.com/api/v1/dashboard
    method: POST
  response:
    body: |
      {"notify_list":[],"description":"Created using the Datadog provider in Terraform","author_name":null,"template_variable_presets":[{"template_variables":[{"values":["host.dc"],"name":"var_1"}],"name":"preset_1"},{"template_variables":[{"values":["host.dc","foo"],"name":"var_2"},{"values":["my_service"],"name":"var_3"}],"name":"preset_2"}],"template_variables":[{"prefix":"host","name":"var_1","defaults":["aws","yooo"]},{"prefix":"service_name","name":"var_2","defaults":["autoscaling","two"]}],"is_read_only":true,"id":"n6i-iwf-me9","title":"tf-TestAccDatadogDashboardTemplateVariables-local-1667237576","url":"/dashboard/n6i-iwf-me9/tf-testaccdatadogdashboardtemplatevariables-local-1667237576","created_at":"2022-10-31T17:32:57.643623+00:00","modified_at":"2022-10-31T17:32:57.643623+00:00","author_handle":"frog@datadoghq.com","widgets":[{"definition":{"tick_pos":"50%","font_size":"14","has_padding":true,"tick_edge":"left","text_align":"center","content":"note text","type":"note","show_tick":true,"background_color":"pink"},"id":2272366914663637}],"layout_type":"ordered"}
    headers:
      Content-Type:
      - application/json
    status: 200 OK
    code: 200
    duration: ""
- request:
    body: ""
    form: {}
    headers:
      Accept:
      - application/json
    url: https://api.datadoghq.com/api/v1/dashboard/n6i-iwf-me9
    method: GET
  response:
    body: |
      {"notify_list":[],"description":"Created using the Datadog provider in Terraform","author_name":null,"template_variable_presets":[{"template_variables":[{"values":["host.dc"],"name":"var_1"}],"name":"preset_1"},{"template_variables":[{"values":["host.dc","foo"],"name":"var_2"},{"values":["my_service"],"name":"var_3"}],"name":"preset_2"}],"template_variables":[{"prefix":"host","name":"var_1","defaults":["aws","yooo"]},{"prefix":"service_name","name":"var_2","defaults":["autoscaling","two"]}],"is_read_only":true,"id":"n6i-iwf-me9","title":"tf-TestAccDatadogDashboardTemplateVariables-local-1667237576","url":"/dashboard/n6i-iwf-me9/tf-testaccdatadogdashboardtemplatevariables-local-1667237576","created_at":"2022-10-31T17:32:57.643623+00:00","modified_at":"2022-10-31T17:32:57.643623+00:00","author_handle":"frog@datadoghq.com","widgets":[{"definition":{"tick_pos":"50%","font_size":"14","has_padding":true,"tick_edge":"left","text_align":"center","content":"note text","type":"note","show_tick":true,"background_color":"pink"},"id":2272366914663637}],"layout_type":"ordered"}
    headers:
      Content-Type:
      - application/json
    status: 200 OK
    code: 200
    duration: ""
- request:
    body: ""
    form: {}
    headers:
      Accept:
      - application/json
    url: https://api.datadoghq.com/api/v1/dashboard/n6i-iwf-me9
    method: GET
  response:
    body: |
      {"notify_list":[],"description":"Created using the Datadog provider in Terraform","author_name":null,"template_variable_presets":[{"template_variables":[{"values":["host.dc"],"name":"var_1"}],"name":"preset_1"},{"template_variables":[{"values":["host.dc","foo"],"name":"var_2"},{"values":["my_service"],"name":"var_3"}],"name":"preset_2"}],"template_variables":[{"prefix":"host","name":"var_1","defaults":["aws","yooo"]},{"prefix":"service_name","name":"var_2","defaults":["autoscaling","two"]}],"is_read_only":true,"id":"n6i-iwf-me9","title":"tf-TestAccDatadogDashboardTemplateVariables-local-1667237576","url":"/dashboard/n6i-iwf-me9/tf-testaccdatadogdashboardtemplatevariables-local-1667237576","created_at":"2022-10-31T17:32:57.643623+00:00","modified_at":"2022-10-31T17:32:57.643623+00:00","author_handle":"frog@datadoghq.com","widgets":[{"definition":{"tick_pos":"50%","font_size":"14","has_padding":true,"tick_edge":"left","text_align":"center","content":"note text","type":"note","show_tick":true,"background_color":"pink"},"id":2272366914663637}],"layout_type":"ordered"}
    headers:
      Content-Type:
      - application/json
    status: 200 OK
    code: 200
    duration: ""
- request:
    body: ""
    form: {}
    headers:
      Accept:
      - application/json
    url: https://api.datadoghq.com/api/v1/dashboard/n6i-iwf-me9
    method: GET
  response:
    body: |
      {"notify_list":[],"description":"Created using the Datadog provider in Terraform","author_name":null,"template_variable_presets":[{"template_variables":[{"values":["host.dc"],"name":"var_1"}],"name":"preset_1"},{"template_variables":[{"values":["host.dc","foo"],"name":"var_2"},{"values":["my_service"],"name":"var_3"}],"name":"preset_2"}],"template_variables":[{"prefix":"host","name":"var_1","defaults":["aws","yooo"]},{"prefix":"service_name","name":"var_2","defaults":["autoscaling","two"]}],"is_read_only":true,"id":"n6i-iwf-me9","title":"tf-TestAccDatadogDashboardTemplateVariables-local-1667237576","url":"/dashboard/n6i-iwf-me9/tf-testaccdatadogdashboardtemplatevariables-local-1667237576","created_at":"2022-10-31T17:32:57.643623+00:00","modified_at":"2022-10-31T17:32:57.643623+00:00","author_handle":"frog@datadoghq.com","widgets":[{"definition":{"tick_pos":"50%","font_size":"14","has_padding":true,"tick_edge":"left","text_align":"center","content":"note text","type":"note","show_tick":true,"background_color":"pink"},"id":2272366914663637}],"layout_type":"ordered"}
    headers:
      Content-Type:
      - application/json
    status: 200 OK
    code: 200
    duration: ""
- request:
    body: ""
    form: {}
    headers:
      Accept:
      - application/json
    url: https://api.datadoghq.com/api/v1/dashboard/n6i-iwf-me9
    method: DELETE
  response:
    body: |
      {"deleted_dashboard_id":"n6i-iwf-me9"}
    headers:
      Content-Type:
      - application/json
    status: 200 OK
    code: 200
    duration: ""
