version: 2
interactions:
- request:
    body: |
      {"data":{"attributes":{"compute":{"aggregation_type":"distribution","include_percentiles":false,"path":"@duration"},"filter":{"query":"service:test"},"group_by":[{"path":"@my.status","tag_name":"status"},{"path":"service","tag_name":"service"}]},"id":"tf_TestAccDatadogLogsMetric_import_local_1669226264","type":"logs_metrics"}}
    form: {}
    headers:
      Accept:
      - application/json
      Content-Type:
      - application/json
    url: https://api.datadoghq.com/api/v2/logs/config/metrics
    method: POST
    id: 0
  response:
    body: |
      {"data":{"attributes":{"filter":{"query":"service:test"},"group_by":[{"path":"@my.status","tag_name":"status"},{"path":"service","tag_name":"service"}],"compute":{"path":"@duration","include_percentiles":false,"aggregation_type":"distribution"}},"type":"logs_metrics","id":"tf_TestAccDatadogLogsMetric_import_local_1669226264"}}
    headers:
      Content-Type:
      - application/json
    status: 200 OK
    code: 200
    duration: "0ms"
- request:
    body: ""
    form: {}
    headers:
      Accept:
      - application/json
    url: https://api.datadoghq.com/api/v2/logs/config/metrics/tf_TestAccDatadogLogsMetric_import_local_1669226264
    method: GET
    id: 1
  response:
    body: |
      {"data":{"attributes":{"filter":{"query":"service:test"},"group_by":[{"path":"@my.status","tag_name":"status"},{"path":"service","tag_name":"service"}],"compute":{"path":"@duration","include_percentiles":false,"aggregation_type":"distribution"}},"type":"logs_metrics","id":"tf_TestAccDatadogLogsMetric_import_local_1669226264"}}
    headers:
      Content-Type:
      - application/json
    status: 200 OK
    code: 200
    duration: "0ms"
- request:
    body: ""
    form: {}
    headers:
      Accept:
      - application/json
    url: https://api.datadoghq.com/api/v2/logs/config/metrics/tf_TestAccDatadogLogsMetric_import_local_1669226264
    method: GET
    id: 2
  response:
    body: |
      {"data":{"attributes":{"filter":{"query":"service:test"},"group_by":[{"path":"@my.status","tag_name":"status"},{"path":"service","tag_name":"service"}],"compute":{"path":"@duration","include_percentiles":false,"aggregation_type":"distribution"}},"type":"logs_metrics","id":"tf_TestAccDatadogLogsMetric_import_local_1669226264"}}
    headers:
      Content-Type:
      - application/json
    status: 200 OK
    code: 200
    duration: "0ms"
- request:
    body: ""
    form: {}
    headers:
      Accept:
      - '*/*'
    url: https://api.datadoghq.com/api/v2/logs/config/metrics/tf_TestAccDatadogLogsMetric_import_local_1669226264
    method: DELETE
    id: 3
  response:
    body: |
      {}
    headers:
      Content-Type:
      - application/json
    status: 200 OK
    code: 200
    duration: "0ms"
- request:
    body: ""
    form: {}
    headers:
      Accept:
      - application/json
    url: https://api.datadoghq.com/api/v2/logs/config/metrics/tf_TestAccDatadogLogsMetric_import_local_1669226264
    method: GET
    id: 4
  response:
    body: |
      {"errors":["not_found(Metric with name 'tf_TestAccDatadogLogsMetric_import_local_1669226264' not found)"]}
    headers:
      Content-Type:
      - application/json
    status: 404 Not Found
    code: 404
    duration: "0ms"
