---
version: 1
interactions:
- request:
    body: |
      {"filter":{"query":"source:redis"},"is_enabled":true,"name":"tf-TestAccDatadogLogsPipeline_basic-local-1615587164","processors":[{"is_enabled":true,"name":"Define date","sources":["verbose"],"type":"date-remapper"},{"expression":"(time1-time2)*1000","is_enabled":true,"is_replace_missing":false,"name":"processor from nested pipeline","target":"my_arithmetic","type":"arithmetic-processor"},{"categories":[{"filter":{"query":"@severity: \"-\""},"name":"verbose"},{"filter":{"query":"@severity: \".\""},"name":"debug"}],"is_enabled":true,"name":"Categorise severity level","target":"redis.severity","type":"category-processor"},{"grok":{"match_rules":"rule %{date(\"yyyy-MM-dd HH:mm:ss,SSS\"):timestamp}","support_rules":"date_parser %{date(\"yyyy-MM-dd HH:mm:ss,SSS\"):timestamp}"},"is_enabled":true,"name":"Parsing Stack traces","source":"message","type":"grok-parser"},{"filter":{"query":"source:kafka"},"is_enabled":true,"name":"my nested pipeline","processors":[{"is_enabled":true,"name":"Define url parser","normalize_ending_slashes":false,"sources":["http_test"],"target":"http_test.details","type":"url-parser"},{"is_enabled":true,"is_encoded":false,"name":"Define user agent parser","sources":["http_agent"],"target":"http_agent.details","type":"user-agent-parser"}],"type":"pipeline"},{"is_enabled":true,"name":"geo ip parse","sources":["ip1"],"target":"ip.address","type":"geo-ip-parser"},{"is_enabled":false,"lookup_table":["key,value"],"name":"","source":"ip1","target":"ip.address","type":"lookup-processor"},{"default_lookup":"default","is_enabled":true,"lookup_table":["key,value"],"name":"lookup processor with optional fields","source":"ip2","target":"ip.address","type":"lookup-processor"}]}
    form: {}
    headers:
      Accept:
      - application/json
      Content-Type:
      - application/json
    url: https://api.datadoghq.com/api/v1/logs/config/pipelines
    method: POST
  response:
    body: '{"id":"jsbjFIV4QGeNuAKDI5B3Gw","type":"pipeline","name":"tf-TestAccDatadogLogsPipeline_basic-local-1615587164","is_enabled":true,"is_read_only":false,"filter":{"query":"source:redis"},"processors":[{"name":"Define date","is_enabled":true,"sources":["verbose"],"type":"date-remapper"},{"name":"processor from nested pipeline","is_enabled":true,"expression":"(time1-time2)*1000","target":"my_arithmetic","is_replace_missing":false,"type":"arithmetic-processor"},{"name":"Categorise severity level","is_enabled":true,"categories":[{"filter":{"query":"@severity: \"-\""},"name":"verbose"},{"filter":{"query":"@severity: \".\""},"name":"debug"}],"target":"redis.severity","type":"category-processor"},{"name":"Parsing Stack traces","is_enabled":true,"source":"message","samples":[],"grok":{"support_rules":"date_parser %{date(\"yyyy-MM-dd HH:mm:ss,SSS\"):timestamp}","match_rules":"rule %{date(\"yyyy-MM-dd HH:mm:ss,SSS\"):timestamp}"},"type":"grok-parser"},{"type":"pipeline","name":"my nested pipeline","is_enabled":true,"filter":{"query":"source:kafka"},"processors":[{"name":"Define url parser","is_enabled":true,"sources":["http_test"],"target":"http_test.details","normalize_ending_slashes":false,"type":"url-parser"},{"name":"Define user agent parser","is_enabled":true,"sources":["http_agent"],"target":"http_agent.details","is_encoded":false,"type":"user-agent-parser"}]},{"name":"geo ip parse","is_enabled":true,"sources":["ip1"],"target":"ip.address","ip_processing_behavior":"do-nothing","type":"geo-ip-parser"},{"name":"","is_enabled":false,"source":"ip1","target":"ip.address","lookup_table":["key,value"],"type":"lookup-processor"},{"name":"lookup processor with optional fields","is_enabled":true,"source":"ip2","target":"ip.address","lookup_table":["key,value"],"default_lookup":"default","type":"lookup-processor"}]}'
    headers:
      Content-Type:
      - application/json;charset=utf-8
    status: 200 OK
    code: 200
    duration: ""
- request:
    body: ""
    form: {}
    headers:
      Accept:
      - application/json
    url: https://api.datadoghq.com/api/v1/logs/config/pipelines/jsbjFIV4QGeNuAKDI5B3Gw
    method: GET
  response:
    body: '{"id":"jsbjFIV4QGeNuAKDI5B3Gw","type":"pipeline","name":"tf-TestAccDatadogLogsPipeline_basic-local-1615587164","is_enabled":true,"is_read_only":false,"filter":{"query":"source:redis"},"processors":[{"name":"Define date","is_enabled":true,"sources":["verbose"],"type":"date-remapper"},{"name":"processor from nested pipeline","is_enabled":true,"expression":"(time1-time2)*1000","target":"my_arithmetic","is_replace_missing":false,"type":"arithmetic-processor"},{"name":"Categorise severity level","is_enabled":true,"categories":[{"filter":{"query":"@severity: \"-\""},"name":"verbose"},{"filter":{"query":"@severity: \".\""},"name":"debug"}],"target":"redis.severity","type":"category-processor"},{"name":"Parsing Stack traces","is_enabled":true,"source":"message","samples":[],"grok":{"support_rules":"date_parser %{date(\"yyyy-MM-dd HH:mm:ss,SSS\"):timestamp}","match_rules":"rule %{date(\"yyyy-MM-dd HH:mm:ss,SSS\"):timestamp}"},"type":"grok-parser"},{"type":"pipeline","name":"my nested pipeline","is_enabled":true,"filter":{"query":"source:kafka"},"processors":[{"name":"Define url parser","is_enabled":true,"sources":["http_test"],"target":"http_test.details","normalize_ending_slashes":false,"type":"url-parser"},{"name":"Define user agent parser","is_enabled":true,"sources":["http_agent"],"target":"http_agent.details","is_encoded":false,"type":"user-agent-parser"}]},{"name":"geo ip parse","is_enabled":true,"sources":["ip1"],"target":"ip.address","ip_processing_behavior":"do-nothing","type":"geo-ip-parser"},{"name":"","is_enabled":false,"source":"ip1","target":"ip.address","lookup_table":["key,value"],"type":"lookup-processor"},{"name":"lookup processor with optional fields","is_enabled":true,"source":"ip2","target":"ip.address","lookup_table":["key,value"],"default_lookup":"default","type":"lookup-processor"}]}'
    headers:
      Content-Type:
      - application/json;charset=utf-8
    status: 200 OK
    code: 200
    duration: ""
- request:
    body: ""
    form: {}
    headers:
      Accept:
      - application/json
    url: https://api.datadoghq.com/api/v1/logs/config/pipelines/jsbjFIV4QGeNuAKDI5B3Gw
    method: GET
  response:
    body: '{"id":"jsbjFIV4QGeNuAKDI5B3Gw","type":"pipeline","name":"tf-TestAccDatadogLogsPipeline_basic-local-1615587164","is_enabled":true,"is_read_only":false,"filter":{"query":"source:redis"},"processors":[{"name":"Define date","is_enabled":true,"sources":["verbose"],"type":"date-remapper"},{"name":"processor from nested pipeline","is_enabled":true,"expression":"(time1-time2)*1000","target":"my_arithmetic","is_replace_missing":false,"type":"arithmetic-processor"},{"name":"Categorise severity level","is_enabled":true,"categories":[{"filter":{"query":"@severity: \"-\""},"name":"verbose"},{"filter":{"query":"@severity: \".\""},"name":"debug"}],"target":"redis.severity","type":"category-processor"},{"name":"Parsing Stack traces","is_enabled":true,"source":"message","samples":[],"grok":{"support_rules":"date_parser %{date(\"yyyy-MM-dd HH:mm:ss,SSS\"):timestamp}","match_rules":"rule %{date(\"yyyy-MM-dd HH:mm:ss,SSS\"):timestamp}"},"type":"grok-parser"},{"type":"pipeline","name":"my nested pipeline","is_enabled":true,"filter":{"query":"source:kafka"},"processors":[{"name":"Define url parser","is_enabled":true,"sources":["http_test"],"target":"http_test.details","normalize_ending_slashes":false,"type":"url-parser"},{"name":"Define user agent parser","is_enabled":true,"sources":["http_agent"],"target":"http_agent.details","is_encoded":false,"type":"user-agent-parser"}]},{"name":"geo ip parse","is_enabled":true,"sources":["ip1"],"target":"ip.address","ip_processing_behavior":"do-nothing","type":"geo-ip-parser"},{"name":"","is_enabled":false,"source":"ip1","target":"ip.address","lookup_table":["key,value"],"type":"lookup-processor"},{"name":"lookup processor with optional fields","is_enabled":true,"source":"ip2","target":"ip.address","lookup_table":["key,value"],"default_lookup":"default","type":"lookup-processor"}]}'
    headers:
      Content-Type:
      - application/json;charset=utf-8
    status: 200 OK
    code: 200
    duration: ""
- request:
    body: ""
    form: {}
    headers:
      Accept:
      - application/json
    url: https://api.datadoghq.com/api/v1/logs/config/pipelines/jsbjFIV4QGeNuAKDI5B3Gw
    method: GET
  response:
    body: '{"id":"jsbjFIV4QGeNuAKDI5B3Gw","type":"pipeline","name":"tf-TestAccDatadogLogsPipeline_basic-local-1615587164","is_enabled":true,"is_read_only":false,"filter":{"query":"source:redis"},"processors":[{"name":"Define date","is_enabled":true,"sources":["verbose"],"type":"date-remapper"},{"name":"processor from nested pipeline","is_enabled":true,"expression":"(time1-time2)*1000","target":"my_arithmetic","is_replace_missing":false,"type":"arithmetic-processor"},{"name":"Categorise severity level","is_enabled":true,"categories":[{"filter":{"query":"@severity: \"-\""},"name":"verbose"},{"filter":{"query":"@severity: \".\""},"name":"debug"}],"target":"redis.severity","type":"category-processor"},{"name":"Parsing Stack traces","is_enabled":true,"source":"message","samples":[],"grok":{"support_rules":"date_parser %{date(\"yyyy-MM-dd HH:mm:ss,SSS\"):timestamp}","match_rules":"rule %{date(\"yyyy-MM-dd HH:mm:ss,SSS\"):timestamp}"},"type":"grok-parser"},{"type":"pipeline","name":"my nested pipeline","is_enabled":true,"filter":{"query":"source:kafka"},"processors":[{"name":"Define url parser","is_enabled":true,"sources":["http_test"],"target":"http_test.details","normalize_ending_slashes":false,"type":"url-parser"},{"name":"Define user agent parser","is_enabled":true,"sources":["http_agent"],"target":"http_agent.details","is_encoded":false,"type":"user-agent-parser"}]},{"name":"geo ip parse","is_enabled":true,"sources":["ip1"],"target":"ip.address","ip_processing_behavior":"do-nothing","type":"geo-ip-parser"},{"name":"","is_enabled":false,"source":"ip1","target":"ip.address","lookup_table":["key,value"],"type":"lookup-processor"},{"name":"lookup processor with optional fields","is_enabled":true,"source":"ip2","target":"ip.address","lookup_table":["key,value"],"default_lookup":"default","type":"lookup-processor"}]}'
    headers:
      Content-Type:
      - application/json;charset=utf-8
    status: 200 OK
    code: 200
    duration: ""
- request:
    body: |
      {"filter":{"query":"source:kafka"},"is_enabled":false,"name":"tf-TestAccDatadogLogsPipeline_basic-local-1615587164-updated","processors":[{"is_enabled":true,"name":"test date remapper","sources":["verbose"],"type":"date-remapper"},{"is_enabled":true,"name":"","sources":["redis.severity"],"type":"status-remapper"},{"is_enabled":true,"name":"Simple attribute remapper to tag target type","override_on_conflict":false,"preserve_source":true,"source_type":"tag","sources":["db.instance"],"target":"db","target_type":"tag","type":"attribute-remapper"},{"is_enabled":true,"name":"Simple attribute remapper to attribute target type","override_on_conflict":false,"preserve_source":true,"source_type":"tag","sources":["db.instance"],"target":"db","target_format":"string","target_type":"attribute","type":"attribute-remapper"},{"grok":{"match_rules":"rule %{date(\"yyyy-MM-dd HH:mm:ss,SSS\"):timestamp}","support_rules":"date_parser %{date(\"yyyy-MM-dd HH:mm:ss,SSS\"):timestamp}"},"is_enabled":true,"name":"Parsing Stack traces","samples":["sample1","sample2"],"source":"message","type":"grok-parser"},{"is_enabled":true,"is_replace_missing":true,"name":"string builder","target":"user.name","template":"%{user.name} is awesome","type":"string-builder-processor"},{"is_enabled":true,"name":"geo ip parse","sources":["ip1","ip2"],"target":"ip.address","type":"geo-ip-parser"},{"is_enabled":false,"lookup_table":["key,value","key2,value2"],"name":"","source":"ip1","target":"ip.address","type":"lookup-processor"},{"default_lookup":"default","is_enabled":true,"lookup_table":["key,value","key2,value2"],"name":"lookup processor with optional fields","source":"ip2","target":"ip.address","type":"lookup-processor"}]}
    form: {}
    headers:
      Accept:
      - application/json
      Content-Type:
      - application/json
    url: https://api.datadoghq.com/api/v1/logs/config/pipelines/jsbjFIV4QGeNuAKDI5B3Gw
    method: PUT
  response:
    body: '{"id":"jsbjFIV4QGeNuAKDI5B3Gw","type":"pipeline","name":"tf-TestAccDatadogLogsPipeline_basic-local-1615587164-updated","is_enabled":false,"is_read_only":false,"filter":{"query":"source:kafka"},"processors":[{"name":"test date remapper","is_enabled":true,"sources":["verbose"],"type":"date-remapper"},{"name":"","is_enabled":true,"sources":["redis.severity"],"type":"status-remapper"},{"name":"Simple attribute remapper to tag target type","is_enabled":true,"sources":["db.instance"],"source_type":"tag","target":"db","target_type":"tag","preserve_source":true,"override_on_conflict":false,"type":"attribute-remapper"},{"name":"Simple attribute remapper to attribute target type","is_enabled":true,"sources":["db.instance"],"source_type":"tag","target":"db","target_type":"attribute","target_format":"string","preserve_source":true,"override_on_conflict":false,"type":"attribute-remapper"},{"name":"Parsing Stack traces","is_enabled":true,"source":"message","samples":["sample1","sample2"],"grok":{"support_rules":"date_parser %{date(\"yyyy-MM-dd HH:mm:ss,SSS\"):timestamp}","match_rules":"rule %{date(\"yyyy-MM-dd HH:mm:ss,SSS\"):timestamp}"},"type":"grok-parser"},{"name":"string builder","is_enabled":true,"template":"%{user.name} is awesome","target":"user.name","is_replace_missing":true,"type":"string-builder-processor"},{"name":"geo ip parse","is_enabled":true,"sources":["ip1","ip2"],"target":"ip.address","ip_processing_behavior":"do-nothing","type":"geo-ip-parser"},{"name":"","is_enabled":false,"source":"ip1","target":"ip.address","lookup_table":["key,value","key2,value2"],"type":"lookup-processor"},{"name":"lookup processor with optional fields","is_enabled":true,"source":"ip2","target":"ip.address","lookup_table":["key,value","key2,value2"],"default_lookup":"default","type":"lookup-processor"}]}'
    headers:
      Content-Type:
      - application/json;charset=utf-8
    status: 200 OK
    code: 200
    duration: ""
- request:
    body: ""
    form: {}
    headers:
      Accept:
      - application/json
    url: https://api.datadoghq.com/api/v1/logs/config/pipelines/jsbjFIV4QGeNuAKDI5B3Gw
    method: GET
  response:
    body: '{"id":"jsbjFIV4QGeNuAKDI5B3Gw","type":"pipeline","name":"tf-TestAccDatadogLogsPipeline_basic-local-1615587164-updated","is_enabled":false,"is_read_only":false,"filter":{"query":"source:kafka"},"processors":[{"name":"test date remapper","is_enabled":true,"sources":["verbose"],"type":"date-remapper"},{"name":"","is_enabled":true,"sources":["redis.severity"],"type":"status-remapper"},{"name":"Simple attribute remapper to tag target type","is_enabled":true,"sources":["db.instance"],"source_type":"tag","target":"db","target_type":"tag","preserve_source":true,"override_on_conflict":false,"type":"attribute-remapper"},{"name":"Simple attribute remapper to attribute target type","is_enabled":true,"sources":["db.instance"],"source_type":"tag","target":"db","target_type":"attribute","target_format":"string","preserve_source":true,"override_on_conflict":false,"type":"attribute-remapper"},{"name":"Parsing Stack traces","is_enabled":true,"source":"message","samples":["sample1","sample2"],"grok":{"support_rules":"date_parser %{date(\"yyyy-MM-dd HH:mm:ss,SSS\"):timestamp}","match_rules":"rule %{date(\"yyyy-MM-dd HH:mm:ss,SSS\"):timestamp}"},"type":"grok-parser"},{"name":"string builder","is_enabled":true,"template":"%{user.name} is awesome","target":"user.name","is_replace_missing":true,"type":"string-builder-processor"},{"name":"geo ip parse","is_enabled":true,"sources":["ip1","ip2"],"target":"ip.address","ip_processing_behavior":"do-nothing","type":"geo-ip-parser"},{"name":"","is_enabled":false,"source":"ip1","target":"ip.address","lookup_table":["key,value","key2,value2"],"type":"lookup-processor"},{"name":"lookup processor with optional fields","is_enabled":true,"source":"ip2","target":"ip.address","lookup_table":["key,value","key2,value2"],"default_lookup":"default","type":"lookup-processor"}]}'
    headers:
      Content-Type:
      - application/json;charset=utf-8
    status: 200 OK
    code: 200
    duration: ""
- request:
    body: ""
    form: {}
    headers:
      Accept:
      - application/json
    url: https://api.datadoghq.com/api/v1/logs/config/pipelines/jsbjFIV4QGeNuAKDI5B3Gw
    method: GET
  response:
    body: '{"id":"jsbjFIV4QGeNuAKDI5B3Gw","type":"pipeline","name":"tf-TestAccDatadogLogsPipeline_basic-local-1615587164-updated","is_enabled":false,"is_read_only":false,"filter":{"query":"source:kafka"},"processors":[{"name":"test date remapper","is_enabled":true,"sources":["verbose"],"type":"date-remapper"},{"name":"","is_enabled":true,"sources":["redis.severity"],"type":"status-remapper"},{"name":"Simple attribute remapper to tag target type","is_enabled":true,"sources":["db.instance"],"source_type":"tag","target":"db","target_type":"tag","preserve_source":true,"override_on_conflict":false,"type":"attribute-remapper"},{"name":"Simple attribute remapper to attribute target type","is_enabled":true,"sources":["db.instance"],"source_type":"tag","target":"db","target_type":"attribute","target_format":"string","preserve_source":true,"override_on_conflict":false,"type":"attribute-remapper"},{"name":"Parsing Stack traces","is_enabled":true,"source":"message","samples":["sample1","sample2"],"grok":{"support_rules":"date_parser %{date(\"yyyy-MM-dd HH:mm:ss,SSS\"):timestamp}","match_rules":"rule %{date(\"yyyy-MM-dd HH:mm:ss,SSS\"):timestamp}"},"type":"grok-parser"},{"name":"string builder","is_enabled":true,"template":"%{user.name} is awesome","target":"user.name","is_replace_missing":true,"type":"string-builder-processor"},{"name":"geo ip parse","is_enabled":true,"sources":["ip1","ip2"],"target":"ip.address","ip_processing_behavior":"do-nothing","type":"geo-ip-parser"},{"name":"","is_enabled":false,"source":"ip1","target":"ip.address","lookup_table":["key,value","key2,value2"],"type":"lookup-processor"},{"name":"lookup processor with optional fields","is_enabled":true,"source":"ip2","target":"ip.address","lookup_table":["key,value","key2,value2"],"default_lookup":"default","type":"lookup-processor"}]}'
    headers:
      Content-Type:
      - application/json;charset=utf-8
    status: 200 OK
    code: 200
    duration: ""
- request:
    body: ""
    form: {}
    headers:
      Accept:
      - application/json
    url: https://api.datadoghq.com/api/v1/logs/config/pipelines/jsbjFIV4QGeNuAKDI5B3Gw
    method: DELETE
  response:
    body: '{}'
    headers:
      Content-Type:
      - application/json;charset=utf-8
    status: 200 OK
    code: 200
    duration: ""
- request:
    body: ""
    form: {}
    headers:
      Accept:
      - application/json
    url: https://api.datadoghq.com/api/v1/logs/config/pipelines/jsbjFIV4QGeNuAKDI5B3Gw
    method: GET
  response:
    body: '{"error":{"code":"InvalidArgument","message":"Non existing pipeline"}}'
    headers:
      Content-Type:
      - application/json
    status: 400 Bad Request
    code: 400
    duration: ""
