---
version: 1
interactions:
- request:
    body: |
      {"description":"some updated description about foo SLO","name":"tf-TestAccDatadogSloCorrection_Updated-local-1618930806","query":{"denominator":"sum:my.metric{type:good}.as_count() + sum:my.metric{type:bad}.as_count()","numerator":"sum:my.metric{type:good}.as_count()"},"tags":["foo:bar","baz"],"thresholds":[{"target":99.5,"timeframe":"7d","warning":99.8},{"target":98,"timeframe":"30d","warning":99},{"target":99.9,"timeframe":"90d"}],"type":"metric"}
    form: {}
    headers:
      Accept:
      - application/json
      Content-Type:
      - application/json
      Dd-Operation-Id:
      - CreateSLO
      User-Agent:
      - terraform-provider-datadog/dev (terraform 2.4.4; terraform-cli 0.14.7) datadog-api-client-go/1.0.0-beta.19 (go go1.16.3; os darwin; arch amd64)
    url: https://api.datadoghq.com/api/v1/slo
    method: POST
  response:
    body: '{"data":[{"description":"some updated description about foo SLO","monitor_tags":[],"creator":{"handle":"frog@datadoghq.com","name":null,"email":"frog@datadoghq.com"},"thresholds":[{"warning":99.8,"warning_display":"99.8","target":99.5,"target_display":"99.5","timeframe":"7d"},{"warning":99.0,"warning_display":"99.","target":98.0,"target_display":"98.","timeframe":"30d"},{"target":99.9,"target_display":"99.9","timeframe":"90d"}],"type_id":1,"query":{"denominator":"sum:my.metric{type:good}.as_count() + sum:my.metric{type:bad}.as_count()","numerator":"sum:my.metric{type:good}.as_count()"},"id":"a470fdc68d2156d488769ecd51dd96a4","name":"tf-TestAccDatadogSloCorrection_Updated-local-1618930806","created_at":1618930807,"tags":["foo:bar","baz"],"modified_at":1618930807,"type":"metric"}],"error":null}'
    headers:
      Cache-Control:
      - no-cache
      Connection:
      - keep-alive
      Content-Security-Policy:
      - frame-ancestors 'self'; report-uri https://api.datadoghq.com/csp-report
      Content-Type:
      - application/json
      Date:
      - Tue, 20 Apr 2021 15:00:07 GMT
      Pragma:
      - no-cache
      Strict-Transport-Security:
      - max-age=15724800;
      Vary:
      - Accept-Encoding
      X-Content-Type-Options:
      - nosniff
      X-Dd-Version:
      - "35.4351940"
      X-Frame-Options:
      - SAMEORIGIN
      X-Ratelimit-Limit:
      - "500"
      X-Ratelimit-Period:
      - "60"
      X-Ratelimit-Remaining:
      - "499"
      X-Ratelimit-Reset:
      - "53"
    status: 200 OK
    code: 200
    duration: ""
- request:
    body: |
      {"data":{"attributes":{"category":"Scheduled Maintenance","description":"test correction on slo tf-TestAccDatadogSloCorrection_Updated-local-1618930806","end":1735718600,"slo_id":"a470fdc68d2156d488769ecd51dd96a4","start":1735707000,"timezone":"UTC"},"type":"correction"}}
    form: {}
    headers:
      Accept:
      - application/json
      Content-Type:
      - application/json
      Dd-Operation-Id:
      - CreateSLOCorrection
      User-Agent:
      - terraform-provider-datadog/dev (terraform 2.4.4; terraform-cli 0.14.7) datadog-api-client-go/1.0.0-beta.19 (go go1.16.3; os darwin; arch amd64)
    url: https://api.datadoghq.com/api/v1/slo/correction
    method: POST
  response:
    body: '{"data":{"type":"correction","id":"187ff842-a1e9-11eb-9f64-da7ad0900002","attributes":{"slo_id":"a470fdc68d2156d488769ecd51dd96a4","start":1735707000,"end":1735718600,"description":"test correction on slo tf-TestAccDatadogSloCorrection_Updated-local-1618930806","category":"Scheduled Maintenance","timezone":"UTC","creator":{"data":{"type":"users","id":"3ad549bf-eba0-11e9-a77a-0705486660d0","attributes":{"uuid":"3ad549bf-eba0-11e9-a77a-0705486660d0","handle":"frog@datadoghq.com","email":"frog@datadoghq.com","name":null,"icon":"https://secure.gravatar.com/avatar/28a16dfe36e73b60c1d55872cb0f1172?s=48&d=retro"}}}}}}'
    headers:
      Cache-Control:
      - no-cache
      Connection:
      - keep-alive
      Content-Security-Policy:
      - frame-ancestors 'self'; report-uri https://api.datadoghq.com/csp-report
      Content-Type:
      - application/json
      Date:
      - Tue, 20 Apr 2021 15:00:07 GMT
      Pragma:
      - no-cache
      Strict-Transport-Security:
      - max-age=15724800;
      Vary:
      - Accept-Encoding
      X-Content-Type-Options:
      - nosniff
      X-Dd-Version:
      - "35.4351940"
      X-Frame-Options:
      - SAMEORIGIN
      X-Ratelimit-Limit:
      - "12000"
      X-Ratelimit-Period:
      - "60"
      X-Ratelimit-Remaining:
      - "11998"
      X-Ratelimit-Reset:
      - "53"
    status: 200 OK
    code: 200
    duration: ""
- request:
    body: ""
    form: {}
    headers:
      Accept:
      - application/json
      Dd-Operation-Id:
      - GetSLOCorrection
      User-Agent:
      - terraform-provider-datadog/dev (terraform 2.4.4; terraform-cli 0.14.7) datadog-api-client-go/1.0.0-beta.19 (go go1.16.3; os darwin; arch amd64)
    url: https://api.datadoghq.com/api/v1/slo/correction/187ff842-a1e9-11eb-9f64-da7ad0900002
    method: GET
  response:
    body: '{"data":{"type":"correction","id":"187ff842-a1e9-11eb-9f64-da7ad0900002","attributes":{"slo_id":"a470fdc68d2156d488769ecd51dd96a4","start":1735707000,"end":1735718600,"description":"test correction on slo tf-TestAccDatadogSloCorrection_Updated-local-1618930806","category":"Scheduled Maintenance","timezone":"UTC","creator":{"data":{"type":"users","id":"3ad549bf-eba0-11e9-a77a-0705486660d0","attributes":{"uuid":"3ad549bf-eba0-11e9-a77a-0705486660d0","handle":"frog@datadoghq.com","email":"frog@datadoghq.com","name":null,"icon":"https://secure.gravatar.com/avatar/28a16dfe36e73b60c1d55872cb0f1172?s=48&d=retro"}}}}}}'
    headers:
      Cache-Control:
      - no-cache
      Connection:
      - keep-alive
      Content-Security-Policy:
      - frame-ancestors 'self'; report-uri https://api.datadoghq.com/csp-report
      Content-Type:
      - application/json
      Date:
      - Tue, 20 Apr 2021 15:00:07 GMT
      Pragma:
      - no-cache
      Strict-Transport-Security:
      - max-age=15724800;
      Vary:
      - Accept-Encoding
      X-Content-Type-Options:
      - nosniff
      X-Dd-Version:
      - "35.4351940"
      X-Frame-Options:
      - SAMEORIGIN
      X-Ratelimit-Limit:
      - "12000"
      X-Ratelimit-Period:
      - "60"
      X-Ratelimit-Remaining:
      - "11998"
      X-Ratelimit-Reset:
      - "53"
    status: 200 OK
    code: 200
    duration: ""
- request:
    body: ""
    form: {}
    headers:
      Accept:
      - application/json
      Dd-Operation-Id:
      - GetSLO
      User-Agent:
      - terraform-provider-datadog/dev (terraform 2.4.4; terraform-cli 0.14.7) datadog-api-client-go/1.0.0-beta.19 (go go1.16.3; os darwin; arch amd64)
    url: https://api.datadoghq.com/api/v1/slo/a470fdc68d2156d488769ecd51dd96a4
    method: GET
  response:
    body: '{"data":{"description":"some updated description about foo SLO","monitor_tags":[],"creator":{"handle":"frog@datadoghq.com","name":null,"email":"frog@datadoghq.com"},"thresholds":[{"warning":99.8,"warning_display":"99.8","target":99.5,"target_display":"99.5","timeframe":"7d"},{"warning":99.0,"warning_display":"99.","target":98.0,"target_display":"98.","timeframe":"30d"},{"target":99.9,"target_display":"99.9","timeframe":"90d"}],"type_id":1,"query":{"denominator":"sum:my.metric{type:good}.as_count() + sum:my.metric{type:bad}.as_count()","numerator":"sum:my.metric{type:good}.as_count()"},"id":"a470fdc68d2156d488769ecd51dd96a4","name":"tf-TestAccDatadogSloCorrection_Updated-local-1618930806","created_at":1618930807,"tags":["foo:bar","baz"],"modified_at":1618930807,"type":"metric"},"error":null}'
    headers:
      Cache-Control:
      - no-cache
      Connection:
      - keep-alive
      Content-Security-Policy:
      - frame-ancestors 'self'; report-uri https://api.datadoghq.com/csp-report
      Content-Type:
      - application/json
      Date:
      - Tue, 20 Apr 2021 15:00:08 GMT
      Pragma:
      - no-cache
      Strict-Transport-Security:
      - max-age=15724800;
      Vary:
      - Accept-Encoding
      X-Content-Type-Options:
      - nosniff
      X-Dd-Version:
      - "35.4351940"
      X-Frame-Options:
      - SAMEORIGIN
      X-Ratelimit-Limit:
      - "3000"
      X-Ratelimit-Period:
      - "10"
      X-Ratelimit-Remaining:
      - "2998"
      X-Ratelimit-Reset:
      - "2"
    status: 200 OK
    code: 200
    duration: ""
- request:
    body: ""
    form: {}
    headers:
      Accept:
      - application/json
      Dd-Operation-Id:
      - GetSLOCorrection
      User-Agent:
      - terraform-provider-datadog/dev (terraform 2.4.4; terraform-cli 0.14.7) datadog-api-client-go/1.0.0-beta.19 (go go1.16.3; os darwin; arch amd64)
    url: https://api.datadoghq.com/api/v1/slo/correction/187ff842-a1e9-11eb-9f64-da7ad0900002
    method: GET
  response:
    body: '{"data":{"type":"correction","id":"187ff842-a1e9-11eb-9f64-da7ad0900002","attributes":{"slo_id":"a470fdc68d2156d488769ecd51dd96a4","start":1735707000,"end":1735718600,"description":"test correction on slo tf-TestAccDatadogSloCorrection_Updated-local-1618930806","category":"Scheduled Maintenance","timezone":"UTC","creator":{"data":{"type":"users","id":"3ad549bf-eba0-11e9-a77a-0705486660d0","attributes":{"uuid":"3ad549bf-eba0-11e9-a77a-0705486660d0","handle":"frog@datadoghq.com","email":"frog@datadoghq.com","name":null,"icon":"https://secure.gravatar.com/avatar/28a16dfe36e73b60c1d55872cb0f1172?s=48&d=retro"}}}}}}'
    headers:
      Cache-Control:
      - no-cache
      Connection:
      - keep-alive
      Content-Security-Policy:
      - frame-ancestors 'self'; report-uri https://api.datadoghq.com/csp-report
      Content-Type:
      - application/json
      Date:
      - Tue, 20 Apr 2021 15:00:08 GMT
      Pragma:
      - no-cache
      Strict-Transport-Security:
      - max-age=15724800;
      Vary:
      - Accept-Encoding
      X-Content-Type-Options:
      - nosniff
      X-Dd-Version:
      - "35.4351940"
      X-Frame-Options:
      - SAMEORIGIN
      X-Ratelimit-Limit:
      - "12000"
      X-Ratelimit-Period:
      - "60"
      X-Ratelimit-Remaining:
      - "11996"
      X-Ratelimit-Reset:
      - "52"
    status: 200 OK
    code: 200
    duration: ""
- request:
    body: ""
    form: {}
    headers:
      Accept:
      - application/json
      Dd-Operation-Id:
      - GetSLO
      User-Agent:
      - terraform-provider-datadog/dev (terraform 2.4.4; terraform-cli 0.14.7) datadog-api-client-go/1.0.0-beta.19 (go go1.16.3; os darwin; arch amd64)
    url: https://api.datadoghq.com/api/v1/slo/a470fdc68d2156d488769ecd51dd96a4
    method: GET
  response:
    body: '{"data":{"description":"some updated description about foo SLO","monitor_tags":[],"creator":{"handle":"frog@datadoghq.com","name":null,"email":"frog@datadoghq.com"},"thresholds":[{"warning":99.8,"warning_display":"99.8","target":99.5,"target_display":"99.5","timeframe":"7d"},{"warning":99.0,"warning_display":"99.","target":98.0,"target_display":"98.","timeframe":"30d"},{"target":99.9,"target_display":"99.9","timeframe":"90d"}],"type_id":1,"query":{"denominator":"sum:my.metric{type:good}.as_count() + sum:my.metric{type:bad}.as_count()","numerator":"sum:my.metric{type:good}.as_count()"},"id":"a470fdc68d2156d488769ecd51dd96a4","name":"tf-TestAccDatadogSloCorrection_Updated-local-1618930806","created_at":1618930807,"tags":["foo:bar","baz"],"modified_at":1618930807,"type":"metric"},"error":null}'
    headers:
      Cache-Control:
      - no-cache
      Connection:
      - keep-alive
      Content-Security-Policy:
      - frame-ancestors 'self'; report-uri https://api.datadoghq.com/csp-report
      Content-Type:
      - application/json
      Date:
      - Tue, 20 Apr 2021 15:00:09 GMT
      Pragma:
      - no-cache
      Strict-Transport-Security:
      - max-age=15724800;
      Vary:
      - Accept-Encoding
      X-Content-Type-Options:
      - nosniff
      X-Dd-Version:
      - "35.4351940"
      X-Frame-Options:
      - SAMEORIGIN
      X-Ratelimit-Limit:
      - "3000"
      X-Ratelimit-Period:
      - "10"
      X-Ratelimit-Remaining:
      - "2997"
      X-Ratelimit-Reset:
      - "2"
    status: 200 OK
    code: 200
    duration: ""
- request:
    body: ""
    form: {}
    headers:
      Accept:
      - application/json
      Dd-Operation-Id:
      - GetSLOCorrection
      User-Agent:
      - terraform-provider-datadog/dev (terraform 2.4.4; terraform-cli 0.14.7) datadog-api-client-go/1.0.0-beta.19 (go go1.16.3; os darwin; arch amd64)
    url: https://api.datadoghq.com/api/v1/slo/correction/187ff842-a1e9-11eb-9f64-da7ad0900002
    method: GET
  response:
    body: '{"data":{"type":"correction","id":"187ff842-a1e9-11eb-9f64-da7ad0900002","attributes":{"slo_id":"a470fdc68d2156d488769ecd51dd96a4","start":1735707000,"end":1735718600,"description":"test correction on slo tf-TestAccDatadogSloCorrection_Updated-local-1618930806","category":"Scheduled Maintenance","timezone":"UTC","creator":{"data":{"type":"users","id":"3ad549bf-eba0-11e9-a77a-0705486660d0","attributes":{"uuid":"3ad549bf-eba0-11e9-a77a-0705486660d0","handle":"frog@datadoghq.com","email":"frog@datadoghq.com","name":null,"icon":"https://secure.gravatar.com/avatar/28a16dfe36e73b60c1d55872cb0f1172?s=48&d=retro"}}}}}}'
    headers:
      Cache-Control:
      - no-cache
      Connection:
      - keep-alive
      Content-Security-Policy:
      - frame-ancestors 'self'; report-uri https://api.datadoghq.com/csp-report
      Content-Type:
      - application/json
      Date:
      - Tue, 20 Apr 2021 15:00:09 GMT
      Pragma:
      - no-cache
      Strict-Transport-Security:
      - max-age=15724800;
      Vary:
      - Accept-Encoding
      X-Content-Type-Options:
      - nosniff
      X-Dd-Version:
      - "35.4351940"
      X-Frame-Options:
      - SAMEORIGIN
      X-Ratelimit-Limit:
      - "12000"
      X-Ratelimit-Period:
      - "60"
      X-Ratelimit-Remaining:
      - "11995"
      X-Ratelimit-Reset:
      - "51"
    status: 200 OK
    code: 200
    duration: ""
- request:
    body: |
      {"data":{"attributes":{"category":"Deployment","description":"updated test correction - tf-TestAccDatadogSloCorrection_Updated-local-1618930806","end":1735718000,"start":1735707600,"timezone":"Africa/Lagos"},"type":"correction"}}
    form: {}
    headers:
      Accept:
      - application/json
      Content-Type:
      - application/json
      Dd-Operation-Id:
      - UpdateSLOCorrection
      User-Agent:
      - terraform-provider-datadog/dev (terraform 2.4.4; terraform-cli 0.14.7) datadog-api-client-go/1.0.0-beta.19 (go go1.16.3; os darwin; arch amd64)
    url: https://api.datadoghq.com/api/v1/slo/correction/187ff842-a1e9-11eb-9f64-da7ad0900002
    method: PATCH
  response:
    body: '{"data":{"type":"correction","id":"187ff842-a1e9-11eb-9f64-da7ad0900002","attributes":{"slo_id":"a470fdc68d2156d488769ecd51dd96a4","start":1735707600,"end":1735718000,"description":"updated test correction - tf-TestAccDatadogSloCorrection_Updated-local-1618930806","category":"Deployment","timezone":"Africa/Lagos","creator":{"data":{"type":"users","id":"3ad549bf-eba0-11e9-a77a-0705486660d0","attributes":{"uuid":"3ad549bf-eba0-11e9-a77a-0705486660d0","handle":"frog@datadoghq.com","email":"frog@datadoghq.com","name":null,"icon":"https://secure.gravatar.com/avatar/28a16dfe36e73b60c1d55872cb0f1172?s=48&d=retro"}}}}}}'
    headers:
      Cache-Control:
      - no-cache
      Connection:
      - keep-alive
      Content-Security-Policy:
      - frame-ancestors 'self'; report-uri https://api.datadoghq.com/csp-report
      Content-Type:
      - application/json
      Date:
      - Tue, 20 Apr 2021 15:00:09 GMT
      Pragma:
      - no-cache
      Strict-Transport-Security:
      - max-age=15724800;
      Vary:
      - Accept-Encoding
      X-Content-Type-Options:
      - nosniff
      X-Dd-Version:
      - "35.4351940"
      X-Frame-Options:
      - SAMEORIGIN
      X-Ratelimit-Limit:
      - "12000"
      X-Ratelimit-Period:
      - "60"
      X-Ratelimit-Remaining:
      - "11999"
      X-Ratelimit-Reset:
      - "51"
    status: 200 OK
    code: 200
    duration: ""
- request:
    body: ""
    form: {}
    headers:
      Accept:
      - application/json
      Dd-Operation-Id:
      - GetSLOCorrection
      User-Agent:
      - terraform-provider-datadog/dev (terraform 2.4.4; terraform-cli 0.14.7) datadog-api-client-go/1.0.0-beta.19 (go go1.16.3; os darwin; arch amd64)
    url: https://api.datadoghq.com/api/v1/slo/correction/187ff842-a1e9-11eb-9f64-da7ad0900002
    method: GET
  response:
    body: '{"data":{"type":"correction","id":"187ff842-a1e9-11eb-9f64-da7ad0900002","attributes":{"slo_id":"a470fdc68d2156d488769ecd51dd96a4","start":1735707600,"end":1735718000,"description":"updated test correction - tf-TestAccDatadogSloCorrection_Updated-local-1618930806","category":"Deployment","timezone":"Africa/Lagos","creator":{"data":{"type":"users","id":"3ad549bf-eba0-11e9-a77a-0705486660d0","attributes":{"uuid":"3ad549bf-eba0-11e9-a77a-0705486660d0","handle":"frog@datadoghq.com","email":"frog@datadoghq.com","name":null,"icon":"https://secure.gravatar.com/avatar/28a16dfe36e73b60c1d55872cb0f1172?s=48&d=retro"}}}}}}'
    headers:
      Cache-Control:
      - no-cache
      Connection:
      - keep-alive
      Content-Security-Policy:
      - frame-ancestors 'self'; report-uri https://api.datadoghq.com/csp-report
      Content-Type:
      - application/json
      Date:
      - Tue, 20 Apr 2021 15:00:09 GMT
      Pragma:
      - no-cache
      Strict-Transport-Security:
      - max-age=15724800;
      Vary:
      - Accept-Encoding
      X-Content-Type-Options:
      - nosniff
      X-Dd-Version:
      - "35.4351940"
      X-Frame-Options:
      - SAMEORIGIN
      X-Ratelimit-Limit:
      - "12000"
      X-Ratelimit-Period:
      - "60"
      X-Ratelimit-Remaining:
      - "11993"
      X-Ratelimit-Reset:
      - "51"
    status: 200 OK
    code: 200
    duration: ""
- request:
    body: ""
    form: {}
    headers:
      Accept:
      - application/json
      Dd-Operation-Id:
      - GetSLO
      User-Agent:
      - terraform-provider-datadog/dev (terraform 2.4.4; terraform-cli 0.14.7) datadog-api-client-go/1.0.0-beta.19 (go go1.16.3; os darwin; arch amd64)
    url: https://api.datadoghq.com/api/v1/slo/a470fdc68d2156d488769ecd51dd96a4
    method: GET
  response:
    body: '{"data":{"description":"some updated description about foo SLO","monitor_tags":[],"creator":{"handle":"frog@datadoghq.com","name":null,"email":"frog@datadoghq.com"},"thresholds":[{"warning":99.8,"warning_display":"99.8","target":99.5,"target_display":"99.5","timeframe":"7d"},{"warning":99.0,"warning_display":"99.","target":98.0,"target_display":"98.","timeframe":"30d"},{"target":99.9,"target_display":"99.9","timeframe":"90d"}],"type_id":1,"query":{"denominator":"sum:my.metric{type:good}.as_count() + sum:my.metric{type:bad}.as_count()","numerator":"sum:my.metric{type:good}.as_count()"},"id":"a470fdc68d2156d488769ecd51dd96a4","name":"tf-TestAccDatadogSloCorrection_Updated-local-1618930806","created_at":1618930807,"tags":["foo:bar","baz"],"modified_at":1618930807,"type":"metric"},"error":null}'
    headers:
      Cache-Control:
      - no-cache
      Connection:
      - keep-alive
      Content-Security-Policy:
      - frame-ancestors 'self'; report-uri https://api.datadoghq.com/csp-report
      Content-Type:
      - application/json
      Date:
      - Tue, 20 Apr 2021 15:00:10 GMT
      Pragma:
      - no-cache
      Strict-Transport-Security:
      - max-age=15724800;
      Vary:
      - Accept-Encoding
      X-Content-Type-Options:
      - nosniff
      X-Dd-Version:
      - "35.4351940"
      X-Frame-Options:
      - SAMEORIGIN
      X-Ratelimit-Limit:
      - "3000"
      X-Ratelimit-Period:
      - "10"
      X-Ratelimit-Remaining:
      - "2999"
      X-Ratelimit-Reset:
      - "10"
    status: 200 OK
    code: 200
    duration: ""
- request:
    body: ""
    form: {}
    headers:
      Accept:
      - application/json
      Dd-Operation-Id:
      - GetSLOCorrection
      User-Agent:
      - terraform-provider-datadog/dev (terraform 2.4.4; terraform-cli 0.14.7) datadog-api-client-go/1.0.0-beta.19 (go go1.16.3; os darwin; arch amd64)
    url: https://api.datadoghq.com/api/v1/slo/correction/187ff842-a1e9-11eb-9f64-da7ad0900002
    method: GET
  response:
    body: '{"data":{"type":"correction","id":"187ff842-a1e9-11eb-9f64-da7ad0900002","attributes":{"slo_id":"a470fdc68d2156d488769ecd51dd96a4","start":1735707600,"end":1735718000,"description":"updated test correction - tf-TestAccDatadogSloCorrection_Updated-local-1618930806","category":"Deployment","timezone":"Africa/Lagos","creator":{"data":{"type":"users","id":"3ad549bf-eba0-11e9-a77a-0705486660d0","attributes":{"uuid":"3ad549bf-eba0-11e9-a77a-0705486660d0","handle":"frog@datadoghq.com","email":"frog@datadoghq.com","name":null,"icon":"https://secure.gravatar.com/avatar/28a16dfe36e73b60c1d55872cb0f1172?s=48&d=retro"}}}}}}'
    headers:
      Cache-Control:
      - no-cache
      Connection:
      - keep-alive
      Content-Security-Policy:
      - frame-ancestors 'self'; report-uri https://api.datadoghq.com/csp-report
      Content-Type:
      - application/json
      Date:
      - Tue, 20 Apr 2021 15:00:10 GMT
      Pragma:
      - no-cache
      Strict-Transport-Security:
      - max-age=15724800;
      Vary:
      - Accept-Encoding
      X-Content-Type-Options:
      - nosniff
      X-Dd-Version:
      - "35.4351940"
      X-Frame-Options:
      - SAMEORIGIN
      X-Ratelimit-Limit:
      - "12000"
      X-Ratelimit-Period:
      - "60"
      X-Ratelimit-Remaining:
      - "11992"
      X-Ratelimit-Reset:
      - "50"
    status: 200 OK
    code: 200
    duration: ""
- request:
    body: ""
    form: {}
    headers:
      Accept:
      - application/json
      Dd-Operation-Id:
      - DeleteSLOCorrection
      User-Agent:
      - terraform-provider-datadog/dev (terraform 2.4.4; terraform-cli 0.14.7) datadog-api-client-go/1.0.0-beta.19 (go go1.16.3; os darwin; arch amd64)
    url: https://api.datadoghq.com/api/v1/slo/correction/187ff842-a1e9-11eb-9f64-da7ad0900002
    method: DELETE
  response:
    body: ""
    headers:
      Cache-Control:
      - no-cache
      Connection:
      - keep-alive
      Content-Length:
      - "0"
      Content-Security-Policy:
      - frame-ancestors 'self'; report-uri https://api.datadoghq.com/csp-report
      Content-Type:
      - application/json
      Date:
      - Tue, 20 Apr 2021 15:00:10 GMT
      Pragma:
      - no-cache
      Strict-Transport-Security:
      - max-age=15724800;
      X-Content-Type-Options:
      - nosniff
      X-Dd-Version:
      - "35.4351940"
      X-Frame-Options:
      - SAMEORIGIN
      X-Ratelimit-Limit:
      - "12000"
      X-Ratelimit-Period:
      - "60"
      X-Ratelimit-Remaining:
      - "11998"
      X-Ratelimit-Reset:
      - "50"
    status: 204 No Content
    code: 204
    duration: ""
- request:
    body: ""
    form: {}
    headers:
      Accept:
      - application/json
      Dd-Operation-Id:
      - DeleteSLO
      User-Agent:
      - terraform-provider-datadog/dev (terraform 2.4.4; terraform-cli 0.14.7) datadog-api-client-go/1.0.0-beta.19 (go go1.16.3; os darwin; arch amd64)
    url: https://api.datadoghq.com/api/v1/slo/a470fdc68d2156d488769ecd51dd96a4
    method: DELETE
  response:
    body: '{"data":["a470fdc68d2156d488769ecd51dd96a4"],"error":null}'
    headers:
      Cache-Control:
      - no-cache
      Connection:
      - keep-alive
      Content-Security-Policy:
      - frame-ancestors 'self'; report-uri https://api.datadoghq.com/csp-report
      Content-Type:
      - application/json
      Date:
      - Tue, 20 Apr 2021 15:00:10 GMT
      Pragma:
      - no-cache
      Strict-Transport-Security:
      - max-age=15724800;
      Vary:
      - Accept-Encoding
      X-Content-Type-Options:
      - nosniff
      X-Dd-Version:
      - "35.4351940"
      X-Frame-Options:
      - SAMEORIGIN
      X-Ratelimit-Limit:
      - "3000"
      X-Ratelimit-Period:
      - "10"
      X-Ratelimit-Remaining:
      - "2999"
      X-Ratelimit-Reset:
      - "10"
    status: 200 OK
    code: 200
    duration: ""
- request:
    body: ""
    form: {}
    headers:
      Accept:
      - application/json
      Dd-Operation-Id:
      - GetSLOCorrection
      User-Agent:
      - terraform-provider-datadog/dev (terraform 2.4.4; terraform-cli 0.14.7) datadog-api-client-go/1.0.0-beta.19 (go go1.16.3; os darwin; arch amd64)
    url: https://api.datadoghq.com/api/v1/slo/correction/187ff842-a1e9-11eb-9f64-da7ad0900002
    method: GET
  response:
    body: '{"errors": ["slo correction public id 187ff842-a1e9-11eb-9f64-da7ad0900002 not found"]}'
    headers:
      Cache-Control:
      - no-cache
      Connection:
      - keep-alive
      Content-Security-Policy:
      - frame-ancestors 'self'; report-uri https://api.datadoghq.com/csp-report
      Content-Type:
      - application/json
      Date:
      - Tue, 20 Apr 2021 15:00:11 GMT
      Pragma:
      - no-cache
      Strict-Transport-Security:
      - max-age=15724800;
      Vary:
      - Accept-Encoding
      X-Content-Type-Options:
      - nosniff
      X-Dd-Version:
      - "35.4351940"
      X-Frame-Options:
      - SAMEORIGIN
      X-Ratelimit-Limit:
      - "12000"
      X-Ratelimit-Period:
      - "60"
      X-Ratelimit-Remaining:
      - "11991"
      X-Ratelimit-Reset:
      - "49"
    status: 404 Not Found
    code: 404
    duration: ""
