---
version: 1
interactions:
- request:
    body: |
      {"description":"Created using the Datadog provider in Terraform","id":"","is_read_only":true,"layout_type":"ordered","notify_list":[],"template_variable_presets":[],"template_variables":[],"title":"tf-TestAccDatadogDashboardTopListFormula-local-1618593909","widgets":[{"definition":{"requests":[{"formulas":[{"formula":"query1 + query2","limit":{"count":10,"order":"asc"}}],"queries":[{"aggregator":"sum","data_source":"metrics","name":"query1","query":"avg:system.cpu.system{*} by {datacenter}"},{"aggregator":"sum","data_source":"metrics","name":"query2","query":"avg:system.load.1{*} by {datacenter}"}],"response_format":"scalar"}],"type":"toplist"}},{"definition":{"requests":[{"formulas":[{"formula":"query1","limit":{"count":25,"order":"desc"}}],"queries":[{"compute":{"aggregation":"count"},"data_source":"rum","indexes":["*"],"name":"query1","search":{"query":"abc"}}],"response_format":"scalar"}],"type":"toplist"}}]}
    form: {}
    headers:
      Accept:
      - application/json
      Content-Type:
      - application/json
      Dd-Operation-Id:
      - CreateDashboard
      User-Agent:
      - terraform-provider-datadog/dev (terraform 1.16.0; terraform-cli 0.12.7-sdk) datadog-api-client-go/1.0.0-beta.19+dev (go go1.15.6; os darwin; arch amd64)
    url: https://api.datadoghq.com/api/v1/dashboard
    method: POST
  response:
    body: '{"notify_list":[],"description":"Created using the Datadog provider in Terraform","author_name":null,"template_variable_presets":[],"template_variables":[],"is_read_only":true,"id":"n2x-25q-def","title":"tf-TestAccDatadogDashboardTopListFormula-local-1618593909","url":"/dashboard/n2x-25q-def/tf-testaccdatadogdashboardtoplistformula-local-1618593909","created_at":"2021-04-16T17:25:10.178675+00:00","modified_at":"2021-04-16T17:25:10.178675+00:00","author_handle":"frog@datadoghq.com","widgets":[{"definition":{"requests":[{"formulas":[{"formula":"query1 + query2","limit":{"count":10,"order":"asc"}}],"response_format":"scalar","queries":[{"aggregator":"sum","data_source":"metrics","name":"query1","query":"avg:system.cpu.system{*} by {datacenter}"},{"aggregator":"sum","data_source":"metrics","name":"query2","query":"avg:system.load.1{*} by {datacenter}"}]}],"type":"toplist"},"id":7631037175834849},{"definition":{"requests":[{"formulas":[{"formula":"query1","limit":{"count":25,"order":"desc"}}],"response_format":"scalar","queries":[{"search":{"query":"abc"},"data_source":"rum","compute":{"aggregation":"count"},"name":"query1","indexes":["*"]}]}],"type":"toplist"},"id":6558674061820933}],"layout_type":"ordered"}'
    headers:
      Cache-Control:
      - no-cache
      Connection:
      - keep-alive
      Content-Security-Policy:
      - frame-ancestors 'self'; report-uri https://api.datadoghq.com/csp-report
      Content-Type:
      - application/json
      Date:
      - Fri, 16 Apr 2021 17:25:14 GMT
      Pragma:
      - no-cache
      Strict-Transport-Security:
      - max-age=15724800;
      Vary:
      - Accept-Encoding
      X-Content-Type-Options:
      - nosniff
      X-Dd-Debug:
      - Wjq53IVIwnB4SiR238oOYgHFMq/ZYP0LQ/Dv8C2fFLBwTje/dWJHu6pI6vIOK1zG
      X-Dd-Version:
      - "35.4330587"
      X-Frame-Options:
      - SAMEORIGIN
    status: 200 OK
    code: 200
    duration: ""
- request:
    body: ""
    form: {}
    headers:
      Accept:
      - application/json
      Dd-Operation-Id:
      - GetDashboard
      User-Agent:
      - terraform-provider-datadog/dev (terraform 1.16.0; terraform-cli 0.12.7-sdk) datadog-api-client-go/1.0.0-beta.19+dev (go go1.15.6; os darwin; arch amd64)
    url: https://api.datadoghq.com/api/v1/dashboard/n2x-25q-def
    method: GET
  response:
    body: '{"notify_list":[],"description":"Created using the Datadog provider in Terraform","author_name":null,"template_variable_presets":[],"template_variables":[],"is_read_only":true,"id":"n2x-25q-def","title":"tf-TestAccDatadogDashboardTopListFormula-local-1618593909","url":"/dashboard/n2x-25q-def/tf-testaccdatadogdashboardtoplistformula-local-1618593909","created_at":"2021-04-16T17:25:10.178675+00:00","modified_at":"2021-04-16T17:25:10.178675+00:00","author_handle":"frog@datadoghq.com","widgets":[{"definition":{"requests":[{"formulas":[{"formula":"query1 + query2","limit":{"count":10,"order":"asc"}}],"response_format":"scalar","queries":[{"aggregator":"sum","data_source":"metrics","name":"query1","query":"avg:system.cpu.system{*} by {datacenter}"},{"aggregator":"sum","data_source":"metrics","name":"query2","query":"avg:system.load.1{*} by {datacenter}"}]}],"type":"toplist"},"id":7631037175834849},{"definition":{"requests":[{"formulas":[{"formula":"query1","limit":{"count":25,"order":"desc"}}],"response_format":"scalar","queries":[{"search":{"query":"abc"},"data_source":"rum","compute":{"aggregation":"count"},"name":"query1","indexes":["*"]}]}],"type":"toplist"},"id":6558674061820933}],"layout_type":"ordered"}'
    headers:
      Cache-Control:
      - no-cache
      Connection:
      - keep-alive
      Content-Security-Policy:
      - frame-ancestors 'self'; report-uri https://api.datadoghq.com/csp-report
      Content-Type:
      - application/json
      Date:
      - Fri, 16 Apr 2021 17:25:14 GMT
      Pragma:
      - no-cache
      Strict-Transport-Security:
      - max-age=15724800;
      Vary:
      - Accept-Encoding
      X-Content-Type-Options:
      - nosniff
      X-Dd-Debug:
      - 25u1gDlL724DHllbjFT4BhOLorBTilh+aah2uWAUEjFC/+rjczJdiyWrV/HwLwe/
      X-Dd-Version:
      - "35.4330587"
      X-Frame-Options:
      - SAMEORIGIN
    status: 200 OK
    code: 200
    duration: ""
- request:
    body: ""
    form: {}
    headers:
      Accept:
      - application/json
      Dd-Operation-Id:
      - GetDashboard
      User-Agent:
      - terraform-provider-datadog/dev (terraform 1.16.0; terraform-cli 0.12.7-sdk) datadog-api-client-go/1.0.0-beta.19+dev (go go1.15.6; os darwin; arch amd64)
    url: https://api.datadoghq.com/api/v1/dashboard/n2x-25q-def
    method: GET
  response:
    body: '{"notify_list":[],"description":"Created using the Datadog provider in Terraform","author_name":null,"template_variable_presets":[],"template_variables":[],"is_read_only":true,"id":"n2x-25q-def","title":"tf-TestAccDatadogDashboardTopListFormula-local-1618593909","url":"/dashboard/n2x-25q-def/tf-testaccdatadogdashboardtoplistformula-local-1618593909","created_at":"2021-04-16T17:25:10.178675+00:00","modified_at":"2021-04-16T17:25:10.178675+00:00","author_handle":"frog@datadoghq.com","widgets":[{"definition":{"requests":[{"formulas":[{"formula":"query1 + query2","limit":{"count":10,"order":"asc"}}],"response_format":"scalar","queries":[{"aggregator":"sum","data_source":"metrics","name":"query1","query":"avg:system.cpu.system{*} by {datacenter}"},{"aggregator":"sum","data_source":"metrics","name":"query2","query":"avg:system.load.1{*} by {datacenter}"}]}],"type":"toplist"},"id":7631037175834849},{"definition":{"requests":[{"formulas":[{"formula":"query1","limit":{"count":25,"order":"desc"}}],"response_format":"scalar","queries":[{"search":{"query":"abc"},"data_source":"rum","compute":{"aggregation":"count"},"name":"query1","indexes":["*"]}]}],"type":"toplist"},"id":6558674061820933}],"layout_type":"ordered"}'
    headers:
      Cache-Control:
      - no-cache
      Connection:
      - keep-alive
      Content-Security-Policy:
      - frame-ancestors 'self'; report-uri https://api.datadoghq.com/csp-report
      Content-Type:
      - application/json
      Date:
      - Fri, 16 Apr 2021 17:25:14 GMT
      Pragma:
      - no-cache
      Strict-Transport-Security:
      - max-age=15724800;
      Vary:
      - Accept-Encoding
      X-Content-Type-Options:
      - nosniff
      X-Dd-Debug:
      - twvpGlmuom5y6A0pjGtXzTf554cmwJgTcCZ71fK4H/RDi+v5ehBK0zQiRcTJQG5C
      X-Dd-Version:
      - "35.4330587"
      X-Frame-Options:
      - SAMEORIGIN
    status: 200 OK
    code: 200
    duration: ""
- request:
    body: ""
    form: {}
    headers:
      Accept:
      - application/json
      Dd-Operation-Id:
      - GetDashboard
      User-Agent:
      - terraform-provider-datadog/dev (terraform 1.16.0; terraform-cli 0.12.7-sdk) datadog-api-client-go/1.0.0-beta.19+dev (go go1.15.6; os darwin; arch amd64)
    url: https://api.datadoghq.com/api/v1/dashboard/n2x-25q-def
    method: GET
  response:
    body: '{"notify_list":[],"description":"Created using the Datadog provider in Terraform","author_name":null,"template_variable_presets":[],"template_variables":[],"is_read_only":true,"id":"n2x-25q-def","title":"tf-TestAccDatadogDashboardTopListFormula-local-1618593909","url":"/dashboard/n2x-25q-def/tf-testaccdatadogdashboardtoplistformula-local-1618593909","created_at":"2021-04-16T17:25:10.178675+00:00","modified_at":"2021-04-16T17:25:10.178675+00:00","author_handle":"frog@datadoghq.com","widgets":[{"definition":{"requests":[{"formulas":[{"formula":"query1 + query2","limit":{"count":10,"order":"asc"}}],"response_format":"scalar","queries":[{"aggregator":"sum","data_source":"metrics","name":"query1","query":"avg:system.cpu.system{*} by {datacenter}"},{"aggregator":"sum","data_source":"metrics","name":"query2","query":"avg:system.load.1{*} by {datacenter}"}]}],"type":"toplist"},"id":7631037175834849},{"definition":{"requests":[{"formulas":[{"formula":"query1","limit":{"count":25,"order":"desc"}}],"response_format":"scalar","queries":[{"search":{"query":"abc"},"data_source":"rum","compute":{"aggregation":"count"},"name":"query1","indexes":["*"]}]}],"type":"toplist"},"id":6558674061820933}],"layout_type":"ordered"}'
    headers:
      Cache-Control:
      - no-cache
      Connection:
      - keep-alive
      Content-Security-Policy:
      - frame-ancestors 'self'; report-uri https://api.datadoghq.com/csp-report
      Content-Type:
      - application/json
      Date:
      - Fri, 16 Apr 2021 17:25:14 GMT
      Pragma:
      - no-cache
      Strict-Transport-Security:
      - max-age=15724800;
      Vary:
      - Accept-Encoding
      X-Content-Type-Options:
      - nosniff
      X-Dd-Debug:
      - B1nwy/pPNqX+q4pQT22cdp1QCexE35IF8qwSHy0Nf7IW0Y881qtn4tXN1lpmzaKc
      X-Dd-Version:
      - "35.4330587"
      X-Frame-Options:
      - SAMEORIGIN
    status: 200 OK
    code: 200
    duration: ""
- request:
    body: ""
    form: {}
    headers:
      Accept:
      - application/json
      Dd-Operation-Id:
      - GetDashboard
      User-Agent:
      - terraform-provider-datadog/dev (terraform 1.16.0; terraform-cli 0.12.7-sdk) datadog-api-client-go/1.0.0-beta.19+dev (go go1.15.6; os darwin; arch amd64)
    url: https://api.datadoghq.com/api/v1/dashboard/n2x-25q-def
    method: GET
  response:
    body: '{"notify_list":[],"description":"Created using the Datadog provider in Terraform","author_name":null,"template_variable_presets":[],"template_variables":[],"is_read_only":true,"id":"n2x-25q-def","title":"tf-TestAccDatadogDashboardTopListFormula-local-1618593909","url":"/dashboard/n2x-25q-def/tf-testaccdatadogdashboardtoplistformula-local-1618593909","created_at":"2021-04-16T17:25:10.178675+00:00","modified_at":"2021-04-16T17:25:10.178675+00:00","author_handle":"frog@datadoghq.com","widgets":[{"definition":{"requests":[{"formulas":[{"formula":"query1 + query2","limit":{"count":10,"order":"asc"}}],"response_format":"scalar","queries":[{"aggregator":"sum","data_source":"metrics","name":"query1","query":"avg:system.cpu.system{*} by {datacenter}"},{"aggregator":"sum","data_source":"metrics","name":"query2","query":"avg:system.load.1{*} by {datacenter}"}]}],"type":"toplist"},"id":7631037175834849},{"definition":{"requests":[{"formulas":[{"formula":"query1","limit":{"count":25,"order":"desc"}}],"response_format":"scalar","queries":[{"search":{"query":"abc"},"data_source":"rum","compute":{"aggregation":"count"},"name":"query1","indexes":["*"]}]}],"type":"toplist"},"id":6558674061820933}],"layout_type":"ordered"}'
    headers:
      Cache-Control:
      - no-cache
      Connection:
      - keep-alive
      Content-Security-Policy:
      - frame-ancestors 'self'; report-uri https://api.datadoghq.com/csp-report
      Content-Type:
      - application/json
      Date:
      - Fri, 16 Apr 2021 17:25:15 GMT
      Pragma:
      - no-cache
      Strict-Transport-Security:
      - max-age=15724800;
      Vary:
      - Accept-Encoding
      X-Content-Type-Options:
      - nosniff
      X-Dd-Debug:
      - twvpGlmuom5y6A0pjGtXzTf554cmwJgTcCZ71fK4H/RDi+v5ehBK0zQiRcTJQG5C
      X-Dd-Version:
      - "35.4330587"
      X-Frame-Options:
      - SAMEORIGIN
    status: 200 OK
    code: 200
    duration: ""
- request:
    body: ""
    form: {}
    headers:
      Accept:
      - application/json
      Dd-Operation-Id:
      - DeleteDashboard
      User-Agent:
      - terraform-provider-datadog/dev (terraform 1.16.0; terraform-cli 0.12.7-sdk) datadog-api-client-go/1.0.0-beta.19+dev (go go1.15.6; os darwin; arch amd64)
    url: https://api.datadoghq.com/api/v1/dashboard/n2x-25q-def
    method: DELETE
  response:
    body: '{"deleted_dashboard_id":"n2x-25q-def"}'
    headers:
      Cache-Control:
      - no-cache
      Connection:
      - keep-alive
      Content-Security-Policy:
      - frame-ancestors 'self'; report-uri https://api.datadoghq.com/csp-report
      Content-Type:
      - application/json
      Date:
      - Fri, 16 Apr 2021 17:25:15 GMT
      Pragma:
      - no-cache
      Strict-Transport-Security:
      - max-age=15724800;
      Vary:
      - Accept-Encoding
      X-Content-Type-Options:
      - nosniff
      X-Dd-Debug:
      - HbtaOKlJ6OCrx9tMXO6ivMTrEM+g0c93HDp08trmOmgdHozC5J+vn10F0H4WPjCU
      X-Dd-Version:
      - "35.4330587"
      X-Frame-Options:
      - SAMEORIGIN
    status: 200 OK
    code: 200
    duration: ""
- request:
    body: ""
    form: {}
    headers:
      Accept:
      - application/json
      Dd-Operation-Id:
      - GetDashboard
      User-Agent:
      - terraform-provider-datadog/dev (terraform 1.16.0; terraform-cli 0.12.7-sdk) datadog-api-client-go/1.0.0-beta.19+dev (go go1.15.6; os darwin; arch amd64)
    url: https://api.datadoghq.com/api/v1/dashboard/n2x-25q-def
    method: GET
  response:
    body: '{"errors": ["Dashboard with ID n2x-25q-def not found"]}'
    headers:
      Cache-Control:
      - no-cache
      Connection:
      - keep-alive
      Content-Security-Policy:
      - frame-ancestors 'self'; report-uri https://api.datadoghq.com/csp-report
      Content-Type:
      - application/json
      Date:
      - Fri, 16 Apr 2021 17:25:15 GMT
      Pragma:
      - no-cache
      Strict-Transport-Security:
      - max-age=15724800;
      Vary:
      - Accept-Encoding
      X-Content-Type-Options:
      - nosniff
      X-Dd-Version:
      - "35.4330587"
      X-Frame-Options:
      - SAMEORIGIN
    status: 404 Not Found
    code: 404
    duration: ""
