---
version: 1
interactions:
- request:
    body: |
      {
          "name": "tf-TestAccDatadogMonitorJSONBasic-local-1657026803",
          "type": "service check",
          "query": "\"ntp.in_sync\".by(\"*\").last(2).count_by_status()",
          "message": "Change the message triggers if any host's clock goes out of sync with the time given by NTP. The offset threshold is configured in the Agent's 'ntp.yaml' file.\n\nSee [Troubleshooting NTP Offset issues](https://docs.datadoghq.com/agent/troubleshooting/ntp for more details on cause and resolution.",
          "tags": [],
          "multi": true,
          "options": {
              "include_tags": true,
              "locked": false,
              "new_host_delay": 150,
              "notify_audit": false,
              "notify_no_data": false,
              "thresholds": {
                  "warning": 1,
                  "ok": 1,
                  "critical": 1
              }
          },
          "priority": null,
          "classification": "custom"
      }
    form: {}
    headers:
      Content-Type:
      - application/json
    url: https://api.datadoghq.com/api/v1/monitor
    method: POST
  response:
    body: '{"restricted_roles":null,"tags":[],"deleted":null,"query":"\"ntp.in_sync\".by(\"*\").last(2).count_by_status()","message":"Change the message triggers if any host''s clock goes out of sync with the time given by NTP. The offset threshold is configured in the Agent''s ''ntp.yaml'' file.\n\nSee [Troubleshooting NTP Offset issues](https://docs.datadoghq.com/agent/troubleshooting/ntp for more details on cause and resolution.","id":75989578,"multi":true,"name":"tf-TestAccDatadogMonitorJSONBasic-local-1657026803","created":"2022-07-05T13:13:25.978475+00:00","created_at":1657026805000,"creator":{"id":1445416,"handle":"frog@datadoghq.com","name":null,"email":"frog@datadoghq.com"},"org_id":321813,"modified":"2022-07-05T13:13:25.978475+00:00","priority":null,"overall_state_modified":null,"overall_state":"No Data","type":"service check","options":{"notify_audit":false,"locked":false,"silenced":{},"include_tags":true,"thresholds":{"warning":1,"ok":1,"critical":1},"new_host_delay":150,"notify_no_data":false}}'
    headers:
      Content-Type:
      - application/json
    status: 200 OK
    code: 200
    duration: ""
- request:
    body: ""
    form: {}
    headers:
      Content-Type:
      - application/json
    url: https://api.datadoghq.com/api/v1/monitor/75989578
    method: GET
  response:
    body: '{"restricted_roles":null,"tags":[],"deleted":null,"query":"\"ntp.in_sync\".by(\"*\").last(2).count_by_status()","message":"Change the message triggers if any host''s clock goes out of sync with the time given by NTP. The offset threshold is configured in the Agent''s ''ntp.yaml'' file.\n\nSee [Troubleshooting NTP Offset issues](https://docs.datadoghq.com/agent/troubleshooting/ntp for more details on cause and resolution.","id":75989578,"multi":true,"name":"tf-TestAccDatadogMonitorJSONBasic-local-1657026803","created":"2022-07-05T13:13:25.978475+00:00","created_at":1657026805000,"creator":{"id":1445416,"handle":"frog@datadoghq.com","name":null,"email":"frog@datadoghq.com"},"org_id":321813,"modified":"2022-07-05T13:13:25.978475+00:00","priority":null,"overall_state_modified":null,"overall_state":"No Data","type":"service check","options":{"notify_audit":false,"locked":false,"silenced":{},"include_tags":true,"thresholds":{"warning":1,"ok":1,"critical":1},"new_host_delay":150,"notify_no_data":false}}'
    headers:
      Content-Type:
      - application/json
    status: 200 OK
    code: 200
    duration: ""
- request:
    body: ""
    form: {}
    headers:
      Content-Type:
      - application/json
    url: https://api.datadoghq.com/api/v1/monitor/75989578
    method: GET
  response:
    body: '{"restricted_roles":null,"tags":[],"deleted":null,"query":"\"ntp.in_sync\".by(\"*\").last(2).count_by_status()","message":"Change the message triggers if any host''s clock goes out of sync with the time given by NTP. The offset threshold is configured in the Agent''s ''ntp.yaml'' file.\n\nSee [Troubleshooting NTP Offset issues](https://docs.datadoghq.com/agent/troubleshooting/ntp for more details on cause and resolution.","id":75989578,"multi":true,"name":"tf-TestAccDatadogMonitorJSONBasic-local-1657026803","created":"2022-07-05T13:13:25.978475+00:00","created_at":1657026805000,"creator":{"id":1445416,"handle":"frog@datadoghq.com","name":null,"email":"frog@datadoghq.com"},"org_id":321813,"modified":"2022-07-05T13:13:25.978475+00:00","priority":null,"overall_state_modified":null,"overall_state":"No Data","type":"service check","options":{"notify_audit":false,"locked":false,"silenced":{},"include_tags":true,"thresholds":{"warning":1,"ok":1,"critical":1},"new_host_delay":150,"notify_no_data":false}}'
    headers:
      Content-Type:
      - application/json
    status: 200 OK
    code: 200
    duration: ""
- request:
    body: |
      {
          "name": "tf-TestAccDatadogMonitorJSONBasic-local-1657026803-updated",
          "type": "service check",
          "query": "\"ntp.in_sync\".by(\"*\").last(2).count_by_status()",
          "message": "Change the message triggers if any host's clock goes out of sync with the time given by NTP. The offset threshold is configured in the Agent's 'ntp.yaml' file.\n\nSee [Troubleshooting NTP Offset issues](https://docs.datadoghq.com/agent/troubleshooting/ntp for more details on cause and resolution.",
          "tags": [],
          "multi": true,
          "options": {
              "include_tags": true,
              "locked": false,
              "new_host_delay": 150,
              "notify_audit": false,
              "notify_no_data": false,
              "thresholds": {
                  "warning": 1,
                  "ok": 1,
                  "critical": 1
              }
          },
          "priority": null,
          "classification": "custom"
      }
    form: {}
    headers:
      Content-Type:
      - application/json
    url: https://api.datadoghq.com/api/v1/monitor/75989578
    method: PUT
  response:
    body: '{"restricted_roles":null,"tags":[],"deleted":null,"query":"\"ntp.in_sync\".by(\"*\").last(2).count_by_status()","message":"Change the message triggers if any host''s clock goes out of sync with the time given by NTP. The offset threshold is configured in the Agent''s ''ntp.yaml'' file.\n\nSee [Troubleshooting NTP Offset issues](https://docs.datadoghq.com/agent/troubleshooting/ntp for more details on cause and resolution.","id":75989578,"multi":true,"name":"tf-TestAccDatadogMonitorJSONBasic-local-1657026803-updated","created":"2022-07-05T13:13:25.978475+00:00","created_at":1657026805000,"org_id":321813,"modified":"2022-07-05T13:13:29.731105+00:00","priority":null,"overall_state_modified":null,"overall_state":"No Data","type":"service check","options":{"notify_audit":false,"locked":false,"silenced":{},"include_tags":true,"thresholds":{"warning":1,"ok":1,"critical":1},"new_host_delay":150,"notify_no_data":false}}'
    headers:
      Content-Type:
      - application/json
    status: 200 OK
    code: 200
    duration: ""
- request:
    body: ""
    form: {}
    headers:
      Content-Type:
      - application/json
    url: https://api.datadoghq.com/api/v1/monitor/75989578
    method: GET
  response:
    body: '{"restricted_roles":null,"tags":[],"deleted":null,"query":"\"ntp.in_sync\".by(\"*\").last(2).count_by_status()","message":"Change the message triggers if any host''s clock goes out of sync with the time given by NTP. The offset threshold is configured in the Agent''s ''ntp.yaml'' file.\n\nSee [Troubleshooting NTP Offset issues](https://docs.datadoghq.com/agent/troubleshooting/ntp for more details on cause and resolution.","id":75989578,"multi":true,"name":"tf-TestAccDatadogMonitorJSONBasic-local-1657026803-updated","created":"2022-07-05T13:13:25.978475+00:00","created_at":1657026805000,"creator":{"id":1445416,"handle":"frog@datadoghq.com","name":null,"email":"frog@datadoghq.com"},"org_id":321813,"modified":"2022-07-05T13:13:29.731105+00:00","priority":null,"overall_state_modified":null,"overall_state":"No Data","type":"service check","options":{"notify_audit":false,"locked":false,"silenced":{},"include_tags":true,"thresholds":{"warning":1,"ok":1,"critical":1},"new_host_delay":150,"notify_no_data":false}}'
    headers:
      Content-Type:
      - application/json
    status: 200 OK
    code: 200
    duration: ""
- request:
    body: ""
    form: {}
    headers:
      Content-Type:
      - application/json
    url: https://api.datadoghq.com/api/v1/monitor/75989578
    method: DELETE
  response:
    body: '{"deleted_monitor_id":75989578}'
    headers:
      Content-Type:
      - application/json
    status: 200 OK
    code: 200
    duration: ""
- request:
    body: ""
    form: {}
    headers:
      Accept:
      - application/json
    url: https://api.datadoghq.com/api/v1/monitor/75989578
    method: GET
  response:
    body: |
      {"status":"error","code":404,"errors":["Not found"],"statuspage":"http://status.datadoghq.com","twitter":"http://twitter.com/datadogops","email":"support@datadoghq.com"}
    headers:
      Content-Type:
      - application/json
    status: 404 Not found
    code: 404
    duration: ""
