---
version: 1
interactions:
- request:
    body: |
      {"description":"some description about foo SLO","name":"tf_testaccdatadogservicelevelobjectivesdatasource_local_1673545788","query":{"denominator":"sum:my.metric{*}.as_count()","numerator":"sum:tf_testaccdatadogservicelevelobjectivesdatasource_local_1673545788{type:good}.as_count()"},"tags":["tf_testaccdatadogservicelevelobjectivesdatasource_local_1673545788"],"target_threshold":99.5,"thresholds":[{"target":99.5,"timeframe":"7d","warning":99.8},{"target":99,"timeframe":"30d"},{"target":99,"timeframe":"90d"}],"timeframe":"7d","type":"metric","warning_threshold":99.8}
    form: {}
    headers:
      Accept:
      - application/json
      Content-Type:
      - application/json
    url: https://api.datadoghq.com/api/v1/slo
    method: POST
  response:
    body: |
      {"data":[{"id":"7f54c2a858d95147bb4910790727bc74","name":"tf_testaccdatadogservicelevelobjectivesdatasource_local_1673545788","tags":["tf_testaccdatadogservicelevelobjectivesdatasource_local_1673545788"],"monitor_tags":[],"thresholds":[{"timeframe":"7d","target":99.5,"target_display":"99.5","warning":99.8,"warning_display":"99.8"},{"timeframe":"30d","target":99.0,"target_display":"99."},{"timeframe":"90d","target":99.0,"target_display":"99."}],"type":"metric","type_id":1,"description":"some description about foo SLO","timeframe":"7d","warning_threshold":99.8,"target_threshold":99.5,"query":{"denominator":"sum:my.metric{*}.as_count()","numerator":"sum:tf_testaccdatadogservicelevelobjectivesdatasource_local_1673545788{type:good}.as_count()"},"creator":{"name":null,"handle":"frog@datadoghq.com","email":"frog@datadoghq.com"},"created_at":1673545789,"modified_at":1673545789}],"error":null}
    headers:
      Content-Type:
      - application/json
    status: 200 OK
    code: 200
    duration: ""
- request:
    body: ""
    form: {}
    headers:
      Accept:
      - application/json
    url: https://api.datadoghq.com/api/v1/slo?ids=7f54c2a858d95147bb4910790727bc74
    method: GET
  response:
    body: |
      {"data":[{"id":"7f54c2a858d95147bb4910790727bc74","name":"tf_testaccdatadogservicelevelobjectivesdatasource_local_1673545788","tags":["tf_testaccdatadogservicelevelobjectivesdatasource_local_1673545788"],"monitor_tags":[],"thresholds":[{"timeframe":"7d","target":99.5,"target_display":"99.5","warning":99.8,"warning_display":"99.8"},{"timeframe":"30d","target":99.0,"target_display":"99."},{"timeframe":"90d","target":99.0,"target_display":"99."}],"type":"metric","type_id":1,"description":"some description about foo SLO","timeframe":"7d","warning_threshold":99.8,"target_threshold":99.5,"query":{"denominator":"sum:my.metric{*}.as_count()","numerator":"sum:tf_testaccdatadogservicelevelobjectivesdatasource_local_1673545788{type:good}.as_count()"},"creator":{"name":null,"handle":"frog@datadoghq.com","email":"frog@datadoghq.com"},"created_at":1673545789,"modified_at":1673545789}],"error":null}
    headers:
      Content-Type:
      - application/json
    status: 200 OK
    code: 200
    duration: ""
- request:
    body: ""
    form: {}
    headers:
      Accept:
      - application/json
    url: https://api.datadoghq.com/api/v1/slo?ids=7f54c2a858d95147bb4910790727bc74
    method: GET
  response:
    body: |
      {"data":[{"id":"7f54c2a858d95147bb4910790727bc74","name":"tf_testaccdatadogservicelevelobjectivesdatasource_local_1673545788","tags":["tf_testaccdatadogservicelevelobjectivesdatasource_local_1673545788"],"monitor_tags":[],"thresholds":[{"timeframe":"7d","target":99.5,"target_display":"99.5","warning":99.8,"warning_display":"99.8"},{"timeframe":"30d","target":99.0,"target_display":"99."},{"timeframe":"90d","target":99.0,"target_display":"99."}],"type":"metric","type_id":1,"description":"some description about foo SLO","timeframe":"7d","warning_threshold":99.8,"target_threshold":99.5,"query":{"denominator":"sum:my.metric{*}.as_count()","numerator":"sum:tf_testaccdatadogservicelevelobjectivesdatasource_local_1673545788{type:good}.as_count()"},"creator":{"name":null,"handle":"frog@datadoghq.com","email":"frog@datadoghq.com"},"created_at":1673545789,"modified_at":1673545789}],"error":null}
    headers:
      Content-Type:
      - application/json
    status: 200 OK
    code: 200
    duration: ""
- request:
    body: ""
    form: {}
    headers:
      Accept:
      - application/json
    url: https://api.datadoghq.com/api/v1/slo/7f54c2a858d95147bb4910790727bc74
    method: GET
  response:
    body: |
      {"data":{"id":"7f54c2a858d95147bb4910790727bc74","name":"tf_testaccdatadogservicelevelobjectivesdatasource_local_1673545788","tags":["tf_testaccdatadogservicelevelobjectivesdatasource_local_1673545788"],"monitor_tags":[],"thresholds":[{"timeframe":"7d","target":99.5,"target_display":"99.5","warning":99.8,"warning_display":"99.8"},{"timeframe":"30d","target":99.0,"target_display":"99."},{"timeframe":"90d","target":99.0,"target_display":"99."}],"type":"metric","type_id":1,"description":"some description about foo SLO","timeframe":"7d","warning_threshold":99.8,"target_threshold":99.5,"query":{"denominator":"sum:my.metric{*}.as_count()","numerator":"sum:tf_testaccdatadogservicelevelobjectivesdatasource_local_1673545788{type:good}.as_count()"},"creator":{"name":null,"handle":"frog@datadoghq.com","email":"frog@datadoghq.com"},"created_at":1673545789,"modified_at":1673545789},"error":null}
    headers:
      Content-Type:
      - application/json
    status: 200 OK
    code: 200
    duration: ""
- request:
    body: ""
    form: {}
    headers:
      Accept:
      - application/json
    url: https://api.datadoghq.com/api/v1/slo?ids=7f54c2a858d95147bb4910790727bc74
    method: GET
  response:
    body: |
      {"data":[{"id":"7f54c2a858d95147bb4910790727bc74","name":"tf_testaccdatadogservicelevelobjectivesdatasource_local_1673545788","tags":["tf_testaccdatadogservicelevelobjectivesdatasource_local_1673545788"],"monitor_tags":[],"thresholds":[{"timeframe":"7d","target":99.5,"target_display":"99.5","warning":99.8,"warning_display":"99.8"},{"timeframe":"30d","target":99.0,"target_display":"99."},{"timeframe":"90d","target":99.0,"target_display":"99."}],"type":"metric","type_id":1,"description":"some description about foo SLO","timeframe":"7d","warning_threshold":99.8,"target_threshold":99.5,"query":{"denominator":"sum:my.metric{*}.as_count()","numerator":"sum:tf_testaccdatadogservicelevelobjectivesdatasource_local_1673545788{type:good}.as_count()"},"creator":{"name":null,"handle":"frog@datadoghq.com","email":"frog@datadoghq.com"},"created_at":1673545789,"modified_at":1673545789}],"error":null}
    headers:
      Content-Type:
      - application/json
    status: 200 OK
    code: 200
    duration: ""
- request:
    body: ""
    form: {}
    headers:
      Accept:
      - application/json
    url: https://api.datadoghq.com/api/v1/slo?ids=7f54c2a858d95147bb4910790727bc74
    method: GET
  response:
    body: |
      {"data":[{"id":"7f54c2a858d95147bb4910790727bc74","name":"tf_testaccdatadogservicelevelobjectivesdatasource_local_1673545788","tags":["tf_testaccdatadogservicelevelobjectivesdatasource_local_1673545788"],"monitor_tags":[],"thresholds":[{"timeframe":"7d","target":99.5,"target_display":"99.5","warning":99.8,"warning_display":"99.8"},{"timeframe":"30d","target":99.0,"target_display":"99."},{"timeframe":"90d","target":99.0,"target_display":"99."}],"type":"metric","type_id":1,"description":"some description about foo SLO","timeframe":"7d","warning_threshold":99.8,"target_threshold":99.5,"query":{"denominator":"sum:my.metric{*}.as_count()","numerator":"sum:tf_testaccdatadogservicelevelobjectivesdatasource_local_1673545788{type:good}.as_count()"},"creator":{"name":null,"handle":"frog@datadoghq.com","email":"frog@datadoghq.com"},"created_at":1673545789,"modified_at":1673545789}],"error":null}
    headers:
      Content-Type:
      - application/json
    status: 200 OK
    code: 200
    duration: ""
- request:
    body: ""
    form: {}
    headers:
      Accept:
      - application/json
    url: https://api.datadoghq.com/api/v1/slo/7f54c2a858d95147bb4910790727bc74
    method: GET
  response:
    body: |
      {"data":{"id":"7f54c2a858d95147bb4910790727bc74","name":"tf_testaccdatadogservicelevelobjectivesdatasource_local_1673545788","tags":["tf_testaccdatadogservicelevelobjectivesdatasource_local_1673545788"],"monitor_tags":[],"thresholds":[{"timeframe":"7d","target":99.5,"target_display":"99.5","warning":99.8,"warning_display":"99.8"},{"timeframe":"30d","target":99.0,"target_display":"99."},{"timeframe":"90d","target":99.0,"target_display":"99."}],"type":"metric","type_id":1,"description":"some description about foo SLO","timeframe":"7d","warning_threshold":99.8,"target_threshold":99.5,"query":{"denominator":"sum:my.metric{*}.as_count()","numerator":"sum:tf_testaccdatadogservicelevelobjectivesdatasource_local_1673545788{type:good}.as_count()"},"creator":{"name":null,"handle":"frog@datadoghq.com","email":"frog@datadoghq.com"},"created_at":1673545789,"modified_at":1673545789},"error":null}
    headers:
      Content-Type:
      - application/json
    status: 200 OK
    code: 200
    duration: ""
- request:
    body: |
      {"description":"some description about foo SLO","name":"tf_testaccdatadogservicelevelobjectivesdatasource_local_1673545788","query":{"denominator":"sum:my.metric{*}.as_count()","numerator":"sum:tf_testaccdatadogservicelevelobjectivesdatasource_local_1673545788{type:good}.as_count()"},"tags":["tf_testaccdatadogservicelevelobjectivesdatasource_local_1673545788"],"target_threshold":99.5,"thresholds":[{"target":99.5,"timeframe":"7d","warning":99.8},{"target":99,"timeframe":"30d"},{"target":99,"timeframe":"90d"}],"timeframe":"7d","type":"metric","warning_threshold":99.8}
    form: {}
    headers:
      Accept:
      - application/json
      Content-Type:
      - application/json
    url: https://api.datadoghq.com/api/v1/slo
    method: POST
  response:
    body: |
      {"data":[{"id":"67fc0a890b7f5729954ee1ed8dcc0a11","name":"tf_testaccdatadogservicelevelobjectivesdatasource_local_1673545788","tags":["tf_testaccdatadogservicelevelobjectivesdatasource_local_1673545788"],"monitor_tags":[],"thresholds":[{"timeframe":"7d","target":99.5,"target_display":"99.5","warning":99.8,"warning_display":"99.8"},{"timeframe":"30d","target":99.0,"target_display":"99."},{"timeframe":"90d","target":99.0,"target_display":"99."}],"type":"metric","type_id":1,"description":"some description about foo SLO","timeframe":"7d","warning_threshold":99.8,"target_threshold":99.5,"query":{"denominator":"sum:my.metric{*}.as_count()","numerator":"sum:tf_testaccdatadogservicelevelobjectivesdatasource_local_1673545788{type:good}.as_count()"},"creator":{"name":null,"handle":"frog@datadoghq.com","email":"frog@datadoghq.com"},"created_at":1673545791,"modified_at":1673545791}],"error":null}
    headers:
      Content-Type:
      - application/json
    status: 200 OK
    code: 200
    duration: ""
- request:
    body: ""
    form: {}
    headers:
      Accept:
      - application/json
    url: https://api.datadoghq.com/api/v1/slo?query=tf_testaccdatadogservicelevelobjectivesdatasource_local_1673545788
    method: GET
  response:
    body: |
      {"data":[{"id":"7f54c2a858d95147bb4910790727bc74","name":"tf_testaccdatadogservicelevelobjectivesdatasource_local_1673545788","tags":["tf_testaccdatadogservicelevelobjectivesdatasource_local_1673545788"],"monitor_tags":[],"thresholds":[{"timeframe":"7d","target":99.5,"target_display":"99.5","warning":99.8,"warning_display":"99.8"},{"timeframe":"30d","target":99.0,"target_display":"99."},{"timeframe":"90d","target":99.0,"target_display":"99."}],"type":"metric","type_id":1,"description":"some description about foo SLO","timeframe":"7d","warning_threshold":99.8,"target_threshold":99.5,"query":{"denominator":"sum:my.metric{*}.as_count()","numerator":"sum:tf_testaccdatadogservicelevelobjectivesdatasource_local_1673545788{type:good}.as_count()"},"creator":{"name":null,"handle":"frog@datadoghq.com","email":"frog@datadoghq.com"},"created_at":1673545789,"modified_at":1673545789},{"id":"67fc0a890b7f5729954ee1ed8dcc0a11","name":"tf_testaccdatadogservicelevelobjectivesdatasource_local_1673545788","tags":["tf_testaccdatadogservicelevelobjectivesdatasource_local_1673545788"],"monitor_tags":[],"thresholds":[{"timeframe":"7d","target":99.5,"target_display":"99.5","warning":99.8,"warning_display":"99.8"},{"timeframe":"30d","target":99.0,"target_display":"99."},{"timeframe":"90d","target":99.0,"target_display":"99."}],"type":"metric","type_id":1,"description":"some description about foo SLO","timeframe":"7d","warning_threshold":99.8,"target_threshold":99.5,"query":{"denominator":"sum:my.metric{*}.as_count()","numerator":"sum:tf_testaccdatadogservicelevelobjectivesdatasource_local_1673545788{type:good}.as_count()"},"creator":{"name":null,"handle":"frog@datadoghq.com","email":"frog@datadoghq.com"},"created_at":1673545791,"modified_at":1673545791}],"error":null,"metadata":{"page":{"total_count":2,"total_filtered_count":2}}}
    headers:
      Content-Type:
      - application/json
    status: 200 OK
    code: 200
    duration: ""
- request:
    body: ""
    form: {}
    headers:
      Accept:
      - application/json
    url: https://api.datadoghq.com/api/v1/slo?query=tf_testaccdatadogservicelevelobjectivesdatasource_local_1673545788
    method: GET
  response:
    body: |
      {"data":[{"id":"7f54c2a858d95147bb4910790727bc74","name":"tf_testaccdatadogservicelevelobjectivesdatasource_local_1673545788","tags":["tf_testaccdatadogservicelevelobjectivesdatasource_local_1673545788"],"monitor_tags":[],"thresholds":[{"timeframe":"7d","target":99.5,"target_display":"99.5","warning":99.8,"warning_display":"99.8"},{"timeframe":"30d","target":99.0,"target_display":"99."},{"timeframe":"90d","target":99.0,"target_display":"99."}],"type":"metric","type_id":1,"description":"some description about foo SLO","timeframe":"7d","warning_threshold":99.8,"target_threshold":99.5,"query":{"denominator":"sum:my.metric{*}.as_count()","numerator":"sum:tf_testaccdatadogservicelevelobjectivesdatasource_local_1673545788{type:good}.as_count()"},"creator":{"name":null,"handle":"frog@datadoghq.com","email":"frog@datadoghq.com"},"created_at":1673545789,"modified_at":1673545789},{"id":"67fc0a890b7f5729954ee1ed8dcc0a11","name":"tf_testaccdatadogservicelevelobjectivesdatasource_local_1673545788","tags":["tf_testaccdatadogservicelevelobjectivesdatasource_local_1673545788"],"monitor_tags":[],"thresholds":[{"timeframe":"7d","target":99.5,"target_display":"99.5","warning":99.8,"warning_display":"99.8"},{"timeframe":"30d","target":99.0,"target_display":"99."},{"timeframe":"90d","target":99.0,"target_display":"99."}],"type":"metric","type_id":1,"description":"some description about foo SLO","timeframe":"7d","warning_threshold":99.8,"target_threshold":99.5,"query":{"denominator":"sum:my.metric{*}.as_count()","numerator":"sum:tf_testaccdatadogservicelevelobjectivesdatasource_local_1673545788{type:good}.as_count()"},"creator":{"name":null,"handle":"frog@datadoghq.com","email":"frog@datadoghq.com"},"created_at":1673545791,"modified_at":1673545791}],"error":null,"metadata":{"page":{"total_count":2,"total_filtered_count":2}}}
    headers:
      Content-Type:
      - application/json
    status: 200 OK
    code: 200
    duration: ""
- request:
    body: ""
    form: {}
    headers:
      Accept:
      - application/json
    url: https://api.datadoghq.com/api/v1/slo/7f54c2a858d95147bb4910790727bc74
    method: GET
  response:
    body: |
      {"data":{"id":"7f54c2a858d95147bb4910790727bc74","name":"tf_testaccdatadogservicelevelobjectivesdatasource_local_1673545788","tags":["tf_testaccdatadogservicelevelobjectivesdatasource_local_1673545788"],"monitor_tags":[],"thresholds":[{"timeframe":"7d","target":99.5,"target_display":"99.5","warning":99.8,"warning_display":"99.8"},{"timeframe":"30d","target":99.0,"target_display":"99."},{"timeframe":"90d","target":99.0,"target_display":"99."}],"type":"metric","type_id":1,"description":"some description about foo SLO","timeframe":"7d","warning_threshold":99.8,"target_threshold":99.5,"query":{"denominator":"sum:my.metric{*}.as_count()","numerator":"sum:tf_testaccdatadogservicelevelobjectivesdatasource_local_1673545788{type:good}.as_count()"},"creator":{"name":null,"handle":"frog@datadoghq.com","email":"frog@datadoghq.com"},"created_at":1673545789,"modified_at":1673545789},"error":null}
    headers:
      Content-Type:
      - application/json
    status: 200 OK
    code: 200
    duration: ""
- request:
    body: ""
    form: {}
    headers:
      Accept:
      - application/json
    url: https://api.datadoghq.com/api/v1/slo/67fc0a890b7f5729954ee1ed8dcc0a11
    method: GET
  response:
    body: |
      {"data":{"id":"67fc0a890b7f5729954ee1ed8dcc0a11","name":"tf_testaccdatadogservicelevelobjectivesdatasource_local_1673545788","tags":["tf_testaccdatadogservicelevelobjectivesdatasource_local_1673545788"],"monitor_tags":[],"thresholds":[{"timeframe":"7d","target":99.5,"target_display":"99.5","warning":99.8,"warning_display":"99.8"},{"timeframe":"30d","target":99.0,"target_display":"99."},{"timeframe":"90d","target":99.0,"target_display":"99."}],"type":"metric","type_id":1,"description":"some description about foo SLO","timeframe":"7d","warning_threshold":99.8,"target_threshold":99.5,"query":{"denominator":"sum:my.metric{*}.as_count()","numerator":"sum:tf_testaccdatadogservicelevelobjectivesdatasource_local_1673545788{type:good}.as_count()"},"creator":{"name":null,"handle":"frog@datadoghq.com","email":"frog@datadoghq.com"},"created_at":1673545791,"modified_at":1673545791},"error":null}
    headers:
      Content-Type:
      - application/json
    status: 200 OK
    code: 200
    duration: ""
- request:
    body: ""
    form: {}
    headers:
      Accept:
      - application/json
    url: https://api.datadoghq.com/api/v1/slo?query=tf_testaccdatadogservicelevelobjectivesdatasource_local_1673545788
    method: GET
  response:
    body: |
      {"data":[{"id":"7f54c2a858d95147bb4910790727bc74","name":"tf_testaccdatadogservicelevelobjectivesdatasource_local_1673545788","tags":["tf_testaccdatadogservicelevelobjectivesdatasource_local_1673545788"],"monitor_tags":[],"thresholds":[{"timeframe":"7d","target":99.5,"target_display":"99.5","warning":99.8,"warning_display":"99.8"},{"timeframe":"30d","target":99.0,"target_display":"99."},{"timeframe":"90d","target":99.0,"target_display":"99."}],"type":"metric","type_id":1,"description":"some description about foo SLO","timeframe":"7d","warning_threshold":99.8,"target_threshold":99.5,"query":{"denominator":"sum:my.metric{*}.as_count()","numerator":"sum:tf_testaccdatadogservicelevelobjectivesdatasource_local_1673545788{type:good}.as_count()"},"creator":{"name":null,"handle":"frog@datadoghq.com","email":"frog@datadoghq.com"},"created_at":1673545789,"modified_at":1673545789},{"id":"67fc0a890b7f5729954ee1ed8dcc0a11","name":"tf_testaccdatadogservicelevelobjectivesdatasource_local_1673545788","tags":["tf_testaccdatadogservicelevelobjectivesdatasource_local_1673545788"],"monitor_tags":[],"thresholds":[{"timeframe":"7d","target":99.5,"target_display":"99.5","warning":99.8,"warning_display":"99.8"},{"timeframe":"30d","target":99.0,"target_display":"99."},{"timeframe":"90d","target":99.0,"target_display":"99."}],"type":"metric","type_id":1,"description":"some description about foo SLO","timeframe":"7d","warning_threshold":99.8,"target_threshold":99.5,"query":{"denominator":"sum:my.metric{*}.as_count()","numerator":"sum:tf_testaccdatadogservicelevelobjectivesdatasource_local_1673545788{type:good}.as_count()"},"creator":{"name":null,"handle":"frog@datadoghq.com","email":"frog@datadoghq.com"},"created_at":1673545791,"modified_at":1673545791}],"error":null,"metadata":{"page":{"total_count":2,"total_filtered_count":2}}}
    headers:
      Content-Type:
      - application/json
    status: 200 OK
    code: 200
    duration: ""
- request:
    body: ""
    form: {}
    headers:
      Accept:
      - application/json
    url: https://api.datadoghq.com/api/v1/slo?query=tf_testaccdatadogservicelevelobjectivesdatasource_local_1673545788
    method: GET
  response:
    body: |
      {"data":[{"id":"7f54c2a858d95147bb4910790727bc74","name":"tf_testaccdatadogservicelevelobjectivesdatasource_local_1673545788","tags":["tf_testaccdatadogservicelevelobjectivesdatasource_local_1673545788"],"monitor_tags":[],"thresholds":[{"timeframe":"7d","target":99.5,"target_display":"99.5","warning":99.8,"warning_display":"99.8"},{"timeframe":"30d","target":99.0,"target_display":"99."},{"timeframe":"90d","target":99.0,"target_display":"99."}],"type":"metric","type_id":1,"description":"some description about foo SLO","timeframe":"7d","warning_threshold":99.8,"target_threshold":99.5,"query":{"denominator":"sum:my.metric{*}.as_count()","numerator":"sum:tf_testaccdatadogservicelevelobjectivesdatasource_local_1673545788{type:good}.as_count()"},"creator":{"name":null,"handle":"frog@datadoghq.com","email":"frog@datadoghq.com"},"created_at":1673545789,"modified_at":1673545789},{"id":"67fc0a890b7f5729954ee1ed8dcc0a11","name":"tf_testaccdatadogservicelevelobjectivesdatasource_local_1673545788","tags":["tf_testaccdatadogservicelevelobjectivesdatasource_local_1673545788"],"monitor_tags":[],"thresholds":[{"timeframe":"7d","target":99.5,"target_display":"99.5","warning":99.8,"warning_display":"99.8"},{"timeframe":"30d","target":99.0,"target_display":"99."},{"timeframe":"90d","target":99.0,"target_display":"99."}],"type":"metric","type_id":1,"description":"some description about foo SLO","timeframe":"7d","warning_threshold":99.8,"target_threshold":99.5,"query":{"denominator":"sum:my.metric{*}.as_count()","numerator":"sum:tf_testaccdatadogservicelevelobjectivesdatasource_local_1673545788{type:good}.as_count()"},"creator":{"name":null,"handle":"frog@datadoghq.com","email":"frog@datadoghq.com"},"created_at":1673545791,"modified_at":1673545791}],"error":null,"metadata":{"page":{"total_count":2,"total_filtered_count":2}}}
    headers:
      Content-Type:
      - application/json
    status: 200 OK
    code: 200
    duration: ""
- request:
    body: ""
    form: {}
    headers:
      Accept:
      - application/json
    url: https://api.datadoghq.com/api/v1/slo/67fc0a890b7f5729954ee1ed8dcc0a11
    method: GET
  response:
    body: |
      {"data":{"id":"67fc0a890b7f5729954ee1ed8dcc0a11","name":"tf_testaccdatadogservicelevelobjectivesdatasource_local_1673545788","tags":["tf_testaccdatadogservicelevelobjectivesdatasource_local_1673545788"],"monitor_tags":[],"thresholds":[{"timeframe":"7d","target":99.5,"target_display":"99.5","warning":99.8,"warning_display":"99.8"},{"timeframe":"30d","target":99.0,"target_display":"99."},{"timeframe":"90d","target":99.0,"target_display":"99."}],"type":"metric","type_id":1,"description":"some description about foo SLO","timeframe":"7d","warning_threshold":99.8,"target_threshold":99.5,"query":{"denominator":"sum:my.metric{*}.as_count()","numerator":"sum:tf_testaccdatadogservicelevelobjectivesdatasource_local_1673545788{type:good}.as_count()"},"creator":{"name":null,"handle":"frog@datadoghq.com","email":"frog@datadoghq.com"},"created_at":1673545791,"modified_at":1673545791},"error":null}
    headers:
      Content-Type:
      - application/json
    status: 200 OK
    code: 200
    duration: ""
- request:
    body: ""
    form: {}
    headers:
      Accept:
      - application/json
    url: https://api.datadoghq.com/api/v1/slo/7f54c2a858d95147bb4910790727bc74
    method: GET
  response:
    body: |
      {"data":{"id":"7f54c2a858d95147bb4910790727bc74","name":"tf_testaccdatadogservicelevelobjectivesdatasource_local_1673545788","tags":["tf_testaccdatadogservicelevelobjectivesdatasource_local_1673545788"],"monitor_tags":[],"thresholds":[{"timeframe":"7d","target":99.5,"target_display":"99.5","warning":99.8,"warning_display":"99.8"},{"timeframe":"30d","target":99.0,"target_display":"99."},{"timeframe":"90d","target":99.0,"target_display":"99."}],"type":"metric","type_id":1,"description":"some description about foo SLO","timeframe":"7d","warning_threshold":99.8,"target_threshold":99.5,"query":{"denominator":"sum:my.metric{*}.as_count()","numerator":"sum:tf_testaccdatadogservicelevelobjectivesdatasource_local_1673545788{type:good}.as_count()"},"creator":{"name":null,"handle":"frog@datadoghq.com","email":"frog@datadoghq.com"},"created_at":1673545789,"modified_at":1673545789},"error":null}
    headers:
      Content-Type:
      - application/json
    status: 200 OK
    code: 200
    duration: ""
- request:
    body: ""
    form: {}
    headers:
      Accept:
      - application/json
    url: https://api.datadoghq.com/api/v1/slo?tags_query=tf_testaccdatadogservicelevelobjectivesdatasource_local_1673545788
    method: GET
  response:
    body: |
      {"data":[{"id":"7f54c2a858d95147bb4910790727bc74","name":"tf_testaccdatadogservicelevelobjectivesdatasource_local_1673545788","tags":["tf_testaccdatadogservicelevelobjectivesdatasource_local_1673545788"],"monitor_tags":[],"thresholds":[{"timeframe":"7d","target":99.5,"target_display":"99.5","warning":99.8,"warning_display":"99.8"},{"timeframe":"30d","target":99.0,"target_display":"99."},{"timeframe":"90d","target":99.0,"target_display":"99."}],"type":"metric","type_id":1,"description":"some description about foo SLO","timeframe":"7d","warning_threshold":99.8,"target_threshold":99.5,"query":{"denominator":"sum:my.metric{*}.as_count()","numerator":"sum:tf_testaccdatadogservicelevelobjectivesdatasource_local_1673545788{type:good}.as_count()"},"creator":{"name":null,"handle":"frog@datadoghq.com","email":"frog@datadoghq.com"},"created_at":1673545789,"modified_at":1673545789},{"id":"67fc0a890b7f5729954ee1ed8dcc0a11","name":"tf_testaccdatadogservicelevelobjectivesdatasource_local_1673545788","tags":["tf_testaccdatadogservicelevelobjectivesdatasource_local_1673545788"],"monitor_tags":[],"thresholds":[{"timeframe":"7d","target":99.5,"target_display":"99.5","warning":99.8,"warning_display":"99.8"},{"timeframe":"30d","target":99.0,"target_display":"99."},{"timeframe":"90d","target":99.0,"target_display":"99."}],"type":"metric","type_id":1,"description":"some description about foo SLO","timeframe":"7d","warning_threshold":99.8,"target_threshold":99.5,"query":{"denominator":"sum:my.metric{*}.as_count()","numerator":"sum:tf_testaccdatadogservicelevelobjectivesdatasource_local_1673545788{type:good}.as_count()"},"creator":{"name":null,"handle":"frog@datadoghq.com","email":"frog@datadoghq.com"},"created_at":1673545791,"modified_at":1673545791}],"error":null,"metadata":{"page":{"total_count":2,"total_filtered_count":2}}}
    headers:
      Content-Type:
      - application/json
    status: 200 OK
    code: 200
    duration: ""
- request:
    body: ""
    form: {}
    headers:
      Accept:
      - application/json
    url: https://api.datadoghq.com/api/v1/slo?tags_query=tf_testaccdatadogservicelevelobjectivesdatasource_local_1673545788
    method: GET
  response:
    body: |
      {"data":[{"id":"7f54c2a858d95147bb4910790727bc74","name":"tf_testaccdatadogservicelevelobjectivesdatasource_local_1673545788","tags":["tf_testaccdatadogservicelevelobjectivesdatasource_local_1673545788"],"monitor_tags":[],"thresholds":[{"timeframe":"7d","target":99.5,"target_display":"99.5","warning":99.8,"warning_display":"99.8"},{"timeframe":"30d","target":99.0,"target_display":"99."},{"timeframe":"90d","target":99.0,"target_display":"99."}],"type":"metric","type_id":1,"description":"some description about foo SLO","timeframe":"7d","warning_threshold":99.8,"target_threshold":99.5,"query":{"denominator":"sum:my.metric{*}.as_count()","numerator":"sum:tf_testaccdatadogservicelevelobjectivesdatasource_local_1673545788{type:good}.as_count()"},"creator":{"name":null,"handle":"frog@datadoghq.com","email":"frog@datadoghq.com"},"created_at":1673545789,"modified_at":1673545789},{"id":"67fc0a890b7f5729954ee1ed8dcc0a11","name":"tf_testaccdatadogservicelevelobjectivesdatasource_local_1673545788","tags":["tf_testaccdatadogservicelevelobjectivesdatasource_local_1673545788"],"monitor_tags":[],"thresholds":[{"timeframe":"7d","target":99.5,"target_display":"99.5","warning":99.8,"warning_display":"99.8"},{"timeframe":"30d","target":99.0,"target_display":"99."},{"timeframe":"90d","target":99.0,"target_display":"99."}],"type":"metric","type_id":1,"description":"some description about foo SLO","timeframe":"7d","warning_threshold":99.8,"target_threshold":99.5,"query":{"denominator":"sum:my.metric{*}.as_count()","numerator":"sum:tf_testaccdatadogservicelevelobjectivesdatasource_local_1673545788{type:good}.as_count()"},"creator":{"name":null,"handle":"frog@datadoghq.com","email":"frog@datadoghq.com"},"created_at":1673545791,"modified_at":1673545791}],"error":null,"metadata":{"page":{"total_count":2,"total_filtered_count":2}}}
    headers:
      Content-Type:
      - application/json
    status: 200 OK
    code: 200
    duration: ""
- request:
    body: ""
    form: {}
    headers:
      Accept:
      - application/json
    url: https://api.datadoghq.com/api/v1/slo?tags_query=tf_testaccdatadogservicelevelobjectivesdatasource_local_1673545788
    method: GET
  response:
    body: |
      {"data":[{"id":"7f54c2a858d95147bb4910790727bc74","name":"tf_testaccdatadogservicelevelobjectivesdatasource_local_1673545788","tags":["tf_testaccdatadogservicelevelobjectivesdatasource_local_1673545788"],"monitor_tags":[],"thresholds":[{"timeframe":"7d","target":99.5,"target_display":"99.5","warning":99.8,"warning_display":"99.8"},{"timeframe":"30d","target":99.0,"target_display":"99."},{"timeframe":"90d","target":99.0,"target_display":"99."}],"type":"metric","type_id":1,"description":"some description about foo SLO","timeframe":"7d","warning_threshold":99.8,"target_threshold":99.5,"query":{"denominator":"sum:my.metric{*}.as_count()","numerator":"sum:tf_testaccdatadogservicelevelobjectivesdatasource_local_1673545788{type:good}.as_count()"},"creator":{"name":null,"handle":"frog@datadoghq.com","email":"frog@datadoghq.com"},"created_at":1673545789,"modified_at":1673545789},{"id":"67fc0a890b7f5729954ee1ed8dcc0a11","name":"tf_testaccdatadogservicelevelobjectivesdatasource_local_1673545788","tags":["tf_testaccdatadogservicelevelobjectivesdatasource_local_1673545788"],"monitor_tags":[],"thresholds":[{"timeframe":"7d","target":99.5,"target_display":"99.5","warning":99.8,"warning_display":"99.8"},{"timeframe":"30d","target":99.0,"target_display":"99."},{"timeframe":"90d","target":99.0,"target_display":"99."}],"type":"metric","type_id":1,"description":"some description about foo SLO","timeframe":"7d","warning_threshold":99.8,"target_threshold":99.5,"query":{"denominator":"sum:my.metric{*}.as_count()","numerator":"sum:tf_testaccdatadogservicelevelobjectivesdatasource_local_1673545788{type:good}.as_count()"},"creator":{"name":null,"handle":"frog@datadoghq.com","email":"frog@datadoghq.com"},"created_at":1673545791,"modified_at":1673545791}],"error":null,"metadata":{"page":{"total_count":2,"total_filtered_count":2}}}
    headers:
      Content-Type:
      - application/json
    status: 200 OK
    code: 200
    duration: ""
- request:
    body: ""
    form: {}
    headers:
      Accept:
      - application/json
    url: https://api.datadoghq.com/api/v1/slo/67fc0a890b7f5729954ee1ed8dcc0a11
    method: GET
  response:
    body: |
      {"data":{"id":"67fc0a890b7f5729954ee1ed8dcc0a11","name":"tf_testaccdatadogservicelevelobjectivesdatasource_local_1673545788","tags":["tf_testaccdatadogservicelevelobjectivesdatasource_local_1673545788"],"monitor_tags":[],"thresholds":[{"timeframe":"7d","target":99.5,"target_display":"99.5","warning":99.8,"warning_display":"99.8"},{"timeframe":"30d","target":99.0,"target_display":"99."},{"timeframe":"90d","target":99.0,"target_display":"99."}],"type":"metric","type_id":1,"description":"some description about foo SLO","timeframe":"7d","warning_threshold":99.8,"target_threshold":99.5,"query":{"denominator":"sum:my.metric{*}.as_count()","numerator":"sum:tf_testaccdatadogservicelevelobjectivesdatasource_local_1673545788{type:good}.as_count()"},"creator":{"name":null,"handle":"frog@datadoghq.com","email":"frog@datadoghq.com"},"created_at":1673545791,"modified_at":1673545791},"error":null}
    headers:
      Content-Type:
      - application/json
    status: 200 OK
    code: 200
    duration: ""
- request:
    body: ""
    form: {}
    headers:
      Accept:
      - application/json
    url: https://api.datadoghq.com/api/v1/slo/7f54c2a858d95147bb4910790727bc74
    method: GET
  response:
    body: |
      {"data":{"id":"7f54c2a858d95147bb4910790727bc74","name":"tf_testaccdatadogservicelevelobjectivesdatasource_local_1673545788","tags":["tf_testaccdatadogservicelevelobjectivesdatasource_local_1673545788"],"monitor_tags":[],"thresholds":[{"timeframe":"7d","target":99.5,"target_display":"99.5","warning":99.8,"warning_display":"99.8"},{"timeframe":"30d","target":99.0,"target_display":"99."},{"timeframe":"90d","target":99.0,"target_display":"99."}],"type":"metric","type_id":1,"description":"some description about foo SLO","timeframe":"7d","warning_threshold":99.8,"target_threshold":99.5,"query":{"denominator":"sum:my.metric{*}.as_count()","numerator":"sum:tf_testaccdatadogservicelevelobjectivesdatasource_local_1673545788{type:good}.as_count()"},"creator":{"name":null,"handle":"frog@datadoghq.com","email":"frog@datadoghq.com"},"created_at":1673545789,"modified_at":1673545789},"error":null}
    headers:
      Content-Type:
      - application/json
    status: 200 OK
    code: 200
    duration: ""
- request:
    body: ""
    form: {}
    headers:
      Accept:
      - application/json
    url: https://api.datadoghq.com/api/v1/slo?tags_query=tf_testaccdatadogservicelevelobjectivesdatasource_local_1673545788
    method: GET
  response:
    body: |
      {"data":[{"id":"7f54c2a858d95147bb4910790727bc74","name":"tf_testaccdatadogservicelevelobjectivesdatasource_local_1673545788","tags":["tf_testaccdatadogservicelevelobjectivesdatasource_local_1673545788"],"monitor_tags":[],"thresholds":[{"timeframe":"7d","target":99.5,"target_display":"99.5","warning":99.8,"warning_display":"99.8"},{"timeframe":"30d","target":99.0,"target_display":"99."},{"timeframe":"90d","target":99.0,"target_display":"99."}],"type":"metric","type_id":1,"description":"some description about foo SLO","timeframe":"7d","warning_threshold":99.8,"target_threshold":99.5,"query":{"denominator":"sum:my.metric{*}.as_count()","numerator":"sum:tf_testaccdatadogservicelevelobjectivesdatasource_local_1673545788{type:good}.as_count()"},"creator":{"name":null,"handle":"frog@datadoghq.com","email":"frog@datadoghq.com"},"created_at":1673545789,"modified_at":1673545789},{"id":"67fc0a890b7f5729954ee1ed8dcc0a11","name":"tf_testaccdatadogservicelevelobjectivesdatasource_local_1673545788","tags":["tf_testaccdatadogservicelevelobjectivesdatasource_local_1673545788"],"monitor_tags":[],"thresholds":[{"timeframe":"7d","target":99.5,"target_display":"99.5","warning":99.8,"warning_display":"99.8"},{"timeframe":"30d","target":99.0,"target_display":"99."},{"timeframe":"90d","target":99.0,"target_display":"99."}],"type":"metric","type_id":1,"description":"some description about foo SLO","timeframe":"7d","warning_threshold":99.8,"target_threshold":99.5,"query":{"denominator":"sum:my.metric{*}.as_count()","numerator":"sum:tf_testaccdatadogservicelevelobjectivesdatasource_local_1673545788{type:good}.as_count()"},"creator":{"name":null,"handle":"frog@datadoghq.com","email":"frog@datadoghq.com"},"created_at":1673545791,"modified_at":1673545791}],"error":null,"metadata":{"page":{"total_count":2,"total_filtered_count":2}}}
    headers:
      Content-Type:
      - application/json
    status: 200 OK
    code: 200
    duration: ""
- request:
    body: ""
    form: {}
    headers:
      Accept:
      - application/json
    url: https://api.datadoghq.com/api/v1/slo?tags_query=tf_testaccdatadogservicelevelobjectivesdatasource_local_1673545788
    method: GET
  response:
    body: |
      {"data":[{"id":"7f54c2a858d95147bb4910790727bc74","name":"tf_testaccdatadogservicelevelobjectivesdatasource_local_1673545788","tags":["tf_testaccdatadogservicelevelobjectivesdatasource_local_1673545788"],"monitor_tags":[],"thresholds":[{"timeframe":"7d","target":99.5,"target_display":"99.5","warning":99.8,"warning_display":"99.8"},{"timeframe":"30d","target":99.0,"target_display":"99."},{"timeframe":"90d","target":99.0,"target_display":"99."}],"type":"metric","type_id":1,"description":"some description about foo SLO","timeframe":"7d","warning_threshold":99.8,"target_threshold":99.5,"query":{"denominator":"sum:my.metric{*}.as_count()","numerator":"sum:tf_testaccdatadogservicelevelobjectivesdatasource_local_1673545788{type:good}.as_count()"},"creator":{"name":null,"handle":"frog@datadoghq.com","email":"frog@datadoghq.com"},"created_at":1673545789,"modified_at":1673545789},{"id":"67fc0a890b7f5729954ee1ed8dcc0a11","name":"tf_testaccdatadogservicelevelobjectivesdatasource_local_1673545788","tags":["tf_testaccdatadogservicelevelobjectivesdatasource_local_1673545788"],"monitor_tags":[],"thresholds":[{"timeframe":"7d","target":99.5,"target_display":"99.5","warning":99.8,"warning_display":"99.8"},{"timeframe":"30d","target":99.0,"target_display":"99."},{"timeframe":"90d","target":99.0,"target_display":"99."}],"type":"metric","type_id":1,"description":"some description about foo SLO","timeframe":"7d","warning_threshold":99.8,"target_threshold":99.5,"query":{"denominator":"sum:my.metric{*}.as_count()","numerator":"sum:tf_testaccdatadogservicelevelobjectivesdatasource_local_1673545788{type:good}.as_count()"},"creator":{"name":null,"handle":"frog@datadoghq.com","email":"frog@datadoghq.com"},"created_at":1673545791,"modified_at":1673545791}],"error":null,"metadata":{"page":{"total_count":2,"total_filtered_count":2}}}
    headers:
      Content-Type:
      - application/json
    status: 200 OK
    code: 200
    duration: ""
- request:
    body: ""
    form: {}
    headers:
      Accept:
      - application/json
    url: https://api.datadoghq.com/api/v1/slo/7f54c2a858d95147bb4910790727bc74
    method: GET
  response:
    body: |
      {"data":{"id":"7f54c2a858d95147bb4910790727bc74","name":"tf_testaccdatadogservicelevelobjectivesdatasource_local_1673545788","tags":["tf_testaccdatadogservicelevelobjectivesdatasource_local_1673545788"],"monitor_tags":[],"thresholds":[{"timeframe":"7d","target":99.5,"target_display":"99.5","warning":99.8,"warning_display":"99.8"},{"timeframe":"30d","target":99.0,"target_display":"99."},{"timeframe":"90d","target":99.0,"target_display":"99."}],"type":"metric","type_id":1,"description":"some description about foo SLO","timeframe":"7d","warning_threshold":99.8,"target_threshold":99.5,"query":{"denominator":"sum:my.metric{*}.as_count()","numerator":"sum:tf_testaccdatadogservicelevelobjectivesdatasource_local_1673545788{type:good}.as_count()"},"creator":{"name":null,"handle":"frog@datadoghq.com","email":"frog@datadoghq.com"},"created_at":1673545789,"modified_at":1673545789},"error":null}
    headers:
      Content-Type:
      - application/json
    status: 200 OK
    code: 200
    duration: ""
- request:
    body: ""
    form: {}
    headers:
      Accept:
      - application/json
    url: https://api.datadoghq.com/api/v1/slo/67fc0a890b7f5729954ee1ed8dcc0a11
    method: GET
  response:
    body: |
      {"data":{"id":"67fc0a890b7f5729954ee1ed8dcc0a11","name":"tf_testaccdatadogservicelevelobjectivesdatasource_local_1673545788","tags":["tf_testaccdatadogservicelevelobjectivesdatasource_local_1673545788"],"monitor_tags":[],"thresholds":[{"timeframe":"7d","target":99.5,"target_display":"99.5","warning":99.8,"warning_display":"99.8"},{"timeframe":"30d","target":99.0,"target_display":"99."},{"timeframe":"90d","target":99.0,"target_display":"99."}],"type":"metric","type_id":1,"description":"some description about foo SLO","timeframe":"7d","warning_threshold":99.8,"target_threshold":99.5,"query":{"denominator":"sum:my.metric{*}.as_count()","numerator":"sum:tf_testaccdatadogservicelevelobjectivesdatasource_local_1673545788{type:good}.as_count()"},"creator":{"name":null,"handle":"frog@datadoghq.com","email":"frog@datadoghq.com"},"created_at":1673545791,"modified_at":1673545791},"error":null}
    headers:
      Content-Type:
      - application/json
    status: 200 OK
    code: 200
    duration: ""
- request:
    body: ""
    form: {}
    headers:
      Accept:
      - application/json
    url: https://api.datadoghq.com/api/v1/slo?metrics_query=tf_testaccdatadogservicelevelobjectivesdatasource_local_1673545788
    method: GET
  response:
    body: |
      {"data":[{"id":"7f54c2a858d95147bb4910790727bc74","name":"tf_testaccdatadogservicelevelobjectivesdatasource_local_1673545788","tags":["tf_testaccdatadogservicelevelobjectivesdatasource_local_1673545788"],"monitor_tags":[],"thresholds":[{"timeframe":"7d","target":99.5,"target_display":"99.5","warning":99.8,"warning_display":"99.8"},{"timeframe":"30d","target":99.0,"target_display":"99."},{"timeframe":"90d","target":99.0,"target_display":"99."}],"type":"metric","type_id":1,"description":"some description about foo SLO","timeframe":"7d","warning_threshold":99.8,"target_threshold":99.5,"query":{"denominator":"sum:my.metric{*}.as_count()","numerator":"sum:tf_testaccdatadogservicelevelobjectivesdatasource_local_1673545788{type:good}.as_count()"},"creator":{"name":null,"handle":"frog@datadoghq.com","email":"frog@datadoghq.com"},"created_at":1673545789,"modified_at":1673545789},{"id":"67fc0a890b7f5729954ee1ed8dcc0a11","name":"tf_testaccdatadogservicelevelobjectivesdatasource_local_1673545788","tags":["tf_testaccdatadogservicelevelobjectivesdatasource_local_1673545788"],"monitor_tags":[],"thresholds":[{"timeframe":"7d","target":99.5,"target_display":"99.5","warning":99.8,"warning_display":"99.8"},{"timeframe":"30d","target":99.0,"target_display":"99."},{"timeframe":"90d","target":99.0,"target_display":"99."}],"type":"metric","type_id":1,"description":"some description about foo SLO","timeframe":"7d","warning_threshold":99.8,"target_threshold":99.5,"query":{"denominator":"sum:my.metric{*}.as_count()","numerator":"sum:tf_testaccdatadogservicelevelobjectivesdatasource_local_1673545788{type:good}.as_count()"},"creator":{"name":null,"handle":"frog@datadoghq.com","email":"frog@datadoghq.com"},"created_at":1673545791,"modified_at":1673545791}],"error":null,"metadata":{"page":{"total_count":2,"total_filtered_count":2}}}
    headers:
      Content-Type:
      - application/json
    status: 200 OK
    code: 200
    duration: ""
- request:
    body: ""
    form: {}
    headers:
      Accept:
      - application/json
    url: https://api.datadoghq.com/api/v1/slo?metrics_query=tf_testaccdatadogservicelevelobjectivesdatasource_local_1673545788
    method: GET
  response:
    body: |
      {"data":[{"id":"7f54c2a858d95147bb4910790727bc74","name":"tf_testaccdatadogservicelevelobjectivesdatasource_local_1673545788","tags":["tf_testaccdatadogservicelevelobjectivesdatasource_local_1673545788"],"monitor_tags":[],"thresholds":[{"timeframe":"7d","target":99.5,"target_display":"99.5","warning":99.8,"warning_display":"99.8"},{"timeframe":"30d","target":99.0,"target_display":"99."},{"timeframe":"90d","target":99.0,"target_display":"99."}],"type":"metric","type_id":1,"description":"some description about foo SLO","timeframe":"7d","warning_threshold":99.8,"target_threshold":99.5,"query":{"denominator":"sum:my.metric{*}.as_count()","numerator":"sum:tf_testaccdatadogservicelevelobjectivesdatasource_local_1673545788{type:good}.as_count()"},"creator":{"name":null,"handle":"frog@datadoghq.com","email":"frog@datadoghq.com"},"created_at":1673545789,"modified_at":1673545789},{"id":"67fc0a890b7f5729954ee1ed8dcc0a11","name":"tf_testaccdatadogservicelevelobjectivesdatasource_local_1673545788","tags":["tf_testaccdatadogservicelevelobjectivesdatasource_local_1673545788"],"monitor_tags":[],"thresholds":[{"timeframe":"7d","target":99.5,"target_display":"99.5","warning":99.8,"warning_display":"99.8"},{"timeframe":"30d","target":99.0,"target_display":"99."},{"timeframe":"90d","target":99.0,"target_display":"99."}],"type":"metric","type_id":1,"description":"some description about foo SLO","timeframe":"7d","warning_threshold":99.8,"target_threshold":99.5,"query":{"denominator":"sum:my.metric{*}.as_count()","numerator":"sum:tf_testaccdatadogservicelevelobjectivesdatasource_local_1673545788{type:good}.as_count()"},"creator":{"name":null,"handle":"frog@datadoghq.com","email":"frog@datadoghq.com"},"created_at":1673545791,"modified_at":1673545791}],"error":null,"metadata":{"page":{"total_count":2,"total_filtered_count":2}}}
    headers:
      Content-Type:
      - application/json
    status: 200 OK
    code: 200
    duration: ""
- request:
    body: ""
    form: {}
    headers:
      Accept:
      - application/json
    url: https://api.datadoghq.com/api/v1/slo?metrics_query=tf_testaccdatadogservicelevelobjectivesdatasource_local_1673545788
    method: GET
  response:
    body: |
      {"data":[{"id":"7f54c2a858d95147bb4910790727bc74","name":"tf_testaccdatadogservicelevelobjectivesdatasource_local_1673545788","tags":["tf_testaccdatadogservicelevelobjectivesdatasource_local_1673545788"],"monitor_tags":[],"thresholds":[{"timeframe":"7d","target":99.5,"target_display":"99.5","warning":99.8,"warning_display":"99.8"},{"timeframe":"30d","target":99.0,"target_display":"99."},{"timeframe":"90d","target":99.0,"target_display":"99."}],"type":"metric","type_id":1,"description":"some description about foo SLO","timeframe":"7d","warning_threshold":99.8,"target_threshold":99.5,"query":{"denominator":"sum:my.metric{*}.as_count()","numerator":"sum:tf_testaccdatadogservicelevelobjectivesdatasource_local_1673545788{type:good}.as_count()"},"creator":{"name":null,"handle":"frog@datadoghq.com","email":"frog@datadoghq.com"},"created_at":1673545789,"modified_at":1673545789},{"id":"67fc0a890b7f5729954ee1ed8dcc0a11","name":"tf_testaccdatadogservicelevelobjectivesdatasource_local_1673545788","tags":["tf_testaccdatadogservicelevelobjectivesdatasource_local_1673545788"],"monitor_tags":[],"thresholds":[{"timeframe":"7d","target":99.5,"target_display":"99.5","warning":99.8,"warning_display":"99.8"},{"timeframe":"30d","target":99.0,"target_display":"99."},{"timeframe":"90d","target":99.0,"target_display":"99."}],"type":"metric","type_id":1,"description":"some description about foo SLO","timeframe":"7d","warning_threshold":99.8,"target_threshold":99.5,"query":{"denominator":"sum:my.metric{*}.as_count()","numerator":"sum:tf_testaccdatadogservicelevelobjectivesdatasource_local_1673545788{type:good}.as_count()"},"creator":{"name":null,"handle":"frog@datadoghq.com","email":"frog@datadoghq.com"},"created_at":1673545791,"modified_at":1673545791}],"error":null,"metadata":{"page":{"total_count":2,"total_filtered_count":2}}}
    headers:
      Content-Type:
      - application/json
    status: 200 OK
    code: 200
    duration: ""
- request:
    body: ""
    form: {}
    headers:
      Accept:
      - application/json
    url: https://api.datadoghq.com/api/v1/slo/7f54c2a858d95147bb4910790727bc74
    method: GET
  response:
    body: |
      {"data":{"id":"7f54c2a858d95147bb4910790727bc74","name":"tf_testaccdatadogservicelevelobjectivesdatasource_local_1673545788","tags":["tf_testaccdatadogservicelevelobjectivesdatasource_local_1673545788"],"monitor_tags":[],"thresholds":[{"timeframe":"7d","target":99.5,"target_display":"99.5","warning":99.8,"warning_display":"99.8"},{"timeframe":"30d","target":99.0,"target_display":"99."},{"timeframe":"90d","target":99.0,"target_display":"99."}],"type":"metric","type_id":1,"description":"some description about foo SLO","timeframe":"7d","warning_threshold":99.8,"target_threshold":99.5,"query":{"denominator":"sum:my.metric{*}.as_count()","numerator":"sum:tf_testaccdatadogservicelevelobjectivesdatasource_local_1673545788{type:good}.as_count()"},"creator":{"name":null,"handle":"frog@datadoghq.com","email":"frog@datadoghq.com"},"created_at":1673545789,"modified_at":1673545789},"error":null}
    headers:
      Content-Type:
      - application/json
    status: 200 OK
    code: 200
    duration: ""
- request:
    body: ""
    form: {}
    headers:
      Accept:
      - application/json
    url: https://api.datadoghq.com/api/v1/slo/67fc0a890b7f5729954ee1ed8dcc0a11
    method: GET
  response:
    body: |
      {"data":{"id":"67fc0a890b7f5729954ee1ed8dcc0a11","name":"tf_testaccdatadogservicelevelobjectivesdatasource_local_1673545788","tags":["tf_testaccdatadogservicelevelobjectivesdatasource_local_1673545788"],"monitor_tags":[],"thresholds":[{"timeframe":"7d","target":99.5,"target_display":"99.5","warning":99.8,"warning_display":"99.8"},{"timeframe":"30d","target":99.0,"target_display":"99."},{"timeframe":"90d","target":99.0,"target_display":"99."}],"type":"metric","type_id":1,"description":"some description about foo SLO","timeframe":"7d","warning_threshold":99.8,"target_threshold":99.5,"query":{"denominator":"sum:my.metric{*}.as_count()","numerator":"sum:tf_testaccdatadogservicelevelobjectivesdatasource_local_1673545788{type:good}.as_count()"},"creator":{"name":null,"handle":"frog@datadoghq.com","email":"frog@datadoghq.com"},"created_at":1673545791,"modified_at":1673545791},"error":null}
    headers:
      Content-Type:
      - application/json
    status: 200 OK
    code: 200
    duration: ""
- request:
    body: ""
    form: {}
    headers:
      Accept:
      - application/json
    url: https://api.datadoghq.com/api/v1/slo?metrics_query=tf_testaccdatadogservicelevelobjectivesdatasource_local_1673545788
    method: GET
  response:
    body: |
      {"data":[{"id":"7f54c2a858d95147bb4910790727bc74","name":"tf_testaccdatadogservicelevelobjectivesdatasource_local_1673545788","tags":["tf_testaccdatadogservicelevelobjectivesdatasource_local_1673545788"],"monitor_tags":[],"thresholds":[{"timeframe":"7d","target":99.5,"target_display":"99.5","warning":99.8,"warning_display":"99.8"},{"timeframe":"30d","target":99.0,"target_display":"99."},{"timeframe":"90d","target":99.0,"target_display":"99."}],"type":"metric","type_id":1,"description":"some description about foo SLO","timeframe":"7d","warning_threshold":99.8,"target_threshold":99.5,"query":{"denominator":"sum:my.metric{*}.as_count()","numerator":"sum:tf_testaccdatadogservicelevelobjectivesdatasource_local_1673545788{type:good}.as_count()"},"creator":{"name":null,"handle":"frog@datadoghq.com","email":"frog@datadoghq.com"},"created_at":1673545789,"modified_at":1673545789},{"id":"67fc0a890b7f5729954ee1ed8dcc0a11","name":"tf_testaccdatadogservicelevelobjectivesdatasource_local_1673545788","tags":["tf_testaccdatadogservicelevelobjectivesdatasource_local_1673545788"],"monitor_tags":[],"thresholds":[{"timeframe":"7d","target":99.5,"target_display":"99.5","warning":99.8,"warning_display":"99.8"},{"timeframe":"30d","target":99.0,"target_display":"99."},{"timeframe":"90d","target":99.0,"target_display":"99."}],"type":"metric","type_id":1,"description":"some description about foo SLO","timeframe":"7d","warning_threshold":99.8,"target_threshold":99.5,"query":{"denominator":"sum:my.metric{*}.as_count()","numerator":"sum:tf_testaccdatadogservicelevelobjectivesdatasource_local_1673545788{type:good}.as_count()"},"creator":{"name":null,"handle":"frog@datadoghq.com","email":"frog@datadoghq.com"},"created_at":1673545791,"modified_at":1673545791}],"error":null,"metadata":{"page":{"total_count":2,"total_filtered_count":2}}}
    headers:
      Content-Type:
      - application/json
    status: 200 OK
    code: 200
    duration: ""
- request:
    body: ""
    form: {}
    headers:
      Accept:
      - application/json
    url: https://api.datadoghq.com/api/v1/slo?metrics_query=tf_testaccdatadogservicelevelobjectivesdatasource_local_1673545788
    method: GET
  response:
    body: |
      {"data":[{"id":"7f54c2a858d95147bb4910790727bc74","name":"tf_testaccdatadogservicelevelobjectivesdatasource_local_1673545788","tags":["tf_testaccdatadogservicelevelobjectivesdatasource_local_1673545788"],"monitor_tags":[],"thresholds":[{"timeframe":"7d","target":99.5,"target_display":"99.5","warning":99.8,"warning_display":"99.8"},{"timeframe":"30d","target":99.0,"target_display":"99."},{"timeframe":"90d","target":99.0,"target_display":"99."}],"type":"metric","type_id":1,"description":"some description about foo SLO","timeframe":"7d","warning_threshold":99.8,"target_threshold":99.5,"query":{"denominator":"sum:my.metric{*}.as_count()","numerator":"sum:tf_testaccdatadogservicelevelobjectivesdatasource_local_1673545788{type:good}.as_count()"},"creator":{"name":null,"handle":"frog@datadoghq.com","email":"frog@datadoghq.com"},"created_at":1673545789,"modified_at":1673545789},{"id":"67fc0a890b7f5729954ee1ed8dcc0a11","name":"tf_testaccdatadogservicelevelobjectivesdatasource_local_1673545788","tags":["tf_testaccdatadogservicelevelobjectivesdatasource_local_1673545788"],"monitor_tags":[],"thresholds":[{"timeframe":"7d","target":99.5,"target_display":"99.5","warning":99.8,"warning_display":"99.8"},{"timeframe":"30d","target":99.0,"target_display":"99."},{"timeframe":"90d","target":99.0,"target_display":"99."}],"type":"metric","type_id":1,"description":"some description about foo SLO","timeframe":"7d","warning_threshold":99.8,"target_threshold":99.5,"query":{"denominator":"sum:my.metric{*}.as_count()","numerator":"sum:tf_testaccdatadogservicelevelobjectivesdatasource_local_1673545788{type:good}.as_count()"},"creator":{"name":null,"handle":"frog@datadoghq.com","email":"frog@datadoghq.com"},"created_at":1673545791,"modified_at":1673545791}],"error":null,"metadata":{"page":{"total_count":2,"total_filtered_count":2}}}
    headers:
      Content-Type:
      - application/json
    status: 200 OK
    code: 200
    duration: ""
- request:
    body: ""
    form: {}
    headers:
      Accept:
      - application/json
    url: https://api.datadoghq.com/api/v1/slo/7f54c2a858d95147bb4910790727bc74
    method: DELETE
  response:
    body: |
      {"data":["7f54c2a858d95147bb4910790727bc74"],"error":null}
    headers:
      Content-Type:
      - application/json
    status: 200 OK
    code: 200
    duration: ""
- request:
    body: ""
    form: {}
    headers:
      Accept:
      - application/json
    url: https://api.datadoghq.com/api/v1/slo/67fc0a890b7f5729954ee1ed8dcc0a11
    method: DELETE
  response:
    body: |
      {"data":["67fc0a890b7f5729954ee1ed8dcc0a11"],"error":null}
    headers:
      Content-Type:
      - application/json
    status: 200 OK
    code: 200
    duration: ""
- request:
    body: ""
    form: {}
    headers:
      Accept:
      - application/json
    url: https://api.datadoghq.com/api/v1/slo/69ea276cc989a229e36914d8a0f7407c0c7b505f41178499b85e37e73146a503
    method: GET
  response:
    body: '{"errors":["SLO not found: 69ea276cc989a229e36914d8a0f7407c0c7b505f41178499b85e37e73146a503 not found"]}'
    headers:
      Content-Type:
      - application/json
    status: 404 Not Found
    code: 404
    duration: ""
