version: 2
interactions:
- request:
    body: "{\n   \"author_handle\":\"removed_handle\",\n   \"title\":\"tf-TestAccDatadogDashboardJSONImport-local-1682003474\",\n   \"description\":\"Created using the Datadog provider in Terraform\",\n   \"widgets\":[\n      {\n         \"definition\":{\n            \"title\":\"Widget Title\",\n            \"type\":\"alert_graph\",\n            \"alert_id\":\"895605\",\n            \"viz_type\":\"timeseries\"\n         }\n      },\n      {\n         \"definition\":{\n            \"title\":\"Widget Title\",\n            \"type\":\"alert_value\",\n            \"alert_id\":\"895605\",\n            \"unit\":\"b\",\n            \"text_align\":\"center\",\n            \"precision\":3\n         }\n      },\n      {\n         \"id\":5436370674582587,\n         \"definition\":{\n            \"title\":\"Widget Title\",\n            \"type\":\"alert_value\",\n            \"alert_id\":\"895605\",\n            \"unit\":\"b\",\n            \"text_align\":\"center\",\n            \"precision\":3\n  \
      \       }\n      },\n      {\n         \"id\":3887046970315839,\n         \"definition\":{\n            \"title\":\"Widget Title\",\n            \"type\":\"change\",\n            \"requests\":[\n               {\n                  \"q\":\"avg:system.load.1{env:staging} by {account}\",\n                  \"compare_to\":\"week_before\",\n                  \"order_by\":\"name\",\n                  \"order_dir\":\"desc\",\n                  \"increase_good\":true,\n                  \"change_type\":\"absolute\",\n                  \"show_present\":true\n               }\n            ]\n         }\n      },\n      {\n         \"id\":1219518175048191,\n         \"definition\":{\n            \"title\":\"Widget Title\",\n            \"show_legend\":false,\n            \"type\":\"distribution\",\n            \"requests\":[\n               {\n                  \"q\":\"avg:system.load.1{env:staging} by {account}\",\n                  \"style\":{\n                     \"palette\":\"warm\"\n \
      \                 }\n               }\n            ]\n         }\n      },\n      {\n         \"id\":6039041238503416,\n         \"definition\":{\n            \"title\":\"Widget Title\",\n            \"type\":\"check_status\",\n            \"check\":\"aws.ecs.agent_connected\",\n            \"grouping\":\"cluster\",\n            \"group_by\":[\n               \"account\",\n               \"cluster\"\n            ],\n            \"tags\":[\n               \"account:demo\",\n               \"cluster:awseb-ruthebdog-env-8-dn3m6u3gvk\"\n            ]\n         }\n      },\n      {\n         \"id\":5186844025489598,\n         \"definition\":{\n            \"title\":\"Widget Title\",\n            \"show_legend\":false,\n            \"type\":\"heatmap\",\n            \"yaxis\":{\n               \"scale\":\"sqrt\",\n               \"include_zero\":true,\n               \"min\":\"1\",\n               \"max\":\"2\"\n            },\n            \"requests\":[\n               {\n            \
      \      \"q\":\"avg:system.load.1{env:staging} by {account}\",\n                  \"style\":{\n                     \"palette\":\"warm\"\n                  }\n               }\n            ]\n         }\n      },\n      {\n         \"id\":6742660811820435,\n         \"definition\":{\n            \"title\":\"Widget Title\",\n            \"type\":\"hostmap\",\n            \"requests\":{\n               \"fill\":{\n                  \"q\":\"avg:system.load.1{*} by {host}\"\n               },\n               \"size\":{\n                  \"q\":\"avg:memcache.uptime{*} by {host}\"\n               }\n            },\n            \"node_type\":\"container\",\n            \"no_metric_hosts\":true,\n            \"no_group_hosts\":true,\n            \"group\":[\n               \"host\",\n               \"region\"\n            ],\n            \"scope\":[\n               \"region:us-east-1\",\n               \"aws_account:727006795293\"\n            ],\n            \"style\":{\n               \"\
      palette\":\"yellow_to_green\",\n               \"palette_flip\":true,\n               \"fill_min\":\"10\",\n               \"fill_max\":\"20\"\n            }\n         }\n      },\n      {\n         \"id\":1986924343921271,\n         \"definition\":{\n            \"type\":\"note\",\n            \"content\":\"note text\",\n            \"background_color\":\"pink\",\n            \"font_size\":\"14\",\n            \"text_align\":\"center\",\n            \"show_tick\":true,\n            \"tick_pos\":\"50%\",\n            \"tick_edge\":\"left\"\n         }\n      },\n      {\n         \"id\":3043237513486645,\n         \"definition\":{\n            \"title\":\"Widget Title\",\n            \"type\":\"query_value\",\n            \"requests\":[\n               {\n                  \"q\":\"avg:system.load.1{env:staging} by {account}\",\n                  \"aggregator\":\"sum\",\n                  \"conditional_formats\":[\n                     {\n                        \"hide_value\":false,\n\
      \                        \"comparator\":\"<\",\n                        \"palette\":\"white_on_green\",\n                        \"value\":2\n                     },\n                     {\n                        \"hide_value\":false,\n                        \"comparator\":\">\",\n                        \"palette\":\"white_on_red\",\n                        \"value\":2.2\n                     }\n                  ]\n               }\n            ],\n            \"autoscale\":true,\n            \"custom_unit\":\"xx\",\n            \"text_align\":\"right\",\n            \"precision\":4\n         }\n      },\n      {\n         \"id\":8636154599297416,\n         \"definition\":{\n            \"title\":\"Widget Title\",\n            \"type\":\"query_table\",\n            \"requests\":[\n               {\n                  \"q\":\"avg:system.load.1{env:staging} by {account}\",\n                  \"aggregator\":\"sum\",\n                  \"conditional_formats\":[\n                 \
      \    {\n                        \"hide_value\":false,\n                        \"comparator\":\"<\",\n                        \"palette\":\"white_on_green\",\n                        \"value\":2\n                     },\n                     {\n                        \"hide_value\":false,\n                        \"comparator\":\">\",\n                        \"palette\":\"white_on_red\",\n                        \"value\":2.2\n                     }\n                  ],\n                  \"limit\":10\n               }\n            ]\n         }\n      },\n      {\n         \"id\":518322985317720,\n         \"definition\":{\n            \"title\":\"Widget Title\",\n            \"type\":\"scatterplot\",\n            \"requests\":{\n               \"x\":{\n                  \"q\":\"avg:system.cpu.user{*} by {service, account}\",\n                  \"aggregator\":\"max\"\n               },\n               \"y\":{\n                  \"q\":\"avg:system.mem.used{*} by {service, account}\"\
      ,\n                  \"aggregator\":\"min\"\n               }\n            },\n            \"xaxis\":{\n               \"scale\":\"pow\",\n               \"label\":\"x\",\n               \"include_zero\":true,\n               \"min\":\"1\",\n               \"max\":\"2000\"\n            },\n            \"yaxis\":{\n               \"scale\":\"log\",\n               \"label\":\"y\",\n               \"include_zero\":false,\n               \"min\":\"5\",\n               \"max\":\"2222\"\n            },\n            \"color_by_groups\":[\n               \"account\",\n               \"apm-role-group\"\n            ]\n         }\n      },\n      {\n         \"id\":4913548056140044,\n         \"definition\":{\n            \"title\":\"env: prod, datacenter:dc1, service: master-db\",\n            \"title_size\":\"16\",\n            \"title_align\":\"left\",\n            \"type\":\"servicemap\",\n            \"service\":\"master-db\",\n            \"filters\":[\n               \"env:prod\",\n\
      \               \"datacenter:dc1\"\n            ]\n         }\n      },\n      {\n         \"id\":215209954480975,\n         \"definition\":{\n            \"title\":\"Widget Title\",\n            \"show_legend\":true,\n            \"legend_size\":\"2\",\n            \"type\":\"timeseries\",\n            \"requests\":[\n               {\n                  \"q\":\"avg:system.cpu.user{app:general} by {env}\",\n                  \"on_right_yaxis\":false,\n                  \"metadata\":[\n                     {\n                        \"expression\":\"avg:system.cpu.user{app:general} by {env}\",\n                        \"alias_name\":\"Alpha\"\n                     }\n                  ],\n                  \"style\":{\n                     \"palette\":\"warm\",\n                     \"line_type\":\"dashed\",\n                     \"line_width\":\"thin\"\n                  },\n                  \"display_type\":\"line\"\n               },\n               {\n                  \"on_right_yaxis\"\
      :false,\n                  \"log_query\":{\n                     \"index\":\"mcnulty\",\n                     \"search\":{\n                        \"query\":\"status:info\"\n                     },\n                     \"group_by\":[\n                        {\n                           \"facet\":\"host\",\n                           \"sort\":{\n                              \"facet\":\"@duration\",\n                              \"aggregation\":\"avg\",\n                              \"order\":\"desc\"\n                           },\n                           \"limit\":10\n                        }\n                     ],\n                     \"compute\":{\n                        \"facet\":\"@duration\",\n                        \"interval\":5000,\n                        \"aggregation\":\"avg\"\n                     }\n                  },\n                  \"display_type\":\"area\"\n               },\n               {\n                  \"on_right_yaxis\":false,\n     \
      \             \"apm_query\":{\n                     \"index\":\"apm-search\",\n                     \"search\":{\n                        \"query\":\"type:web\"\n                     },\n                     \"group_by\":[\n                        {\n                           \"facet\":\"resource_name\",\n                           \"sort\":{\n                              \"facet\":\"@string_query.interval\",\n                              \"aggregation\":\"avg\",\n                              \"order\":\"desc\"\n                           },\n                           \"limit\":50\n                        }\n                     ],\n                     \"compute\":{\n                        \"facet\":\"@duration\",\n                        \"interval\":5000,\n                        \"aggregation\":\"avg\"\n                     }\n                  },\n                  \"display_type\":\"bars\"\n               },\n               {\n                  \"on_right_yaxis\":false,\n\
      \                  \"process_query\":{\n                     \"search_by\":\"error\",\n                     \"metric\":\"process.stat.cpu.total_pct\",\n                     \"limit\":50,\n                     \"filter_by\":[\n                        \"active\"\n                     ]\n                  },\n                  \"display_type\":\"area\"\n               }\n            ],\n            \"yaxis\":{\n               \"scale\":\"log\",\n               \"include_zero\":false,\n               \"max\":\"100\"\n            },\n            \"events\":[\n               {\n                  \"q\":\"sources:test tags:1\"\n               },\n               {\n                  \"q\":\"sources:test tags:2\"\n               }\n            ],\n            \"markers\":[\n               {\n                  \"label\":\" z=6 \",\n                  \"value\":\"y = 4\",\n                  \"display_type\":\"error dashed\"\n               },\n               {\n                  \"label\":\" x=8\
      \ \",\n                  \"value\":\"10 < y < 999\",\n                  \"display_type\":\"ok solid\"\n               }\n            ]\n         }\n      },\n      {\n         \"id\":8114292022885770,\n         \"definition\":{\n            \"title\":\"Widget Title\",\n            \"type\":\"toplist\",\n            \"requests\":[\n               {\n                  \"q\":\"avg:system.cpu.user{app:general} by {env}\",\n                  \"conditional_formats\":[\n                     {\n                        \"hide_value\":false,\n                        \"comparator\":\"<\",\n                        \"palette\":\"white_on_green\",\n                        \"value\":2\n                     },\n                     {\n                        \"hide_value\":false,\n                        \"comparator\":\">\",\n                        \"palette\":\"white_on_red\",\n                        \"value\":2.2\n                     }\n                  ]\n               }\n            ]\n\
      \         }\n      },\n      {\n         \"id\":444605829496771,\n         \"definition\":{\n            \"title\":\"Group Widget\",\n            \"type\":\"group\",\n            \"layout_type\":\"ordered\",\n            \"widgets\":[\n               {\n                  \"definition\":{\n                     \"type\":\"note\",\n                     \"content\":\"cluster note widget\",\n                     \"background_color\":\"pink\",\n                     \"font_size\":\"14\",\n                     \"text_align\":\"center\",\n                     \"show_tick\":true,\n                     \"tick_pos\":\"50%\",\n                     \"tick_edge\":\"left\"\n                  }\n               },\n               {\n                  \"id\":8096017487317681,\n                  \"definition\":{\n                     \"title\":\"Alert Graph\",\n                     \"type\":\"alert_graph\",\n                     \"alert_id\":\"123\",\n                     \"viz_type\":\"toplist\"\n \
      \                 }\n               }\n            ]\n         }\n      },\n      {\n         \"definition\":{\n            \"title\":\"Widget Title\",\n            \"type\":\"slo\",\n            \"view_type\":\"detail\",\n            \"time_windows\":[\n               \"7d\",\n               \"previous_week\"\n            ],\n            \"slo_id\":\"56789\",\n            \"show_error_budget\":true,\n            \"view_mode\":\"overall\",\n            \"global_time_target\":\"0\"\n         }\n      }\n   ],\n   \"template_variables\":[\n      {\n         \"name\":\"var_1\",\n         \"default\":\"aws\",\n         \"prefix\":\"host\"\n      },\n      {\n         \"name\":\"var_2\",\n         \"default\":\"autoscaling\",\n         \"prefix\":\"service_name\"\n      }\n   ],\n   \"layout_type\":\"ordered\",\n   \"is_read_only\":true,\n   \"notify_list\":[\n      \n   ],\n   \"template_variable_presets\":[\n      {\n         \"name\":\"preset_1\",\n         \"template_variables\":[\n\
      \            {\n               \"name\":\"var_1\",\n               \"value\":\"host.dc\"\n            },\n            {\n               \"name\":\"var_2\",\n               \"value\":\"my_service\"\n            }\n         ]\n      }\n   ],\n   \"id\":\"5uw-bbj-xec\"\n}\n"
    form: {}
    headers:
      Content-Type:
      - application/json
    url: https://api.datadoghq.com/api/v1/dashboard
    method: POST
    id: 0
  response:
    body: |
      {"id":"7fy-day-ytg","title":"tf-TestAccDatadogDashboardJSONImport-local-1682003474","description":"Created using the Datadog provider in Terraform","author_handle":"frog@datadoghq.com","author_name":null,"layout_type":"ordered","url":"/dashboard/7fy-day-ytg/tf-testaccdatadogdashboardjsonimport-local-1682003474","is_read_only":true,"template_variables":[{"name":"var_1","default":"aws","prefix":"host"},{"name":"var_2","default":"autoscaling","prefix":"service_name"}],"widgets":[{"definition":{"title":"Widget Title","type":"alert_graph","alert_id":"895605","viz_type":"timeseries"},"id":4257600017803777},{"definition":{"title":"Widget Title","type":"alert_value","alert_id":"895605","unit":"b","text_align":"center","precision":3},"id":8635856387311939},{"id":5436370674582587,"definition":{"title":"Widget Title","type":"alert_value","alert_id":"895605","unit":"b","text_align":"center","precision":3}},{"id":3887046970315839,"definition":{"title":"Widget Title","type":"change","requests":[{"q":"avg:system.load.1{env:staging} by {account}","compare_to":"week_before","order_by":"name","order_dir":"desc","increase_good":true,"change_type":"absolute","show_present":true}]}},{"id":1219518175048191,"definition":{"title":"Widget Title","show_legend":false,"type":"distribution","requests":[{"q":"avg:system.load.1{env:staging} by {account}","style":{"palette":"warm"}}]}},{"id":6039041238503416,"definition":{"title":"Widget Title","type":"check_status","check":"aws.ecs.agent_connected","grouping":"cluster","group_by":["account","cluster"],"tags":["account:demo","cluster:awseb-ruthebdog-env-8-dn3m6u3gvk"]}},{"id":5186844025489598,"definition":{"title":"Widget Title","show_legend":false,"type":"heatmap","yaxis":{"scale":"sqrt","include_zero":true,"min":"1","max":"2"},"requests":[{"q":"avg:system.load.1{env:staging} by {account}","style":{"palette":"warm"}}]}},{"id":6742660811820435,"definition":{"title":"Widget Title","type":"hostmap","requests":{"fill":{"q":"avg:system.load.1{*} by {host}"},"size":{"q":"avg:memcache.uptime{*} by {host}"}},"node_type":"container","no_metric_hosts":true,"no_group_hosts":true,"group":["host","region"],"scope":["region:us-east-1","aws_account:727006795293"],"style":{"palette":"yellow_to_green","palette_flip":true,"fill_min":"10","fill_max":"20"}}},{"id":1986924343921271,"definition":{"type":"note","content":"note text","background_color":"pink","font_size":"14","text_align":"center","show_tick":true,"tick_pos":"50%","tick_edge":"left"}},{"id":3043237513486645,"definition":{"title":"Widget Title","type":"query_value","requests":[{"q":"avg:system.load.1{env:staging} by {account}","aggregator":"sum","conditional_formats":[{"hide_value":false,"comparator":"<","palette":"white_on_green","value":2},{"hide_value":false,"comparator":">","palette":"white_on_red","value":2.2}]}],"autoscale":true,"custom_unit":"xx","text_align":"right","precision":4}},{"id":8636154599297416,"definition":{"title":"Widget Title","type":"query_table","requests":[{"q":"avg:system.load.1{env:staging} by {account}","aggregator":"sum","conditional_formats":[{"hide_value":false,"comparator":"<","palette":"white_on_green","value":2},{"hide_value":false,"comparator":">","palette":"white_on_red","value":2.2}],"limit":10}]}},{"id":518322985317720,"definition":{"title":"Widget Title","type":"scatterplot","requests":{"x":{"q":"avg:system.cpu.user{*} by {service, account}","aggregator":"max"},"y":{"q":"avg:system.mem.used{*} by {service, account}","aggregator":"min"}},"xaxis":{"scale":"pow","label":"x","include_zero":true,"min":"1","max":"2000"},"yaxis":{"scale":"log","label":"y","include_zero":false,"min":"5","max":"2222"},"color_by_groups":["account","apm-role-group"]}},{"id":4913548056140044,"definition":{"title":"env: prod, datacenter:dc1, service: master-db","title_size":"16","title_align":"left","type":"servicemap","service":"master-db","filters":["env:prod","datacenter:dc1"]}},{"id":215209954480975,"definition":{"title":"Widget Title","show_legend":true,"legend_size":"2","type":"timeseries","requests":[{"q":"avg:system.cpu.user{app:general} by {env}","on_right_yaxis":false,"metadata":[{"expression":"avg:system.cpu.user{app:general} by {env}","alias_name":"Alpha"}],"style":{"palette":"warm","line_type":"dashed","line_width":"thin"},"display_type":"line"},{"on_right_yaxis":false,"log_query":{"index":"mcnulty","search":{"query":"status:info"},"group_by":[{"facet":"host","sort":{"facet":"@duration","aggregation":"avg","order":"desc"},"limit":10}],"compute":{"facet":"@duration","interval":5000,"aggregation":"avg"}},"display_type":"area"},{"on_right_yaxis":false,"apm_query":{"index":"apm-search","search":{"query":"type:web"},"group_by":[{"facet":"resource_name","sort":{"facet":"@string_query.interval","aggregation":"avg","order":"desc"},"limit":50}],"compute":{"facet":"@duration","interval":5000,"aggregation":"avg"}},"display_type":"bars"},{"on_right_yaxis":false,"process_query":{"search_by":"error","metric":"process.stat.cpu.total_pct","limit":50,"filter_by":["active"]},"display_type":"area"}],"yaxis":{"scale":"log","include_zero":false,"max":"100"},"events":[{"q":"sources:test tags:1"},{"q":"sources:test tags:2"}],"markers":[{"label":" z=6 ","value":"y = 4","display_type":"error dashed"},{"label":" x=8 ","value":"10 < y < 999","display_type":"ok solid"}]}},{"id":8114292022885770,"definition":{"title":"Widget Title","type":"toplist","requests":[{"q":"avg:system.cpu.user{app:general} by {env}","conditional_formats":[{"hide_value":false,"comparator":"<","palette":"white_on_green","value":2},{"hide_value":false,"comparator":">","palette":"white_on_red","value":2.2}]}]}},{"id":444605829496771,"definition":{"title":"Group Widget","type":"group","layout_type":"ordered","widgets":[{"definition":{"type":"note","content":"cluster note widget","background_color":"pink","font_size":"14","text_align":"center","show_tick":true,"tick_pos":"50%","tick_edge":"left"},"id":1614709076786099},{"id":8096017487317681,"definition":{"title":"Alert Graph","type":"alert_graph","alert_id":"123","viz_type":"toplist"}}]}},{"definition":{"title":"Widget Title","type":"slo","view_type":"detail","time_windows":["7d","previous_week"],"slo_id":"56789","show_error_budget":true,"view_mode":"overall","global_time_target":"0"},"id":4004788189322598}],"notify_list":[],"created_at":"2023-04-20T15:11:16.627261+00:00","modified_at":"2023-04-20T15:11:16.627261+00:00","template_variable_presets":[{"name":"preset_1","template_variables":[{"name":"var_1","value":"host.dc"},{"name":"var_2","value":"my_service"}]}]}
    headers:
      Content-Type:
      - application/json
    status: 200 OK
    code: 200
    duration: "0ms"
- request:
    body: ""
    form: {}
    headers:
      Content-Type:
      - application/json
    url: https://api.datadoghq.com/api/v1/dashboard/7fy-day-ytg
    method: GET
    id: 1
  response:
    body: |
      {"id":"7fy-day-ytg","title":"tf-TestAccDatadogDashboardJSONImport-local-1682003474","description":"Created using the Datadog provider in Terraform","author_handle":"frog@datadoghq.com","author_name":null,"layout_type":"ordered","url":"/dashboard/7fy-day-ytg/tf-testaccdatadogdashboardjsonimport-local-1682003474","is_read_only":true,"template_variables":[{"name":"var_1","default":"aws","prefix":"host"},{"name":"var_2","default":"autoscaling","prefix":"service_name"}],"widgets":[{"definition":{"title":"Widget Title","type":"alert_graph","alert_id":"895605","viz_type":"timeseries"},"id":4257600017803777},{"definition":{"title":"Widget Title","type":"alert_value","alert_id":"895605","unit":"b","text_align":"center","precision":3},"id":8635856387311939},{"id":5436370674582587,"definition":{"title":"Widget Title","type":"alert_value","alert_id":"895605","unit":"b","text_align":"center","precision":3}},{"id":3887046970315839,"definition":{"title":"Widget Title","type":"change","requests":[{"q":"avg:system.load.1{env:staging} by {account}","compare_to":"week_before","order_by":"name","order_dir":"desc","increase_good":true,"change_type":"absolute","show_present":true}]}},{"id":1219518175048191,"definition":{"title":"Widget Title","show_legend":false,"type":"distribution","requests":[{"q":"avg:system.load.1{env:staging} by {account}","style":{"palette":"warm"}}]}},{"id":6039041238503416,"definition":{"title":"Widget Title","type":"check_status","check":"aws.ecs.agent_connected","grouping":"cluster","group_by":["account","cluster"],"tags":["account:demo","cluster:awseb-ruthebdog-env-8-dn3m6u3gvk"]}},{"id":5186844025489598,"definition":{"title":"Widget Title","show_legend":false,"type":"heatmap","yaxis":{"scale":"sqrt","include_zero":true,"min":"1","max":"2"},"requests":[{"q":"avg:system.load.1{env:staging} by {account}","style":{"palette":"warm"}}]}},{"id":6742660811820435,"definition":{"title":"Widget Title","type":"hostmap","requests":{"fill":{"q":"avg:system.load.1{*} by {host}"},"size":{"q":"avg:memcache.uptime{*} by {host}"}},"node_type":"container","no_metric_hosts":true,"no_group_hosts":true,"group":["host","region"],"scope":["region:us-east-1","aws_account:727006795293"],"style":{"palette":"yellow_to_green","palette_flip":true,"fill_min":"10","fill_max":"20"}}},{"id":1986924343921271,"definition":{"type":"note","content":"note text","background_color":"pink","font_size":"14","text_align":"center","show_tick":true,"tick_pos":"50%","tick_edge":"left"}},{"id":3043237513486645,"definition":{"title":"Widget Title","type":"query_value","requests":[{"q":"avg:system.load.1{env:staging} by {account}","aggregator":"sum","conditional_formats":[{"hide_value":false,"comparator":"<","palette":"white_on_green","value":2},{"hide_value":false,"comparator":">","palette":"white_on_red","value":2.2}]}],"autoscale":true,"custom_unit":"xx","text_align":"right","precision":4}},{"id":8636154599297416,"definition":{"title":"Widget Title","type":"query_table","requests":[{"q":"avg:system.load.1{env:staging} by {account}","aggregator":"sum","conditional_formats":[{"hide_value":false,"comparator":"<","palette":"white_on_green","value":2},{"hide_value":false,"comparator":">","palette":"white_on_red","value":2.2}],"limit":10}]}},{"id":518322985317720,"definition":{"title":"Widget Title","type":"scatterplot","requests":{"x":{"q":"avg:system.cpu.user{*} by {service, account}","aggregator":"max"},"y":{"q":"avg:system.mem.used{*} by {service, account}","aggregator":"min"}},"xaxis":{"scale":"pow","label":"x","include_zero":true,"min":"1","max":"2000"},"yaxis":{"scale":"log","label":"y","include_zero":false,"min":"5","max":"2222"},"color_by_groups":["account","apm-role-group"]}},{"id":4913548056140044,"definition":{"title":"env: prod, datacenter:dc1, service: master-db","title_size":"16","title_align":"left","type":"servicemap","service":"master-db","filters":["env:prod","datacenter:dc1"]}},{"id":215209954480975,"definition":{"title":"Widget Title","show_legend":true,"legend_size":"2","type":"timeseries","requests":[{"q":"avg:system.cpu.user{app:general} by {env}","on_right_yaxis":false,"metadata":[{"expression":"avg:system.cpu.user{app:general} by {env}","alias_name":"Alpha"}],"style":{"palette":"warm","line_type":"dashed","line_width":"thin"},"display_type":"line"},{"on_right_yaxis":false,"log_query":{"index":"mcnulty","search":{"query":"status:info"},"group_by":[{"facet":"host","sort":{"facet":"@duration","aggregation":"avg","order":"desc"},"limit":10}],"compute":{"facet":"@duration","interval":5000,"aggregation":"avg"}},"display_type":"area"},{"on_right_yaxis":false,"apm_query":{"index":"apm-search","search":{"query":"type:web"},"group_by":[{"facet":"resource_name","sort":{"facet":"@string_query.interval","aggregation":"avg","order":"desc"},"limit":50}],"compute":{"facet":"@duration","interval":5000,"aggregation":"avg"}},"display_type":"bars"},{"on_right_yaxis":false,"process_query":{"search_by":"error","metric":"process.stat.cpu.total_pct","limit":50,"filter_by":["active"]},"display_type":"area"}],"yaxis":{"scale":"log","include_zero":false,"max":"100"},"events":[{"q":"sources:test tags:1"},{"q":"sources:test tags:2"}],"markers":[{"label":" z=6 ","value":"y = 4","display_type":"error dashed"},{"label":" x=8 ","value":"10 < y < 999","display_type":"ok solid"}]}},{"id":8114292022885770,"definition":{"title":"Widget Title","type":"toplist","requests":[{"q":"avg:system.cpu.user{app:general} by {env}","conditional_formats":[{"hide_value":false,"comparator":"<","palette":"white_on_green","value":2},{"hide_value":false,"comparator":">","palette":"white_on_red","value":2.2}]}]}},{"id":444605829496771,"definition":{"title":"Group Widget","type":"group","layout_type":"ordered","widgets":[{"definition":{"type":"note","content":"cluster note widget","background_color":"pink","font_size":"14","text_align":"center","show_tick":true,"tick_pos":"50%","tick_edge":"left"},"id":1614709076786099},{"id":8096017487317681,"definition":{"title":"Alert Graph","type":"alert_graph","alert_id":"123","viz_type":"toplist"}}]}},{"definition":{"title":"Widget Title","type":"slo","view_type":"detail","time_windows":["7d","previous_week"],"slo_id":"56789","show_error_budget":true,"view_mode":"overall","global_time_target":"0"},"id":4004788189322598}],"notify_list":[],"created_at":"2023-04-20T15:11:16.627261+00:00","modified_at":"2023-04-20T15:11:16.627261+00:00","template_variable_presets":[{"name":"preset_1","template_variables":[{"name":"var_1","value":"host.dc"},{"name":"var_2","value":"my_service"}]}]}
    headers:
      Content-Type:
      - application/json
    status: 200 OK
    code: 200
    duration: "0ms"
- request:
    body: ""
    form: {}
    headers:
      Content-Type:
      - application/json
    url: https://api.datadoghq.com/api/v1/dashboard/7fy-day-ytg
    method: GET
    id: 2
  response:
    body: |
      {"id":"7fy-day-ytg","title":"tf-TestAccDatadogDashboardJSONImport-local-1682003474","description":"Created using the Datadog provider in Terraform","author_handle":"frog@datadoghq.com","author_name":null,"layout_type":"ordered","url":"/dashboard/7fy-day-ytg/tf-testaccdatadogdashboardjsonimport-local-1682003474","is_read_only":true,"template_variables":[{"name":"var_1","default":"aws","prefix":"host"},{"name":"var_2","default":"autoscaling","prefix":"service_name"}],"widgets":[{"definition":{"title":"Widget Title","type":"alert_graph","alert_id":"895605","viz_type":"timeseries"},"id":4257600017803777},{"definition":{"title":"Widget Title","type":"alert_value","alert_id":"895605","unit":"b","text_align":"center","precision":3},"id":8635856387311939},{"id":5436370674582587,"definition":{"title":"Widget Title","type":"alert_value","alert_id":"895605","unit":"b","text_align":"center","precision":3}},{"id":3887046970315839,"definition":{"title":"Widget Title","type":"change","requests":[{"q":"avg:system.load.1{env:staging} by {account}","compare_to":"week_before","order_by":"name","order_dir":"desc","increase_good":true,"change_type":"absolute","show_present":true}]}},{"id":1219518175048191,"definition":{"title":"Widget Title","show_legend":false,"type":"distribution","requests":[{"q":"avg:system.load.1{env:staging} by {account}","style":{"palette":"warm"}}]}},{"id":6039041238503416,"definition":{"title":"Widget Title","type":"check_status","check":"aws.ecs.agent_connected","grouping":"cluster","group_by":["account","cluster"],"tags":["account:demo","cluster:awseb-ruthebdog-env-8-dn3m6u3gvk"]}},{"id":5186844025489598,"definition":{"title":"Widget Title","show_legend":false,"type":"heatmap","yaxis":{"scale":"sqrt","include_zero":true,"min":"1","max":"2"},"requests":[{"q":"avg:system.load.1{env:staging} by {account}","style":{"palette":"warm"}}]}},{"id":6742660811820435,"definition":{"title":"Widget Title","type":"hostmap","requests":{"fill":{"q":"avg:system.load.1{*} by {host}"},"size":{"q":"avg:memcache.uptime{*} by {host}"}},"node_type":"container","no_metric_hosts":true,"no_group_hosts":true,"group":["host","region"],"scope":["region:us-east-1","aws_account:727006795293"],"style":{"palette":"yellow_to_green","palette_flip":true,"fill_min":"10","fill_max":"20"}}},{"id":1986924343921271,"definition":{"type":"note","content":"note text","background_color":"pink","font_size":"14","text_align":"center","show_tick":true,"tick_pos":"50%","tick_edge":"left"}},{"id":3043237513486645,"definition":{"title":"Widget Title","type":"query_value","requests":[{"q":"avg:system.load.1{env:staging} by {account}","aggregator":"sum","conditional_formats":[{"hide_value":false,"comparator":"<","palette":"white_on_green","value":2},{"hide_value":false,"comparator":">","palette":"white_on_red","value":2.2}]}],"autoscale":true,"custom_unit":"xx","text_align":"right","precision":4}},{"id":8636154599297416,"definition":{"title":"Widget Title","type":"query_table","requests":[{"q":"avg:system.load.1{env:staging} by {account}","aggregator":"sum","conditional_formats":[{"hide_value":false,"comparator":"<","palette":"white_on_green","value":2},{"hide_value":false,"comparator":">","palette":"white_on_red","value":2.2}],"limit":10}]}},{"id":518322985317720,"definition":{"title":"Widget Title","type":"scatterplot","requests":{"x":{"q":"avg:system.cpu.user{*} by {service, account}","aggregator":"max"},"y":{"q":"avg:system.mem.used{*} by {service, account}","aggregator":"min"}},"xaxis":{"scale":"pow","label":"x","include_zero":true,"min":"1","max":"2000"},"yaxis":{"scale":"log","label":"y","include_zero":false,"min":"5","max":"2222"},"color_by_groups":["account","apm-role-group"]}},{"id":4913548056140044,"definition":{"title":"env: prod, datacenter:dc1, service: master-db","title_size":"16","title_align":"left","type":"servicemap","service":"master-db","filters":["env:prod","datacenter:dc1"]}},{"id":215209954480975,"definition":{"title":"Widget Title","show_legend":true,"legend_size":"2","type":"timeseries","requests":[{"q":"avg:system.cpu.user{app:general} by {env}","on_right_yaxis":false,"metadata":[{"expression":"avg:system.cpu.user{app:general} by {env}","alias_name":"Alpha"}],"style":{"palette":"warm","line_type":"dashed","line_width":"thin"},"display_type":"line"},{"on_right_yaxis":false,"log_query":{"index":"mcnulty","search":{"query":"status:info"},"group_by":[{"facet":"host","sort":{"facet":"@duration","aggregation":"avg","order":"desc"},"limit":10}],"compute":{"facet":"@duration","interval":5000,"aggregation":"avg"}},"display_type":"area"},{"on_right_yaxis":false,"apm_query":{"index":"apm-search","search":{"query":"type:web"},"group_by":[{"facet":"resource_name","sort":{"facet":"@string_query.interval","aggregation":"avg","order":"desc"},"limit":50}],"compute":{"facet":"@duration","interval":5000,"aggregation":"avg"}},"display_type":"bars"},{"on_right_yaxis":false,"process_query":{"search_by":"error","metric":"process.stat.cpu.total_pct","limit":50,"filter_by":["active"]},"display_type":"area"}],"yaxis":{"scale":"log","include_zero":false,"max":"100"},"events":[{"q":"sources:test tags:1"},{"q":"sources:test tags:2"}],"markers":[{"label":" z=6 ","value":"y = 4","display_type":"error dashed"},{"label":" x=8 ","value":"10 < y < 999","display_type":"ok solid"}]}},{"id":8114292022885770,"definition":{"title":"Widget Title","type":"toplist","requests":[{"q":"avg:system.cpu.user{app:general} by {env}","conditional_formats":[{"hide_value":false,"comparator":"<","palette":"white_on_green","value":2},{"hide_value":false,"comparator":">","palette":"white_on_red","value":2.2}]}]}},{"id":444605829496771,"definition":{"title":"Group Widget","type":"group","layout_type":"ordered","widgets":[{"definition":{"type":"note","content":"cluster note widget","background_color":"pink","font_size":"14","text_align":"center","show_tick":true,"tick_pos":"50%","tick_edge":"left"},"id":1614709076786099},{"id":8096017487317681,"definition":{"title":"Alert Graph","type":"alert_graph","alert_id":"123","viz_type":"toplist"}}]}},{"definition":{"title":"Widget Title","type":"slo","view_type":"detail","time_windows":["7d","previous_week"],"slo_id":"56789","show_error_budget":true,"view_mode":"overall","global_time_target":"0"},"id":4004788189322598}],"notify_list":[],"created_at":"2023-04-20T15:11:16.627261+00:00","modified_at":"2023-04-20T15:11:16.627261+00:00","template_variable_presets":[{"name":"preset_1","template_variables":[{"name":"var_1","value":"host.dc"},{"name":"var_2","value":"my_service"}]}]}
    headers:
      Content-Type:
      - application/json
    status: 200 OK
    code: 200
    duration: "0ms"
- request:
    body: ""
    form: {}
    headers:
      Content-Type:
      - application/json
    url: https://api.datadoghq.com/api/v1/dashboard/7fy-day-ytg
    method: GET
    id: 3
  response:
    body: |
      {"id":"7fy-day-ytg","title":"tf-TestAccDatadogDashboardJSONImport-local-1682003474","description":"Created using the Datadog provider in Terraform","author_handle":"frog@datadoghq.com","author_name":null,"layout_type":"ordered","url":"/dashboard/7fy-day-ytg/tf-testaccdatadogdashboardjsonimport-local-1682003474","is_read_only":true,"template_variables":[{"name":"var_1","default":"aws","prefix":"host"},{"name":"var_2","default":"autoscaling","prefix":"service_name"}],"widgets":[{"definition":{"title":"Widget Title","type":"alert_graph","alert_id":"895605","viz_type":"timeseries"},"id":4257600017803777},{"definition":{"title":"Widget Title","type":"alert_value","alert_id":"895605","unit":"b","text_align":"center","precision":3},"id":8635856387311939},{"id":5436370674582587,"definition":{"title":"Widget Title","type":"alert_value","alert_id":"895605","unit":"b","text_align":"center","precision":3}},{"id":3887046970315839,"definition":{"title":"Widget Title","type":"change","requests":[{"q":"avg:system.load.1{env:staging} by {account}","compare_to":"week_before","order_by":"name","order_dir":"desc","increase_good":true,"change_type":"absolute","show_present":true}]}},{"id":1219518175048191,"definition":{"title":"Widget Title","show_legend":false,"type":"distribution","requests":[{"q":"avg:system.load.1{env:staging} by {account}","style":{"palette":"warm"}}]}},{"id":6039041238503416,"definition":{"title":"Widget Title","type":"check_status","check":"aws.ecs.agent_connected","grouping":"cluster","group_by":["account","cluster"],"tags":["account:demo","cluster:awseb-ruthebdog-env-8-dn3m6u3gvk"]}},{"id":5186844025489598,"definition":{"title":"Widget Title","show_legend":false,"type":"heatmap","yaxis":{"scale":"sqrt","include_zero":true,"min":"1","max":"2"},"requests":[{"q":"avg:system.load.1{env:staging} by {account}","style":{"palette":"warm"}}]}},{"id":6742660811820435,"definition":{"title":"Widget Title","type":"hostmap","requests":{"fill":{"q":"avg:system.load.1{*} by {host}"},"size":{"q":"avg:memcache.uptime{*} by {host}"}},"node_type":"container","no_metric_hosts":true,"no_group_hosts":true,"group":["host","region"],"scope":["region:us-east-1","aws_account:727006795293"],"style":{"palette":"yellow_to_green","palette_flip":true,"fill_min":"10","fill_max":"20"}}},{"id":1986924343921271,"definition":{"type":"note","content":"note text","background_color":"pink","font_size":"14","text_align":"center","show_tick":true,"tick_pos":"50%","tick_edge":"left"}},{"id":3043237513486645,"definition":{"title":"Widget Title","type":"query_value","requests":[{"q":"avg:system.load.1{env:staging} by {account}","aggregator":"sum","conditional_formats":[{"hide_value":false,"comparator":"<","palette":"white_on_green","value":2},{"hide_value":false,"comparator":">","palette":"white_on_red","value":2.2}]}],"autoscale":true,"custom_unit":"xx","text_align":"right","precision":4}},{"id":8636154599297416,"definition":{"title":"Widget Title","type":"query_table","requests":[{"q":"avg:system.load.1{env:staging} by {account}","aggregator":"sum","conditional_formats":[{"hide_value":false,"comparator":"<","palette":"white_on_green","value":2},{"hide_value":false,"comparator":">","palette":"white_on_red","value":2.2}],"limit":10}]}},{"id":518322985317720,"definition":{"title":"Widget Title","type":"scatterplot","requests":{"x":{"q":"avg:system.cpu.user{*} by {service, account}","aggregator":"max"},"y":{"q":"avg:system.mem.used{*} by {service, account}","aggregator":"min"}},"xaxis":{"scale":"pow","label":"x","include_zero":true,"min":"1","max":"2000"},"yaxis":{"scale":"log","label":"y","include_zero":false,"min":"5","max":"2222"},"color_by_groups":["account","apm-role-group"]}},{"id":4913548056140044,"definition":{"title":"env: prod, datacenter:dc1, service: master-db","title_size":"16","title_align":"left","type":"servicemap","service":"master-db","filters":["env:prod","datacenter:dc1"]}},{"id":215209954480975,"definition":{"title":"Widget Title","show_legend":true,"legend_size":"2","type":"timeseries","requests":[{"q":"avg:system.cpu.user{app:general} by {env}","on_right_yaxis":false,"metadata":[{"expression":"avg:system.cpu.user{app:general} by {env}","alias_name":"Alpha"}],"style":{"palette":"warm","line_type":"dashed","line_width":"thin"},"display_type":"line"},{"on_right_yaxis":false,"log_query":{"index":"mcnulty","search":{"query":"status:info"},"group_by":[{"facet":"host","sort":{"facet":"@duration","aggregation":"avg","order":"desc"},"limit":10}],"compute":{"facet":"@duration","interval":5000,"aggregation":"avg"}},"display_type":"area"},{"on_right_yaxis":false,"apm_query":{"index":"apm-search","search":{"query":"type:web"},"group_by":[{"facet":"resource_name","sort":{"facet":"@string_query.interval","aggregation":"avg","order":"desc"},"limit":50}],"compute":{"facet":"@duration","interval":5000,"aggregation":"avg"}},"display_type":"bars"},{"on_right_yaxis":false,"process_query":{"search_by":"error","metric":"process.stat.cpu.total_pct","limit":50,"filter_by":["active"]},"display_type":"area"}],"yaxis":{"scale":"log","include_zero":false,"max":"100"},"events":[{"q":"sources:test tags:1"},{"q":"sources:test tags:2"}],"markers":[{"label":" z=6 ","value":"y = 4","display_type":"error dashed"},{"label":" x=8 ","value":"10 < y < 999","display_type":"ok solid"}]}},{"id":8114292022885770,"definition":{"title":"Widget Title","type":"toplist","requests":[{"q":"avg:system.cpu.user{app:general} by {env}","conditional_formats":[{"hide_value":false,"comparator":"<","palette":"white_on_green","value":2},{"hide_value":false,"comparator":">","palette":"white_on_red","value":2.2}]}]}},{"id":444605829496771,"definition":{"title":"Group Widget","type":"group","layout_type":"ordered","widgets":[{"definition":{"type":"note","content":"cluster note widget","background_color":"pink","font_size":"14","text_align":"center","show_tick":true,"tick_pos":"50%","tick_edge":"left"},"id":1614709076786099},{"id":8096017487317681,"definition":{"title":"Alert Graph","type":"alert_graph","alert_id":"123","viz_type":"toplist"}}]}},{"definition":{"title":"Widget Title","type":"slo","view_type":"detail","time_windows":["7d","previous_week"],"slo_id":"56789","show_error_budget":true,"view_mode":"overall","global_time_target":"0"},"id":4004788189322598}],"notify_list":[],"created_at":"2023-04-20T15:11:16.627261+00:00","modified_at":"2023-04-20T15:11:16.627261+00:00","template_variable_presets":[{"name":"preset_1","template_variables":[{"name":"var_1","value":"host.dc"},{"name":"var_2","value":"my_service"}]}]}
    headers:
      Content-Type:
      - application/json
    status: 200 OK
    code: 200
    duration: "0ms"
- request:
    body: ""
    form: {}
    headers:
      Content-Type:
      - application/json
    url: https://api.datadoghq.com/api/v1/dashboard/7fy-day-ytg
    method: GET
    id: 4
  response:
    body: |
      {"id":"7fy-day-ytg","title":"tf-TestAccDatadogDashboardJSONImport-local-1682003474","description":"Created using the Datadog provider in Terraform","author_handle":"frog@datadoghq.com","author_name":null,"layout_type":"ordered","url":"/dashboard/7fy-day-ytg/tf-testaccdatadogdashboardjsonimport-local-1682003474","is_read_only":true,"template_variables":[{"name":"var_1","default":"aws","prefix":"host"},{"name":"var_2","default":"autoscaling","prefix":"service_name"}],"widgets":[{"definition":{"title":"Widget Title","type":"alert_graph","alert_id":"895605","viz_type":"timeseries"},"id":4257600017803777},{"definition":{"title":"Widget Title","type":"alert_value","alert_id":"895605","unit":"b","text_align":"center","precision":3},"id":8635856387311939},{"id":5436370674582587,"definition":{"title":"Widget Title","type":"alert_value","alert_id":"895605","unit":"b","text_align":"center","precision":3}},{"id":3887046970315839,"definition":{"title":"Widget Title","type":"change","requests":[{"q":"avg:system.load.1{env:staging} by {account}","compare_to":"week_before","order_by":"name","order_dir":"desc","increase_good":true,"change_type":"absolute","show_present":true}]}},{"id":1219518175048191,"definition":{"title":"Widget Title","show_legend":false,"type":"distribution","requests":[{"q":"avg:system.load.1{env:staging} by {account}","style":{"palette":"warm"}}]}},{"id":6039041238503416,"definition":{"title":"Widget Title","type":"check_status","check":"aws.ecs.agent_connected","grouping":"cluster","group_by":["account","cluster"],"tags":["account:demo","cluster:awseb-ruthebdog-env-8-dn3m6u3gvk"]}},{"id":5186844025489598,"definition":{"title":"Widget Title","show_legend":false,"type":"heatmap","yaxis":{"scale":"sqrt","include_zero":true,"min":"1","max":"2"},"requests":[{"q":"avg:system.load.1{env:staging} by {account}","style":{"palette":"warm"}}]}},{"id":6742660811820435,"definition":{"title":"Widget Title","type":"hostmap","requests":{"fill":{"q":"avg:system.load.1{*} by {host}"},"size":{"q":"avg:memcache.uptime{*} by {host}"}},"node_type":"container","no_metric_hosts":true,"no_group_hosts":true,"group":["host","region"],"scope":["region:us-east-1","aws_account:727006795293"],"style":{"palette":"yellow_to_green","palette_flip":true,"fill_min":"10","fill_max":"20"}}},{"id":1986924343921271,"definition":{"type":"note","content":"note text","background_color":"pink","font_size":"14","text_align":"center","show_tick":true,"tick_pos":"50%","tick_edge":"left"}},{"id":3043237513486645,"definition":{"title":"Widget Title","type":"query_value","requests":[{"q":"avg:system.load.1{env:staging} by {account}","aggregator":"sum","conditional_formats":[{"hide_value":false,"comparator":"<","palette":"white_on_green","value":2},{"hide_value":false,"comparator":">","palette":"white_on_red","value":2.2}]}],"autoscale":true,"custom_unit":"xx","text_align":"right","precision":4}},{"id":8636154599297416,"definition":{"title":"Widget Title","type":"query_table","requests":[{"q":"avg:system.load.1{env:staging} by {account}","aggregator":"sum","conditional_formats":[{"hide_value":false,"comparator":"<","palette":"white_on_green","value":2},{"hide_value":false,"comparator":">","palette":"white_on_red","value":2.2}],"limit":10}]}},{"id":518322985317720,"definition":{"title":"Widget Title","type":"scatterplot","requests":{"x":{"q":"avg:system.cpu.user{*} by {service, account}","aggregator":"max"},"y":{"q":"avg:system.mem.used{*} by {service, account}","aggregator":"min"}},"xaxis":{"scale":"pow","label":"x","include_zero":true,"min":"1","max":"2000"},"yaxis":{"scale":"log","label":"y","include_zero":false,"min":"5","max":"2222"},"color_by_groups":["account","apm-role-group"]}},{"id":4913548056140044,"definition":{"title":"env: prod, datacenter:dc1, service: master-db","title_size":"16","title_align":"left","type":"servicemap","service":"master-db","filters":["env:prod","datacenter:dc1"]}},{"id":215209954480975,"definition":{"title":"Widget Title","show_legend":true,"legend_size":"2","type":"timeseries","requests":[{"q":"avg:system.cpu.user{app:general} by {env}","on_right_yaxis":false,"metadata":[{"expression":"avg:system.cpu.user{app:general} by {env}","alias_name":"Alpha"}],"style":{"palette":"warm","line_type":"dashed","line_width":"thin"},"display_type":"line"},{"on_right_yaxis":false,"log_query":{"index":"mcnulty","search":{"query":"status:info"},"group_by":[{"facet":"host","sort":{"facet":"@duration","aggregation":"avg","order":"desc"},"limit":10}],"compute":{"facet":"@duration","interval":5000,"aggregation":"avg"}},"display_type":"area"},{"on_right_yaxis":false,"apm_query":{"index":"apm-search","search":{"query":"type:web"},"group_by":[{"facet":"resource_name","sort":{"facet":"@string_query.interval","aggregation":"avg","order":"desc"},"limit":50}],"compute":{"facet":"@duration","interval":5000,"aggregation":"avg"}},"display_type":"bars"},{"on_right_yaxis":false,"process_query":{"search_by":"error","metric":"process.stat.cpu.total_pct","limit":50,"filter_by":["active"]},"display_type":"area"}],"yaxis":{"scale":"log","include_zero":false,"max":"100"},"events":[{"q":"sources:test tags:1"},{"q":"sources:test tags:2"}],"markers":[{"label":" z=6 ","value":"y = 4","display_type":"error dashed"},{"label":" x=8 ","value":"10 < y < 999","display_type":"ok solid"}]}},{"id":8114292022885770,"definition":{"title":"Widget Title","type":"toplist","requests":[{"q":"avg:system.cpu.user{app:general} by {env}","conditional_formats":[{"hide_value":false,"comparator":"<","palette":"white_on_green","value":2},{"hide_value":false,"comparator":">","palette":"white_on_red","value":2.2}]}]}},{"id":444605829496771,"definition":{"title":"Group Widget","type":"group","layout_type":"ordered","widgets":[{"definition":{"type":"note","content":"cluster note widget","background_color":"pink","font_size":"14","text_align":"center","show_tick":true,"tick_pos":"50%","tick_edge":"left"},"id":1614709076786099},{"id":8096017487317681,"definition":{"title":"Alert Graph","type":"alert_graph","alert_id":"123","viz_type":"toplist"}}]}},{"definition":{"title":"Widget Title","type":"slo","view_type":"detail","time_windows":["7d","previous_week"],"slo_id":"56789","show_error_budget":true,"view_mode":"overall","global_time_target":"0"},"id":4004788189322598}],"notify_list":[],"created_at":"2023-04-20T15:11:16.627261+00:00","modified_at":"2023-04-20T15:11:16.627261+00:00","template_variable_presets":[{"name":"preset_1","template_variables":[{"name":"var_1","value":"host.dc"},{"name":"var_2","value":"my_service"}]}]}
    headers:
      Content-Type:
      - application/json
    status: 200 OK
    code: 200
    duration: "0ms"
- request:
    body: ""
    form: {}
    headers:
      Content-Type:
      - application/json
    url: https://api.datadoghq.com/api/v1/dashboard/7fy-day-ytg
    method: DELETE
    id: 5
  response:
    body: |
      {"deleted_dashboard_id":"7fy-day-ytg"}
    headers:
      Content-Type:
      - application/json
    status: 200 OK
    code: 200
    duration: "0ms"
- request:
    body: '{"author_handle":"removed_handle","description":"Created using the Datadog provider in Terraform","id":"5uw-bbj-xec","is_read_only":true,"layout_type":"ordered","notify_list":[],"template_variable_presets":[{"name":"preset_1","template_variables":[{"name":"var_1","value":"host.dc"},{"name":"var_2","value":"my_service"}]}],"template_variables":[{"default":"aws","name":"var_1","prefix":"host"},{"default":"autoscaling","name":"var_2","prefix":"service_name"}],"title":"tf-TestAccDatadogDashboardJSONImport-local-1682003474","widgets":[{"definition":{"alert_id":"895605","title":"Widget Title","type":"alert_graph","viz_type":"timeseries"}},{"definition":{"alert_id":"895605","precision":3,"text_align":"center","title":"Widget Title","type":"alert_value","unit":"b"},"id":5600215046192430},{"definition":{"alert_id":"895605","precision":3,"text_align":"center","title":"Widget Title","type":"alert_value","unit":"b"}},{"definition":{"requests":[{"change_type":"absolute","compare_to":"week_before","increase_good":true,"order_by":"name","order_dir":"desc","q":"avg:system.load.1{env:staging}
      by {account}","show_present":true}],"title":"Widget Title","type":"change"},"id":3887046970315839},{"definition":{"requests":[{"q":"avg:system.load.1{env:staging} by {account}","style":{"palette":"warm"}}],"show_legend":false,"title":"Widget Title","type":"distribution"},"id":1219518175048191},{"definition":{"check":"aws.ecs.agent_connected","group_by":["account","cluster"],"grouping":"cluster","tags":["account:demo","cluster:awseb-ruthebdog-env-8-dn3m6u3gvk"],"title":"Widget Title","type":"check_status"},"id":6039041238503416},{"definition":{"requests":[{"q":"avg:system.load.1{env:staging} by {account}","style":{"palette":"warm"}}],"show_legend":false,"title":"Widget Title","type":"heatmap","yaxis":{"include_zero":true,"max":"2","min":"1","scale":"sqrt"}},"id":5186844025489598},{"definition":{"group":["host","region"],"no_group_hosts":true,"no_metric_hosts":true,"node_type":"container","requests":{"fill":{"q":"avg:system.load.1{*} by {host}"},"size":{"q":"avg:memcache.uptime{*} by
      {host}"}},"scope":["region:us-east-1","aws_account:727006795293"],"style":{"fill_max":"20","fill_min":"10","palette":"yellow_to_green","palette_flip":true},"title":"Widget Title","type":"hostmap"},"id":6742660811820435},{"definition":{"background_color":"pink","content":"note text","font_size":"14","show_tick":true,"text_align":"center","tick_edge":"left","tick_pos":"50%","type":"note"},"id":1986924343921271},{"definition":{"autoscale":true,"custom_unit":"xx","precision":4,"requests":[{"aggregator":"sum","conditional_formats":[{"comparator":"\u003c","hide_value":false,"palette":"white_on_green","value":2},{"comparator":"\u003e","hide_value":false,"palette":"white_on_red","value":2.2}],"q":"avg:system.load.1{env:staging} by {account}"}],"text_align":"right","title":"Widget Title","type":"query_value"},"id":3043237513486645},{"definition":{"requests":[{"aggregator":"sum","conditional_formats":[{"comparator":"\u003c","hide_value":false,"palette":"white_on_green","value":2},{"comparator":"\u003e","hide_value":false,"palette":"white_on_red","value":2.2}],"limit":10,"q":"avg:system.load.1{env:staging}
      by {account}"}],"title":"Widget Title","type":"query_table"},"id":8636154599297416},{"definition":{"color_by_groups":["account","apm-role-group"],"requests":{"x":{"aggregator":"max","q":"avg:system.cpu.user{*} by {service, account}"},"y":{"aggregator":"min","q":"avg:system.mem.used{*} by {service, account}"}},"title":"Widget Title","type":"scatterplot","xaxis":{"include_zero":true,"label":"x","max":"2000","min":"1","scale":"pow"},"yaxis":{"include_zero":false,"label":"y","max":"2222","min":"5","scale":"log"}},"id":518322985317720},{"definition":{"filters":["env:prod","datacenter:dc1"],"service":"master-db","title":"env: prod, datacenter:dc1, service: master-db","title_align":"left","title_size":"16","type":"servicemap"},"id":4913548056140044},{"definition":{"events":[{"q":"sources:test tags:1"},{"q":"sources:test tags:2"}],"legend_size":"2","markers":[{"display_type":"error dashed","label":" z=6 ","value":"y = 4"},{"display_type":"ok solid","label":" x=8 ","value":"10 \u003c y \u003c
      999"}],"requests":[{"display_type":"line","metadata":[{"alias_name":"Alpha","expression":"avg:system.cpu.user{app:general} by {env}"}],"on_right_yaxis":false,"q":"avg:system.cpu.user{app:general} by {env}","style":{"line_type":"dashed","line_width":"thin","palette":"warm"}},{"display_type":"area","log_query":{"compute":{"aggregation":"avg","facet":"@duration","interval":5000},"group_by":[{"facet":"host","limit":10,"sort":{"aggregation":"avg","facet":"@duration","order":"desc"}}],"index":"mcnulty","search":{"query":"status:info"}},"on_right_yaxis":false},{"apm_query":{"compute":{"aggregation":"avg","facet":"@duration","interval":5000},"group_by":[{"facet":"resource_name","limit":50,"sort":{"aggregation":"avg","facet":"@string_query.interval","order":"desc"}}],"index":"apm-search","search":{"query":"type:web"}},"display_type":"bars","on_right_yaxis":false},{"display_type":"area","on_right_yaxis":false,"process_query":{"filter_by":["active"],"limit":50,"metric":"process.stat.cpu.total_pct","search_by":"error"}}],"show_legend":true,"title":"Widget
      Title","type":"timeseries","yaxis":{"include_zero":false,"max":"100","scale":"log"}},"id":215209954480975},{"definition":{"requests":[{"conditional_formats":[{"comparator":"\u003c","hide_value":false,"palette":"white_on_green","value":2},{"comparator":"\u003e","hide_value":false,"palette":"white_on_red","value":2.2}],"q":"avg:system.cpu.user{app:general} by {env}"}],"title":"Widget Title","type":"toplist"},"id":8114292022885770},{"definition":{"layout_type":"ordered","title":"Group Widget","type":"group","widgets":[{"definition":{"background_color":"pink","content":"cluster note widget","font_size":"14","show_tick":true,"text_align":"center","tick_edge":"left","tick_pos":"50%","type":"note"}},{"definition":{"alert_id":"123","title":"Alert Graph","type":"alert_graph","viz_type":"toplist"},"id":8096017487317681}]}},{"definition":{"global_time_target":"0","show_error_budget":true,"slo_id":"56789","time_windows":["7d","previous_week"],"title":"Widget Title","type":"slo","view_mode":"overall","view_type":"detail"},"id":7981844470437074}]}'
    form: {}
    headers:
      Content-Type:
      - application/json
    url: https://api.datadoghq.com/api/v1/dashboard
    method: POST
    id: 6
  response:
    body: |
      {"id":"kh8-b7e-7bu","title":"tf-TestAccDatadogDashboardJSONImport-local-1682003474","description":"Created using the Datadog provider in Terraform","author_handle":"frog@datadoghq.com","author_name":null,"layout_type":"ordered","url":"/dashboard/kh8-b7e-7bu/tf-testaccdatadogdashboardjsonimport-local-1682003474","is_read_only":true,"template_variables":[{"default":"aws","name":"var_1","prefix":"host"},{"default":"autoscaling","name":"var_2","prefix":"service_name"}],"widgets":[{"definition":{"alert_id":"895605","title":"Widget Title","type":"alert_graph","viz_type":"timeseries"},"id":2596776939179171},{"definition":{"alert_id":"895605","precision":3,"text_align":"center","title":"Widget Title","type":"alert_value","unit":"b"},"id":5600215046192430},{"definition":{"alert_id":"895605","precision":3,"text_align":"center","title":"Widget Title","type":"alert_value","unit":"b"},"id":6329794158029553},{"definition":{"requests":[{"change_type":"absolute","compare_to":"week_before","increase_good":true,"order_by":"name","order_dir":"desc","q":"avg:system.load.1{env:staging} by {account}","show_present":true}],"title":"Widget Title","type":"change"},"id":3887046970315839},{"definition":{"requests":[{"q":"avg:system.load.1{env:staging} by {account}","style":{"palette":"warm"}}],"show_legend":false,"title":"Widget Title","type":"distribution"},"id":1219518175048191},{"definition":{"check":"aws.ecs.agent_connected","group_by":["account","cluster"],"grouping":"cluster","tags":["account:demo","cluster:awseb-ruthebdog-env-8-dn3m6u3gvk"],"title":"Widget Title","type":"check_status"},"id":6039041238503416},{"definition":{"requests":[{"q":"avg:system.load.1{env:staging} by {account}","style":{"palette":"warm"}}],"show_legend":false,"title":"Widget Title","type":"heatmap","yaxis":{"include_zero":true,"max":"2","min":"1","scale":"sqrt"}},"id":5186844025489598},{"definition":{"group":["host","region"],"no_group_hosts":true,"no_metric_hosts":true,"node_type":"container","requests":{"fill":{"q":"avg:system.load.1{*} by {host}"},"size":{"q":"avg:memcache.uptime{*} by {host}"}},"scope":["region:us-east-1","aws_account:727006795293"],"style":{"fill_max":"20","fill_min":"10","palette":"yellow_to_green","palette_flip":true},"title":"Widget Title","type":"hostmap"},"id":6742660811820435},{"definition":{"background_color":"pink","content":"note text","font_size":"14","show_tick":true,"text_align":"center","tick_edge":"left","tick_pos":"50%","type":"note"},"id":1986924343921271},{"definition":{"autoscale":true,"custom_unit":"xx","precision":4,"requests":[{"aggregator":"sum","conditional_formats":[{"comparator":"<","hide_value":false,"palette":"white_on_green","value":2},{"comparator":">","hide_value":false,"palette":"white_on_red","value":2.2}],"q":"avg:system.load.1{env:staging} by {account}"}],"text_align":"right","title":"Widget Title","type":"query_value"},"id":3043237513486645},{"definition":{"requests":[{"aggregator":"sum","conditional_formats":[{"comparator":"<","hide_value":false,"palette":"white_on_green","value":2},{"comparator":">","hide_value":false,"palette":"white_on_red","value":2.2}],"limit":10,"q":"avg:system.load.1{env:staging} by {account}"}],"title":"Widget Title","type":"query_table"},"id":8636154599297416},{"definition":{"color_by_groups":["account","apm-role-group"],"requests":{"x":{"aggregator":"max","q":"avg:system.cpu.user{*} by {service, account}"},"y":{"aggregator":"min","q":"avg:system.mem.used{*} by {service, account}"}},"title":"Widget Title","type":"scatterplot","xaxis":{"include_zero":true,"label":"x","max":"2000","min":"1","scale":"pow"},"yaxis":{"include_zero":false,"label":"y","max":"2222","min":"5","scale":"log"}},"id":518322985317720},{"definition":{"filters":["env:prod","datacenter:dc1"],"service":"master-db","title":"env: prod, datacenter:dc1, service: master-db","title_align":"left","title_size":"16","type":"servicemap"},"id":4913548056140044},{"definition":{"events":[{"q":"sources:test tags:1"},{"q":"sources:test tags:2"}],"legend_size":"2","markers":[{"display_type":"error dashed","label":" z=6 ","value":"y = 4"},{"display_type":"ok solid","label":" x=8 ","value":"10 < y < 999"}],"requests":[{"display_type":"line","metadata":[{"alias_name":"Alpha","expression":"avg:system.cpu.user{app:general} by {env}"}],"on_right_yaxis":false,"q":"avg:system.cpu.user{app:general} by {env}","style":{"line_type":"dashed","line_width":"thin","palette":"warm"}},{"display_type":"area","log_query":{"compute":{"aggregation":"avg","facet":"@duration","interval":5000},"group_by":[{"facet":"host","limit":10,"sort":{"aggregation":"avg","facet":"@duration","order":"desc"}}],"index":"mcnulty","search":{"query":"status:info"}},"on_right_yaxis":false},{"apm_query":{"compute":{"aggregation":"avg","facet":"@duration","interval":5000},"group_by":[{"facet":"resource_name","limit":50,"sort":{"aggregation":"avg","facet":"@string_query.interval","order":"desc"}}],"index":"apm-search","search":{"query":"type:web"}},"display_type":"bars","on_right_yaxis":false},{"display_type":"area","on_right_yaxis":false,"process_query":{"filter_by":["active"],"limit":50,"metric":"process.stat.cpu.total_pct","search_by":"error"}}],"show_legend":true,"title":"Widget Title","type":"timeseries","yaxis":{"include_zero":false,"max":"100","scale":"log"}},"id":215209954480975},{"definition":{"requests":[{"conditional_formats":[{"comparator":"<","hide_value":false,"palette":"white_on_green","value":2},{"comparator":">","hide_value":false,"palette":"white_on_red","value":2.2}],"q":"avg:system.cpu.user{app:general} by {env}"}],"title":"Widget Title","type":"toplist"},"id":8114292022885770},{"definition":{"layout_type":"ordered","title":"Group Widget","type":"group","widgets":[{"definition":{"background_color":"pink","content":"cluster note widget","font_size":"14","show_tick":true,"text_align":"center","tick_edge":"left","tick_pos":"50%","type":"note"},"id":5932429562392408},{"definition":{"alert_id":"123","title":"Alert Graph","type":"alert_graph","viz_type":"toplist"},"id":8096017487317681}]},"id":5748520743250368},{"definition":{"global_time_target":"0","show_error_budget":true,"slo_id":"56789","time_windows":["7d","previous_week"],"title":"Widget Title","type":"slo","view_mode":"overall","view_type":"detail"},"id":7981844470437074}],"notify_list":[],"created_at":"2023-04-20T15:11:19.467686+00:00","modified_at":"2023-04-20T15:11:19.467686+00:00","template_variable_presets":[{"name":"preset_1","template_variables":[{"name":"var_1","value":"host.dc"},{"name":"var_2","value":"my_service"}]}]}
    headers:
      Content-Type:
      - application/json
    status: 200 OK
    code: 200
    duration: "0ms"
- request:
    body: ""
    form: {}
    headers:
      Content-Type:
      - application/json
    url: https://api.datadoghq.com/api/v1/dashboard/kh8-b7e-7bu
    method: GET
    id: 7
  response:
    body: |
      {"id":"kh8-b7e-7bu","title":"tf-TestAccDatadogDashboardJSONImport-local-1682003474","description":"Created using the Datadog provider in Terraform","author_handle":"frog@datadoghq.com","author_name":null,"layout_type":"ordered","url":"/dashboard/kh8-b7e-7bu/tf-testaccdatadogdashboardjsonimport-local-1682003474","is_read_only":true,"template_variables":[{"default":"aws","name":"var_1","prefix":"host"},{"default":"autoscaling","name":"var_2","prefix":"service_name"}],"widgets":[{"definition":{"alert_id":"895605","title":"Widget Title","type":"alert_graph","viz_type":"timeseries"},"id":2596776939179171},{"definition":{"alert_id":"895605","precision":3,"text_align":"center","title":"Widget Title","type":"alert_value","unit":"b"},"id":5600215046192430},{"definition":{"alert_id":"895605","precision":3,"text_align":"center","title":"Widget Title","type":"alert_value","unit":"b"},"id":6329794158029553},{"definition":{"requests":[{"change_type":"absolute","compare_to":"week_before","increase_good":true,"order_by":"name","order_dir":"desc","q":"avg:system.load.1{env:staging} by {account}","show_present":true}],"title":"Widget Title","type":"change"},"id":3887046970315839},{"definition":{"requests":[{"q":"avg:system.load.1{env:staging} by {account}","style":{"palette":"warm"}}],"show_legend":false,"title":"Widget Title","type":"distribution"},"id":1219518175048191},{"definition":{"check":"aws.ecs.agent_connected","group_by":["account","cluster"],"grouping":"cluster","tags":["account:demo","cluster:awseb-ruthebdog-env-8-dn3m6u3gvk"],"title":"Widget Title","type":"check_status"},"id":6039041238503416},{"definition":{"requests":[{"q":"avg:system.load.1{env:staging} by {account}","style":{"palette":"warm"}}],"show_legend":false,"title":"Widget Title","type":"heatmap","yaxis":{"include_zero":true,"max":"2","min":"1","scale":"sqrt"}},"id":5186844025489598},{"definition":{"group":["host","region"],"no_group_hosts":true,"no_metric_hosts":true,"node_type":"container","requests":{"fill":{"q":"avg:system.load.1{*} by {host}"},"size":{"q":"avg:memcache.uptime{*} by {host}"}},"scope":["region:us-east-1","aws_account:727006795293"],"style":{"fill_max":"20","fill_min":"10","palette":"yellow_to_green","palette_flip":true},"title":"Widget Title","type":"hostmap"},"id":6742660811820435},{"definition":{"background_color":"pink","content":"note text","font_size":"14","show_tick":true,"text_align":"center","tick_edge":"left","tick_pos":"50%","type":"note"},"id":1986924343921271},{"definition":{"autoscale":true,"custom_unit":"xx","precision":4,"requests":[{"aggregator":"sum","conditional_formats":[{"comparator":"<","hide_value":false,"palette":"white_on_green","value":2},{"comparator":">","hide_value":false,"palette":"white_on_red","value":2.2}],"q":"avg:system.load.1{env:staging} by {account}"}],"text_align":"right","title":"Widget Title","type":"query_value"},"id":3043237513486645},{"definition":{"requests":[{"aggregator":"sum","conditional_formats":[{"comparator":"<","hide_value":false,"palette":"white_on_green","value":2},{"comparator":">","hide_value":false,"palette":"white_on_red","value":2.2}],"limit":10,"q":"avg:system.load.1{env:staging} by {account}"}],"title":"Widget Title","type":"query_table"},"id":8636154599297416},{"definition":{"color_by_groups":["account","apm-role-group"],"requests":{"x":{"aggregator":"max","q":"avg:system.cpu.user{*} by {service, account}"},"y":{"aggregator":"min","q":"avg:system.mem.used{*} by {service, account}"}},"title":"Widget Title","type":"scatterplot","xaxis":{"include_zero":true,"label":"x","max":"2000","min":"1","scale":"pow"},"yaxis":{"include_zero":false,"label":"y","max":"2222","min":"5","scale":"log"}},"id":518322985317720},{"definition":{"filters":["env:prod","datacenter:dc1"],"service":"master-db","title":"env: prod, datacenter:dc1, service: master-db","title_align":"left","title_size":"16","type":"servicemap"},"id":4913548056140044},{"definition":{"events":[{"q":"sources:test tags:1"},{"q":"sources:test tags:2"}],"legend_size":"2","markers":[{"display_type":"error dashed","label":" z=6 ","value":"y = 4"},{"display_type":"ok solid","label":" x=8 ","value":"10 < y < 999"}],"requests":[{"display_type":"line","metadata":[{"alias_name":"Alpha","expression":"avg:system.cpu.user{app:general} by {env}"}],"on_right_yaxis":false,"q":"avg:system.cpu.user{app:general} by {env}","style":{"line_type":"dashed","line_width":"thin","palette":"warm"}},{"display_type":"area","log_query":{"compute":{"aggregation":"avg","facet":"@duration","interval":5000},"group_by":[{"facet":"host","limit":10,"sort":{"aggregation":"avg","facet":"@duration","order":"desc"}}],"index":"mcnulty","search":{"query":"status:info"}},"on_right_yaxis":false},{"apm_query":{"compute":{"aggregation":"avg","facet":"@duration","interval":5000},"group_by":[{"facet":"resource_name","limit":50,"sort":{"aggregation":"avg","facet":"@string_query.interval","order":"desc"}}],"index":"apm-search","search":{"query":"type:web"}},"display_type":"bars","on_right_yaxis":false},{"display_type":"area","on_right_yaxis":false,"process_query":{"filter_by":["active"],"limit":50,"metric":"process.stat.cpu.total_pct","search_by":"error"}}],"show_legend":true,"title":"Widget Title","type":"timeseries","yaxis":{"include_zero":false,"max":"100","scale":"log"}},"id":215209954480975},{"definition":{"requests":[{"conditional_formats":[{"comparator":"<","hide_value":false,"palette":"white_on_green","value":2},{"comparator":">","hide_value":false,"palette":"white_on_red","value":2.2}],"q":"avg:system.cpu.user{app:general} by {env}"}],"title":"Widget Title","type":"toplist"},"id":8114292022885770},{"definition":{"layout_type":"ordered","title":"Group Widget","type":"group","widgets":[{"definition":{"background_color":"pink","content":"cluster note widget","font_size":"14","show_tick":true,"text_align":"center","tick_edge":"left","tick_pos":"50%","type":"note"},"id":5932429562392408},{"definition":{"alert_id":"123","title":"Alert Graph","type":"alert_graph","viz_type":"toplist"},"id":8096017487317681}]},"id":5748520743250368},{"definition":{"global_time_target":"0","show_error_budget":true,"slo_id":"56789","time_windows":["7d","previous_week"],"title":"Widget Title","type":"slo","view_mode":"overall","view_type":"detail"},"id":7981844470437074}],"notify_list":[],"created_at":"2023-04-20T15:11:19.467686+00:00","modified_at":"2023-04-20T15:11:19.467686+00:00","template_variable_presets":[{"name":"preset_1","template_variables":[{"name":"var_1","value":"host.dc"},{"name":"var_2","value":"my_service"}]}]}
    headers:
      Content-Type:
      - application/json
    status: 200 OK
    code: 200
    duration: "0ms"
- request:
    body: ""
    form: {}
    headers:
      Content-Type:
      - application/json
    url: https://api.datadoghq.com/api/v1/dashboard/kh8-b7e-7bu
    method: GET
    id: 8
  response:
    body: |
      {"id":"kh8-b7e-7bu","title":"tf-TestAccDatadogDashboardJSONImport-local-1682003474","description":"Created using the Datadog provider in Terraform","author_handle":"frog@datadoghq.com","author_name":null,"layout_type":"ordered","url":"/dashboard/kh8-b7e-7bu/tf-testaccdatadogdashboardjsonimport-local-1682003474","is_read_only":true,"template_variables":[{"default":"aws","name":"var_1","prefix":"host"},{"default":"autoscaling","name":"var_2","prefix":"service_name"}],"widgets":[{"definition":{"alert_id":"895605","title":"Widget Title","type":"alert_graph","viz_type":"timeseries"},"id":2596776939179171},{"definition":{"alert_id":"895605","precision":3,"text_align":"center","title":"Widget Title","type":"alert_value","unit":"b"},"id":5600215046192430},{"definition":{"alert_id":"895605","precision":3,"text_align":"center","title":"Widget Title","type":"alert_value","unit":"b"},"id":6329794158029553},{"definition":{"requests":[{"change_type":"absolute","compare_to":"week_before","increase_good":true,"order_by":"name","order_dir":"desc","q":"avg:system.load.1{env:staging} by {account}","show_present":true}],"title":"Widget Title","type":"change"},"id":3887046970315839},{"definition":{"requests":[{"q":"avg:system.load.1{env:staging} by {account}","style":{"palette":"warm"}}],"show_legend":false,"title":"Widget Title","type":"distribution"},"id":1219518175048191},{"definition":{"check":"aws.ecs.agent_connected","group_by":["account","cluster"],"grouping":"cluster","tags":["account:demo","cluster:awseb-ruthebdog-env-8-dn3m6u3gvk"],"title":"Widget Title","type":"check_status"},"id":6039041238503416},{"definition":{"requests":[{"q":"avg:system.load.1{env:staging} by {account}","style":{"palette":"warm"}}],"show_legend":false,"title":"Widget Title","type":"heatmap","yaxis":{"include_zero":true,"max":"2","min":"1","scale":"sqrt"}},"id":5186844025489598},{"definition":{"group":["host","region"],"no_group_hosts":true,"no_metric_hosts":true,"node_type":"container","requests":{"fill":{"q":"avg:system.load.1{*} by {host}"},"size":{"q":"avg:memcache.uptime{*} by {host}"}},"scope":["region:us-east-1","aws_account:727006795293"],"style":{"fill_max":"20","fill_min":"10","palette":"yellow_to_green","palette_flip":true},"title":"Widget Title","type":"hostmap"},"id":6742660811820435},{"definition":{"background_color":"pink","content":"note text","font_size":"14","show_tick":true,"text_align":"center","tick_edge":"left","tick_pos":"50%","type":"note"},"id":1986924343921271},{"definition":{"autoscale":true,"custom_unit":"xx","precision":4,"requests":[{"aggregator":"sum","conditional_formats":[{"comparator":"<","hide_value":false,"palette":"white_on_green","value":2},{"comparator":">","hide_value":false,"palette":"white_on_red","value":2.2}],"q":"avg:system.load.1{env:staging} by {account}"}],"text_align":"right","title":"Widget Title","type":"query_value"},"id":3043237513486645},{"definition":{"requests":[{"aggregator":"sum","conditional_formats":[{"comparator":"<","hide_value":false,"palette":"white_on_green","value":2},{"comparator":">","hide_value":false,"palette":"white_on_red","value":2.2}],"limit":10,"q":"avg:system.load.1{env:staging} by {account}"}],"title":"Widget Title","type":"query_table"},"id":8636154599297416},{"definition":{"color_by_groups":["account","apm-role-group"],"requests":{"x":{"aggregator":"max","q":"avg:system.cpu.user{*} by {service, account}"},"y":{"aggregator":"min","q":"avg:system.mem.used{*} by {service, account}"}},"title":"Widget Title","type":"scatterplot","xaxis":{"include_zero":true,"label":"x","max":"2000","min":"1","scale":"pow"},"yaxis":{"include_zero":false,"label":"y","max":"2222","min":"5","scale":"log"}},"id":518322985317720},{"definition":{"filters":["env:prod","datacenter:dc1"],"service":"master-db","title":"env: prod, datacenter:dc1, service: master-db","title_align":"left","title_size":"16","type":"servicemap"},"id":4913548056140044},{"definition":{"events":[{"q":"sources:test tags:1"},{"q":"sources:test tags:2"}],"legend_size":"2","markers":[{"display_type":"error dashed","label":" z=6 ","value":"y = 4"},{"display_type":"ok solid","label":" x=8 ","value":"10 < y < 999"}],"requests":[{"display_type":"line","metadata":[{"alias_name":"Alpha","expression":"avg:system.cpu.user{app:general} by {env}"}],"on_right_yaxis":false,"q":"avg:system.cpu.user{app:general} by {env}","style":{"line_type":"dashed","line_width":"thin","palette":"warm"}},{"display_type":"area","log_query":{"compute":{"aggregation":"avg","facet":"@duration","interval":5000},"group_by":[{"facet":"host","limit":10,"sort":{"aggregation":"avg","facet":"@duration","order":"desc"}}],"index":"mcnulty","search":{"query":"status:info"}},"on_right_yaxis":false},{"apm_query":{"compute":{"aggregation":"avg","facet":"@duration","interval":5000},"group_by":[{"facet":"resource_name","limit":50,"sort":{"aggregation":"avg","facet":"@string_query.interval","order":"desc"}}],"index":"apm-search","search":{"query":"type:web"}},"display_type":"bars","on_right_yaxis":false},{"display_type":"area","on_right_yaxis":false,"process_query":{"filter_by":["active"],"limit":50,"metric":"process.stat.cpu.total_pct","search_by":"error"}}],"show_legend":true,"title":"Widget Title","type":"timeseries","yaxis":{"include_zero":false,"max":"100","scale":"log"}},"id":215209954480975},{"definition":{"requests":[{"conditional_formats":[{"comparator":"<","hide_value":false,"palette":"white_on_green","value":2},{"comparator":">","hide_value":false,"palette":"white_on_red","value":2.2}],"q":"avg:system.cpu.user{app:general} by {env}"}],"title":"Widget Title","type":"toplist"},"id":8114292022885770},{"definition":{"layout_type":"ordered","title":"Group Widget","type":"group","widgets":[{"definition":{"background_color":"pink","content":"cluster note widget","font_size":"14","show_tick":true,"text_align":"center","tick_edge":"left","tick_pos":"50%","type":"note"},"id":5932429562392408},{"definition":{"alert_id":"123","title":"Alert Graph","type":"alert_graph","viz_type":"toplist"},"id":8096017487317681}]},"id":5748520743250368},{"definition":{"global_time_target":"0","show_error_budget":true,"slo_id":"56789","time_windows":["7d","previous_week"],"title":"Widget Title","type":"slo","view_mode":"overall","view_type":"detail"},"id":7981844470437074}],"notify_list":[],"created_at":"2023-04-20T15:11:19.467686+00:00","modified_at":"2023-04-20T15:11:19.467686+00:00","template_variable_presets":[{"name":"preset_1","template_variables":[{"name":"var_1","value":"host.dc"},{"name":"var_2","value":"my_service"}]}]}
    headers:
      Content-Type:
      - application/json
    status: 200 OK
    code: 200
    duration: "0ms"
- request:
    body: ""
    form: {}
    headers:
      Content-Type:
      - application/json
    url: https://api.datadoghq.com/api/v1/dashboard/kh8-b7e-7bu
    method: GET
    id: 9
  response:
    body: |
      {"id":"kh8-b7e-7bu","title":"tf-TestAccDatadogDashboardJSONImport-local-1682003474","description":"Created using the Datadog provider in Terraform","author_handle":"frog@datadoghq.com","author_name":null,"layout_type":"ordered","url":"/dashboard/kh8-b7e-7bu/tf-testaccdatadogdashboardjsonimport-local-1682003474","is_read_only":true,"template_variables":[{"default":"aws","name":"var_1","prefix":"host"},{"default":"autoscaling","name":"var_2","prefix":"service_name"}],"widgets":[{"definition":{"alert_id":"895605","title":"Widget Title","type":"alert_graph","viz_type":"timeseries"},"id":2596776939179171},{"definition":{"alert_id":"895605","precision":3,"text_align":"center","title":"Widget Title","type":"alert_value","unit":"b"},"id":5600215046192430},{"definition":{"alert_id":"895605","precision":3,"text_align":"center","title":"Widget Title","type":"alert_value","unit":"b"},"id":6329794158029553},{"definition":{"requests":[{"change_type":"absolute","compare_to":"week_before","increase_good":true,"order_by":"name","order_dir":"desc","q":"avg:system.load.1{env:staging} by {account}","show_present":true}],"title":"Widget Title","type":"change"},"id":3887046970315839},{"definition":{"requests":[{"q":"avg:system.load.1{env:staging} by {account}","style":{"palette":"warm"}}],"show_legend":false,"title":"Widget Title","type":"distribution"},"id":1219518175048191},{"definition":{"check":"aws.ecs.agent_connected","group_by":["account","cluster"],"grouping":"cluster","tags":["account:demo","cluster:awseb-ruthebdog-env-8-dn3m6u3gvk"],"title":"Widget Title","type":"check_status"},"id":6039041238503416},{"definition":{"requests":[{"q":"avg:system.load.1{env:staging} by {account}","style":{"palette":"warm"}}],"show_legend":false,"title":"Widget Title","type":"heatmap","yaxis":{"include_zero":true,"max":"2","min":"1","scale":"sqrt"}},"id":5186844025489598},{"definition":{"group":["host","region"],"no_group_hosts":true,"no_metric_hosts":true,"node_type":"container","requests":{"fill":{"q":"avg:system.load.1{*} by {host}"},"size":{"q":"avg:memcache.uptime{*} by {host}"}},"scope":["region:us-east-1","aws_account:727006795293"],"style":{"fill_max":"20","fill_min":"10","palette":"yellow_to_green","palette_flip":true},"title":"Widget Title","type":"hostmap"},"id":6742660811820435},{"definition":{"background_color":"pink","content":"note text","font_size":"14","show_tick":true,"text_align":"center","tick_edge":"left","tick_pos":"50%","type":"note"},"id":1986924343921271},{"definition":{"autoscale":true,"custom_unit":"xx","precision":4,"requests":[{"aggregator":"sum","conditional_formats":[{"comparator":"<","hide_value":false,"palette":"white_on_green","value":2},{"comparator":">","hide_value":false,"palette":"white_on_red","value":2.2}],"q":"avg:system.load.1{env:staging} by {account}"}],"text_align":"right","title":"Widget Title","type":"query_value"},"id":3043237513486645},{"definition":{"requests":[{"aggregator":"sum","conditional_formats":[{"comparator":"<","hide_value":false,"palette":"white_on_green","value":2},{"comparator":">","hide_value":false,"palette":"white_on_red","value":2.2}],"limit":10,"q":"avg:system.load.1{env:staging} by {account}"}],"title":"Widget Title","type":"query_table"},"id":8636154599297416},{"definition":{"color_by_groups":["account","apm-role-group"],"requests":{"x":{"aggregator":"max","q":"avg:system.cpu.user{*} by {service, account}"},"y":{"aggregator":"min","q":"avg:system.mem.used{*} by {service, account}"}},"title":"Widget Title","type":"scatterplot","xaxis":{"include_zero":true,"label":"x","max":"2000","min":"1","scale":"pow"},"yaxis":{"include_zero":false,"label":"y","max":"2222","min":"5","scale":"log"}},"id":518322985317720},{"definition":{"filters":["env:prod","datacenter:dc1"],"service":"master-db","title":"env: prod, datacenter:dc1, service: master-db","title_align":"left","title_size":"16","type":"servicemap"},"id":4913548056140044},{"definition":{"events":[{"q":"sources:test tags:1"},{"q":"sources:test tags:2"}],"legend_size":"2","markers":[{"display_type":"error dashed","label":" z=6 ","value":"y = 4"},{"display_type":"ok solid","label":" x=8 ","value":"10 < y < 999"}],"requests":[{"display_type":"line","metadata":[{"alias_name":"Alpha","expression":"avg:system.cpu.user{app:general} by {env}"}],"on_right_yaxis":false,"q":"avg:system.cpu.user{app:general} by {env}","style":{"line_type":"dashed","line_width":"thin","palette":"warm"}},{"display_type":"area","log_query":{"compute":{"aggregation":"avg","facet":"@duration","interval":5000},"group_by":[{"facet":"host","limit":10,"sort":{"aggregation":"avg","facet":"@duration","order":"desc"}}],"index":"mcnulty","search":{"query":"status:info"}},"on_right_yaxis":false},{"apm_query":{"compute":{"aggregation":"avg","facet":"@duration","interval":5000},"group_by":[{"facet":"resource_name","limit":50,"sort":{"aggregation":"avg","facet":"@string_query.interval","order":"desc"}}],"index":"apm-search","search":{"query":"type:web"}},"display_type":"bars","on_right_yaxis":false},{"display_type":"area","on_right_yaxis":false,"process_query":{"filter_by":["active"],"limit":50,"metric":"process.stat.cpu.total_pct","search_by":"error"}}],"show_legend":true,"title":"Widget Title","type":"timeseries","yaxis":{"include_zero":false,"max":"100","scale":"log"}},"id":215209954480975},{"definition":{"requests":[{"conditional_formats":[{"comparator":"<","hide_value":false,"palette":"white_on_green","value":2},{"comparator":">","hide_value":false,"palette":"white_on_red","value":2.2}],"q":"avg:system.cpu.user{app:general} by {env}"}],"title":"Widget Title","type":"toplist"},"id":8114292022885770},{"definition":{"layout_type":"ordered","title":"Group Widget","type":"group","widgets":[{"definition":{"background_color":"pink","content":"cluster note widget","font_size":"14","show_tick":true,"text_align":"center","tick_edge":"left","tick_pos":"50%","type":"note"},"id":5932429562392408},{"definition":{"alert_id":"123","title":"Alert Graph","type":"alert_graph","viz_type":"toplist"},"id":8096017487317681}]},"id":5748520743250368},{"definition":{"global_time_target":"0","show_error_budget":true,"slo_id":"56789","time_windows":["7d","previous_week"],"title":"Widget Title","type":"slo","view_mode":"overall","view_type":"detail"},"id":7981844470437074}],"notify_list":[],"created_at":"2023-04-20T15:11:19.467686+00:00","modified_at":"2023-04-20T15:11:19.467686+00:00","template_variable_presets":[{"name":"preset_1","template_variables":[{"name":"var_1","value":"host.dc"},{"name":"var_2","value":"my_service"}]}]}
    headers:
      Content-Type:
      - application/json
    status: 200 OK
    code: 200
    duration: "0ms"
- request:
    body: ""
    form: {}
    headers:
      Content-Type:
      - application/json
    url: https://api.datadoghq.com/api/v1/dashboard/kh8-b7e-7bu
    method: GET
    id: 10
  response:
    body: |
      {"id":"kh8-b7e-7bu","title":"tf-TestAccDatadogDashboardJSONImport-local-1682003474","description":"Created using the Datadog provider in Terraform","author_handle":"frog@datadoghq.com","author_name":null,"layout_type":"ordered","url":"/dashboard/kh8-b7e-7bu/tf-testaccdatadogdashboardjsonimport-local-1682003474","is_read_only":true,"template_variables":[{"default":"aws","name":"var_1","prefix":"host"},{"default":"autoscaling","name":"var_2","prefix":"service_name"}],"widgets":[{"definition":{"alert_id":"895605","title":"Widget Title","type":"alert_graph","viz_type":"timeseries"},"id":2596776939179171},{"definition":{"alert_id":"895605","precision":3,"text_align":"center","title":"Widget Title","type":"alert_value","unit":"b"},"id":5600215046192430},{"definition":{"alert_id":"895605","precision":3,"text_align":"center","title":"Widget Title","type":"alert_value","unit":"b"},"id":6329794158029553},{"definition":{"requests":[{"change_type":"absolute","compare_to":"week_before","increase_good":true,"order_by":"name","order_dir":"desc","q":"avg:system.load.1{env:staging} by {account}","show_present":true}],"title":"Widget Title","type":"change"},"id":3887046970315839},{"definition":{"requests":[{"q":"avg:system.load.1{env:staging} by {account}","style":{"palette":"warm"}}],"show_legend":false,"title":"Widget Title","type":"distribution"},"id":1219518175048191},{"definition":{"check":"aws.ecs.agent_connected","group_by":["account","cluster"],"grouping":"cluster","tags":["account:demo","cluster:awseb-ruthebdog-env-8-dn3m6u3gvk"],"title":"Widget Title","type":"check_status"},"id":6039041238503416},{"definition":{"requests":[{"q":"avg:system.load.1{env:staging} by {account}","style":{"palette":"warm"}}],"show_legend":false,"title":"Widget Title","type":"heatmap","yaxis":{"include_zero":true,"max":"2","min":"1","scale":"sqrt"}},"id":5186844025489598},{"definition":{"group":["host","region"],"no_group_hosts":true,"no_metric_hosts":true,"node_type":"container","requests":{"fill":{"q":"avg:system.load.1{*} by {host}"},"size":{"q":"avg:memcache.uptime{*} by {host}"}},"scope":["region:us-east-1","aws_account:727006795293"],"style":{"fill_max":"20","fill_min":"10","palette":"yellow_to_green","palette_flip":true},"title":"Widget Title","type":"hostmap"},"id":6742660811820435},{"definition":{"background_color":"pink","content":"note text","font_size":"14","show_tick":true,"text_align":"center","tick_edge":"left","tick_pos":"50%","type":"note"},"id":1986924343921271},{"definition":{"autoscale":true,"custom_unit":"xx","precision":4,"requests":[{"aggregator":"sum","conditional_formats":[{"comparator":"<","hide_value":false,"palette":"white_on_green","value":2},{"comparator":">","hide_value":false,"palette":"white_on_red","value":2.2}],"q":"avg:system.load.1{env:staging} by {account}"}],"text_align":"right","title":"Widget Title","type":"query_value"},"id":3043237513486645},{"definition":{"requests":[{"aggregator":"sum","conditional_formats":[{"comparator":"<","hide_value":false,"palette":"white_on_green","value":2},{"comparator":">","hide_value":false,"palette":"white_on_red","value":2.2}],"limit":10,"q":"avg:system.load.1{env:staging} by {account}"}],"title":"Widget Title","type":"query_table"},"id":8636154599297416},{"definition":{"color_by_groups":["account","apm-role-group"],"requests":{"x":{"aggregator":"max","q":"avg:system.cpu.user{*} by {service, account}"},"y":{"aggregator":"min","q":"avg:system.mem.used{*} by {service, account}"}},"title":"Widget Title","type":"scatterplot","xaxis":{"include_zero":true,"label":"x","max":"2000","min":"1","scale":"pow"},"yaxis":{"include_zero":false,"label":"y","max":"2222","min":"5","scale":"log"}},"id":518322985317720},{"definition":{"filters":["env:prod","datacenter:dc1"],"service":"master-db","title":"env: prod, datacenter:dc1, service: master-db","title_align":"left","title_size":"16","type":"servicemap"},"id":4913548056140044},{"definition":{"events":[{"q":"sources:test tags:1"},{"q":"sources:test tags:2"}],"legend_size":"2","markers":[{"display_type":"error dashed","label":" z=6 ","value":"y = 4"},{"display_type":"ok solid","label":" x=8 ","value":"10 < y < 999"}],"requests":[{"display_type":"line","metadata":[{"alias_name":"Alpha","expression":"avg:system.cpu.user{app:general} by {env}"}],"on_right_yaxis":false,"q":"avg:system.cpu.user{app:general} by {env}","style":{"line_type":"dashed","line_width":"thin","palette":"warm"}},{"display_type":"area","log_query":{"compute":{"aggregation":"avg","facet":"@duration","interval":5000},"group_by":[{"facet":"host","limit":10,"sort":{"aggregation":"avg","facet":"@duration","order":"desc"}}],"index":"mcnulty","search":{"query":"status:info"}},"on_right_yaxis":false},{"apm_query":{"compute":{"aggregation":"avg","facet":"@duration","interval":5000},"group_by":[{"facet":"resource_name","limit":50,"sort":{"aggregation":"avg","facet":"@string_query.interval","order":"desc"}}],"index":"apm-search","search":{"query":"type:web"}},"display_type":"bars","on_right_yaxis":false},{"display_type":"area","on_right_yaxis":false,"process_query":{"filter_by":["active"],"limit":50,"metric":"process.stat.cpu.total_pct","search_by":"error"}}],"show_legend":true,"title":"Widget Title","type":"timeseries","yaxis":{"include_zero":false,"max":"100","scale":"log"}},"id":215209954480975},{"definition":{"requests":[{"conditional_formats":[{"comparator":"<","hide_value":false,"palette":"white_on_green","value":2},{"comparator":">","hide_value":false,"palette":"white_on_red","value":2.2}],"q":"avg:system.cpu.user{app:general} by {env}"}],"title":"Widget Title","type":"toplist"},"id":8114292022885770},{"definition":{"layout_type":"ordered","title":"Group Widget","type":"group","widgets":[{"definition":{"background_color":"pink","content":"cluster note widget","font_size":"14","show_tick":true,"text_align":"center","tick_edge":"left","tick_pos":"50%","type":"note"},"id":5932429562392408},{"definition":{"alert_id":"123","title":"Alert Graph","type":"alert_graph","viz_type":"toplist"},"id":8096017487317681}]},"id":5748520743250368},{"definition":{"global_time_target":"0","show_error_budget":true,"slo_id":"56789","time_windows":["7d","previous_week"],"title":"Widget Title","type":"slo","view_mode":"overall","view_type":"detail"},"id":7981844470437074}],"notify_list":[],"created_at":"2023-04-20T15:11:19.467686+00:00","modified_at":"2023-04-20T15:11:19.467686+00:00","template_variable_presets":[{"name":"preset_1","template_variables":[{"name":"var_1","value":"host.dc"},{"name":"var_2","value":"my_service"}]}]}
    headers:
      Content-Type:
      - application/json
    status: 200 OK
    code: 200
    duration: "0ms"
- request:
    body: ""
    form: {}
    headers:
      Content-Type:
      - application/json
    url: https://api.datadoghq.com/api/v1/dashboard/kh8-b7e-7bu
    method: DELETE
    id: 11
  response:
    body: |
      {"deleted_dashboard_id":"kh8-b7e-7bu"}
    headers:
      Content-Type:
      - application/json
    status: 200 OK
    code: 200
    duration: "0ms"
- request:
    body: "{\n   \"title\":\"tf-TestAccDatadogDashboardJSONImport-local-1682003474\",\n   \"description\":\"Created using the Datadog provider in Terraform\",\n   \"widgets\":[\n      {\n         \"id\":5574860246831982,\n         \"layout\":{\n            \"x\":5,\n            \"y\":5,\n            \"width\":32,\n            \"height\":43\n         },\n         \"definition\":{\n            \"title\":\"Widget Title\",\n            \"title_size\":\"16\",\n            \"title_align\":\"left\",\n            \"time\":{\n               \"live_span\":\"1h\"\n            },\n            \"type\":\"event_stream\",\n            \"query\":\"*\",\n            \"event_size\":\"l\"\n         }\n      },\n      {\n         \"id\":3310490736393290,\n         \"layout\":{\n            \"x\":42,\n            \"y\":73,\n            \"width\":65,\n            \"height\":9\n         },\n         \"definition\":{\n            \"title\":\"Widget Title\",\n            \"title_size\":\"16\",\n            \"title_align\"\
      :\"left\",\n            \"time\":{\n               \"live_span\":\"1h\"\n            },\n            \"type\":\"event_timeline\",\n            \"query\":\"*\"\n         }\n      },\n      {\n         \"id\":1117617615518455,\n         \"layout\":{\n            \"x\":42,\n            \"y\":5,\n            \"width\":30,\n            \"height\":20\n         },\n         \"definition\":{\n            \"type\":\"free_text\",\n            \"text\":\"free text content\",\n            \"color\":\"#d00\",\n            \"font_size\":\"88\",\n            \"text_align\":\"left\"\n         }\n      },\n      {\n         \"id\":3098118775539428,\n         \"layout\":{\n            \"x\":111,\n            \"y\":8,\n            \"width\":39,\n            \"height\":46\n         },\n         \"definition\":{\n            \"type\":\"iframe\",\n            \"url\":\"http://google.com\"\n         }\n      },\n      {\n         \"id\":651713243056399,\n         \"layout\":{\n            \"x\":77,\n  \
      \          \"y\":7,\n            \"width\":30,\n            \"height\":20\n         },\n         \"definition\":{\n            \"type\":\"image\",\n            \"url\":\"https://images.pexels.com/photos/67636/rose-blue-flower-rose-blooms-67636.jpeg?auto=compress&cs=tinysrgb&h=350\",\n            \"sizing\":\"fit\",\n            \"margin\":\"small\"\n         }\n      },\n      {\n         \"id\":5458329230004343,\n         \"layout\":{\n            \"x\":5,\n            \"y\":51,\n            \"width\":32,\n            \"height\":36\n         },\n         \"definition\":{\n            \"type\":\"log_stream\",\n            \"logset\":\"\",\n            \"indexes\":[\n               \"main\"\n            ],\n            \"query\":\"error\",\n            \"sort\":{\n               \"column\":\"time\",\n               \"order\":\"desc\"\n            },\n            \"columns\":[\n               \"core_host\",\n               \"core_service\",\n               \"tag_source\"\n         \
      \   ],\n            \"show_date_column\":true,\n            \"show_message_column\":true,\n            \"message_display\":\"expanded-md\"\n         }\n      },\n      {\n         \"layout\":{\n            \"x\":112,\n            \"y\":55,\n            \"width\":30,\n            \"height\":40\n         },\n         \"definition\":{\n            \"title\":\"Widget Title\",\n            \"title_size\":\"16\",\n            \"title_align\":\"left\",\n            \"type\":\"manage_status\",\n            \"summary_type\":\"monitors\",\n            \"display_format\":\"countsAndList\",\n            \"color_preference\":\"text\",\n            \"hide_zero_counts\":true,\n            \"show_last_triggered\":false,\n            \"query\":\"type:metric\",\n            \"sort\":\"status,asc\",\n            \"count\":50,\n            \"start\":0\n         }\n      },\n      {\n         \"layout\":{\n            \"x\":40,\n            \"y\":28,\n            \"width\":67,\n            \"height\"\
      :38\n         },\n         \"definition\":{\n            \"title\":\"alerting-cassandra #env:datadog.com\",\n            \"title_size\":\"13\",\n            \"title_align\":\"center\",\n            \"time\":{\n               \"live_span\":\"1h\"\n            },\n            \"type\":\"trace_service\",\n            \"env\":\"datadog.com\",\n            \"service\":\"alerting-cassandra\",\n            \"span_name\":\"cassandra.query\",\n            \"show_hits\":true,\n            \"show_errors\":true,\n            \"show_latency\":false,\n            \"show_breakdown\":true,\n            \"show_distribution\":true,\n            \"show_resource_list\":false,\n            \"size_format\":\"large\",\n            \"display_format\":\"three_column\"\n         }\n      }\n   ],\n   \"template_variables\":[\n      {\n         \"name\":\"var_1\",\n         \"default\":\"aws\",\n         \"prefix\":\"host\"\n      },\n      {\n         \"name\":\"var_2\",\n         \"default\":\"autoscaling\"\
      ,\n         \"prefix\":\"service_name\"\n      }\n   ],\n   \"layout_type\":\"free\",\n   \"is_read_only\":false,\n   \"notify_list\":[\n      \n   ],\n   \"template_variable_presets\":[\n      {\n         \"name\":\"preset_1\",\n         \"template_variables\":[\n            {\n               \"name\":\"var_1\",\n               \"value\":\"host.dc\"\n            },\n            {\n               \"name\":\"var_2\",\n               \"value\":\"my_service\"\n            }\n         ]\n      }\n   ],\n   \"id\":\"hjf-2xf-xc8\"\n}\n"
    form: {}
    headers:
      Content-Type:
      - application/json
    url: https://api.datadoghq.com/api/v1/dashboard
    method: POST
    id: 12
  response:
    body: |
      {"id":"mhw-d98-bcp","title":"tf-TestAccDatadogDashboardJSONImport-local-1682003474","description":"Created using the Datadog provider in Terraform","author_handle":"frog@datadoghq.com","author_name":null,"layout_type":"free","url":"/dashboard/mhw-d98-bcp/tf-testaccdatadogdashboardjsonimport-local-1682003474","is_read_only":false,"template_variables":[{"name":"var_1","default":"aws","prefix":"host"},{"name":"var_2","default":"autoscaling","prefix":"service_name"}],"widgets":[{"id":5574860246831982,"layout":{"x":5,"y":5,"width":32,"height":43},"definition":{"title":"Widget Title","title_size":"16","title_align":"left","time":{"live_span":"1h"},"type":"event_stream","query":"*","event_size":"l"}},{"id":3310490736393290,"layout":{"x":42,"y":73,"width":65,"height":9},"definition":{"title":"Widget Title","title_size":"16","title_align":"left","time":{"live_span":"1h"},"type":"event_timeline","query":"*"}},{"id":1117617615518455,"layout":{"x":42,"y":5,"width":30,"height":20},"definition":{"type":"free_text","text":"free text content","color":"#d00","font_size":"88","text_align":"left"}},{"id":3098118775539428,"layout":{"x":111,"y":8,"width":39,"height":46},"definition":{"type":"iframe","url":"http://google.com"}},{"id":651713243056399,"layout":{"x":77,"y":7,"width":30,"height":20},"definition":{"type":"image","url":"https://images.pexels.com/photos/67636/rose-blue-flower-rose-blooms-67636.jpeg?auto=compress&cs=tinysrgb&h=350","sizing":"fit","margin":"small"}},{"id":5458329230004343,"layout":{"x":5,"y":51,"width":32,"height":36},"definition":{"type":"log_stream","logset":"","indexes":["main"],"query":"error","sort":{"column":"time","order":"desc"},"columns":["core_host","core_service","tag_source"],"show_date_column":true,"show_message_column":true,"message_display":"expanded-md"}},{"layout":{"x":112,"y":55,"width":30,"height":40},"definition":{"title":"Widget Title","title_size":"16","title_align":"left","type":"manage_status","summary_type":"monitors","display_format":"countsAndList","color_preference":"text","hide_zero_counts":true,"show_last_triggered":false,"query":"type:metric","sort":"status,asc","count":50,"start":0},"id":767880631760989},{"layout":{"x":40,"y":28,"width":67,"height":38},"definition":{"title":"alerting-cassandra #env:datadog.com","title_size":"13","title_align":"center","time":{"live_span":"1h"},"type":"trace_service","env":"datadog.com","service":"alerting-cassandra","span_name":"cassandra.query","show_hits":true,"show_errors":true,"show_latency":false,"show_breakdown":true,"show_distribution":true,"show_resource_list":false,"size_format":"large","display_format":"three_column"},"id":8789005307932605}],"notify_list":[],"created_at":"2023-04-20T15:11:21.627834+00:00","modified_at":"2023-04-20T15:11:21.627834+00:00","template_variable_presets":[{"name":"preset_1","template_variables":[{"name":"var_1","value":"host.dc"},{"name":"var_2","value":"my_service"}]}]}
    headers:
      Content-Type:
      - application/json
    status: 200 OK
    code: 200
    duration: "0ms"
- request:
    body: ""
    form: {}
    headers:
      Content-Type:
      - application/json
    url: https://api.datadoghq.com/api/v1/dashboard/mhw-d98-bcp
    method: GET
    id: 13
  response:
    body: |
      {"id":"mhw-d98-bcp","title":"tf-TestAccDatadogDashboardJSONImport-local-1682003474","description":"Created using the Datadog provider in Terraform","author_handle":"frog@datadoghq.com","author_name":null,"layout_type":"free","url":"/dashboard/mhw-d98-bcp/tf-testaccdatadogdashboardjsonimport-local-1682003474","is_read_only":false,"template_variables":[{"name":"var_1","default":"aws","prefix":"host"},{"name":"var_2","default":"autoscaling","prefix":"service_name"}],"widgets":[{"id":5574860246831982,"layout":{"x":5,"y":5,"width":32,"height":43},"definition":{"title":"Widget Title","title_size":"16","title_align":"left","time":{"live_span":"1h"},"type":"event_stream","query":"*","event_size":"l"}},{"id":3310490736393290,"layout":{"x":42,"y":73,"width":65,"height":9},"definition":{"title":"Widget Title","title_size":"16","title_align":"left","time":{"live_span":"1h"},"type":"event_timeline","query":"*"}},{"id":1117617615518455,"layout":{"x":42,"y":5,"width":30,"height":20},"definition":{"type":"free_text","text":"free text content","color":"#d00","font_size":"88","text_align":"left"}},{"id":3098118775539428,"layout":{"x":111,"y":8,"width":39,"height":46},"definition":{"type":"iframe","url":"http://google.com"}},{"id":651713243056399,"layout":{"x":77,"y":7,"width":30,"height":20},"definition":{"type":"image","url":"https://images.pexels.com/photos/67636/rose-blue-flower-rose-blooms-67636.jpeg?auto=compress&cs=tinysrgb&h=350","sizing":"fit","margin":"small"}},{"id":5458329230004343,"layout":{"x":5,"y":51,"width":32,"height":36},"definition":{"type":"log_stream","logset":"","indexes":["main"],"query":"error","sort":{"column":"time","order":"desc"},"columns":["core_host","core_service","tag_source"],"show_date_column":true,"show_message_column":true,"message_display":"expanded-md"}},{"layout":{"x":112,"y":55,"width":30,"height":40},"definition":{"title":"Widget Title","title_size":"16","title_align":"left","type":"manage_status","summary_type":"monitors","display_format":"countsAndList","color_preference":"text","hide_zero_counts":true,"show_last_triggered":false,"query":"type:metric","sort":"status,asc","count":50,"start":0},"id":767880631760989},{"layout":{"x":40,"y":28,"width":67,"height":38},"definition":{"title":"alerting-cassandra #env:datadog.com","title_size":"13","title_align":"center","time":{"live_span":"1h"},"type":"trace_service","env":"datadog.com","service":"alerting-cassandra","span_name":"cassandra.query","show_hits":true,"show_errors":true,"show_latency":false,"show_breakdown":true,"show_distribution":true,"show_resource_list":false,"size_format":"large","display_format":"three_column"},"id":8789005307932605}],"notify_list":[],"created_at":"2023-04-20T15:11:21.627834+00:00","modified_at":"2023-04-20T15:11:21.627834+00:00","template_variable_presets":[{"name":"preset_1","template_variables":[{"name":"var_1","value":"host.dc"},{"name":"var_2","value":"my_service"}]}]}
    headers:
      Content-Type:
      - application/json
    status: 200 OK
    code: 200
    duration: "0ms"
- request:
    body: ""
    form: {}
    headers:
      Content-Type:
      - application/json
    url: https://api.datadoghq.com/api/v1/dashboard/mhw-d98-bcp
    method: GET
    id: 14
  response:
    body: |
      {"id":"mhw-d98-bcp","title":"tf-TestAccDatadogDashboardJSONImport-local-1682003474","description":"Created using the Datadog provider in Terraform","author_handle":"frog@datadoghq.com","author_name":null,"layout_type":"free","url":"/dashboard/mhw-d98-bcp/tf-testaccdatadogdashboardjsonimport-local-1682003474","is_read_only":false,"template_variables":[{"name":"var_1","default":"aws","prefix":"host"},{"name":"var_2","default":"autoscaling","prefix":"service_name"}],"widgets":[{"id":5574860246831982,"layout":{"x":5,"y":5,"width":32,"height":43},"definition":{"title":"Widget Title","title_size":"16","title_align":"left","time":{"live_span":"1h"},"type":"event_stream","query":"*","event_size":"l"}},{"id":3310490736393290,"layout":{"x":42,"y":73,"width":65,"height":9},"definition":{"title":"Widget Title","title_size":"16","title_align":"left","time":{"live_span":"1h"},"type":"event_timeline","query":"*"}},{"id":1117617615518455,"layout":{"x":42,"y":5,"width":30,"height":20},"definition":{"type":"free_text","text":"free text content","color":"#d00","font_size":"88","text_align":"left"}},{"id":3098118775539428,"layout":{"x":111,"y":8,"width":39,"height":46},"definition":{"type":"iframe","url":"http://google.com"}},{"id":651713243056399,"layout":{"x":77,"y":7,"width":30,"height":20},"definition":{"type":"image","url":"https://images.pexels.com/photos/67636/rose-blue-flower-rose-blooms-67636.jpeg?auto=compress&cs=tinysrgb&h=350","sizing":"fit","margin":"small"}},{"id":5458329230004343,"layout":{"x":5,"y":51,"width":32,"height":36},"definition":{"type":"log_stream","logset":"","indexes":["main"],"query":"error","sort":{"column":"time","order":"desc"},"columns":["core_host","core_service","tag_source"],"show_date_column":true,"show_message_column":true,"message_display":"expanded-md"}},{"layout":{"x":112,"y":55,"width":30,"height":40},"definition":{"title":"Widget Title","title_size":"16","title_align":"left","type":"manage_status","summary_type":"monitors","display_format":"countsAndList","color_preference":"text","hide_zero_counts":true,"show_last_triggered":false,"query":"type:metric","sort":"status,asc","count":50,"start":0},"id":767880631760989},{"layout":{"x":40,"y":28,"width":67,"height":38},"definition":{"title":"alerting-cassandra #env:datadog.com","title_size":"13","title_align":"center","time":{"live_span":"1h"},"type":"trace_service","env":"datadog.com","service":"alerting-cassandra","span_name":"cassandra.query","show_hits":true,"show_errors":true,"show_latency":false,"show_breakdown":true,"show_distribution":true,"show_resource_list":false,"size_format":"large","display_format":"three_column"},"id":8789005307932605}],"notify_list":[],"created_at":"2023-04-20T15:11:21.627834+00:00","modified_at":"2023-04-20T15:11:21.627834+00:00","template_variable_presets":[{"name":"preset_1","template_variables":[{"name":"var_1","value":"host.dc"},{"name":"var_2","value":"my_service"}]}]}
    headers:
      Content-Type:
      - application/json
    status: 200 OK
    code: 200
    duration: "0ms"
- request:
    body: ""
    form: {}
    headers:
      Content-Type:
      - application/json
    url: https://api.datadoghq.com/api/v1/dashboard/mhw-d98-bcp
    method: GET
    id: 15
  response:
    body: |
      {"id":"mhw-d98-bcp","title":"tf-TestAccDatadogDashboardJSONImport-local-1682003474","description":"Created using the Datadog provider in Terraform","author_handle":"frog@datadoghq.com","author_name":null,"layout_type":"free","url":"/dashboard/mhw-d98-bcp/tf-testaccdatadogdashboardjsonimport-local-1682003474","is_read_only":false,"template_variables":[{"name":"var_1","default":"aws","prefix":"host"},{"name":"var_2","default":"autoscaling","prefix":"service_name"}],"widgets":[{"id":5574860246831982,"layout":{"x":5,"y":5,"width":32,"height":43},"definition":{"title":"Widget Title","title_size":"16","title_align":"left","time":{"live_span":"1h"},"type":"event_stream","query":"*","event_size":"l"}},{"id":3310490736393290,"layout":{"x":42,"y":73,"width":65,"height":9},"definition":{"title":"Widget Title","title_size":"16","title_align":"left","time":{"live_span":"1h"},"type":"event_timeline","query":"*"}},{"id":1117617615518455,"layout":{"x":42,"y":5,"width":30,"height":20},"definition":{"type":"free_text","text":"free text content","color":"#d00","font_size":"88","text_align":"left"}},{"id":3098118775539428,"layout":{"x":111,"y":8,"width":39,"height":46},"definition":{"type":"iframe","url":"http://google.com"}},{"id":651713243056399,"layout":{"x":77,"y":7,"width":30,"height":20},"definition":{"type":"image","url":"https://images.pexels.com/photos/67636/rose-blue-flower-rose-blooms-67636.jpeg?auto=compress&cs=tinysrgb&h=350","sizing":"fit","margin":"small"}},{"id":5458329230004343,"layout":{"x":5,"y":51,"width":32,"height":36},"definition":{"type":"log_stream","logset":"","indexes":["main"],"query":"error","sort":{"column":"time","order":"desc"},"columns":["core_host","core_service","tag_source"],"show_date_column":true,"show_message_column":true,"message_display":"expanded-md"}},{"layout":{"x":112,"y":55,"width":30,"height":40},"definition":{"title":"Widget Title","title_size":"16","title_align":"left","type":"manage_status","summary_type":"monitors","display_format":"countsAndList","color_preference":"text","hide_zero_counts":true,"show_last_triggered":false,"query":"type:metric","sort":"status,asc","count":50,"start":0},"id":767880631760989},{"layout":{"x":40,"y":28,"width":67,"height":38},"definition":{"title":"alerting-cassandra #env:datadog.com","title_size":"13","title_align":"center","time":{"live_span":"1h"},"type":"trace_service","env":"datadog.com","service":"alerting-cassandra","span_name":"cassandra.query","show_hits":true,"show_errors":true,"show_latency":false,"show_breakdown":true,"show_distribution":true,"show_resource_list":false,"size_format":"large","display_format":"three_column"},"id":8789005307932605}],"notify_list":[],"created_at":"2023-04-20T15:11:21.627834+00:00","modified_at":"2023-04-20T15:11:21.627834+00:00","template_variable_presets":[{"name":"preset_1","template_variables":[{"name":"var_1","value":"host.dc"},{"name":"var_2","value":"my_service"}]}]}
    headers:
      Content-Type:
      - application/json
    status: 200 OK
    code: 200
    duration: "0ms"
- request:
    body: ""
    form: {}
    headers:
      Content-Type:
      - application/json
    url: https://api.datadoghq.com/api/v1/dashboard/mhw-d98-bcp
    method: GET
    id: 16
  response:
    body: |
      {"id":"mhw-d98-bcp","title":"tf-TestAccDatadogDashboardJSONImport-local-1682003474","description":"Created using the Datadog provider in Terraform","author_handle":"frog@datadoghq.com","author_name":null,"layout_type":"free","url":"/dashboard/mhw-d98-bcp/tf-testaccdatadogdashboardjsonimport-local-1682003474","is_read_only":false,"template_variables":[{"name":"var_1","default":"aws","prefix":"host"},{"name":"var_2","default":"autoscaling","prefix":"service_name"}],"widgets":[{"id":5574860246831982,"layout":{"x":5,"y":5,"width":32,"height":43},"definition":{"title":"Widget Title","title_size":"16","title_align":"left","time":{"live_span":"1h"},"type":"event_stream","query":"*","event_size":"l"}},{"id":3310490736393290,"layout":{"x":42,"y":73,"width":65,"height":9},"definition":{"title":"Widget Title","title_size":"16","title_align":"left","time":{"live_span":"1h"},"type":"event_timeline","query":"*"}},{"id":1117617615518455,"layout":{"x":42,"y":5,"width":30,"height":20},"definition":{"type":"free_text","text":"free text content","color":"#d00","font_size":"88","text_align":"left"}},{"id":3098118775539428,"layout":{"x":111,"y":8,"width":39,"height":46},"definition":{"type":"iframe","url":"http://google.com"}},{"id":651713243056399,"layout":{"x":77,"y":7,"width":30,"height":20},"definition":{"type":"image","url":"https://images.pexels.com/photos/67636/rose-blue-flower-rose-blooms-67636.jpeg?auto=compress&cs=tinysrgb&h=350","sizing":"fit","margin":"small"}},{"id":5458329230004343,"layout":{"x":5,"y":51,"width":32,"height":36},"definition":{"type":"log_stream","logset":"","indexes":["main"],"query":"error","sort":{"column":"time","order":"desc"},"columns":["core_host","core_service","tag_source"],"show_date_column":true,"show_message_column":true,"message_display":"expanded-md"}},{"layout":{"x":112,"y":55,"width":30,"height":40},"definition":{"title":"Widget Title","title_size":"16","title_align":"left","type":"manage_status","summary_type":"monitors","display_format":"countsAndList","color_preference":"text","hide_zero_counts":true,"show_last_triggered":false,"query":"type:metric","sort":"status,asc","count":50,"start":0},"id":767880631760989},{"layout":{"x":40,"y":28,"width":67,"height":38},"definition":{"title":"alerting-cassandra #env:datadog.com","title_size":"13","title_align":"center","time":{"live_span":"1h"},"type":"trace_service","env":"datadog.com","service":"alerting-cassandra","span_name":"cassandra.query","show_hits":true,"show_errors":true,"show_latency":false,"show_breakdown":true,"show_distribution":true,"show_resource_list":false,"size_format":"large","display_format":"three_column"},"id":8789005307932605}],"notify_list":[],"created_at":"2023-04-20T15:11:21.627834+00:00","modified_at":"2023-04-20T15:11:21.627834+00:00","template_variable_presets":[{"name":"preset_1","template_variables":[{"name":"var_1","value":"host.dc"},{"name":"var_2","value":"my_service"}]}]}
    headers:
      Content-Type:
      - application/json
    status: 200 OK
    code: 200
    duration: "0ms"
- request:
    body: '{"description":"Created using the Datadog provider in Terraform","id":"hjf-2xf-xc8","is_read_only":false,"layout_type":"free","notify_list":[],"template_variable_presets":[{"name":"preset_1","template_variables":[{"name":"var_1","value":"host.dc"},{"name":"var_2","value":"my_service"}]}],"template_variables":[{"default":"aws","name":"var_1","prefix":"host"},{"default":"autoscaling","name":"var_2","prefix":"service_name"}],"title":"tf-TestAccDatadogDashboardJSONImport-local-1682003474","widgets":[{"definition":{"event_size":"l","query":"*","time":{"live_span":"1h"},"title":"Widget Title","title_align":"left","title_size":"16","type":"event_stream"},"layout":{"height":43,"width":32,"x":5,"y":5}},{"definition":{"query":"*","time":{"live_span":"1h"},"title":"Widget Title","title_align":"left","title_size":"16","type":"event_timeline"},"layout":{"height":9,"width":65,"x":42,"y":73}},{"definition":{"color":"#d00","font_size":"88","text":"free text content","text_align":"left","type":"free_text"},"id":1117617615518455,"layout":{"height":20,"width":30,"x":42,"y":5}},{"definition":{"type":"iframe","url":"http://google.com"},"id":3098118775539428,"layout":{"height":46,"width":39,"x":111,"y":8}},{"definition":{"margin":"small","sizing":"fit","type":"image","url":"https://images.pexels.com/photos/67636/rose-blue-flower-rose-blooms-67636.jpeg?auto=compress\u0026cs=tinysrgb\u0026h=350"},"id":651713243056399,"layout":{"height":20,"width":30,"x":77,"y":7}},{"definition":{"columns":["core_host","core_service","tag_source"],"indexes":["main"],"logset":"","message_display":"expanded-md","query":"error","show_date_column":true,"show_message_column":true,"sort":{"column":"time","order":"desc"},"type":"log_stream"},"id":5458329230004343,"layout":{"height":36,"width":32,"x":5,"y":51}},{"definition":{"color_preference":"text","count":50,"display_format":"countsAndList","hide_zero_counts":true,"query":"type:metric","show_last_triggered":false,"sort":"status,asc","start":0,"summary_type":"monitors","title":"Widget
      Title","title_align":"left","title_size":"16","type":"manage_status"},"id":1112741664700765,"layout":{"height":40,"width":30,"x":112,"y":55}},{"definition":{"display_format":"three_column","env":"datadog.com","service":"alerting-cassandra","show_breakdown":true,"show_distribution":true,"show_errors":true,"show_hits":true,"show_latency":false,"show_resource_list":false,"size_format":"large","span_name":"cassandra.query","time":{"live_span":"1h"},"title":"alerting-cassandra #env:datadog.com","title_align":"center","title_size":"13","type":"trace_service"},"id":6949442529647217,"layout":{"height":38,"width":67,"x":40,"y":28}}]}'
    form: {}
    headers:
      Content-Type:
      - application/json
    url: https://api.datadoghq.com/api/v1/dashboard
    method: POST
    id: 17
  response:
    body: |
      {"id":"daf-bcx-a7w","title":"tf-TestAccDatadogDashboardJSONImport-local-1682003474","description":"Created using the Datadog provider in Terraform","author_handle":"frog@datadoghq.com","author_name":null,"layout_type":"free","url":"/dashboard/daf-bcx-a7w/tf-testaccdatadogdashboardjsonimport-local-1682003474","is_read_only":false,"template_variables":[{"default":"aws","name":"var_1","prefix":"host"},{"default":"autoscaling","name":"var_2","prefix":"service_name"}],"widgets":[{"definition":{"event_size":"l","query":"*","time":{"live_span":"1h"},"title":"Widget Title","title_align":"left","title_size":"16","type":"event_stream"},"layout":{"height":43,"width":32,"x":5,"y":5},"id":8177379465254571},{"definition":{"query":"*","time":{"live_span":"1h"},"title":"Widget Title","title_align":"left","title_size":"16","type":"event_timeline"},"layout":{"height":9,"width":65,"x":42,"y":73},"id":1220459968038521},{"definition":{"color":"#d00","font_size":"88","text":"free text content","text_align":"left","type":"free_text"},"id":1117617615518455,"layout":{"height":20,"width":30,"x":42,"y":5}},{"definition":{"type":"iframe","url":"http://google.com"},"id":3098118775539428,"layout":{"height":46,"width":39,"x":111,"y":8}},{"definition":{"margin":"small","sizing":"fit","type":"image","url":"https://images.pexels.com/photos/67636/rose-blue-flower-rose-blooms-67636.jpeg?auto=compress&cs=tinysrgb&h=350"},"id":651713243056399,"layout":{"height":20,"width":30,"x":77,"y":7}},{"definition":{"columns":["core_host","core_service","tag_source"],"indexes":["main"],"logset":"","message_display":"expanded-md","query":"error","show_date_column":true,"show_message_column":true,"sort":{"column":"time","order":"desc"},"type":"log_stream"},"id":5458329230004343,"layout":{"height":36,"width":32,"x":5,"y":51}},{"definition":{"color_preference":"text","count":50,"display_format":"countsAndList","hide_zero_counts":true,"query":"type:metric","show_last_triggered":false,"sort":"status,asc","start":0,"summary_type":"monitors","title":"Widget Title","title_align":"left","title_size":"16","type":"manage_status"},"id":1112741664700765,"layout":{"height":40,"width":30,"x":112,"y":55}},{"definition":{"display_format":"three_column","env":"datadog.com","service":"alerting-cassandra","show_breakdown":true,"show_distribution":true,"show_errors":true,"show_hits":true,"show_latency":false,"show_resource_list":false,"size_format":"large","span_name":"cassandra.query","time":{"live_span":"1h"},"title":"alerting-cassandra #env:datadog.com","title_align":"center","title_size":"13","type":"trace_service"},"id":6949442529647217,"layout":{"height":38,"width":67,"x":40,"y":28}}],"notify_list":[],"created_at":"2023-04-20T15:11:24.009873+00:00","modified_at":"2023-04-20T15:11:24.009873+00:00","template_variable_presets":[{"name":"preset_1","template_variables":[{"name":"var_1","value":"host.dc"},{"name":"var_2","value":"my_service"}]}]}
    headers:
      Content-Type:
      - application/json
    status: 200 OK
    code: 200
    duration: "0ms"
- request:
    body: ""
    form: {}
    headers:
      Content-Type:
      - application/json
    url: https://api.datadoghq.com/api/v1/dashboard/mhw-d98-bcp
    method: DELETE
    id: 18
  response:
    body: |
      {"deleted_dashboard_id":"mhw-d98-bcp"}
    headers:
      Content-Type:
      - application/json
    status: 200 OK
    code: 200
    duration: "0ms"
- request:
    body: ""
    form: {}
    headers:
      Content-Type:
      - application/json
    url: https://api.datadoghq.com/api/v1/dashboard/daf-bcx-a7w
    method: GET
    id: 19
  response:
    body: |
      {"id":"daf-bcx-a7w","title":"tf-TestAccDatadogDashboardJSONImport-local-1682003474","description":"Created using the Datadog provider in Terraform","author_handle":"frog@datadoghq.com","author_name":null,"layout_type":"free","url":"/dashboard/daf-bcx-a7w/tf-testaccdatadogdashboardjsonimport-local-1682003474","is_read_only":false,"template_variables":[{"default":"aws","name":"var_1","prefix":"host"},{"default":"autoscaling","name":"var_2","prefix":"service_name"}],"widgets":[{"definition":{"event_size":"l","query":"*","time":{"live_span":"1h"},"title":"Widget Title","title_align":"left","title_size":"16","type":"event_stream"},"layout":{"height":43,"width":32,"x":5,"y":5},"id":8177379465254571},{"definition":{"query":"*","time":{"live_span":"1h"},"title":"Widget Title","title_align":"left","title_size":"16","type":"event_timeline"},"layout":{"height":9,"width":65,"x":42,"y":73},"id":1220459968038521},{"definition":{"color":"#d00","font_size":"88","text":"free text content","text_align":"left","type":"free_text"},"id":1117617615518455,"layout":{"height":20,"width":30,"x":42,"y":5}},{"definition":{"type":"iframe","url":"http://google.com"},"id":3098118775539428,"layout":{"height":46,"width":39,"x":111,"y":8}},{"definition":{"margin":"small","sizing":"fit","type":"image","url":"https://images.pexels.com/photos/67636/rose-blue-flower-rose-blooms-67636.jpeg?auto=compress&cs=tinysrgb&h=350"},"id":651713243056399,"layout":{"height":20,"width":30,"x":77,"y":7}},{"definition":{"columns":["core_host","core_service","tag_source"],"indexes":["main"],"logset":"","message_display":"expanded-md","query":"error","show_date_column":true,"show_message_column":true,"sort":{"column":"time","order":"desc"},"type":"log_stream"},"id":5458329230004343,"layout":{"height":36,"width":32,"x":5,"y":51}},{"definition":{"color_preference":"text","count":50,"display_format":"countsAndList","hide_zero_counts":true,"query":"type:metric","show_last_triggered":false,"sort":"status,asc","start":0,"summary_type":"monitors","title":"Widget Title","title_align":"left","title_size":"16","type":"manage_status"},"id":1112741664700765,"layout":{"height":40,"width":30,"x":112,"y":55}},{"definition":{"display_format":"three_column","env":"datadog.com","service":"alerting-cassandra","show_breakdown":true,"show_distribution":true,"show_errors":true,"show_hits":true,"show_latency":false,"show_resource_list":false,"size_format":"large","span_name":"cassandra.query","time":{"live_span":"1h"},"title":"alerting-cassandra #env:datadog.com","title_align":"center","title_size":"13","type":"trace_service"},"id":6949442529647217,"layout":{"height":38,"width":67,"x":40,"y":28}}],"notify_list":[],"created_at":"2023-04-20T15:11:24.009873+00:00","modified_at":"2023-04-20T15:11:24.009873+00:00","template_variable_presets":[{"name":"preset_1","template_variables":[{"name":"var_1","value":"host.dc"},{"name":"var_2","value":"my_service"}]}]}
    headers:
      Content-Type:
      - application/json
    status: 200 OK
    code: 200
    duration: "0ms"
- request:
    body: ""
    form: {}
    headers:
      Content-Type:
      - application/json
    url: https://api.datadoghq.com/api/v1/dashboard/daf-bcx-a7w
    method: GET
    id: 20
  response:
    body: |
      {"id":"daf-bcx-a7w","title":"tf-TestAccDatadogDashboardJSONImport-local-1682003474","description":"Created using the Datadog provider in Terraform","author_handle":"frog@datadoghq.com","author_name":null,"layout_type":"free","url":"/dashboard/daf-bcx-a7w/tf-testaccdatadogdashboardjsonimport-local-1682003474","is_read_only":false,"template_variables":[{"default":"aws","name":"var_1","prefix":"host"},{"default":"autoscaling","name":"var_2","prefix":"service_name"}],"widgets":[{"definition":{"event_size":"l","query":"*","time":{"live_span":"1h"},"title":"Widget Title","title_align":"left","title_size":"16","type":"event_stream"},"layout":{"height":43,"width":32,"x":5,"y":5},"id":8177379465254571},{"definition":{"query":"*","time":{"live_span":"1h"},"title":"Widget Title","title_align":"left","title_size":"16","type":"event_timeline"},"layout":{"height":9,"width":65,"x":42,"y":73},"id":1220459968038521},{"definition":{"color":"#d00","font_size":"88","text":"free text content","text_align":"left","type":"free_text"},"id":1117617615518455,"layout":{"height":20,"width":30,"x":42,"y":5}},{"definition":{"type":"iframe","url":"http://google.com"},"id":3098118775539428,"layout":{"height":46,"width":39,"x":111,"y":8}},{"definition":{"margin":"small","sizing":"fit","type":"image","url":"https://images.pexels.com/photos/67636/rose-blue-flower-rose-blooms-67636.jpeg?auto=compress&cs=tinysrgb&h=350"},"id":651713243056399,"layout":{"height":20,"width":30,"x":77,"y":7}},{"definition":{"columns":["core_host","core_service","tag_source"],"indexes":["main"],"logset":"","message_display":"expanded-md","query":"error","show_date_column":true,"show_message_column":true,"sort":{"column":"time","order":"desc"},"type":"log_stream"},"id":5458329230004343,"layout":{"height":36,"width":32,"x":5,"y":51}},{"definition":{"color_preference":"text","count":50,"display_format":"countsAndList","hide_zero_counts":true,"query":"type:metric","show_last_triggered":false,"sort":"status,asc","start":0,"summary_type":"monitors","title":"Widget Title","title_align":"left","title_size":"16","type":"manage_status"},"id":1112741664700765,"layout":{"height":40,"width":30,"x":112,"y":55}},{"definition":{"display_format":"three_column","env":"datadog.com","service":"alerting-cassandra","show_breakdown":true,"show_distribution":true,"show_errors":true,"show_hits":true,"show_latency":false,"show_resource_list":false,"size_format":"large","span_name":"cassandra.query","time":{"live_span":"1h"},"title":"alerting-cassandra #env:datadog.com","title_align":"center","title_size":"13","type":"trace_service"},"id":6949442529647217,"layout":{"height":38,"width":67,"x":40,"y":28}}],"notify_list":[],"created_at":"2023-04-20T15:11:24.009873+00:00","modified_at":"2023-04-20T15:11:24.009873+00:00","template_variable_presets":[{"name":"preset_1","template_variables":[{"name":"var_1","value":"host.dc"},{"name":"var_2","value":"my_service"}]}]}
    headers:
      Content-Type:
      - application/json
    status: 200 OK
    code: 200
    duration: "0ms"
- request:
    body: ""
    form: {}
    headers:
      Content-Type:
      - application/json
    url: https://api.datadoghq.com/api/v1/dashboard/daf-bcx-a7w
    method: GET
    id: 21
  response:
    body: |
      {"id":"daf-bcx-a7w","title":"tf-TestAccDatadogDashboardJSONImport-local-1682003474","description":"Created using the Datadog provider in Terraform","author_handle":"frog@datadoghq.com","author_name":null,"layout_type":"free","url":"/dashboard/daf-bcx-a7w/tf-testaccdatadogdashboardjsonimport-local-1682003474","is_read_only":false,"template_variables":[{"default":"aws","name":"var_1","prefix":"host"},{"default":"autoscaling","name":"var_2","prefix":"service_name"}],"widgets":[{"definition":{"event_size":"l","query":"*","time":{"live_span":"1h"},"title":"Widget Title","title_align":"left","title_size":"16","type":"event_stream"},"layout":{"height":43,"width":32,"x":5,"y":5},"id":8177379465254571},{"definition":{"query":"*","time":{"live_span":"1h"},"title":"Widget Title","title_align":"left","title_size":"16","type":"event_timeline"},"layout":{"height":9,"width":65,"x":42,"y":73},"id":1220459968038521},{"definition":{"color":"#d00","font_size":"88","text":"free text content","text_align":"left","type":"free_text"},"id":1117617615518455,"layout":{"height":20,"width":30,"x":42,"y":5}},{"definition":{"type":"iframe","url":"http://google.com"},"id":3098118775539428,"layout":{"height":46,"width":39,"x":111,"y":8}},{"definition":{"margin":"small","sizing":"fit","type":"image","url":"https://images.pexels.com/photos/67636/rose-blue-flower-rose-blooms-67636.jpeg?auto=compress&cs=tinysrgb&h=350"},"id":651713243056399,"layout":{"height":20,"width":30,"x":77,"y":7}},{"definition":{"columns":["core_host","core_service","tag_source"],"indexes":["main"],"logset":"","message_display":"expanded-md","query":"error","show_date_column":true,"show_message_column":true,"sort":{"column":"time","order":"desc"},"type":"log_stream"},"id":5458329230004343,"layout":{"height":36,"width":32,"x":5,"y":51}},{"definition":{"color_preference":"text","count":50,"display_format":"countsAndList","hide_zero_counts":true,"query":"type:metric","show_last_triggered":false,"sort":"status,asc","start":0,"summary_type":"monitors","title":"Widget Title","title_align":"left","title_size":"16","type":"manage_status"},"id":1112741664700765,"layout":{"height":40,"width":30,"x":112,"y":55}},{"definition":{"display_format":"three_column","env":"datadog.com","service":"alerting-cassandra","show_breakdown":true,"show_distribution":true,"show_errors":true,"show_hits":true,"show_latency":false,"show_resource_list":false,"size_format":"large","span_name":"cassandra.query","time":{"live_span":"1h"},"title":"alerting-cassandra #env:datadog.com","title_align":"center","title_size":"13","type":"trace_service"},"id":6949442529647217,"layout":{"height":38,"width":67,"x":40,"y":28}}],"notify_list":[],"created_at":"2023-04-20T15:11:24.009873+00:00","modified_at":"2023-04-20T15:11:24.009873+00:00","template_variable_presets":[{"name":"preset_1","template_variables":[{"name":"var_1","value":"host.dc"},{"name":"var_2","value":"my_service"}]}]}
    headers:
      Content-Type:
      - application/json
    status: 200 OK
    code: 200
    duration: "0ms"
- request:
    body: ""
    form: {}
    headers:
      Content-Type:
      - application/json
    url: https://api.datadoghq.com/api/v1/dashboard/daf-bcx-a7w
    method: DELETE
    id: 22
  response:
    body: |
      {"deleted_dashboard_id":"daf-bcx-a7w"}
    headers:
      Content-Type:
      - application/json
    status: 200 OK
    code: 200
    duration: "0ms"
- request:
    body: ""
    form: {}
    headers:
      Accept:
      - application/json
    url: https://api.datadoghq.com/api/v1/dashboard/daf-bcx-a7w
    method: GET
    id: 23
  response:
    body: '{"errors":["Dashboard with ID daf-bcx-a7w not found"]}'
    headers:
      Content-Type:
      - application/json
    status: 404 Not Found
    code: 404
    duration: "0ms"
