---
version: 1
interactions:
- request:
    body: |
      {"cases":[{"condition":"first \u003e 3","name":"high case","notifications":[],"status":"high"}],"hasExtendedTitle":false,"isEnabled":false,"message":"acceptance rule triggered","name":"tf-TestAccDatadogSecurityMonitoringRule_CwsRule-local-1665663120","options":{"detectionMethod":"threshold","evaluationWindow":300,"keepAlive":600,"maxSignalDuration":900},"queries":[{"aggregation":"count","distinctFields":[],"groupByFields":["host"],"metric":"","name":"first","query":"@agent.rule_id:(tf_TestAccDatadogSecurityMonitoringRule_CwsRule_local_1665663120_random_id OR random_id)"}],"tags":["i:tomato","u:tomato"],"type":"workload_security"}
    form: {}
    headers:
      Accept:
      - application/json
      Content-Type:
      - application/json
    url: https://api.datadoghq.com/api/v2/security_monitoring/rules
    method: POST
  response:
    body: |
      {"creationAuthorId":1445416,"tags":["u:tomato","i:tomato"],"isEnabled":false,"hasExtendedTitle":false,"message":"acceptance rule triggered","options":{"detectionMethod":"threshold","evaluationWindow":300,"maxSignalDuration":900,"keepAlive":600},"version":1,"createdAt":1665663121654,"filters":[],"queries":[{"query":"@agent.rule_id:(tf_TestAccDatadogSecurityMonitoringRule_CwsRule_local_1665663120_random_id OR random_id)","groupByFields":["host"],"aggregation":"count","name":"first","distinctFields":[]}],"isDeleted":false,"cases":[{"status":"high","notifications":[],"name":"high case","condition":"first > 3"}],"type":"workload_security","id":"yhz-egd-p7o","isDefault":false,"name":"tf-TestAccDatadogSecurityMonitoringRule_CwsRule-local-1665663120"}
    headers:
      Content-Type:
      - application/json
    status: 200 OK
    code: 200
    duration: ""
- request:
    body: ""
    form: {}
    headers:
      Accept:
      - application/json
    url: https://api.datadoghq.com/api/v2/security_monitoring/rules/yhz-egd-p7o
    method: GET
  response:
    body: |
      {"creationAuthorId":1445416,"tags":["u:tomato","i:tomato"],"isEnabled":false,"hasExtendedTitle":false,"message":"acceptance rule triggered","options":{"detectionMethod":"threshold","evaluationWindow":300,"maxSignalDuration":900,"keepAlive":600},"version":1,"createdAt":1665663121654,"filters":[],"queries":[{"query":"@agent.rule_id:(tf_TestAccDatadogSecurityMonitoringRule_CwsRule_local_1665663120_random_id OR random_id)","groupByFields":["host"],"aggregation":"count","name":"first","distinctFields":[]}],"isDeleted":false,"cases":[{"status":"high","notifications":[],"name":"high case","condition":"first > 3"}],"type":"workload_security","id":"yhz-egd-p7o","isDefault":false,"name":"tf-TestAccDatadogSecurityMonitoringRule_CwsRule-local-1665663120"}
    headers:
      Content-Type:
      - application/json
    status: 200 OK
    code: 200
    duration: ""
- request:
    body: ""
    form: {}
    headers:
      Accept:
      - application/json
    url: https://api.datadoghq.com/api/v2/security_monitoring/rules/yhz-egd-p7o
    method: GET
  response:
    body: |
      {"creationAuthorId":1445416,"tags":["u:tomato","i:tomato"],"isEnabled":false,"hasExtendedTitle":false,"message":"acceptance rule triggered","options":{"detectionMethod":"threshold","evaluationWindow":300,"maxSignalDuration":900,"keepAlive":600},"version":1,"createdAt":1665663121654,"filters":[],"queries":[{"query":"@agent.rule_id:(tf_TestAccDatadogSecurityMonitoringRule_CwsRule_local_1665663120_random_id OR random_id)","groupByFields":["host"],"aggregation":"count","name":"first","distinctFields":[]}],"isDeleted":false,"cases":[{"status":"high","notifications":[],"name":"high case","condition":"first > 3"}],"type":"workload_security","id":"yhz-egd-p7o","isDefault":false,"name":"tf-TestAccDatadogSecurityMonitoringRule_CwsRule-local-1665663120"}
    headers:
      Content-Type:
      - application/json
    status: 200 OK
    code: 200
    duration: ""
- request:
    body: ""
    form: {}
    headers:
      Accept:
      - application/json
    url: https://api.datadoghq.com/api/v2/security_monitoring/rules/yhz-egd-p7o
    method: GET
  response:
    body: |
      {"creationAuthorId":1445416,"tags":["u:tomato","i:tomato"],"isEnabled":false,"hasExtendedTitle":false,"message":"acceptance rule triggered","options":{"detectionMethod":"threshold","evaluationWindow":300,"maxSignalDuration":900,"keepAlive":600},"version":1,"createdAt":1665663121654,"filters":[],"queries":[{"query":"@agent.rule_id:(tf_TestAccDatadogSecurityMonitoringRule_CwsRule_local_1665663120_random_id OR random_id)","groupByFields":["host"],"aggregation":"count","name":"first","distinctFields":[]}],"isDeleted":false,"cases":[{"status":"high","notifications":[],"name":"high case","condition":"first > 3"}],"type":"workload_security","id":"yhz-egd-p7o","isDefault":false,"name":"tf-TestAccDatadogSecurityMonitoringRule_CwsRule-local-1665663120"}
    headers:
      Content-Type:
      - application/json
    status: 200 OK
    code: 200
    duration: ""
- request:
    body: |
      {"cases":[{"condition":"first \u003e 10","name":"high case (updated)","notifications":["@user"],"status":"medium"}],"hasExtendedTitle":false,"isEnabled":true,"message":"acceptance rule triggered (updated)","name":"tf-TestAccDatadogSecurityMonitoringRule_CwsRule-local-1665663120","options":{"detectionMethod":"threshold","evaluationWindow":300,"keepAlive":600,"maxSignalDuration":900},"queries":[{"aggregation":"count","distinctFields":[],"groupByFields":["service"],"metric":"","metrics":[],"name":"first","query":"@agent.rule_id:(tf_TestAccDatadogSecurityMonitoringRule_CwsRule_local_1665663120_random_id OR random_id)"}],"tags":["u:tomato","i:tomato"]}
    form: {}
    headers:
      Accept:
      - application/json
      Content-Type:
      - application/json
    url: https://api.datadoghq.com/api/v2/security_monitoring/rules/yhz-egd-p7o
    method: PUT
  response:
    body: |
      {"updateAuthorId":1445416,"creationAuthorId":1445416,"tags":["u:tomato","i:tomato"],"isEnabled":true,"hasExtendedTitle":false,"message":"acceptance rule triggered (updated)","options":{"detectionMethod":"threshold","evaluationWindow":300,"maxSignalDuration":900,"keepAlive":600},"version":2,"isDefault":false,"filters":[],"queries":[{"query":"@agent.rule_id:(tf_TestAccDatadogSecurityMonitoringRule_CwsRule_local_1665663120_random_id OR random_id)","groupByFields":["service"],"aggregation":"count","name":"first","distinctFields":[]}],"isDeleted":false,"cases":[{"status":"medium","notifications":["@user"],"name":"high case (updated)","condition":"first > 10"}],"type":"workload_security","id":"yhz-egd-p7o","createdAt":1665663121654,"name":"tf-TestAccDatadogSecurityMonitoringRule_CwsRule-local-1665663120"}
    headers:
      Content-Type:
      - application/json
    status: 200 OK
    code: 200
    duration: ""
- request:
    body: ""
    form: {}
    headers:
      Accept:
      - application/json
    url: https://api.datadoghq.com/api/v2/security_monitoring/rules/yhz-egd-p7o
    method: GET
  response:
    body: |
      {"updateAuthorId":1445416,"creationAuthorId":1445416,"tags":["u:tomato","i:tomato"],"isEnabled":true,"hasExtendedTitle":false,"message":"acceptance rule triggered (updated)","options":{"detectionMethod":"threshold","evaluationWindow":300,"maxSignalDuration":900,"keepAlive":600},"version":2,"isDefault":false,"filters":[],"queries":[{"query":"@agent.rule_id:(tf_TestAccDatadogSecurityMonitoringRule_CwsRule_local_1665663120_random_id OR random_id)","groupByFields":["service"],"aggregation":"count","name":"first","distinctFields":[]}],"isDeleted":false,"cases":[{"status":"medium","notifications":["@user"],"name":"high case (updated)","condition":"first > 10"}],"type":"workload_security","id":"yhz-egd-p7o","createdAt":1665663121654,"name":"tf-TestAccDatadogSecurityMonitoringRule_CwsRule-local-1665663120"}
    headers:
      Content-Type:
      - application/json
    status: 200 OK
    code: 200
    duration: ""
- request:
    body: ""
    form: {}
    headers:
      Accept:
      - application/json
    url: https://api.datadoghq.com/api/v2/security_monitoring/rules/yhz-egd-p7o
    method: GET
  response:
    body: |
      {"updateAuthorId":1445416,"creationAuthorId":1445416,"tags":["u:tomato","i:tomato"],"isEnabled":true,"hasExtendedTitle":false,"message":"acceptance rule triggered (updated)","options":{"detectionMethod":"threshold","evaluationWindow":300,"maxSignalDuration":900,"keepAlive":600},"version":2,"isDefault":false,"filters":[],"queries":[{"query":"@agent.rule_id:(tf_TestAccDatadogSecurityMonitoringRule_CwsRule_local_1665663120_random_id OR random_id)","groupByFields":["service"],"aggregation":"count","name":"first","distinctFields":[]}],"isDeleted":false,"cases":[{"status":"medium","notifications":["@user"],"name":"high case (updated)","condition":"first > 10"}],"type":"workload_security","id":"yhz-egd-p7o","createdAt":1665663121654,"name":"tf-TestAccDatadogSecurityMonitoringRule_CwsRule-local-1665663120"}
    headers:
      Content-Type:
      - application/json
    status: 200 OK
    code: 200
    duration: ""
- request:
    body: ""
    form: {}
    headers:
      Accept:
      - '*/*'
    url: https://api.datadoghq.com/api/v2/security_monitoring/rules/yhz-egd-p7o
    method: DELETE
  response:
    body: ""
    headers: {}
    status: 204 No Content
    code: 204
    duration: ""
- request:
    body: ""
    form: {}
    headers:
      Accept:
      - application/json
    url: https://api.datadoghq.com/api/v2/security_monitoring/rules/yhz-egd-p7o
    method: GET
  response:
    body: |
      {"errors":["Threat detection rule not found: yhz-egd-p7o"]}
    headers:
      Content-Type:
      - application/json
    status: 404 Not Found
    code: 404
    duration: ""
