---
version: 1
interactions:
- request:
    body: |
      {"cases":[{"condition":"first \u003e 3 || second \u003e 10","name":"high case","notifications":["@user"],"status":"high"},{"condition":"first \u003e 0 || second \u003e 0","name":"warning case","notifications":[],"status":"medium"}],"isEnabled":false,"message":"acceptance rule triggered","name":"tf-TestAccDatadogSecurityMonitoringRule_Basic-local-1611353212","options":{"evaluationWindow":300,"keepAlive":600,"maxSignalDuration":900},"queries":[{"aggregation":"count","distinctFields":[],"groupByFields":["host"],"metric":"","name":"first","query":"does not really match much"},{"aggregation":"cardinality","distinctFields":["@orgId"],"groupByFields":["host"],"metric":"@network.bytes_read","name":"second","query":"does not really match much either"}],"tags":["i:tomato","u:tomato"]}
    form: {}
    headers:
      Accept:
      - application/json
      Content-Type:
      - application/json
      Dd-Operation-Id:
      - CreateSecurityMonitoringRule
      User-Agent:
      - terraform-provider-datadog/dev (terraform 1.15.0; terraform-cli 0.12.7-sdk)
        datadog-api-client-go/1.0.0-beta.14 (go go1.15.3; os darwin; arch amd64)
      X-Datadog-Parent-Id:
      - "3685894247592328126"
      X-Datadog-Sampling-Priority:
      - "1"
      X-Datadog-Trace-Id:
      - "9097263437132861247"
    url: https://api.datadoghq.com/api/v2/security_monitoring/rules
    method: POST
  response:
    body: '{"creationAuthorId":1445416,"tags":["i:tomato","u:tomato"],"isEnabled":false,"hasExtendedTitle":false,"message":"acceptance
      rule triggered","options":{"detectionMethod":"threshold","evaluationWindow":300,"maxSignalDuration":900,"keepAlive":600},"version":1,"createdAt":1611353212416,"filters":[],"queries":[{"distinctFields":[],"name":"first","metric":"","aggregation":"count","groupByFields":["host"],"query":"does
      not really match much","trackType":"logs"},{"distinctFields":["@orgId"],"name":"second","metric":"@network.bytes_read","aggregation":"cardinality","groupByFields":["host"],"query":"does
      not really match much either","trackType":"logs"}],"isDeleted":false,"cases":[{"status":"high","notifications":["@user"],"name":"high
      case","condition":"first > 3 || second > 10"},{"status":"medium","notifications":[],"name":"warning
      case","condition":"first > 0 || second > 0"}],"type":"log_detection","id":"cfz-75b-kic","isDefault":false,"name":"tf-TestAccDatadogSecurityMonitoringRule_Basic-local-1611353212"}'
    headers:
      Cache-Control:
      - no-cache
      Connection:
      - keep-alive
      Content-Disposition:
      - inline
      Content-Security-Policy:
      - frame-ancestors 'self'; report-uri https://api.datadoghq.com/csp-report
      Content-Type:
      - application/json;charset=utf-8
      Date:
      - Fri, 22 Jan 2021 22:06:52 GMT
      Pragma:
      - no-cache
      Set-Cookie:
      - DD-PSHARD=233; Max-Age=604800; Path=/; expires=Fri, 29-Jan-2021 22:06:52 GMT;
        secure; HttpOnly
      Strict-Transport-Security:
      - max-age=15724800;
      Vary:
      - Accept-Encoding
      X-Content-Type-Options:
      - nosniff
      X-Dd-Debug:
      - bgHykj7A9bfZx0Y5ZO3swhhp5tGUSNJHqFWR868+qg087CYrDOd5hQslC+noiEtH
      X-Dd-Version:
      - "35.3760055"
      X-Frame-Options:
      - SAMEORIGIN
    status: 200 OK
    code: 200
    duration: ""
- request:
    body: ""
    form: {}
    headers:
      Accept:
      - application/json
      Dd-Operation-Id:
      - GetSecurityMonitoringRule
      User-Agent:
      - terraform-provider-datadog/dev (terraform 1.15.0; terraform-cli 0.12.7-sdk)
        datadog-api-client-go/1.0.0-beta.14 (go go1.15.3; os darwin; arch amd64)
      X-Datadog-Parent-Id:
      - "7698796426799807930"
      X-Datadog-Sampling-Priority:
      - "1"
      X-Datadog-Trace-Id:
      - "9097263437132861247"
    url: https://api.datadoghq.com/api/v2/security_monitoring/rules/cfz-75b-kic
    method: GET
  response:
    body: '{"creationAuthorId":1445416,"tags":["i:tomato","u:tomato"],"isEnabled":false,"hasExtendedTitle":false,"message":"acceptance
      rule triggered","options":{"detectionMethod":"threshold","evaluationWindow":300,"maxSignalDuration":900,"keepAlive":600},"version":1,"createdAt":1611353212416,"filters":[],"queries":[{"distinctFields":[],"name":"first","metric":"","aggregation":"count","groupByFields":["host"],"query":"does
      not really match much","trackType":"logs"},{"distinctFields":["@orgId"],"name":"second","metric":"@network.bytes_read","aggregation":"cardinality","groupByFields":["host"],"query":"does
      not really match much either","trackType":"logs"}],"isDeleted":false,"cases":[{"status":"high","notifications":["@user"],"name":"high
      case","condition":"first > 3 || second > 10"},{"status":"medium","notifications":[],"name":"warning
      case","condition":"first > 0 || second > 0"}],"type":"log_detection","id":"cfz-75b-kic","isDefault":false,"name":"tf-TestAccDatadogSecurityMonitoringRule_Basic-local-1611353212"}'
    headers:
      Cache-Control:
      - no-cache
      Connection:
      - keep-alive
      Content-Disposition:
      - inline
      Content-Security-Policy:
      - frame-ancestors 'self'; report-uri https://api.datadoghq.com/csp-report
      Content-Type:
      - application/json;charset=utf-8
      Date:
      - Fri, 22 Jan 2021 22:06:52 GMT
      Pragma:
      - no-cache
      Set-Cookie:
      - DD-PSHARD=233; Max-Age=604800; Path=/; expires=Fri, 29-Jan-2021 22:06:52 GMT;
        secure; HttpOnly
      Strict-Transport-Security:
      - max-age=15724800;
      Vary:
      - Accept-Encoding
      X-Content-Type-Options:
      - nosniff
      X-Dd-Debug:
      - bgHykj7A9bfZx0Y5ZO3swhhp5tGUSNJHqFWR868+qg087CYrDOd5hQslC+noiEtH
      X-Dd-Version:
      - "35.3760055"
      X-Frame-Options:
      - SAMEORIGIN
    status: 200 OK
    code: 200
    duration: ""
- request:
    body: ""
    form: {}
    headers:
      Accept:
      - application/json
      Dd-Operation-Id:
      - GetSecurityMonitoringRule
      User-Agent:
      - terraform-provider-datadog/dev (terraform 1.15.0; terraform-cli 0.12.7-sdk)
        datadog-api-client-go/1.0.0-beta.14 (go go1.15.3; os darwin; arch amd64)
      X-Datadog-Parent-Id:
      - "5591727210798017927"
      X-Datadog-Sampling-Priority:
      - "1"
      X-Datadog-Trace-Id:
      - "9097263437132861247"
    url: https://api.datadoghq.com/api/v2/security_monitoring/rules/cfz-75b-kic
    method: GET
  response:
    body: '{"creationAuthorId":1445416,"tags":["i:tomato","u:tomato"],"isEnabled":false,"hasExtendedTitle":false,"message":"acceptance
      rule triggered","options":{"detectionMethod":"threshold","evaluationWindow":300,"maxSignalDuration":900,"keepAlive":600},"version":1,"createdAt":1611353212416,"filters":[],"queries":[{"distinctFields":[],"name":"first","metric":"","aggregation":"count","groupByFields":["host"],"query":"does
      not really match much","trackType":"logs"},{"distinctFields":["@orgId"],"name":"second","metric":"@network.bytes_read","aggregation":"cardinality","groupByFields":["host"],"query":"does
      not really match much either","trackType":"logs"}],"isDeleted":false,"cases":[{"status":"high","notifications":["@user"],"name":"high
      case","condition":"first > 3 || second > 10"},{"status":"medium","notifications":[],"name":"warning
      case","condition":"first > 0 || second > 0"}],"type":"log_detection","id":"cfz-75b-kic","isDefault":false,"name":"tf-TestAccDatadogSecurityMonitoringRule_Basic-local-1611353212"}'
    headers:
      Cache-Control:
      - no-cache
      Connection:
      - keep-alive
      Content-Disposition:
      - inline
      Content-Security-Policy:
      - frame-ancestors 'self'; report-uri https://api.datadoghq.com/csp-report
      Content-Type:
      - application/json;charset=utf-8
      Date:
      - Fri, 22 Jan 2021 22:06:52 GMT
      Pragma:
      - no-cache
      Set-Cookie:
      - DD-PSHARD=233; Max-Age=604800; Path=/; expires=Fri, 29-Jan-2021 22:06:52 GMT;
        secure; HttpOnly
      Strict-Transport-Security:
      - max-age=15724800;
      Vary:
      - Accept-Encoding
      X-Content-Type-Options:
      - nosniff
      X-Dd-Debug:
      - l4HFlaRP3QwYSqoGKhzbYfv7zgkK63HIRR7YkyVYZspq0lGjjTBwoK8V/alf+XYt
      X-Dd-Version:
      - "35.3760055"
      X-Frame-Options:
      - SAMEORIGIN
    status: 200 OK
    code: 200
    duration: ""
- request:
    body: ""
    form: {}
    headers:
      Accept:
      - application/json
      Dd-Operation-Id:
      - GetSecurityMonitoringRule
      User-Agent:
      - terraform-provider-datadog/dev (terraform 1.15.0; terraform-cli 0.12.7-sdk)
        datadog-api-client-go/1.0.0-beta.14 (go go1.15.3; os darwin; arch amd64)
      X-Datadog-Parent-Id:
      - "6712973126858883957"
      X-Datadog-Sampling-Priority:
      - "1"
      X-Datadog-Trace-Id:
      - "9097263437132861247"
    url: https://api.datadoghq.com/api/v2/security_monitoring/rules/cfz-75b-kic
    method: GET
  response:
    body: '{"creationAuthorId":1445416,"tags":["i:tomato","u:tomato"],"isEnabled":false,"hasExtendedTitle":false,"message":"acceptance
      rule triggered","options":{"detectionMethod":"threshold","evaluationWindow":300,"maxSignalDuration":900,"keepAlive":600},"version":1,"createdAt":1611353212416,"filters":[],"queries":[{"distinctFields":[],"name":"first","metric":"","aggregation":"count","groupByFields":["host"],"query":"does
      not really match much","trackType":"logs"},{"distinctFields":["@orgId"],"name":"second","metric":"@network.bytes_read","aggregation":"cardinality","groupByFields":["host"],"query":"does
      not really match much either","trackType":"logs"}],"isDeleted":false,"cases":[{"status":"high","notifications":["@user"],"name":"high
      case","condition":"first > 3 || second > 10"},{"status":"medium","notifications":[],"name":"warning
      case","condition":"first > 0 || second > 0"}],"type":"log_detection","id":"cfz-75b-kic","isDefault":false,"name":"tf-TestAccDatadogSecurityMonitoringRule_Basic-local-1611353212"}'
    headers:
      Cache-Control:
      - no-cache
      Connection:
      - keep-alive
      Content-Disposition:
      - inline
      Content-Security-Policy:
      - frame-ancestors 'self'; report-uri https://api.datadoghq.com/csp-report
      Content-Type:
      - application/json;charset=utf-8
      Date:
      - Fri, 22 Jan 2021 22:06:52 GMT
      Pragma:
      - no-cache
      Set-Cookie:
      - DD-PSHARD=233; Max-Age=604800; Path=/; expires=Fri, 29-Jan-2021 22:06:52 GMT;
        secure; HttpOnly
      Strict-Transport-Security:
      - max-age=15724800;
      Vary:
      - Accept-Encoding
      X-Content-Type-Options:
      - nosniff
      X-Dd-Debug:
      - l8RQo2maZqJf6GFThBbKNE6dvthz6njusVtau3dPXJWL2RLFoN81H+BLPB/1xgs1
      X-Dd-Version:
      - "35.3760055"
      X-Frame-Options:
      - SAMEORIGIN
    status: 200 OK
    code: 200
    duration: ""
- request:
    body: |
      {"cases":[{"condition":"first_updated \u003e 3","name":"high case (updated)","notifications":["@user"],"status":"medium"},{"condition":"first_updated \u003e 0","name":"warning case (updated)","notifications":[],"status":"high"}],"isEnabled":true,"message":"acceptance rule triggered (updated)","name":"tf-TestAccDatadogSecurityMonitoringRule_Basic-local-1611353212 - updated","options":{"evaluationWindow":60,"keepAlive":300,"maxSignalDuration":600},"queries":[{"aggregation":"cardinality","distinctFields":["@orgId"],"groupByFields":["service"],"metric":"@network.bytes_read","name":"first_updated","query":"does not really match much (updated)"}],"tags":["u:tomato","i:tomato"]}
    form: {}
    headers:
      Accept:
      - application/json
      Content-Type:
      - application/json
      Dd-Operation-Id:
      - UpdateSecurityMonitoringRule
      User-Agent:
      - terraform-provider-datadog/dev (terraform 1.15.0; terraform-cli 0.12.7-sdk)
        datadog-api-client-go/1.0.0-beta.14 (go go1.15.3; os darwin; arch amd64)
      X-Datadog-Parent-Id:
      - "7609685143316726335"
      X-Datadog-Sampling-Priority:
      - "1"
      X-Datadog-Trace-Id:
      - "9097263437132861247"
    url: https://api.datadoghq.com/api/v2/security_monitoring/rules/cfz-75b-kic
    method: PUT
  response:
    body: '{"creationAuthorId":1445416,"tags":["u:tomato","i:tomato"],"isEnabled":true,"hasExtendedTitle":false,"message":"acceptance
      rule triggered (updated)","options":{"detectionMethod":"threshold","evaluationWindow":60,"maxSignalDuration":600,"keepAlive":300},"version":2,"createdAt":1611353212416,"filters":[],"queries":[{"distinctFields":["@orgId"],"name":"first_updated","metric":"@network.bytes_read","aggregation":"cardinality","groupByFields":["service"],"query":"does
      not really match much (updated)","trackType":"logs"}],"isDeleted":false,"cases":[{"status":"medium","notifications":["@user"],"name":"high
      case (updated)","condition":"first_updated > 3"},{"status":"high","notifications":[],"name":"warning
      case (updated)","condition":"first_updated > 0"}],"type":"log_detection","id":"cfz-75b-kic","isDefault":false,"name":"tf-TestAccDatadogSecurityMonitoringRule_Basic-local-1611353212
      - updated"}'
    headers:
      Cache-Control:
      - no-cache
      Connection:
      - keep-alive
      Content-Disposition:
      - inline
      Content-Security-Policy:
      - frame-ancestors 'self'; report-uri https://api.datadoghq.com/csp-report
      Content-Type:
      - application/json;charset=utf-8
      Date:
      - Fri, 22 Jan 2021 22:06:52 GMT
      Pragma:
      - no-cache
      Set-Cookie:
      - DD-PSHARD=233; Max-Age=604800; Path=/; expires=Fri, 29-Jan-2021 22:06:52 GMT;
        secure; HttpOnly
      Strict-Transport-Security:
      - max-age=15724800;
      Vary:
      - Accept-Encoding
      X-Content-Type-Options:
      - nosniff
      X-Dd-Debug:
      - /L+SFFO+m1pPY+hRCpk5325fvfrNl0KmiquUNJolBN/5hu3HIwflqjZSbJ6NxDFG
      X-Dd-Version:
      - "35.3760055"
      X-Frame-Options:
      - SAMEORIGIN
    status: 200 OK
    code: 200
    duration: ""
- request:
    body: ""
    form: {}
    headers:
      Accept:
      - application/json
      Dd-Operation-Id:
      - GetSecurityMonitoringRule
      User-Agent:
      - terraform-provider-datadog/dev (terraform 1.15.0; terraform-cli 0.12.7-sdk)
        datadog-api-client-go/1.0.0-beta.14 (go go1.15.3; os darwin; arch amd64)
      X-Datadog-Parent-Id:
      - "2453542828082642058"
      X-Datadog-Sampling-Priority:
      - "1"
      X-Datadog-Trace-Id:
      - "9097263437132861247"
    url: https://api.datadoghq.com/api/v2/security_monitoring/rules/cfz-75b-kic
    method: GET
  response:
    body: '{"creationAuthorId":1445416,"tags":["u:tomato","i:tomato"],"isEnabled":true,"hasExtendedTitle":false,"message":"acceptance
      rule triggered (updated)","options":{"detectionMethod":"threshold","evaluationWindow":60,"maxSignalDuration":600,"keepAlive":300},"version":2,"createdAt":1611353212416,"filters":[],"queries":[{"distinctFields":["@orgId"],"name":"first_updated","metric":"@network.bytes_read","aggregation":"cardinality","groupByFields":["service"],"query":"does
      not really match much (updated)","trackType":"logs"}],"isDeleted":false,"cases":[{"status":"medium","notifications":["@user"],"name":"high
      case (updated)","condition":"first_updated > 3"},{"status":"high","notifications":[],"name":"warning
      case (updated)","condition":"first_updated > 0"}],"type":"log_detection","id":"cfz-75b-kic","isDefault":false,"name":"tf-TestAccDatadogSecurityMonitoringRule_Basic-local-1611353212
      - updated"}'
    headers:
      Cache-Control:
      - no-cache
      Connection:
      - keep-alive
      Content-Disposition:
      - inline
      Content-Security-Policy:
      - frame-ancestors 'self'; report-uri https://api.datadoghq.com/csp-report
      Content-Type:
      - application/json;charset=utf-8
      Date:
      - Fri, 22 Jan 2021 22:06:52 GMT
      Pragma:
      - no-cache
      Set-Cookie:
      - DD-PSHARD=233; Max-Age=604800; Path=/; expires=Fri, 29-Jan-2021 22:06:52 GMT;
        secure; HttpOnly
      Strict-Transport-Security:
      - max-age=15724800;
      Vary:
      - Accept-Encoding
      X-Content-Type-Options:
      - nosniff
      X-Dd-Debug:
      - l8RQo2maZqJf6GFThBbKNE6dvthz6njusVtau3dPXJWL2RLFoN81H+BLPB/1xgs1
      X-Dd-Version:
      - "35.3760055"
      X-Frame-Options:
      - SAMEORIGIN
    status: 200 OK
    code: 200
    duration: ""
- request:
    body: ""
    form: {}
    headers:
      Accept:
      - application/json
      Dd-Operation-Id:
      - GetSecurityMonitoringRule
      User-Agent:
      - terraform-provider-datadog/dev (terraform 1.15.0; terraform-cli 0.12.7-sdk)
        datadog-api-client-go/1.0.0-beta.14 (go go1.15.3; os darwin; arch amd64)
      X-Datadog-Parent-Id:
      - "6985668580251836459"
      X-Datadog-Sampling-Priority:
      - "1"
      X-Datadog-Trace-Id:
      - "9097263437132861247"
    url: https://api.datadoghq.com/api/v2/security_monitoring/rules/cfz-75b-kic
    method: GET
  response:
    body: '{"creationAuthorId":1445416,"tags":["u:tomato","i:tomato"],"isEnabled":true,"hasExtendedTitle":false,"message":"acceptance
      rule triggered (updated)","options":{"detectionMethod":"threshold","evaluationWindow":60,"maxSignalDuration":600,"keepAlive":300},"version":2,"createdAt":1611353212416,"filters":[],"queries":[{"distinctFields":["@orgId"],"name":"first_updated","metric":"@network.bytes_read","aggregation":"cardinality","groupByFields":["service"],"query":"does
      not really match much (updated)","trackType":"logs"}],"isDeleted":false,"cases":[{"status":"medium","notifications":["@user"],"name":"high
      case (updated)","condition":"first_updated > 3"},{"status":"high","notifications":[],"name":"warning
      case (updated)","condition":"first_updated > 0"}],"type":"log_detection","id":"cfz-75b-kic","isDefault":false,"name":"tf-TestAccDatadogSecurityMonitoringRule_Basic-local-1611353212
      - updated"}'
    headers:
      Cache-Control:
      - no-cache
      Connection:
      - keep-alive
      Content-Disposition:
      - inline
      Content-Security-Policy:
      - frame-ancestors 'self'; report-uri https://api.datadoghq.com/csp-report
      Content-Type:
      - application/json;charset=utf-8
      Date:
      - Fri, 22 Jan 2021 22:06:53 GMT
      Pragma:
      - no-cache
      Set-Cookie:
      - DD-PSHARD=233; Max-Age=604800; Path=/; expires=Fri, 29-Jan-2021 22:06:53 GMT;
        secure; HttpOnly
      Strict-Transport-Security:
      - max-age=15724800;
      Vary:
      - Accept-Encoding
      X-Content-Type-Options:
      - nosniff
      X-Dd-Debug:
      - F5gm0Rce1/Abr9/0Fw8HAqWfiz0FdiH8er/AXnN6lOn3L6KyGgbsLCwgPlob1No8
      X-Dd-Version:
      - "35.3760055"
      X-Frame-Options:
      - SAMEORIGIN
    status: 200 OK
    code: 200
    duration: ""
- request:
    body: ""
    form: {}
    headers:
      Accept:
      - application/json
      Dd-Operation-Id:
      - GetSecurityMonitoringRule
      User-Agent:
      - terraform-provider-datadog/dev (terraform 1.15.0; terraform-cli 0.12.7-sdk)
        datadog-api-client-go/1.0.0-beta.14 (go go1.15.3; os darwin; arch amd64)
      X-Datadog-Parent-Id:
      - "4021102055539927808"
      X-Datadog-Sampling-Priority:
      - "1"
      X-Datadog-Trace-Id:
      - "9097263437132861247"
    url: https://api.datadoghq.com/api/v2/security_monitoring/rules/cfz-75b-kic
    method: GET
  response:
    body: '{"creationAuthorId":1445416,"tags":["u:tomato","i:tomato"],"isEnabled":true,"hasExtendedTitle":false,"message":"acceptance
      rule triggered (updated)","options":{"detectionMethod":"threshold","evaluationWindow":60,"maxSignalDuration":600,"keepAlive":300},"version":2,"createdAt":1611353212416,"filters":[],"queries":[{"distinctFields":["@orgId"],"name":"first_updated","metric":"@network.bytes_read","aggregation":"cardinality","groupByFields":["service"],"query":"does
      not really match much (updated)","trackType":"logs"}],"isDeleted":false,"cases":[{"status":"medium","notifications":["@user"],"name":"high
      case (updated)","condition":"first_updated > 3"},{"status":"high","notifications":[],"name":"warning
      case (updated)","condition":"first_updated > 0"}],"type":"log_detection","id":"cfz-75b-kic","isDefault":false,"name":"tf-TestAccDatadogSecurityMonitoringRule_Basic-local-1611353212
      - updated"}'
    headers:
      Cache-Control:
      - no-cache
      Connection:
      - keep-alive
      Content-Disposition:
      - inline
      Content-Security-Policy:
      - frame-ancestors 'self'; report-uri https://api.datadoghq.com/csp-report
      Content-Type:
      - application/json;charset=utf-8
      Date:
      - Fri, 22 Jan 2021 22:06:53 GMT
      Pragma:
      - no-cache
      Set-Cookie:
      - DD-PSHARD=233; Max-Age=604800; Path=/; expires=Fri, 29-Jan-2021 22:06:53 GMT;
        secure; HttpOnly
      Strict-Transport-Security:
      - max-age=15724800;
      Vary:
      - Accept-Encoding
      X-Content-Type-Options:
      - nosniff
      X-Dd-Debug:
      - PhosSd3Ch1B6B0DXI71steKUi7XhPDttnPiIP1NdXTw0VJNWpoUnYyBmODS5ne3q
      X-Dd-Version:
      - "35.3760055"
      X-Frame-Options:
      - SAMEORIGIN
    status: 200 OK
    code: 200
    duration: ""
- request:
    body: ""
    form: {}
    headers:
      Accept:
      - application/json
      Dd-Operation-Id:
      - GetSecurityMonitoringRule
      User-Agent:
      - terraform-provider-datadog/dev (terraform 1.15.0; terraform-cli 0.12.7-sdk)
        datadog-api-client-go/1.0.0-beta.14 (go go1.15.3; os darwin; arch amd64)
      X-Datadog-Parent-Id:
      - "2315758251617095676"
      X-Datadog-Sampling-Priority:
      - "1"
      X-Datadog-Trace-Id:
      - "9097263437132861247"
    url: https://api.datadoghq.com/api/v2/security_monitoring/rules/cfz-75b-kic
    method: GET
  response:
    body: '{"creationAuthorId":1445416,"tags":["u:tomato","i:tomato"],"isEnabled":true,"hasExtendedTitle":false,"message":"acceptance
      rule triggered (updated)","options":{"detectionMethod":"threshold","evaluationWindow":60,"maxSignalDuration":600,"keepAlive":300},"version":2,"createdAt":1611353212416,"filters":[],"queries":[{"distinctFields":["@orgId"],"name":"first_updated","metric":"@network.bytes_read","aggregation":"cardinality","groupByFields":["service"],"query":"does
      not really match much (updated)","trackType":"logs"}],"isDeleted":false,"cases":[{"status":"medium","notifications":["@user"],"name":"high
      case (updated)","condition":"first_updated > 3"},{"status":"high","notifications":[],"name":"warning
      case (updated)","condition":"first_updated > 0"}],"type":"log_detection","id":"cfz-75b-kic","isDefault":false,"name":"tf-TestAccDatadogSecurityMonitoringRule_Basic-local-1611353212
      - updated"}'
    headers:
      Cache-Control:
      - no-cache
      Connection:
      - keep-alive
      Content-Disposition:
      - inline
      Content-Security-Policy:
      - frame-ancestors 'self'; report-uri https://api.datadoghq.com/csp-report
      Content-Type:
      - application/json;charset=utf-8
      Date:
      - Fri, 22 Jan 2021 22:06:53 GMT
      Pragma:
      - no-cache
      Set-Cookie:
      - DD-PSHARD=233; Max-Age=604800; Path=/; expires=Fri, 29-Jan-2021 22:06:53 GMT;
        secure; HttpOnly
      Strict-Transport-Security:
      - max-age=15724800;
      Vary:
      - Accept-Encoding
      X-Content-Type-Options:
      - nosniff
      X-Dd-Debug:
      - L3ULR3HwCWYmEqCWGz2Yob3chcH4pjowBacBXkncP7o+/uPqKt9yGEYf/g1AJPzQ
      X-Dd-Version:
      - "35.3760055"
      X-Frame-Options:
      - SAMEORIGIN
    status: 200 OK
    code: 200
    duration: ""
- request:
    body: ""
    form: {}
    headers:
      Accept:
      - application/json
      Dd-Operation-Id:
      - GetSecurityMonitoringRule
      User-Agent:
      - terraform-provider-datadog/dev (terraform 1.15.0; terraform-cli 0.12.7-sdk)
        datadog-api-client-go/1.0.0-beta.14 (go go1.15.3; os darwin; arch amd64)
      X-Datadog-Parent-Id:
      - "7505249737322315848"
      X-Datadog-Sampling-Priority:
      - "1"
      X-Datadog-Trace-Id:
      - "9097263437132861247"
    url: https://api.datadoghq.com/api/v2/security_monitoring/rules/cfz-75b-kic
    method: GET
  response:
    body: '{"creationAuthorId":1445416,"tags":["u:tomato","i:tomato"],"isEnabled":true,"hasExtendedTitle":false,"message":"acceptance
      rule triggered (updated)","options":{"detectionMethod":"threshold","evaluationWindow":60,"maxSignalDuration":600,"keepAlive":300},"version":2,"createdAt":1611353212416,"filters":[],"queries":[{"distinctFields":["@orgId"],"name":"first_updated","metric":"@network.bytes_read","aggregation":"cardinality","groupByFields":["service"],"query":"does
      not really match much (updated)","trackType":"logs"}],"isDeleted":false,"cases":[{"status":"medium","notifications":["@user"],"name":"high
      case (updated)","condition":"first_updated > 3"},{"status":"high","notifications":[],"name":"warning
      case (updated)","condition":"first_updated > 0"}],"type":"log_detection","id":"cfz-75b-kic","isDefault":false,"name":"tf-TestAccDatadogSecurityMonitoringRule_Basic-local-1611353212
      - updated"}'
    headers:
      Cache-Control:
      - no-cache
      Connection:
      - keep-alive
      Content-Disposition:
      - inline
      Content-Security-Policy:
      - frame-ancestors 'self'; report-uri https://api.datadoghq.com/csp-report
      Content-Type:
      - application/json;charset=utf-8
      Date:
      - Fri, 22 Jan 2021 22:06:53 GMT
      Pragma:
      - no-cache
      Set-Cookie:
      - DD-PSHARD=233; Max-Age=604800; Path=/; expires=Fri, 29-Jan-2021 22:06:53 GMT;
        secure; HttpOnly
      Strict-Transport-Security:
      - max-age=15724800;
      Vary:
      - Accept-Encoding
      X-Content-Type-Options:
      - nosniff
      X-Dd-Debug:
      - JpIJLwIH2nFlZOC+u71rq7aAOL43MLZN3MUsL+gpYHdZz5QLUOG8Jysf8kVK6tPU
      X-Dd-Version:
      - "35.3760055"
      X-Frame-Options:
      - SAMEORIGIN
    status: 200 OK
    code: 200
    duration: ""
- request:
    body: ""
    form: {}
    headers:
      Accept:
      - application/json
      Dd-Operation-Id:
      - GetSecurityMonitoringRule
      User-Agent:
      - terraform-provider-datadog/dev (terraform 1.15.0; terraform-cli 0.12.7-sdk)
        datadog-api-client-go/1.0.0-beta.14 (go go1.15.3; os darwin; arch amd64)
      X-Datadog-Parent-Id:
      - "44792487010816032"
      X-Datadog-Sampling-Priority:
      - "1"
      X-Datadog-Trace-Id:
      - "9097263437132861247"
    url: https://api.datadoghq.com/api/v2/security_monitoring/rules/cfz-75b-kic
    method: GET
  response:
    body: '{"creationAuthorId":1445416,"tags":["u:tomato","i:tomato"],"isEnabled":true,"hasExtendedTitle":false,"message":"acceptance
      rule triggered (updated)","options":{"detectionMethod":"threshold","evaluationWindow":60,"maxSignalDuration":600,"keepAlive":300},"version":2,"createdAt":1611353212416,"filters":[],"queries":[{"distinctFields":["@orgId"],"name":"first_updated","metric":"@network.bytes_read","aggregation":"cardinality","groupByFields":["service"],"query":"does
      not really match much (updated)","trackType":"logs"}],"isDeleted":false,"cases":[{"status":"medium","notifications":["@user"],"name":"high
      case (updated)","condition":"first_updated > 3"},{"status":"high","notifications":[],"name":"warning
      case (updated)","condition":"first_updated > 0"}],"type":"log_detection","id":"cfz-75b-kic","isDefault":false,"name":"tf-TestAccDatadogSecurityMonitoringRule_Basic-local-1611353212
      - updated"}'
    headers:
      Cache-Control:
      - no-cache
      Connection:
      - keep-alive
      Content-Disposition:
      - inline
      Content-Security-Policy:
      - frame-ancestors 'self'; report-uri https://api.datadoghq.com/csp-report
      Content-Type:
      - application/json;charset=utf-8
      Date:
      - Fri, 22 Jan 2021 22:06:53 GMT
      Pragma:
      - no-cache
      Set-Cookie:
      - DD-PSHARD=233; Max-Age=604800; Path=/; expires=Fri, 29-Jan-2021 22:06:53 GMT;
        secure; HttpOnly
      Strict-Transport-Security:
      - max-age=15724800;
      Vary:
      - Accept-Encoding
      X-Content-Type-Options:
      - nosniff
      X-Dd-Debug:
      - vdJ3/nHEY1ioXQ6pQrBVvsQK1s4yyc+wufBMPSoXql71qZVuP/xMdtNo6DafhOAk
      X-Dd-Version:
      - "35.3760055"
      X-Frame-Options:
      - SAMEORIGIN
    status: 200 OK
    code: 200
    duration: ""
- request:
    body: ""
    form: {}
    headers:
      Accept:
      - application/json
      Dd-Operation-Id:
      - DeleteSecurityMonitoringRule
      User-Agent:
      - terraform-provider-datadog/dev (terraform 1.15.0; terraform-cli 0.12.7-sdk)
        datadog-api-client-go/1.0.0-beta.14 (go go1.15.3; os darwin; arch amd64)
      X-Datadog-Parent-Id:
      - "3090835132683193812"
      X-Datadog-Sampling-Priority:
      - "1"
      X-Datadog-Trace-Id:
      - "9097263437132861247"
    url: https://api.datadoghq.com/api/v2/security_monitoring/rules/cfz-75b-kic
    method: DELETE
  response:
    body: ""
    headers:
      Cache-Control:
      - no-cache
      Connection:
      - keep-alive
      Content-Disposition:
      - inline
      Content-Length:
      - "2"
      Content-Security-Policy:
      - frame-ancestors 'self'; report-uri https://api.datadoghq.com/csp-report
      Date:
      - Fri, 22 Jan 2021 22:06:53 GMT
      Pragma:
      - no-cache
      Set-Cookie:
      - DD-PSHARD=233; Max-Age=604800; Path=/; expires=Fri, 29-Jan-2021 22:06:53 GMT;
        secure; HttpOnly
      Strict-Transport-Security:
      - max-age=15724800;
      X-Content-Type-Options:
      - nosniff
      X-Dd-Debug:
      - 5gfwVh/5HZ+AnGd/Di93w3NEWC6KMHT9KzmHEiRJmNdOjBtAsbOcgVFyqEChw71h
      X-Dd-Version:
      - "35.3760055"
      X-Frame-Options:
      - SAMEORIGIN
    status: 204 No Content
    code: 204
    duration: ""
- request:
    body: ""
    form: {}
    headers:
      Accept:
      - application/json
      Dd-Operation-Id:
      - GetSecurityMonitoringRule
      User-Agent:
      - terraform-provider-datadog/dev (terraform 1.15.0; terraform-cli 0.12.7-sdk)
        datadog-api-client-go/1.0.0-beta.14 (go go1.15.3; os darwin; arch amd64)
      X-Datadog-Parent-Id:
      - "7891397224993318275"
      X-Datadog-Sampling-Priority:
      - "1"
      X-Datadog-Trace-Id:
      - "9097263437132861247"
    url: https://api.datadoghq.com/api/v2/security_monitoring/rules/cfz-75b-kic
    method: GET
  response:
    body: '{"errors":["Threat detection rule not found: cfz-75b-kic"]}'
    headers:
      Cache-Control:
      - no-cache
      Connection:
      - keep-alive
      Content-Security-Policy:
      - frame-ancestors 'self'; report-uri https://api.datadoghq.com/csp-report
      Content-Type:
      - application/json
      Date:
      - Fri, 22 Jan 2021 22:06:53 GMT
      Pragma:
      - no-cache
      Strict-Transport-Security:
      - max-age=15724800;
      Vary:
      - Accept-Encoding
      X-Content-Type-Options:
      - nosniff
      X-Dd-Version:
      - "35.3760055"
      X-Frame-Options:
      - SAMEORIGIN
    status: 404 Not Found
    code: 404
    duration: ""
