---
version: 1
interactions:
- request:
    body: |
      {"description":"Created using the Datadog provider in Terraform","id":"","is_read_only":true,"layout_type":"ordered","notify_list":[],"template_variable_presets":[],"template_variables":[],"title":"tf-TestAccDatadogDashboardTopList-local-1618593909","widgets":[{"definition":{"custom_links":[{"label":"Test Custom Link label","link":"https://app.datadoghq.com/dashboard/lists"}],"requests":[{"conditional_formats":[{"comparator":"\u003e","hide_value":false,"palette":"white_on_red","value":15000}],"q":"top(avg:system.core.user{account:prod} by {service,app}, 10, 'sum', 'desc')"}],"time":{"live_span":"1w"},"title":"Avg of system.core.user over account:prod by service,app","title_align":"right","title_size":"16","type":"toplist"}},{"definition":{"custom_links":[{"label":"Test Custom Link label","link":"https://app.datadoghq.com/dashboard/lists"}],"requests":[{"conditional_formats":[{"comparator":"\u003e","hide_value":false,"palette":"white_on_red","value":15000}],"q":"top(avg:system.core.user{account:prod} by {service,app}, 10, 'sum', 'desc')"}],"time":{"live_span":"1w"},"title":"Avg of system.core.user over account:prod by service,app","title_align":"right","title_size":"16","type":"toplist"}}]}
    form: {}
    headers:
      Accept:
      - application/json
      Content-Type:
      - application/json
      Dd-Operation-Id:
      - CreateDashboard
      User-Agent:
      - terraform-provider-datadog/dev (terraform 1.16.0; terraform-cli 0.12.7-sdk) datadog-api-client-go/1.0.0-beta.19+dev (go go1.15.6; os darwin; arch amd64)
    url: https://api.datadoghq.com/api/v1/dashboard
    method: POST
  response:
    body: '{"notify_list":[],"description":"Created using the Datadog provider in Terraform","author_name":null,"template_variable_presets":[],"template_variables":[],"is_read_only":true,"id":"iki-r6j-i7m","title":"tf-TestAccDatadogDashboardTopList-local-1618593909","url":"/dashboard/iki-r6j-i7m/tf-testaccdatadogdashboardtoplist-local-1618593909","created_at":"2021-04-16T17:25:10.189326+00:00","modified_at":"2021-04-16T17:25:10.189326+00:00","author_handle":"frog@datadoghq.com","widgets":[{"definition":{"custom_links":[{"link":"https://app.datadoghq.com/dashboard/lists","label":"Test Custom Link label"}],"title_size":"16","title":"Avg of system.core.user over account:prod by service,app","title_align":"right","time":{"live_span":"1w"},"requests":[{"q":"top(avg:system.core.user{account:prod} by {service,app}, 10, ''sum'', ''desc'')","conditional_formats":[{"palette":"white_on_red","hide_value":false,"value":15000,"comparator":">"}]}],"type":"toplist"},"id":1666692195672788},{"definition":{"custom_links":[{"link":"https://app.datadoghq.com/dashboard/lists","label":"Test Custom Link label"}],"title_size":"16","title":"Avg of system.core.user over account:prod by service,app","title_align":"right","time":{"live_span":"1w"},"requests":[{"q":"top(avg:system.core.user{account:prod} by {service,app}, 10, ''sum'', ''desc'')","conditional_formats":[{"palette":"white_on_red","hide_value":false,"value":15000,"comparator":">"}]}],"type":"toplist"},"id":2972998670623026}],"layout_type":"ordered"}'
    headers:
      Cache-Control:
      - no-cache
      Connection:
      - keep-alive
      Content-Security-Policy:
      - frame-ancestors 'self'; report-uri https://api.datadoghq.com/csp-report
      Content-Type:
      - application/json
      Date:
      - Fri, 16 Apr 2021 17:25:14 GMT
      Pragma:
      - no-cache
      Strict-Transport-Security:
      - max-age=15724800;
      Vary:
      - Accept-Encoding
      X-Content-Type-Options:
      - nosniff
      X-Dd-Debug:
      - l8RQo2maZqJf6GFThBbKNE6dvthz6njusVtau3dPXJWL2RLFoN81H+BLPB/1xgs1
      X-Dd-Version:
      - "35.4330587"
      X-Frame-Options:
      - SAMEORIGIN
    status: 200 OK
    code: 200
    duration: ""
- request:
    body: ""
    form: {}
    headers:
      Accept:
      - application/json
      Dd-Operation-Id:
      - GetDashboard
      User-Agent:
      - terraform-provider-datadog/dev (terraform 1.16.0; terraform-cli 0.12.7-sdk) datadog-api-client-go/1.0.0-beta.19+dev (go go1.15.6; os darwin; arch amd64)
    url: https://api.datadoghq.com/api/v1/dashboard/iki-r6j-i7m
    method: GET
  response:
    body: '{"notify_list":[],"description":"Created using the Datadog provider in Terraform","author_name":null,"template_variable_presets":[],"template_variables":[],"is_read_only":true,"id":"iki-r6j-i7m","title":"tf-TestAccDatadogDashboardTopList-local-1618593909","url":"/dashboard/iki-r6j-i7m/tf-testaccdatadogdashboardtoplist-local-1618593909","created_at":"2021-04-16T17:25:10.189326+00:00","modified_at":"2021-04-16T17:25:10.189326+00:00","author_handle":"frog@datadoghq.com","widgets":[{"definition":{"custom_links":[{"link":"https://app.datadoghq.com/dashboard/lists","label":"Test Custom Link label"}],"title_size":"16","title":"Avg of system.core.user over account:prod by service,app","title_align":"right","time":{"live_span":"1w"},"requests":[{"q":"top(avg:system.core.user{account:prod} by {service,app}, 10, ''sum'', ''desc'')","conditional_formats":[{"palette":"white_on_red","hide_value":false,"value":15000,"comparator":">"}]}],"type":"toplist"},"id":1666692195672788},{"definition":{"custom_links":[{"link":"https://app.datadoghq.com/dashboard/lists","label":"Test Custom Link label"}],"title_size":"16","title":"Avg of system.core.user over account:prod by service,app","title_align":"right","time":{"live_span":"1w"},"requests":[{"q":"top(avg:system.core.user{account:prod} by {service,app}, 10, ''sum'', ''desc'')","conditional_formats":[{"palette":"white_on_red","hide_value":false,"value":15000,"comparator":">"}]}],"type":"toplist"},"id":2972998670623026}],"layout_type":"ordered"}'
    headers:
      Cache-Control:
      - no-cache
      Connection:
      - keep-alive
      Content-Security-Policy:
      - frame-ancestors 'self'; report-uri https://api.datadoghq.com/csp-report
      Content-Type:
      - application/json
      Date:
      - Fri, 16 Apr 2021 17:25:14 GMT
      Pragma:
      - no-cache
      Strict-Transport-Security:
      - max-age=15724800;
      Vary:
      - Accept-Encoding
      X-Content-Type-Options:
      - nosniff
      X-Dd-Debug:
      - l8RQo2maZqJf6GFThBbKNE6dvthz6njusVtau3dPXJWL2RLFoN81H+BLPB/1xgs1
      X-Dd-Version:
      - "35.4330587"
      X-Frame-Options:
      - SAMEORIGIN
    status: 200 OK
    code: 200
    duration: ""
- request:
    body: ""
    form: {}
    headers:
      Accept:
      - application/json
      Dd-Operation-Id:
      - GetDashboard
      User-Agent:
      - terraform-provider-datadog/dev (terraform 1.16.0; terraform-cli 0.12.7-sdk) datadog-api-client-go/1.0.0-beta.19+dev (go go1.15.6; os darwin; arch amd64)
    url: https://api.datadoghq.com/api/v1/dashboard/iki-r6j-i7m
    method: GET
  response:
    body: '{"notify_list":[],"description":"Created using the Datadog provider in Terraform","author_name":null,"template_variable_presets":[],"template_variables":[],"is_read_only":true,"id":"iki-r6j-i7m","title":"tf-TestAccDatadogDashboardTopList-local-1618593909","url":"/dashboard/iki-r6j-i7m/tf-testaccdatadogdashboardtoplist-local-1618593909","created_at":"2021-04-16T17:25:10.189326+00:00","modified_at":"2021-04-16T17:25:10.189326+00:00","author_handle":"frog@datadoghq.com","widgets":[{"definition":{"custom_links":[{"link":"https://app.datadoghq.com/dashboard/lists","label":"Test Custom Link label"}],"title_size":"16","title":"Avg of system.core.user over account:prod by service,app","title_align":"right","time":{"live_span":"1w"},"requests":[{"q":"top(avg:system.core.user{account:prod} by {service,app}, 10, ''sum'', ''desc'')","conditional_formats":[{"palette":"white_on_red","hide_value":false,"value":15000,"comparator":">"}]}],"type":"toplist"},"id":1666692195672788},{"definition":{"custom_links":[{"link":"https://app.datadoghq.com/dashboard/lists","label":"Test Custom Link label"}],"title_size":"16","title":"Avg of system.core.user over account:prod by service,app","title_align":"right","time":{"live_span":"1w"},"requests":[{"q":"top(avg:system.core.user{account:prod} by {service,app}, 10, ''sum'', ''desc'')","conditional_formats":[{"palette":"white_on_red","hide_value":false,"value":15000,"comparator":">"}]}],"type":"toplist"},"id":2972998670623026}],"layout_type":"ordered"}'
    headers:
      Cache-Control:
      - no-cache
      Connection:
      - keep-alive
      Content-Security-Policy:
      - frame-ancestors 'self'; report-uri https://api.datadoghq.com/csp-report
      Content-Type:
      - application/json
      Date:
      - Fri, 16 Apr 2021 17:25:14 GMT
      Pragma:
      - no-cache
      Strict-Transport-Security:
      - max-age=15724800;
      Vary:
      - Accept-Encoding
      X-Content-Type-Options:
      - nosniff
      X-Dd-Debug:
      - Wjq53IVIwnB4SiR238oOYgHFMq/ZYP0LQ/Dv8C2fFLBwTje/dWJHu6pI6vIOK1zG
      X-Dd-Version:
      - "35.4330587"
      X-Frame-Options:
      - SAMEORIGIN
    status: 200 OK
    code: 200
    duration: ""
- request:
    body: ""
    form: {}
    headers:
      Accept:
      - application/json
      Dd-Operation-Id:
      - GetDashboard
      User-Agent:
      - terraform-provider-datadog/dev (terraform 1.16.0; terraform-cli 0.12.7-sdk) datadog-api-client-go/1.0.0-beta.19+dev (go go1.15.6; os darwin; arch amd64)
    url: https://api.datadoghq.com/api/v1/dashboard/iki-r6j-i7m
    method: GET
  response:
    body: '{"notify_list":[],"description":"Created using the Datadog provider in Terraform","author_name":null,"template_variable_presets":[],"template_variables":[],"is_read_only":true,"id":"iki-r6j-i7m","title":"tf-TestAccDatadogDashboardTopList-local-1618593909","url":"/dashboard/iki-r6j-i7m/tf-testaccdatadogdashboardtoplist-local-1618593909","created_at":"2021-04-16T17:25:10.189326+00:00","modified_at":"2021-04-16T17:25:10.189326+00:00","author_handle":"frog@datadoghq.com","widgets":[{"definition":{"custom_links":[{"link":"https://app.datadoghq.com/dashboard/lists","label":"Test Custom Link label"}],"title_size":"16","title":"Avg of system.core.user over account:prod by service,app","title_align":"right","time":{"live_span":"1w"},"requests":[{"q":"top(avg:system.core.user{account:prod} by {service,app}, 10, ''sum'', ''desc'')","conditional_formats":[{"palette":"white_on_red","hide_value":false,"value":15000,"comparator":">"}]}],"type":"toplist"},"id":1666692195672788},{"definition":{"custom_links":[{"link":"https://app.datadoghq.com/dashboard/lists","label":"Test Custom Link label"}],"title_size":"16","title":"Avg of system.core.user over account:prod by service,app","title_align":"right","time":{"live_span":"1w"},"requests":[{"q":"top(avg:system.core.user{account:prod} by {service,app}, 10, ''sum'', ''desc'')","conditional_formats":[{"palette":"white_on_red","hide_value":false,"value":15000,"comparator":">"}]}],"type":"toplist"},"id":2972998670623026}],"layout_type":"ordered"}'
    headers:
      Cache-Control:
      - no-cache
      Connection:
      - keep-alive
      Content-Security-Policy:
      - frame-ancestors 'self'; report-uri https://api.datadoghq.com/csp-report
      Content-Type:
      - application/json
      Date:
      - Fri, 16 Apr 2021 17:25:14 GMT
      Pragma:
      - no-cache
      Strict-Transport-Security:
      - max-age=15724800;
      Vary:
      - Accept-Encoding
      X-Content-Type-Options:
      - nosniff
      X-Dd-Debug:
      - L3ULR3HwCWYmEqCWGz2Yob3chcH4pjowBacBXkncP7o+/uPqKt9yGEYf/g1AJPzQ
      X-Dd-Version:
      - "35.4330587"
      X-Frame-Options:
      - SAMEORIGIN
    status: 200 OK
    code: 200
    duration: ""
- request:
    body: ""
    form: {}
    headers:
      Accept:
      - application/json
      Dd-Operation-Id:
      - GetDashboard
      User-Agent:
      - terraform-provider-datadog/dev (terraform 1.16.0; terraform-cli 0.12.7-sdk) datadog-api-client-go/1.0.0-beta.19+dev (go go1.15.6; os darwin; arch amd64)
    url: https://api.datadoghq.com/api/v1/dashboard/iki-r6j-i7m
    method: GET
  response:
    body: '{"notify_list":[],"description":"Created using the Datadog provider in Terraform","author_name":null,"template_variable_presets":[],"template_variables":[],"is_read_only":true,"id":"iki-r6j-i7m","title":"tf-TestAccDatadogDashboardTopList-local-1618593909","url":"/dashboard/iki-r6j-i7m/tf-testaccdatadogdashboardtoplist-local-1618593909","created_at":"2021-04-16T17:25:10.189326+00:00","modified_at":"2021-04-16T17:25:10.189326+00:00","author_handle":"frog@datadoghq.com","widgets":[{"definition":{"custom_links":[{"link":"https://app.datadoghq.com/dashboard/lists","label":"Test Custom Link label"}],"title_size":"16","title":"Avg of system.core.user over account:prod by service,app","title_align":"right","time":{"live_span":"1w"},"requests":[{"q":"top(avg:system.core.user{account:prod} by {service,app}, 10, ''sum'', ''desc'')","conditional_formats":[{"palette":"white_on_red","hide_value":false,"value":15000,"comparator":">"}]}],"type":"toplist"},"id":1666692195672788},{"definition":{"custom_links":[{"link":"https://app.datadoghq.com/dashboard/lists","label":"Test Custom Link label"}],"title_size":"16","title":"Avg of system.core.user over account:prod by service,app","title_align":"right","time":{"live_span":"1w"},"requests":[{"q":"top(avg:system.core.user{account:prod} by {service,app}, 10, ''sum'', ''desc'')","conditional_formats":[{"palette":"white_on_red","hide_value":false,"value":15000,"comparator":">"}]}],"type":"toplist"},"id":2972998670623026}],"layout_type":"ordered"}'
    headers:
      Cache-Control:
      - no-cache
      Connection:
      - keep-alive
      Content-Security-Policy:
      - frame-ancestors 'self'; report-uri https://api.datadoghq.com/csp-report
      Content-Type:
      - application/json
      Date:
      - Fri, 16 Apr 2021 17:25:15 GMT
      Pragma:
      - no-cache
      Strict-Transport-Security:
      - max-age=15724800;
      Vary:
      - Accept-Encoding
      X-Content-Type-Options:
      - nosniff
      X-Dd-Debug:
      - vdJ3/nHEY1ioXQ6pQrBVvsQK1s4yyc+wufBMPSoXql71qZVuP/xMdtNo6DafhOAk
      X-Dd-Version:
      - "35.4330587"
      X-Frame-Options:
      - SAMEORIGIN
    status: 200 OK
    code: 200
    duration: ""
- request:
    body: ""
    form: {}
    headers:
      Accept:
      - application/json
      Dd-Operation-Id:
      - DeleteDashboard
      User-Agent:
      - terraform-provider-datadog/dev (terraform 1.16.0; terraform-cli 0.12.7-sdk) datadog-api-client-go/1.0.0-beta.19+dev (go go1.15.6; os darwin; arch amd64)
    url: https://api.datadoghq.com/api/v1/dashboard/iki-r6j-i7m
    method: DELETE
  response:
    body: '{"deleted_dashboard_id":"iki-r6j-i7m"}'
    headers:
      Cache-Control:
      - no-cache
      Connection:
      - keep-alive
      Content-Security-Policy:
      - frame-ancestors 'self'; report-uri https://api.datadoghq.com/csp-report
      Content-Type:
      - application/json
      Date:
      - Fri, 16 Apr 2021 17:25:15 GMT
      Pragma:
      - no-cache
      Strict-Transport-Security:
      - max-age=15724800;
      Vary:
      - Accept-Encoding
      X-Content-Type-Options:
      - nosniff
      X-Dd-Debug:
      - fIO2C4qGDheGHy4YbS+r3a3CXbh4cbRo7roILOimQyiHGjQdOat0cIpWCkupM1uX
      X-Dd-Version:
      - "35.4330587"
      X-Frame-Options:
      - SAMEORIGIN
    status: 200 OK
    code: 200
    duration: ""
- request:
    body: ""
    form: {}
    headers:
      Accept:
      - application/json
      Dd-Operation-Id:
      - GetDashboard
      User-Agent:
      - terraform-provider-datadog/dev (terraform 1.16.0; terraform-cli 0.12.7-sdk) datadog-api-client-go/1.0.0-beta.19+dev (go go1.15.6; os darwin; arch amd64)
    url: https://api.datadoghq.com/api/v1/dashboard/iki-r6j-i7m
    method: GET
  response:
    body: '{"errors": ["Dashboard with ID iki-r6j-i7m not found"]}'
    headers:
      Cache-Control:
      - no-cache
      Connection:
      - keep-alive
      Content-Security-Policy:
      - frame-ancestors 'self'; report-uri https://api.datadoghq.com/csp-report
      Content-Type:
      - application/json
      Date:
      - Fri, 16 Apr 2021 17:25:15 GMT
      Pragma:
      - no-cache
      Strict-Transport-Security:
      - max-age=15724800;
      Vary:
      - Accept-Encoding
      X-Content-Type-Options:
      - nosniff
      X-Dd-Version:
      - "35.4330587"
      X-Frame-Options:
      - SAMEORIGIN
    status: 404 Not Found
    code: 404
    duration: ""
