---
version: 1
interactions:
- request:
    body: |
      {"message":"test","name":"tf-TestAccDatadogMonitor_NoThresholdWindows-local-1624534959","options":{"include_tags":true,"new_host_delay":300,"no_data_timeframe":10,"notify_no_data":false,"renotify_interval":60,"require_full_window":true,"thresholds":{"critical":1,"critical_recovery":0.5,"ok":0,"warning":0.5,"warning_recovery":0.25},"timeout_h":60},"priority":0,"query":"avg(last_1h):anomalies(avg:system.cpu.system{name:cassandra}, 'basic', 2, direction='above') \u003e= 1","restricted_roles":null,"tags":[],"type":"query alert"}
    form: {}
    headers:
      Accept:
      - application/json
      Content-Type:
      - application/json
      Dd-Operation-Id:
      - ValidateMonitor
      User-Agent:
      - terraform-provider-datadog/dev (terraform 2.6.1; terraform-cli 0.15.0) datadog-api-client-go/1.1.0 (go go1.15.11; os darwin; arch amd64)
    url: https://api.datadoghq.com/api/v1/monitor/validate
    method: POST
  response:
    body: '{}'
    headers:
      Cache-Control:
      - no-cache
      Connection:
      - keep-alive
      Content-Length:
      - "2"
      Content-Security-Policy:
      - frame-ancestors 'self'; report-uri https://api.datadoghq.com/csp-report
      Content-Type:
      - application/json
      Date:
      - Thu, 24 Jun 2021 11:42:56 GMT
      Pragma:
      - no-cache
      Strict-Transport-Security:
      - max-age=15724800;
      X-Content-Type-Options:
      - nosniff
      X-Dd-Version:
      - "35.4822328"
      X-Frame-Options:
      - SAMEORIGIN
    status: 200 OK
    code: 200
    duration: ""
- request:
    body: |
      {"message":"test","name":"tf-TestAccDatadogMonitor_NoThresholdWindows-local-1624534959","options":{"include_tags":true,"new_host_delay":300,"no_data_timeframe":10,"notify_no_data":false,"renotify_interval":60,"require_full_window":true,"thresholds":{"critical":1,"critical_recovery":0.5,"ok":0,"warning":0.5,"warning_recovery":0.25},"timeout_h":60},"priority":0,"query":"avg(last_1h):anomalies(avg:system.cpu.system{name:cassandra}, 'basic', 2, direction='above') \u003e= 1","restricted_roles":null,"tags":[],"type":"query alert"}
    form: {}
    headers:
      Accept:
      - application/json
      Content-Type:
      - application/json
      Dd-Operation-Id:
      - ValidateMonitor
      User-Agent:
      - terraform-provider-datadog/dev (terraform 2.6.1; terraform-cli ) datadog-api-client-go/1.1.0 (go go1.15.11; os darwin; arch amd64)
    url: https://api.datadoghq.com/api/v1/monitor/validate
    method: POST
  response:
    body: '{}'
    headers:
      Cache-Control:
      - no-cache
      Connection:
      - keep-alive
      Content-Length:
      - "2"
      Content-Security-Policy:
      - frame-ancestors 'self'; report-uri https://api.datadoghq.com/csp-report
      Content-Type:
      - application/json
      Date:
      - Thu, 24 Jun 2021 11:43:00 GMT
      Pragma:
      - no-cache
      Strict-Transport-Security:
      - max-age=15724800;
      X-Content-Type-Options:
      - nosniff
      X-Dd-Version:
      - "35.4822328"
      X-Frame-Options:
      - SAMEORIGIN
    status: 200 OK
    code: 200
    duration: ""
- request:
    body: |
      {"message":"test","name":"tf-TestAccDatadogMonitor_NoThresholdWindows-local-1624534959","options":{"include_tags":true,"new_host_delay":300,"no_data_timeframe":10,"notify_no_data":false,"renotify_interval":60,"require_full_window":true,"thresholds":{"critical":1,"critical_recovery":0.5,"ok":0,"warning":0.5,"warning_recovery":0.25},"timeout_h":60},"priority":0,"query":"avg(last_1h):anomalies(avg:system.cpu.system{name:cassandra}, 'basic', 2, direction='above') \u003e= 1","restricted_roles":null,"tags":[],"type":"query alert"}
    form: {}
    headers:
      Accept:
      - application/json
      Content-Type:
      - application/json
      Dd-Operation-Id:
      - ValidateMonitor
      User-Agent:
      - terraform-provider-datadog/dev (terraform 2.6.1; terraform-cli ) datadog-api-client-go/1.1.0 (go go1.15.11; os darwin; arch amd64)
    url: https://api.datadoghq.com/api/v1/monitor/validate
    method: POST
  response:
    body: '{}'
    headers:
      Cache-Control:
      - no-cache
      Connection:
      - keep-alive
      Content-Length:
      - "2"
      Content-Security-Policy:
      - frame-ancestors 'self'; report-uri https://api.datadoghq.com/csp-report
      Content-Type:
      - application/json
      Date:
      - Thu, 24 Jun 2021 11:43:06 GMT
      Pragma:
      - no-cache
      Strict-Transport-Security:
      - max-age=15724800;
      X-Content-Type-Options:
      - nosniff
      X-Dd-Version:
      - "35.4822328"
      X-Frame-Options:
      - SAMEORIGIN
    status: 200 OK
    code: 200
    duration: ""
- request:
    body: |
      {"message":"test","name":"tf-TestAccDatadogMonitor_NoThresholdWindows-local-1624534959","options":{"include_tags":true,"new_host_delay":300,"notify_no_data":false,"renotify_interval":60,"require_full_window":true,"thresholds":{"critical":1,"critical_recovery":0.5,"ok":0,"warning":0.5,"warning_recovery":0.25},"timeout_h":60},"priority":0,"query":"avg(last_1h):anomalies(avg:system.cpu.system{name:cassandra}, 'basic', 2, direction='above') \u003e= 1","restricted_roles":null,"tags":[],"type":"query alert"}
    form: {}
    headers:
      Accept:
      - application/json
      Content-Type:
      - application/json
      Dd-Operation-Id:
      - CreateMonitor
      User-Agent:
      - terraform-provider-datadog/dev (terraform 2.6.1; terraform-cli ) datadog-api-client-go/1.1.0 (go go1.15.11; os darwin; arch amd64)
    url: https://api.datadoghq.com/api/v1/monitor
    method: POST
  response:
    body: '{"restricted_roles":null,"tags":[],"deleted":null,"query":"avg(last_1h):anomalies(avg:system.cpu.system{name:cassandra}, ''basic'', 2, direction=''above'') >= 1","message":"test","id":39699124,"multi":false,"name":"tf-TestAccDatadogMonitor_NoThresholdWindows-local-1624534959","created":"2021-06-24T11:43:06.380615+00:00","created_at":1624534986000,"creator":{"id":1445416,"handle":"frog@datadoghq.com","name":null,"email":"frog@datadoghq.com"},"org_id":321813,"modified":"2021-06-24T11:43:06.380615+00:00","priority":null,"overall_state_modified":null,"overall_state":"No Data","type":"query alert","options":{"notify_audit":false,"locked":false,"timeout_h":60,"silenced":{},"include_tags":true,"thresholds":{"warning":0.5,"ok":0.0,"critical":1.0,"warning_recovery":0.25,"critical_recovery":0.5},"new_host_delay":300,"require_full_window":true,"notify_no_data":false,"renotify_interval":60}}'
    headers:
      Cache-Control:
      - no-cache
      Connection:
      - keep-alive
      Content-Security-Policy:
      - frame-ancestors 'self'; report-uri https://api.datadoghq.com/csp-report
      Content-Type:
      - application/json
      Date:
      - Thu, 24 Jun 2021 11:43:06 GMT
      Pragma:
      - no-cache
      Strict-Transport-Security:
      - max-age=15724800;
      Vary:
      - Accept-Encoding
      X-Content-Type-Options:
      - nosniff
      X-Dd-Version:
      - "35.4822328"
      X-Frame-Options:
      - SAMEORIGIN
      X-Ratelimit-Limit:
      - "500"
      X-Ratelimit-Period:
      - "10"
      X-Ratelimit-Remaining:
      - "499"
      X-Ratelimit-Reset:
      - "4"
    status: 200 OK
    code: 200
    duration: ""
- request:
    body: ""
    form: {}
    headers:
      Accept:
      - application/json
      Dd-Operation-Id:
      - GetMonitor
      User-Agent:
      - terraform-provider-datadog/dev (terraform 2.6.1; terraform-cli ) datadog-api-client-go/1.1.0 (go go1.15.11; os darwin; arch amd64)
    url: https://api.datadoghq.com/api/v1/monitor/39699124
    method: GET
  response:
    body: '{"restricted_roles":null,"tags":[],"deleted":null,"query":"avg(last_1h):anomalies(avg:system.cpu.system{name:cassandra}, ''basic'', 2, direction=''above'') >= 1","message":"test","id":39699124,"multi":false,"name":"tf-TestAccDatadogMonitor_NoThresholdWindows-local-1624534959","created":"2021-06-24T11:43:06.380615+00:00","created_at":1624534986000,"creator":{"id":1445416,"handle":"frog@datadoghq.com","name":null,"email":"frog@datadoghq.com"},"org_id":321813,"modified":"2021-06-24T11:43:06.380615+00:00","priority":null,"overall_state_modified":null,"overall_state":"No Data","type":"query alert","options":{"notify_audit":false,"locked":false,"timeout_h":60,"silenced":{},"include_tags":true,"thresholds":{"warning":0.5,"ok":0.0,"critical":1.0,"warning_recovery":0.25,"critical_recovery":0.5},"new_host_delay":300,"require_full_window":true,"notify_no_data":false,"renotify_interval":60}}'
    headers:
      Cache-Control:
      - no-cache
      Connection:
      - keep-alive
      Content-Security-Policy:
      - frame-ancestors 'self'; report-uri https://api.datadoghq.com/csp-report
      Content-Type:
      - application/json
      Date:
      - Thu, 24 Jun 2021 11:43:09 GMT
      Pragma:
      - no-cache
      Strict-Transport-Security:
      - max-age=15724800;
      Vary:
      - Accept-Encoding
      X-Content-Type-Options:
      - nosniff
      X-Dd-Version:
      - "35.4822328"
      X-Frame-Options:
      - SAMEORIGIN
      X-Ratelimit-Limit:
      - "3000"
      X-Ratelimit-Period:
      - "10"
      X-Ratelimit-Remaining:
      - "2994"
      X-Ratelimit-Reset:
      - "1"
    status: 200 OK
    code: 200
    duration: ""
- request:
    body: |
      {"message":"test","name":"tf-TestAccDatadogMonitor_NoThresholdWindows-local-1624534959","options":{"include_tags":true,"new_host_delay":300,"no_data_timeframe":10,"notify_no_data":false,"renotify_interval":60,"require_full_window":true,"thresholds":{"critical":1,"critical_recovery":0.5,"ok":0,"warning":0.5,"warning_recovery":0.25},"timeout_h":60},"priority":0,"query":"avg(last_1h):anomalies(avg:system.cpu.system{name:cassandra}, 'basic', 2, direction='above') \u003e= 1","restricted_roles":null,"tags":[],"type":"query alert"}
    form: {}
    headers:
      Accept:
      - application/json
      Content-Type:
      - application/json
      Dd-Operation-Id:
      - ValidateMonitor
      User-Agent:
      - terraform-provider-datadog/dev (terraform 2.6.1; terraform-cli 0.15.0) datadog-api-client-go/1.1.0 (go go1.15.11; os darwin; arch amd64)
    url: https://api.datadoghq.com/api/v1/monitor/validate
    method: POST
  response:
    body: '{}'
    headers:
      Cache-Control:
      - no-cache
      Connection:
      - keep-alive
      Content-Length:
      - "2"
      Content-Security-Policy:
      - frame-ancestors 'self'; report-uri https://api.datadoghq.com/csp-report
      Content-Type:
      - application/json
      Date:
      - Thu, 24 Jun 2021 11:43:12 GMT
      Pragma:
      - no-cache
      Strict-Transport-Security:
      - max-age=15724800;
      X-Content-Type-Options:
      - nosniff
      X-Dd-Version:
      - "35.4822328"
      X-Frame-Options:
      - SAMEORIGIN
    status: 200 OK
    code: 200
    duration: ""
- request:
    body: ""
    form: {}
    headers:
      Accept:
      - application/json
      Dd-Operation-Id:
      - GetMonitor
      User-Agent:
      - terraform-provider-datadog/dev (terraform 2.6.1; terraform-cli 0.15.0) datadog-api-client-go/1.1.0 (go go1.15.11; os darwin; arch amd64)
    url: https://api.datadoghq.com/api/v1/monitor/39699124
    method: GET
  response:
    body: '{"restricted_roles":null,"tags":[],"deleted":null,"query":"avg(last_1h):anomalies(avg:system.cpu.system{name:cassandra}, ''basic'', 2, direction=''above'') >= 1","message":"test","id":39699124,"multi":false,"name":"tf-TestAccDatadogMonitor_NoThresholdWindows-local-1624534959","created":"2021-06-24T11:43:06.380615+00:00","created_at":1624534986000,"creator":{"id":1445416,"handle":"frog@datadoghq.com","name":null,"email":"frog@datadoghq.com"},"org_id":321813,"modified":"2021-06-24T11:43:06.380615+00:00","priority":null,"overall_state_modified":null,"overall_state":"No Data","type":"query alert","options":{"notify_audit":false,"locked":false,"timeout_h":60,"silenced":{},"include_tags":true,"thresholds":{"warning":0.5,"ok":0.0,"critical":1.0,"warning_recovery":0.25,"critical_recovery":0.5},"new_host_delay":300,"require_full_window":true,"notify_no_data":false,"renotify_interval":60}}'
    headers:
      Cache-Control:
      - no-cache
      Connection:
      - keep-alive
      Content-Security-Policy:
      - frame-ancestors 'self'; report-uri https://api.datadoghq.com/csp-report
      Content-Type:
      - application/json
      Date:
      - Thu, 24 Jun 2021 11:43:18 GMT
      Pragma:
      - no-cache
      Strict-Transport-Security:
      - max-age=15724800;
      Vary:
      - Accept-Encoding
      X-Content-Type-Options:
      - nosniff
      X-Dd-Version:
      - "35.4822328"
      X-Frame-Options:
      - SAMEORIGIN
      X-Ratelimit-Limit:
      - "3000"
      X-Ratelimit-Period:
      - "10"
      X-Ratelimit-Remaining:
      - "2998"
      X-Ratelimit-Reset:
      - "2"
    status: 200 OK
    code: 200
    duration: ""
- request:
    body: |
      {"message":"test","name":"tf-TestAccDatadogMonitor_NoThresholdWindows-local-1624534959","options":{"include_tags":true,"new_host_delay":300,"no_data_timeframe":10,"notify_no_data":false,"renotify_interval":60,"require_full_window":true,"thresholds":{"critical":1,"critical_recovery":0.5,"ok":0,"warning":0.5,"warning_recovery":0.25},"timeout_h":60},"priority":0,"query":"avg(last_1h):anomalies(avg:system.cpu.system{name:cassandra}, 'basic', 2, direction='above') \u003e= 1","restricted_roles":null,"tags":[],"type":"query alert"}
    form: {}
    headers:
      Accept:
      - application/json
      Content-Type:
      - application/json
      Dd-Operation-Id:
      - ValidateMonitor
      User-Agent:
      - terraform-provider-datadog/dev (terraform 2.6.1; terraform-cli 0.15.0) datadog-api-client-go/1.1.0 (go go1.15.11; os darwin; arch amd64)
    url: https://api.datadoghq.com/api/v1/monitor/validate
    method: POST
  response:
    body: '{}'
    headers:
      Cache-Control:
      - no-cache
      Connection:
      - keep-alive
      Content-Length:
      - "2"
      Content-Security-Policy:
      - frame-ancestors 'self'; report-uri https://api.datadoghq.com/csp-report
      Content-Type:
      - application/json
      Date:
      - Thu, 24 Jun 2021 11:43:18 GMT
      Pragma:
      - no-cache
      Strict-Transport-Security:
      - max-age=15724800;
      X-Content-Type-Options:
      - nosniff
      X-Dd-Version:
      - "35.4822328"
      X-Frame-Options:
      - SAMEORIGIN
    status: 200 OK
    code: 200
    duration: ""
- request:
    body: |
      {"message":"test","name":"tf-TestAccDatadogMonitor_NoThresholdWindows-local-1624534959","options":{"include_tags":true,"new_host_delay":300,"no_data_timeframe":10,"notify_no_data":false,"renotify_interval":60,"require_full_window":true,"thresholds":{"critical":1,"critical_recovery":0.5,"ok":0,"warning":0.5,"warning_recovery":0.25},"timeout_h":60},"priority":0,"query":"avg(last_1h):anomalies(avg:system.cpu.system{name:cassandra}, 'basic', 2, direction='above') \u003e= 1","restricted_roles":null,"tags":[],"type":"query alert"}
    form: {}
    headers:
      Accept:
      - application/json
      Content-Type:
      - application/json
      Dd-Operation-Id:
      - ValidateMonitor
      User-Agent:
      - terraform-provider-datadog/dev (terraform 2.6.1; terraform-cli 0.15.0) datadog-api-client-go/1.1.0 (go go1.15.11; os darwin; arch amd64)
    url: https://api.datadoghq.com/api/v1/monitor/validate
    method: POST
  response:
    body: '{}'
    headers:
      Cache-Control:
      - no-cache
      Connection:
      - keep-alive
      Content-Length:
      - "2"
      Content-Security-Policy:
      - frame-ancestors 'self'; report-uri https://api.datadoghq.com/csp-report
      Content-Type:
      - application/json
      Date:
      - Thu, 24 Jun 2021 11:43:21 GMT
      Pragma:
      - no-cache
      Strict-Transport-Security:
      - max-age=15724800;
      X-Content-Type-Options:
      - nosniff
      X-Dd-Version:
      - "35.4822328"
      X-Frame-Options:
      - SAMEORIGIN
    status: 200 OK
    code: 200
    duration: ""
- request:
    body: ""
    form: {}
    headers:
      Accept:
      - application/json
      Dd-Operation-Id:
      - DeleteMonitor
      User-Agent:
      - terraform-provider-datadog/dev (terraform 2.6.1; terraform-cli 0.15.0) datadog-api-client-go/1.1.0 (go go1.15.11; os darwin; arch amd64)
    url: https://api.datadoghq.com/api/v1/monitor/39699124
    method: DELETE
  response:
    body: '{"deleted_monitor_id":39699124}'
    headers:
      Cache-Control:
      - no-cache
      Connection:
      - keep-alive
      Content-Security-Policy:
      - frame-ancestors 'self'; report-uri https://api.datadoghq.com/csp-report
      Content-Type:
      - application/json
      Date:
      - Thu, 24 Jun 2021 11:43:31 GMT
      Pragma:
      - no-cache
      Strict-Transport-Security:
      - max-age=15724800;
      Vary:
      - Accept-Encoding
      X-Content-Type-Options:
      - nosniff
      X-Dd-Version:
      - "35.4822328"
      X-Frame-Options:
      - SAMEORIGIN
    status: 200 OK
    code: 200
    duration: ""
- request:
    body: ""
    form: {}
    headers:
      Accept:
      - application/json
      Dd-Operation-Id:
      - GetMonitor
      User-Agent:
      - terraform-provider-datadog/dev (terraform 2.6.1; terraform-cli 0.15.0) datadog-api-client-go/1.1.0 (go go1.15.11; os darwin; arch amd64)
    url: https://api.datadoghq.com/api/v1/monitor/39699124
    method: GET
  response:
    body: '{"errors": ["Monitor not found"]}'
    headers:
      Cache-Control:
      - no-cache
      Connection:
      - keep-alive
      Content-Security-Policy:
      - frame-ancestors 'self'; report-uri https://api.datadoghq.com/csp-report
      Content-Type:
      - application/json
      Date:
      - Thu, 24 Jun 2021 11:43:31 GMT
      Pragma:
      - no-cache
      Strict-Transport-Security:
      - max-age=15724800;
      Vary:
      - Accept-Encoding
      X-Content-Type-Options:
      - nosniff
      X-Dd-Version:
      - "35.4822328"
      X-Frame-Options:
      - SAMEORIGIN
      X-Ratelimit-Limit:
      - "3000"
      X-Ratelimit-Period:
      - "10"
      X-Ratelimit-Remaining:
      - "2998"
      X-Ratelimit-Reset:
      - "9"
    status: 404 Not Found
    code: 404
    duration: ""
