---
version: 1
interactions:
- request:
    body: |
      {"config":{"assertions":[{"operator":"contains","property":"content-type","target":"application/json","type":"header"},{"operator":"is","target":200,"type":"statusCode"},{"operator":"lessThan","target":2000,"type":"responseTime"},{"operator":"doesNotContain","target":"terraform","type":"body"}],"configVariables":[{"example":"123","name":"VARIABLE_NAME","pattern":"{{numeric(3)}}","type":"text"}],"request":{"body":"this is a body","headers":{"Accept":"application/json","X-Datadog-Trace-ID":"1234566789"},"method":"GET","timeout":30,"url":"https://www.datadoghq.com"}},"locations":["aws:eu-central-1"],"message":"Notify @datadog.user","name":"tf-TestAccDatadogSyntheticsAPITest_Updated-local-1616571219","options":{"allow_insecure":true,"follow_redirects":true,"min_failure_duration":0,"min_location_failed":1,"retry":{"count":1},"tick_every":60},"status":"paused","subtype":"http","tags":["foo:bar","baz"],"type":"api"}
    form: {}
    headers:
      Accept:
      - application/json
      Content-Type:
      - application/json
      Dd-Operation-Id:
      - CreateSyntheticsAPITest
      User-Agent:
      - terraform-provider-datadog/dev (terraform 1.16.0; terraform-cli 0.12.7-sdk) datadog-api-client-go/1.0.0-beta.19+dev (go go1.15.3; os darwin; arch amd64)
    url: https://app.datadoghq.com/api/v1/synthetics/tests/api
    method: POST
  response:
    body: '{"status":"paused","public_id":"jw9-cbz-s34","tags":["foo:bar","baz"],"org_id":321813,"locations":["aws:eu-central-1"],"message":"Notify @datadog.user","deleted_at":null,"name":"tf-TestAccDatadogSyntheticsAPITest_Updated-local-1616571219","monitor_id":32720497,"type":"api","created_at":"2021-03-24T07:33:40.060507+00:00","modified_at":"2021-03-24T07:33:40.060507+00:00","subtype":"http","config":{"request":{"body":"this is a body","headers":{"Accept":"application/json","X-Datadog-Trace-ID":"1234566789"},"url":"https://www.datadoghq.com","timeout":30,"method":"GET"},"assertions":[{"operator":"contains","property":"content-type","type":"header","target":"application/json"},{"operator":"is","type":"statusCode","target":200},{"operator":"lessThan","type":"responseTime","target":2000},{"operator":"doesNotContain","type":"body","target":"terraform"}],"configVariables":[{"pattern":"{{numeric(3)}}","type":"text","example":"123","name":"VARIABLE_NAME"}]},"options":{"retry":{"count":1},"min_location_failed":1,"allow_insecure":true,"follow_redirects":true,"min_failure_duration":0,"tick_every":60}}'
    headers:
      Cache-Control:
      - no-cache
      Content-Security-Policy:
      - frame-ancestors 'self'; report-uri https://api.datadoghq.com/csp-report
      Content-Type:
      - application/json
      Date:
      - Wed, 24 Mar 2021 07:33:40 GMT
      Pragma:
      - no-cache
      Strict-Transport-Security:
      - max-age=15724800;
      Vary:
      - Accept-Encoding
      X-Content-Type-Options:
      - nosniff
      X-Dd-Debug:
      - 5gfwVh/5HZ+AnGd/Di93w3NEWC6KMHT9KzmHEiRJmNdOjBtAsbOcgVFyqEChw71h
      X-Dd-Version:
      - "35.4160940"
      X-Frame-Options:
      - SAMEORIGIN
      X-Ratelimit-Limit:
      - "120"
      X-Ratelimit-Period:
      - "60"
      X-Ratelimit-Remaining:
      - "117"
      X-Ratelimit-Reset:
      - "21"
    status: 200 OK
    code: 200
    duration: ""
- request:
    body: ""
    form: {}
    headers:
      Accept:
      - application/json
      Dd-Operation-Id:
      - GetTest
      User-Agent:
      - terraform-provider-datadog/dev (terraform 1.16.0; terraform-cli 0.12.7-sdk) datadog-api-client-go/1.0.0-beta.19+dev (go go1.15.3; os darwin; arch amd64)
    url: https://app.datadoghq.com/api/v1/synthetics/tests/jw9-cbz-s34
    method: GET
  response:
    body: '{"status":"paused","public_id":"jw9-cbz-s34","tags":["foo:bar","baz"],"locations":["aws:eu-central-1"],"message":"Notify @datadog.user","name":"tf-TestAccDatadogSyntheticsAPITest_Updated-local-1616571219","monitor_id":32720497,"type":"api","subtype":"http","config":{"request":{"body":"this is a body","headers":{"Accept":"application/json","X-Datadog-Trace-ID":"1234566789"},"url":"https://www.datadoghq.com","timeout":30,"method":"GET"},"assertions":[{"operator":"contains","property":"content-type","type":"header","target":"application/json"},{"operator":"is","type":"statusCode","target":200},{"operator":"lessThan","type":"responseTime","target":2000},{"operator":"doesNotContain","type":"body","target":"terraform"}],"configVariables":[{"pattern":"{{numeric(3)}}","type":"text","example":"123","name":"VARIABLE_NAME"}]},"options":{"retry":{"count":1},"min_location_failed":1,"allow_insecure":true,"follow_redirects":true,"min_failure_duration":0,"tick_every":60}}'
    headers:
      Cache-Control:
      - no-cache
      Content-Security-Policy:
      - frame-ancestors 'self'; report-uri https://api.datadoghq.com/csp-report
      Content-Type:
      - application/json
      Date:
      - Wed, 24 Mar 2021 07:33:40 GMT
      Pragma:
      - no-cache
      Strict-Transport-Security:
      - max-age=15724800;
      Vary:
      - Accept-Encoding
      X-Content-Type-Options:
      - nosniff
      X-Dd-Debug:
      - 2328yjLSqI4XmR1pVqrPRR/SFcQsbafjEpPmZx7/3PfxUK1nJQQsX+wrMelyVyj+
      X-Dd-Version:
      - "35.4160940"
      X-Frame-Options:
      - SAMEORIGIN
      X-Ratelimit-Limit:
      - "1000"
      X-Ratelimit-Period:
      - "60"
      X-Ratelimit-Remaining:
      - "998"
      X-Ratelimit-Reset:
      - "20"
    status: 200 OK
    code: 200
    duration: ""
- request:
    body: ""
    form: {}
    headers:
      Accept:
      - application/json
      Dd-Operation-Id:
      - GetAPITest
      User-Agent:
      - terraform-provider-datadog/dev (terraform 1.16.0; terraform-cli 0.12.7-sdk) datadog-api-client-go/1.0.0-beta.19+dev (go go1.15.3; os darwin; arch amd64)
    url: https://app.datadoghq.com/api/v1/synthetics/tests/api/jw9-cbz-s34
    method: GET
  response:
    body: '{"status":"paused","public_id":"jw9-cbz-s34","tags":["foo:bar","baz"],"locations":["aws:eu-central-1"],"message":"Notify @datadog.user","name":"tf-TestAccDatadogSyntheticsAPITest_Updated-local-1616571219","monitor_id":32720497,"type":"api","subtype":"http","config":{"request":{"body":"this is a body","headers":{"Accept":"application/json","X-Datadog-Trace-ID":"1234566789"},"url":"https://www.datadoghq.com","timeout":30,"method":"GET"},"assertions":[{"operator":"contains","property":"content-type","type":"header","target":"application/json"},{"operator":"is","type":"statusCode","target":200},{"operator":"lessThan","type":"responseTime","target":2000},{"operator":"doesNotContain","type":"body","target":"terraform"}],"configVariables":[{"pattern":"{{numeric(3)}}","type":"text","example":"123","name":"VARIABLE_NAME"}]},"options":{"retry":{"count":1},"min_location_failed":1,"allow_insecure":true,"follow_redirects":true,"min_failure_duration":0,"tick_every":60}}'
    headers:
      Cache-Control:
      - no-cache
      Content-Security-Policy:
      - frame-ancestors 'self'; report-uri https://api.datadoghq.com/csp-report
      Content-Type:
      - application/json
      Date:
      - Wed, 24 Mar 2021 07:33:40 GMT
      Pragma:
      - no-cache
      Strict-Transport-Security:
      - max-age=15724800;
      Vary:
      - Accept-Encoding
      X-Content-Type-Options:
      - nosniff
      X-Dd-Debug:
      - 2328yjLSqI4XmR1pVqrPRR/SFcQsbafjEpPmZx7/3PfxUK1nJQQsX+wrMelyVyj+
      X-Dd-Version:
      - "35.4160940"
      X-Frame-Options:
      - SAMEORIGIN
      X-Ratelimit-Limit:
      - "1000"
      X-Ratelimit-Period:
      - "60"
      X-Ratelimit-Remaining:
      - "994"
      X-Ratelimit-Reset:
      - "20"
    status: 200 OK
    code: 200
    duration: ""
- request:
    body: ""
    form: {}
    headers:
      Accept:
      - application/json
      Dd-Operation-Id:
      - GetTest
      User-Agent:
      - terraform-provider-datadog/dev (terraform 1.16.0; terraform-cli 0.12.7-sdk) datadog-api-client-go/1.0.0-beta.19+dev (go go1.15.3; os darwin; arch amd64)
    url: https://app.datadoghq.com/api/v1/synthetics/tests/jw9-cbz-s34
    method: GET
  response:
    body: '{"status":"paused","public_id":"jw9-cbz-s34","tags":["foo:bar","baz"],"locations":["aws:eu-central-1"],"message":"Notify @datadog.user","name":"tf-TestAccDatadogSyntheticsAPITest_Updated-local-1616571219","monitor_id":32720497,"type":"api","subtype":"http","config":{"request":{"body":"this is a body","headers":{"Accept":"application/json","X-Datadog-Trace-ID":"1234566789"},"url":"https://www.datadoghq.com","timeout":30,"method":"GET"},"assertions":[{"operator":"contains","property":"content-type","type":"header","target":"application/json"},{"operator":"is","type":"statusCode","target":200},{"operator":"lessThan","type":"responseTime","target":2000},{"operator":"doesNotContain","type":"body","target":"terraform"}],"configVariables":[{"pattern":"{{numeric(3)}}","type":"text","example":"123","name":"VARIABLE_NAME"}]},"options":{"retry":{"count":1},"min_location_failed":1,"allow_insecure":true,"follow_redirects":true,"min_failure_duration":0,"tick_every":60}}'
    headers:
      Cache-Control:
      - no-cache
      Content-Security-Policy:
      - frame-ancestors 'self'; report-uri https://api.datadoghq.com/csp-report
      Content-Type:
      - application/json
      Date:
      - Wed, 24 Mar 2021 07:33:40 GMT
      Pragma:
      - no-cache
      Strict-Transport-Security:
      - max-age=15724800;
      Vary:
      - Accept-Encoding
      X-Content-Type-Options:
      - nosniff
      X-Dd-Debug:
      - PhosSd3Ch1B6B0DXI71steKUi7XhPDttnPiIP1NdXTw0VJNWpoUnYyBmODS5ne3q
      X-Dd-Version:
      - "35.4160940"
      X-Frame-Options:
      - SAMEORIGIN
      X-Ratelimit-Limit:
      - "1000"
      X-Ratelimit-Period:
      - "60"
      X-Ratelimit-Remaining:
      - "991"
      X-Ratelimit-Reset:
      - "20"
    status: 200 OK
    code: 200
    duration: ""
- request:
    body: ""
    form: {}
    headers:
      Accept:
      - application/json
      Dd-Operation-Id:
      - GetTest
      User-Agent:
      - terraform-provider-datadog/dev (terraform 1.16.0; terraform-cli 0.12.7-sdk) datadog-api-client-go/1.0.0-beta.19+dev (go go1.15.3; os darwin; arch amd64)
    url: https://app.datadoghq.com/api/v1/synthetics/tests/jw9-cbz-s34
    method: GET
  response:
    body: '{"status":"paused","public_id":"jw9-cbz-s34","tags":["foo:bar","baz"],"locations":["aws:eu-central-1"],"message":"Notify @datadog.user","name":"tf-TestAccDatadogSyntheticsAPITest_Updated-local-1616571219","monitor_id":32720497,"type":"api","subtype":"http","config":{"request":{"body":"this is a body","headers":{"Accept":"application/json","X-Datadog-Trace-ID":"1234566789"},"url":"https://www.datadoghq.com","timeout":30,"method":"GET"},"assertions":[{"operator":"contains","property":"content-type","type":"header","target":"application/json"},{"operator":"is","type":"statusCode","target":200},{"operator":"lessThan","type":"responseTime","target":2000},{"operator":"doesNotContain","type":"body","target":"terraform"}],"configVariables":[{"pattern":"{{numeric(3)}}","type":"text","example":"123","name":"VARIABLE_NAME"}]},"options":{"retry":{"count":1},"min_location_failed":1,"allow_insecure":true,"follow_redirects":true,"min_failure_duration":0,"tick_every":60}}'
    headers:
      Cache-Control:
      - no-cache
      Content-Security-Policy:
      - frame-ancestors 'self'; report-uri https://api.datadoghq.com/csp-report
      Content-Type:
      - application/json
      Date:
      - Wed, 24 Mar 2021 07:33:40 GMT
      Pragma:
      - no-cache
      Strict-Transport-Security:
      - max-age=15724800;
      Vary:
      - Accept-Encoding
      X-Content-Type-Options:
      - nosniff
      X-Dd-Debug:
      - PhosSd3Ch1B6B0DXI71steKUi7XhPDttnPiIP1NdXTw0VJNWpoUnYyBmODS5ne3q
      X-Dd-Version:
      - "35.4160940"
      X-Frame-Options:
      - SAMEORIGIN
      X-Ratelimit-Limit:
      - "1000"
      X-Ratelimit-Period:
      - "60"
      X-Ratelimit-Remaining:
      - "987"
      X-Ratelimit-Reset:
      - "20"
    status: 200 OK
    code: 200
    duration: ""
- request:
    body: ""
    form: {}
    headers:
      Accept:
      - application/json
      Dd-Operation-Id:
      - GetAPITest
      User-Agent:
      - terraform-provider-datadog/dev (terraform 1.16.0; terraform-cli 0.12.7-sdk) datadog-api-client-go/1.0.0-beta.19+dev (go go1.15.3; os darwin; arch amd64)
    url: https://app.datadoghq.com/api/v1/synthetics/tests/api/jw9-cbz-s34
    method: GET
  response:
    body: '{"status":"paused","public_id":"jw9-cbz-s34","tags":["foo:bar","baz"],"locations":["aws:eu-central-1"],"message":"Notify @datadog.user","name":"tf-TestAccDatadogSyntheticsAPITest_Updated-local-1616571219","monitor_id":32720497,"type":"api","subtype":"http","config":{"request":{"body":"this is a body","headers":{"Accept":"application/json","X-Datadog-Trace-ID":"1234566789"},"url":"https://www.datadoghq.com","timeout":30,"method":"GET"},"assertions":[{"operator":"contains","property":"content-type","type":"header","target":"application/json"},{"operator":"is","type":"statusCode","target":200},{"operator":"lessThan","type":"responseTime","target":2000},{"operator":"doesNotContain","type":"body","target":"terraform"}],"configVariables":[{"pattern":"{{numeric(3)}}","type":"text","example":"123","name":"VARIABLE_NAME"}]},"options":{"retry":{"count":1},"min_location_failed":1,"allow_insecure":true,"follow_redirects":true,"min_failure_duration":0,"tick_every":60}}'
    headers:
      Cache-Control:
      - no-cache
      Content-Security-Policy:
      - frame-ancestors 'self'; report-uri https://api.datadoghq.com/csp-report
      Content-Type:
      - application/json
      Date:
      - Wed, 24 Mar 2021 07:33:40 GMT
      Pragma:
      - no-cache
      Strict-Transport-Security:
      - max-age=15724800;
      Vary:
      - Accept-Encoding
      X-Content-Type-Options:
      - nosniff
      X-Dd-Debug:
      - SY1h8ScsWq+kYmtbh63ltMLFAZsQjqfrgvdfAoRX+9TzT1sgMBRYaFRwfWWRRe9a
      X-Dd-Version:
      - "35.4160940"
      X-Frame-Options:
      - SAMEORIGIN
      X-Ratelimit-Limit:
      - "1000"
      X-Ratelimit-Period:
      - "60"
      X-Ratelimit-Remaining:
      - "983"
      X-Ratelimit-Reset:
      - "20"
    status: 200 OK
    code: 200
    duration: ""
- request:
    body: ""
    form: {}
    headers:
      Accept:
      - application/json
      Dd-Operation-Id:
      - GetTest
      User-Agent:
      - terraform-provider-datadog/dev (terraform 1.16.0; terraform-cli 0.12.7-sdk) datadog-api-client-go/1.0.0-beta.19+dev (go go1.15.3; os darwin; arch amd64)
    url: https://app.datadoghq.com/api/v1/synthetics/tests/jw9-cbz-s34
    method: GET
  response:
    body: '{"status":"paused","public_id":"jw9-cbz-s34","tags":["foo:bar","baz"],"locations":["aws:eu-central-1"],"message":"Notify @datadog.user","name":"tf-TestAccDatadogSyntheticsAPITest_Updated-local-1616571219","monitor_id":32720497,"type":"api","subtype":"http","config":{"request":{"body":"this is a body","headers":{"Accept":"application/json","X-Datadog-Trace-ID":"1234566789"},"url":"https://www.datadoghq.com","timeout":30,"method":"GET"},"assertions":[{"operator":"contains","property":"content-type","type":"header","target":"application/json"},{"operator":"is","type":"statusCode","target":200},{"operator":"lessThan","type":"responseTime","target":2000},{"operator":"doesNotContain","type":"body","target":"terraform"}],"configVariables":[{"pattern":"{{numeric(3)}}","type":"text","example":"123","name":"VARIABLE_NAME"}]},"options":{"retry":{"count":1},"min_location_failed":1,"allow_insecure":true,"follow_redirects":true,"min_failure_duration":0,"tick_every":60}}'
    headers:
      Cache-Control:
      - no-cache
      Content-Security-Policy:
      - frame-ancestors 'self'; report-uri https://api.datadoghq.com/csp-report
      Content-Type:
      - application/json
      Date:
      - Wed, 24 Mar 2021 07:33:41 GMT
      Pragma:
      - no-cache
      Strict-Transport-Security:
      - max-age=15724800;
      Vary:
      - Accept-Encoding
      X-Content-Type-Options:
      - nosniff
      X-Dd-Debug:
      - B1nwy/pPNqX+q4pQT22cdp1QCexE35IF8qwSHy0Nf7IW0Y881qtn4tXN1lpmzaKc
      X-Dd-Version:
      - "35.4160940"
      X-Frame-Options:
      - SAMEORIGIN
      X-Ratelimit-Limit:
      - "1000"
      X-Ratelimit-Period:
      - "60"
      X-Ratelimit-Remaining:
      - "975"
      X-Ratelimit-Reset:
      - "19"
    status: 200 OK
    code: 200
    duration: ""
- request:
    body: ""
    form: {}
    headers:
      Accept:
      - application/json
      Dd-Operation-Id:
      - GetAPITest
      User-Agent:
      - terraform-provider-datadog/dev (terraform 1.16.0; terraform-cli 0.12.7-sdk) datadog-api-client-go/1.0.0-beta.19+dev (go go1.15.3; os darwin; arch amd64)
    url: https://app.datadoghq.com/api/v1/synthetics/tests/api/jw9-cbz-s34
    method: GET
  response:
    body: '{"status":"paused","public_id":"jw9-cbz-s34","tags":["foo:bar","baz"],"locations":["aws:eu-central-1"],"message":"Notify @datadog.user","name":"tf-TestAccDatadogSyntheticsAPITest_Updated-local-1616571219","monitor_id":32720497,"type":"api","subtype":"http","config":{"request":{"body":"this is a body","headers":{"Accept":"application/json","X-Datadog-Trace-ID":"1234566789"},"url":"https://www.datadoghq.com","timeout":30,"method":"GET"},"assertions":[{"operator":"contains","property":"content-type","type":"header","target":"application/json"},{"operator":"is","type":"statusCode","target":200},{"operator":"lessThan","type":"responseTime","target":2000},{"operator":"doesNotContain","type":"body","target":"terraform"}],"configVariables":[{"pattern":"{{numeric(3)}}","type":"text","example":"123","name":"VARIABLE_NAME"}]},"options":{"retry":{"count":1},"min_location_failed":1,"allow_insecure":true,"follow_redirects":true,"min_failure_duration":0,"tick_every":60}}'
    headers:
      Cache-Control:
      - no-cache
      Content-Security-Policy:
      - frame-ancestors 'self'; report-uri https://api.datadoghq.com/csp-report
      Content-Type:
      - application/json
      Date:
      - Wed, 24 Mar 2021 07:33:41 GMT
      Pragma:
      - no-cache
      Strict-Transport-Security:
      - max-age=15724800;
      Vary:
      - Accept-Encoding
      X-Content-Type-Options:
      - nosniff
      X-Dd-Debug:
      - twvpGlmuom5y6A0pjGtXzTf554cmwJgTcCZ71fK4H/RDi+v5ehBK0zQiRcTJQG5C
      X-Dd-Version:
      - "35.4160940"
      X-Frame-Options:
      - SAMEORIGIN
      X-Ratelimit-Limit:
      - "1000"
      X-Ratelimit-Period:
      - "60"
      X-Ratelimit-Remaining:
      - "968"
      X-Ratelimit-Reset:
      - "19"
    status: 200 OK
    code: 200
    duration: ""
- request:
    body: |
      {"config":{"assertions":[{"operator":"isNot","target":500,"type":"statusCode"}],"configVariables":[],"request":{"method":"GET","timeout":60,"url":"https://docs.datadoghq.com"}},"locations":["aws:eu-central-1"],"message":"Notify @pagerduty","name":"tf-TestAccDatadogSyntheticsAPITest_Updated-local-1616571219-updated","options":{"min_failure_duration":10,"min_location_failed":1,"monitor_options":{"renotify_interval":100},"retry":{"count":3,"interval":500},"tick_every":900},"status":"live","subtype":"http","tags":["foo:bar","foo","env:test"],"type":"api"}
    form: {}
    headers:
      Accept:
      - application/json
      Content-Type:
      - application/json
      Dd-Operation-Id:
      - UpdateAPITest
      User-Agent:
      - terraform-provider-datadog/dev (terraform 1.16.0; terraform-cli 0.12.7-sdk) datadog-api-client-go/1.0.0-beta.19+dev (go go1.15.3; os darwin; arch amd64)
    url: https://app.datadoghq.com/api/v1/synthetics/tests/api/jw9-cbz-s34
    method: PUT
  response:
    body: '{"status":"live","public_id":"jw9-cbz-s34","tags":["foo:bar","foo","env:test"],"org_id":321813,"locations":["aws:eu-central-1"],"message":"Notify @pagerduty","deleted_at":null,"name":"tf-TestAccDatadogSyntheticsAPITest_Updated-local-1616571219-updated","monitor_id":32720497,"type":"api","created_at":"2021-03-24T07:33:40.060507+00:00","modified_at":"2021-03-24T07:33:41.725032+00:00","subtype":"http","config":{"request":{"url":"https://docs.datadoghq.com","method":"GET","timeout":60},"assertions":[{"operator":"isNot","type":"statusCode","target":500}],"configVariables":[]},"options":{"monitor_options":{"notify_audit":false,"locked":false,"include_tags":true,"new_host_delay":300,"notify_no_data":false,"renotify_interval":100},"retry":{"count":3,"interval":500},"min_failure_duration":10,"tick_every":900,"min_location_failed":1}}'
    headers:
      Cache-Control:
      - no-cache
      Content-Security-Policy:
      - frame-ancestors 'self'; report-uri https://api.datadoghq.com/csp-report
      Content-Type:
      - application/json
      Date:
      - Wed, 24 Mar 2021 07:33:42 GMT
      Pragma:
      - no-cache
      Strict-Transport-Security:
      - max-age=15724800;
      Vary:
      - Accept-Encoding
      X-Content-Type-Options:
      - nosniff
      X-Dd-Debug:
      - l8RQo2maZqJf6GFThBbKNE6dvthz6njusVtau3dPXJWL2RLFoN81H+BLPB/1xgs1
      X-Dd-Version:
      - "35.4160940"
      X-Frame-Options:
      - SAMEORIGIN
      X-Ratelimit-Limit:
      - "500"
      X-Ratelimit-Period:
      - "60"
      X-Ratelimit-Remaining:
      - "499"
      X-Ratelimit-Reset:
      - "19"
    status: 200 OK
    code: 200
    duration: ""
- request:
    body: ""
    form: {}
    headers:
      Accept:
      - application/json
      Dd-Operation-Id:
      - GetTest
      User-Agent:
      - terraform-provider-datadog/dev (terraform 1.16.0; terraform-cli 0.12.7-sdk) datadog-api-client-go/1.0.0-beta.19+dev (go go1.15.3; os darwin; arch amd64)
    url: https://app.datadoghq.com/api/v1/synthetics/tests/jw9-cbz-s34
    method: GET
  response:
    body: '{"status":"live","public_id":"jw9-cbz-s34","tags":["foo:bar","foo","env:test"],"locations":["aws:eu-central-1"],"message":"Notify @pagerduty","name":"tf-TestAccDatadogSyntheticsAPITest_Updated-local-1616571219-updated","monitor_id":32720497,"type":"api","subtype":"http","config":{"request":{"url":"https://docs.datadoghq.com","method":"GET","timeout":60},"assertions":[{"operator":"isNot","type":"statusCode","target":500}],"configVariables":[]},"options":{"monitor_options":{"renotify_interval":100},"retry":{"count":3,"interval":500},"min_failure_duration":10,"tick_every":900,"min_location_failed":1}}'
    headers:
      Cache-Control:
      - no-cache
      Content-Security-Policy:
      - frame-ancestors 'self'; report-uri https://api.datadoghq.com/csp-report
      Content-Type:
      - application/json
      Date:
      - Wed, 24 Mar 2021 07:33:42 GMT
      Pragma:
      - no-cache
      Strict-Transport-Security:
      - max-age=15724800;
      Vary:
      - Accept-Encoding
      X-Content-Type-Options:
      - nosniff
      X-Dd-Debug:
      - dPySkcOzIZtKyMKDAAzuysY3gNGGj6RtYogGuSb76E8mPvoqzREyRp6lPYm91hQU
      X-Dd-Version:
      - "35.4160940"
      X-Frame-Options:
      - SAMEORIGIN
      X-Ratelimit-Limit:
      - "1000"
      X-Ratelimit-Period:
      - "60"
      X-Ratelimit-Remaining:
      - "949"
      X-Ratelimit-Reset:
      - "18"
    status: 200 OK
    code: 200
    duration: ""
- request:
    body: ""
    form: {}
    headers:
      Accept:
      - application/json
      Dd-Operation-Id:
      - GetAPITest
      User-Agent:
      - terraform-provider-datadog/dev (terraform 1.16.0; terraform-cli 0.12.7-sdk) datadog-api-client-go/1.0.0-beta.19+dev (go go1.15.3; os darwin; arch amd64)
    url: https://app.datadoghq.com/api/v1/synthetics/tests/api/jw9-cbz-s34
    method: GET
  response:
    body: '{"status":"live","public_id":"jw9-cbz-s34","tags":["foo:bar","foo","env:test"],"locations":["aws:eu-central-1"],"message":"Notify @pagerduty","name":"tf-TestAccDatadogSyntheticsAPITest_Updated-local-1616571219-updated","monitor_id":32720497,"type":"api","subtype":"http","config":{"request":{"url":"https://docs.datadoghq.com","method":"GET","timeout":60},"assertions":[{"operator":"isNot","type":"statusCode","target":500}],"configVariables":[]},"options":{"monitor_options":{"renotify_interval":100},"retry":{"count":3,"interval":500},"min_failure_duration":10,"tick_every":900,"min_location_failed":1}}'
    headers:
      Cache-Control:
      - no-cache
      Content-Security-Policy:
      - frame-ancestors 'self'; report-uri https://api.datadoghq.com/csp-report
      Content-Type:
      - application/json
      Date:
      - Wed, 24 Mar 2021 07:33:42 GMT
      Pragma:
      - no-cache
      Strict-Transport-Security:
      - max-age=15724800;
      Vary:
      - Accept-Encoding
      X-Content-Type-Options:
      - nosniff
      X-Dd-Debug:
      - SY1h8ScsWq+kYmtbh63ltMLFAZsQjqfrgvdfAoRX+9TzT1sgMBRYaFRwfWWRRe9a
      X-Dd-Version:
      - "35.4160940"
      X-Frame-Options:
      - SAMEORIGIN
      X-Ratelimit-Limit:
      - "1000"
      X-Ratelimit-Period:
      - "60"
      X-Ratelimit-Remaining:
      - "945"
      X-Ratelimit-Reset:
      - "18"
    status: 200 OK
    code: 200
    duration: ""
- request:
    body: ""
    form: {}
    headers:
      Accept:
      - application/json
      Dd-Operation-Id:
      - GetTest
      User-Agent:
      - terraform-provider-datadog/dev (terraform 1.16.0; terraform-cli 0.12.7-sdk) datadog-api-client-go/1.0.0-beta.19+dev (go go1.15.3; os darwin; arch amd64)
    url: https://app.datadoghq.com/api/v1/synthetics/tests/jw9-cbz-s34
    method: GET
  response:
    body: '{"status":"live","public_id":"jw9-cbz-s34","tags":["foo:bar","foo","env:test"],"locations":["aws:eu-central-1"],"message":"Notify @pagerduty","name":"tf-TestAccDatadogSyntheticsAPITest_Updated-local-1616571219-updated","monitor_id":32720497,"type":"api","subtype":"http","config":{"request":{"url":"https://docs.datadoghq.com","method":"GET","timeout":60},"assertions":[{"operator":"isNot","type":"statusCode","target":500}],"configVariables":[]},"options":{"monitor_options":{"renotify_interval":100},"retry":{"count":3,"interval":500},"min_failure_duration":10,"tick_every":900,"min_location_failed":1}}'
    headers:
      Cache-Control:
      - no-cache
      Content-Security-Policy:
      - frame-ancestors 'self'; report-uri https://api.datadoghq.com/csp-report
      Content-Type:
      - application/json
      Date:
      - Wed, 24 Mar 2021 07:33:43 GMT
      Pragma:
      - no-cache
      Strict-Transport-Security:
      - max-age=15724800;
      Vary:
      - Accept-Encoding
      X-Content-Type-Options:
      - nosniff
      X-Dd-Debug:
      - JpIJLwIH2nFlZOC+u71rq7aAOL43MLZN3MUsL+gpYHdZz5QLUOG8Jysf8kVK6tPU
      X-Dd-Version:
      - "35.4160940"
      X-Frame-Options:
      - SAMEORIGIN
      X-Ratelimit-Limit:
      - "1000"
      X-Ratelimit-Period:
      - "60"
      X-Ratelimit-Remaining:
      - "942"
      X-Ratelimit-Reset:
      - "18"
    status: 200 OK
    code: 200
    duration: ""
- request:
    body: ""
    form: {}
    headers:
      Accept:
      - application/json
      Dd-Operation-Id:
      - GetTest
      User-Agent:
      - terraform-provider-datadog/dev (terraform 1.16.0; terraform-cli 0.12.7-sdk) datadog-api-client-go/1.0.0-beta.19+dev (go go1.15.3; os darwin; arch amd64)
    url: https://app.datadoghq.com/api/v1/synthetics/tests/jw9-cbz-s34
    method: GET
  response:
    body: '{"status":"live","public_id":"jw9-cbz-s34","tags":["foo:bar","foo","env:test"],"locations":["aws:eu-central-1"],"message":"Notify @pagerduty","name":"tf-TestAccDatadogSyntheticsAPITest_Updated-local-1616571219-updated","monitor_id":32720497,"type":"api","subtype":"http","config":{"request":{"url":"https://docs.datadoghq.com","method":"GET","timeout":60},"assertions":[{"operator":"isNot","type":"statusCode","target":500}],"configVariables":[]},"options":{"monitor_options":{"renotify_interval":100},"retry":{"count":3,"interval":500},"min_failure_duration":10,"tick_every":900,"min_location_failed":1}}'
    headers:
      Cache-Control:
      - no-cache
      Content-Security-Policy:
      - frame-ancestors 'self'; report-uri https://api.datadoghq.com/csp-report
      Content-Type:
      - application/json
      Date:
      - Wed, 24 Mar 2021 07:33:43 GMT
      Pragma:
      - no-cache
      Strict-Transport-Security:
      - max-age=15724800;
      Vary:
      - Accept-Encoding
      X-Content-Type-Options:
      - nosniff
      X-Dd-Debug:
      - HbtaOKlJ6OCrx9tMXO6ivMTrEM+g0c93HDp08trmOmgdHozC5J+vn10F0H4WPjCU
      X-Dd-Version:
      - "35.4160940"
      X-Frame-Options:
      - SAMEORIGIN
      X-Ratelimit-Limit:
      - "1000"
      X-Ratelimit-Period:
      - "60"
      X-Ratelimit-Remaining:
      - "935"
      X-Ratelimit-Reset:
      - "17"
    status: 200 OK
    code: 200
    duration: ""
- request:
    body: ""
    form: {}
    headers:
      Accept:
      - application/json
      Dd-Operation-Id:
      - GetAPITest
      User-Agent:
      - terraform-provider-datadog/dev (terraform 1.16.0; terraform-cli 0.12.7-sdk) datadog-api-client-go/1.0.0-beta.19+dev (go go1.15.3; os darwin; arch amd64)
    url: https://app.datadoghq.com/api/v1/synthetics/tests/api/jw9-cbz-s34
    method: GET
  response:
    body: '{"status":"live","public_id":"jw9-cbz-s34","tags":["foo:bar","foo","env:test"],"locations":["aws:eu-central-1"],"message":"Notify @pagerduty","name":"tf-TestAccDatadogSyntheticsAPITest_Updated-local-1616571219-updated","monitor_id":32720497,"type":"api","subtype":"http","config":{"request":{"url":"https://docs.datadoghq.com","method":"GET","timeout":60},"assertions":[{"operator":"isNot","type":"statusCode","target":500}],"configVariables":[]},"options":{"monitor_options":{"renotify_interval":100},"retry":{"count":3,"interval":500},"min_failure_duration":10,"tick_every":900,"min_location_failed":1}}'
    headers:
      Cache-Control:
      - no-cache
      Content-Security-Policy:
      - frame-ancestors 'self'; report-uri https://api.datadoghq.com/csp-report
      Content-Type:
      - application/json
      Date:
      - Wed, 24 Mar 2021 07:33:43 GMT
      Pragma:
      - no-cache
      Strict-Transport-Security:
      - max-age=15724800;
      Vary:
      - Accept-Encoding
      X-Content-Type-Options:
      - nosniff
      X-Dd-Debug:
      - l4HFlaRP3QwYSqoGKhzbYfv7zgkK63HIRR7YkyVYZspq0lGjjTBwoK8V/alf+XYt
      X-Dd-Version:
      - "35.4160940"
      X-Frame-Options:
      - SAMEORIGIN
      X-Ratelimit-Limit:
      - "1000"
      X-Ratelimit-Period:
      - "60"
      X-Ratelimit-Remaining:
      - "930"
      X-Ratelimit-Reset:
      - "17"
    status: 200 OK
    code: 200
    duration: ""
- request:
    body: ""
    form: {}
    headers:
      Accept:
      - application/json
      Dd-Operation-Id:
      - GetTest
      User-Agent:
      - terraform-provider-datadog/dev (terraform 1.16.0; terraform-cli 0.12.7-sdk) datadog-api-client-go/1.0.0-beta.19+dev (go go1.15.3; os darwin; arch amd64)
    url: https://app.datadoghq.com/api/v1/synthetics/tests/jw9-cbz-s34
    method: GET
  response:
    body: '{"status":"live","public_id":"jw9-cbz-s34","tags":["foo:bar","foo","env:test"],"locations":["aws:eu-central-1"],"message":"Notify @pagerduty","name":"tf-TestAccDatadogSyntheticsAPITest_Updated-local-1616571219-updated","monitor_id":32720497,"type":"api","subtype":"http","config":{"request":{"url":"https://docs.datadoghq.com","method":"GET","timeout":60},"assertions":[{"operator":"isNot","type":"statusCode","target":500}],"configVariables":[]},"options":{"monitor_options":{"renotify_interval":100},"retry":{"count":3,"interval":500},"min_failure_duration":10,"tick_every":900,"min_location_failed":1}}'
    headers:
      Cache-Control:
      - no-cache
      Content-Security-Policy:
      - frame-ancestors 'self'; report-uri https://api.datadoghq.com/csp-report
      Content-Type:
      - application/json
      Date:
      - Wed, 24 Mar 2021 07:33:43 GMT
      Pragma:
      - no-cache
      Strict-Transport-Security:
      - max-age=15724800;
      Vary:
      - Accept-Encoding
      X-Content-Type-Options:
      - nosniff
      X-Dd-Debug:
      - twvpGlmuom5y6A0pjGtXzTf554cmwJgTcCZ71fK4H/RDi+v5ehBK0zQiRcTJQG5C
      X-Dd-Version:
      - "35.4160940"
      X-Frame-Options:
      - SAMEORIGIN
      X-Ratelimit-Limit:
      - "1000"
      X-Ratelimit-Period:
      - "60"
      X-Ratelimit-Remaining:
      - "921"
      X-Ratelimit-Reset:
      - "17"
    status: 200 OK
    code: 200
    duration: ""
- request:
    body: ""
    form: {}
    headers:
      Accept:
      - application/json
      Dd-Operation-Id:
      - GetAPITest
      User-Agent:
      - terraform-provider-datadog/dev (terraform 1.16.0; terraform-cli 0.12.7-sdk) datadog-api-client-go/1.0.0-beta.19+dev (go go1.15.3; os darwin; arch amd64)
    url: https://app.datadoghq.com/api/v1/synthetics/tests/api/jw9-cbz-s34
    method: GET
  response:
    body: '{"status":"live","public_id":"jw9-cbz-s34","tags":["foo:bar","foo","env:test"],"locations":["aws:eu-central-1"],"message":"Notify @pagerduty","name":"tf-TestAccDatadogSyntheticsAPITest_Updated-local-1616571219-updated","monitor_id":32720497,"type":"api","subtype":"http","config":{"request":{"url":"https://docs.datadoghq.com","method":"GET","timeout":60},"assertions":[{"operator":"isNot","type":"statusCode","target":500}],"configVariables":[]},"options":{"monitor_options":{"renotify_interval":100},"retry":{"count":3,"interval":500},"min_failure_duration":10,"tick_every":900,"min_location_failed":1}}'
    headers:
      Cache-Control:
      - no-cache
      Content-Security-Policy:
      - frame-ancestors 'self'; report-uri https://api.datadoghq.com/csp-report
      Content-Type:
      - application/json
      Date:
      - Wed, 24 Mar 2021 07:33:43 GMT
      Pragma:
      - no-cache
      Strict-Transport-Security:
      - max-age=15724800;
      Vary:
      - Accept-Encoding
      X-Content-Type-Options:
      - nosniff
      X-Dd-Debug:
      - l8RQo2maZqJf6GFThBbKNE6dvthz6njusVtau3dPXJWL2RLFoN81H+BLPB/1xgs1
      X-Dd-Version:
      - "35.4160940"
      X-Frame-Options:
      - SAMEORIGIN
      X-Ratelimit-Limit:
      - "1000"
      X-Ratelimit-Period:
      - "60"
      X-Ratelimit-Remaining:
      - "917"
      X-Ratelimit-Reset:
      - "17"
    status: 200 OK
    code: 200
    duration: ""
- request:
    body: |
      {"public_ids":["jw9-cbz-s34"]}
    form: {}
    headers:
      Accept:
      - application/json
      Content-Type:
      - application/json
      Dd-Operation-Id:
      - DeleteTests
      User-Agent:
      - terraform-provider-datadog/dev (terraform 1.16.0; terraform-cli ) datadog-api-client-go/1.0.0-beta.19+dev (go go1.15.3; os darwin; arch amd64)
    url: https://app.datadoghq.com/api/v1/synthetics/tests/delete
    method: POST
  response:
    body: '{"deleted_tests":[{"deleted_at":"2021-03-24T07:33:44.237521+00:00","public_id":"jw9-cbz-s34"}]}'
    headers:
      Cache-Control:
      - no-cache
      Content-Security-Policy:
      - frame-ancestors 'self'; report-uri https://api.datadoghq.com/csp-report
      Content-Type:
      - application/json
      Date:
      - Wed, 24 Mar 2021 07:33:44 GMT
      Pragma:
      - no-cache
      Strict-Transport-Security:
      - max-age=15724800;
      Vary:
      - Accept-Encoding
      X-Content-Type-Options:
      - nosniff
      X-Dd-Debug:
      - LcgNasIYBRkNppmD6mCKE9J6iv0eEjosuuHR5V5zw2fWbR54i39C8dhdK8zDq/40
      X-Dd-Version:
      - "35.4160940"
      X-Frame-Options:
      - SAMEORIGIN
      X-Ratelimit-Limit:
      - "120"
      X-Ratelimit-Period:
      - "60"
      X-Ratelimit-Remaining:
      - "114"
      X-Ratelimit-Reset:
      - "16"
    status: 200 OK
    code: 200
    duration: ""
- request:
    body: ""
    form: {}
    headers:
      Accept:
      - application/json
      Dd-Operation-Id:
      - GetTest
      User-Agent:
      - terraform-provider-datadog/dev (terraform 1.16.0; terraform-cli ) datadog-api-client-go/1.0.0-beta.19+dev (go go1.15.3; os darwin; arch amd64)
    url: https://app.datadoghq.com/api/v1/synthetics/tests/jw9-cbz-s34
    method: GET
  response:
    body: '{"errors": ["Synthetics test not found"]}'
    headers:
      Cache-Control:
      - no-cache
      Content-Security-Policy:
      - frame-ancestors 'self'; report-uri https://api.datadoghq.com/csp-report
      Content-Type:
      - application/json
      Date:
      - Wed, 24 Mar 2021 07:33:44 GMT
      Pragma:
      - no-cache
      Strict-Transport-Security:
      - max-age=15724800;
      Vary:
      - Accept-Encoding
      X-Content-Type-Options:
      - nosniff
      X-Dd-Version:
      - "35.4160940"
      X-Frame-Options:
      - SAMEORIGIN
      X-Ratelimit-Limit:
      - "1000"
      X-Ratelimit-Period:
      - "60"
      X-Ratelimit-Remaining:
      - "902"
      X-Ratelimit-Reset:
      - "16"
    status: 404 Not Found
    code: 404
    duration: ""
