---
version: 1
interactions:
- request:
    body: |
      {"cases":[{"condition":"a \u003e 0","name":"","notifications":[],"status":"high"}],"isEnabled":true,"message":"acceptance rule triggered","name":"tf-TestAccDatadogSecurityMonitoringRule_Import-local-1615587153","options":{"evaluationWindow":300,"keepAlive":600,"maxSignalDuration":900},"queries":[{"aggregation":"count","distinctFields":[],"groupByFields":["host"],"metric":"","name":"","query":"does not really match much"}]}
    form: {}
    headers:
      Accept:
      - application/json
      Content-Type:
      - application/json
      Dd-Operation-Id:
      - CreateSecurityMonitoringRule
      User-Agent:
      - terraform-provider-datadog/dev (terraform 2.4.4; terraform-cli ) datadog-api-client-go/1.0.0-beta.16 (go go1.15.3; os darwin; arch amd64)
    url: https://api.datadoghq.com/api/v2/security_monitoring/rules
    method: POST
  response:
    body: '{"creationAuthorId":1445416,"tags":[],"isEnabled":true,"hasExtendedTitle":false,"message":"acceptance rule triggered","options":{"detectionMethod":"threshold","evaluationWindow":300,"maxSignalDuration":900,"keepAlive":600},"version":1,"createdAt":1615587155328,"filters":[],"queries":[{"distinctFields":[],"name":"","metric":"","aggregation":"count","groupByFields":["host"],"query":"does not really match much","trackType":"logs"}],"isDeleted":false,"cases":[{"status":"high","notifications":[],"name":"","condition":"a > 0"}],"type":"log_detection","id":"gsg-xjl-ts9","isDefault":false,"name":"tf-TestAccDatadogSecurityMonitoringRule_Import-local-1615587153"}'
    headers:
      Cache-Control:
      - no-cache
      Connection:
      - keep-alive
      Content-Disposition:
      - inline
      Content-Security-Policy:
      - frame-ancestors 'self'; report-uri https://api.datadoghq.com/csp-report
      Content-Type:
      - application/json;charset=utf-8
      Date:
      - Fri, 12 Mar 2021 22:12:35 GMT
      Pragma:
      - no-cache
      Strict-Transport-Security:
      - max-age=15724800;
      Vary:
      - Accept-Encoding
      X-Content-Type-Options:
      - nosniff
      X-Dd-Debug:
      - 5gfwVh/5HZ+AnGd/Di93w3NEWC6KMHT9KzmHEiRJmNdOjBtAsbOcgVFyqEChw71h
      X-Dd-Version:
      - "35.4088130"
      X-Frame-Options:
      - SAMEORIGIN
    status: 200 OK
    code: 200
    duration: ""
- request:
    body: ""
    form: {}
    headers:
      Accept:
      - application/json
      Dd-Operation-Id:
      - GetSecurityMonitoringRule
      User-Agent:
      - terraform-provider-datadog/dev (terraform 2.4.4; terraform-cli ) datadog-api-client-go/1.0.0-beta.16 (go go1.15.3; os darwin; arch amd64)
    url: https://api.datadoghq.com/api/v2/security_monitoring/rules/gsg-xjl-ts9
    method: GET
  response:
    body: '{"creationAuthorId":1445416,"tags":[],"isEnabled":true,"hasExtendedTitle":false,"message":"acceptance rule triggered","options":{"detectionMethod":"threshold","evaluationWindow":300,"maxSignalDuration":900,"keepAlive":600},"version":1,"createdAt":1615587155328,"filters":[],"queries":[{"distinctFields":[],"name":"","metric":"","aggregation":"count","groupByFields":["host"],"query":"does not really match much","trackType":"logs"}],"isDeleted":false,"cases":[{"status":"high","notifications":[],"name":"","condition":"a > 0"}],"type":"log_detection","id":"gsg-xjl-ts9","isDefault":false,"name":"tf-TestAccDatadogSecurityMonitoringRule_Import-local-1615587153"}'
    headers:
      Cache-Control:
      - no-cache
      Connection:
      - keep-alive
      Content-Disposition:
      - inline
      Content-Security-Policy:
      - frame-ancestors 'self'; report-uri https://api.datadoghq.com/csp-report
      Content-Type:
      - application/json;charset=utf-8
      Date:
      - Fri, 12 Mar 2021 22:12:36 GMT
      Pragma:
      - no-cache
      Strict-Transport-Security:
      - max-age=15724800;
      Vary:
      - Accept-Encoding
      X-Content-Type-Options:
      - nosniff
      X-Dd-Debug:
      - bgHykj7A9bfZx0Y5ZO3swhhp5tGUSNJHqFWR868+qg087CYrDOd5hQslC+noiEtH
      X-Dd-Version:
      - "35.4088130"
      X-Frame-Options:
      - SAMEORIGIN
    status: 200 OK
    code: 200
    duration: ""
- request:
    body: ""
    form: {}
    headers:
      Accept:
      - application/json
      Dd-Operation-Id:
      - GetSecurityMonitoringRule
      User-Agent:
      - terraform-provider-datadog/dev (terraform 2.4.4; terraform-cli ) datadog-api-client-go/1.0.0-beta.16 (go go1.15.3; os darwin; arch amd64)
    url: https://api.datadoghq.com/api/v2/security_monitoring/rules/gsg-xjl-ts9
    method: GET
  response:
    body: '{"creationAuthorId":1445416,"tags":[],"isEnabled":true,"hasExtendedTitle":false,"message":"acceptance rule triggered","options":{"detectionMethod":"threshold","evaluationWindow":300,"maxSignalDuration":900,"keepAlive":600},"version":1,"createdAt":1615587155328,"filters":[],"queries":[{"distinctFields":[],"name":"","metric":"","aggregation":"count","groupByFields":["host"],"query":"does not really match much","trackType":"logs"}],"isDeleted":false,"cases":[{"status":"high","notifications":[],"name":"","condition":"a > 0"}],"type":"log_detection","id":"gsg-xjl-ts9","isDefault":false,"name":"tf-TestAccDatadogSecurityMonitoringRule_Import-local-1615587153"}'
    headers:
      Cache-Control:
      - no-cache
      Connection:
      - keep-alive
      Content-Disposition:
      - inline
      Content-Security-Policy:
      - frame-ancestors 'self'; report-uri https://api.datadoghq.com/csp-report
      Content-Type:
      - application/json;charset=utf-8
      Date:
      - Fri, 12 Mar 2021 22:12:37 GMT
      Pragma:
      - no-cache
      Strict-Transport-Security:
      - max-age=15724800;
      Vary:
      - Accept-Encoding
      X-Content-Type-Options:
      - nosniff
      X-Dd-Debug:
      - twvpGlmuom5y6A0pjGtXzTf554cmwJgTcCZ71fK4H/RDi+v5ehBK0zQiRcTJQG5C
      X-Dd-Version:
      - "35.4088130"
      X-Frame-Options:
      - SAMEORIGIN
    status: 200 OK
    code: 200
    duration: ""
- request:
    body: ""
    form: {}
    headers:
      Accept:
      - application/json
      Dd-Operation-Id:
      - DeleteSecurityMonitoringRule
      User-Agent:
      - terraform-provider-datadog/dev (terraform 2.4.4; terraform-cli 0.14.7) datadog-api-client-go/1.0.0-beta.16 (go go1.15.3; os darwin; arch amd64)
    url: https://api.datadoghq.com/api/v2/security_monitoring/rules/gsg-xjl-ts9
    method: DELETE
  response:
    body: ""
    headers:
      Cache-Control:
      - no-cache
      Connection:
      - keep-alive
      Content-Disposition:
      - inline
      Content-Length:
      - "2"
      Content-Security-Policy:
      - frame-ancestors 'self'; report-uri https://api.datadoghq.com/csp-report
      Date:
      - Fri, 12 Mar 2021 22:12:38 GMT
      Pragma:
      - no-cache
      Strict-Transport-Security:
      - max-age=15724800;
      X-Content-Type-Options:
      - nosniff
      X-Dd-Debug:
      - l8RQo2maZqJf6GFThBbKNE6dvthz6njusVtau3dPXJWL2RLFoN81H+BLPB/1xgs1
      X-Dd-Version:
      - "35.4088130"
      X-Frame-Options:
      - SAMEORIGIN
    status: 204 No Content
    code: 204
    duration: ""
- request:
    body: ""
    form: {}
    headers:
      Accept:
      - application/json
      Dd-Operation-Id:
      - GetSecurityMonitoringRule
      User-Agent:
      - terraform-provider-datadog/dev (terraform 2.4.4; terraform-cli 0.14.7) datadog-api-client-go/1.0.0-beta.16 (go go1.15.3; os darwin; arch amd64)
    url: https://api.datadoghq.com/api/v2/security_monitoring/rules/gsg-xjl-ts9
    method: GET
  response:
    body: '{"errors":["Threat detection rule not found: gsg-xjl-ts9"]}'
    headers:
      Cache-Control:
      - no-cache
      Connection:
      - keep-alive
      Content-Security-Policy:
      - frame-ancestors 'self'; report-uri https://api.datadoghq.com/csp-report
      Content-Type:
      - application/json
      Date:
      - Fri, 12 Mar 2021 22:12:38 GMT
      Pragma:
      - no-cache
      Strict-Transport-Security:
      - max-age=15724800;
      Vary:
      - Accept-Encoding
      X-Content-Type-Options:
      - nosniff
      X-Dd-Version:
      - "35.4088130"
      X-Frame-Options:
      - SAMEORIGIN
    status: 404 Not Found
    code: 404
    duration: ""
