---
version: 1
interactions:
- request:
    body: |
      {"config":{"assertions":[{"operator":"contains","property":"content-type","target":"application/json","type":"header"},{"operator":"is","target":200,"type":"statusCode"},{"operator":"validatesJSONPath","target":{"jsonPath":"topKey","operator":"isNot","targetValue":"0"},"type":"body"},{"operator":"validatesJSONPath","target":{"jsonPath":"something","operator":"moreThan","targetValue":5},"type":"body"},{"operator":"isNot","target":200,"type":"statusCode"},{"operator":"matches","target":"20[04]","type":"statusCode"},{"operator":"doesNotMatch","target":"20[04]","type":"statusCode"},{"operator":"validatesJSONPath","target":{"jsonPath":"$.mykey","operator":"moreThan","targetValue":"{{ TEST_VAR_1 }}"},"type":"body"}],"configVariables":[{"example":"1234","name":"TEST","pattern":"{{ numeric(4) }}","type":"text"}],"request":{"basicAuth":{"password":"secret","type":"web","username":"admin"},"body":"this is a body","certificate":{"cert":{"content":"content-certificate","filename":"Provided in Terraform config"},"key":{"content":"content-key","filename":"key"}},"headers":{"Accept":"application/json","X-Datadog-Trace-ID":"123456789"},"method":"GET","query":{"foo":"bar"},"timeout":30,"url":"https://www.datadoghq.com"}},"locations":["aws:eu-central-1"],"message":"Notify @datadog.user","name":"tf-TestAccDatadogSyntheticsAPITest_BasicNewAssertionsOptions-local-1651234914","options":{"follow_redirects":true,"min_location_failed":1,"monitor_options":{"renotify_interval":120},"tick_every":60},"status":"paused","subtype":"http","tags":["foo:bar","baz"],"type":"api"}
    form: {}
    headers:
      Accept:
      - application/json
      Content-Type:
      - application/json
    url: https://api.datadoghq.com/api/v1/synthetics/tests/api
    method: POST
  response:
    body: '{"status":"paused","public_id":"ne9-szg-dw8","tags":["foo:bar","baz"],"org_id":321813,"locations":["aws:eu-central-1"],"message":"Notify @datadog.user","deleted_at":null,"name":"tf-TestAccDatadogSyntheticsAPITest_BasicNewAssertionsOptions-local-1651234914","monitor_id":70157074,"type":"api","created_at":"2022-04-29T12:22:15.852142+00:00","modified_at":"2022-04-29T12:22:15.852142+00:00","subtype":"http","config":{"request":{"body":"this is a body","certificate":{"cert":{"filename":"Provided in Terraform config"},"key":{"filename":"key"}},"url":"https://www.datadoghq.com","basicAuth":{"username":"admin","password":"secret","type":"web"},"headers":{"Accept":"application/json","X-Datadog-Trace-ID":"123456789"},"timeout":30,"query":{"foo":"bar"},"method":"GET"},"assertions":[{"operator":"contains","property":"content-type","type":"header","target":"application/json"},{"operator":"is","type":"statusCode","target":200},{"operator":"validatesJSONPath","type":"body","target":{"operator":"isNot","targetValue":"0","jsonPath":"topKey"}},{"operator":"validatesJSONPath","type":"body","target":{"operator":"moreThan","targetValue":5,"jsonPath":"something"}},{"operator":"isNot","type":"statusCode","target":200},{"operator":"matches","type":"statusCode","target":"20[04]"},{"operator":"doesNotMatch","type":"statusCode","target":"20[04]"},{"operator":"validatesJSONPath","type":"body","target":{"operator":"moreThan","targetValue":"{{ TEST_VAR_1 }}","jsonPath":"$.mykey"}}],"configVariables":[{"pattern":"{{ numeric(4) }}","type":"text","example":"1234","name":"TEST"}]},"options":{"follow_redirects":true,"monitor_options":{"include_tags":true,"notify_no_data":false,"notify_audit":false,"new_host_delay":300,"renotify_interval":120},"min_location_failed":1,"tick_every":60}}'
    headers:
      Content-Type:
      - application/json
    status: 200 OK
    code: 200
    duration: ""
- request:
    body: ""
    form: {}
    headers:
      Accept:
      - application/json
    url: https://api.datadoghq.com/api/v1/synthetics/tests/api/ne9-szg-dw8
    method: GET
  response:
    body: '{"status":"paused","public_id":"ne9-szg-dw8","tags":["foo:bar","baz"],"locations":["aws:eu-central-1"],"message":"Notify @datadog.user","name":"tf-TestAccDatadogSyntheticsAPITest_BasicNewAssertionsOptions-local-1651234914","monitor_id":70157074,"type":"api","created_at":"2022-04-29T12:22:15.852142+00:00","creator":{"handle":"frog@datadoghq.com","name":null,"email":"frog@datadoghq.com"},"modified_at":"2022-04-29T12:22:15.852142+00:00","subtype":"http","config":{"request":{"body":"this is a body","certificate":{"cert":{"filename":"Provided in Terraform config"},"key":{"filename":"key"}},"url":"https://www.datadoghq.com","basicAuth":{"username":"admin","password":"secret","type":"web"},"headers":{"Accept":"application/json","X-Datadog-Trace-ID":"123456789"},"timeout":30,"query":{"foo":"bar"},"method":"GET"},"assertions":[{"operator":"contains","property":"content-type","type":"header","target":"application/json"},{"operator":"is","type":"statusCode","target":200},{"operator":"validatesJSONPath","type":"body","target":{"operator":"isNot","targetValue":"0","jsonPath":"topKey"}},{"operator":"validatesJSONPath","type":"body","target":{"operator":"moreThan","targetValue":5,"jsonPath":"something"}},{"operator":"isNot","type":"statusCode","target":200},{"operator":"matches","type":"statusCode","target":"20[04]"},{"operator":"doesNotMatch","type":"statusCode","target":"20[04]"},{"operator":"validatesJSONPath","type":"body","target":{"operator":"moreThan","targetValue":"{{ TEST_VAR_1 }}","jsonPath":"$.mykey"}}],"configVariables":[{"pattern":"{{ numeric(4) }}","type":"text","example":"1234","name":"TEST"}]},"options":{"follow_redirects":true,"monitor_options":{"include_tags":true,"notify_no_data":false,"notify_audit":false,"new_host_delay":300,"renotify_interval":120},"min_location_failed":1,"tick_every":60}}'
    headers:
      Content-Type:
      - application/json
    status: 200 OK
    code: 200
    duration: ""
- request:
    body: ""
    form: {}
    headers:
      Accept:
      - application/json
    url: https://api.datadoghq.com/api/v1/synthetics/tests/ne9-szg-dw8
    method: GET
  response:
    body: '{"status":"paused","public_id":"ne9-szg-dw8","tags":["foo:bar","baz"],"locations":["aws:eu-central-1"],"message":"Notify @datadog.user","name":"tf-TestAccDatadogSyntheticsAPITest_BasicNewAssertionsOptions-local-1651234914","monitor_id":70157074,"type":"api","created_at":"2022-04-29T12:22:15.852142+00:00","creator":{"handle":"frog@datadoghq.com","name":null,"email":"frog@datadoghq.com"},"modified_at":"2022-04-29T12:22:15.852142+00:00","subtype":"http","config":{"request":{"body":"this is a body","certificate":{"cert":{"filename":"Provided in Terraform config"},"key":{"filename":"key"}},"url":"https://www.datadoghq.com","basicAuth":{"username":"admin","password":"secret","type":"web"},"headers":{"Accept":"application/json","X-Datadog-Trace-ID":"123456789"},"timeout":30,"query":{"foo":"bar"},"method":"GET"},"assertions":[{"operator":"contains","property":"content-type","type":"header","target":"application/json"},{"operator":"is","type":"statusCode","target":200},{"operator":"validatesJSONPath","type":"body","target":{"operator":"isNot","targetValue":"0","jsonPath":"topKey"}},{"operator":"validatesJSONPath","type":"body","target":{"operator":"moreThan","targetValue":5,"jsonPath":"something"}},{"operator":"isNot","type":"statusCode","target":200},{"operator":"matches","type":"statusCode","target":"20[04]"},{"operator":"doesNotMatch","type":"statusCode","target":"20[04]"},{"operator":"validatesJSONPath","type":"body","target":{"operator":"moreThan","targetValue":"{{ TEST_VAR_1 }}","jsonPath":"$.mykey"}}],"configVariables":[{"pattern":"{{ numeric(4) }}","type":"text","example":"1234","name":"TEST"}]},"options":{"follow_redirects":true,"monitor_options":{"include_tags":true,"notify_no_data":false,"notify_audit":false,"new_host_delay":300,"renotify_interval":120},"min_location_failed":1,"tick_every":60}}'
    headers:
      Content-Type:
      - application/json
    status: 200 OK
    code: 200
    duration: ""
- request:
    body: ""
    form: {}
    headers:
      Accept:
      - application/json
    url: https://api.datadoghq.com/api/v1/synthetics/tests/ne9-szg-dw8
    method: GET
  response:
    body: '{"status":"paused","public_id":"ne9-szg-dw8","tags":["foo:bar","baz"],"locations":["aws:eu-central-1"],"message":"Notify @datadog.user","name":"tf-TestAccDatadogSyntheticsAPITest_BasicNewAssertionsOptions-local-1651234914","monitor_id":70157074,"type":"api","created_at":"2022-04-29T12:22:15.852142+00:00","creator":{"handle":"frog@datadoghq.com","name":null,"email":"frog@datadoghq.com"},"modified_at":"2022-04-29T12:22:15.852142+00:00","subtype":"http","config":{"request":{"body":"this is a body","certificate":{"cert":{"filename":"Provided in Terraform config"},"key":{"filename":"key"}},"url":"https://www.datadoghq.com","basicAuth":{"username":"admin","password":"secret","type":"web"},"headers":{"Accept":"application/json","X-Datadog-Trace-ID":"123456789"},"timeout":30,"query":{"foo":"bar"},"method":"GET"},"assertions":[{"operator":"contains","property":"content-type","type":"header","target":"application/json"},{"operator":"is","type":"statusCode","target":200},{"operator":"validatesJSONPath","type":"body","target":{"operator":"isNot","targetValue":"0","jsonPath":"topKey"}},{"operator":"validatesJSONPath","type":"body","target":{"operator":"moreThan","targetValue":5,"jsonPath":"something"}},{"operator":"isNot","type":"statusCode","target":200},{"operator":"matches","type":"statusCode","target":"20[04]"},{"operator":"doesNotMatch","type":"statusCode","target":"20[04]"},{"operator":"validatesJSONPath","type":"body","target":{"operator":"moreThan","targetValue":"{{ TEST_VAR_1 }}","jsonPath":"$.mykey"}}],"configVariables":[{"pattern":"{{ numeric(4) }}","type":"text","example":"1234","name":"TEST"}]},"options":{"follow_redirects":true,"monitor_options":{"include_tags":true,"notify_no_data":false,"notify_audit":false,"new_host_delay":300,"renotify_interval":120},"min_location_failed":1,"tick_every":60}}'
    headers:
      Content-Type:
      - application/json
    status: 200 OK
    code: 200
    duration: ""
- request:
    body: ""
    form: {}
    headers:
      Accept:
      - application/json
    url: https://api.datadoghq.com/api/v1/synthetics/tests/api/ne9-szg-dw8
    method: GET
  response:
    body: '{"status":"paused","public_id":"ne9-szg-dw8","tags":["foo:bar","baz"],"locations":["aws:eu-central-1"],"message":"Notify @datadog.user","name":"tf-TestAccDatadogSyntheticsAPITest_BasicNewAssertionsOptions-local-1651234914","monitor_id":70157074,"type":"api","created_at":"2022-04-29T12:22:15.852142+00:00","creator":{"handle":"frog@datadoghq.com","name":null,"email":"frog@datadoghq.com"},"modified_at":"2022-04-29T12:22:15.852142+00:00","subtype":"http","config":{"request":{"body":"this is a body","certificate":{"cert":{"filename":"Provided in Terraform config"},"key":{"filename":"key"}},"url":"https://www.datadoghq.com","basicAuth":{"username":"admin","password":"secret","type":"web"},"headers":{"Accept":"application/json","X-Datadog-Trace-ID":"123456789"},"timeout":30,"query":{"foo":"bar"},"method":"GET"},"assertions":[{"operator":"contains","property":"content-type","type":"header","target":"application/json"},{"operator":"is","type":"statusCode","target":200},{"operator":"validatesJSONPath","type":"body","target":{"operator":"isNot","targetValue":"0","jsonPath":"topKey"}},{"operator":"validatesJSONPath","type":"body","target":{"operator":"moreThan","targetValue":5,"jsonPath":"something"}},{"operator":"isNot","type":"statusCode","target":200},{"operator":"matches","type":"statusCode","target":"20[04]"},{"operator":"doesNotMatch","type":"statusCode","target":"20[04]"},{"operator":"validatesJSONPath","type":"body","target":{"operator":"moreThan","targetValue":"{{ TEST_VAR_1 }}","jsonPath":"$.mykey"}}],"configVariables":[{"pattern":"{{ numeric(4) }}","type":"text","example":"1234","name":"TEST"}]},"options":{"follow_redirects":true,"monitor_options":{"include_tags":true,"notify_no_data":false,"notify_audit":false,"new_host_delay":300,"renotify_interval":120},"min_location_failed":1,"tick_every":60}}'
    headers:
      Content-Type:
      - application/json
    status: 200 OK
    code: 200
    duration: ""
- request:
    body: |
      {"public_ids":["ne9-szg-dw8"]}
    form: {}
    headers:
      Accept:
      - application/json
      Content-Type:
      - application/json
    url: https://api.datadoghq.com/api/v1/synthetics/tests/delete
    method: POST
  response:
    body: '{"deleted_tests":[{"deleted_at":"2022-04-29T12:22:48.176467+00:00","public_id":"ne9-szg-dw8"}]}'
    headers:
      Content-Type:
      - application/json
    status: 200 OK
    code: 200
    duration: ""
- request:
    body: ""
    form: {}
    headers:
      Accept:
      - application/json
    url: https://api.datadoghq.com/api/v1/synthetics/tests/ne9-szg-dw8
    method: GET
  response:
    body: '{"errors": ["Synthetics test not found"]}'
    headers:
      Content-Type:
      - application/json
    status: 404 Not Found
    code: 404
    duration: ""
