---
version: 1
interactions:
- request:
    body: |
      {"cases":[{"condition":"","name":"","notifications":["@user"],"status":"high"}],"hasExtendedTitle":false,"isEnabled":false,"message":"acceptance rule triggered","name":"tf-TestAccDatadogSecurityMonitoringRule_NewValueRule-local-1656076607","options":{"detectionMethod":"new_value","evaluationWindow":0,"keepAlive":600,"maxSignalDuration":900,"newValueOptions":{"forgetAfter":7,"learningDuration":1,"learningMethod":"duration","learningThreshold":0}},"queries":[{"aggregation":"new_value","distinctFields":[],"groupByFields":["host"],"metric":"@value","name":"first","query":"does not really match much"}],"tags":["i:tomato","u:tomato"],"type":"log_detection"}
    form: {}
    headers:
      Accept:
      - application/json
      Content-Type:
      - application/json
    url: https://api.datadoghq.com/api/v2/security_monitoring/rules
    method: POST
  response:
    body: |
      {"creationAuthorId":1445416,"tags":["u:tomato","i:tomato"],"isEnabled":false,"hasExtendedTitle":false,"message":"acceptance rule triggered","options":{"detectionMethod":"new_value","evaluationWindow":0,"maxSignalDuration":900,"newValueOptions":{"learningDuration":1,"learningMethod":"duration","forgetAfter":7,"learningThreshold":0},"keepAlive":600},"version":1,"createdAt":1656076609967,"filters":[],"queries":[{"distinctFields":[],"name":"first","metric":"@value","aggregation":"new_value","groupByFields":["host"],"query":"does not really match much"}],"isDeleted":false,"cases":[{"status":"high","notifications":["@user"],"name":"","condition":""}],"type":"log_detection","id":"h2x-xqd-y5p","isDefault":false,"name":"tf-TestAccDatadogSecurityMonitoringRule_NewValueRule-local-1656076607"}
    headers:
      Content-Type:
      - application/json
    status: 200 OK
    code: 200
    duration: ""
- request:
    body: ""
    form: {}
    headers:
      Accept:
      - application/json
    url: https://api.datadoghq.com/api/v2/security_monitoring/rules/h2x-xqd-y5p
    method: GET
  response:
    body: |
      {"creationAuthorId":1445416,"tags":["u:tomato","i:tomato"],"isEnabled":false,"hasExtendedTitle":false,"message":"acceptance rule triggered","options":{"detectionMethod":"new_value","evaluationWindow":0,"maxSignalDuration":900,"newValueOptions":{"learningDuration":1,"learningMethod":"duration","forgetAfter":7,"learningThreshold":0},"keepAlive":600},"version":1,"createdAt":1656076609967,"filters":[],"queries":[{"distinctFields":[],"name":"first","metric":"@value","aggregation":"new_value","groupByFields":["host"],"query":"does not really match much"}],"isDeleted":false,"cases":[{"status":"high","notifications":["@user"],"name":"","condition":""}],"type":"log_detection","id":"h2x-xqd-y5p","isDefault":false,"name":"tf-TestAccDatadogSecurityMonitoringRule_NewValueRule-local-1656076607"}
    headers:
      Content-Type:
      - application/json
    status: 200 OK
    code: 200
    duration: ""
- request:
    body: ""
    form: {}
    headers:
      Accept:
      - application/json
    url: https://api.datadoghq.com/api/v2/security_monitoring/rules/h2x-xqd-y5p
    method: GET
  response:
    body: |
      {"creationAuthorId":1445416,"tags":["u:tomato","i:tomato"],"isEnabled":false,"hasExtendedTitle":false,"message":"acceptance rule triggered","options":{"detectionMethod":"new_value","evaluationWindow":0,"maxSignalDuration":900,"newValueOptions":{"learningDuration":1,"learningMethod":"duration","forgetAfter":7,"learningThreshold":0},"keepAlive":600},"version":1,"createdAt":1656076609967,"filters":[],"queries":[{"distinctFields":[],"name":"first","metric":"@value","aggregation":"new_value","groupByFields":["host"],"query":"does not really match much"}],"isDeleted":false,"cases":[{"status":"high","notifications":["@user"],"name":"","condition":""}],"type":"log_detection","id":"h2x-xqd-y5p","isDefault":false,"name":"tf-TestAccDatadogSecurityMonitoringRule_NewValueRule-local-1656076607"}
    headers:
      Content-Type:
      - application/json
    status: 200 OK
    code: 200
    duration: ""
- request:
    body: ""
    form: {}
    headers:
      Accept:
      - application/json
    url: https://api.datadoghq.com/api/v2/security_monitoring/rules/h2x-xqd-y5p
    method: GET
  response:
    body: |
      {"creationAuthorId":1445416,"tags":["u:tomato","i:tomato"],"isEnabled":false,"hasExtendedTitle":false,"message":"acceptance rule triggered","options":{"detectionMethod":"new_value","evaluationWindow":0,"maxSignalDuration":900,"newValueOptions":{"learningDuration":1,"learningMethod":"duration","forgetAfter":7,"learningThreshold":0},"keepAlive":600},"version":1,"createdAt":1656076609967,"filters":[],"queries":[{"distinctFields":[],"name":"first","metric":"@value","aggregation":"new_value","groupByFields":["host"],"query":"does not really match much"}],"isDeleted":false,"cases":[{"status":"high","notifications":["@user"],"name":"","condition":""}],"type":"log_detection","id":"h2x-xqd-y5p","isDefault":false,"name":"tf-TestAccDatadogSecurityMonitoringRule_NewValueRule-local-1656076607"}
    headers:
      Content-Type:
      - application/json
    status: 200 OK
    code: 200
    duration: ""
- request:
    body: |
      {"cases":[{"condition":"","name":"high case (updated)","notifications":["@user"],"status":"medium"}],"hasExtendedTitle":false,"isEnabled":true,"message":"acceptance rule triggered (updated)","name":"tf-TestAccDatadogSecurityMonitoringRule_NewValueRule-local-1656076607 - updated","options":{"detectionMethod":"new_value","evaluationWindow":0,"keepAlive":600,"maxSignalDuration":900,"newValueOptions":{"forgetAfter":1,"learningDuration":0,"learningMethod":"duration","learningThreshold":0}},"queries":[{"aggregation":"new_value","distinctFields":[],"groupByFields":["service"],"metric":"@network.bytes_read","name":"first_updated","query":"does not really match much (updated)"}],"tags":["u:tomato","i:tomato"]}
    form: {}
    headers:
      Accept:
      - application/json
      Content-Type:
      - application/json
    url: https://api.datadoghq.com/api/v2/security_monitoring/rules/h2x-xqd-y5p
    method: PUT
  response:
    body: |
      {"updateAuthorId":1445416,"creationAuthorId":1445416,"tags":["i:tomato","u:tomato"],"isEnabled":true,"hasExtendedTitle":false,"message":"acceptance rule triggered (updated)","options":{"detectionMethod":"new_value","evaluationWindow":0,"maxSignalDuration":900,"newValueOptions":{"learningDuration":0,"learningMethod":"duration","forgetAfter":1,"learningThreshold":0},"keepAlive":600},"version":2,"isDefault":false,"filters":[],"queries":[{"distinctFields":[],"name":"first_updated","metric":"@network.bytes_read","aggregation":"new_value","groupByFields":["service"],"query":"does not really match much (updated)"}],"isDeleted":false,"cases":[{"status":"medium","notifications":["@user"],"name":"high case (updated)","condition":""}],"type":"log_detection","id":"h2x-xqd-y5p","createdAt":1656076609967,"name":"tf-TestAccDatadogSecurityMonitoringRule_NewValueRule-local-1656076607 - updated"}
    headers:
      Content-Type:
      - application/json
    status: 200 OK
    code: 200
    duration: ""
- request:
    body: ""
    form: {}
    headers:
      Accept:
      - application/json
    url: https://api.datadoghq.com/api/v2/security_monitoring/rules/h2x-xqd-y5p
    method: GET
  response:
    body: |
      {"updateAuthorId":1445416,"creationAuthorId":1445416,"tags":["u:tomato","i:tomato"],"isEnabled":true,"hasExtendedTitle":false,"message":"acceptance rule triggered (updated)","options":{"detectionMethod":"new_value","evaluationWindow":0,"maxSignalDuration":900,"newValueOptions":{"learningDuration":0,"learningMethod":"duration","forgetAfter":1,"learningThreshold":0},"keepAlive":600},"version":2,"isDefault":false,"filters":[],"queries":[{"distinctFields":[],"name":"first_updated","metric":"@network.bytes_read","aggregation":"new_value","groupByFields":["service"],"query":"does not really match much (updated)"}],"isDeleted":false,"cases":[{"status":"medium","notifications":["@user"],"name":"high case (updated)","condition":""}],"type":"log_detection","id":"h2x-xqd-y5p","createdAt":1656076609967,"name":"tf-TestAccDatadogSecurityMonitoringRule_NewValueRule-local-1656076607 - updated"}
    headers:
      Content-Type:
      - application/json
    status: 200 OK
    code: 200
    duration: ""
- request:
    body: ""
    form: {}
    headers:
      Accept:
      - application/json
    url: https://api.datadoghq.com/api/v2/security_monitoring/rules/h2x-xqd-y5p
    method: GET
  response:
    body: |
      {"updateAuthorId":1445416,"creationAuthorId":1445416,"tags":["u:tomato","i:tomato"],"isEnabled":true,"hasExtendedTitle":false,"message":"acceptance rule triggered (updated)","options":{"detectionMethod":"new_value","evaluationWindow":0,"maxSignalDuration":900,"newValueOptions":{"learningDuration":0,"learningMethod":"duration","forgetAfter":1,"learningThreshold":0},"keepAlive":600},"version":2,"isDefault":false,"filters":[],"queries":[{"distinctFields":[],"name":"first_updated","metric":"@network.bytes_read","aggregation":"new_value","groupByFields":["service"],"query":"does not really match much (updated)"}],"isDeleted":false,"cases":[{"status":"medium","notifications":["@user"],"name":"high case (updated)","condition":""}],"type":"log_detection","id":"h2x-xqd-y5p","createdAt":1656076609967,"name":"tf-TestAccDatadogSecurityMonitoringRule_NewValueRule-local-1656076607 - updated"}
    headers:
      Content-Type:
      - application/json
    status: 200 OK
    code: 200
    duration: ""
- request:
    body: ""
    form: {}
    headers:
      Accept:
      - '*/*'
    url: https://api.datadoghq.com/api/v2/security_monitoring/rules/h2x-xqd-y5p
    method: DELETE
  response:
    body: ""
    headers: {}
    status: 204 No Content
    code: 204
    duration: ""
- request:
    body: ""
    form: {}
    headers:
      Accept:
      - application/json
    url: https://api.datadoghq.com/api/v2/security_monitoring/rules/h2x-xqd-y5p
    method: GET
  response:
    body: |
      {"errors":["Threat detection rule not found: h2x-xqd-y5p"]}
    headers:
      Content-Type:
      - application/json
    status: 404 Not Found
    code: 404
    duration: ""
