---
version: 1
interactions:
- request:
    body: |
      {"description":"Created using the Datadog provider in Terraform","id":"","is_read_only":true,"layout_type":"ordered","notify_list":[],"template_variable_presets":[],"template_variables":[],"title":"tf-TestAccDatadogDashboardGeomap-local-1619506707","widgets":[{"definition":{"requests":[{"q":"avg:system.load.1{*}"}],"style":{"palette":"hostmap_blues","palette_flip":false},"type":"geomap","view":{"focus":"WORLD"}}},{"definition":{"custom_links":[{"label":"Test Custom Link label","link":"https://app.datadoghq.com/dashboard/lists"}],"requests":[{"log_query":{"compute":{"aggregation":"count"},"index":"*","search":{"query":""}}}],"style":{"palette":"hostmap_blues","palette_flip":false},"time":{"live_span":"1h"},"type":"geomap","view":{"focus":"WORLD"}}},{"definition":{"requests":[{"rum_query":{"compute":{"aggregation":"count"},"index":"*","search":{"query":""}}}],"style":{"palette":"hostmap_blues","palette_flip":false},"time":{"live_span":"4h"},"type":"geomap","view":{"focus":"WORLD"}}}]}
    form: {}
    headers:
      Accept:
      - application/json
      Content-Type:
      - application/json
      Dd-Operation-Id:
      - CreateDashboard
      User-Agent:
      - terraform-provider-datadog/dev (terraform 1.16.0; terraform-cli 0.12.7-sdk) datadog-api-client-go/1.0.0-beta.19 (go go1.15.7; os darwin; arch amd64)
    url: https://api.datadoghq.com/api/v1/dashboard
    method: POST
  response:
    body: '{"notify_list":[],"description":"Created using the Datadog provider in Terraform","author_name":null,"template_variable_presets":[],"template_variables":[],"is_read_only":true,"id":"3s6-igk-ih5","title":"tf-TestAccDatadogDashboardGeomap-local-1619506707","url":"/dashboard/3s6-igk-ih5/tf-testaccdatadogdashboardgeomap-local-1619506707","created_at":"2021-04-27T06:58:29.156444+00:00","modified_at":"2021-04-27T06:58:29.156444+00:00","author_handle":"frog@datadoghq.com","widgets":[{"definition":{"requests":[{"q":"avg:system.load.1{*}"}],"type":"geomap","style":{"palette":"hostmap_blues","palette_flip":false},"view":{"focus":"WORLD"}},"id":2235960280314117},{"definition":{"style":{"palette":"hostmap_blues","palette_flip":false},"custom_links":[{"link":"https://app.datadoghq.com/dashboard/lists","label":"Test Custom Link label"}],"time":{"live_span":"1h"},"requests":[{"log_query":{"index":"*","search":{"query":""},"compute":{"aggregation":"count"}}}],"type":"geomap","view":{"focus":"WORLD"}},"id":481676151794705},{"definition":{"requests":[{"rum_query":{"index":"*","search":{"query":""},"compute":{"aggregation":"count"}}}],"view":{"focus":"WORLD"},"type":"geomap","style":{"palette":"hostmap_blues","palette_flip":false},"time":{"live_span":"4h"}},"id":2786918167906999}],"layout_type":"ordered"}'
    headers:
      Cache-Control:
      - no-cache
      Connection:
      - keep-alive
      Content-Security-Policy:
      - frame-ancestors 'self'; report-uri https://api.datadoghq.com/csp-report
      Content-Type:
      - application/json
      Date:
      - Tue, 27 Apr 2021 06:58:32 GMT
      Pragma:
      - no-cache
      Strict-Transport-Security:
      - max-age=15724800;
      Vary:
      - Accept-Encoding
      X-Content-Type-Options:
      - nosniff
      X-Dd-Debug:
      - gYZcaADwbKcv7Hm19HJx6WsLoKuOijDWAt2viPeCfWqUgyKY+9e1xZdmMJeXV3YV
      X-Dd-Version:
      - "35.4397207"
      X-Frame-Options:
      - SAMEORIGIN
    status: 200 OK
    code: 200
    duration: ""
- request:
    body: ""
    form: {}
    headers:
      Accept:
      - application/json
      Dd-Operation-Id:
      - GetDashboard
      User-Agent:
      - terraform-provider-datadog/dev (terraform 1.16.0; terraform-cli 0.12.7-sdk) datadog-api-client-go/1.0.0-beta.19 (go go1.15.7; os darwin; arch amd64)
    url: https://api.datadoghq.com/api/v1/dashboard/3s6-igk-ih5
    method: GET
  response:
    body: '{"notify_list":[],"description":"Created using the Datadog provider in Terraform","author_name":null,"template_variable_presets":[],"template_variables":[],"is_read_only":true,"id":"3s6-igk-ih5","title":"tf-TestAccDatadogDashboardGeomap-local-1619506707","url":"/dashboard/3s6-igk-ih5/tf-testaccdatadogdashboardgeomap-local-1619506707","created_at":"2021-04-27T06:58:29.156444+00:00","modified_at":"2021-04-27T06:58:29.156444+00:00","author_handle":"frog@datadoghq.com","widgets":[{"definition":{"requests":[{"q":"avg:system.load.1{*}"}],"type":"geomap","style":{"palette":"hostmap_blues","palette_flip":false},"view":{"focus":"WORLD"}},"id":2235960280314117},{"definition":{"style":{"palette":"hostmap_blues","palette_flip":false},"custom_links":[{"link":"https://app.datadoghq.com/dashboard/lists","label":"Test Custom Link label"}],"time":{"live_span":"1h"},"requests":[{"log_query":{"index":"*","search":{"query":""},"compute":{"aggregation":"count"}}}],"type":"geomap","view":{"focus":"WORLD"}},"id":481676151794705},{"definition":{"requests":[{"rum_query":{"index":"*","search":{"query":""},"compute":{"aggregation":"count"}}}],"view":{"focus":"WORLD"},"type":"geomap","style":{"palette":"hostmap_blues","palette_flip":false},"time":{"live_span":"4h"}},"id":2786918167906999}],"layout_type":"ordered"}'
    headers:
      Cache-Control:
      - no-cache
      Connection:
      - keep-alive
      Content-Security-Policy:
      - frame-ancestors 'self'; report-uri https://api.datadoghq.com/csp-report
      Content-Type:
      - application/json
      Date:
      - Tue, 27 Apr 2021 06:58:32 GMT
      Pragma:
      - no-cache
      Strict-Transport-Security:
      - max-age=15724800;
      Vary:
      - Accept-Encoding
      X-Content-Type-Options:
      - nosniff
      X-Dd-Debug:
      - twvpGlmuom5y6A0pjGtXzTf554cmwJgTcCZ71fK4H/RDi+v5ehBK0zQiRcTJQG5C
      X-Dd-Version:
      - "35.4397207"
      X-Frame-Options:
      - SAMEORIGIN
    status: 200 OK
    code: 200
    duration: ""
- request:
    body: ""
    form: {}
    headers:
      Accept:
      - application/json
      Dd-Operation-Id:
      - GetDashboard
      User-Agent:
      - terraform-provider-datadog/dev (terraform 1.16.0; terraform-cli 0.12.7-sdk) datadog-api-client-go/1.0.0-beta.19 (go go1.15.7; os darwin; arch amd64)
    url: https://api.datadoghq.com/api/v1/dashboard/3s6-igk-ih5
    method: GET
  response:
    body: '{"notify_list":[],"description":"Created using the Datadog provider in Terraform","author_name":null,"template_variable_presets":[],"template_variables":[],"is_read_only":true,"id":"3s6-igk-ih5","title":"tf-TestAccDatadogDashboardGeomap-local-1619506707","url":"/dashboard/3s6-igk-ih5/tf-testaccdatadogdashboardgeomap-local-1619506707","created_at":"2021-04-27T06:58:29.156444+00:00","modified_at":"2021-04-27T06:58:29.156444+00:00","author_handle":"frog@datadoghq.com","widgets":[{"definition":{"requests":[{"q":"avg:system.load.1{*}"}],"type":"geomap","style":{"palette":"hostmap_blues","palette_flip":false},"view":{"focus":"WORLD"}},"id":2235960280314117},{"definition":{"style":{"palette":"hostmap_blues","palette_flip":false},"custom_links":[{"link":"https://app.datadoghq.com/dashboard/lists","label":"Test Custom Link label"}],"time":{"live_span":"1h"},"requests":[{"log_query":{"index":"*","search":{"query":""},"compute":{"aggregation":"count"}}}],"type":"geomap","view":{"focus":"WORLD"}},"id":481676151794705},{"definition":{"requests":[{"rum_query":{"index":"*","search":{"query":""},"compute":{"aggregation":"count"}}}],"view":{"focus":"WORLD"},"type":"geomap","style":{"palette":"hostmap_blues","palette_flip":false},"time":{"live_span":"4h"}},"id":2786918167906999}],"layout_type":"ordered"}'
    headers:
      Cache-Control:
      - no-cache
      Connection:
      - keep-alive
      Content-Security-Policy:
      - frame-ancestors 'self'; report-uri https://api.datadoghq.com/csp-report
      Content-Type:
      - application/json
      Date:
      - Tue, 27 Apr 2021 06:58:32 GMT
      Pragma:
      - no-cache
      Strict-Transport-Security:
      - max-age=15724800;
      Vary:
      - Accept-Encoding
      X-Content-Type-Options:
      - nosniff
      X-Dd-Debug:
      - F5gm0Rce1/Abr9/0Fw8HAqWfiz0FdiH8er/AXnN6lOn3L6KyGgbsLCwgPlob1No8
      X-Dd-Version:
      - "35.4397207"
      X-Frame-Options:
      - SAMEORIGIN
    status: 200 OK
    code: 200
    duration: ""
- request:
    body: ""
    form: {}
    headers:
      Accept:
      - application/json
      Dd-Operation-Id:
      - GetDashboard
      User-Agent:
      - terraform-provider-datadog/dev (terraform 1.16.0; terraform-cli 0.12.7-sdk) datadog-api-client-go/1.0.0-beta.19 (go go1.15.7; os darwin; arch amd64)
    url: https://api.datadoghq.com/api/v1/dashboard/3s6-igk-ih5
    method: GET
  response:
    body: '{"notify_list":[],"description":"Created using the Datadog provider in Terraform","author_name":null,"template_variable_presets":[],"template_variables":[],"is_read_only":true,"id":"3s6-igk-ih5","title":"tf-TestAccDatadogDashboardGeomap-local-1619506707","url":"/dashboard/3s6-igk-ih5/tf-testaccdatadogdashboardgeomap-local-1619506707","created_at":"2021-04-27T06:58:29.156444+00:00","modified_at":"2021-04-27T06:58:29.156444+00:00","author_handle":"frog@datadoghq.com","widgets":[{"definition":{"requests":[{"q":"avg:system.load.1{*}"}],"type":"geomap","style":{"palette":"hostmap_blues","palette_flip":false},"view":{"focus":"WORLD"}},"id":2235960280314117},{"definition":{"style":{"palette":"hostmap_blues","palette_flip":false},"custom_links":[{"link":"https://app.datadoghq.com/dashboard/lists","label":"Test Custom Link label"}],"time":{"live_span":"1h"},"requests":[{"log_query":{"index":"*","search":{"query":""},"compute":{"aggregation":"count"}}}],"type":"geomap","view":{"focus":"WORLD"}},"id":481676151794705},{"definition":{"requests":[{"rum_query":{"index":"*","search":{"query":""},"compute":{"aggregation":"count"}}}],"view":{"focus":"WORLD"},"type":"geomap","style":{"palette":"hostmap_blues","palette_flip":false},"time":{"live_span":"4h"}},"id":2786918167906999}],"layout_type":"ordered"}'
    headers:
      Cache-Control:
      - no-cache
      Connection:
      - keep-alive
      Content-Security-Policy:
      - frame-ancestors 'self'; report-uri https://api.datadoghq.com/csp-report
      Content-Type:
      - application/json
      Date:
      - Tue, 27 Apr 2021 06:58:33 GMT
      Pragma:
      - no-cache
      Strict-Transport-Security:
      - max-age=15724800;
      Vary:
      - Accept-Encoding
      X-Content-Type-Options:
      - nosniff
      X-Dd-Debug:
      - tpRCH6w417YjBovRJ8VmtuXmNONVYiRp2c8d2AxjPdGBn8PCtgG4vAztrx3qUZAN
      X-Dd-Version:
      - "35.4397207"
      X-Frame-Options:
      - SAMEORIGIN
    status: 200 OK
    code: 200
    duration: ""
- request:
    body: ""
    form: {}
    headers:
      Accept:
      - application/json
      Dd-Operation-Id:
      - GetDashboard
      User-Agent:
      - terraform-provider-datadog/dev (terraform 1.16.0; terraform-cli 0.12.7-sdk) datadog-api-client-go/1.0.0-beta.19 (go go1.15.7; os darwin; arch amd64)
    url: https://api.datadoghq.com/api/v1/dashboard/3s6-igk-ih5
    method: GET
  response:
    body: '{"notify_list":[],"description":"Created using the Datadog provider in Terraform","author_name":null,"template_variable_presets":[],"template_variables":[],"is_read_only":true,"id":"3s6-igk-ih5","title":"tf-TestAccDatadogDashboardGeomap-local-1619506707","url":"/dashboard/3s6-igk-ih5/tf-testaccdatadogdashboardgeomap-local-1619506707","created_at":"2021-04-27T06:58:29.156444+00:00","modified_at":"2021-04-27T06:58:29.156444+00:00","author_handle":"frog@datadoghq.com","widgets":[{"definition":{"requests":[{"q":"avg:system.load.1{*}"}],"type":"geomap","style":{"palette":"hostmap_blues","palette_flip":false},"view":{"focus":"WORLD"}},"id":2235960280314117},{"definition":{"style":{"palette":"hostmap_blues","palette_flip":false},"custom_links":[{"link":"https://app.datadoghq.com/dashboard/lists","label":"Test Custom Link label"}],"time":{"live_span":"1h"},"requests":[{"log_query":{"index":"*","search":{"query":""},"compute":{"aggregation":"count"}}}],"type":"geomap","view":{"focus":"WORLD"}},"id":481676151794705},{"definition":{"requests":[{"rum_query":{"index":"*","search":{"query":""},"compute":{"aggregation":"count"}}}],"view":{"focus":"WORLD"},"type":"geomap","style":{"palette":"hostmap_blues","palette_flip":false},"time":{"live_span":"4h"}},"id":2786918167906999}],"layout_type":"ordered"}'
    headers:
      Cache-Control:
      - no-cache
      Connection:
      - keep-alive
      Content-Security-Policy:
      - frame-ancestors 'self'; report-uri https://api.datadoghq.com/csp-report
      Content-Type:
      - application/json
      Date:
      - Tue, 27 Apr 2021 06:58:33 GMT
      Pragma:
      - no-cache
      Strict-Transport-Security:
      - max-age=15724800;
      Vary:
      - Accept-Encoding
      X-Content-Type-Options:
      - nosniff
      X-Dd-Debug:
      - mNzaoDhdDKO7t4QSrAe5X7pHd0bJND187D+vRbwoluXouE2m1UaQQX0RGCvRpLVE
      X-Dd-Version:
      - "35.4397207"
      X-Frame-Options:
      - SAMEORIGIN
    status: 200 OK
    code: 200
    duration: ""
- request:
    body: ""
    form: {}
    headers:
      Accept:
      - application/json
      Dd-Operation-Id:
      - DeleteDashboard
      User-Agent:
      - terraform-provider-datadog/dev (terraform 1.16.0; terraform-cli 0.12.7-sdk) datadog-api-client-go/1.0.0-beta.19 (go go1.15.7; os darwin; arch amd64)
    url: https://api.datadoghq.com/api/v1/dashboard/3s6-igk-ih5
    method: DELETE
  response:
    body: '{"deleted_dashboard_id":"3s6-igk-ih5"}'
    headers:
      Cache-Control:
      - no-cache
      Connection:
      - keep-alive
      Content-Security-Policy:
      - frame-ancestors 'self'; report-uri https://api.datadoghq.com/csp-report
      Content-Type:
      - application/json
      Date:
      - Tue, 27 Apr 2021 06:58:34 GMT
      Pragma:
      - no-cache
      Strict-Transport-Security:
      - max-age=15724800;
      Vary:
      - Accept-Encoding
      X-Content-Type-Options:
      - nosniff
      X-Dd-Debug:
      - Um4CoU685QqAscnxhS5BD+goWu2yX1Jd4zCfGzSsEvPPIm1qURZaF8dlLl/OEY4I
      X-Dd-Version:
      - "35.4397207"
      X-Frame-Options:
      - SAMEORIGIN
    status: 200 OK
    code: 200
    duration: ""
- request:
    body: ""
    form: {}
    headers:
      Accept:
      - application/json
      Dd-Operation-Id:
      - GetDashboard
      User-Agent:
      - terraform-provider-datadog/dev (terraform 1.16.0; terraform-cli 0.12.7-sdk) datadog-api-client-go/1.0.0-beta.19 (go go1.15.7; os darwin; arch amd64)
    url: https://api.datadoghq.com/api/v1/dashboard/3s6-igk-ih5
    method: GET
  response:
    body: '{"errors": ["Dashboard with ID 3s6-igk-ih5 not found"]}'
    headers:
      Cache-Control:
      - no-cache
      Connection:
      - keep-alive
      Content-Security-Policy:
      - frame-ancestors 'self'; report-uri https://api.datadoghq.com/csp-report
      Content-Type:
      - application/json
      Date:
      - Tue, 27 Apr 2021 06:58:34 GMT
      Pragma:
      - no-cache
      Strict-Transport-Security:
      - max-age=15724800;
      Vary:
      - Accept-Encoding
      X-Content-Type-Options:
      - nosniff
      X-Dd-Version:
      - "35.4397207"
      X-Frame-Options:
      - SAMEORIGIN
    status: 404 Not Found
    code: 404
    duration: ""
