---
version: 1
interactions:
- request:
    body: |
      {"data":{"attributes":{"display_timezone":"America/New_York","message":"Message about the downtime","monitor_identifier":{"monitor_tags":["cat:hat"]},"mute_first_recovery_notification":true,"notify_end_states":["alert","warn"],"notify_end_types":["expired"],"schedule":{"recurrences":[{"duration":"1d","rrule":"FREQ=DAILY;INTERVAL=1","start":"2042-07-13T01:02:03"},{"duration":"1w","rrule":"FREQ=DAILY;INTERVAL=12","start":"2042-07-15T01:02:03"},{"duration":"1m","rrule":"FREQ=DAILY;INTERVAL=123","start":"2042-07-17T01:02:03"}],"timezone":"America/New_York"},"scope":"env:(staging OR tf-TestAccDowntimeScheduleBasicRecurring-local-1689975746)"},"type":"downtime"}}
    form: {}
    headers:
      Accept:
      - application/json
      Content-Type:
      - application/json
    url: https://api.datadoghq.com/api/v2/downtime
    method: POST
  response:
    body: |
      {"data":{"type":"downtime","attributes":{"notify_end_states":["alert","warn"],"message":"Message about the downtime","schedule":{"timezone":"America/New_York","recurrences":[{"rrule":"FREQ=DAILY;INTERVAL=1","duration":"1d","start":"2042-07-13T01:02:03"},{"rrule":"FREQ=DAILY;INTERVAL=12","duration":"1w","start":"2042-07-15T01:02:03"},{"rrule":"FREQ=DAILY;INTERVAL=123","duration":"1m","start":"2042-07-17T01:02:03"}],"current_downtime":{"start":"2042-07-13T06:02:03+00:00","end":"2042-07-14T06:02:03+00:00"}},"display_timezone":"America/New_York","notify_end_types":["expired"],"canceled":null,"scope":"env:(staging OR tf-TestAccDowntimeScheduleBasicRecurring-local-1689975746)","created":"2023-07-21T21:42:28.256271+00:00","monitor_identifier":{"monitor_tags":["cat:hat"]},"modified":"2023-07-21T21:42:28.256271+00:00","status":"scheduled","mute_first_recovery_notification":true},"relationships":{"created_by":{"data":{"type":"users","id":"0e08ee7b-eba0-11e9-a77a-5b128f8b6c92"}},"monitor":{"data":null}},"id":"7d0b1ec8-280f-11ee-a42e-da7ad0900002"},"included":[{"type":"users","id":"0e08ee7b-eba0-11e9-a77a-5b128f8b6c92","attributes":{"name":"Carl Martensen","handle":"carl.martensen@datadoghq.com","created_at":"2019-01-15T14:36:15.423919+00:00","modified_at":"2019-01-15T14:36:15.457748+00:00","email":"carl.martensen@datadoghq.com","icon":"https://secure.gravatar.com/avatar/ed460c2fc567a43e34c2bd7cda76bdd1?s=48&d=retro","title":null,"verified":true,"service_account":false,"disabled":false,"allowed_login_methods":[],"status":"Active"}}]}
    headers:
      Content-Type:
      - application/json
    status: 200 OK
    code: 200
    duration: ""
- request:
    body: ""
    form: {}
    headers:
      Accept:
      - application/json
    url: https://api.datadoghq.com/api/v2/downtime/7d0b1ec8-280f-11ee-a42e-da7ad0900002
    method: GET
  response:
    body: |
      {"data":{"type":"downtime","attributes":{"scope":"env:(staging OR tf-TestAccDowntimeScheduleBasicRecurring-local-1689975746)","monitor_identifier":{"monitor_tags":["cat:hat"]},"status":"scheduled","schedule":{"recurrences":[{"duration":"1d","start":"2042-07-13T01:02:03","rrule":"FREQ=DAILY;INTERVAL=1"},{"duration":"1w","start":"2042-07-15T01:02:03","rrule":"FREQ=DAILY;INTERVAL=12"},{"duration":"1m","start":"2042-07-17T01:02:03","rrule":"FREQ=DAILY;INTERVAL=123"}],"current_downtime":{"end":"2042-07-14T06:02:03+00:00","start":"2042-07-13T06:02:03+00:00"},"timezone":"America/New_York"},"mute_first_recovery_notification":true,"notify_end_states":["warn","alert"],"message":"Message about the downtime","created":"2023-07-21T21:42:28.256271+00:00","display_timezone":"America/New_York","canceled":null,"notify_end_types":["expired"],"modified":"2023-07-21T21:42:28.256271+00:00"},"id":"7d0b1ec8-280f-11ee-a42e-da7ad0900002"}}
    headers:
      Content-Type:
      - application/json
    status: 200 OK
    code: 200
    duration: ""
- request:
    body: ""
    form: {}
    headers:
      Accept:
      - application/json
    url: https://api.datadoghq.com/api/v2/downtime/7d0b1ec8-280f-11ee-a42e-da7ad0900002
    method: GET
  response:
    body: |
      {"data":{"type":"downtime","attributes":{"notify_end_types":["expired"],"modified":"2023-07-21T21:42:28.256271+00:00","mute_first_recovery_notification":true,"canceled":null,"schedule":{"timezone":"America/New_York","current_downtime":{"end":"2042-07-14T06:02:03+00:00","start":"2042-07-13T06:02:03+00:00"},"recurrences":[{"rrule":"FREQ=DAILY;INTERVAL=1","duration":"1d","start":"2042-07-13T01:02:03"},{"rrule":"FREQ=DAILY;INTERVAL=12","duration":"1w","start":"2042-07-15T01:02:03"},{"rrule":"FREQ=DAILY;INTERVAL=123","duration":"1m","start":"2042-07-17T01:02:03"}]},"notify_end_states":["warn","alert"],"created":"2023-07-21T21:42:28.256271+00:00","display_timezone":"America/New_York","status":"scheduled","monitor_identifier":{"monitor_tags":["cat:hat"]},"scope":"env:(staging OR tf-TestAccDowntimeScheduleBasicRecurring-local-1689975746)","message":"Message about the downtime"},"id":"7d0b1ec8-280f-11ee-a42e-da7ad0900002"}}
    headers:
      Content-Type:
      - application/json
    status: 200 OK
    code: 200
    duration: ""
- request:
    body: |
      {"data":{"attributes":{"display_timezone":"UTC","message":"Updated message","monitor_identifier":{"monitor_tags":["cat:hat"]},"mute_first_recovery_notification":true,"notify_end_states":["alert","warn"],"notify_end_types":["expired"],"schedule":{"recurrences":[{"duration":"1d","rrule":"FREQ=DAILY;INTERVAL=1","start":"2042-07-13T01:02:03"},{"duration":"1m","rrule":"FREQ=WEEKLY;INTERVAL=123","start":"3022-07-15T01:02:03"}],"timezone":"UTC"},"scope":"env:(staging OR tf-TestAccDowntimeScheduleBasicRecurring-local-1689975746)"},"id":"","type":"downtime"}}
    form: {}
    headers:
      Accept:
      - application/json
      Content-Type:
      - application/json
    url: https://api.datadoghq.com/api/v2/downtime/7d0b1ec8-280f-11ee-a42e-da7ad0900002
    method: PATCH
  response:
    body: |
      {"data":{"type":"downtime","attributes":{"display_timezone":"UTC","notify_end_states":["warn","alert"],"modified":"2023-07-21T21:42:30.177948+00:00","monitor_identifier":{"monitor_tags":["cat:hat"]},"notify_end_types":["expired"],"created":"2023-07-21T21:42:28.256271+00:00","canceled":null,"scope":"env:(staging OR tf-TestAccDowntimeScheduleBasicRecurring-local-1689975746)","schedule":{"current_downtime":{"start":"2042-07-13T01:02:03+00:00","end":"2042-07-14T01:02:03+00:00"},"timezone":"UTC","recurrences":[{"duration":"1d","rrule":"FREQ=DAILY;INTERVAL=1","start":"2042-07-13T01:02:03"},{"duration":"1m","rrule":"FREQ=WEEKLY;INTERVAL=123","start":"3022-07-15T01:02:03"}]},"status":"scheduled","message":"Updated message","mute_first_recovery_notification":true},"relationships":{"created_by":{"data":{"type":"users","id":"0e08ee7b-eba0-11e9-a77a-5b128f8b6c92"}},"monitor":{"data":null}},"id":"7d0b1ec8-280f-11ee-a42e-da7ad0900002"},"included":[{"type":"users","id":"0e08ee7b-eba0-11e9-a77a-5b128f8b6c92","attributes":{"name":"Carl Martensen","handle":"carl.martensen@datadoghq.com","created_at":"2019-01-15T14:36:15.423919+00:00","modified_at":"2019-01-15T14:36:15.457748+00:00","email":"carl.martensen@datadoghq.com","icon":"https://secure.gravatar.com/avatar/ed460c2fc567a43e34c2bd7cda76bdd1?s=48&d=retro","title":null,"verified":true,"service_account":false,"disabled":false,"allowed_login_methods":[],"status":"Active"}}]}
    headers:
      Content-Type:
      - application/json
    status: 200 OK
    code: 200
    duration: ""
- request:
    body: ""
    form: {}
    headers:
      Accept:
      - application/json
    url: https://api.datadoghq.com/api/v2/downtime/7d0b1ec8-280f-11ee-a42e-da7ad0900002
    method: GET
  response:
    body: |
      {"data":{"type":"downtime","attributes":{"monitor_identifier":{"monitor_tags":["cat:hat"]},"notify_end_types":["expired"],"modified":"2023-07-21T21:42:30.177948+00:00","status":"scheduled","scope":"env:(staging OR tf-TestAccDowntimeScheduleBasicRecurring-local-1689975746)","canceled":null,"display_timezone":"UTC","mute_first_recovery_notification":true,"message":"Updated message","schedule":{"current_downtime":{"start":"2042-07-13T01:02:03+00:00","end":"2042-07-14T01:02:03+00:00"},"timezone":"UTC","recurrences":[{"start":"2042-07-13T01:02:03","rrule":"FREQ=DAILY;INTERVAL=1","duration":"1d"},{"start":"3022-07-15T01:02:03","rrule":"FREQ=WEEKLY;INTERVAL=123","duration":"1m"}]},"notify_end_states":["alert","warn"],"created":"2023-07-21T21:42:28.256271+00:00"},"id":"7d0b1ec8-280f-11ee-a42e-da7ad0900002"}}
    headers:
      Content-Type:
      - application/json
    status: 200 OK
    code: 200
    duration: ""
- request:
    body: ""
    form: {}
    headers:
      Accept:
      - '*/*'
    url: https://api.datadoghq.com/api/v2/downtime/7d0b1ec8-280f-11ee-a42e-da7ad0900002
    method: DELETE
  response:
    body: ""
    headers:
      Content-Type:
      - text/html; charset=utf-8
    status: 204 No Content
    code: 204
    duration: ""
