---
version: 1
interactions:
- request:
    body: |
      {"data":{"attributes":{"description":"Created using the Datadog provider in Terraform","group_widget":{"definition":{"layout_type":"ordered","title":"tf-TestAccDatadogPowerpackAlertValue-local-1699909072","type":"group","widgets":[{"definition":{"alert_id":"895605","type":"alert_value"}},{"definition":{"alert_id":"895606","precision":1,"text_align":"center","title":"Widget Title","title_align":"center","title_size":"16","type":"alert_value","unit":"b"}}]},"layout":{"height":1,"width":12,"x":0,"y":0}},"name":"tf-TestAccDatadogPowerpackAlertValue-local-1699909072","tags":["tag:foo1"],"template_variables":[{"defaults":["defaults"],"name":"datacenter"}]},"type":"powerpack"}}
    form: {}
    headers:
      Accept:
      - application/json
      Content-Type:
      - application/json
    url: https://api.datadoghq.com/api/v2/powerpacks
    method: POST
  response:
    body: |
      {"data":{"type":"powerpack","id":"5091c380-8267-11ee-8bb6-da7ad0900002","attributes":{"name":"tf-TestAccDatadogPowerpackAlertValue-local-1699909072","description":"Created using the Datadog provider in Terraform","group_widget":{"definition":{"layout_type":"ordered","title":"tf-TestAccDatadogPowerpackAlertValue-local-1699909072","type":"group","widgets":[{"definition":{"alert_id":"895605","type":"alert_value"},"id":5652227386231524},{"definition":{"alert_id":"895606","precision":1,"text_align":"center","title":"Widget Title","title_align":"center","title_size":"16","type":"alert_value","unit":"b"},"id":2154902470780518}]},"layout":{"height":1,"width":12,"x":0,"y":0}},"template_variables":[{"defaults":["defaults"],"name":"datacenter"}],"tags":["tag:foo1"]},"relationships":{"author":{"data":{"type":"users","id":"3ad549bf-eba0-11e9-a77a-0705486660d0"}}}},"included":[{"type":"users","id":"3ad549bf-eba0-11e9-a77a-0705486660d0","attributes":{"name":null,"email":"frog@datadoghq.com"}}]}
    headers:
      Content-Type:
      - application/json
    status: 200 OK
    code: 200
    duration: ""
- request:
    body: ""
    form: {}
    headers:
      Accept:
      - application/json
    url: https://api.datadoghq.com/api/v2/powerpacks/5091c380-8267-11ee-8bb6-da7ad0900002
    method: GET
  response:
    body: |
      {"data":{"type":"powerpack","id":"5091c380-8267-11ee-8bb6-da7ad0900002","attributes":{"name":"tf-TestAccDatadogPowerpackAlertValue-local-1699909072","description":"Created using the Datadog provider in Terraform","group_widget":{"definition":{"layout_type":"ordered","title":"tf-TestAccDatadogPowerpackAlertValue-local-1699909072","type":"group","widgets":[{"definition":{"alert_id":"895605","type":"alert_value"},"id":5652227386231524},{"definition":{"alert_id":"895606","precision":1,"text_align":"center","title":"Widget Title","title_align":"center","title_size":"16","type":"alert_value","unit":"b"},"id":2154902470780518}]},"layout":{"height":1,"width":12,"x":0,"y":0}},"template_variables":[{"defaults":["defaults"],"name":"datacenter"}],"tags":["tag:foo1"]},"relationships":{"author":{"data":{"type":"users","id":"3ad549bf-eba0-11e9-a77a-0705486660d0"}}}},"included":[{"type":"users","id":"3ad549bf-eba0-11e9-a77a-0705486660d0","attributes":{"name":null,"email":"frog@datadoghq.com"}}]}
    headers:
      Content-Type:
      - application/json
    status: 200 OK
    code: 200
    duration: ""
- request:
    body: ""
    form: {}
    headers:
      Accept:
      - application/json
    url: https://api.datadoghq.com/api/v2/powerpacks/5091c380-8267-11ee-8bb6-da7ad0900002
    method: GET
  response:
    body: |
      {"data":{"type":"powerpack","id":"5091c380-8267-11ee-8bb6-da7ad0900002","attributes":{"name":"tf-TestAccDatadogPowerpackAlertValue-local-1699909072","description":"Created using the Datadog provider in Terraform","group_widget":{"definition":{"layout_type":"ordered","title":"tf-TestAccDatadogPowerpackAlertValue-local-1699909072","type":"group","widgets":[{"definition":{"alert_id":"895605","type":"alert_value"},"id":5652227386231524},{"definition":{"alert_id":"895606","precision":1,"text_align":"center","title":"Widget Title","title_align":"center","title_size":"16","type":"alert_value","unit":"b"},"id":2154902470780518}]},"layout":{"height":1,"width":12,"x":0,"y":0}},"template_variables":[{"defaults":["defaults"],"name":"datacenter"}],"tags":["tag:foo1"]},"relationships":{"author":{"data":{"type":"users","id":"3ad549bf-eba0-11e9-a77a-0705486660d0"}}}},"included":[{"type":"users","id":"3ad549bf-eba0-11e9-a77a-0705486660d0","attributes":{"name":null,"email":"frog@datadoghq.com"}}]}
    headers:
      Content-Type:
      - application/json
    status: 200 OK
    code: 200
    duration: ""
- request:
    body: ""
    form: {}
    headers:
      Accept:
      - '*/*'
    url: https://api.datadoghq.com/api/v2/powerpacks/5091c380-8267-11ee-8bb6-da7ad0900002
    method: DELETE
  response:
    body: ""
    headers:
      Content-Type:
      - text/html; charset=utf-8
    status: 204 No Content
    code: 204
    duration: ""
