---
version: 1
interactions:
- request:
    body: |
      {"message":"some message Notify: @hipchat-channel","name":"tf-TestAccDatadogMonitor_Log-local-1609425877","options":{"enable_logs_sample":true,"escalation_message":"the situation has escalated @pagerduty","evaluation_delay":700,"include_tags":true,"new_host_delay":600,"no_data_timeframe":10,"notify_no_data":false,"renotify_interval":60,"require_full_window":true,"thresholds":{"critical":2,"warning":1},"timeout_h":60},"priority":0,"query":"logs(\"service:foo AND type:error\").index(\"main\").rollup(\"count\").last(\"5m\") \u003e 2","tags":["baz","foo:bar"],"type":"log alert"}
    form: {}
    headers:
      Accept:
      - application/json
      Content-Type:
      - application/json
      Dd-Operation-Id:
      - ValidateMonitor
      User-Agent:
      - terraform-provider-datadog/dev (terraform 1.15.0; terraform-cli 0.12.7-sdk)
        datadog-api-client-go/1.0.0-beta.13+dev (go go1.15.4; os darwin; arch amd64)
      X-Datadog-Parent-Id:
      - "8730478490419191683"
      X-Datadog-Sampling-Priority:
      - "1"
      X-Datadog-Trace-Id:
      - "2730535585756470059"
    url: https://api.datadoghq.com/api/v1/monitor/validate
    method: POST
  response:
    body: '{}'
    headers:
      Cache-Control:
      - no-cache
      Connection:
      - keep-alive
      Content-Length:
      - "2"
      Content-Security-Policy:
      - frame-ancestors 'self'; report-uri https://api.datadoghq.com/csp-report
      Content-Type:
      - application/json
      Date:
      - Thu, 31 Dec 2020 14:54:12 GMT
      Pragma:
      - no-cache
      Set-Cookie:
      - DD-PSHARD=233; Max-Age=604800; Path=/; expires=Thu, 07-Jan-2021 14:54:12 GMT;
        secure; HttpOnly
      Strict-Transport-Security:
      - max-age=15724800;
      X-Content-Type-Options:
      - nosniff
      X-Dd-Debug:
      - czEVy5beKXV4pQAZ5xftzVoEe/6sl5mAUrgslod1oQM8E1r6UMNK9mDY9umj8H+Q
      X-Dd-Version:
      - "35.3622023"
      X-Frame-Options:
      - SAMEORIGIN
    status: 200 OK
    code: 200
    duration: ""
- request:
    body: |
      {"message":"some message Notify: @hipchat-channel","name":"tf-TestAccDatadogMonitor_Log-local-1609425877","options":{"enable_logs_sample":true,"escalation_message":"the situation has escalated @pagerduty","evaluation_delay":700,"include_tags":true,"new_host_delay":600,"no_data_timeframe":10,"notify_no_data":false,"renotify_interval":60,"require_full_window":true,"thresholds":{"critical":2,"warning":1},"timeout_h":60},"priority":0,"query":"logs(\"service:foo AND type:error\").index(\"main\").rollup(\"count\").last(\"5m\") \u003e 2","tags":["baz","foo:bar"],"type":"log alert"}
    form: {}
    headers:
      Accept:
      - application/json
      Content-Type:
      - application/json
      Dd-Operation-Id:
      - ValidateMonitor
      User-Agent:
      - terraform-provider-datadog/dev (terraform 1.15.0; terraform-cli 0.12.7-sdk)
        datadog-api-client-go/1.0.0-beta.13+dev (go go1.15.4; os darwin; arch amd64)
      X-Datadog-Parent-Id:
      - "6835185886003510355"
      X-Datadog-Sampling-Priority:
      - "1"
      X-Datadog-Trace-Id:
      - "2730535585756470059"
    url: https://api.datadoghq.com/api/v1/monitor/validate
    method: POST
  response:
    body: '{}'
    headers:
      Cache-Control:
      - no-cache
      Connection:
      - keep-alive
      Content-Length:
      - "2"
      Content-Security-Policy:
      - frame-ancestors 'self'; report-uri https://api.datadoghq.com/csp-report
      Content-Type:
      - application/json
      Date:
      - Thu, 31 Dec 2020 14:54:13 GMT
      Pragma:
      - no-cache
      Set-Cookie:
      - DD-PSHARD=233; Max-Age=604800; Path=/; expires=Thu, 07-Jan-2021 14:54:12 GMT;
        secure; HttpOnly
      Strict-Transport-Security:
      - max-age=15724800;
      X-Content-Type-Options:
      - nosniff
      X-Dd-Debug:
      - hw3ZauSSamfHLo55DFwif1/mO6RiYSc0/libBchlIMnyWX9rK7JgS3Pek5rkz683
      X-Dd-Version:
      - "35.3622023"
      X-Frame-Options:
      - SAMEORIGIN
    status: 200 OK
    code: 200
    duration: ""
- request:
    body: |
      {"message":"some message Notify: @hipchat-channel","name":"tf-TestAccDatadogMonitor_Log-local-1609425877","options":{"enable_logs_sample":true,"escalation_message":"the situation has escalated @pagerduty","evaluation_delay":700,"include_tags":true,"new_host_delay":600,"notify_no_data":false,"renotify_interval":60,"require_full_window":true,"thresholds":{"critical":2,"warning":1},"timeout_h":60},"priority":0,"query":"logs(\"service:foo AND type:error\").index(\"main\").rollup(\"count\").last(\"5m\") \u003e 2","tags":["baz","foo:bar"],"type":"log alert"}
    form: {}
    headers:
      Accept:
      - application/json
      Content-Type:
      - application/json
      Dd-Operation-Id:
      - CreateMonitor
      User-Agent:
      - terraform-provider-datadog/dev (terraform 1.15.0; terraform-cli 0.12.7-sdk)
        datadog-api-client-go/1.0.0-beta.13+dev (go go1.15.4; os darwin; arch amd64)
      X-Datadog-Parent-Id:
      - "1755905473204933155"
      X-Datadog-Sampling-Priority:
      - "1"
      X-Datadog-Trace-Id:
      - "2730535585756470059"
    url: https://api.datadoghq.com/api/v1/monitor
    method: POST
  response:
    body: '{"restricted_roles":null,"tags":["baz","foo:bar"],"deleted":null,"query":"logs(\"service:foo
      AND type:error\").index(\"main\").rollup(\"count\").last(\"5m\") > 2","message":"some
      message Notify: @hipchat-channel","id":28076670,"multi":false,"name":"tf-TestAccDatadogMonitor_Log-local-1609425877","created":"2020-12-31T14:54:13.224361+00:00","created_at":1609426453000,"creator":{"id":1445416,"handle":"frog@datadoghq.com","name":null,"email":"frog@datadoghq.com"},"org_id":321813,"modified":"2020-12-31T14:54:13.224361+00:00","overall_state_modified":null,"overall_state":"No
      Data","type":"log alert","options":{"include_tags":true,"notify_audit":false,"locked":false,"timeout_h":60,"silenced":{},"enable_logs_sample":true,"thresholds":{"critical":2.0,"warning":1.0},"new_host_delay":600,"require_full_window":true,"notify_no_data":false,"renotify_interval":60,"groupby_simple_monitor":false,"escalation_message":"the
      situation has escalated @pagerduty","evaluation_delay":700}}'
    headers:
      Cache-Control:
      - no-cache
      Connection:
      - keep-alive
      Content-Security-Policy:
      - frame-ancestors 'self'; report-uri https://api.datadoghq.com/csp-report
      Content-Type:
      - application/json
      Date:
      - Thu, 31 Dec 2020 14:54:13 GMT
      Pragma:
      - no-cache
      Set-Cookie:
      - DD-PSHARD=233; Max-Age=604800; Path=/; expires=Thu, 07-Jan-2021 14:54:13 GMT;
        secure; HttpOnly
      Strict-Transport-Security:
      - max-age=15724800;
      Vary:
      - Accept-Encoding
      X-Content-Type-Options:
      - nosniff
      X-Dd-Debug:
      - Lz3XQmS/aMrD2s8dTb68gJQbMlDQb/2odnJX/DHsjHnv1C9na1q4YNvmnKcr4AfX
      X-Dd-Version:
      - "35.3622023"
      X-Frame-Options:
      - SAMEORIGIN
      X-Ratelimit-Limit:
      - "500"
      X-Ratelimit-Period:
      - "10"
      X-Ratelimit-Remaining:
      - "496"
      X-Ratelimit-Reset:
      - "7"
    status: 200 OK
    code: 200
    duration: ""
- request:
    body: ""
    form: {}
    headers:
      Accept:
      - application/json
      Dd-Operation-Id:
      - GetMonitor
      User-Agent:
      - terraform-provider-datadog/dev (terraform 1.15.0; terraform-cli 0.12.7-sdk)
        datadog-api-client-go/1.0.0-beta.13+dev (go go1.15.4; os darwin; arch amd64)
      X-Datadog-Parent-Id:
      - "3332818870633762488"
      X-Datadog-Sampling-Priority:
      - "1"
      X-Datadog-Trace-Id:
      - "2730535585756470059"
    url: https://api.datadoghq.com/api/v1/monitor/28076670
    method: GET
  response:
    body: '{"restricted_roles":null,"tags":["baz","foo:bar"],"deleted":null,"query":"logs(\"service:foo
      AND type:error\").index(\"main\").rollup(\"count\").last(\"5m\") > 2","message":"some
      message Notify: @hipchat-channel","id":28076670,"multi":false,"name":"tf-TestAccDatadogMonitor_Log-local-1609425877","created":"2020-12-31T14:54:13.224361+00:00","created_at":1609426453000,"creator":{"id":1445416,"handle":"frog@datadoghq.com","name":null,"email":"frog@datadoghq.com"},"org_id":321813,"modified":"2020-12-31T14:54:13.224361+00:00","overall_state_modified":null,"overall_state":"No
      Data","type":"log alert","options":{"include_tags":true,"notify_audit":false,"locked":false,"timeout_h":60,"silenced":{},"enable_logs_sample":true,"thresholds":{"critical":2.0,"warning":1.0},"new_host_delay":600,"require_full_window":true,"notify_no_data":false,"renotify_interval":60,"groupby_simple_monitor":false,"escalation_message":"the
      situation has escalated @pagerduty","evaluation_delay":700}}'
    headers:
      Cache-Control:
      - no-cache
      Connection:
      - keep-alive
      Content-Security-Policy:
      - frame-ancestors 'self'; report-uri https://api.datadoghq.com/csp-report
      Content-Type:
      - application/json
      Date:
      - Thu, 31 Dec 2020 14:54:13 GMT
      Pragma:
      - no-cache
      Set-Cookie:
      - DD-PSHARD=233; Max-Age=604800; Path=/; expires=Thu, 07-Jan-2021 14:54:13 GMT;
        secure; HttpOnly
      Strict-Transport-Security:
      - max-age=15724800;
      Vary:
      - Accept-Encoding
      X-Content-Type-Options:
      - nosniff
      X-Dd-Debug:
      - ZG2d6PTZdN5GjOj1q5TL+mECh5HT9EM/Aj77tmQRsy/bdfhBJv7oKLtfntznaoTC
      X-Dd-Version:
      - "35.3622023"
      X-Frame-Options:
      - SAMEORIGIN
      X-Ratelimit-Limit:
      - "3000"
      X-Ratelimit-Period:
      - "10"
      X-Ratelimit-Remaining:
      - "2966"
      X-Ratelimit-Reset:
      - "7"
    status: 200 OK
    code: 200
    duration: ""
- request:
    body: ""
    form: {}
    headers:
      User-Agent:
      - terraform-provider-datadog/dev (terraform 1.15.0; terraform-cli 0.12.7-sdk)
        datadog-api-client-go/go-datadog-api (go go1.15.4; os darwin; arch amd64)
      X-Datadog-Parent-Id:
      - "2720366844492102500"
      X-Datadog-Sampling-Priority:
      - "1"
      X-Datadog-Trace-Id:
      - "2720366844492102500"
    url: https://api.datadoghq.com/api/v1/monitor/28076670
    method: GET
  response:
    body: '{"restricted_roles":null,"tags":["baz","foo:bar"],"deleted":null,"query":"logs(\"service:foo
      AND type:error\").index(\"main\").rollup(\"count\").last(\"5m\") > 2","message":"some
      message Notify: @hipchat-channel","id":28076670,"multi":false,"name":"tf-TestAccDatadogMonitor_Log-local-1609425877","created":"2020-12-31T14:54:13.224361+00:00","created_at":1609426453000,"creator":{"id":1445416,"handle":"frog@datadoghq.com","name":null,"email":"frog@datadoghq.com"},"org_id":321813,"modified":"2020-12-31T14:54:13.224361+00:00","overall_state_modified":null,"overall_state":"No
      Data","type":"log alert","options":{"include_tags":true,"notify_audit":false,"locked":false,"timeout_h":60,"silenced":{},"enable_logs_sample":true,"thresholds":{"critical":2.0,"warning":1.0},"new_host_delay":600,"require_full_window":true,"notify_no_data":false,"renotify_interval":60,"groupby_simple_monitor":false,"escalation_message":"the
      situation has escalated @pagerduty","evaluation_delay":700}}'
    headers:
      Cache-Control:
      - no-cache
      Connection:
      - keep-alive
      Content-Security-Policy:
      - frame-ancestors 'self'; report-uri https://api.datadoghq.com/csp-report
      Content-Type:
      - application/json
      Date:
      - Thu, 31 Dec 2020 14:54:13 GMT
      Pragma:
      - no-cache
      Set-Cookie:
      - DD-PSHARD=233; Max-Age=604800; Path=/; expires=Thu, 07-Jan-2021 14:54:13 GMT;
        secure; HttpOnly
      Strict-Transport-Security:
      - max-age=15724800;
      Vary:
      - Accept-Encoding
      X-Content-Type-Options:
      - nosniff
      X-Dd-Debug:
      - KZy0Z61AelGSMiW0wwPuJyNwjEfJ0APCpzGlt7XM1KaE6e4cHzuLEBcvgVZz4sZ0
      X-Dd-Version:
      - "35.3622023"
      X-Frame-Options:
      - SAMEORIGIN
      X-Ratelimit-Limit:
      - "3000"
      X-Ratelimit-Period:
      - "10"
      X-Ratelimit-Remaining:
      - "2965"
      X-Ratelimit-Reset:
      - "7"
    status: 200 OK
    code: 200
    duration: ""
- request:
    body: |
      {"message":"some message Notify: @hipchat-channel","name":"tf-TestAccDatadogMonitor_Log-local-1609425877","options":{"enable_logs_sample":true,"escalation_message":"the situation has escalated @pagerduty","evaluation_delay":700,"include_tags":true,"new_host_delay":600,"no_data_timeframe":10,"notify_no_data":false,"renotify_interval":60,"require_full_window":true,"thresholds":{"critical":2,"warning":1},"timeout_h":60},"priority":0,"query":"logs(\"service:foo AND type:error\").index(\"main\").rollup(\"count\").last(\"5m\") \u003e 2","tags":["baz","foo:bar"],"type":"log alert"}
    form: {}
    headers:
      Accept:
      - application/json
      Content-Type:
      - application/json
      Dd-Operation-Id:
      - ValidateMonitor
      User-Agent:
      - terraform-provider-datadog/dev (terraform 1.15.0; terraform-cli 0.12.7-sdk)
        datadog-api-client-go/1.0.0-beta.13+dev (go go1.15.4; os darwin; arch amd64)
      X-Datadog-Parent-Id:
      - "970017272198999009"
      X-Datadog-Sampling-Priority:
      - "1"
      X-Datadog-Trace-Id:
      - "2730535585756470059"
    url: https://api.datadoghq.com/api/v1/monitor/validate
    method: POST
  response:
    body: '{}'
    headers:
      Cache-Control:
      - no-cache
      Connection:
      - keep-alive
      Content-Length:
      - "2"
      Content-Security-Policy:
      - frame-ancestors 'self'; report-uri https://api.datadoghq.com/csp-report
      Content-Type:
      - application/json
      Date:
      - Thu, 31 Dec 2020 14:54:13 GMT
      Pragma:
      - no-cache
      Set-Cookie:
      - DD-PSHARD=233; Max-Age=604800; Path=/; expires=Thu, 07-Jan-2021 14:54:13 GMT;
        secure; HttpOnly
      Strict-Transport-Security:
      - max-age=15724800;
      X-Content-Type-Options:
      - nosniff
      X-Dd-Debug:
      - u6DvYk2HTsv9JK8VlfzAetNutf1Eel5LZX1SupoC065LdrYdAgOwtNj060V1NNiO
      X-Dd-Version:
      - "35.3622023"
      X-Frame-Options:
      - SAMEORIGIN
    status: 200 OK
    code: 200
    duration: ""
- request:
    body: ""
    form: {}
    headers:
      Accept:
      - application/json
      Dd-Operation-Id:
      - GetMonitor
      User-Agent:
      - terraform-provider-datadog/dev (terraform 1.15.0; terraform-cli 0.12.7-sdk)
        datadog-api-client-go/1.0.0-beta.13+dev (go go1.15.4; os darwin; arch amd64)
      X-Datadog-Parent-Id:
      - "3247525120420854495"
      X-Datadog-Sampling-Priority:
      - "1"
      X-Datadog-Trace-Id:
      - "2730535585756470059"
    url: https://api.datadoghq.com/api/v1/monitor/28076670
    method: GET
  response:
    body: '{"restricted_roles":null,"tags":["baz","foo:bar"],"deleted":null,"query":"logs(\"service:foo
      AND type:error\").index(\"main\").rollup(\"count\").last(\"5m\") > 2","message":"some
      message Notify: @hipchat-channel","id":28076670,"multi":false,"name":"tf-TestAccDatadogMonitor_Log-local-1609425877","created":"2020-12-31T14:54:13.224361+00:00","created_at":1609426453000,"creator":{"id":1445416,"handle":"frog@datadoghq.com","name":null,"email":"frog@datadoghq.com"},"org_id":321813,"modified":"2020-12-31T14:54:13.224361+00:00","overall_state_modified":null,"overall_state":"No
      Data","type":"log alert","options":{"include_tags":true,"notify_audit":false,"locked":false,"timeout_h":60,"silenced":{},"enable_logs_sample":true,"thresholds":{"critical":2.0,"warning":1.0},"new_host_delay":600,"require_full_window":true,"notify_no_data":false,"renotify_interval":60,"groupby_simple_monitor":false,"escalation_message":"the
      situation has escalated @pagerduty","evaluation_delay":700}}'
    headers:
      Cache-Control:
      - no-cache
      Connection:
      - keep-alive
      Content-Security-Policy:
      - frame-ancestors 'self'; report-uri https://api.datadoghq.com/csp-report
      Content-Type:
      - application/json
      Date:
      - Thu, 31 Dec 2020 14:54:13 GMT
      Pragma:
      - no-cache
      Set-Cookie:
      - DD-PSHARD=233; Max-Age=604800; Path=/; expires=Thu, 07-Jan-2021 14:54:13 GMT;
        secure; HttpOnly
      Strict-Transport-Security:
      - max-age=15724800;
      Vary:
      - Accept-Encoding
      X-Content-Type-Options:
      - nosniff
      X-Dd-Debug:
      - uhKf3DOQ/asSODSNh+771Jj2mAFRCrXnSErQegeSH33qVMu18OG0v+JTvu/HjcV7
      X-Dd-Version:
      - "35.3622023"
      X-Frame-Options:
      - SAMEORIGIN
      X-Ratelimit-Limit:
      - "3000"
      X-Ratelimit-Period:
      - "10"
      X-Ratelimit-Remaining:
      - "2961"
      X-Ratelimit-Reset:
      - "7"
    status: 200 OK
    code: 200
    duration: ""
- request:
    body: |
      {"message":"some message Notify: @hipchat-channel","name":"tf-TestAccDatadogMonitor_Log-local-1609425877","options":{"enable_logs_sample":true,"escalation_message":"the situation has escalated @pagerduty","evaluation_delay":700,"include_tags":true,"new_host_delay":600,"no_data_timeframe":10,"notify_no_data":false,"renotify_interval":60,"require_full_window":true,"thresholds":{"critical":2,"warning":1},"timeout_h":60},"priority":0,"query":"logs(\"service:foo AND type:error\").index(\"main\").rollup(\"count\").last(\"5m\") \u003e 2","tags":["baz","foo:bar"],"type":"log alert"}
    form: {}
    headers:
      Accept:
      - application/json
      Content-Type:
      - application/json
      Dd-Operation-Id:
      - ValidateMonitor
      User-Agent:
      - terraform-provider-datadog/dev (terraform 1.15.0; terraform-cli 0.12.7-sdk)
        datadog-api-client-go/1.0.0-beta.13+dev (go go1.15.4; os darwin; arch amd64)
      X-Datadog-Parent-Id:
      - "5013841947790868948"
      X-Datadog-Sampling-Priority:
      - "1"
      X-Datadog-Trace-Id:
      - "2730535585756470059"
    url: https://api.datadoghq.com/api/v1/monitor/validate
    method: POST
  response:
    body: '{}'
    headers:
      Cache-Control:
      - no-cache
      Connection:
      - keep-alive
      Content-Length:
      - "2"
      Content-Security-Policy:
      - frame-ancestors 'self'; report-uri https://api.datadoghq.com/csp-report
      Content-Type:
      - application/json
      Date:
      - Thu, 31 Dec 2020 14:54:14 GMT
      Pragma:
      - no-cache
      Set-Cookie:
      - DD-PSHARD=233; Max-Age=604800; Path=/; expires=Thu, 07-Jan-2021 14:54:14 GMT;
        secure; HttpOnly
      Strict-Transport-Security:
      - max-age=15724800;
      X-Content-Type-Options:
      - nosniff
      X-Dd-Debug:
      - t3HUEZc5ir8lXNnqzkff2uqNehUi1czGcghjOPRgwaz4xZmG6O4HwEI6mdtgJV0i
      X-Dd-Version:
      - "35.3622023"
      X-Frame-Options:
      - SAMEORIGIN
    status: 200 OK
    code: 200
    duration: ""
- request:
    body: ""
    form: {}
    headers:
      Accept:
      - application/json
      Dd-Operation-Id:
      - GetMonitor
      User-Agent:
      - terraform-provider-datadog/dev (terraform 1.15.0; terraform-cli 0.12.7-sdk)
        datadog-api-client-go/1.0.0-beta.13+dev (go go1.15.4; os darwin; arch amd64)
      X-Datadog-Parent-Id:
      - "1690222212708538759"
      X-Datadog-Sampling-Priority:
      - "1"
      X-Datadog-Trace-Id:
      - "2730535585756470059"
    url: https://api.datadoghq.com/api/v1/monitor/28076670
    method: GET
  response:
    body: '{"restricted_roles":null,"tags":["baz","foo:bar"],"deleted":null,"query":"logs(\"service:foo
      AND type:error\").index(\"main\").rollup(\"count\").last(\"5m\") > 2","message":"some
      message Notify: @hipchat-channel","id":28076670,"multi":false,"name":"tf-TestAccDatadogMonitor_Log-local-1609425877","created":"2020-12-31T14:54:13.224361+00:00","created_at":1609426453000,"creator":{"id":1445416,"handle":"frog@datadoghq.com","name":null,"email":"frog@datadoghq.com"},"org_id":321813,"modified":"2020-12-31T14:54:13.224361+00:00","overall_state_modified":null,"overall_state":"No
      Data","type":"log alert","options":{"include_tags":true,"notify_audit":false,"locked":false,"timeout_h":60,"silenced":{},"enable_logs_sample":true,"thresholds":{"critical":2.0,"warning":1.0},"new_host_delay":600,"require_full_window":true,"notify_no_data":false,"renotify_interval":60,"groupby_simple_monitor":false,"escalation_message":"the
      situation has escalated @pagerduty","evaluation_delay":700}}'
    headers:
      Cache-Control:
      - no-cache
      Connection:
      - keep-alive
      Content-Security-Policy:
      - frame-ancestors 'self'; report-uri https://api.datadoghq.com/csp-report
      Content-Type:
      - application/json
      Date:
      - Thu, 31 Dec 2020 14:54:14 GMT
      Pragma:
      - no-cache
      Set-Cookie:
      - DD-PSHARD=233; Max-Age=604800; Path=/; expires=Thu, 07-Jan-2021 14:54:14 GMT;
        secure; HttpOnly
      Strict-Transport-Security:
      - max-age=15724800;
      Vary:
      - Accept-Encoding
      X-Content-Type-Options:
      - nosniff
      X-Dd-Debug:
      - AqBVHmyy+L9zrCUEAQ2Jd2pwskksgC+7nOsWqbNjcjcM+9M/ChipUo2OR6Q8oPwE
      X-Dd-Version:
      - "35.3622023"
      X-Frame-Options:
      - SAMEORIGIN
      X-Ratelimit-Limit:
      - "3000"
      X-Ratelimit-Period:
      - "10"
      X-Ratelimit-Remaining:
      - "2956"
      X-Ratelimit-Reset:
      - "6"
    status: 200 OK
    code: 200
    duration: ""
- request:
    body: ""
    form: {}
    headers:
      Accept:
      - application/json
      Dd-Operation-Id:
      - DeleteMonitor
      User-Agent:
      - terraform-provider-datadog/dev (terraform 1.15.0; terraform-cli 0.12.7-sdk)
        datadog-api-client-go/1.0.0-beta.13+dev (go go1.15.4; os darwin; arch amd64)
      X-Datadog-Parent-Id:
      - "708257941268580438"
      X-Datadog-Sampling-Priority:
      - "1"
      X-Datadog-Trace-Id:
      - "2730535585756470059"
    url: https://api.datadoghq.com/api/v1/monitor/28076670
    method: DELETE
  response:
    body: '{"deleted_monitor_id":28076670}'
    headers:
      Cache-Control:
      - no-cache
      Connection:
      - keep-alive
      Content-Security-Policy:
      - frame-ancestors 'self'; report-uri https://api.datadoghq.com/csp-report
      Content-Type:
      - application/json
      Date:
      - Thu, 31 Dec 2020 14:54:14 GMT
      Pragma:
      - no-cache
      Set-Cookie:
      - DD-PSHARD=233; Max-Age=604800; Path=/; expires=Thu, 07-Jan-2021 14:54:14 GMT;
        secure; HttpOnly
      Strict-Transport-Security:
      - max-age=15724800;
      Vary:
      - Accept-Encoding
      X-Content-Type-Options:
      - nosniff
      X-Dd-Debug:
      - ApDR7dmCPzU09s5sGJ6tunvBxSFKQfwajJriSdeRXXH0ohfkw5+3MDbyzkcCLNJJ
      X-Dd-Version:
      - "35.3622023"
      X-Frame-Options:
      - SAMEORIGIN
    status: 200 OK
    code: 200
    duration: ""
- request:
    body: ""
    form: {}
    headers:
      User-Agent:
      - terraform-provider-datadog/dev (terraform 1.15.0; terraform-cli 0.12.7-sdk)
        datadog-api-client-go/go-datadog-api (go go1.15.4; os darwin; arch amd64)
      X-Datadog-Parent-Id:
      - "8109672186084163534"
      X-Datadog-Sampling-Priority:
      - "1"
      X-Datadog-Trace-Id:
      - "8109672186084163534"
    url: https://api.datadoghq.com/api/v1/monitor/28076670
    method: GET
  response:
    body: '{"errors":["Monitor not found"]}'
    headers:
      Cache-Control:
      - no-cache
      Connection:
      - keep-alive
      Content-Security-Policy:
      - frame-ancestors 'self'; report-uri https://api.datadoghq.com/csp-report
      Content-Type:
      - application/json
      Date:
      - Thu, 31 Dec 2020 14:54:14 GMT
      Pragma:
      - no-cache
      Strict-Transport-Security:
      - max-age=15724800;
      Vary:
      - Accept-Encoding
      X-Content-Type-Options:
      - nosniff
      X-Dd-Version:
      - "35.3622023"
      X-Frame-Options:
      - SAMEORIGIN
      X-Ratelimit-Limit:
      - "3000"
      X-Ratelimit-Period:
      - "10"
      X-Ratelimit-Remaining:
      - "2951"
      X-Ratelimit-Reset:
      - "6"
    status: 404 Not Found
    code: 404
    duration: ""
