---
version: 1
interactions:
- request:
    body: |
      {"description":"Created using the Datadog provider in Terraform","id":"","is_read_only":true,"layout_type":"ordered","notify_list":[],"template_variable_presets":[],"template_variables":[],"title":"tf-TestAccDatadogDashboardNote-local-1626082342","widgets":[{"definition":{"background_color":"green","content":"This is a note widget","font_size":"18","has_padding":true,"show_tick":true,"text_align":"center","tick_edge":"bottom","tick_pos":"50%","type":"note"}}]}
    form: {}
    headers:
      Accept:
      - application/json
      Content-Type:
      - application/json
    url: https://api.datadoghq.com/api/v1/dashboard
    method: POST
  response:
    body: '{"notify_list":[],"description":"Created using the Datadog provider in Terraform","author_name":null,"template_variable_presets":[],"template_variables":[],"is_read_only":true,"id":"g4x-u56-6jc","title":"tf-TestAccDatadogDashboardNote-local-1626082342","url":"/dashboard/g4x-u56-6jc/tf-testaccdatadogdashboardnote-local-1626082342","created_at":"2021-07-12T09:32:24.485674+00:00","modified_at":"2021-07-12T09:32:24.485674+00:00","author_handle":"frog@datadoghq.com","widgets":[{"definition":{"tick_pos":"50%","font_size":"18","has_padding":true,"tick_edge":"bottom","text_align":"center","content":"This is a note widget","type":"note","show_tick":true,"background_color":"green"},"id":8545552872758368}],"layout_type":"ordered"}'
    headers:
      Content-Type:
      - application/json
    status: 200 OK
    code: 200
    duration: ""
- request:
    body: ""
    form: {}
    headers:
      Accept:
      - application/json
    url: https://api.datadoghq.com/api/v1/dashboard/g4x-u56-6jc
    method: GET
  response:
    body: '{"notify_list":[],"description":"Created using the Datadog provider in Terraform","author_name":null,"template_variable_presets":[],"template_variables":[],"is_read_only":true,"id":"g4x-u56-6jc","title":"tf-TestAccDatadogDashboardNote-local-1626082342","url":"/dashboard/g4x-u56-6jc/tf-testaccdatadogdashboardnote-local-1626082342","created_at":"2021-07-12T09:32:24.485674+00:00","modified_at":"2021-07-12T09:32:24.485674+00:00","author_handle":"frog@datadoghq.com","widgets":[{"definition":{"tick_pos":"50%","font_size":"18","has_padding":true,"tick_edge":"bottom","text_align":"center","content":"This is a note widget","type":"note","show_tick":true,"background_color":"green"},"id":8545552872758368}],"layout_type":"ordered"}'
    headers:
      Content-Type:
      - application/json
    status: 200 OK
    code: 200
    duration: ""
- request:
    body: ""
    form: {}
    headers:
      Accept:
      - application/json
    url: https://api.datadoghq.com/api/v1/dashboard/g4x-u56-6jc
    method: GET
  response:
    body: '{"notify_list":[],"description":"Created using the Datadog provider in Terraform","author_name":null,"template_variable_presets":[],"template_variables":[],"is_read_only":true,"id":"g4x-u56-6jc","title":"tf-TestAccDatadogDashboardNote-local-1626082342","url":"/dashboard/g4x-u56-6jc/tf-testaccdatadogdashboardnote-local-1626082342","created_at":"2021-07-12T09:32:24.485674+00:00","modified_at":"2021-07-12T09:32:24.485674+00:00","author_handle":"frog@datadoghq.com","widgets":[{"definition":{"tick_pos":"50%","font_size":"18","has_padding":true,"tick_edge":"bottom","text_align":"center","content":"This is a note widget","type":"note","show_tick":true,"background_color":"green"},"id":8545552872758368}],"layout_type":"ordered"}'
    headers:
      Content-Type:
      - application/json
    status: 200 OK
    code: 200
    duration: ""
- request:
    body: ""
    form: {}
    headers:
      Accept:
      - application/json
    url: https://api.datadoghq.com/api/v1/dashboard/g4x-u56-6jc
    method: GET
  response:
    body: '{"notify_list":[],"description":"Created using the Datadog provider in Terraform","author_name":null,"template_variable_presets":[],"template_variables":[],"is_read_only":true,"id":"g4x-u56-6jc","title":"tf-TestAccDatadogDashboardNote-local-1626082342","url":"/dashboard/g4x-u56-6jc/tf-testaccdatadogdashboardnote-local-1626082342","created_at":"2021-07-12T09:32:24.485674+00:00","modified_at":"2021-07-12T09:32:24.485674+00:00","author_handle":"frog@datadoghq.com","widgets":[{"definition":{"tick_pos":"50%","font_size":"18","has_padding":true,"tick_edge":"bottom","text_align":"center","content":"This is a note widget","type":"note","show_tick":true,"background_color":"green"},"id":8545552872758368}],"layout_type":"ordered"}'
    headers:
      Content-Type:
      - application/json
    status: 200 OK
    code: 200
    duration: ""
- request:
    body: ""
    form: {}
    headers:
      Accept:
      - application/json
    url: https://api.datadoghq.com/api/v1/dashboard/g4x-u56-6jc
    method: DELETE
  response:
    body: '{"deleted_dashboard_id":"g4x-u56-6jc"}'
    headers:
      Content-Type:
      - application/json
    status: 200 OK
    code: 200
    duration: ""
- request:
    body: ""
    form: {}
    headers:
      Accept:
      - application/json
    url: https://api.datadoghq.com/api/v1/dashboard/g4x-u56-6jc
    method: GET
  response:
    body: '{"errors": ["Dashboard with ID g4x-u56-6jc not found"]}'
    headers:
      Content-Type:
      - application/json
    status: 404 Not Found
    code: 404
    duration: ""
