---
version: 1
interactions:
- request:
    body: |
      {"config":{"assertions":[],"configVariables":[{"example":"123","name":"VARIABLE_NAME","pattern":"{{numeric(3)}}","type":"text"}],"request":{"basicAuth":{"password":"password","type":"web","username":"username"},"body":"this is a body","headers":{"Accept":"application/json","X-Datadog-Trace-ID":"123456789"},"method":"GET","proxy":{"headers":{"Accept":"application/json","X-Datadog-Trace-ID":"123456789"},"url":"https://proxy.url"},"timeout":30,"url":"https://www.datadoghq.com"},"setCookie":"name=value","variables":[{"example":"597","name":"MY_PATTERN_VAR","pattern":"{{numeric(3)}}","type":"text"}]},"locations":["aws:eu-central-1"],"message":"Notify @datadog.user","name":"tf-TestAccDatadogSyntheticsBrowserTest_Updated_RumSettings-local-1660836346","options":{"ci":{"executionRule":"blocking"},"device_ids":["laptop_large","mobile_small"],"min_location_failed":1,"monitor_name":"tf-TestAccDatadogSyntheticsBrowserTest_Updated_RumSettings-local-1660836346-monitor","monitor_options":{"renotify_interval":120},"monitor_priority":5,"noScreenshot":true,"restricted_roles":["abc"],"retry":{"count":2,"interval":300},"rumSettings":{"applicationId":"rum-app-id","clientTokenId":12345,"isEnabled":true},"tick_every":900},"status":"paused","steps":[{"allowFailure":true,"isCritical":true,"name":"first step","params":{"check":"contains","value":"content"},"timeout":0,"type":"assertCurrentUrl"}],"tags":["foo:bar","baz"],"type":"browser"}
    form: {}
    headers:
      Accept:
      - application/json
      Content-Type:
      - application/json
    url: https://api.datadoghq.com/api/v1/synthetics/tests/browser
    method: POST
  response:
    body: '{"status":"paused","public_id":"8kc-9mz-ax7","tags":["foo:bar","baz"],"org_id":321813,"locations":["aws:eu-central-1"],"message":"Notify @datadog.user","deleted_at":null,"name":"tf-TestAccDatadogSyntheticsBrowserTest_Updated_RumSettings-local-1660836346","monitor_id":80466529,"type":"browser","created_at":"2022-08-18T15:25:49.279903+00:00","modified_at":"2022-08-18T15:25:49.279903+00:00","steps":[{"name":"first step","allowFailure":true,"params":{"check":"contains","value":"content"},"timeout":0,"isCritical":true,"type":"assertCurrentUrl"}],"config":{"variables":[{"pattern":"{{numeric(3)}}","type":"text","example":"597","name":"MY_PATTERN_VAR"}],"setCookie":"name=value","request":{"body":"this is a body","url":"https://www.datadoghq.com","basicAuth":{"username":"username","password":"password","type":"web"},"headers":{"Accept":"application/json","X-Datadog-Trace-ID":"123456789"},"proxy":{"url":"https://proxy.url","headers":{"Accept":"application/json","X-Datadog-Trace-ID":"123456789"}},"timeout":30,"method":"GET"},"assertions":[],"configVariables":[{"pattern":"{{numeric(3)}}","type":"text","example":"123","name":"VARIABLE_NAME"}]},"options":{"restricted_roles":["abc"],"ci":{"executionRule":"blocking"},"retry":{"count":2,"interval":300},"min_location_failed":1,"monitor_options":{"include_tags":true,"notify_no_data":false,"notify_audit":false,"new_host_delay":300,"renotify_interval":120},"noScreenshot":true,"rumSettings":{"isEnabled":true,"applicationId":"rum-app-id","clientTokenId":12345},"monitor_priority":5,"device_ids":["laptop_large","mobile_small"],"monitor_name":"tf-TestAccDatadogSyntheticsBrowserTest_Updated_RumSettings-local-1660836346-monitor","tick_every":900}}'
    headers:
      Content-Type:
      - application/json
    status: 200 OK
    code: 200
    duration: ""
- request:
    body: ""
    form: {}
    headers:
      Accept:
      - application/json
    url: https://api.datadoghq.com/api/v1/synthetics/tests/browser/8kc-9mz-ax7
    method: GET
  response:
    body: '{"status":"paused","public_id":"8kc-9mz-ax7","tags":["foo:bar","baz"],"locations":["aws:eu-central-1"],"message":"Notify @datadog.user","name":"tf-TestAccDatadogSyntheticsBrowserTest_Updated_RumSettings-local-1660836346","monitor_id":80466529,"type":"browser","created_at":"2022-08-18T15:25:49.279903+00:00","creator":{"handle":"frog@datadoghq.com","name":null,"email":"frog@datadoghq.com"},"modified_at":"2022-08-18T15:25:49.279903+00:00","steps":[{"name":"first step","allowFailure":true,"params":{"check":"contains","value":"content"},"timeout":0,"isCritical":true,"type":"assertCurrentUrl"}],"config":{"variables":[{"pattern":"{{numeric(3)}}","type":"text","example":"597","name":"MY_PATTERN_VAR"}],"setCookie":"name=value","request":{"body":"this is a body","url":"https://www.datadoghq.com","basicAuth":{"username":"username","password":"password","type":"web"},"headers":{"Accept":"application/json","X-Datadog-Trace-ID":"123456789"},"proxy":{"url":"https://proxy.url","headers":{"Accept":"application/json","X-Datadog-Trace-ID":"123456789"}},"timeout":30,"method":"GET"},"assertions":[],"configVariables":[{"pattern":"{{numeric(3)}}","type":"text","example":"123","name":"VARIABLE_NAME"}]},"options":{"restricted_roles":["abc"],"ci":{"executionRule":"blocking"},"retry":{"count":2,"interval":300},"min_location_failed":1,"monitor_options":{"include_tags":true,"notify_no_data":false,"notify_audit":false,"new_host_delay":300,"renotify_interval":120},"noScreenshot":true,"rumSettings":{"isEnabled":true,"applicationId":"rum-app-id","clientTokenId":12345},"monitor_priority":5,"device_ids":["laptop_large","mobile_small"],"monitor_name":"tf-TestAccDatadogSyntheticsBrowserTest_Updated_RumSettings-local-1660836346-monitor","tick_every":900}}'
    headers:
      Content-Type:
      - application/json
    status: 200 OK
    code: 200
    duration: ""
- request:
    body: ""
    form: {}
    headers:
      Accept:
      - application/json
    url: https://api.datadoghq.com/api/v1/synthetics/tests/8kc-9mz-ax7
    method: GET
  response:
    body: '{"status":"paused","public_id":"8kc-9mz-ax7","tags":["foo:bar","baz"],"locations":["aws:eu-central-1"],"message":"Notify @datadog.user","name":"tf-TestAccDatadogSyntheticsBrowserTest_Updated_RumSettings-local-1660836346","monitor_id":80466529,"type":"browser","created_at":"2022-08-18T15:25:49.279903+00:00","creator":{"handle":"frog@datadoghq.com","name":null,"email":"frog@datadoghq.com"},"modified_at":"2022-08-18T15:25:49.279903+00:00","config":{"variables":[{"pattern":"{{numeric(3)}}","type":"text","example":"597","name":"MY_PATTERN_VAR"}],"setCookie":"name=value","request":{"body":"this is a body","url":"https://www.datadoghq.com","basicAuth":{"username":"username","password":"password","type":"web"},"headers":{"Accept":"application/json","X-Datadog-Trace-ID":"123456789"},"proxy":{"url":"https://proxy.url","headers":{"Accept":"application/json","X-Datadog-Trace-ID":"123456789"}},"timeout":30,"method":"GET"},"assertions":[],"configVariables":[{"pattern":"{{numeric(3)}}","type":"text","example":"123","name":"VARIABLE_NAME"}]},"options":{"restricted_roles":["abc"],"ci":{"executionRule":"blocking"},"retry":{"count":2,"interval":300},"min_location_failed":1,"monitor_options":{"include_tags":true,"notify_no_data":false,"notify_audit":false,"new_host_delay":300,"renotify_interval":120},"noScreenshot":true,"rumSettings":{"isEnabled":true,"applicationId":"rum-app-id","clientTokenId":12345},"monitor_priority":5,"device_ids":["laptop_large","mobile_small"],"monitor_name":"tf-TestAccDatadogSyntheticsBrowserTest_Updated_RumSettings-local-1660836346-monitor","tick_every":900}}'
    headers:
      Content-Type:
      - application/json
    status: 200 OK
    code: 200
    duration: ""
- request:
    body: ""
    form: {}
    headers:
      Accept:
      - application/json
    url: https://api.datadoghq.com/api/v1/synthetics/tests/8kc-9mz-ax7
    method: GET
  response:
    body: '{"status":"paused","public_id":"8kc-9mz-ax7","tags":["foo:bar","baz"],"locations":["aws:eu-central-1"],"message":"Notify @datadog.user","name":"tf-TestAccDatadogSyntheticsBrowserTest_Updated_RumSettings-local-1660836346","monitor_id":80466529,"type":"browser","created_at":"2022-08-18T15:25:49.279903+00:00","creator":{"handle":"frog@datadoghq.com","name":null,"email":"frog@datadoghq.com"},"modified_at":"2022-08-18T15:25:49.279903+00:00","config":{"variables":[{"pattern":"{{numeric(3)}}","type":"text","example":"597","name":"MY_PATTERN_VAR"}],"setCookie":"name=value","request":{"body":"this is a body","url":"https://www.datadoghq.com","basicAuth":{"username":"username","password":"password","type":"web"},"headers":{"Accept":"application/json","X-Datadog-Trace-ID":"123456789"},"proxy":{"url":"https://proxy.url","headers":{"Accept":"application/json","X-Datadog-Trace-ID":"123456789"}},"timeout":30,"method":"GET"},"assertions":[],"configVariables":[{"pattern":"{{numeric(3)}}","type":"text","example":"123","name":"VARIABLE_NAME"}]},"options":{"restricted_roles":["abc"],"ci":{"executionRule":"blocking"},"retry":{"count":2,"interval":300},"min_location_failed":1,"monitor_options":{"include_tags":true,"notify_no_data":false,"notify_audit":false,"new_host_delay":300,"renotify_interval":120},"noScreenshot":true,"rumSettings":{"isEnabled":true,"applicationId":"rum-app-id","clientTokenId":12345},"monitor_priority":5,"device_ids":["laptop_large","mobile_small"],"monitor_name":"tf-TestAccDatadogSyntheticsBrowserTest_Updated_RumSettings-local-1660836346-monitor","tick_every":900}}'
    headers:
      Content-Type:
      - application/json
    status: 200 OK
    code: 200
    duration: ""
- request:
    body: ""
    form: {}
    headers:
      Accept:
      - application/json
    url: https://api.datadoghq.com/api/v1/synthetics/tests/browser/8kc-9mz-ax7
    method: GET
  response:
    body: '{"status":"paused","public_id":"8kc-9mz-ax7","tags":["foo:bar","baz"],"locations":["aws:eu-central-1"],"message":"Notify @datadog.user","name":"tf-TestAccDatadogSyntheticsBrowserTest_Updated_RumSettings-local-1660836346","monitor_id":80466529,"type":"browser","created_at":"2022-08-18T15:25:49.279903+00:00","creator":{"handle":"frog@datadoghq.com","name":null,"email":"frog@datadoghq.com"},"modified_at":"2022-08-18T15:25:49.279903+00:00","steps":[{"name":"first step","allowFailure":true,"params":{"check":"contains","value":"content"},"timeout":0,"isCritical":true,"type":"assertCurrentUrl"}],"config":{"variables":[{"pattern":"{{numeric(3)}}","type":"text","example":"597","name":"MY_PATTERN_VAR"}],"setCookie":"name=value","request":{"body":"this is a body","url":"https://www.datadoghq.com","basicAuth":{"username":"username","password":"password","type":"web"},"headers":{"Accept":"application/json","X-Datadog-Trace-ID":"123456789"},"proxy":{"url":"https://proxy.url","headers":{"Accept":"application/json","X-Datadog-Trace-ID":"123456789"}},"timeout":30,"method":"GET"},"assertions":[],"configVariables":[{"pattern":"{{numeric(3)}}","type":"text","example":"123","name":"VARIABLE_NAME"}]},"options":{"restricted_roles":["abc"],"ci":{"executionRule":"blocking"},"retry":{"count":2,"interval":300},"min_location_failed":1,"monitor_options":{"include_tags":true,"notify_no_data":false,"notify_audit":false,"new_host_delay":300,"renotify_interval":120},"noScreenshot":true,"rumSettings":{"isEnabled":true,"applicationId":"rum-app-id","clientTokenId":12345},"monitor_priority":5,"device_ids":["laptop_large","mobile_small"],"monitor_name":"tf-TestAccDatadogSyntheticsBrowserTest_Updated_RumSettings-local-1660836346-monitor","tick_every":900}}'
    headers:
      Content-Type:
      - application/json
    status: 200 OK
    code: 200
    duration: ""
- request:
    body: ""
    form: {}
    headers:
      Accept:
      - application/json
    url: https://api.datadoghq.com/api/v1/synthetics/tests/8kc-9mz-ax7
    method: GET
  response:
    body: '{"status":"paused","public_id":"8kc-9mz-ax7","tags":["foo:bar","baz"],"locations":["aws:eu-central-1"],"message":"Notify @datadog.user","name":"tf-TestAccDatadogSyntheticsBrowserTest_Updated_RumSettings-local-1660836346","monitor_id":80466529,"type":"browser","created_at":"2022-08-18T15:25:49.279903+00:00","creator":{"handle":"frog@datadoghq.com","name":null,"email":"frog@datadoghq.com"},"modified_at":"2022-08-18T15:25:49.279903+00:00","config":{"variables":[{"pattern":"{{numeric(3)}}","type":"text","example":"597","name":"MY_PATTERN_VAR"}],"setCookie":"name=value","request":{"body":"this is a body","url":"https://www.datadoghq.com","basicAuth":{"username":"username","password":"password","type":"web"},"headers":{"Accept":"application/json","X-Datadog-Trace-ID":"123456789"},"proxy":{"url":"https://proxy.url","headers":{"Accept":"application/json","X-Datadog-Trace-ID":"123456789"}},"timeout":30,"method":"GET"},"assertions":[],"configVariables":[{"pattern":"{{numeric(3)}}","type":"text","example":"123","name":"VARIABLE_NAME"}]},"options":{"restricted_roles":["abc"],"ci":{"executionRule":"blocking"},"retry":{"count":2,"interval":300},"min_location_failed":1,"monitor_options":{"include_tags":true,"notify_no_data":false,"notify_audit":false,"new_host_delay":300,"renotify_interval":120},"noScreenshot":true,"rumSettings":{"isEnabled":true,"applicationId":"rum-app-id","clientTokenId":12345},"monitor_priority":5,"device_ids":["laptop_large","mobile_small"],"monitor_name":"tf-TestAccDatadogSyntheticsBrowserTest_Updated_RumSettings-local-1660836346-monitor","tick_every":900}}'
    headers:
      Content-Type:
      - application/json
    status: 200 OK
    code: 200
    duration: ""
- request:
    body: ""
    form: {}
    headers:
      Accept:
      - application/json
    url: https://api.datadoghq.com/api/v1/synthetics/tests/browser/8kc-9mz-ax7
    method: GET
  response:
    body: '{"status":"paused","public_id":"8kc-9mz-ax7","tags":["foo:bar","baz"],"locations":["aws:eu-central-1"],"message":"Notify @datadog.user","name":"tf-TestAccDatadogSyntheticsBrowserTest_Updated_RumSettings-local-1660836346","monitor_id":80466529,"type":"browser","created_at":"2022-08-18T15:25:49.279903+00:00","creator":{"handle":"frog@datadoghq.com","name":null,"email":"frog@datadoghq.com"},"modified_at":"2022-08-18T15:25:49.279903+00:00","steps":[{"name":"first step","allowFailure":true,"params":{"check":"contains","value":"content"},"timeout":0,"isCritical":true,"type":"assertCurrentUrl"}],"config":{"variables":[{"pattern":"{{numeric(3)}}","type":"text","example":"597","name":"MY_PATTERN_VAR"}],"setCookie":"name=value","request":{"body":"this is a body","url":"https://www.datadoghq.com","basicAuth":{"username":"username","password":"password","type":"web"},"headers":{"Accept":"application/json","X-Datadog-Trace-ID":"123456789"},"proxy":{"url":"https://proxy.url","headers":{"Accept":"application/json","X-Datadog-Trace-ID":"123456789"}},"timeout":30,"method":"GET"},"assertions":[],"configVariables":[{"pattern":"{{numeric(3)}}","type":"text","example":"123","name":"VARIABLE_NAME"}]},"options":{"restricted_roles":["abc"],"ci":{"executionRule":"blocking"},"retry":{"count":2,"interval":300},"min_location_failed":1,"monitor_options":{"include_tags":true,"notify_no_data":false,"notify_audit":false,"new_host_delay":300,"renotify_interval":120},"noScreenshot":true,"rumSettings":{"isEnabled":true,"applicationId":"rum-app-id","clientTokenId":12345},"monitor_priority":5,"device_ids":["laptop_large","mobile_small"],"monitor_name":"tf-TestAccDatadogSyntheticsBrowserTest_Updated_RumSettings-local-1660836346-monitor","tick_every":900}}'
    headers:
      Content-Type:
      - application/json
    status: 200 OK
    code: 200
    duration: ""
- request:
    body: |
      {"config":{"assertions":[],"configVariables":[],"request":{"body":"this is an updated body","headers":{"Accept":"application/xml","X-Datadog-Trace-ID":"987654321"},"method":"PUT","timeout":60,"url":"https://docs.datadoghq.com"},"variables":[{"example":"5970","name":"MY_PATTERN_VAR","pattern":"{{numeric(4)}}","type":"text"}]},"locations":["aws:eu-central-1"],"message":"Notify @pagerduty","name":"tf-TestAccDatadogSyntheticsBrowserTest_Updated_RumSettings-local-1660836346-updated-rumsettings","options":{"ci":{"executionRule":"skipped"},"device_ids":["laptop_large","tablet"],"min_failure_duration":10,"min_location_failed":1,"monitor_options":{"renotify_interval":120},"retry":{"count":3,"interval":500},"rumSettings":{"isEnabled":false},"tick_every":1800},"status":"live","steps":[{"allowFailure":false,"isCritical":false,"name":"first step updated","params":{"check":"contains","value":"content"},"timeout":0,"type":"assertCurrentUrl"},{"allowFailure":false,"isCritical":false,"name":"press key step","params":{"modifiers":[],"value":"1"},"timeout":0,"type":"pressKey"}],"tags":["foo:bar","buz"],"type":"browser"}
    form: {}
    headers:
      Accept:
      - application/json
      Content-Type:
      - application/json
    url: https://api.datadoghq.com/api/v1/synthetics/tests/browser/8kc-9mz-ax7
    method: PUT
  response:
    body: '{"status":"live","public_id":"8kc-9mz-ax7","tags":["foo:bar","buz"],"org_id":321813,"locations":["aws:eu-central-1"],"message":"Notify @pagerduty","deleted_at":null,"name":"tf-TestAccDatadogSyntheticsBrowserTest_Updated_RumSettings-local-1660836346-updated-rumsettings","monitor_id":80466529,"type":"browser","created_at":"2022-08-18T15:25:49.279903+00:00","modified_at":"2022-08-18T15:25:52.531063+00:00","steps":[{"name":"first step updated","allowFailure":false,"params":{"check":"contains","value":"content"},"timeout":0,"isCritical":false,"type":"assertCurrentUrl"},{"name":"press key step","allowFailure":false,"params":{"modifiers":[],"value":"1"},"timeout":0,"isCritical":false,"type":"pressKey"}],"config":{"variables":[{"pattern":"{{numeric(4)}}","type":"text","example":"5970","name":"MY_PATTERN_VAR"}],"request":{"body":"this is an updated body","headers":{"Accept":"application/xml","X-Datadog-Trace-ID":"987654321"},"url":"https://docs.datadoghq.com","timeout":60,"method":"PUT"},"assertions":[],"configVariables":[]},"options":{"ci":{"executionRule":"skipped"},"retry":{"count":3,"interval":500},"min_location_failed":1,"monitor_options":{"notify_audit":false,"include_tags":true,"new_host_delay":300,"notify_no_data":false,"renotify_interval":120},"min_failure_duration":10,"rumSettings":{"isEnabled":false},"device_ids":["laptop_large","tablet"],"tick_every":1800}}'
    headers:
      Content-Type:
      - application/json
    status: 200 OK
    code: 200
    duration: ""
- request:
    body: ""
    form: {}
    headers:
      Accept:
      - application/json
    url: https://api.datadoghq.com/api/v1/synthetics/tests/8kc-9mz-ax7
    method: GET
  response:
    body: '{"status":"live","public_id":"8kc-9mz-ax7","tags":["foo:bar","buz"],"locations":["aws:eu-central-1"],"message":"Notify @pagerduty","name":"tf-TestAccDatadogSyntheticsBrowserTest_Updated_RumSettings-local-1660836346-updated-rumsettings","monitor_id":80466529,"type":"browser","created_at":"2022-08-18T15:25:49.279903+00:00","creator":{"handle":"frog@datadoghq.com","name":null,"email":"frog@datadoghq.com"},"modified_at":"2022-08-18T15:25:52.531063+00:00","config":{"variables":[{"pattern":"{{numeric(4)}}","type":"text","example":"5970","name":"MY_PATTERN_VAR"}],"request":{"body":"this is an updated body","headers":{"Accept":"application/xml","X-Datadog-Trace-ID":"987654321"},"url":"https://docs.datadoghq.com","timeout":60,"method":"PUT"},"assertions":[],"configVariables":[]},"options":{"ci":{"executionRule":"skipped"},"retry":{"count":3,"interval":500},"min_location_failed":1,"monitor_options":{"renotify_interval":120},"min_failure_duration":10,"rumSettings":{"isEnabled":false},"device_ids":["laptop_large","tablet"],"tick_every":1800}}'
    headers:
      Content-Type:
      - application/json
    status: 200 OK
    code: 200
    duration: ""
- request:
    body: ""
    form: {}
    headers:
      Accept:
      - application/json
    url: https://api.datadoghq.com/api/v1/synthetics/tests/8kc-9mz-ax7
    method: GET
  response:
    body: '{"status":"live","public_id":"8kc-9mz-ax7","tags":["foo:bar","buz"],"locations":["aws:eu-central-1"],"message":"Notify @pagerduty","name":"tf-TestAccDatadogSyntheticsBrowserTest_Updated_RumSettings-local-1660836346-updated-rumsettings","monitor_id":80466529,"type":"browser","created_at":"2022-08-18T15:25:49.279903+00:00","creator":{"handle":"frog@datadoghq.com","name":null,"email":"frog@datadoghq.com"},"modified_at":"2022-08-18T15:25:52.531063+00:00","config":{"variables":[{"pattern":"{{numeric(4)}}","type":"text","example":"5970","name":"MY_PATTERN_VAR"}],"request":{"body":"this is an updated body","headers":{"Accept":"application/xml","X-Datadog-Trace-ID":"987654321"},"url":"https://docs.datadoghq.com","timeout":60,"method":"PUT"},"assertions":[],"configVariables":[]},"options":{"ci":{"executionRule":"skipped"},"retry":{"count":3,"interval":500},"min_location_failed":1,"monitor_options":{"renotify_interval":120},"min_failure_duration":10,"rumSettings":{"isEnabled":false},"device_ids":["laptop_large","tablet"],"tick_every":1800}}'
    headers:
      Content-Type:
      - application/json
    status: 200 OK
    code: 200
    duration: ""
- request:
    body: ""
    form: {}
    headers:
      Accept:
      - application/json
    url: https://api.datadoghq.com/api/v1/synthetics/tests/browser/8kc-9mz-ax7
    method: GET
  response:
    body: '{"status":"live","public_id":"8kc-9mz-ax7","tags":["foo:bar","buz"],"locations":["aws:eu-central-1"],"message":"Notify @pagerduty","name":"tf-TestAccDatadogSyntheticsBrowserTest_Updated_RumSettings-local-1660836346-updated-rumsettings","monitor_id":80466529,"type":"browser","created_at":"2022-08-18T15:25:49.279903+00:00","creator":{"handle":"frog@datadoghq.com","name":null,"email":"frog@datadoghq.com"},"modified_at":"2022-08-18T15:25:52.531063+00:00","steps":[{"name":"first step updated","allowFailure":false,"params":{"check":"contains","value":"content"},"timeout":0,"isCritical":false,"type":"assertCurrentUrl"},{"name":"press key step","allowFailure":false,"params":{"modifiers":[],"value":"1"},"timeout":0,"isCritical":false,"type":"pressKey"}],"config":{"variables":[{"pattern":"{{numeric(4)}}","type":"text","example":"5970","name":"MY_PATTERN_VAR"}],"request":{"body":"this is an updated body","headers":{"Accept":"application/xml","X-Datadog-Trace-ID":"987654321"},"url":"https://docs.datadoghq.com","timeout":60,"method":"PUT"},"assertions":[],"configVariables":[]},"options":{"ci":{"executionRule":"skipped"},"retry":{"count":3,"interval":500},"min_location_failed":1,"monitor_options":{"renotify_interval":120},"min_failure_duration":10,"rumSettings":{"isEnabled":false},"device_ids":["laptop_large","tablet"],"tick_every":1800}}'
    headers:
      Content-Type:
      - application/json
    status: 200 OK
    code: 200
    duration: ""
- request:
    body: |
      {"public_ids":["8kc-9mz-ax7"]}
    form: {}
    headers:
      Accept:
      - application/json
      Content-Type:
      - application/json
    url: https://api.datadoghq.com/api/v1/synthetics/tests/delete
    method: POST
  response:
    body: '{"deleted_tests":[{"deleted_at":"2022-08-18T15:25:59.618143+00:00","public_id":"8kc-9mz-ax7"}]}'
    headers:
      Content-Type:
      - application/json
    status: 200 OK
    code: 200
    duration: ""
- request:
    body: ""
    form: {}
    headers:
      Accept:
      - application/json
    url: https://api.datadoghq.com/api/v1/synthetics/tests/8kc-9mz-ax7
    method: GET
  response:
    body: '{"errors": ["Synthetics test not found"]}'
    headers:
      Content-Type:
      - application/json
    status: 404 Not Found
    code: 404
    duration: ""
