---
version: 1
interactions:
- request:
    body: |
      {"daily_limit":200000,"exclusion_filters":[],"filter":{"query":"non-existent-query"},"name":"tf-testaccdatadoglogsindex-basic-local-1627305201","num_retention_days":15}
    form: {}
    headers:
      Accept:
      - application/json
      Content-Type:
      - application/json
      Dd-Operation-Id:
      - CreateLogsIndex
      User-Agent:
      - terraform-provider-datadog/dev (terraform 2.7.0; terraform-cli 1.0.0) datadog-api-client-go/1.2.1+dev (go go1.16; os darwin; arch amd64)
    url: https://api.datadoghq.com/api/v1/logs/config/indexes
    method: POST
  response:
    body: '{"num_retention_days":15,"name":"tf-testaccdatadoglogsindex-basic-local-1627305201","is_rate_limited":false,"filter":{"query":"non-existent-query"},"exclusion_filters":[],"daily_limit":200000}'
    headers:
      Cache-Control:
      - no-cache
      Connection:
      - keep-alive
      Content-Security-Policy:
      - frame-ancestors 'self'; report-uri https://api.datadoghq.com/csp-report
      Content-Type:
      - application/json
      Date:
      - Mon, 26 Jul 2021 13:13:24 GMT
      Pragma:
      - no-cache
      Strict-Transport-Security:
      - max-age=15724800;
      Vary:
      - Accept-Encoding
      X-Content-Type-Options:
      - nosniff
      X-Frame-Options:
      - SAMEORIGIN
      X-Ratelimit-Limit:
      - "30"
      X-Ratelimit-Period:
      - "10"
      X-Ratelimit-Remaining:
      - "29"
      X-Ratelimit-Reset:
      - "7"
    status: 200 OK
    code: 200
    duration: ""
- request:
    body: ""
    form: {}
    headers:
      Accept:
      - application/json
      Dd-Operation-Id:
      - GetLogsIndex
      User-Agent:
      - terraform-provider-datadog/dev (terraform 2.7.0; terraform-cli 1.0.0) datadog-api-client-go/1.2.1+dev (go go1.16; os darwin; arch amd64)
    url: https://api.datadoghq.com/api/v1/logs/config/indexes/tf-testaccdatadoglogsindex-basic-local-1627305201
    method: GET
  response:
    body: '{"num_retention_days":15,"name":"tf-testaccdatadoglogsindex-basic-local-1627305201","is_rate_limited":false,"filter":{"query":"non-existent-query"},"exclusion_filters":[],"daily_limit":200000}'
    headers:
      Cache-Control:
      - no-cache
      Connection:
      - keep-alive
      Content-Security-Policy:
      - frame-ancestors 'self'; report-uri https://api.datadoghq.com/csp-report
      Content-Type:
      - application/json
      Date:
      - Mon, 26 Jul 2021 13:13:34 GMT
      Pragma:
      - no-cache
      Strict-Transport-Security:
      - max-age=15724800;
      Vary:
      - Accept-Encoding
      X-Content-Type-Options:
      - nosniff
      X-Frame-Options:
      - SAMEORIGIN
      X-Ratelimit-Limit:
      - "30"
      X-Ratelimit-Period:
      - "10"
      X-Ratelimit-Remaining:
      - "29"
      X-Ratelimit-Reset:
      - "6"
    status: 200 OK
    code: 200
    duration: ""
- request:
    body: ""
    form: {}
    headers:
      Accept:
      - application/json
      Dd-Operation-Id:
      - GetLogsIndex
      User-Agent:
      - terraform-provider-datadog/dev (terraform 2.7.0; terraform-cli 1.0.0) datadog-api-client-go/1.2.1+dev (go go1.16; os darwin; arch amd64)
    url: https://api.datadoghq.com/api/v1/logs/config/indexes/tf-testaccdatadoglogsindex-basic-local-1627305201
    method: GET
  response:
    body: '{"num_retention_days":15,"name":"tf-testaccdatadoglogsindex-basic-local-1627305201","is_rate_limited":false,"filter":{"query":"non-existent-query"},"exclusion_filters":[],"daily_limit":200000}'
    headers:
      Cache-Control:
      - no-cache
      Connection:
      - keep-alive
      Content-Security-Policy:
      - frame-ancestors 'self'; report-uri https://api.datadoghq.com/csp-report
      Content-Type:
      - application/json
      Date:
      - Mon, 26 Jul 2021 13:13:35 GMT
      Pragma:
      - no-cache
      Strict-Transport-Security:
      - max-age=15724800;
      Vary:
      - Accept-Encoding
      X-Content-Type-Options:
      - nosniff
      X-Frame-Options:
      - SAMEORIGIN
      X-Ratelimit-Limit:
      - "30"
      X-Ratelimit-Period:
      - "10"
      X-Ratelimit-Remaining:
      - "28"
      X-Ratelimit-Reset:
      - "5"
    status: 200 OK
    code: 200
    duration: ""
- request:
    body: |
      {"daily_limit":20000,"exclusion_filters":[{"filter":{"query":"app:coredns","sample_rate":0.97},"is_enabled":true,"name":"Filter coredns logs"}],"filter":{"query":"test:query"},"num_retention_days":15}
    form: {}
    headers:
      Accept:
      - application/json
      Content-Type:
      - application/json
      Dd-Operation-Id:
      - UpdateLogsIndex
      User-Agent:
      - terraform-provider-datadog/dev (terraform 2.7.0; terraform-cli 1.0.0) datadog-api-client-go/1.2.1+dev (go go1.16; os darwin; arch amd64)
    url: https://api.datadoghq.com/api/v1/logs/config/indexes/tf-testaccdatadoglogsindex-basic-local-1627305201
    method: PUT
  response:
    body: '{"num_retention_days":15,"name":"tf-testaccdatadoglogsindex-basic-local-1627305201","is_rate_limited":false,"filter":{"query":"test:query"},"exclusion_filters":[{"is_enabled":true,"filter":{"query":"app:coredns","sample_rate":0.97},"name":"Filter coredns logs"}],"daily_limit":20000}'
    headers:
      Cache-Control:
      - no-cache
      Connection:
      - keep-alive
      Content-Security-Policy:
      - frame-ancestors 'self'; report-uri https://api.datadoghq.com/csp-report
      Content-Type:
      - application/json
      Date:
      - Mon, 26 Jul 2021 13:13:36 GMT
      Pragma:
      - no-cache
      Strict-Transport-Security:
      - max-age=15724800;
      Vary:
      - Accept-Encoding
      X-Content-Type-Options:
      - nosniff
      X-Frame-Options:
      - SAMEORIGIN
      X-Ratelimit-Limit:
      - "30"
      X-Ratelimit-Period:
      - "10"
      X-Ratelimit-Remaining:
      - "29"
      X-Ratelimit-Reset:
      - "4"
    status: 200 OK
    code: 200
    duration: ""
- request:
    body: ""
    form: {}
    headers:
      Accept:
      - application/json
      Dd-Operation-Id:
      - GetLogsIndex
      User-Agent:
      - terraform-provider-datadog/dev (terraform 2.7.0; terraform-cli 1.0.0) datadog-api-client-go/1.2.1+dev (go go1.16; os darwin; arch amd64)
    url: https://api.datadoghq.com/api/v1/logs/config/indexes/tf-testaccdatadoglogsindex-basic-local-1627305201
    method: GET
  response:
    body: '{"num_retention_days":15,"name":"tf-testaccdatadoglogsindex-basic-local-1627305201","is_rate_limited":false,"filter":{"query":"test:query"},"exclusion_filters":[{"is_enabled":true,"filter":{"query":"app:coredns","sample_rate":0.97},"name":"Filter coredns logs"}],"daily_limit":20000}'
    headers:
      Cache-Control:
      - no-cache
      Connection:
      - keep-alive
      Content-Security-Policy:
      - frame-ancestors 'self'; report-uri https://api.datadoghq.com/csp-report
      Content-Type:
      - application/json
      Date:
      - Mon, 26 Jul 2021 13:13:47 GMT
      Pragma:
      - no-cache
      Strict-Transport-Security:
      - max-age=15724800;
      Vary:
      - Accept-Encoding
      X-Content-Type-Options:
      - nosniff
      X-Frame-Options:
      - SAMEORIGIN
      X-Ratelimit-Limit:
      - "30"
      X-Ratelimit-Period:
      - "10"
      X-Ratelimit-Remaining:
      - "29"
      X-Ratelimit-Reset:
      - "3"
    status: 200 OK
    code: 200
    duration: ""
- request:
    body: ""
    form: {}
    headers:
      Accept:
      - application/json
      Dd-Operation-Id:
      - GetLogsIndex
      User-Agent:
      - terraform-provider-datadog/dev (terraform 2.7.0; terraform-cli 1.0.0) datadog-api-client-go/1.2.1+dev (go go1.16; os darwin; arch amd64)
    url: https://api.datadoghq.com/api/v1/logs/config/indexes/tf-testaccdatadoglogsindex-basic-local-1627305201
    method: GET
  response:
    body: '{"num_retention_days":15,"name":"tf-testaccdatadoglogsindex-basic-local-1627305201","is_rate_limited":false,"filter":{"query":"test:query"},"exclusion_filters":[{"is_enabled":true,"filter":{"query":"app:coredns","sample_rate":0.97},"name":"Filter coredns logs"}],"daily_limit":20000}'
    headers:
      Cache-Control:
      - no-cache
      Connection:
      - keep-alive
      Content-Security-Policy:
      - frame-ancestors 'self'; report-uri https://api.datadoghq.com/csp-report
      Content-Type:
      - application/json
      Date:
      - Mon, 26 Jul 2021 13:13:48 GMT
      Pragma:
      - no-cache
      Strict-Transport-Security:
      - max-age=15724800;
      Vary:
      - Accept-Encoding
      X-Content-Type-Options:
      - nosniff
      X-Frame-Options:
      - SAMEORIGIN
      X-Ratelimit-Limit:
      - "30"
      X-Ratelimit-Period:
      - "10"
      X-Ratelimit-Remaining:
      - "28"
      X-Ratelimit-Reset:
      - "2"
    status: 200 OK
    code: 200
    duration: ""
- request:
    body: |
      {"daily_limit":20000,"disable_daily_limit":true,"exclusion_filters":[],"filter":{"query":"test:query"},"num_retention_days":15}
    form: {}
    headers:
      Accept:
      - application/json
      Content-Type:
      - application/json
      Dd-Operation-Id:
      - UpdateLogsIndex
      User-Agent:
      - terraform-provider-datadog/dev (terraform 2.7.0; terraform-cli 1.0.0) datadog-api-client-go/1.2.1+dev (go go1.16; os darwin; arch amd64)
    url: https://api.datadoghq.com/api/v1/logs/config/indexes/tf-testaccdatadoglogsindex-basic-local-1627305201
    method: PUT
  response:
    body: '{"num_retention_days":15,"name":"tf-testaccdatadoglogsindex-basic-local-1627305201","is_rate_limited":false,"filter":{"query":"test:query"},"exclusion_filters":[],"daily_limit":null}'
    headers:
      Cache-Control:
      - no-cache
      Connection:
      - keep-alive
      Content-Security-Policy:
      - frame-ancestors 'self'; report-uri https://api.datadoghq.com/csp-report
      Content-Type:
      - application/json
      Date:
      - Mon, 26 Jul 2021 13:13:48 GMT
      Pragma:
      - no-cache
      Strict-Transport-Security:
      - max-age=15724800;
      Vary:
      - Accept-Encoding
      X-Content-Type-Options:
      - nosniff
      X-Frame-Options:
      - SAMEORIGIN
      X-Ratelimit-Limit:
      - "30"
      X-Ratelimit-Period:
      - "10"
      X-Ratelimit-Remaining:
      - "29"
      X-Ratelimit-Reset:
      - "2"
    status: 200 OK
    code: 200
    duration: ""
- request:
    body: ""
    form: {}
    headers:
      Accept:
      - application/json
      Dd-Operation-Id:
      - GetLogsIndex
      User-Agent:
      - terraform-provider-datadog/dev (terraform 2.7.0; terraform-cli 1.0.0) datadog-api-client-go/1.2.1+dev (go go1.16; os darwin; arch amd64)
    url: https://api.datadoghq.com/api/v1/logs/config/indexes/tf-testaccdatadoglogsindex-basic-local-1627305201
    method: GET
  response:
    body: '{"num_retention_days":15,"name":"tf-testaccdatadoglogsindex-basic-local-1627305201","is_rate_limited":false,"filter":{"query":"test:query"},"exclusion_filters":[],"daily_limit":null}'
    headers:
      Cache-Control:
      - no-cache
      Connection:
      - keep-alive
      Content-Security-Policy:
      - frame-ancestors 'self'; report-uri https://api.datadoghq.com/csp-report
      Content-Type:
      - application/json
      Date:
      - Mon, 26 Jul 2021 13:13:59 GMT
      Pragma:
      - no-cache
      Strict-Transport-Security:
      - max-age=15724800;
      Vary:
      - Accept-Encoding
      X-Content-Type-Options:
      - nosniff
      X-Frame-Options:
      - SAMEORIGIN
      X-Ratelimit-Limit:
      - "30"
      X-Ratelimit-Period:
      - "10"
      X-Ratelimit-Remaining:
      - "29"
      X-Ratelimit-Reset:
      - "1"
    status: 200 OK
    code: 200
    duration: ""
