---
version: 1
interactions:
- request:
    body: |
      {"description":"a global variable","name":"TF_TESTACCDATADOGSYNTHETICSGLOBALVARIABLE_BASIC_LOCAL_1617196411","tags":["foo:bar","baz"],"value":{"secure":false,"value":"variable-value"}}
    form: {}
    headers:
      Accept:
      - application/json
      Content-Type:
      - application/json
      Dd-Operation-Id:
      - CreateGlobalVariable
      User-Agent:
      - terraform-provider-datadog/dev (terraform 1.16.0; terraform-cli 0.12.7-sdk) datadog-api-client-go/1.0.0-beta.19+dev (go go1.15.3; os darwin; arch amd64)
    url: https://api.datadoghq.com/api/v1/synthetics/variables
    method: POST
  response:
    body: '{"parse_test_extracted_at":null,"description":"a global variable","tags":["foo:bar","baz"],"parse_test_public_id":null,"value":{"secure":false,"value":"variable-value"},"id":"b72f4840-0701-441e-bb06-b36c29971197","parse_test_options":null,"name":"TF_TESTACCDATADOGSYNTHETICSGLOBALVARIABLE_BASIC_LOCAL_1617196411","parse_test_name":null,"type":"variable"}'
    headers:
      Cache-Control:
      - no-cache
      Connection:
      - keep-alive
      Content-Security-Policy:
      - frame-ancestors 'self'; report-uri https://api.datadoghq.com/csp-report
      Content-Type:
      - application/json
      Date:
      - Wed, 31 Mar 2021 13:13:32 GMT
      Pragma:
      - no-cache
      Strict-Transport-Security:
      - max-age=15724800;
      Vary:
      - Accept-Encoding
      X-Content-Type-Options:
      - nosniff
      X-Dd-Debug:
      - Um4CoU685QqAscnxhS5BD+goWu2yX1Jd4zCfGzSsEvPPIm1qURZaF8dlLl/OEY4I
      X-Dd-Version:
      - "35.4208607"
      X-Frame-Options:
      - SAMEORIGIN
      X-Ratelimit-Limit:
      - "120"
      X-Ratelimit-Period:
      - "60"
      X-Ratelimit-Remaining:
      - "116"
      X-Ratelimit-Reset:
      - "28"
    status: 200 OK
    code: 200
    duration: ""
- request:
    body: ""
    form: {}
    headers:
      Accept:
      - application/json
      Dd-Operation-Id:
      - GetGlobalVariable
      User-Agent:
      - terraform-provider-datadog/dev (terraform 1.16.0; terraform-cli 0.12.7-sdk) datadog-api-client-go/1.0.0-beta.19+dev (go go1.15.3; os darwin; arch amd64)
    url: https://api.datadoghq.com/api/v1/synthetics/variables/b72f4840-0701-441e-bb06-b36c29971197
    method: GET
  response:
    body: '{"parse_test_extracted_at":null,"description":"a global variable","tags":["foo:bar","baz"],"parse_test_public_id":null,"value":{"secure":false,"value":"variable-value"},"id":"b72f4840-0701-441e-bb06-b36c29971197","parse_test_options":null,"name":"TF_TESTACCDATADOGSYNTHETICSGLOBALVARIABLE_BASIC_LOCAL_1617196411","created_at":"2021-03-31T13:13:32.244874+00:00","modified_at":"2021-03-31T13:13:32.244874+00:00","created_by":1445416,"parse_test_name":null,"type":"variable"}'
    headers:
      Cache-Control:
      - no-cache
      Connection:
      - keep-alive
      Content-Security-Policy:
      - frame-ancestors 'self'; report-uri https://api.datadoghq.com/csp-report
      Content-Type:
      - application/json
      Date:
      - Wed, 31 Mar 2021 13:13:32 GMT
      Pragma:
      - no-cache
      Strict-Transport-Security:
      - max-age=15724800;
      Vary:
      - Accept-Encoding
      X-Content-Type-Options:
      - nosniff
      X-Dd-Debug:
      - twvpGlmuom5y6A0pjGtXzTf554cmwJgTcCZ71fK4H/RDi+v5ehBK0zQiRcTJQG5C
      X-Dd-Version:
      - "35.4208607"
      X-Frame-Options:
      - SAMEORIGIN
      X-Ratelimit-Limit:
      - "120"
      X-Ratelimit-Period:
      - "60"
      X-Ratelimit-Remaining:
      - "100"
      X-Ratelimit-Reset:
      - "28"
    status: 200 OK
    code: 200
    duration: ""
- request:
    body: ""
    form: {}
    headers:
      Accept:
      - application/json
      Dd-Operation-Id:
      - GetGlobalVariable
      User-Agent:
      - terraform-provider-datadog/dev (terraform 1.16.0; terraform-cli 0.12.7-sdk) datadog-api-client-go/1.0.0-beta.19+dev (go go1.15.3; os darwin; arch amd64)
    url: https://api.datadoghq.com/api/v1/synthetics/variables/b72f4840-0701-441e-bb06-b36c29971197
    method: GET
  response:
    body: '{"parse_test_extracted_at":null,"description":"a global variable","tags":["foo:bar","baz"],"parse_test_public_id":null,"value":{"secure":false,"value":"variable-value"},"id":"b72f4840-0701-441e-bb06-b36c29971197","parse_test_options":null,"name":"TF_TESTACCDATADOGSYNTHETICSGLOBALVARIABLE_BASIC_LOCAL_1617196411","created_at":"2021-03-31T13:13:32.244874+00:00","modified_at":"2021-03-31T13:13:32.244874+00:00","created_by":1445416,"parse_test_name":null,"type":"variable"}'
    headers:
      Cache-Control:
      - no-cache
      Connection:
      - keep-alive
      Content-Security-Policy:
      - frame-ancestors 'self'; report-uri https://api.datadoghq.com/csp-report
      Content-Type:
      - application/json
      Date:
      - Wed, 31 Mar 2021 13:13:32 GMT
      Pragma:
      - no-cache
      Strict-Transport-Security:
      - max-age=15724800;
      Vary:
      - Accept-Encoding
      X-Content-Type-Options:
      - nosniff
      X-Dd-Debug:
      - mNzaoDhdDKO7t4QSrAe5X7pHd0bJND187D+vRbwoluXouE2m1UaQQX0RGCvRpLVE
      X-Dd-Version:
      - "35.4208607"
      X-Frame-Options:
      - SAMEORIGIN
      X-Ratelimit-Limit:
      - "120"
      X-Ratelimit-Period:
      - "60"
      X-Ratelimit-Remaining:
      - "99"
      X-Ratelimit-Reset:
      - "28"
    status: 200 OK
    code: 200
    duration: ""
- request:
    body: ""
    form: {}
    headers:
      Accept:
      - application/json
      Dd-Operation-Id:
      - GetGlobalVariable
      User-Agent:
      - terraform-provider-datadog/dev (terraform 1.16.0; terraform-cli 0.12.7-sdk) datadog-api-client-go/1.0.0-beta.19+dev (go go1.15.3; os darwin; arch amd64)
    url: https://api.datadoghq.com/api/v1/synthetics/variables/b72f4840-0701-441e-bb06-b36c29971197
    method: GET
  response:
    body: '{"parse_test_extracted_at":null,"description":"a global variable","tags":["foo:bar","baz"],"parse_test_public_id":null,"value":{"secure":false,"value":"variable-value"},"id":"b72f4840-0701-441e-bb06-b36c29971197","parse_test_options":null,"name":"TF_TESTACCDATADOGSYNTHETICSGLOBALVARIABLE_BASIC_LOCAL_1617196411","created_at":"2021-03-31T13:13:32.244874+00:00","modified_at":"2021-03-31T13:13:32.244874+00:00","created_by":1445416,"parse_test_name":null,"type":"variable"}'
    headers:
      Cache-Control:
      - no-cache
      Connection:
      - keep-alive
      Content-Security-Policy:
      - frame-ancestors 'self'; report-uri https://api.datadoghq.com/csp-report
      Content-Type:
      - application/json
      Date:
      - Wed, 31 Mar 2021 13:13:33 GMT
      Pragma:
      - no-cache
      Strict-Transport-Security:
      - max-age=15724800;
      Vary:
      - Accept-Encoding
      X-Content-Type-Options:
      - nosniff
      X-Dd-Debug:
      - PhosSd3Ch1B6B0DXI71steKUi7XhPDttnPiIP1NdXTw0VJNWpoUnYyBmODS5ne3q
      X-Dd-Version:
      - "35.4208607"
      X-Frame-Options:
      - SAMEORIGIN
      X-Ratelimit-Limit:
      - "120"
      X-Ratelimit-Period:
      - "60"
      X-Ratelimit-Remaining:
      - "98"
      X-Ratelimit-Reset:
      - "27"
    status: 200 OK
    code: 200
    duration: ""
- request:
    body: ""
    form: {}
    headers:
      Accept:
      - application/json
      Dd-Operation-Id:
      - GetGlobalVariable
      User-Agent:
      - terraform-provider-datadog/dev (terraform 1.16.0; terraform-cli 0.12.7-sdk) datadog-api-client-go/1.0.0-beta.19+dev (go go1.15.3; os darwin; arch amd64)
    url: https://api.datadoghq.com/api/v1/synthetics/variables/b72f4840-0701-441e-bb06-b36c29971197
    method: GET
  response:
    body: '{"parse_test_extracted_at":null,"description":"a global variable","tags":["foo:bar","baz"],"parse_test_public_id":null,"value":{"secure":false,"value":"variable-value"},"id":"b72f4840-0701-441e-bb06-b36c29971197","parse_test_options":null,"name":"TF_TESTACCDATADOGSYNTHETICSGLOBALVARIABLE_BASIC_LOCAL_1617196411","created_at":"2021-03-31T13:13:32.244874+00:00","modified_at":"2021-03-31T13:13:32.244874+00:00","created_by":1445416,"parse_test_name":null,"type":"variable"}'
    headers:
      Cache-Control:
      - no-cache
      Connection:
      - keep-alive
      Content-Security-Policy:
      - frame-ancestors 'self'; report-uri https://api.datadoghq.com/csp-report
      Content-Type:
      - application/json
      Date:
      - Wed, 31 Mar 2021 13:13:33 GMT
      Pragma:
      - no-cache
      Strict-Transport-Security:
      - max-age=15724800;
      Vary:
      - Accept-Encoding
      X-Content-Type-Options:
      - nosniff
      X-Dd-Debug:
      - F5gm0Rce1/Abr9/0Fw8HAqWfiz0FdiH8er/AXnN6lOn3L6KyGgbsLCwgPlob1No8
      X-Dd-Version:
      - "35.4208607"
      X-Frame-Options:
      - SAMEORIGIN
      X-Ratelimit-Limit:
      - "120"
      X-Ratelimit-Period:
      - "60"
      X-Ratelimit-Remaining:
      - "97"
      X-Ratelimit-Reset:
      - "27"
    status: 200 OK
    code: 200
    duration: ""
- request:
    body: ""
    form: {}
    headers:
      Accept:
      - application/json
      Dd-Operation-Id:
      - DeleteGlobalVariable
      User-Agent:
      - terraform-provider-datadog/dev (terraform 1.16.0; terraform-cli 0.12.7-sdk) datadog-api-client-go/1.0.0-beta.19+dev (go go1.15.3; os darwin; arch amd64)
    url: https://api.datadoghq.com/api/v1/synthetics/variables/b72f4840-0701-441e-bb06-b36c29971197
    method: DELETE
  response:
    body: "null"
    headers:
      Cache-Control:
      - no-cache
      Connection:
      - keep-alive
      Content-Length:
      - "4"
      Content-Security-Policy:
      - frame-ancestors 'self'; report-uri https://api.datadoghq.com/csp-report
      Content-Type:
      - application/json
      Date:
      - Wed, 31 Mar 2021 13:13:33 GMT
      Pragma:
      - no-cache
      Strict-Transport-Security:
      - max-age=15724800;
      X-Content-Type-Options:
      - nosniff
      X-Dd-Debug:
      - B1nwy/pPNqX+q4pQT22cdp1QCexE35IF8qwSHy0Nf7IW0Y881qtn4tXN1lpmzaKc
      X-Dd-Version:
      - "35.4208607"
      X-Frame-Options:
      - SAMEORIGIN
      X-Ratelimit-Limit:
      - "120"
      X-Ratelimit-Period:
      - "60"
      X-Ratelimit-Remaining:
      - "116"
      X-Ratelimit-Reset:
      - "27"
    status: 200 OK
    code: 200
    duration: ""
- request:
    body: ""
    form: {}
    headers:
      Accept:
      - application/json
      Dd-Operation-Id:
      - GetGlobalVariable
      User-Agent:
      - terraform-provider-datadog/dev (terraform 1.16.0; terraform-cli 0.12.7-sdk) datadog-api-client-go/1.0.0-beta.19+dev (go go1.15.3; os darwin; arch amd64)
    url: https://api.datadoghq.com/api/v1/synthetics/variables/b72f4840-0701-441e-bb06-b36c29971197
    method: GET
  response:
    body: '{"errors": ["Synthetics variable not found"]}'
    headers:
      Cache-Control:
      - no-cache
      Connection:
      - keep-alive
      Content-Security-Policy:
      - frame-ancestors 'self'; report-uri https://api.datadoghq.com/csp-report
      Content-Type:
      - application/json
      Date:
      - Wed, 31 Mar 2021 13:13:33 GMT
      Pragma:
      - no-cache
      Strict-Transport-Security:
      - max-age=15724800;
      Vary:
      - Accept-Encoding
      X-Content-Type-Options:
      - nosniff
      X-Dd-Version:
      - "35.4208607"
      X-Frame-Options:
      - SAMEORIGIN
      X-Ratelimit-Limit:
      - "120"
      X-Ratelimit-Period:
      - "60"
      X-Ratelimit-Remaining:
      - "96"
      X-Ratelimit-Reset:
      - "27"
    status: 404 Not Found
    code: 404
    duration: ""
