---
version: 1
interactions:
- request:
    body: |
      {"config":{"assertions":[],"configVariables":[],"request":{"basicAuth":{"password":"web-password","type":"web","username":"web-username"},"method":"GET","timeout":60,"url":"https://www.datadoghq.com"},"variables":[{"example":"597","name":"MY_PATTERN_VAR","pattern":"{{numeric(3)}}","secure":false,"type":"text"}]},"locations":["aws:eu-central-1"],"message":"Notify @datadog.user","name":"tf-TestAccDatadogSyntheticsBrowserTestBrowserVariables_Basic-local-1684527092","options":{"device_ids":["laptop_large"],"min_location_failed":1,"retry":{"count":2,"interval":300},"tick_every":900},"status":"paused","steps":[{"allowFailure":false,"isCritical":false,"name":"first step","noScreenshot":false,"params":{"check":"contains","value":"content"},"timeout":0,"type":"assertCurrentUrl"}],"tags":["foo:bar"],"type":"browser"}
    form: {}
    headers:
      Accept:
      - application/json
      Content-Type:
      - application/json
    url: https://api.datadoghq.com/api/v1/synthetics/tests/browser
    method: POST
  response:
    body: |
      {"public_id":"w5j-xws-e3n","name":"tf-TestAccDatadogSyntheticsBrowserTestBrowserVariables_Basic-local-1684527092","status":"paused","type":"browser","tags":["foo:bar"],"created_at":"2023-05-19T20:11:34.310985+00:00","modified_at":"2023-05-19T20:11:34.310985+00:00","config":{"assertions":[],"configVariables":[],"request":{"basicAuth":{"password":"web-password","type":"web","username":"web-username"},"method":"GET","timeout":60,"url":"https://www.datadoghq.com"},"variables":[{"example":"597","name":"MY_PATTERN_VAR","pattern":"{{numeric(3)}}","secure":false,"type":"text"}]},"message":"Notify @datadog.user","options":{"device_ids":["laptop_large"],"min_location_failed":1,"retry":{"count":2,"interval":300},"tick_every":900},"locations":["aws:eu-central-1"],"deleted_at":null,"monitor_id":119582181,"org_id":321813,"steps":[{"name":"first step","params":{"check":"contains","value":"content"},"timeout":0,"type":"assertCurrentUrl","allowFailure":false,"isCritical":false,"noScreenshot":false}]}
    headers:
      Content-Type:
      - application/json
    status: 200 OK
    code: 200
    duration: ""
- request:
    body: ""
    form: {}
    headers:
      Accept:
      - application/json
    url: https://api.datadoghq.com/api/v1/synthetics/tests/browser/w5j-xws-e3n
    method: GET
  response:
    body: |
      {"public_id":"w5j-xws-e3n","name":"tf-TestAccDatadogSyntheticsBrowserTestBrowserVariables_Basic-local-1684527092","status":"paused","type":"browser","tags":["foo:bar"],"created_at":"2023-05-19T20:11:34.310985+00:00","modified_at":"2023-05-19T20:11:34.310985+00:00","config":{"assertions":[],"configVariables":[],"request":{"basicAuth":{"password":"web-password","type":"web","username":"web-username"},"method":"GET","timeout":60,"url":"https://www.datadoghq.com"},"variables":[{"example":"597","name":"MY_PATTERN_VAR","pattern":"{{numeric(3)}}","secure":false,"type":"text"}]},"message":"Notify @datadog.user","options":{"device_ids":["laptop_large"],"min_location_failed":1,"retry":{"count":2,"interval":300},"tick_every":900},"locations":["aws:eu-central-1"],"monitor_id":119582181,"creator":{"name":null,"handle":"frog@datadoghq.com","email":"frog@datadoghq.com"},"steps":[{"name":"first step","params":{"check":"contains","value":"content"},"timeout":0,"type":"assertCurrentUrl","allowFailure":false,"isCritical":false,"noScreenshot":false}]}
    headers:
      Content-Type:
      - application/json
    status: 200 OK
    code: 200
    duration: ""
- request:
    body: ""
    form: {}
    headers:
      Accept:
      - application/json
    url: https://api.datadoghq.com/api/v1/synthetics/tests/w5j-xws-e3n
    method: GET
  response:
    body: |
      {"public_id":"w5j-xws-e3n","name":"tf-TestAccDatadogSyntheticsBrowserTestBrowserVariables_Basic-local-1684527092","status":"paused","type":"browser","tags":["foo:bar"],"created_at":"2023-05-19T20:11:34.310985+00:00","modified_at":"2023-05-19T20:11:34.310985+00:00","config":{"assertions":[],"configVariables":[],"request":{"basicAuth":{"password":"web-password","type":"web","username":"web-username"},"method":"GET","timeout":60,"url":"https://www.datadoghq.com"},"variables":[{"example":"597","name":"MY_PATTERN_VAR","pattern":"{{numeric(3)}}","secure":false,"type":"text"}]},"message":"Notify @datadog.user","options":{"device_ids":["laptop_large"],"min_location_failed":1,"retry":{"count":2,"interval":300},"tick_every":900},"locations":["aws:eu-central-1"],"monitor_id":119582181,"creator":{"name":null,"handle":"frog@datadoghq.com","email":"frog@datadoghq.com"}}
    headers:
      Content-Type:
      - application/json
    status: 200 OK
    code: 200
    duration: ""
- request:
    body: ""
    form: {}
    headers:
      Accept:
      - application/json
    url: https://api.datadoghq.com/api/v1/synthetics/tests/w5j-xws-e3n
    method: GET
  response:
    body: |
      {"public_id":"w5j-xws-e3n","name":"tf-TestAccDatadogSyntheticsBrowserTestBrowserVariables_Basic-local-1684527092","status":"paused","type":"browser","tags":["foo:bar"],"created_at":"2023-05-19T20:11:34.310985+00:00","modified_at":"2023-05-19T20:11:34.310985+00:00","config":{"assertions":[],"configVariables":[],"request":{"basicAuth":{"password":"web-password","type":"web","username":"web-username"},"method":"GET","timeout":60,"url":"https://www.datadoghq.com"},"variables":[{"example":"597","name":"MY_PATTERN_VAR","pattern":"{{numeric(3)}}","secure":false,"type":"text"}]},"message":"Notify @datadog.user","options":{"device_ids":["laptop_large"],"min_location_failed":1,"retry":{"count":2,"interval":300},"tick_every":900},"locations":["aws:eu-central-1"],"monitor_id":119582181,"creator":{"name":null,"handle":"frog@datadoghq.com","email":"frog@datadoghq.com"}}
    headers:
      Content-Type:
      - application/json
    status: 200 OK
    code: 200
    duration: ""
- request:
    body: ""
    form: {}
    headers:
      Accept:
      - application/json
    url: https://api.datadoghq.com/api/v1/synthetics/tests/browser/w5j-xws-e3n
    method: GET
  response:
    body: |
      {"public_id":"w5j-xws-e3n","name":"tf-TestAccDatadogSyntheticsBrowserTestBrowserVariables_Basic-local-1684527092","status":"paused","type":"browser","tags":["foo:bar"],"created_at":"2023-05-19T20:11:34.310985+00:00","modified_at":"2023-05-19T20:11:34.310985+00:00","config":{"assertions":[],"configVariables":[],"request":{"basicAuth":{"password":"web-password","type":"web","username":"web-username"},"method":"GET","timeout":60,"url":"https://www.datadoghq.com"},"variables":[{"example":"597","name":"MY_PATTERN_VAR","pattern":"{{numeric(3)}}","secure":false,"type":"text"}]},"message":"Notify @datadog.user","options":{"device_ids":["laptop_large"],"min_location_failed":1,"retry":{"count":2,"interval":300},"tick_every":900},"locations":["aws:eu-central-1"],"monitor_id":119582181,"creator":{"name":null,"handle":"frog@datadoghq.com","email":"frog@datadoghq.com"},"steps":[{"name":"first step","params":{"check":"contains","value":"content"},"timeout":0,"type":"assertCurrentUrl","allowFailure":false,"isCritical":false,"noScreenshot":false}]}
    headers:
      Content-Type:
      - application/json
    status: 200 OK
    code: 200
    duration: ""
- request:
    body: |
      {"public_ids":["w5j-xws-e3n"]}
    form: {}
    headers:
      Accept:
      - application/json
      Content-Type:
      - application/json
    url: https://api.datadoghq.com/api/v1/synthetics/tests/delete
    method: POST
  response:
    body: |
      {"deleted_tests":[{"public_id":"w5j-xws-e3n","deleted_at":"2023-05-19T20:11:35.756325+00:00"}]}
    headers:
      Content-Type:
      - application/json
    status: 200 OK
    code: 200
    duration: ""
- request:
    body: ""
    form: {}
    headers:
      Accept:
      - application/json
    url: https://api.datadoghq.com/api/v1/synthetics/tests/w5j-xws-e3n
    method: GET
  response:
    body: '{"errors":["Synthetics test not found"]}'
    headers:
      Content-Type:
      - application/json
    status: 404 Not Found
    code: 404
    duration: ""
