---
version: 1
interactions:
- request:
    body: |
      {"config":{"assertions":[],"configVariables":[],"request":{"method":"GET","url":"https://www.datadoghq.com"},"variables":[]},"locations":["aws:eu-central-1"],"message":"","name":"tf-TestAccDatadogSyntheticsBrowserTestBrowserNewBrowserStep_Basic-local-1629898251-subtest","options":{"device_ids":["laptop_large"],"min_location_failed":1,"monitor_options":{"renotify_interval":100},"retry":{"count":2,"interval":300},"tick_every":900},"status":"paused","tags":[],"type":"browser"}
    form: {}
    headers:
      Accept:
      - application/json
      Content-Type:
      - application/json
      Dd-Operation-Id:
      - CreateSyntheticsBrowserTest
      User-Agent:
      - terraform-provider-datadog/dev (terraform 2.7.0; terraform-cli 0.13.3) datadog-api-client-go/1.2.1+dev (go go1.16.6; os darwin; arch amd64)
    url: https://api.datadoghq.com/api/v1/synthetics/tests/browser
    method: POST
  response:
    body: '{"status":"paused","public_id":"5pf-ey2-rxc","tags":[],"org_id":321813,"locations":["aws:eu-central-1"],"message":"","deleted_at":null,"name":"tf-TestAccDatadogSyntheticsBrowserTestBrowserNewBrowserStep_Basic-local-1629898251-subtest","monitor_id":44662354,"type":"browser","created_at":"2021-08-25T13:30:53.358123+00:00","modified_at":"2021-08-25T13:30:53.358123+00:00","config":{"variables":[],"request":{"url":"https://www.datadoghq.com","method":"GET"},"assertions":[],"configVariables":[]},"options":{"retry":{"count":2,"interval":300},"monitor_options":{"notify_audit":false,"locked":false,"include_tags":true,"new_host_delay":300,"notify_no_data":false,"renotify_interval":100},"device_ids":["laptop_large"],"min_location_failed":1,"tick_every":900}}'
    headers:
      Cache-Control:
      - no-cache
      Connection:
      - keep-alive
      Content-Security-Policy:
      - frame-ancestors 'self'; report-uri https://api.datadoghq.com/csp-report
      Content-Type:
      - application/json
      Date:
      - Wed, 25 Aug 2021 13:30:53 GMT
      Pragma:
      - no-cache
      Vary:
      - Accept-Encoding
      X-Content-Type-Options:
      - nosniff
      X-Frame-Options:
      - SAMEORIGIN
      X-Ratelimit-Limit:
      - "12000"
      X-Ratelimit-Period:
      - "60"
      X-Ratelimit-Remaining:
      - "11992"
      X-Ratelimit-Reset:
      - "7"
    status: 200 OK
    code: 200
    duration: ""
- request:
    body: |
      {"config":{"assertions":[],"configVariables":[],"request":{"body":"this is a body","headers":{"Accept":"application/json","X-Datadog-Trace-ID":"123456789"},"method":"GET","timeout":30,"url":"https://www.datadoghq.com"},"variables":[]},"locations":["aws:eu-central-1"],"message":"Notify @datadog.user","name":"tf-TestAccDatadogSyntheticsBrowserTestBrowserNewBrowserStep_Basic-local-1629898251","options":{"device_ids":["laptop_large","mobile_small"],"min_location_failed":1,"monitor_options":{"renotify_interval":100},"retry":{"count":2,"interval":300},"tick_every":900},"status":"paused","steps":[{"allowFailure":false,"name":"first step","params":{"check":"contains","value":"content"},"timeout":0,"type":"assertCurrentUrl"},{"allowFailure":false,"name":"scroll step","params":{"x":100,"y":200},"timeout":0,"type":"scroll"},{"allowFailure":false,"name":"api step","params":{"request":{"config":{"assertions":[],"request":{"method":"GET","url":"https://example.com"}},"options":{},"subtype":"http"}},"timeout":0,"type":"runApiTest"},{"allowFailure":false,"name":"subtest","params":{"playingTabId":0,"subtestPublicId":"5pf-ey2-rxc"},"timeout":0,"type":"playSubTest"},{"allowFailure":false,"name":"wait step","params":{"value":100},"timeout":0,"type":"wait"},{"allowFailure":false,"name":"extract variable step","params":{"code":"return 123","variable":{"example":"","name":"VAR_FROM_JS"}},"timeout":0,"type":"extractFromJavascript"},{"allowFailure":false,"name":"click step","params":{"element":{"multiLocator":{"ab":"/*[local-name()=\"html\"][1]/*[local-name()=\"body\"][1]/*[local-name()=\"nav\"][1]/*[local-name()=\"div\"][1]/*[local-name()=\"div\"][1]/*[local-name()=\"a\"][1]/*[local-name()=\"div\"][1]/*[local-name()=\"div\"][1]/*[local-name()=\"img\"][1]","at":"/descendant::*[@src=\"https://imgix.datadoghq.com/img/dd_logo_n_70x75.png\"]","cl":"/descendant::*[contains(concat('''', normalize-space(@class), '' ''), \" dog \")]/*[local-name()=\"img\"][1]","clt":"/descendant::*[contains(concat('''', normalize-space(@class), '' ''), \" dog \")]/*[local-name()=\"img\"][1]","co":"","ro":"//*[@src=\"https://imgix.datadoghq.com/img/dd_logo_n_70x75.png\"]"},"targetOuterHTML":"img height=\"75\" src=\"https://imgix.datadoghq.com/img/dd_logo_n_70x75.png...","url":"https://www.datadoghq.com/"}},"timeout":0,"type":"click"}],"tags":["foo:bar","baz"],"type":"browser"}
    form: {}
    headers:
      Accept:
      - application/json
      Content-Type:
      - application/json
      Dd-Operation-Id:
      - CreateSyntheticsBrowserTest
      User-Agent:
      - terraform-provider-datadog/dev (terraform 2.7.0; terraform-cli 0.13.3) datadog-api-client-go/1.2.1+dev (go go1.16.6; os darwin; arch amd64)
    url: https://api.datadoghq.com/api/v1/synthetics/tests/browser
    method: POST
  response:
    body: '{"status":"paused","public_id":"kzj-w3f-dmd","tags":["foo:bar","baz"],"org_id":321813,"locations":["aws:eu-central-1"],"message":"Notify @datadog.user","deleted_at":null,"name":"tf-TestAccDatadogSyntheticsBrowserTestBrowserNewBrowserStep_Basic-local-1629898251","monitor_id":44662358,"type":"browser","created_at":"2021-08-25T13:30:53.693913+00:00","modified_at":"2021-08-25T13:30:53.693913+00:00","steps":[{"name":"first step","allowFailure":false,"params":{"check":"contains","value":"content"},"timeout":0,"type":"assertCurrentUrl"},{"name":"scroll step","allowFailure":false,"params":{"y":200,"x":100},"timeout":0,"type":"scroll"},{"name":"api step","allowFailure":false,"params":{"request":{"subtype":"http","config":{"request":{"url":"https://example.com","method":"GET"},"assertions":[]},"options":{}}},"timeout":0,"type":"runApiTest"},{"name":"subtest","allowFailure":false,"params":{"playingTabId":0,"subtestPublicId":"5pf-ey2-rxc"},"timeout":0,"type":"playSubTest"},{"name":"wait step","allowFailure":false,"params":{"value":100},"timeout":0,"type":"wait"},{"name":"extract variable step","allowFailure":false,"params":{"variable":{"example":"","name":"VAR_FROM_JS"},"code":"return 123"},"timeout":0,"type":"extractFromJavascript"},{"name":"click step","allowFailure":false,"params":{"element":{"targetOuterHTML":"img height=\"75\" src=\"https://imgix.datadoghq.com/img/dd_logo_n_70x75.png...","url":"https://www.datadoghq.com/","multiLocator":{"ab":"/*[local-name()=\"html\"][1]/*[local-name()=\"body\"][1]/*[local-name()=\"nav\"][1]/*[local-name()=\"div\"][1]/*[local-name()=\"div\"][1]/*[local-name()=\"a\"][1]/*[local-name()=\"div\"][1]/*[local-name()=\"div\"][1]/*[local-name()=\"img\"][1]","co":"","cl":"/descendant::*[contains(concat('''''''', normalize-space(@class), '''' ''''), \" dog \")]/*[local-name()=\"img\"][1]","at":"/descendant::*[@src=\"https://imgix.datadoghq.com/img/dd_logo_n_70x75.png\"]","clt":"/descendant::*[contains(concat('''''''', normalize-space(@class), '''' ''''), \" dog \")]/*[local-name()=\"img\"][1]","ro":"//*[@src=\"https://imgix.datadoghq.com/img/dd_logo_n_70x75.png\"]"}}},"timeout":0,"type":"click"}],"config":{"variables":[],"request":{"body":"this is a body","headers":{"Accept":"application/json","X-Datadog-Trace-ID":"123456789"},"url":"https://www.datadoghq.com","timeout":30,"method":"GET"},"assertions":[],"configVariables":[]},"options":{"retry":{"count":2,"interval":300},"monitor_options":{"notify_audit":false,"locked":false,"include_tags":true,"new_host_delay":300,"notify_no_data":false,"renotify_interval":100},"device_ids":["laptop_large","mobile_small"],"min_location_failed":1,"tick_every":900}}'
    headers:
      Cache-Control:
      - no-cache
      Connection:
      - keep-alive
      Content-Security-Policy:
      - frame-ancestors 'self'; report-uri https://api.datadoghq.com/csp-report
      Content-Type:
      - application/json
      Date:
      - Wed, 25 Aug 2021 13:30:53 GMT
      Pragma:
      - no-cache
      Vary:
      - Accept-Encoding
      X-Content-Type-Options:
      - nosniff
      X-Frame-Options:
      - SAMEORIGIN
      X-Ratelimit-Limit:
      - "12000"
      X-Ratelimit-Period:
      - "60"
      X-Ratelimit-Remaining:
      - "11991"
      X-Ratelimit-Reset:
      - "7"
    status: 200 OK
    code: 200
    duration: ""
- request:
    body: ""
    form: {}
    headers:
      Accept:
      - application/json
      Dd-Operation-Id:
      - GetTest
      User-Agent:
      - terraform-provider-datadog/dev (terraform 2.7.0; terraform-cli 0.13.3) datadog-api-client-go/1.2.1+dev (go go1.16.6; os darwin; arch amd64)
    url: https://api.datadoghq.com/api/v1/synthetics/tests/kzj-w3f-dmd
    method: GET
  response:
    body: '{"status":"paused","public_id":"kzj-w3f-dmd","tags":["foo:bar","baz"],"locations":["aws:eu-central-1"],"message":"Notify @datadog.user","name":"tf-TestAccDatadogSyntheticsBrowserTestBrowserNewBrowserStep_Basic-local-1629898251","monitor_id":44662358,"type":"browser","config":{"variables":[],"request":{"body":"this is a body","headers":{"Accept":"application/json","X-Datadog-Trace-ID":"123456789"},"url":"https://www.datadoghq.com","timeout":30,"method":"GET"},"assertions":[],"configVariables":[]},"options":{"retry":{"count":2,"interval":300},"monitor_options":{"notify_audit":false,"locked":false,"include_tags":true,"new_host_delay":300,"notify_no_data":false,"renotify_interval":100},"device_ids":["laptop_large","mobile_small"],"min_location_failed":1,"tick_every":900}}'
    headers:
      Cache-Control:
      - no-cache
      Connection:
      - keep-alive
      Content-Security-Policy:
      - frame-ancestors 'self'; report-uri https://api.datadoghq.com/csp-report
      Content-Type:
      - application/json
      Date:
      - Wed, 25 Aug 2021 13:30:54 GMT
      Pragma:
      - no-cache
      Vary:
      - Accept-Encoding
      X-Content-Type-Options:
      - nosniff
      X-Frame-Options:
      - SAMEORIGIN
      X-Ratelimit-Limit:
      - "1000"
      X-Ratelimit-Period:
      - "60"
      X-Ratelimit-Remaining:
      - "979"
      X-Ratelimit-Reset:
      - "6"
    status: 200 OK
    code: 200
    duration: ""
- request:
    body: ""
    form: {}
    headers:
      Accept:
      - application/json
      Dd-Operation-Id:
      - GetTest
      User-Agent:
      - terraform-provider-datadog/dev (terraform 2.7.0; terraform-cli 0.13.3) datadog-api-client-go/1.2.1+dev (go go1.16.6; os darwin; arch amd64)
    url: https://api.datadoghq.com/api/v1/synthetics/tests/5pf-ey2-rxc
    method: GET
  response:
    body: '{"status":"paused","public_id":"5pf-ey2-rxc","tags":[],"locations":["aws:eu-central-1"],"message":"","name":"tf-TestAccDatadogSyntheticsBrowserTestBrowserNewBrowserStep_Basic-local-1629898251-subtest","monitor_id":44662354,"type":"browser","config":{"variables":[],"request":{"url":"https://www.datadoghq.com","method":"GET"},"assertions":[],"configVariables":[]},"options":{"retry":{"count":2,"interval":300},"monitor_options":{"notify_audit":false,"locked":false,"include_tags":true,"new_host_delay":300,"notify_no_data":false,"renotify_interval":100},"device_ids":["laptop_large"],"min_location_failed":1,"tick_every":900}}'
    headers:
      Cache-Control:
      - no-cache
      Connection:
      - keep-alive
      Content-Security-Policy:
      - frame-ancestors 'self'; report-uri https://api.datadoghq.com/csp-report
      Content-Type:
      - application/json
      Date:
      - Wed, 25 Aug 2021 13:30:54 GMT
      Pragma:
      - no-cache
      Vary:
      - Accept-Encoding
      X-Content-Type-Options:
      - nosniff
      X-Frame-Options:
      - SAMEORIGIN
      X-Ratelimit-Limit:
      - "1000"
      X-Ratelimit-Period:
      - "60"
      X-Ratelimit-Remaining:
      - "977"
      X-Ratelimit-Reset:
      - "6"
    status: 200 OK
    code: 200
    duration: ""
- request:
    body: ""
    form: {}
    headers:
      Accept:
      - application/json
      Dd-Operation-Id:
      - GetTest
      User-Agent:
      - terraform-provider-datadog/dev (terraform 2.7.0; terraform-cli 0.13.3) datadog-api-client-go/1.2.1+dev (go go1.16.6; os darwin; arch amd64)
    url: https://api.datadoghq.com/api/v1/synthetics/tests/5pf-ey2-rxc
    method: GET
  response:
    body: '{"status":"paused","public_id":"5pf-ey2-rxc","tags":[],"locations":["aws:eu-central-1"],"message":"","name":"tf-TestAccDatadogSyntheticsBrowserTestBrowserNewBrowserStep_Basic-local-1629898251-subtest","monitor_id":44662354,"type":"browser","config":{"variables":[],"request":{"url":"https://www.datadoghq.com","method":"GET"},"assertions":[],"configVariables":[]},"options":{"retry":{"count":2,"interval":300},"monitor_options":{"notify_audit":false,"locked":false,"include_tags":true,"new_host_delay":300,"notify_no_data":false,"renotify_interval":100},"device_ids":["laptop_large"],"min_location_failed":1,"tick_every":900}}'
    headers:
      Cache-Control:
      - no-cache
      Connection:
      - keep-alive
      Content-Security-Policy:
      - frame-ancestors 'self'; report-uri https://api.datadoghq.com/csp-report
      Content-Type:
      - application/json
      Date:
      - Wed, 25 Aug 2021 13:30:55 GMT
      Pragma:
      - no-cache
      Vary:
      - Accept-Encoding
      X-Content-Type-Options:
      - nosniff
      X-Frame-Options:
      - SAMEORIGIN
      X-Ratelimit-Limit:
      - "1000"
      X-Ratelimit-Period:
      - "60"
      X-Ratelimit-Remaining:
      - "969"
      X-Ratelimit-Reset:
      - "6"
    status: 200 OK
    code: 200
    duration: ""
- request:
    body: ""
    form: {}
    headers:
      Accept:
      - application/json
      Dd-Operation-Id:
      - GetBrowserTest
      User-Agent:
      - terraform-provider-datadog/dev (terraform 2.7.0; terraform-cli 0.13.3) datadog-api-client-go/1.2.1+dev (go go1.16.6; os darwin; arch amd64)
    url: https://api.datadoghq.com/api/v1/synthetics/tests/browser/5pf-ey2-rxc
    method: GET
  response:
    body: '{"status":"paused","public_id":"5pf-ey2-rxc","tags":[],"locations":["aws:eu-central-1"],"message":"","name":"tf-TestAccDatadogSyntheticsBrowserTestBrowserNewBrowserStep_Basic-local-1629898251-subtest","monitor_id":44662354,"type":"browser","steps":[],"config":{"variables":[],"request":{"url":"https://www.datadoghq.com","method":"GET"},"assertions":[],"configVariables":[]},"options":{"retry":{"count":2,"interval":300},"monitor_options":{"notify_audit":false,"locked":false,"include_tags":true,"new_host_delay":300,"notify_no_data":false,"renotify_interval":100},"device_ids":["laptop_large"],"min_location_failed":1,"tick_every":900}}'
    headers:
      Cache-Control:
      - no-cache
      Connection:
      - keep-alive
      Content-Security-Policy:
      - frame-ancestors 'self'; report-uri https://api.datadoghq.com/csp-report
      Content-Type:
      - application/json
      Date:
      - Wed, 25 Aug 2021 13:30:55 GMT
      Pragma:
      - no-cache
      Vary:
      - Accept-Encoding
      X-Content-Type-Options:
      - nosniff
      X-Frame-Options:
      - SAMEORIGIN
      X-Ratelimit-Limit:
      - "1000"
      X-Ratelimit-Period:
      - "60"
      X-Ratelimit-Remaining:
      - "968"
      X-Ratelimit-Reset:
      - "5"
    status: 200 OK
    code: 200
    duration: ""
- request:
    body: ""
    form: {}
    headers:
      Accept:
      - application/json
      Dd-Operation-Id:
      - GetTest
      User-Agent:
      - terraform-provider-datadog/dev (terraform 2.7.0; terraform-cli 0.13.3) datadog-api-client-go/1.2.1+dev (go go1.16.6; os darwin; arch amd64)
    url: https://api.datadoghq.com/api/v1/synthetics/tests/kzj-w3f-dmd
    method: GET
  response:
    body: '{"status":"paused","public_id":"kzj-w3f-dmd","tags":["foo:bar","baz"],"locations":["aws:eu-central-1"],"message":"Notify @datadog.user","name":"tf-TestAccDatadogSyntheticsBrowserTestBrowserNewBrowserStep_Basic-local-1629898251","monitor_id":44662358,"type":"browser","config":{"variables":[],"request":{"body":"this is a body","headers":{"Accept":"application/json","X-Datadog-Trace-ID":"123456789"},"url":"https://www.datadoghq.com","timeout":30,"method":"GET"},"assertions":[],"configVariables":[]},"options":{"retry":{"count":2,"interval":300},"monitor_options":{"notify_audit":false,"locked":false,"include_tags":true,"new_host_delay":300,"notify_no_data":false,"renotify_interval":100},"device_ids":["laptop_large","mobile_small"],"min_location_failed":1,"tick_every":900}}'
    headers:
      Cache-Control:
      - no-cache
      Connection:
      - keep-alive
      Content-Security-Policy:
      - frame-ancestors 'self'; report-uri https://api.datadoghq.com/csp-report
      Content-Type:
      - application/json
      Date:
      - Wed, 25 Aug 2021 13:30:55 GMT
      Pragma:
      - no-cache
      Vary:
      - Accept-Encoding
      X-Content-Type-Options:
      - nosniff
      X-Frame-Options:
      - SAMEORIGIN
      X-Ratelimit-Limit:
      - "1000"
      X-Ratelimit-Period:
      - "60"
      X-Ratelimit-Remaining:
      - "967"
      X-Ratelimit-Reset:
      - "5"
    status: 200 OK
    code: 200
    duration: ""
- request:
    body: ""
    form: {}
    headers:
      Accept:
      - application/json
      Dd-Operation-Id:
      - GetBrowserTest
      User-Agent:
      - terraform-provider-datadog/dev (terraform 2.7.0; terraform-cli 0.13.3) datadog-api-client-go/1.2.1+dev (go go1.16.6; os darwin; arch amd64)
    url: https://api.datadoghq.com/api/v1/synthetics/tests/browser/kzj-w3f-dmd
    method: GET
  response:
    body: '{"status":"paused","public_id":"kzj-w3f-dmd","tags":["foo:bar","baz"],"locations":["aws:eu-central-1"],"message":"Notify @datadog.user","name":"tf-TestAccDatadogSyntheticsBrowserTestBrowserNewBrowserStep_Basic-local-1629898251","monitor_id":44662358,"type":"browser","steps":[{"name":"first step","allowFailure":false,"params":{"check":"contains","value":"content"},"timeout":0,"type":"assertCurrentUrl"},{"name":"scroll step","allowFailure":false,"params":{"y":200,"x":100},"timeout":0,"type":"scroll"},{"name":"api step","allowFailure":false,"params":{"request":{"subtype":"http","config":{"request":{"url":"https://example.com","method":"GET"},"assertions":[]},"options":{}}},"timeout":0,"type":"runApiTest"},{"name":"subtest","allowFailure":false,"params":{"playingTabId":0,"subtestPublicId":"5pf-ey2-rxc"},"timeout":0,"type":"playSubTest"},{"name":"wait step","allowFailure":false,"params":{"value":100},"timeout":0,"type":"wait"},{"name":"extract variable step","allowFailure":false,"params":{"variable":{"example":"","name":"VAR_FROM_JS"},"code":"return 123"},"timeout":0,"type":"extractFromJavascript"},{"name":"click step","allowFailure":false,"params":{"element":{"targetOuterHTML":"img height=\"75\" src=\"https://imgix.datadoghq.com/img/dd_logo_n_70x75.png...","url":"https://www.datadoghq.com/","multiLocator":{"ab":"/*[local-name()=\"html\"][1]/*[local-name()=\"body\"][1]/*[local-name()=\"nav\"][1]/*[local-name()=\"div\"][1]/*[local-name()=\"div\"][1]/*[local-name()=\"a\"][1]/*[local-name()=\"div\"][1]/*[local-name()=\"div\"][1]/*[local-name()=\"img\"][1]","co":"","cl":"/descendant::*[contains(concat('''''''', normalize-space(@class), '''' ''''), \" dog \")]/*[local-name()=\"img\"][1]","at":"/descendant::*[@src=\"https://imgix.datadoghq.com/img/dd_logo_n_70x75.png\"]","clt":"/descendant::*[contains(concat('''''''', normalize-space(@class), '''' ''''), \" dog \")]/*[local-name()=\"img\"][1]","ro":"//*[@src=\"https://imgix.datadoghq.com/img/dd_logo_n_70x75.png\"]"}}},"timeout":0,"type":"click"}],"config":{"variables":[],"request":{"body":"this is a body","headers":{"Accept":"application/json","X-Datadog-Trace-ID":"123456789"},"url":"https://www.datadoghq.com","timeout":30,"method":"GET"},"assertions":[],"configVariables":[]},"options":{"retry":{"count":2,"interval":300},"monitor_options":{"notify_audit":false,"locked":false,"include_tags":true,"new_host_delay":300,"notify_no_data":false,"renotify_interval":100},"device_ids":["laptop_large","mobile_small"],"min_location_failed":1,"tick_every":900}}'
    headers:
      Cache-Control:
      - no-cache
      Connection:
      - keep-alive
      Content-Security-Policy:
      - frame-ancestors 'self'; report-uri https://api.datadoghq.com/csp-report
      Content-Type:
      - application/json
      Date:
      - Wed, 25 Aug 2021 13:30:55 GMT
      Pragma:
      - no-cache
      Vary:
      - Accept-Encoding
      X-Content-Type-Options:
      - nosniff
      X-Frame-Options:
      - SAMEORIGIN
      X-Ratelimit-Limit:
      - "1000"
      X-Ratelimit-Period:
      - "60"
      X-Ratelimit-Remaining:
      - "964"
      X-Ratelimit-Reset:
      - "5"
    status: 200 OK
    code: 200
    duration: ""
- request:
    body: |
      {"public_ids":["kzj-w3f-dmd"]}
    form: {}
    headers:
      Accept:
      - application/json
      Content-Type:
      - application/json
      Dd-Operation-Id:
      - DeleteTests
      User-Agent:
      - terraform-provider-datadog/dev (terraform 2.7.0; terraform-cli 0.13.3) datadog-api-client-go/1.2.1+dev (go go1.16.6; os darwin; arch amd64)
    url: https://api.datadoghq.com/api/v1/synthetics/tests/delete
    method: POST
  response:
    body: '{"deleted_tests":[{"deleted_at":"2021-08-25T13:30:56.797729+00:00","public_id":"kzj-w3f-dmd"}]}'
    headers:
      Cache-Control:
      - no-cache
      Connection:
      - keep-alive
      Content-Security-Policy:
      - frame-ancestors 'self'; report-uri https://api.datadoghq.com/csp-report
      Content-Type:
      - application/json
      Date:
      - Wed, 25 Aug 2021 13:30:57 GMT
      Pragma:
      - no-cache
      Vary:
      - Accept-Encoding
      X-Content-Type-Options:
      - nosniff
      X-Frame-Options:
      - SAMEORIGIN
      X-Ratelimit-Limit:
      - "12000"
      X-Ratelimit-Period:
      - "60"
      X-Ratelimit-Remaining:
      - "11993"
      X-Ratelimit-Reset:
      - "4"
    status: 200 OK
    code: 200
    duration: ""
- request:
    body: |
      {"public_ids":["5pf-ey2-rxc"]}
    form: {}
    headers:
      Accept:
      - application/json
      Content-Type:
      - application/json
      Dd-Operation-Id:
      - DeleteTests
      User-Agent:
      - terraform-provider-datadog/dev (terraform 2.7.0; terraform-cli 0.13.3) datadog-api-client-go/1.2.1+dev (go go1.16.6; os darwin; arch amd64)
    url: https://api.datadoghq.com/api/v1/synthetics/tests/delete
    method: POST
  response:
    body: '{"deleted_tests":[{"deleted_at":"2021-08-25T13:30:57.271312+00:00","public_id":"5pf-ey2-rxc"}]}'
    headers:
      Cache-Control:
      - no-cache
      Connection:
      - keep-alive
      Content-Security-Policy:
      - frame-ancestors 'self'; report-uri https://api.datadoghq.com/csp-report
      Content-Type:
      - application/json
      Date:
      - Wed, 25 Aug 2021 13:30:58 GMT
      Pragma:
      - no-cache
      Vary:
      - Accept-Encoding
      X-Content-Type-Options:
      - nosniff
      X-Frame-Options:
      - SAMEORIGIN
      X-Ratelimit-Limit:
      - "12000"
      X-Ratelimit-Period:
      - "60"
      X-Ratelimit-Remaining:
      - "11992"
      X-Ratelimit-Reset:
      - "3"
    status: 200 OK
    code: 200
    duration: ""
- request:
    body: ""
    form: {}
    headers:
      Accept:
      - application/json
      Dd-Operation-Id:
      - GetTest
      User-Agent:
      - terraform-provider-datadog/dev (terraform 2.7.0; terraform-cli 0.13.3) datadog-api-client-go/1.2.1+dev (go go1.16.6; os darwin; arch amd64)
    url: https://api.datadoghq.com/api/v1/synthetics/tests/kzj-w3f-dmd
    method: GET
  response:
    body: '{"errors": ["Synthetics test not found"]}'
    headers:
      Cache-Control:
      - no-cache
      Connection:
      - keep-alive
      Content-Security-Policy:
      - frame-ancestors 'self'; report-uri https://api.datadoghq.com/csp-report
      Content-Type:
      - application/json
      Date:
      - Wed, 25 Aug 2021 13:30:58 GMT
      Pragma:
      - no-cache
      Vary:
      - Accept-Encoding
      X-Content-Type-Options:
      - nosniff
      X-Frame-Options:
      - SAMEORIGIN
      X-Ratelimit-Limit:
      - "1000"
      X-Ratelimit-Period:
      - "60"
      X-Ratelimit-Remaining:
      - "957"
      X-Ratelimit-Reset:
      - "2"
    status: 404 Not Found
    code: 404
    duration: ""
- request:
    body: ""
    form: {}
    headers:
      Accept:
      - application/json
      Dd-Operation-Id:
      - GetTest
      User-Agent:
      - terraform-provider-datadog/dev (terraform 2.7.0; terraform-cli 0.13.3) datadog-api-client-go/1.2.1+dev (go go1.16.6; os darwin; arch amd64)
    url: https://api.datadoghq.com/api/v1/synthetics/tests/5pf-ey2-rxc
    method: GET
  response:
    body: '{"errors": ["Synthetics test not found"]}'
    headers:
      Cache-Control:
      - no-cache
      Connection:
      - keep-alive
      Content-Security-Policy:
      - frame-ancestors 'self'; report-uri https://api.datadoghq.com/csp-report
      Content-Type:
      - application/json
      Date:
      - Wed, 25 Aug 2021 13:30:58 GMT
      Pragma:
      - no-cache
      Vary:
      - Accept-Encoding
      X-Content-Type-Options:
      - nosniff
      X-Frame-Options:
      - SAMEORIGIN
      X-Ratelimit-Limit:
      - "1000"
      X-Ratelimit-Period:
      - "60"
      X-Ratelimit-Remaining:
      - "956"
      X-Ratelimit-Reset:
      - "2"
    status: 404 Not Found
    code: 404
    duration: ""
