---
version: 1
interactions:
- request:
    body: |
      {"message":"some message Notify: @hipchat-channel","name":"tf-TestAccDatadogMonitor_Basic_float_int-local-1612795341","options":{"escalation_message":"the situation has escalated @pagerduty","include_tags":true,"new_host_delay":300,"no_data_timeframe":10,"notify_no_data":false,"renotify_interval":60,"require_full_window":true,"thresholds":{"critical":2,"critical_recovery":1,"warning":1,"warning_recovery":0},"timeout_h":60},"priority":0,"query":"avg(last_1h):avg:aws.ec2.cpu{environment:foo,host:foo} by {host} \u003e 2","tags":["baz","foo:bar"],"type":"query alert"}
    form: {}
    headers:
      Accept:
      - application/json
      Content-Type:
      - application/json
      Dd-Operation-Id:
      - ValidateMonitor
      User-Agent:
      - terraform-provider-datadog/dev (terraform 1.16.0; terraform-cli 0.12.7-sdk)
        datadog-api-client-go/1.0.0-beta.15 (go go1.15.7; os darwin; arch amd64)
    url: https://api.datadoghq.com/api/v1/monitor/validate
    method: POST
  response:
    body: '{}'
    headers:
      Cache-Control:
      - no-cache
      Connection:
      - keep-alive
      Content-Length:
      - "2"
      Content-Security-Policy:
      - frame-ancestors 'self'; report-uri https://api.datadoghq.com/csp-report
      Content-Type:
      - application/json
      Date:
      - Mon, 08 Feb 2021 14:42:22 GMT
      Pragma:
      - no-cache
      Set-Cookie:
      - DD-PSHARD=233; Max-Age=604800; Path=/; expires=Mon, 15-Feb-2021 14:42:22 GMT;
        secure; HttpOnly
      Strict-Transport-Security:
      - max-age=15724800;
      X-Content-Type-Options:
      - nosniff
      X-Dd-Debug:
      - L3ULR3HwCWYmEqCWGz2Yob3chcH4pjowBacBXkncP7o+/uPqKt9yGEYf/g1AJPzQ
      X-Dd-Version:
      - "35.3864097"
      X-Frame-Options:
      - SAMEORIGIN
    status: 200 OK
    code: 200
    duration: ""
- request:
    body: |
      {"message":"some message Notify: @hipchat-channel","name":"tf-TestAccDatadogMonitor_Basic_float_int-local-1612795341","options":{"escalation_message":"the situation has escalated @pagerduty","include_tags":true,"new_host_delay":300,"no_data_timeframe":10,"notify_no_data":false,"renotify_interval":60,"require_full_window":true,"thresholds":{"critical":2,"critical_recovery":1,"warning":1,"warning_recovery":0},"timeout_h":60},"priority":0,"query":"avg(last_1h):avg:aws.ec2.cpu{environment:foo,host:foo} by {host} \u003e 2","tags":["baz","foo:bar"],"type":"query alert"}
    form: {}
    headers:
      Accept:
      - application/json
      Content-Type:
      - application/json
      Dd-Operation-Id:
      - ValidateMonitor
      User-Agent:
      - terraform-provider-datadog/dev (terraform 1.16.0; terraform-cli 0.12.7-sdk)
        datadog-api-client-go/1.0.0-beta.15 (go go1.15.7; os darwin; arch amd64)
    url: https://api.datadoghq.com/api/v1/monitor/validate
    method: POST
  response:
    body: '{}'
    headers:
      Cache-Control:
      - no-cache
      Connection:
      - keep-alive
      Content-Length:
      - "2"
      Content-Security-Policy:
      - frame-ancestors 'self'; report-uri https://api.datadoghq.com/csp-report
      Content-Type:
      - application/json
      Date:
      - Mon, 08 Feb 2021 14:42:22 GMT
      Pragma:
      - no-cache
      Set-Cookie:
      - DD-PSHARD=233; Max-Age=604800; Path=/; expires=Mon, 15-Feb-2021 14:42:22 GMT;
        secure; HttpOnly
      Strict-Transport-Security:
      - max-age=15724800;
      X-Content-Type-Options:
      - nosniff
      X-Dd-Debug:
      - dCmL/3rURV6BPeaqeP3Rxigq41m5CAb17XjrRE42uZ01zpr07HVhbL5/3TWMkvgu
      X-Dd-Version:
      - "35.3864097"
      X-Frame-Options:
      - SAMEORIGIN
    status: 200 OK
    code: 200
    duration: ""
- request:
    body: |
      {"message":"some message Notify: @hipchat-channel","name":"tf-TestAccDatadogMonitor_Basic_float_int-local-1612795341","options":{"escalation_message":"the situation has escalated @pagerduty","include_tags":true,"new_host_delay":300,"notify_no_data":false,"renotify_interval":60,"require_full_window":true,"thresholds":{"critical":2,"critical_recovery":1,"warning":1,"warning_recovery":0},"timeout_h":60},"priority":0,"query":"avg(last_1h):avg:aws.ec2.cpu{environment:foo,host:foo} by {host} \u003e 2","tags":["baz","foo:bar"],"type":"query alert"}
    form: {}
    headers:
      Accept:
      - application/json
      Content-Type:
      - application/json
      Dd-Operation-Id:
      - CreateMonitor
      User-Agent:
      - terraform-provider-datadog/dev (terraform 1.16.0; terraform-cli 0.12.7-sdk)
        datadog-api-client-go/1.0.0-beta.15 (go go1.15.7; os darwin; arch amd64)
    url: https://api.datadoghq.com/api/v1/monitor
    method: POST
  response:
    body: '{"restricted_roles":null,"tags":["baz","foo:bar"],"deleted":null,"query":"avg(last_1h):avg:aws.ec2.cpu{environment:foo,host:foo}
      by {host} > 2","message":"some message Notify: @hipchat-channel","id":30001125,"multi":true,"name":"tf-TestAccDatadogMonitor_Basic_float_int-local-1612795341","created":"2021-02-08T14:42:22.442590+00:00","created_at":1612795342000,"creator":{"id":1445416,"handle":"frog@datadoghq.com","name":null,"email":"frog@datadoghq.com"},"org_id":321813,"modified":"2021-02-08T14:42:22.442590+00:00","priority":null,"overall_state_modified":null,"overall_state":"No
      Data","type":"query alert","options":{"notify_audit":false,"locked":false,"timeout_h":60,"silenced":{},"include_tags":true,"thresholds":{"critical":2.0,"warning":1.0,"warning_recovery":0.0,"critical_recovery":1.0},"require_full_window":true,"new_host_delay":300,"notify_no_data":false,"renotify_interval":60,"escalation_message":"the
      situation has escalated @pagerduty"}}'
    headers:
      Cache-Control:
      - no-cache
      Connection:
      - keep-alive
      Content-Security-Policy:
      - frame-ancestors 'self'; report-uri https://api.datadoghq.com/csp-report
      Content-Type:
      - application/json
      Date:
      - Mon, 08 Feb 2021 14:42:22 GMT
      Pragma:
      - no-cache
      Set-Cookie:
      - DD-PSHARD=233; Max-Age=604800; Path=/; expires=Mon, 15-Feb-2021 14:42:22 GMT;
        secure; HttpOnly
      Strict-Transport-Security:
      - max-age=15724800;
      Vary:
      - Accept-Encoding
      X-Content-Type-Options:
      - nosniff
      X-Dd-Debug:
      - twvpGlmuom5y6A0pjGtXzTf554cmwJgTcCZ71fK4H/RDi+v5ehBK0zQiRcTJQG5C
      X-Dd-Version:
      - "35.3864097"
      X-Frame-Options:
      - SAMEORIGIN
      X-Ratelimit-Limit:
      - "500"
      X-Ratelimit-Period:
      - "10"
      X-Ratelimit-Remaining:
      - "499"
      X-Ratelimit-Reset:
      - "8"
    status: 200 OK
    code: 200
    duration: ""
- request:
    body: ""
    form: {}
    headers:
      Accept:
      - application/json
      Dd-Operation-Id:
      - GetMonitor
      User-Agent:
      - terraform-provider-datadog/dev (terraform 1.16.0; terraform-cli 0.12.7-sdk)
        datadog-api-client-go/1.0.0-beta.15 (go go1.15.7; os darwin; arch amd64)
    url: https://api.datadoghq.com/api/v1/monitor/30001125
    method: GET
  response:
    body: '{"restricted_roles":null,"tags":["baz","foo:bar"],"deleted":null,"query":"avg(last_1h):avg:aws.ec2.cpu{environment:foo,host:foo}
      by {host} > 2","message":"some message Notify: @hipchat-channel","id":30001125,"multi":true,"name":"tf-TestAccDatadogMonitor_Basic_float_int-local-1612795341","created":"2021-02-08T14:42:22.442590+00:00","created_at":1612795342000,"creator":{"id":1445416,"handle":"frog@datadoghq.com","name":null,"email":"frog@datadoghq.com"},"org_id":321813,"modified":"2021-02-08T14:42:22.442590+00:00","priority":null,"overall_state_modified":null,"overall_state":"No
      Data","type":"query alert","options":{"notify_audit":false,"locked":false,"timeout_h":60,"silenced":{},"include_tags":true,"thresholds":{"critical":2.0,"warning":1.0,"warning_recovery":0.0,"critical_recovery":1.0},"require_full_window":true,"new_host_delay":300,"notify_no_data":false,"renotify_interval":60,"escalation_message":"the
      situation has escalated @pagerduty"}}'
    headers:
      Cache-Control:
      - no-cache
      Connection:
      - keep-alive
      Content-Security-Policy:
      - frame-ancestors 'self'; report-uri https://api.datadoghq.com/csp-report
      Content-Type:
      - application/json
      Date:
      - Mon, 08 Feb 2021 14:42:22 GMT
      Pragma:
      - no-cache
      Set-Cookie:
      - DD-PSHARD=233; Max-Age=604800; Path=/; expires=Mon, 15-Feb-2021 14:42:22 GMT;
        secure; HttpOnly
      Strict-Transport-Security:
      - max-age=15724800;
      Vary:
      - Accept-Encoding
      X-Content-Type-Options:
      - nosniff
      X-Dd-Debug:
      - L3ULR3HwCWYmEqCWGz2Yob3chcH4pjowBacBXkncP7o+/uPqKt9yGEYf/g1AJPzQ
      X-Dd-Version:
      - "35.3864097"
      X-Frame-Options:
      - SAMEORIGIN
      X-Ratelimit-Limit:
      - "3000"
      X-Ratelimit-Period:
      - "10"
      X-Ratelimit-Remaining:
      - "2999"
      X-Ratelimit-Reset:
      - "8"
    status: 200 OK
    code: 200
    duration: ""
- request:
    body: ""
    form: {}
    headers:
      User-Agent:
      - terraform-provider-datadog/dev (terraform 1.16.0; terraform-cli 0.12.7-sdk)
        datadog-api-client-go/go-datadog-api (go go1.15.7; os darwin; arch amd64)
    url: https://api.datadoghq.com/api/v1/monitor/30001125
    method: GET
  response:
    body: '{"restricted_roles":null,"tags":["baz","foo:bar"],"deleted":null,"query":"avg(last_1h):avg:aws.ec2.cpu{environment:foo,host:foo}
      by {host} > 2","message":"some message Notify: @hipchat-channel","id":30001125,"multi":true,"name":"tf-TestAccDatadogMonitor_Basic_float_int-local-1612795341","created":"2021-02-08T14:42:22.442590+00:00","created_at":1612795342000,"creator":{"id":1445416,"handle":"frog@datadoghq.com","name":null,"email":"frog@datadoghq.com"},"org_id":321813,"modified":"2021-02-08T14:42:22.442590+00:00","priority":null,"overall_state_modified":null,"overall_state":"No
      Data","type":"query alert","options":{"notify_audit":false,"locked":false,"timeout_h":60,"silenced":{},"include_tags":true,"thresholds":{"critical":2.0,"warning":1.0,"warning_recovery":0.0,"critical_recovery":1.0},"require_full_window":true,"new_host_delay":300,"notify_no_data":false,"renotify_interval":60,"escalation_message":"the
      situation has escalated @pagerduty"}}'
    headers:
      Cache-Control:
      - no-cache
      Connection:
      - keep-alive
      Content-Security-Policy:
      - frame-ancestors 'self'; report-uri https://api.datadoghq.com/csp-report
      Content-Type:
      - application/json
      Date:
      - Mon, 08 Feb 2021 14:42:22 GMT
      Pragma:
      - no-cache
      Set-Cookie:
      - DD-PSHARD=233; Max-Age=604800; Path=/; expires=Mon, 15-Feb-2021 14:42:22 GMT;
        secure; HttpOnly
      Strict-Transport-Security:
      - max-age=15724800;
      Vary:
      - Accept-Encoding
      X-Content-Type-Options:
      - nosniff
      X-Dd-Debug:
      - Um4CoU685QqAscnxhS5BD+goWu2yX1Jd4zCfGzSsEvPPIm1qURZaF8dlLl/OEY4I
      X-Dd-Version:
      - "35.3864097"
      X-Frame-Options:
      - SAMEORIGIN
      X-Ratelimit-Limit:
      - "3000"
      X-Ratelimit-Period:
      - "10"
      X-Ratelimit-Remaining:
      - "2998"
      X-Ratelimit-Reset:
      - "8"
    status: 200 OK
    code: 200
    duration: ""
- request:
    body: |
      {"message":"some message Notify: @hipchat-channel","name":"tf-TestAccDatadogMonitor_Basic_float_int-local-1612795341","options":{"escalation_message":"the situation has escalated @pagerduty","include_tags":true,"new_host_delay":300,"no_data_timeframe":10,"notify_no_data":false,"renotify_interval":60,"require_full_window":true,"thresholds":{"critical":2,"critical_recovery":1,"warning":1,"warning_recovery":0},"timeout_h":60},"priority":0,"query":"avg(last_1h):avg:aws.ec2.cpu{environment:foo,host:foo} by {host} \u003e 2","tags":["baz","foo:bar"],"type":"query alert"}
    form: {}
    headers:
      Accept:
      - application/json
      Content-Type:
      - application/json
      Dd-Operation-Id:
      - ValidateMonitor
      User-Agent:
      - terraform-provider-datadog/dev (terraform 1.16.0; terraform-cli 0.12.7-sdk)
        datadog-api-client-go/1.0.0-beta.15 (go go1.15.7; os darwin; arch amd64)
    url: https://api.datadoghq.com/api/v1/monitor/validate
    method: POST
  response:
    body: '{}'
    headers:
      Cache-Control:
      - no-cache
      Connection:
      - keep-alive
      Content-Length:
      - "2"
      Content-Security-Policy:
      - frame-ancestors 'self'; report-uri https://api.datadoghq.com/csp-report
      Content-Type:
      - application/json
      Date:
      - Mon, 08 Feb 2021 14:42:22 GMT
      Pragma:
      - no-cache
      Set-Cookie:
      - DD-PSHARD=233; Max-Age=604800; Path=/; expires=Mon, 15-Feb-2021 14:42:22 GMT;
        secure; HttpOnly
      Strict-Transport-Security:
      - max-age=15724800;
      X-Content-Type-Options:
      - nosniff
      X-Dd-Debug:
      - Um4CoU685QqAscnxhS5BD+goWu2yX1Jd4zCfGzSsEvPPIm1qURZaF8dlLl/OEY4I
      X-Dd-Version:
      - "35.3864097"
      X-Frame-Options:
      - SAMEORIGIN
    status: 200 OK
    code: 200
    duration: ""
- request:
    body: ""
    form: {}
    headers:
      Accept:
      - application/json
      Dd-Operation-Id:
      - GetMonitor
      User-Agent:
      - terraform-provider-datadog/dev (terraform 1.16.0; terraform-cli 0.12.7-sdk)
        datadog-api-client-go/1.0.0-beta.15 (go go1.15.7; os darwin; arch amd64)
    url: https://api.datadoghq.com/api/v1/monitor/30001125
    method: GET
  response:
    body: '{"restricted_roles":null,"tags":["baz","foo:bar"],"deleted":null,"query":"avg(last_1h):avg:aws.ec2.cpu{environment:foo,host:foo}
      by {host} > 2","message":"some message Notify: @hipchat-channel","id":30001125,"multi":true,"name":"tf-TestAccDatadogMonitor_Basic_float_int-local-1612795341","created":"2021-02-08T14:42:22.442590+00:00","created_at":1612795342000,"creator":{"id":1445416,"handle":"frog@datadoghq.com","name":null,"email":"frog@datadoghq.com"},"org_id":321813,"modified":"2021-02-08T14:42:22.442590+00:00","priority":null,"overall_state_modified":null,"overall_state":"No
      Data","type":"query alert","options":{"notify_audit":false,"locked":false,"timeout_h":60,"silenced":{},"include_tags":true,"thresholds":{"critical":2.0,"warning":1.0,"warning_recovery":0.0,"critical_recovery":1.0},"require_full_window":true,"new_host_delay":300,"notify_no_data":false,"renotify_interval":60,"escalation_message":"the
      situation has escalated @pagerduty"}}'
    headers:
      Cache-Control:
      - no-cache
      Connection:
      - keep-alive
      Content-Security-Policy:
      - frame-ancestors 'self'; report-uri https://api.datadoghq.com/csp-report
      Content-Type:
      - application/json
      Date:
      - Mon, 08 Feb 2021 14:42:23 GMT
      Pragma:
      - no-cache
      Set-Cookie:
      - DD-PSHARD=233; Max-Age=604800; Path=/; expires=Mon, 15-Feb-2021 14:42:23 GMT;
        secure; HttpOnly
      Strict-Transport-Security:
      - max-age=15724800;
      Vary:
      - Accept-Encoding
      X-Content-Type-Options:
      - nosniff
      X-Dd-Debug:
      - 25u1gDlL724DHllbjFT4BhOLorBTilh+aah2uWAUEjFC/+rjczJdiyWrV/HwLwe/
      X-Dd-Version:
      - "35.3864097"
      X-Frame-Options:
      - SAMEORIGIN
      X-Ratelimit-Limit:
      - "3000"
      X-Ratelimit-Period:
      - "10"
      X-Ratelimit-Remaining:
      - "2997"
      X-Ratelimit-Reset:
      - "7"
    status: 200 OK
    code: 200
    duration: ""
- request:
    body: |
      {"message":"some message Notify: @hipchat-channel","name":"tf-TestAccDatadogMonitor_Basic_float_int-local-1612795341","options":{"escalation_message":"the situation has escalated @pagerduty","include_tags":true,"new_host_delay":300,"no_data_timeframe":10,"notify_no_data":false,"renotify_interval":60,"require_full_window":true,"thresholds":{"critical":2,"critical_recovery":1,"warning":1,"warning_recovery":0},"timeout_h":60},"priority":0,"query":"avg(last_1h):avg:aws.ec2.cpu{environment:foo,host:foo} by {host} \u003e 2","tags":["baz","foo:bar"],"type":"query alert"}
    form: {}
    headers:
      Accept:
      - application/json
      Content-Type:
      - application/json
      Dd-Operation-Id:
      - ValidateMonitor
      User-Agent:
      - terraform-provider-datadog/dev (terraform 1.16.0; terraform-cli 0.12.7-sdk)
        datadog-api-client-go/1.0.0-beta.15 (go go1.15.7; os darwin; arch amd64)
    url: https://api.datadoghq.com/api/v1/monitor/validate
    method: POST
  response:
    body: '{}'
    headers:
      Cache-Control:
      - no-cache
      Connection:
      - keep-alive
      Content-Length:
      - "2"
      Content-Security-Policy:
      - frame-ancestors 'self'; report-uri https://api.datadoghq.com/csp-report
      Content-Type:
      - application/json
      Date:
      - Mon, 08 Feb 2021 14:42:23 GMT
      Pragma:
      - no-cache
      Set-Cookie:
      - DD-PSHARD=233; Max-Age=604800; Path=/; expires=Mon, 15-Feb-2021 14:42:23 GMT;
        secure; HttpOnly
      Strict-Transport-Security:
      - max-age=15724800;
      X-Content-Type-Options:
      - nosniff
      X-Dd-Debug:
      - HbtaOKlJ6OCrx9tMXO6ivMTrEM+g0c93HDp08trmOmgdHozC5J+vn10F0H4WPjCU
      X-Dd-Version:
      - "35.3864097"
      X-Frame-Options:
      - SAMEORIGIN
    status: 200 OK
    code: 200
    duration: ""
- request:
    body: ""
    form: {}
    headers:
      Accept:
      - application/json
      Dd-Operation-Id:
      - GetMonitor
      User-Agent:
      - terraform-provider-datadog/dev (terraform 1.16.0; terraform-cli 0.12.7-sdk)
        datadog-api-client-go/1.0.0-beta.15 (go go1.15.7; os darwin; arch amd64)
    url: https://api.datadoghq.com/api/v1/monitor/30001125
    method: GET
  response:
    body: '{"restricted_roles":null,"tags":["baz","foo:bar"],"deleted":null,"query":"avg(last_1h):avg:aws.ec2.cpu{environment:foo,host:foo}
      by {host} > 2","message":"some message Notify: @hipchat-channel","id":30001125,"multi":true,"name":"tf-TestAccDatadogMonitor_Basic_float_int-local-1612795341","created":"2021-02-08T14:42:22.442590+00:00","created_at":1612795342000,"creator":{"id":1445416,"handle":"frog@datadoghq.com","name":null,"email":"frog@datadoghq.com"},"org_id":321813,"modified":"2021-02-08T14:42:22.442590+00:00","priority":null,"overall_state_modified":null,"overall_state":"No
      Data","type":"query alert","options":{"notify_audit":false,"locked":false,"timeout_h":60,"silenced":{},"include_tags":true,"thresholds":{"critical":2.0,"warning":1.0,"warning_recovery":0.0,"critical_recovery":1.0},"require_full_window":true,"new_host_delay":300,"notify_no_data":false,"renotify_interval":60,"escalation_message":"the
      situation has escalated @pagerduty"}}'
    headers:
      Cache-Control:
      - no-cache
      Connection:
      - keep-alive
      Content-Security-Policy:
      - frame-ancestors 'self'; report-uri https://api.datadoghq.com/csp-report
      Content-Type:
      - application/json
      Date:
      - Mon, 08 Feb 2021 14:42:23 GMT
      Pragma:
      - no-cache
      Set-Cookie:
      - DD-PSHARD=233; Max-Age=604800; Path=/; expires=Mon, 15-Feb-2021 14:42:23 GMT;
        secure; HttpOnly
      Strict-Transport-Security:
      - max-age=15724800;
      Vary:
      - Accept-Encoding
      X-Content-Type-Options:
      - nosniff
      X-Dd-Debug:
      - PhosSd3Ch1B6B0DXI71steKUi7XhPDttnPiIP1NdXTw0VJNWpoUnYyBmODS5ne3q
      X-Dd-Version:
      - "35.3864097"
      X-Frame-Options:
      - SAMEORIGIN
      X-Ratelimit-Limit:
      - "3000"
      X-Ratelimit-Period:
      - "10"
      X-Ratelimit-Remaining:
      - "2996"
      X-Ratelimit-Reset:
      - "7"
    status: 200 OK
    code: 200
    duration: ""
- request:
    body: |
      {"message":"some message Notify: @hipchat-channel","name":"tf-TestAccDatadogMonitor_Basic_float_int-local-1612795341","options":{"escalation_message":"the situation has escalated @pagerduty","include_tags":true,"new_host_delay":300,"no_data_timeframe":10,"notify_no_data":false,"renotify_interval":60,"require_full_window":true,"thresholds":{"critical":3,"critical_recovery":2,"warning":1,"warning_recovery":0.5},"timeout_h":60},"priority":0,"query":"avg(last_1h):avg:aws.ec2.cpu{environment:foo,host:foo} by {host} \u003e 3","tags":["baz","foo:bar"],"type":"query alert"}
    form: {}
    headers:
      Accept:
      - application/json
      Content-Type:
      - application/json
      Dd-Operation-Id:
      - ValidateMonitor
      User-Agent:
      - terraform-provider-datadog/dev (terraform 1.16.0; terraform-cli 0.12.7-sdk)
        datadog-api-client-go/1.0.0-beta.15 (go go1.15.7; os darwin; arch amd64)
    url: https://api.datadoghq.com/api/v1/monitor/validate
    method: POST
  response:
    body: '{}'
    headers:
      Cache-Control:
      - no-cache
      Connection:
      - keep-alive
      Content-Length:
      - "2"
      Content-Security-Policy:
      - frame-ancestors 'self'; report-uri https://api.datadoghq.com/csp-report
      Content-Type:
      - application/json
      Date:
      - Mon, 08 Feb 2021 14:42:23 GMT
      Pragma:
      - no-cache
      Set-Cookie:
      - DD-PSHARD=233; Max-Age=604800; Path=/; expires=Mon, 15-Feb-2021 14:42:23 GMT;
        secure; HttpOnly
      Strict-Transport-Security:
      - max-age=15724800;
      X-Content-Type-Options:
      - nosniff
      X-Dd-Debug:
      - dCmL/3rURV6BPeaqeP3Rxigq41m5CAb17XjrRE42uZ01zpr07HVhbL5/3TWMkvgu
      X-Dd-Version:
      - "35.3864097"
      X-Frame-Options:
      - SAMEORIGIN
    status: 200 OK
    code: 200
    duration: ""
- request:
    body: |
      {"message":"some message Notify: @hipchat-channel","name":"tf-TestAccDatadogMonitor_Basic_float_int-local-1612795341","options":{"escalation_message":"the situation has escalated @pagerduty","include_tags":true,"new_host_delay":300,"no_data_timeframe":10,"notify_no_data":false,"renotify_interval":60,"require_full_window":true,"thresholds":{"critical":3,"critical_recovery":2,"warning":1,"warning_recovery":0.5},"timeout_h":60},"priority":0,"query":"avg(last_1h):avg:aws.ec2.cpu{environment:foo,host:foo} by {host} \u003e 3","tags":["baz","foo:bar"],"type":"query alert"}
    form: {}
    headers:
      Accept:
      - application/json
      Content-Type:
      - application/json
      Dd-Operation-Id:
      - ValidateMonitor
      User-Agent:
      - terraform-provider-datadog/dev (terraform 1.16.0; terraform-cli 0.12.7-sdk)
        datadog-api-client-go/1.0.0-beta.15 (go go1.15.7; os darwin; arch amd64)
    url: https://api.datadoghq.com/api/v1/monitor/validate
    method: POST
  response:
    body: '{}'
    headers:
      Cache-Control:
      - no-cache
      Connection:
      - keep-alive
      Content-Length:
      - "2"
      Content-Security-Policy:
      - frame-ancestors 'self'; report-uri https://api.datadoghq.com/csp-report
      Content-Type:
      - application/json
      Date:
      - Mon, 08 Feb 2021 14:42:23 GMT
      Pragma:
      - no-cache
      Set-Cookie:
      - DD-PSHARD=233; Max-Age=604800; Path=/; expires=Mon, 15-Feb-2021 14:42:23 GMT;
        secure; HttpOnly
      Strict-Transport-Security:
      - max-age=15724800;
      X-Content-Type-Options:
      - nosniff
      X-Dd-Debug:
      - SY1h8ScsWq+kYmtbh63ltMLFAZsQjqfrgvdfAoRX+9TzT1sgMBRYaFRwfWWRRe9a
      X-Dd-Version:
      - "35.3864097"
      X-Frame-Options:
      - SAMEORIGIN
    status: 200 OK
    code: 200
    duration: ""
- request:
    body: |
      {"id":30001125,"message":"some message Notify: @hipchat-channel","name":"tf-TestAccDatadogMonitor_Basic_float_int-local-1612795341","options":{"escalation_message":"the situation has escalated @pagerduty","include_tags":true,"new_host_delay":300,"notify_no_data":false,"renotify_interval":60,"require_full_window":true,"thresholds":{"critical":3,"critical_recovery":2,"warning":1,"warning_recovery":0.5},"timeout_h":60},"priority":0,"query":"avg(last_1h):avg:aws.ec2.cpu{environment:foo,host:foo} by {host} \u003e 3","tags":["baz","foo:bar"],"type":"query alert"}
    form: {}
    headers:
      Accept:
      - application/json
      Content-Type:
      - application/json
      Dd-Operation-Id:
      - UpdateMonitor
      User-Agent:
      - terraform-provider-datadog/dev (terraform 1.16.0; terraform-cli 0.12.7-sdk)
        datadog-api-client-go/1.0.0-beta.15 (go go1.15.7; os darwin; arch amd64)
    url: https://api.datadoghq.com/api/v1/monitor/30001125
    method: PUT
  response:
    body: '{"restricted_roles":null,"tags":["baz","foo:bar"],"deleted":null,"query":"avg(last_1h):avg:aws.ec2.cpu{environment:foo,host:foo}
      by {host} > 3","message":"some message Notify: @hipchat-channel","id":30001125,"multi":true,"name":"tf-TestAccDatadogMonitor_Basic_float_int-local-1612795341","created":"2021-02-08T14:42:22.442590+00:00","created_at":1612795342000,"org_id":321813,"modified":"2021-02-08T14:42:24.113537+00:00","priority":null,"overall_state_modified":null,"overall_state":"No
      Data","type":"query alert","options":{"notify_audit":false,"locked":false,"timeout_h":60,"silenced":{},"include_tags":true,"thresholds":{"critical":3.0,"warning":1.0,"warning_recovery":0.5,"critical_recovery":2.0},"require_full_window":true,"new_host_delay":300,"notify_no_data":false,"renotify_interval":60,"escalation_message":"the
      situation has escalated @pagerduty"}}'
    headers:
      Cache-Control:
      - no-cache
      Connection:
      - keep-alive
      Content-Security-Policy:
      - frame-ancestors 'self'; report-uri https://api.datadoghq.com/csp-report
      Content-Type:
      - application/json
      Date:
      - Mon, 08 Feb 2021 14:42:24 GMT
      Pragma:
      - no-cache
      Set-Cookie:
      - DD-PSHARD=233; Max-Age=604800; Path=/; expires=Mon, 15-Feb-2021 14:42:24 GMT;
        secure; HttpOnly
      Strict-Transport-Security:
      - max-age=15724800;
      Vary:
      - Accept-Encoding
      X-Content-Type-Options:
      - nosniff
      X-Dd-Debug:
      - 5gfwVh/5HZ+AnGd/Di93w3NEWC6KMHT9KzmHEiRJmNdOjBtAsbOcgVFyqEChw71h
      X-Dd-Version:
      - "35.3864097"
      X-Frame-Options:
      - SAMEORIGIN
      X-Ratelimit-Limit:
      - "500"
      X-Ratelimit-Period:
      - "10"
      X-Ratelimit-Remaining:
      - "499"
      X-Ratelimit-Reset:
      - "6"
    status: 200 OK
    code: 200
    duration: ""
- request:
    body: ""
    form: {}
    headers:
      User-Agent:
      - terraform-provider-datadog/dev (terraform 1.16.0; terraform-cli 0.12.7-sdk)
        datadog-api-client-go/go-datadog-api (go go1.15.7; os darwin; arch amd64)
    url: https://api.datadoghq.com/api/v1/monitor/30001125
    method: GET
  response:
    body: '{"restricted_roles":null,"tags":["baz","foo:bar"],"deleted":null,"query":"avg(last_1h):avg:aws.ec2.cpu{environment:foo,host:foo}
      by {host} > 3","message":"some message Notify: @hipchat-channel","id":30001125,"multi":true,"name":"tf-TestAccDatadogMonitor_Basic_float_int-local-1612795341","created":"2021-02-08T14:42:22.442590+00:00","created_at":1612795342000,"creator":{"id":1445416,"handle":"frog@datadoghq.com","name":null,"email":"frog@datadoghq.com"},"org_id":321813,"modified":"2021-02-08T14:42:24.113537+00:00","priority":null,"overall_state_modified":null,"overall_state":"No
      Data","type":"query alert","options":{"notify_audit":false,"locked":false,"timeout_h":60,"silenced":{},"include_tags":true,"thresholds":{"critical":3.0,"warning":1.0,"warning_recovery":0.5,"critical_recovery":2.0},"require_full_window":true,"new_host_delay":300,"notify_no_data":false,"renotify_interval":60,"escalation_message":"the
      situation has escalated @pagerduty"}}'
    headers:
      Cache-Control:
      - no-cache
      Connection:
      - keep-alive
      Content-Security-Policy:
      - frame-ancestors 'self'; report-uri https://api.datadoghq.com/csp-report
      Content-Type:
      - application/json
      Date:
      - Mon, 08 Feb 2021 14:42:24 GMT
      Pragma:
      - no-cache
      Set-Cookie:
      - DD-PSHARD=233; Max-Age=604800; Path=/; expires=Mon, 15-Feb-2021 14:42:24 GMT;
        secure; HttpOnly
      Strict-Transport-Security:
      - max-age=15724800;
      Vary:
      - Accept-Encoding
      X-Content-Type-Options:
      - nosniff
      X-Dd-Debug:
      - HbtaOKlJ6OCrx9tMXO6ivMTrEM+g0c93HDp08trmOmgdHozC5J+vn10F0H4WPjCU
      X-Dd-Version:
      - "35.3864097"
      X-Frame-Options:
      - SAMEORIGIN
      X-Ratelimit-Limit:
      - "3000"
      X-Ratelimit-Period:
      - "10"
      X-Ratelimit-Remaining:
      - "2995"
      X-Ratelimit-Reset:
      - "6"
    status: 200 OK
    code: 200
    duration: ""
- request:
    body: |
      {"message":"some message Notify: @hipchat-channel","name":"tf-TestAccDatadogMonitor_Basic_float_int-local-1612795341","options":{"escalation_message":"the situation has escalated @pagerduty","include_tags":true,"new_host_delay":300,"no_data_timeframe":10,"notify_no_data":false,"renotify_interval":60,"require_full_window":true,"thresholds":{"critical":3,"critical_recovery":2,"warning":1,"warning_recovery":0.5},"timeout_h":60},"priority":0,"query":"avg(last_1h):avg:aws.ec2.cpu{environment:foo,host:foo} by {host} \u003e 3","tags":["baz","foo:bar"],"type":"query alert"}
    form: {}
    headers:
      Accept:
      - application/json
      Content-Type:
      - application/json
      Dd-Operation-Id:
      - ValidateMonitor
      User-Agent:
      - terraform-provider-datadog/dev (terraform 1.16.0; terraform-cli 0.12.7-sdk)
        datadog-api-client-go/1.0.0-beta.15 (go go1.15.7; os darwin; arch amd64)
    url: https://api.datadoghq.com/api/v1/monitor/validate
    method: POST
  response:
    body: '{}'
    headers:
      Cache-Control:
      - no-cache
      Connection:
      - keep-alive
      Content-Length:
      - "2"
      Content-Security-Policy:
      - frame-ancestors 'self'; report-uri https://api.datadoghq.com/csp-report
      Content-Type:
      - application/json
      Date:
      - Mon, 08 Feb 2021 14:42:24 GMT
      Pragma:
      - no-cache
      Set-Cookie:
      - DD-PSHARD=233; Max-Age=604800; Path=/; expires=Mon, 15-Feb-2021 14:42:24 GMT;
        secure; HttpOnly
      Strict-Transport-Security:
      - max-age=15724800;
      X-Content-Type-Options:
      - nosniff
      X-Dd-Debug:
      - fIO2C4qGDheGHy4YbS+r3a3CXbh4cbRo7roILOimQyiHGjQdOat0cIpWCkupM1uX
      X-Dd-Version:
      - "35.3864097"
      X-Frame-Options:
      - SAMEORIGIN
    status: 200 OK
    code: 200
    duration: ""
- request:
    body: ""
    form: {}
    headers:
      Accept:
      - application/json
      Dd-Operation-Id:
      - GetMonitor
      User-Agent:
      - terraform-provider-datadog/dev (terraform 1.16.0; terraform-cli 0.12.7-sdk)
        datadog-api-client-go/1.0.0-beta.15 (go go1.15.7; os darwin; arch amd64)
    url: https://api.datadoghq.com/api/v1/monitor/30001125
    method: GET
  response:
    body: '{"restricted_roles":null,"tags":["baz","foo:bar"],"deleted":null,"query":"avg(last_1h):avg:aws.ec2.cpu{environment:foo,host:foo}
      by {host} > 3","message":"some message Notify: @hipchat-channel","id":30001125,"multi":true,"name":"tf-TestAccDatadogMonitor_Basic_float_int-local-1612795341","created":"2021-02-08T14:42:22.442590+00:00","created_at":1612795342000,"creator":{"id":1445416,"handle":"frog@datadoghq.com","name":null,"email":"frog@datadoghq.com"},"org_id":321813,"modified":"2021-02-08T14:42:24.113537+00:00","priority":null,"overall_state_modified":null,"overall_state":"No
      Data","type":"query alert","options":{"notify_audit":false,"locked":false,"timeout_h":60,"silenced":{},"include_tags":true,"thresholds":{"critical":3.0,"warning":1.0,"warning_recovery":0.5,"critical_recovery":2.0},"require_full_window":true,"new_host_delay":300,"notify_no_data":false,"renotify_interval":60,"escalation_message":"the
      situation has escalated @pagerduty"}}'
    headers:
      Cache-Control:
      - no-cache
      Connection:
      - keep-alive
      Content-Security-Policy:
      - frame-ancestors 'self'; report-uri https://api.datadoghq.com/csp-report
      Content-Type:
      - application/json
      Date:
      - Mon, 08 Feb 2021 14:42:24 GMT
      Pragma:
      - no-cache
      Set-Cookie:
      - DD-PSHARD=233; Max-Age=604800; Path=/; expires=Mon, 15-Feb-2021 14:42:24 GMT;
        secure; HttpOnly
      Strict-Transport-Security:
      - max-age=15724800;
      Vary:
      - Accept-Encoding
      X-Content-Type-Options:
      - nosniff
      X-Dd-Debug:
      - HbtaOKlJ6OCrx9tMXO6ivMTrEM+g0c93HDp08trmOmgdHozC5J+vn10F0H4WPjCU
      X-Dd-Version:
      - "35.3864097"
      X-Frame-Options:
      - SAMEORIGIN
      X-Ratelimit-Limit:
      - "3000"
      X-Ratelimit-Period:
      - "10"
      X-Ratelimit-Remaining:
      - "2994"
      X-Ratelimit-Reset:
      - "6"
    status: 200 OK
    code: 200
    duration: ""
- request:
    body: |
      {"message":"some message Notify: @hipchat-channel","name":"tf-TestAccDatadogMonitor_Basic_float_int-local-1612795341","options":{"escalation_message":"the situation has escalated @pagerduty","include_tags":true,"new_host_delay":300,"no_data_timeframe":10,"notify_no_data":false,"renotify_interval":60,"require_full_window":true,"thresholds":{"critical":3,"critical_recovery":2,"warning":1,"warning_recovery":0.5},"timeout_h":60},"priority":0,"query":"avg(last_1h):avg:aws.ec2.cpu{environment:foo,host:foo} by {host} \u003e 3","tags":["baz","foo:bar"],"type":"query alert"}
    form: {}
    headers:
      Accept:
      - application/json
      Content-Type:
      - application/json
      Dd-Operation-Id:
      - ValidateMonitor
      User-Agent:
      - terraform-provider-datadog/dev (terraform 1.16.0; terraform-cli 0.12.7-sdk)
        datadog-api-client-go/1.0.0-beta.15 (go go1.15.7; os darwin; arch amd64)
    url: https://api.datadoghq.com/api/v1/monitor/validate
    method: POST
  response:
    body: '{}'
    headers:
      Cache-Control:
      - no-cache
      Connection:
      - keep-alive
      Content-Length:
      - "2"
      Content-Security-Policy:
      - frame-ancestors 'self'; report-uri https://api.datadoghq.com/csp-report
      Content-Type:
      - application/json
      Date:
      - Mon, 08 Feb 2021 14:42:24 GMT
      Pragma:
      - no-cache
      Set-Cookie:
      - DD-PSHARD=233; Max-Age=604800; Path=/; expires=Mon, 15-Feb-2021 14:42:24 GMT;
        secure; HttpOnly
      Strict-Transport-Security:
      - max-age=15724800;
      X-Content-Type-Options:
      - nosniff
      X-Dd-Debug:
      - nLnnBNvlCFDECRnZvzDb0z4sAO35G+IMidcAs8vrCKyjvsKWE8Yd9S3n6OjZ1qRN
      X-Dd-Version:
      - "35.3864097"
      X-Frame-Options:
      - SAMEORIGIN
    status: 200 OK
    code: 200
    duration: ""
- request:
    body: ""
    form: {}
    headers:
      Accept:
      - application/json
      Dd-Operation-Id:
      - GetMonitor
      User-Agent:
      - terraform-provider-datadog/dev (terraform 1.16.0; terraform-cli 0.12.7-sdk)
        datadog-api-client-go/1.0.0-beta.15 (go go1.15.7; os darwin; arch amd64)
    url: https://api.datadoghq.com/api/v1/monitor/30001125
    method: GET
  response:
    body: '{"restricted_roles":null,"tags":["baz","foo:bar"],"deleted":null,"query":"avg(last_1h):avg:aws.ec2.cpu{environment:foo,host:foo}
      by {host} > 3","message":"some message Notify: @hipchat-channel","id":30001125,"multi":true,"name":"tf-TestAccDatadogMonitor_Basic_float_int-local-1612795341","created":"2021-02-08T14:42:22.442590+00:00","created_at":1612795342000,"creator":{"id":1445416,"handle":"frog@datadoghq.com","name":null,"email":"frog@datadoghq.com"},"org_id":321813,"modified":"2021-02-08T14:42:24.113537+00:00","priority":null,"overall_state_modified":null,"overall_state":"No
      Data","type":"query alert","options":{"notify_audit":false,"locked":false,"timeout_h":60,"silenced":{},"include_tags":true,"thresholds":{"critical":3.0,"warning":1.0,"warning_recovery":0.5,"critical_recovery":2.0},"require_full_window":true,"new_host_delay":300,"notify_no_data":false,"renotify_interval":60,"escalation_message":"the
      situation has escalated @pagerduty"}}'
    headers:
      Cache-Control:
      - no-cache
      Connection:
      - keep-alive
      Content-Security-Policy:
      - frame-ancestors 'self'; report-uri https://api.datadoghq.com/csp-report
      Content-Type:
      - application/json
      Date:
      - Mon, 08 Feb 2021 14:42:25 GMT
      Pragma:
      - no-cache
      Set-Cookie:
      - DD-PSHARD=233; Max-Age=604800; Path=/; expires=Mon, 15-Feb-2021 14:42:25 GMT;
        secure; HttpOnly
      Strict-Transport-Security:
      - max-age=15724800;
      Vary:
      - Accept-Encoding
      X-Content-Type-Options:
      - nosniff
      X-Dd-Debug:
      - fIO2C4qGDheGHy4YbS+r3a3CXbh4cbRo7roILOimQyiHGjQdOat0cIpWCkupM1uX
      X-Dd-Version:
      - "35.3864097"
      X-Frame-Options:
      - SAMEORIGIN
      X-Ratelimit-Limit:
      - "3000"
      X-Ratelimit-Period:
      - "10"
      X-Ratelimit-Remaining:
      - "2993"
      X-Ratelimit-Reset:
      - "5"
    status: 200 OK
    code: 200
    duration: ""
- request:
    body: ""
    form: {}
    headers:
      Accept:
      - application/json
      Dd-Operation-Id:
      - DeleteMonitor
      User-Agent:
      - terraform-provider-datadog/dev (terraform 1.16.0; terraform-cli 0.12.7-sdk)
        datadog-api-client-go/1.0.0-beta.15 (go go1.15.7; os darwin; arch amd64)
    url: https://api.datadoghq.com/api/v1/monitor/30001125
    method: DELETE
  response:
    body: '{"deleted_monitor_id":30001125}'
    headers:
      Cache-Control:
      - no-cache
      Connection:
      - keep-alive
      Content-Security-Policy:
      - frame-ancestors 'self'; report-uri https://api.datadoghq.com/csp-report
      Content-Type:
      - application/json
      Date:
      - Mon, 08 Feb 2021 14:42:25 GMT
      Pragma:
      - no-cache
      Set-Cookie:
      - DD-PSHARD=233; Max-Age=604800; Path=/; expires=Mon, 15-Feb-2021 14:42:25 GMT;
        secure; HttpOnly
      Strict-Transport-Security:
      - max-age=15724800;
      Vary:
      - Accept-Encoding
      X-Content-Type-Options:
      - nosniff
      X-Dd-Debug:
      - SY1h8ScsWq+kYmtbh63ltMLFAZsQjqfrgvdfAoRX+9TzT1sgMBRYaFRwfWWRRe9a
      X-Dd-Version:
      - "35.3864097"
      X-Frame-Options:
      - SAMEORIGIN
    status: 200 OK
    code: 200
    duration: ""
- request:
    body: ""
    form: {}
    headers:
      User-Agent:
      - terraform-provider-datadog/dev (terraform 1.16.0; terraform-cli 0.12.7-sdk)
        datadog-api-client-go/go-datadog-api (go go1.15.7; os darwin; arch amd64)
    url: https://api.datadoghq.com/api/v1/monitor/30001125
    method: GET
  response:
    body: '{"errors":["Monitor not found"]}'
    headers:
      Cache-Control:
      - no-cache
      Connection:
      - keep-alive
      Content-Security-Policy:
      - frame-ancestors 'self'; report-uri https://api.datadoghq.com/csp-report
      Content-Type:
      - application/json
      Date:
      - Mon, 08 Feb 2021 14:42:25 GMT
      Pragma:
      - no-cache
      Strict-Transport-Security:
      - max-age=15724800;
      Vary:
      - Accept-Encoding
      X-Content-Type-Options:
      - nosniff
      X-Dd-Version:
      - "35.3864097"
      X-Frame-Options:
      - SAMEORIGIN
      X-Ratelimit-Limit:
      - "3000"
      X-Ratelimit-Period:
      - "10"
      X-Ratelimit-Remaining:
      - "2992"
      X-Ratelimit-Reset:
      - "5"
    status: 404 Not Found
    code: 404
    duration: ""
