---
version: 1
interactions:
- request:
    body: |
      {"config":{"assertions":[{"operator":"contains","property":"content-type","target":"application/json","type":"header"},{"operator":"is","target":200,"type":"statusCode"},{"operator":"validatesJSONPath","target":{"jsonPath":"topKey","operator":"isNot","targetValue":"0"},"type":"body"},{"operator":"validatesJSONPath","target":{"jsonPath":"something","operator":"moreThan","targetValue":5},"type":"body"},{"operator":"isNot","target":200,"type":"statusCode"},{"operator":"matches","target":"20[04]","type":"statusCode"},{"operator":"doesNotMatch","target":"20[04]","type":"statusCode"}],"configVariables":[],"request":{"basicAuth":{"password":"secret","username":"admin"},"body":"this is a body","certificate":{"cert":{"content":"content-certificate","filename":"Provided in Terraform config"},"key":{"content":"content-key","filename":"key"}},"headers":{"Accept":"application/json","X-Datadog-Trace-ID":"1234566789"},"method":"GET","query":{"foo":"bar"},"timeout":30,"url":"https://www.datadoghq.com"}},"locations":["aws:eu-central-1"],"message":"Notify @datadog.user","name":"tf-TestAccDatadogSyntheticsAPITest_BasicNewAssertionsOptions-local-1617196298","options":{"follow_redirects":true,"min_location_failed":1,"monitor_options":{"renotify_interval":100},"tick_every":60},"status":"paused","subtype":"http","tags":["foo:bar","baz"],"type":"api"}
    form: {}
    headers:
      Accept:
      - application/json
      Content-Type:
      - application/json
      Dd-Operation-Id:
      - CreateSyntheticsAPITest
      User-Agent:
      - terraform-provider-datadog/dev (terraform 1.16.0; terraform-cli 0.12.7-sdk) datadog-api-client-go/1.0.0-beta.19+dev (go go1.15.3; os darwin; arch amd64)
    url: https://api.datadoghq.com/api/v1/synthetics/tests/api
    method: POST
  response:
    body: '{"status":"paused","public_id":"vtb-dgz-9i4","tags":["foo:bar","baz"],"org_id":321813,"locations":["aws:eu-central-1"],"message":"Notify @datadog.user","deleted_at":null,"name":"tf-TestAccDatadogSyntheticsAPITest_BasicNewAssertionsOptions-local-1617196298","monitor_id":33131323,"type":"api","created_at":"2021-03-31T13:11:39.157418+00:00","modified_at":"2021-03-31T13:11:39.157418+00:00","subtype":"http","config":{"request":{"body":"this is a body","certificate":{"cert":{"filename":"Provided in Terraform config","updatedAt":"2021-03-31T13:11:39.037802+00:00"},"key":{"filename":"key","updatedAt":"2021-03-31T13:11:39.037754+00:00"}},"url":"https://www.datadoghq.com","basicAuth":{"username":"admin","password":"secret"},"headers":{"Accept":"application/json","X-Datadog-Trace-ID":"1234566789"},"timeout":30,"query":{"foo":"bar"},"method":"GET"},"assertions":[{"operator":"contains","property":"content-type","type":"header","target":"application/json"},{"operator":"is","type":"statusCode","target":200},{"operator":"validatesJSONPath","type":"body","target":{"operator":"isNot","targetValue":"0","jsonPath":"topKey"}},{"operator":"validatesJSONPath","type":"body","target":{"operator":"moreThan","targetValue":5,"jsonPath":"something"}},{"operator":"isNot","type":"statusCode","target":200},{"operator":"matches","type":"statusCode","target":"20[04]"},{"operator":"doesNotMatch","type":"statusCode","target":"20[04]"}],"configVariables":[]},"options":{"follow_redirects":true,"monitor_options":{"notify_audit":false,"locked":false,"include_tags":true,"new_host_delay":300,"notify_no_data":false,"renotify_interval":100},"min_location_failed":1,"tick_every":60}}'
    headers:
      Cache-Control:
      - no-cache
      Connection:
      - keep-alive
      Content-Security-Policy:
      - frame-ancestors 'self'; report-uri https://api.datadoghq.com/csp-report
      Content-Type:
      - application/json
      Date:
      - Wed, 31 Mar 2021 13:11:39 GMT
      Pragma:
      - no-cache
      Strict-Transport-Security:
      - max-age=15724800;
      Vary:
      - Accept-Encoding
      X-Content-Type-Options:
      - nosniff
      X-Dd-Debug:
      - nLnnBNvlCFDECRnZvzDb0z4sAO35G+IMidcAs8vrCKyjvsKWE8Yd9S3n6OjZ1qRN
      X-Dd-Version:
      - "35.4208607"
      X-Frame-Options:
      - SAMEORIGIN
      X-Ratelimit-Limit:
      - "120"
      X-Ratelimit-Period:
      - "60"
      X-Ratelimit-Remaining:
      - "115"
      X-Ratelimit-Reset:
      - "22"
    status: 200 OK
    code: 200
    duration: ""
- request:
    body: ""
    form: {}
    headers:
      Accept:
      - application/json
      Dd-Operation-Id:
      - GetTest
      User-Agent:
      - terraform-provider-datadog/dev (terraform 1.16.0; terraform-cli 0.12.7-sdk) datadog-api-client-go/1.0.0-beta.19+dev (go go1.15.3; os darwin; arch amd64)
    url: https://api.datadoghq.com/api/v1/synthetics/tests/vtb-dgz-9i4
    method: GET
  response:
    body: '{"status":"paused","public_id":"vtb-dgz-9i4","tags":["foo:bar","baz"],"locations":["aws:eu-central-1"],"message":"Notify @datadog.user","name":"tf-TestAccDatadogSyntheticsAPITest_BasicNewAssertionsOptions-local-1617196298","monitor_id":33131323,"type":"api","subtype":"http","config":{"request":{"body":"this is a body","certificate":{"cert":{"filename":"Provided in Terraform config","updatedAt":"2021-03-31T13:11:39.037802+00:00"},"key":{"filename":"key","updatedAt":"2021-03-31T13:11:39.037754+00:00"}},"url":"https://www.datadoghq.com","basicAuth":{"username":"admin","password":"secret"},"headers":{"Accept":"application/json","X-Datadog-Trace-ID":"1234566789"},"timeout":30,"query":{"foo":"bar"},"method":"GET"},"assertions":[{"operator":"contains","property":"content-type","type":"header","target":"application/json"},{"operator":"is","type":"statusCode","target":200},{"operator":"validatesJSONPath","type":"body","target":{"operator":"isNot","targetValue":"0","jsonPath":"topKey"}},{"operator":"validatesJSONPath","type":"body","target":{"operator":"moreThan","targetValue":5,"jsonPath":"something"}},{"operator":"isNot","type":"statusCode","target":200},{"operator":"matches","type":"statusCode","target":"20[04]"},{"operator":"doesNotMatch","type":"statusCode","target":"20[04]"}],"configVariables":[]},"options":{"follow_redirects":true,"monitor_options":{"notify_audit":false,"locked":false,"include_tags":true,"new_host_delay":300,"notify_no_data":false,"renotify_interval":100},"min_location_failed":1,"tick_every":60}}'
    headers:
      Cache-Control:
      - no-cache
      Connection:
      - keep-alive
      Content-Security-Policy:
      - frame-ancestors 'self'; report-uri https://api.datadoghq.com/csp-report
      Content-Type:
      - application/json
      Date:
      - Wed, 31 Mar 2021 13:11:39 GMT
      Pragma:
      - no-cache
      Strict-Transport-Security:
      - max-age=15724800;
      Vary:
      - Accept-Encoding
      X-Content-Type-Options:
      - nosniff
      X-Dd-Debug:
      - 5gfwVh/5HZ+AnGd/Di93w3NEWC6KMHT9KzmHEiRJmNdOjBtAsbOcgVFyqEChw71h
      X-Dd-Version:
      - "35.4208607"
      X-Frame-Options:
      - SAMEORIGIN
      X-Ratelimit-Limit:
      - "1000"
      X-Ratelimit-Period:
      - "60"
      X-Ratelimit-Remaining:
      - "967"
      X-Ratelimit-Reset:
      - "21"
    status: 200 OK
    code: 200
    duration: ""
- request:
    body: ""
    form: {}
    headers:
      Accept:
      - application/json
      Dd-Operation-Id:
      - GetAPITest
      User-Agent:
      - terraform-provider-datadog/dev (terraform 1.16.0; terraform-cli 0.12.7-sdk) datadog-api-client-go/1.0.0-beta.19+dev (go go1.15.3; os darwin; arch amd64)
    url: https://api.datadoghq.com/api/v1/synthetics/tests/api/vtb-dgz-9i4
    method: GET
  response:
    body: '{"status":"paused","public_id":"vtb-dgz-9i4","tags":["foo:bar","baz"],"locations":["aws:eu-central-1"],"message":"Notify @datadog.user","name":"tf-TestAccDatadogSyntheticsAPITest_BasicNewAssertionsOptions-local-1617196298","monitor_id":33131323,"type":"api","subtype":"http","config":{"request":{"body":"this is a body","certificate":{"cert":{"filename":"Provided in Terraform config","updatedAt":"2021-03-31T13:11:39.037802+00:00"},"key":{"filename":"key","updatedAt":"2021-03-31T13:11:39.037754+00:00"}},"url":"https://www.datadoghq.com","basicAuth":{"username":"admin","password":"secret"},"headers":{"Accept":"application/json","X-Datadog-Trace-ID":"1234566789"},"timeout":30,"query":{"foo":"bar"},"method":"GET"},"assertions":[{"operator":"contains","property":"content-type","type":"header","target":"application/json"},{"operator":"is","type":"statusCode","target":200},{"operator":"validatesJSONPath","type":"body","target":{"operator":"isNot","targetValue":"0","jsonPath":"topKey"}},{"operator":"validatesJSONPath","type":"body","target":{"operator":"moreThan","targetValue":5,"jsonPath":"something"}},{"operator":"isNot","type":"statusCode","target":200},{"operator":"matches","type":"statusCode","target":"20[04]"},{"operator":"doesNotMatch","type":"statusCode","target":"20[04]"}],"configVariables":[]},"options":{"follow_redirects":true,"monitor_options":{"notify_audit":false,"locked":false,"include_tags":true,"new_host_delay":300,"notify_no_data":false,"renotify_interval":100},"min_location_failed":1,"tick_every":60}}'
    headers:
      Cache-Control:
      - no-cache
      Connection:
      - keep-alive
      Content-Security-Policy:
      - frame-ancestors 'self'; report-uri https://api.datadoghq.com/csp-report
      Content-Type:
      - application/json
      Date:
      - Wed, 31 Mar 2021 13:11:39 GMT
      Pragma:
      - no-cache
      Strict-Transport-Security:
      - max-age=15724800;
      Vary:
      - Accept-Encoding
      X-Content-Type-Options:
      - nosniff
      X-Dd-Debug:
      - B1nwy/pPNqX+q4pQT22cdp1QCexE35IF8qwSHy0Nf7IW0Y881qtn4tXN1lpmzaKc
      X-Dd-Version:
      - "35.4208607"
      X-Frame-Options:
      - SAMEORIGIN
      X-Ratelimit-Limit:
      - "1000"
      X-Ratelimit-Period:
      - "60"
      X-Ratelimit-Remaining:
      - "966"
      X-Ratelimit-Reset:
      - "21"
    status: 200 OK
    code: 200
    duration: ""
- request:
    body: ""
    form: {}
    headers:
      Accept:
      - application/json
      Dd-Operation-Id:
      - GetTest
      User-Agent:
      - terraform-provider-datadog/dev (terraform 1.16.0; terraform-cli 0.12.7-sdk) datadog-api-client-go/1.0.0-beta.19+dev (go go1.15.3; os darwin; arch amd64)
    url: https://api.datadoghq.com/api/v1/synthetics/tests/vtb-dgz-9i4
    method: GET
  response:
    body: '{"status":"paused","public_id":"vtb-dgz-9i4","tags":["foo:bar","baz"],"locations":["aws:eu-central-1"],"message":"Notify @datadog.user","name":"tf-TestAccDatadogSyntheticsAPITest_BasicNewAssertionsOptions-local-1617196298","monitor_id":33131323,"type":"api","subtype":"http","config":{"request":{"body":"this is a body","certificate":{"cert":{"filename":"Provided in Terraform config","updatedAt":"2021-03-31T13:11:39.037802+00:00"},"key":{"filename":"key","updatedAt":"2021-03-31T13:11:39.037754+00:00"}},"url":"https://www.datadoghq.com","basicAuth":{"username":"admin","password":"secret"},"headers":{"Accept":"application/json","X-Datadog-Trace-ID":"1234566789"},"timeout":30,"query":{"foo":"bar"},"method":"GET"},"assertions":[{"operator":"contains","property":"content-type","type":"header","target":"application/json"},{"operator":"is","type":"statusCode","target":200},{"operator":"validatesJSONPath","type":"body","target":{"operator":"isNot","targetValue":"0","jsonPath":"topKey"}},{"operator":"validatesJSONPath","type":"body","target":{"operator":"moreThan","targetValue":5,"jsonPath":"something"}},{"operator":"isNot","type":"statusCode","target":200},{"operator":"matches","type":"statusCode","target":"20[04]"},{"operator":"doesNotMatch","type":"statusCode","target":"20[04]"}],"configVariables":[]},"options":{"follow_redirects":true,"monitor_options":{"notify_audit":false,"locked":false,"include_tags":true,"new_host_delay":300,"notify_no_data":false,"renotify_interval":100},"min_location_failed":1,"tick_every":60}}'
    headers:
      Cache-Control:
      - no-cache
      Connection:
      - keep-alive
      Content-Security-Policy:
      - frame-ancestors 'self'; report-uri https://api.datadoghq.com/csp-report
      Content-Type:
      - application/json
      Date:
      - Wed, 31 Mar 2021 13:11:39 GMT
      Pragma:
      - no-cache
      Strict-Transport-Security:
      - max-age=15724800;
      Vary:
      - Accept-Encoding
      X-Content-Type-Options:
      - nosniff
      X-Dd-Debug:
      - JpIJLwIH2nFlZOC+u71rq7aAOL43MLZN3MUsL+gpYHdZz5QLUOG8Jysf8kVK6tPU
      X-Dd-Version:
      - "35.4208607"
      X-Frame-Options:
      - SAMEORIGIN
      X-Ratelimit-Limit:
      - "1000"
      X-Ratelimit-Period:
      - "60"
      X-Ratelimit-Remaining:
      - "965"
      X-Ratelimit-Reset:
      - "21"
    status: 200 OK
    code: 200
    duration: ""
- request:
    body: ""
    form: {}
    headers:
      Accept:
      - application/json
      Dd-Operation-Id:
      - GetTest
      User-Agent:
      - terraform-provider-datadog/dev (terraform 1.16.0; terraform-cli 0.12.7-sdk) datadog-api-client-go/1.0.0-beta.19+dev (go go1.15.3; os darwin; arch amd64)
    url: https://api.datadoghq.com/api/v1/synthetics/tests/vtb-dgz-9i4
    method: GET
  response:
    body: '{"status":"paused","public_id":"vtb-dgz-9i4","tags":["foo:bar","baz"],"locations":["aws:eu-central-1"],"message":"Notify @datadog.user","name":"tf-TestAccDatadogSyntheticsAPITest_BasicNewAssertionsOptions-local-1617196298","monitor_id":33131323,"type":"api","subtype":"http","config":{"request":{"body":"this is a body","certificate":{"cert":{"filename":"Provided in Terraform config","updatedAt":"2021-03-31T13:11:39.037802+00:00"},"key":{"filename":"key","updatedAt":"2021-03-31T13:11:39.037754+00:00"}},"url":"https://www.datadoghq.com","basicAuth":{"username":"admin","password":"secret"},"headers":{"Accept":"application/json","X-Datadog-Trace-ID":"1234566789"},"timeout":30,"query":{"foo":"bar"},"method":"GET"},"assertions":[{"operator":"contains","property":"content-type","type":"header","target":"application/json"},{"operator":"is","type":"statusCode","target":200},{"operator":"validatesJSONPath","type":"body","target":{"operator":"isNot","targetValue":"0","jsonPath":"topKey"}},{"operator":"validatesJSONPath","type":"body","target":{"operator":"moreThan","targetValue":5,"jsonPath":"something"}},{"operator":"isNot","type":"statusCode","target":200},{"operator":"matches","type":"statusCode","target":"20[04]"},{"operator":"doesNotMatch","type":"statusCode","target":"20[04]"}],"configVariables":[]},"options":{"follow_redirects":true,"monitor_options":{"notify_audit":false,"locked":false,"include_tags":true,"new_host_delay":300,"notify_no_data":false,"renotify_interval":100},"min_location_failed":1,"tick_every":60}}'
    headers:
      Cache-Control:
      - no-cache
      Connection:
      - keep-alive
      Content-Security-Policy:
      - frame-ancestors 'self'; report-uri https://api.datadoghq.com/csp-report
      Content-Type:
      - application/json
      Date:
      - Wed, 31 Mar 2021 13:11:40 GMT
      Pragma:
      - no-cache
      Strict-Transport-Security:
      - max-age=15724800;
      Vary:
      - Accept-Encoding
      X-Content-Type-Options:
      - nosniff
      X-Dd-Debug:
      - bgHykj7A9bfZx0Y5ZO3swhhp5tGUSNJHqFWR868+qg087CYrDOd5hQslC+noiEtH
      X-Dd-Version:
      - "35.4208607"
      X-Frame-Options:
      - SAMEORIGIN
      X-Ratelimit-Limit:
      - "1000"
      X-Ratelimit-Period:
      - "60"
      X-Ratelimit-Remaining:
      - "964"
      X-Ratelimit-Reset:
      - "20"
    status: 200 OK
    code: 200
    duration: ""
- request:
    body: ""
    form: {}
    headers:
      Accept:
      - application/json
      Dd-Operation-Id:
      - GetAPITest
      User-Agent:
      - terraform-provider-datadog/dev (terraform 1.16.0; terraform-cli 0.12.7-sdk) datadog-api-client-go/1.0.0-beta.19+dev (go go1.15.3; os darwin; arch amd64)
    url: https://api.datadoghq.com/api/v1/synthetics/tests/api/vtb-dgz-9i4
    method: GET
  response:
    body: '{"status":"paused","public_id":"vtb-dgz-9i4","tags":["foo:bar","baz"],"locations":["aws:eu-central-1"],"message":"Notify @datadog.user","name":"tf-TestAccDatadogSyntheticsAPITest_BasicNewAssertionsOptions-local-1617196298","monitor_id":33131323,"type":"api","subtype":"http","config":{"request":{"body":"this is a body","certificate":{"cert":{"filename":"Provided in Terraform config","updatedAt":"2021-03-31T13:11:39.037802+00:00"},"key":{"filename":"key","updatedAt":"2021-03-31T13:11:39.037754+00:00"}},"url":"https://www.datadoghq.com","basicAuth":{"username":"admin","password":"secret"},"headers":{"Accept":"application/json","X-Datadog-Trace-ID":"1234566789"},"timeout":30,"query":{"foo":"bar"},"method":"GET"},"assertions":[{"operator":"contains","property":"content-type","type":"header","target":"application/json"},{"operator":"is","type":"statusCode","target":200},{"operator":"validatesJSONPath","type":"body","target":{"operator":"isNot","targetValue":"0","jsonPath":"topKey"}},{"operator":"validatesJSONPath","type":"body","target":{"operator":"moreThan","targetValue":5,"jsonPath":"something"}},{"operator":"isNot","type":"statusCode","target":200},{"operator":"matches","type":"statusCode","target":"20[04]"},{"operator":"doesNotMatch","type":"statusCode","target":"20[04]"}],"configVariables":[]},"options":{"follow_redirects":true,"monitor_options":{"notify_audit":false,"locked":false,"include_tags":true,"new_host_delay":300,"notify_no_data":false,"renotify_interval":100},"min_location_failed":1,"tick_every":60}}'
    headers:
      Cache-Control:
      - no-cache
      Connection:
      - keep-alive
      Content-Security-Policy:
      - frame-ancestors 'self'; report-uri https://api.datadoghq.com/csp-report
      Content-Type:
      - application/json
      Date:
      - Wed, 31 Mar 2021 13:11:40 GMT
      Pragma:
      - no-cache
      Strict-Transport-Security:
      - max-age=15724800;
      Vary:
      - Accept-Encoding
      X-Content-Type-Options:
      - nosniff
      X-Dd-Debug:
      - l8RQo2maZqJf6GFThBbKNE6dvthz6njusVtau3dPXJWL2RLFoN81H+BLPB/1xgs1
      X-Dd-Version:
      - "35.4208607"
      X-Frame-Options:
      - SAMEORIGIN
      X-Ratelimit-Limit:
      - "1000"
      X-Ratelimit-Period:
      - "60"
      X-Ratelimit-Remaining:
      - "963"
      X-Ratelimit-Reset:
      - "20"
    status: 200 OK
    code: 200
    duration: ""
- request:
    body: ""
    form: {}
    headers:
      Accept:
      - application/json
      Dd-Operation-Id:
      - GetTest
      User-Agent:
      - terraform-provider-datadog/dev (terraform 1.16.0; terraform-cli 0.12.7-sdk) datadog-api-client-go/1.0.0-beta.19+dev (go go1.15.3; os darwin; arch amd64)
    url: https://api.datadoghq.com/api/v1/synthetics/tests/vtb-dgz-9i4
    method: GET
  response:
    body: '{"status":"paused","public_id":"vtb-dgz-9i4","tags":["foo:bar","baz"],"locations":["aws:eu-central-1"],"message":"Notify @datadog.user","name":"tf-TestAccDatadogSyntheticsAPITest_BasicNewAssertionsOptions-local-1617196298","monitor_id":33131323,"type":"api","subtype":"http","config":{"request":{"body":"this is a body","certificate":{"cert":{"filename":"Provided in Terraform config","updatedAt":"2021-03-31T13:11:39.037802+00:00"},"key":{"filename":"key","updatedAt":"2021-03-31T13:11:39.037754+00:00"}},"url":"https://www.datadoghq.com","basicAuth":{"username":"admin","password":"secret"},"headers":{"Accept":"application/json","X-Datadog-Trace-ID":"1234566789"},"timeout":30,"query":{"foo":"bar"},"method":"GET"},"assertions":[{"operator":"contains","property":"content-type","type":"header","target":"application/json"},{"operator":"is","type":"statusCode","target":200},{"operator":"validatesJSONPath","type":"body","target":{"operator":"isNot","targetValue":"0","jsonPath":"topKey"}},{"operator":"validatesJSONPath","type":"body","target":{"operator":"moreThan","targetValue":5,"jsonPath":"something"}},{"operator":"isNot","type":"statusCode","target":200},{"operator":"matches","type":"statusCode","target":"20[04]"},{"operator":"doesNotMatch","type":"statusCode","target":"20[04]"}],"configVariables":[]},"options":{"follow_redirects":true,"monitor_options":{"notify_audit":false,"locked":false,"include_tags":true,"new_host_delay":300,"notify_no_data":false,"renotify_interval":100},"min_location_failed":1,"tick_every":60}}'
    headers:
      Cache-Control:
      - no-cache
      Connection:
      - keep-alive
      Content-Security-Policy:
      - frame-ancestors 'self'; report-uri https://api.datadoghq.com/csp-report
      Content-Type:
      - application/json
      Date:
      - Wed, 31 Mar 2021 13:11:40 GMT
      Pragma:
      - no-cache
      Strict-Transport-Security:
      - max-age=15724800;
      Vary:
      - Accept-Encoding
      X-Content-Type-Options:
      - nosniff
      X-Dd-Debug:
      - twvpGlmuom5y6A0pjGtXzTf554cmwJgTcCZ71fK4H/RDi+v5ehBK0zQiRcTJQG5C
      X-Dd-Version:
      - "35.4208607"
      X-Frame-Options:
      - SAMEORIGIN
      X-Ratelimit-Limit:
      - "1000"
      X-Ratelimit-Period:
      - "60"
      X-Ratelimit-Remaining:
      - "962"
      X-Ratelimit-Reset:
      - "20"
    status: 200 OK
    code: 200
    duration: ""
- request:
    body: ""
    form: {}
    headers:
      Accept:
      - application/json
      Dd-Operation-Id:
      - GetAPITest
      User-Agent:
      - terraform-provider-datadog/dev (terraform 1.16.0; terraform-cli 0.12.7-sdk) datadog-api-client-go/1.0.0-beta.19+dev (go go1.15.3; os darwin; arch amd64)
    url: https://api.datadoghq.com/api/v1/synthetics/tests/api/vtb-dgz-9i4
    method: GET
  response:
    body: '{"status":"paused","public_id":"vtb-dgz-9i4","tags":["foo:bar","baz"],"locations":["aws:eu-central-1"],"message":"Notify @datadog.user","name":"tf-TestAccDatadogSyntheticsAPITest_BasicNewAssertionsOptions-local-1617196298","monitor_id":33131323,"type":"api","subtype":"http","config":{"request":{"body":"this is a body","certificate":{"cert":{"filename":"Provided in Terraform config","updatedAt":"2021-03-31T13:11:39.037802+00:00"},"key":{"filename":"key","updatedAt":"2021-03-31T13:11:39.037754+00:00"}},"url":"https://www.datadoghq.com","basicAuth":{"username":"admin","password":"secret"},"headers":{"Accept":"application/json","X-Datadog-Trace-ID":"1234566789"},"timeout":30,"query":{"foo":"bar"},"method":"GET"},"assertions":[{"operator":"contains","property":"content-type","type":"header","target":"application/json"},{"operator":"is","type":"statusCode","target":200},{"operator":"validatesJSONPath","type":"body","target":{"operator":"isNot","targetValue":"0","jsonPath":"topKey"}},{"operator":"validatesJSONPath","type":"body","target":{"operator":"moreThan","targetValue":5,"jsonPath":"something"}},{"operator":"isNot","type":"statusCode","target":200},{"operator":"matches","type":"statusCode","target":"20[04]"},{"operator":"doesNotMatch","type":"statusCode","target":"20[04]"}],"configVariables":[]},"options":{"follow_redirects":true,"monitor_options":{"notify_audit":false,"locked":false,"include_tags":true,"new_host_delay":300,"notify_no_data":false,"renotify_interval":100},"min_location_failed":1,"tick_every":60}}'
    headers:
      Cache-Control:
      - no-cache
      Connection:
      - keep-alive
      Content-Security-Policy:
      - frame-ancestors 'self'; report-uri https://api.datadoghq.com/csp-report
      Content-Type:
      - application/json
      Date:
      - Wed, 31 Mar 2021 13:11:40 GMT
      Pragma:
      - no-cache
      Strict-Transport-Security:
      - max-age=15724800;
      Vary:
      - Accept-Encoding
      X-Content-Type-Options:
      - nosniff
      X-Dd-Debug:
      - nLnnBNvlCFDECRnZvzDb0z4sAO35G+IMidcAs8vrCKyjvsKWE8Yd9S3n6OjZ1qRN
      X-Dd-Version:
      - "35.4208607"
      X-Frame-Options:
      - SAMEORIGIN
      X-Ratelimit-Limit:
      - "1000"
      X-Ratelimit-Period:
      - "60"
      X-Ratelimit-Remaining:
      - "961"
      X-Ratelimit-Reset:
      - "20"
    status: 200 OK
    code: 200
    duration: ""
- request:
    body: |
      {"public_ids":["vtb-dgz-9i4"]}
    form: {}
    headers:
      Accept:
      - application/json
      Content-Type:
      - application/json
      Dd-Operation-Id:
      - DeleteTests
      User-Agent:
      - terraform-provider-datadog/dev (terraform 1.16.0; terraform-cli 0.12.7-sdk) datadog-api-client-go/1.0.0-beta.19+dev (go go1.15.3; os darwin; arch amd64)
    url: https://api.datadoghq.com/api/v1/synthetics/tests/delete
    method: POST
  response:
    body: '{"deleted_tests":[{"deleted_at":"2021-03-31T13:11:41.263862+00:00","public_id":"vtb-dgz-9i4"}]}'
    headers:
      Cache-Control:
      - no-cache
      Connection:
      - keep-alive
      Content-Security-Policy:
      - frame-ancestors 'self'; report-uri https://api.datadoghq.com/csp-report
      Content-Type:
      - application/json
      Date:
      - Wed, 31 Mar 2021 13:11:41 GMT
      Pragma:
      - no-cache
      Strict-Transport-Security:
      - max-age=15724800;
      Vary:
      - Accept-Encoding
      X-Content-Type-Options:
      - nosniff
      X-Dd-Debug:
      - /L+SFFO+m1pPY+hRCpk5325fvfrNl0KmiquUNJolBN/5hu3HIwflqjZSbJ6NxDFG
      X-Dd-Version:
      - "35.4208607"
      X-Frame-Options:
      - SAMEORIGIN
      X-Ratelimit-Limit:
      - "120"
      X-Ratelimit-Period:
      - "60"
      X-Ratelimit-Remaining:
      - "115"
      X-Ratelimit-Reset:
      - "20"
    status: 200 OK
    code: 200
    duration: ""
- request:
    body: ""
    form: {}
    headers:
      Accept:
      - application/json
      Dd-Operation-Id:
      - GetTest
      User-Agent:
      - terraform-provider-datadog/dev (terraform 1.16.0; terraform-cli 0.12.7-sdk) datadog-api-client-go/1.0.0-beta.19+dev (go go1.15.3; os darwin; arch amd64)
    url: https://api.datadoghq.com/api/v1/synthetics/tests/vtb-dgz-9i4
    method: GET
  response:
    body: '{"errors": ["Synthetics test not found"]}'
    headers:
      Cache-Control:
      - no-cache
      Connection:
      - keep-alive
      Content-Security-Policy:
      - frame-ancestors 'self'; report-uri https://api.datadoghq.com/csp-report
      Content-Type:
      - application/json
      Date:
      - Wed, 31 Mar 2021 13:11:41 GMT
      Pragma:
      - no-cache
      Strict-Transport-Security:
      - max-age=15724800;
      Vary:
      - Accept-Encoding
      X-Content-Type-Options:
      - nosniff
      X-Dd-Version:
      - "35.4208607"
      X-Frame-Options:
      - SAMEORIGIN
      X-Ratelimit-Limit:
      - "1000"
      X-Ratelimit-Period:
      - "60"
      X-Ratelimit-Remaining:
      - "960"
      X-Ratelimit-Reset:
      - "19"
    status: 404 Not Found
    code: 404
    duration: ""
