---
version: 1
interactions:
- request:
    body: |
      {"config":{"assertions":[{"operator":"contains","property":"content-type","target":"application/json","type":"header"},{"operator":"is","target":200,"type":"statusCode"},{"operator":"lessThan","target":2000,"type":"responseTime"},{"operator":"doesNotContain","target":"terraform","type":"body"}],"configVariables":[{"example":"123","name":"VARIABLE_NAME","pattern":"{{numeric(3)}}","type":"text"}],"request":{"body":"this is a body","headers":{"Accept":"application/json","X-Datadog-Trace-ID":"1234566789"},"method":"GET","timeout":30,"url":"https://www.datadoghq.com"}},"locations":["aws:eu-central-1"],"message":"Notify @datadog.user","name":"tf-TestAccDatadogSyntheticsAPITest_Updated-local-1617196304","options":{"allow_insecure":true,"follow_redirects":true,"min_failure_duration":0,"min_location_failed":1,"retry":{"count":1},"tick_every":60},"status":"paused","subtype":"http","tags":["foo:bar","baz"],"type":"api"}
    form: {}
    headers:
      Accept:
      - application/json
      Content-Type:
      - application/json
      Dd-Operation-Id:
      - CreateSyntheticsAPITest
      User-Agent:
      - terraform-provider-datadog/dev (terraform 1.16.0; terraform-cli 0.12.7-sdk) datadog-api-client-go/1.0.0-beta.19+dev (go go1.15.3; os darwin; arch amd64)
    url: https://api.datadoghq.com/api/v1/synthetics/tests/api
    method: POST
  response:
    body: '{"status":"paused","public_id":"y8i-rvx-2w7","tags":["foo:bar","baz"],"org_id":321813,"locations":["aws:eu-central-1"],"message":"Notify @datadog.user","deleted_at":null,"name":"tf-TestAccDatadogSyntheticsAPITest_Updated-local-1617196304","monitor_id":33131325,"type":"api","created_at":"2021-03-31T13:11:45.010666+00:00","modified_at":"2021-03-31T13:11:45.010666+00:00","subtype":"http","config":{"request":{"body":"this is a body","headers":{"Accept":"application/json","X-Datadog-Trace-ID":"1234566789"},"url":"https://www.datadoghq.com","timeout":30,"method":"GET"},"assertions":[{"operator":"contains","property":"content-type","type":"header","target":"application/json"},{"operator":"is","type":"statusCode","target":200},{"operator":"lessThan","type":"responseTime","target":2000},{"operator":"doesNotContain","type":"body","target":"terraform"}],"configVariables":[{"pattern":"{{numeric(3)}}","type":"text","example":"123","name":"VARIABLE_NAME"}]},"options":{"retry":{"count":1},"min_location_failed":1,"allow_insecure":true,"follow_redirects":true,"min_failure_duration":0,"tick_every":60}}'
    headers:
      Cache-Control:
      - no-cache
      Connection:
      - keep-alive
      Content-Security-Policy:
      - frame-ancestors 'self'; report-uri https://api.datadoghq.com/csp-report
      Content-Type:
      - application/json
      Date:
      - Wed, 31 Mar 2021 13:11:45 GMT
      Pragma:
      - no-cache
      Strict-Transport-Security:
      - max-age=15724800;
      Vary:
      - Accept-Encoding
      X-Content-Type-Options:
      - nosniff
      X-Dd-Debug:
      - F5gm0Rce1/Abr9/0Fw8HAqWfiz0FdiH8er/AXnN6lOn3L6KyGgbsLCwgPlob1No8
      X-Dd-Version:
      - "35.4208607"
      X-Frame-Options:
      - SAMEORIGIN
      X-Ratelimit-Limit:
      - "120"
      X-Ratelimit-Period:
      - "60"
      X-Ratelimit-Remaining:
      - "114"
      X-Ratelimit-Reset:
      - "16"
    status: 200 OK
    code: 200
    duration: ""
- request:
    body: ""
    form: {}
    headers:
      Accept:
      - application/json
      Dd-Operation-Id:
      - GetTest
      User-Agent:
      - terraform-provider-datadog/dev (terraform 1.16.0; terraform-cli 0.12.7-sdk) datadog-api-client-go/1.0.0-beta.19+dev (go go1.15.3; os darwin; arch amd64)
    url: https://api.datadoghq.com/api/v1/synthetics/tests/y8i-rvx-2w7
    method: GET
  response:
    body: '{"status":"paused","public_id":"y8i-rvx-2w7","tags":["foo:bar","baz"],"locations":["aws:eu-central-1"],"message":"Notify @datadog.user","name":"tf-TestAccDatadogSyntheticsAPITest_Updated-local-1617196304","monitor_id":33131325,"type":"api","subtype":"http","config":{"request":{"body":"this is a body","headers":{"Accept":"application/json","X-Datadog-Trace-ID":"1234566789"},"url":"https://www.datadoghq.com","timeout":30,"method":"GET"},"assertions":[{"operator":"contains","property":"content-type","type":"header","target":"application/json"},{"operator":"is","type":"statusCode","target":200},{"operator":"lessThan","type":"responseTime","target":2000},{"operator":"doesNotContain","type":"body","target":"terraform"}],"configVariables":[{"pattern":"{{numeric(3)}}","type":"text","example":"123","name":"VARIABLE_NAME"}]},"options":{"retry":{"count":1},"min_location_failed":1,"allow_insecure":true,"follow_redirects":true,"min_failure_duration":0,"tick_every":60}}'
    headers:
      Cache-Control:
      - no-cache
      Connection:
      - keep-alive
      Content-Security-Policy:
      - frame-ancestors 'self'; report-uri https://api.datadoghq.com/csp-report
      Content-Type:
      - application/json
      Date:
      - Wed, 31 Mar 2021 13:11:45 GMT
      Pragma:
      - no-cache
      Strict-Transport-Security:
      - max-age=15724800;
      Vary:
      - Accept-Encoding
      X-Content-Type-Options:
      - nosniff
      X-Dd-Debug:
      - gYZcaADwbKcv7Hm19HJx6WsLoKuOijDWAt2viPeCfWqUgyKY+9e1xZdmMJeXV3YV
      X-Dd-Version:
      - "35.4208607"
      X-Frame-Options:
      - SAMEORIGIN
      X-Ratelimit-Limit:
      - "1000"
      X-Ratelimit-Period:
      - "60"
      X-Ratelimit-Remaining:
      - "959"
      X-Ratelimit-Reset:
      - "15"
    status: 200 OK
    code: 200
    duration: ""
- request:
    body: ""
    form: {}
    headers:
      Accept:
      - application/json
      Dd-Operation-Id:
      - GetAPITest
      User-Agent:
      - terraform-provider-datadog/dev (terraform 1.16.0; terraform-cli 0.12.7-sdk) datadog-api-client-go/1.0.0-beta.19+dev (go go1.15.3; os darwin; arch amd64)
    url: https://api.datadoghq.com/api/v1/synthetics/tests/api/y8i-rvx-2w7
    method: GET
  response:
    body: '{"status":"paused","public_id":"y8i-rvx-2w7","tags":["foo:bar","baz"],"locations":["aws:eu-central-1"],"message":"Notify @datadog.user","name":"tf-TestAccDatadogSyntheticsAPITest_Updated-local-1617196304","monitor_id":33131325,"type":"api","subtype":"http","config":{"request":{"body":"this is a body","headers":{"Accept":"application/json","X-Datadog-Trace-ID":"1234566789"},"url":"https://www.datadoghq.com","timeout":30,"method":"GET"},"assertions":[{"operator":"contains","property":"content-type","type":"header","target":"application/json"},{"operator":"is","type":"statusCode","target":200},{"operator":"lessThan","type":"responseTime","target":2000},{"operator":"doesNotContain","type":"body","target":"terraform"}],"configVariables":[{"pattern":"{{numeric(3)}}","type":"text","example":"123","name":"VARIABLE_NAME"}]},"options":{"retry":{"count":1},"min_location_failed":1,"allow_insecure":true,"follow_redirects":true,"min_failure_duration":0,"tick_every":60}}'
    headers:
      Cache-Control:
      - no-cache
      Connection:
      - keep-alive
      Content-Security-Policy:
      - frame-ancestors 'self'; report-uri https://api.datadoghq.com/csp-report
      Content-Type:
      - application/json
      Date:
      - Wed, 31 Mar 2021 13:11:45 GMT
      Pragma:
      - no-cache
      Strict-Transport-Security:
      - max-age=15724800;
      Vary:
      - Accept-Encoding
      X-Content-Type-Options:
      - nosniff
      X-Dd-Debug:
      - l8RQo2maZqJf6GFThBbKNE6dvthz6njusVtau3dPXJWL2RLFoN81H+BLPB/1xgs1
      X-Dd-Version:
      - "35.4208607"
      X-Frame-Options:
      - SAMEORIGIN
      X-Ratelimit-Limit:
      - "1000"
      X-Ratelimit-Period:
      - "60"
      X-Ratelimit-Remaining:
      - "954"
      X-Ratelimit-Reset:
      - "15"
    status: 200 OK
    code: 200
    duration: ""
- request:
    body: ""
    form: {}
    headers:
      Accept:
      - application/json
      Dd-Operation-Id:
      - GetTest
      User-Agent:
      - terraform-provider-datadog/dev (terraform 1.16.0; terraform-cli 0.12.7-sdk) datadog-api-client-go/1.0.0-beta.19+dev (go go1.15.3; os darwin; arch amd64)
    url: https://api.datadoghq.com/api/v1/synthetics/tests/y8i-rvx-2w7
    method: GET
  response:
    body: '{"status":"paused","public_id":"y8i-rvx-2w7","tags":["foo:bar","baz"],"locations":["aws:eu-central-1"],"message":"Notify @datadog.user","name":"tf-TestAccDatadogSyntheticsAPITest_Updated-local-1617196304","monitor_id":33131325,"type":"api","subtype":"http","config":{"request":{"body":"this is a body","headers":{"Accept":"application/json","X-Datadog-Trace-ID":"1234566789"},"url":"https://www.datadoghq.com","timeout":30,"method":"GET"},"assertions":[{"operator":"contains","property":"content-type","type":"header","target":"application/json"},{"operator":"is","type":"statusCode","target":200},{"operator":"lessThan","type":"responseTime","target":2000},{"operator":"doesNotContain","type":"body","target":"terraform"}],"configVariables":[{"pattern":"{{numeric(3)}}","type":"text","example":"123","name":"VARIABLE_NAME"}]},"options":{"retry":{"count":1},"min_location_failed":1,"allow_insecure":true,"follow_redirects":true,"min_failure_duration":0,"tick_every":60}}'
    headers:
      Cache-Control:
      - no-cache
      Connection:
      - keep-alive
      Content-Security-Policy:
      - frame-ancestors 'self'; report-uri https://api.datadoghq.com/csp-report
      Content-Type:
      - application/json
      Date:
      - Wed, 31 Mar 2021 13:11:45 GMT
      Pragma:
      - no-cache
      Strict-Transport-Security:
      - max-age=15724800;
      Vary:
      - Accept-Encoding
      X-Content-Type-Options:
      - nosniff
      X-Dd-Debug:
      - S1wfaMZOKGT/IoMw6fqAwAwGWo2vQ44sjF3YzuETnQfxZO2T5eJbs0aX3UKb9Dwu
      X-Dd-Version:
      - "35.4208607"
      X-Frame-Options:
      - SAMEORIGIN
      X-Ratelimit-Limit:
      - "1000"
      X-Ratelimit-Period:
      - "60"
      X-Ratelimit-Remaining:
      - "951"
      X-Ratelimit-Reset:
      - "15"
    status: 200 OK
    code: 200
    duration: ""
- request:
    body: ""
    form: {}
    headers:
      Accept:
      - application/json
      Dd-Operation-Id:
      - GetTest
      User-Agent:
      - terraform-provider-datadog/dev (terraform 1.16.0; terraform-cli 0.12.7-sdk) datadog-api-client-go/1.0.0-beta.19+dev (go go1.15.3; os darwin; arch amd64)
    url: https://api.datadoghq.com/api/v1/synthetics/tests/y8i-rvx-2w7
    method: GET
  response:
    body: '{"status":"paused","public_id":"y8i-rvx-2w7","tags":["foo:bar","baz"],"locations":["aws:eu-central-1"],"message":"Notify @datadog.user","name":"tf-TestAccDatadogSyntheticsAPITest_Updated-local-1617196304","monitor_id":33131325,"type":"api","subtype":"http","config":{"request":{"body":"this is a body","headers":{"Accept":"application/json","X-Datadog-Trace-ID":"1234566789"},"url":"https://www.datadoghq.com","timeout":30,"method":"GET"},"assertions":[{"operator":"contains","property":"content-type","type":"header","target":"application/json"},{"operator":"is","type":"statusCode","target":200},{"operator":"lessThan","type":"responseTime","target":2000},{"operator":"doesNotContain","type":"body","target":"terraform"}],"configVariables":[{"pattern":"{{numeric(3)}}","type":"text","example":"123","name":"VARIABLE_NAME"}]},"options":{"retry":{"count":1},"min_location_failed":1,"allow_insecure":true,"follow_redirects":true,"min_failure_duration":0,"tick_every":60}}'
    headers:
      Cache-Control:
      - no-cache
      Connection:
      - keep-alive
      Content-Security-Policy:
      - frame-ancestors 'self'; report-uri https://api.datadoghq.com/csp-report
      Content-Type:
      - application/json
      Date:
      - Wed, 31 Mar 2021 13:11:45 GMT
      Pragma:
      - no-cache
      Strict-Transport-Security:
      - max-age=15724800;
      Vary:
      - Accept-Encoding
      X-Content-Type-Options:
      - nosniff
      X-Dd-Debug:
      - 2328yjLSqI4XmR1pVqrPRR/SFcQsbafjEpPmZx7/3PfxUK1nJQQsX+wrMelyVyj+
      X-Dd-Version:
      - "35.4208607"
      X-Frame-Options:
      - SAMEORIGIN
      X-Ratelimit-Limit:
      - "1000"
      X-Ratelimit-Period:
      - "60"
      X-Ratelimit-Remaining:
      - "949"
      X-Ratelimit-Reset:
      - "15"
    status: 200 OK
    code: 200
    duration: ""
- request:
    body: ""
    form: {}
    headers:
      Accept:
      - application/json
      Dd-Operation-Id:
      - GetAPITest
      User-Agent:
      - terraform-provider-datadog/dev (terraform 1.16.0; terraform-cli 0.12.7-sdk) datadog-api-client-go/1.0.0-beta.19+dev (go go1.15.3; os darwin; arch amd64)
    url: https://api.datadoghq.com/api/v1/synthetics/tests/api/y8i-rvx-2w7
    method: GET
  response:
    body: '{"status":"paused","public_id":"y8i-rvx-2w7","tags":["foo:bar","baz"],"locations":["aws:eu-central-1"],"message":"Notify @datadog.user","name":"tf-TestAccDatadogSyntheticsAPITest_Updated-local-1617196304","monitor_id":33131325,"type":"api","subtype":"http","config":{"request":{"body":"this is a body","headers":{"Accept":"application/json","X-Datadog-Trace-ID":"1234566789"},"url":"https://www.datadoghq.com","timeout":30,"method":"GET"},"assertions":[{"operator":"contains","property":"content-type","type":"header","target":"application/json"},{"operator":"is","type":"statusCode","target":200},{"operator":"lessThan","type":"responseTime","target":2000},{"operator":"doesNotContain","type":"body","target":"terraform"}],"configVariables":[{"pattern":"{{numeric(3)}}","type":"text","example":"123","name":"VARIABLE_NAME"}]},"options":{"retry":{"count":1},"min_location_failed":1,"allow_insecure":true,"follow_redirects":true,"min_failure_duration":0,"tick_every":60}}'
    headers:
      Cache-Control:
      - no-cache
      Connection:
      - keep-alive
      Content-Security-Policy:
      - frame-ancestors 'self'; report-uri https://api.datadoghq.com/csp-report
      Content-Type:
      - application/json
      Date:
      - Wed, 31 Mar 2021 13:11:45 GMT
      Pragma:
      - no-cache
      Strict-Transport-Security:
      - max-age=15724800;
      Vary:
      - Accept-Encoding
      X-Content-Type-Options:
      - nosniff
      X-Dd-Debug:
      - /L+SFFO+m1pPY+hRCpk5325fvfrNl0KmiquUNJolBN/5hu3HIwflqjZSbJ6NxDFG
      X-Dd-Version:
      - "35.4208607"
      X-Frame-Options:
      - SAMEORIGIN
      X-Ratelimit-Limit:
      - "1000"
      X-Ratelimit-Period:
      - "60"
      X-Ratelimit-Remaining:
      - "946"
      X-Ratelimit-Reset:
      - "15"
    status: 200 OK
    code: 200
    duration: ""
- request:
    body: ""
    form: {}
    headers:
      Accept:
      - application/json
      Dd-Operation-Id:
      - GetTest
      User-Agent:
      - terraform-provider-datadog/dev (terraform 1.16.0; terraform-cli 0.12.7-sdk) datadog-api-client-go/1.0.0-beta.19+dev (go go1.15.3; os darwin; arch amd64)
    url: https://api.datadoghq.com/api/v1/synthetics/tests/y8i-rvx-2w7
    method: GET
  response:
    body: '{"status":"paused","public_id":"y8i-rvx-2w7","tags":["foo:bar","baz"],"locations":["aws:eu-central-1"],"message":"Notify @datadog.user","name":"tf-TestAccDatadogSyntheticsAPITest_Updated-local-1617196304","monitor_id":33131325,"type":"api","subtype":"http","config":{"request":{"body":"this is a body","headers":{"Accept":"application/json","X-Datadog-Trace-ID":"1234566789"},"url":"https://www.datadoghq.com","timeout":30,"method":"GET"},"assertions":[{"operator":"contains","property":"content-type","type":"header","target":"application/json"},{"operator":"is","type":"statusCode","target":200},{"operator":"lessThan","type":"responseTime","target":2000},{"operator":"doesNotContain","type":"body","target":"terraform"}],"configVariables":[{"pattern":"{{numeric(3)}}","type":"text","example":"123","name":"VARIABLE_NAME"}]},"options":{"retry":{"count":1},"min_location_failed":1,"allow_insecure":true,"follow_redirects":true,"min_failure_duration":0,"tick_every":60}}'
    headers:
      Cache-Control:
      - no-cache
      Connection:
      - keep-alive
      Content-Security-Policy:
      - frame-ancestors 'self'; report-uri https://api.datadoghq.com/csp-report
      Content-Type:
      - application/json
      Date:
      - Wed, 31 Mar 2021 13:11:46 GMT
      Pragma:
      - no-cache
      Strict-Transport-Security:
      - max-age=15724800;
      Vary:
      - Accept-Encoding
      X-Content-Type-Options:
      - nosniff
      X-Dd-Debug:
      - l4HFlaRP3QwYSqoGKhzbYfv7zgkK63HIRR7YkyVYZspq0lGjjTBwoK8V/alf+XYt
      X-Dd-Version:
      - "35.4208607"
      X-Frame-Options:
      - SAMEORIGIN
      X-Ratelimit-Limit:
      - "1000"
      X-Ratelimit-Period:
      - "60"
      X-Ratelimit-Remaining:
      - "943"
      X-Ratelimit-Reset:
      - "14"
    status: 200 OK
    code: 200
    duration: ""
- request:
    body: ""
    form: {}
    headers:
      Accept:
      - application/json
      Dd-Operation-Id:
      - GetAPITest
      User-Agent:
      - terraform-provider-datadog/dev (terraform 1.16.0; terraform-cli 0.12.7-sdk) datadog-api-client-go/1.0.0-beta.19+dev (go go1.15.3; os darwin; arch amd64)
    url: https://api.datadoghq.com/api/v1/synthetics/tests/api/y8i-rvx-2w7
    method: GET
  response:
    body: '{"status":"paused","public_id":"y8i-rvx-2w7","tags":["foo:bar","baz"],"locations":["aws:eu-central-1"],"message":"Notify @datadog.user","name":"tf-TestAccDatadogSyntheticsAPITest_Updated-local-1617196304","monitor_id":33131325,"type":"api","subtype":"http","config":{"request":{"body":"this is a body","headers":{"Accept":"application/json","X-Datadog-Trace-ID":"1234566789"},"url":"https://www.datadoghq.com","timeout":30,"method":"GET"},"assertions":[{"operator":"contains","property":"content-type","type":"header","target":"application/json"},{"operator":"is","type":"statusCode","target":200},{"operator":"lessThan","type":"responseTime","target":2000},{"operator":"doesNotContain","type":"body","target":"terraform"}],"configVariables":[{"pattern":"{{numeric(3)}}","type":"text","example":"123","name":"VARIABLE_NAME"}]},"options":{"retry":{"count":1},"min_location_failed":1,"allow_insecure":true,"follow_redirects":true,"min_failure_duration":0,"tick_every":60}}'
    headers:
      Cache-Control:
      - no-cache
      Connection:
      - keep-alive
      Content-Security-Policy:
      - frame-ancestors 'self'; report-uri https://api.datadoghq.com/csp-report
      Content-Type:
      - application/json
      Date:
      - Wed, 31 Mar 2021 13:11:46 GMT
      Pragma:
      - no-cache
      Strict-Transport-Security:
      - max-age=15724800;
      Vary:
      - Accept-Encoding
      X-Content-Type-Options:
      - nosniff
      X-Dd-Debug:
      - l8RQo2maZqJf6GFThBbKNE6dvthz6njusVtau3dPXJWL2RLFoN81H+BLPB/1xgs1
      X-Dd-Version:
      - "35.4208607"
      X-Frame-Options:
      - SAMEORIGIN
      X-Ratelimit-Limit:
      - "1000"
      X-Ratelimit-Period:
      - "60"
      X-Ratelimit-Remaining:
      - "939"
      X-Ratelimit-Reset:
      - "14"
    status: 200 OK
    code: 200
    duration: ""
- request:
    body: |
      {"config":{"assertions":[{"operator":"isNot","target":500,"type":"statusCode"}],"configVariables":[],"request":{"method":"GET","timeout":60,"url":"https://docs.datadoghq.com"}},"locations":["aws:eu-central-1"],"message":"Notify @pagerduty","name":"tf-TestAccDatadogSyntheticsAPITest_Updated-local-1617196304-updated","options":{"min_failure_duration":10,"min_location_failed":1,"monitor_options":{"renotify_interval":100},"retry":{"count":3,"interval":500},"tick_every":900},"status":"live","subtype":"http","tags":["foo:bar","foo","env:test"],"type":"api"}
    form: {}
    headers:
      Accept:
      - application/json
      Content-Type:
      - application/json
      Dd-Operation-Id:
      - UpdateAPITest
      User-Agent:
      - terraform-provider-datadog/dev (terraform 1.16.0; terraform-cli 0.12.7-sdk) datadog-api-client-go/1.0.0-beta.19+dev (go go1.15.3; os darwin; arch amd64)
    url: https://api.datadoghq.com/api/v1/synthetics/tests/api/y8i-rvx-2w7
    method: PUT
  response:
    body: '{"status":"live","public_id":"y8i-rvx-2w7","tags":["foo:bar","foo","env:test"],"org_id":321813,"locations":["aws:eu-central-1"],"message":"Notify @pagerduty","deleted_at":null,"name":"tf-TestAccDatadogSyntheticsAPITest_Updated-local-1617196304-updated","monitor_id":33131325,"type":"api","created_at":"2021-03-31T13:11:45.010666+00:00","modified_at":"2021-03-31T13:11:46.702600+00:00","subtype":"http","config":{"request":{"url":"https://docs.datadoghq.com","method":"GET","timeout":60},"assertions":[{"operator":"isNot","type":"statusCode","target":500}],"configVariables":[]},"options":{"monitor_options":{"notify_audit":false,"locked":false,"include_tags":true,"new_host_delay":300,"notify_no_data":false,"renotify_interval":100},"retry":{"count":3,"interval":500},"min_failure_duration":10,"tick_every":900,"min_location_failed":1}}'
    headers:
      Cache-Control:
      - no-cache
      Connection:
      - keep-alive
      Content-Security-Policy:
      - frame-ancestors 'self'; report-uri https://api.datadoghq.com/csp-report
      Content-Type:
      - application/json
      Date:
      - Wed, 31 Mar 2021 13:11:46 GMT
      Pragma:
      - no-cache
      Strict-Transport-Security:
      - max-age=15724800;
      Vary:
      - Accept-Encoding
      X-Content-Type-Options:
      - nosniff
      X-Dd-Debug:
      - LcgNasIYBRkNppmD6mCKE9J6iv0eEjosuuHR5V5zw2fWbR54i39C8dhdK8zDq/40
      X-Dd-Version:
      - "35.4208607"
      X-Frame-Options:
      - SAMEORIGIN
      X-Ratelimit-Limit:
      - "500"
      X-Ratelimit-Period:
      - "60"
      X-Ratelimit-Remaining:
      - "498"
      X-Ratelimit-Reset:
      - "14"
    status: 200 OK
    code: 200
    duration: ""
- request:
    body: ""
    form: {}
    headers:
      Accept:
      - application/json
      Dd-Operation-Id:
      - GetTest
      User-Agent:
      - terraform-provider-datadog/dev (terraform 1.16.0; terraform-cli 0.12.7-sdk) datadog-api-client-go/1.0.0-beta.19+dev (go go1.15.3; os darwin; arch amd64)
    url: https://api.datadoghq.com/api/v1/synthetics/tests/y8i-rvx-2w7
    method: GET
  response:
    body: '{"status":"live","public_id":"y8i-rvx-2w7","tags":["foo:bar","foo","env:test"],"locations":["aws:eu-central-1"],"message":"Notify @pagerduty","name":"tf-TestAccDatadogSyntheticsAPITest_Updated-local-1617196304-updated","monitor_id":33131325,"type":"api","subtype":"http","config":{"request":{"url":"https://docs.datadoghq.com","method":"GET","timeout":60},"assertions":[{"operator":"isNot","type":"statusCode","target":500}],"configVariables":[]},"options":{"monitor_options":{"renotify_interval":100},"retry":{"count":3,"interval":500},"min_failure_duration":10,"tick_every":900,"min_location_failed":1}}'
    headers:
      Cache-Control:
      - no-cache
      Connection:
      - keep-alive
      Content-Security-Policy:
      - frame-ancestors 'self'; report-uri https://api.datadoghq.com/csp-report
      Content-Type:
      - application/json
      Date:
      - Wed, 31 Mar 2021 13:11:46 GMT
      Pragma:
      - no-cache
      Strict-Transport-Security:
      - max-age=15724800;
      Vary:
      - Accept-Encoding
      X-Content-Type-Options:
      - nosniff
      X-Dd-Debug:
      - PhosSd3Ch1B6B0DXI71steKUi7XhPDttnPiIP1NdXTw0VJNWpoUnYyBmODS5ne3q
      X-Dd-Version:
      - "35.4208607"
      X-Frame-Options:
      - SAMEORIGIN
      X-Ratelimit-Limit:
      - "1000"
      X-Ratelimit-Period:
      - "60"
      X-Ratelimit-Remaining:
      - "937"
      X-Ratelimit-Reset:
      - "14"
    status: 200 OK
    code: 200
    duration: ""
- request:
    body: ""
    form: {}
    headers:
      Accept:
      - application/json
      Dd-Operation-Id:
      - GetAPITest
      User-Agent:
      - terraform-provider-datadog/dev (terraform 1.16.0; terraform-cli 0.12.7-sdk) datadog-api-client-go/1.0.0-beta.19+dev (go go1.15.3; os darwin; arch amd64)
    url: https://api.datadoghq.com/api/v1/synthetics/tests/api/y8i-rvx-2w7
    method: GET
  response:
    body: '{"status":"live","public_id":"y8i-rvx-2w7","tags":["foo:bar","foo","env:test"],"locations":["aws:eu-central-1"],"message":"Notify @pagerduty","name":"tf-TestAccDatadogSyntheticsAPITest_Updated-local-1617196304-updated","monitor_id":33131325,"type":"api","subtype":"http","config":{"request":{"url":"https://docs.datadoghq.com","method":"GET","timeout":60},"assertions":[{"operator":"isNot","type":"statusCode","target":500}],"configVariables":[]},"options":{"monitor_options":{"renotify_interval":100},"retry":{"count":3,"interval":500},"min_failure_duration":10,"tick_every":900,"min_location_failed":1}}'
    headers:
      Cache-Control:
      - no-cache
      Connection:
      - keep-alive
      Content-Security-Policy:
      - frame-ancestors 'self'; report-uri https://api.datadoghq.com/csp-report
      Content-Type:
      - application/json
      Date:
      - Wed, 31 Mar 2021 13:11:47 GMT
      Pragma:
      - no-cache
      Strict-Transport-Security:
      - max-age=15724800;
      Vary:
      - Accept-Encoding
      X-Content-Type-Options:
      - nosniff
      X-Dd-Debug:
      - 5gfwVh/5HZ+AnGd/Di93w3NEWC6KMHT9KzmHEiRJmNdOjBtAsbOcgVFyqEChw71h
      X-Dd-Version:
      - "35.4208607"
      X-Frame-Options:
      - SAMEORIGIN
      X-Ratelimit-Limit:
      - "1000"
      X-Ratelimit-Period:
      - "60"
      X-Ratelimit-Remaining:
      - "933"
      X-Ratelimit-Reset:
      - "13"
    status: 200 OK
    code: 200
    duration: ""
- request:
    body: ""
    form: {}
    headers:
      Accept:
      - application/json
      Dd-Operation-Id:
      - GetTest
      User-Agent:
      - terraform-provider-datadog/dev (terraform 1.16.0; terraform-cli 0.12.7-sdk) datadog-api-client-go/1.0.0-beta.19+dev (go go1.15.3; os darwin; arch amd64)
    url: https://api.datadoghq.com/api/v1/synthetics/tests/y8i-rvx-2w7
    method: GET
  response:
    body: '{"status":"live","public_id":"y8i-rvx-2w7","tags":["foo:bar","foo","env:test"],"locations":["aws:eu-central-1"],"message":"Notify @pagerduty","name":"tf-TestAccDatadogSyntheticsAPITest_Updated-local-1617196304-updated","monitor_id":33131325,"type":"api","subtype":"http","config":{"request":{"url":"https://docs.datadoghq.com","method":"GET","timeout":60},"assertions":[{"operator":"isNot","type":"statusCode","target":500}],"configVariables":[]},"options":{"monitor_options":{"renotify_interval":100},"retry":{"count":3,"interval":500},"min_failure_duration":10,"tick_every":900,"min_location_failed":1}}'
    headers:
      Cache-Control:
      - no-cache
      Connection:
      - keep-alive
      Content-Security-Policy:
      - frame-ancestors 'self'; report-uri https://api.datadoghq.com/csp-report
      Content-Type:
      - application/json
      Date:
      - Wed, 31 Mar 2021 13:11:47 GMT
      Pragma:
      - no-cache
      Strict-Transport-Security:
      - max-age=15724800;
      Vary:
      - Accept-Encoding
      X-Content-Type-Options:
      - nosniff
      X-Dd-Debug:
      - 25u1gDlL724DHllbjFT4BhOLorBTilh+aah2uWAUEjFC/+rjczJdiyWrV/HwLwe/
      X-Dd-Version:
      - "35.4208607"
      X-Frame-Options:
      - SAMEORIGIN
      X-Ratelimit-Limit:
      - "1000"
      X-Ratelimit-Period:
      - "60"
      X-Ratelimit-Remaining:
      - "931"
      X-Ratelimit-Reset:
      - "13"
    status: 200 OK
    code: 200
    duration: ""
- request:
    body: ""
    form: {}
    headers:
      Accept:
      - application/json
      Dd-Operation-Id:
      - GetTest
      User-Agent:
      - terraform-provider-datadog/dev (terraform 1.16.0; terraform-cli 0.12.7-sdk) datadog-api-client-go/1.0.0-beta.19+dev (go go1.15.3; os darwin; arch amd64)
    url: https://api.datadoghq.com/api/v1/synthetics/tests/y8i-rvx-2w7
    method: GET
  response:
    body: '{"status":"live","public_id":"y8i-rvx-2w7","tags":["foo:bar","foo","env:test"],"locations":["aws:eu-central-1"],"message":"Notify @pagerduty","name":"tf-TestAccDatadogSyntheticsAPITest_Updated-local-1617196304-updated","monitor_id":33131325,"type":"api","subtype":"http","config":{"request":{"url":"https://docs.datadoghq.com","method":"GET","timeout":60},"assertions":[{"operator":"isNot","type":"statusCode","target":500}],"configVariables":[]},"options":{"monitor_options":{"renotify_interval":100},"retry":{"count":3,"interval":500},"min_failure_duration":10,"tick_every":900,"min_location_failed":1}}'
    headers:
      Cache-Control:
      - no-cache
      Connection:
      - keep-alive
      Content-Security-Policy:
      - frame-ancestors 'self'; report-uri https://api.datadoghq.com/csp-report
      Content-Type:
      - application/json
      Date:
      - Wed, 31 Mar 2021 13:11:47 GMT
      Pragma:
      - no-cache
      Strict-Transport-Security:
      - max-age=15724800;
      Vary:
      - Accept-Encoding
      X-Content-Type-Options:
      - nosniff
      X-Dd-Debug:
      - l8RQo2maZqJf6GFThBbKNE6dvthz6njusVtau3dPXJWL2RLFoN81H+BLPB/1xgs1
      X-Dd-Version:
      - "35.4208607"
      X-Frame-Options:
      - SAMEORIGIN
      X-Ratelimit-Limit:
      - "1000"
      X-Ratelimit-Period:
      - "60"
      X-Ratelimit-Remaining:
      - "928"
      X-Ratelimit-Reset:
      - "13"
    status: 200 OK
    code: 200
    duration: ""
- request:
    body: ""
    form: {}
    headers:
      Accept:
      - application/json
      Dd-Operation-Id:
      - GetAPITest
      User-Agent:
      - terraform-provider-datadog/dev (terraform 1.16.0; terraform-cli 0.12.7-sdk) datadog-api-client-go/1.0.0-beta.19+dev (go go1.15.3; os darwin; arch amd64)
    url: https://api.datadoghq.com/api/v1/synthetics/tests/api/y8i-rvx-2w7
    method: GET
  response:
    body: '{"status":"live","public_id":"y8i-rvx-2w7","tags":["foo:bar","foo","env:test"],"locations":["aws:eu-central-1"],"message":"Notify @pagerduty","name":"tf-TestAccDatadogSyntheticsAPITest_Updated-local-1617196304-updated","monitor_id":33131325,"type":"api","subtype":"http","config":{"request":{"url":"https://docs.datadoghq.com","method":"GET","timeout":60},"assertions":[{"operator":"isNot","type":"statusCode","target":500}],"configVariables":[]},"options":{"monitor_options":{"renotify_interval":100},"retry":{"count":3,"interval":500},"min_failure_duration":10,"tick_every":900,"min_location_failed":1}}'
    headers:
      Cache-Control:
      - no-cache
      Connection:
      - keep-alive
      Content-Security-Policy:
      - frame-ancestors 'self'; report-uri https://api.datadoghq.com/csp-report
      Content-Type:
      - application/json
      Date:
      - Wed, 31 Mar 2021 13:11:47 GMT
      Pragma:
      - no-cache
      Strict-Transport-Security:
      - max-age=15724800;
      Vary:
      - Accept-Encoding
      X-Content-Type-Options:
      - nosniff
      X-Dd-Debug:
      - F5gm0Rce1/Abr9/0Fw8HAqWfiz0FdiH8er/AXnN6lOn3L6KyGgbsLCwgPlob1No8
      X-Dd-Version:
      - "35.4208607"
      X-Frame-Options:
      - SAMEORIGIN
      X-Ratelimit-Limit:
      - "1000"
      X-Ratelimit-Period:
      - "60"
      X-Ratelimit-Remaining:
      - "925"
      X-Ratelimit-Reset:
      - "13"
    status: 200 OK
    code: 200
    duration: ""
- request:
    body: ""
    form: {}
    headers:
      Accept:
      - application/json
      Dd-Operation-Id:
      - GetTest
      User-Agent:
      - terraform-provider-datadog/dev (terraform 1.16.0; terraform-cli 0.12.7-sdk) datadog-api-client-go/1.0.0-beta.19+dev (go go1.15.3; os darwin; arch amd64)
    url: https://api.datadoghq.com/api/v1/synthetics/tests/y8i-rvx-2w7
    method: GET
  response:
    body: '{"status":"live","public_id":"y8i-rvx-2w7","tags":["foo:bar","foo","env:test"],"locations":["aws:eu-central-1"],"message":"Notify @pagerduty","name":"tf-TestAccDatadogSyntheticsAPITest_Updated-local-1617196304-updated","monitor_id":33131325,"type":"api","subtype":"http","config":{"request":{"url":"https://docs.datadoghq.com","method":"GET","timeout":60},"assertions":[{"operator":"isNot","type":"statusCode","target":500}],"configVariables":[]},"options":{"monitor_options":{"renotify_interval":100},"retry":{"count":3,"interval":500},"min_failure_duration":10,"tick_every":900,"min_location_failed":1}}'
    headers:
      Cache-Control:
      - no-cache
      Connection:
      - keep-alive
      Content-Security-Policy:
      - frame-ancestors 'self'; report-uri https://api.datadoghq.com/csp-report
      Content-Type:
      - application/json
      Date:
      - Wed, 31 Mar 2021 13:11:48 GMT
      Pragma:
      - no-cache
      Strict-Transport-Security:
      - max-age=15724800;
      Vary:
      - Accept-Encoding
      X-Content-Type-Options:
      - nosniff
      X-Dd-Debug:
      - B1nwy/pPNqX+q4pQT22cdp1QCexE35IF8qwSHy0Nf7IW0Y881qtn4tXN1lpmzaKc
      X-Dd-Version:
      - "35.4208607"
      X-Frame-Options:
      - SAMEORIGIN
      X-Ratelimit-Limit:
      - "1000"
      X-Ratelimit-Period:
      - "60"
      X-Ratelimit-Remaining:
      - "922"
      X-Ratelimit-Reset:
      - "13"
    status: 200 OK
    code: 200
    duration: ""
- request:
    body: ""
    form: {}
    headers:
      Accept:
      - application/json
      Dd-Operation-Id:
      - GetAPITest
      User-Agent:
      - terraform-provider-datadog/dev (terraform 1.16.0; terraform-cli 0.12.7-sdk) datadog-api-client-go/1.0.0-beta.19+dev (go go1.15.3; os darwin; arch amd64)
    url: https://api.datadoghq.com/api/v1/synthetics/tests/api/y8i-rvx-2w7
    method: GET
  response:
    body: '{"status":"live","public_id":"y8i-rvx-2w7","tags":["foo:bar","foo","env:test"],"locations":["aws:eu-central-1"],"message":"Notify @pagerduty","name":"tf-TestAccDatadogSyntheticsAPITest_Updated-local-1617196304-updated","monitor_id":33131325,"type":"api","subtype":"http","config":{"request":{"url":"https://docs.datadoghq.com","method":"GET","timeout":60},"assertions":[{"operator":"isNot","type":"statusCode","target":500}],"configVariables":[]},"options":{"monitor_options":{"renotify_interval":100},"retry":{"count":3,"interval":500},"min_failure_duration":10,"tick_every":900,"min_location_failed":1}}'
    headers:
      Cache-Control:
      - no-cache
      Connection:
      - keep-alive
      Content-Security-Policy:
      - frame-ancestors 'self'; report-uri https://api.datadoghq.com/csp-report
      Content-Type:
      - application/json
      Date:
      - Wed, 31 Mar 2021 13:11:48 GMT
      Pragma:
      - no-cache
      Strict-Transport-Security:
      - max-age=15724800;
      Vary:
      - Accept-Encoding
      X-Content-Type-Options:
      - nosniff
      X-Dd-Debug:
      - mNzaoDhdDKO7t4QSrAe5X7pHd0bJND187D+vRbwoluXouE2m1UaQQX0RGCvRpLVE
      X-Dd-Version:
      - "35.4208607"
      X-Frame-Options:
      - SAMEORIGIN
      X-Ratelimit-Limit:
      - "1000"
      X-Ratelimit-Period:
      - "60"
      X-Ratelimit-Remaining:
      - "919"
      X-Ratelimit-Reset:
      - "12"
    status: 200 OK
    code: 200
    duration: ""
- request:
    body: |
      {"public_ids":["y8i-rvx-2w7"]}
    form: {}
    headers:
      Accept:
      - application/json
      Content-Type:
      - application/json
      Dd-Operation-Id:
      - DeleteTests
      User-Agent:
      - terraform-provider-datadog/dev (terraform 1.16.0; terraform-cli 0.12.7-sdk) datadog-api-client-go/1.0.0-beta.19+dev (go go1.15.3; os darwin; arch amd64)
    url: https://api.datadoghq.com/api/v1/synthetics/tests/delete
    method: POST
  response:
    body: '{"deleted_tests":[{"deleted_at":"2021-03-31T13:11:48.636358+00:00","public_id":"y8i-rvx-2w7"}]}'
    headers:
      Cache-Control:
      - no-cache
      Connection:
      - keep-alive
      Content-Security-Policy:
      - frame-ancestors 'self'; report-uri https://api.datadoghq.com/csp-report
      Content-Type:
      - application/json
      Date:
      - Wed, 31 Mar 2021 13:11:49 GMT
      Pragma:
      - no-cache
      Strict-Transport-Security:
      - max-age=15724800;
      Vary:
      - Accept-Encoding
      X-Content-Type-Options:
      - nosniff
      X-Dd-Debug:
      - B1nwy/pPNqX+q4pQT22cdp1QCexE35IF8qwSHy0Nf7IW0Y881qtn4tXN1lpmzaKc
      X-Dd-Version:
      - "35.4208607"
      X-Frame-Options:
      - SAMEORIGIN
      X-Ratelimit-Limit:
      - "120"
      X-Ratelimit-Period:
      - "60"
      X-Ratelimit-Remaining:
      - "113"
      X-Ratelimit-Reset:
      - "12"
    status: 200 OK
    code: 200
    duration: ""
- request:
    body: ""
    form: {}
    headers:
      Accept:
      - application/json
      Dd-Operation-Id:
      - GetTest
      User-Agent:
      - terraform-provider-datadog/dev (terraform 1.16.0; terraform-cli 0.12.7-sdk) datadog-api-client-go/1.0.0-beta.19+dev (go go1.15.3; os darwin; arch amd64)
    url: https://api.datadoghq.com/api/v1/synthetics/tests/y8i-rvx-2w7
    method: GET
  response:
    body: '{"errors": ["Synthetics test not found"]}'
    headers:
      Cache-Control:
      - no-cache
      Connection:
      - keep-alive
      Content-Security-Policy:
      - frame-ancestors 'self'; report-uri https://api.datadoghq.com/csp-report
      Content-Type:
      - application/json
      Date:
      - Wed, 31 Mar 2021 13:11:49 GMT
      Pragma:
      - no-cache
      Strict-Transport-Security:
      - max-age=15724800;
      Vary:
      - Accept-Encoding
      X-Content-Type-Options:
      - nosniff
      X-Dd-Version:
      - "35.4208607"
      X-Frame-Options:
      - SAMEORIGIN
      X-Ratelimit-Limit:
      - "1000"
      X-Ratelimit-Period:
      - "60"
      X-Ratelimit-Remaining:
      - "916"
      X-Ratelimit-Reset:
      - "11"
    status: 404 Not Found
    code: 404
    duration: ""
