---
version: 1
interactions:
- request:
    body: |
      {"description":"Created using the Datadog provider in Terraform","id":"","is_read_only":true,"layout_type":"free","notify_list":[],"template_variable_presets":[],"template_variables":[],"title":"tf-TestAccDatadogDashboardTraceService-local-1611850706","widgets":[{"definition":{"display_format":"three_column","env":"datadoghq.com","service":"postgres","show_breakdown":true,"show_distribution":true,"show_errors":true,"show_hits":true,"show_latency":true,"show_resource_list":true,"size_format":"large","span_name":"postgres.connection.rollback","time":{"live_span":"30m"},"title":"postgres #env:datadoghq.com","title_align":"center","title_size":"16","type":"trace_service"},"layout":{"height":43,"width":32,"x":5,"y":5}},{"definition":{"display_format":"three_column","env":"datadoghq.com","service":"postgres","show_breakdown":true,"show_distribution":true,"show_errors":true,"show_hits":true,"show_latency":true,"show_resource_list":true,"size_format":"large","span_name":"postgres.connection.rollback","time":{"live_span":"30m"},"title":"postgres #env:datadoghq.com","title_align":"center","title_size":"16","type":"trace_service"},"layout":{"height":43,"width":32,"x":5,"y":5}}]}
    form: {}
    headers:
      Accept:
      - application/json
      Content-Type:
      - application/json
      Dd-Operation-Id:
      - CreateDashboard
      User-Agent:
      - terraform-provider-datadog/dev (terraform 1.15.0; terraform-cli 0.12.7-sdk)
        datadog-api-client-go/1.0.0-beta.14 (go go1.15.4; os darwin; arch amd64)
      X-Datadog-Parent-Id:
      - "2452641750263574449"
      X-Datadog-Sampling-Priority:
      - "1"
      X-Datadog-Trace-Id:
      - "3937683268568493087"
    url: https://api.datadoghq.com/api/v1/dashboard
    method: POST
  response:
    body: '{"notify_list":[],"description":"Created using the Datadog provider in
      Terraform","author_name":null,"template_variable_presets":[],"template_variables":[],"is_read_only":true,"id":"m3a-k3d-bi3","title":"tf-TestAccDatadogDashboardTraceService-local-1611850706","url":"/dashboard/m3a-k3d-bi3/tf-testaccdatadogdashboardtraceservice-local-1611850706","created_at":"2021-01-28T16:18:57.265647+00:00","modified_at":"2021-01-28T16:18:57.265647+00:00","author_handle":"frog@datadoghq.com","widgets":[{"definition":{"span_name":"postgres.connection.rollback","title_size":"16","service":"postgres","title":"postgres
      #env:datadoghq.com","size_format":"large","show_hits":true,"title_align":"center","show_errors":true,"show_breakdown":true,"type":"trace_service","env":"datadoghq.com","time":{"live_span":"30m"},"show_distribution":true,"display_format":"three_column","show_latency":true,"show_resource_list":true},"layout":{"y":5,"width":32,"x":5,"height":43},"id":740414956748007},{"definition":{"span_name":"postgres.connection.rollback","title_size":"16","service":"postgres","title":"postgres
      #env:datadoghq.com","size_format":"large","show_hits":true,"title_align":"center","show_errors":true,"show_breakdown":true,"type":"trace_service","env":"datadoghq.com","time":{"live_span":"30m"},"show_distribution":true,"display_format":"three_column","show_latency":true,"show_resource_list":true},"layout":{"y":5,"width":32,"x":5,"height":43},"id":3154756245056205}],"layout_type":"free"}'
    headers:
      Cache-Control:
      - no-cache
      Connection:
      - keep-alive
      Content-Security-Policy:
      - frame-ancestors 'self'; report-uri https://api.datadoghq.com/csp-report
      Content-Type:
      - application/json
      Date:
      - Thu, 28 Jan 2021 16:18:59 GMT
      Pragma:
      - no-cache
      Set-Cookie:
      - DD-PSHARD=233; Max-Age=604800; Path=/; expires=Thu, 04-Feb-2021 16:18:56 GMT;
        secure; HttpOnly
      Strict-Transport-Security:
      - max-age=15724800;
      Vary:
      - Accept-Encoding
      X-Content-Type-Options:
      - nosniff
      X-Dd-Debug:
      - 25u1gDlL724DHllbjFT4BhOLorBTilh+aah2uWAUEjFC/+rjczJdiyWrV/HwLwe/
      X-Dd-Version:
      - "35.3796727"
      X-Frame-Options:
      - SAMEORIGIN
    status: 200 OK
    code: 200
    duration: ""
- request:
    body: ""
    form: {}
    headers:
      Accept:
      - application/json
      Dd-Operation-Id:
      - GetDashboard
      User-Agent:
      - terraform-provider-datadog/dev (terraform 1.15.0; terraform-cli 0.12.7-sdk)
        datadog-api-client-go/1.0.0-beta.14 (go go1.15.4; os darwin; arch amd64)
      X-Datadog-Parent-Id:
      - "6029368875629110858"
      X-Datadog-Sampling-Priority:
      - "1"
      X-Datadog-Trace-Id:
      - "3937683268568493087"
    url: https://api.datadoghq.com/api/v1/dashboard/m3a-k3d-bi3
    method: GET
  response:
    body: '{"notify_list":[],"description":"Created using the Datadog provider in
      Terraform","author_name":null,"template_variable_presets":[],"template_variables":[],"is_read_only":true,"id":"m3a-k3d-bi3","title":"tf-TestAccDatadogDashboardTraceService-local-1611850706","url":"/dashboard/m3a-k3d-bi3/tf-testaccdatadogdashboardtraceservice-local-1611850706","created_at":"2021-01-28T16:18:57.265647+00:00","modified_at":"2021-01-28T16:18:57.265647+00:00","author_handle":"frog@datadoghq.com","widgets":[{"definition":{"span_name":"postgres.connection.rollback","title_size":"16","service":"postgres","title":"postgres
      #env:datadoghq.com","size_format":"large","show_hits":true,"title_align":"center","show_errors":true,"show_breakdown":true,"type":"trace_service","env":"datadoghq.com","time":{"live_span":"30m"},"show_distribution":true,"display_format":"three_column","show_latency":true,"show_resource_list":true},"layout":{"y":5,"width":32,"x":5,"height":43},"id":740414956748007},{"definition":{"span_name":"postgres.connection.rollback","title_size":"16","service":"postgres","title":"postgres
      #env:datadoghq.com","size_format":"large","show_hits":true,"title_align":"center","show_errors":true,"show_breakdown":true,"type":"trace_service","env":"datadoghq.com","time":{"live_span":"30m"},"show_distribution":true,"display_format":"three_column","show_latency":true,"show_resource_list":true},"layout":{"y":5,"width":32,"x":5,"height":43},"id":3154756245056205}],"layout_type":"free"}'
    headers:
      Cache-Control:
      - no-cache
      Connection:
      - keep-alive
      Content-Security-Policy:
      - frame-ancestors 'self'; report-uri https://api.datadoghq.com/csp-report
      Content-Type:
      - application/json
      Date:
      - Thu, 28 Jan 2021 16:19:00 GMT
      Pragma:
      - no-cache
      Set-Cookie:
      - DD-PSHARD=233; Max-Age=604800; Path=/; expires=Thu, 04-Feb-2021 16:19:00 GMT;
        secure; HttpOnly
      Strict-Transport-Security:
      - max-age=15724800;
      Vary:
      - Accept-Encoding
      X-Content-Type-Options:
      - nosniff
      X-Dd-Debug:
      - 5gfwVh/5HZ+AnGd/Di93w3NEWC6KMHT9KzmHEiRJmNdOjBtAsbOcgVFyqEChw71h
      X-Dd-Version:
      - "35.3796727"
      X-Frame-Options:
      - SAMEORIGIN
    status: 200 OK
    code: 200
    duration: ""
- request:
    body: ""
    form: {}
    headers:
      Accept:
      - application/json
      Dd-Operation-Id:
      - GetDashboard
      User-Agent:
      - terraform-provider-datadog/dev (terraform 1.15.0; terraform-cli 0.12.7-sdk)
        datadog-api-client-go/1.0.0-beta.14 (go go1.15.4; os darwin; arch amd64)
      X-Datadog-Parent-Id:
      - "3930983606787051962"
      X-Datadog-Sampling-Priority:
      - "1"
      X-Datadog-Trace-Id:
      - "3937683268568493087"
    url: https://api.datadoghq.com/api/v1/dashboard/m3a-k3d-bi3
    method: GET
  response:
    body: '{"notify_list":[],"description":"Created using the Datadog provider in
      Terraform","author_name":null,"template_variable_presets":[],"template_variables":[],"is_read_only":true,"id":"m3a-k3d-bi3","title":"tf-TestAccDatadogDashboardTraceService-local-1611850706","url":"/dashboard/m3a-k3d-bi3/tf-testaccdatadogdashboardtraceservice-local-1611850706","created_at":"2021-01-28T16:18:57.265647+00:00","modified_at":"2021-01-28T16:18:57.265647+00:00","author_handle":"frog@datadoghq.com","widgets":[{"definition":{"span_name":"postgres.connection.rollback","title_size":"16","service":"postgres","title":"postgres
      #env:datadoghq.com","size_format":"large","show_hits":true,"title_align":"center","show_errors":true,"show_breakdown":true,"type":"trace_service","env":"datadoghq.com","time":{"live_span":"30m"},"show_distribution":true,"display_format":"three_column","show_latency":true,"show_resource_list":true},"layout":{"y":5,"width":32,"x":5,"height":43},"id":740414956748007},{"definition":{"span_name":"postgres.connection.rollback","title_size":"16","service":"postgres","title":"postgres
      #env:datadoghq.com","size_format":"large","show_hits":true,"title_align":"center","show_errors":true,"show_breakdown":true,"type":"trace_service","env":"datadoghq.com","time":{"live_span":"30m"},"show_distribution":true,"display_format":"three_column","show_latency":true,"show_resource_list":true},"layout":{"y":5,"width":32,"x":5,"height":43},"id":3154756245056205}],"layout_type":"free"}'
    headers:
      Cache-Control:
      - no-cache
      Connection:
      - keep-alive
      Content-Security-Policy:
      - frame-ancestors 'self'; report-uri https://api.datadoghq.com/csp-report
      Content-Type:
      - application/json
      Date:
      - Thu, 28 Jan 2021 16:19:03 GMT
      Pragma:
      - no-cache
      Set-Cookie:
      - DD-PSHARD=233; Max-Age=604800; Path=/; expires=Thu, 04-Feb-2021 16:19:03 GMT;
        secure; HttpOnly
      Strict-Transport-Security:
      - max-age=15724800;
      Vary:
      - Accept-Encoding
      X-Content-Type-Options:
      - nosniff
      X-Dd-Debug:
      - l8RQo2maZqJf6GFThBbKNE6dvthz6njusVtau3dPXJWL2RLFoN81H+BLPB/1xgs1
      X-Dd-Version:
      - "35.3796727"
      X-Frame-Options:
      - SAMEORIGIN
    status: 200 OK
    code: 200
    duration: ""
- request:
    body: ""
    form: {}
    headers:
      Accept:
      - application/json
      Dd-Operation-Id:
      - GetDashboard
      User-Agent:
      - terraform-provider-datadog/dev (terraform 1.15.0; terraform-cli 0.12.7-sdk)
        datadog-api-client-go/1.0.0-beta.14 (go go1.15.4; os darwin; arch amd64)
      X-Datadog-Parent-Id:
      - "6362423860877051324"
      X-Datadog-Sampling-Priority:
      - "1"
      X-Datadog-Trace-Id:
      - "3937683268568493087"
    url: https://api.datadoghq.com/api/v1/dashboard/m3a-k3d-bi3
    method: GET
  response:
    body: '{"notify_list":[],"description":"Created using the Datadog provider in
      Terraform","author_name":null,"template_variable_presets":[],"template_variables":[],"is_read_only":true,"id":"m3a-k3d-bi3","title":"tf-TestAccDatadogDashboardTraceService-local-1611850706","url":"/dashboard/m3a-k3d-bi3/tf-testaccdatadogdashboardtraceservice-local-1611850706","created_at":"2021-01-28T16:18:57.265647+00:00","modified_at":"2021-01-28T16:18:57.265647+00:00","author_handle":"frog@datadoghq.com","widgets":[{"definition":{"span_name":"postgres.connection.rollback","title_size":"16","service":"postgres","title":"postgres
      #env:datadoghq.com","size_format":"large","show_hits":true,"title_align":"center","show_errors":true,"show_breakdown":true,"type":"trace_service","env":"datadoghq.com","time":{"live_span":"30m"},"show_distribution":true,"display_format":"three_column","show_latency":true,"show_resource_list":true},"layout":{"y":5,"width":32,"x":5,"height":43},"id":740414956748007},{"definition":{"span_name":"postgres.connection.rollback","title_size":"16","service":"postgres","title":"postgres
      #env:datadoghq.com","size_format":"large","show_hits":true,"title_align":"center","show_errors":true,"show_breakdown":true,"type":"trace_service","env":"datadoghq.com","time":{"live_span":"30m"},"show_distribution":true,"display_format":"three_column","show_latency":true,"show_resource_list":true},"layout":{"y":5,"width":32,"x":5,"height":43},"id":3154756245056205}],"layout_type":"free"}'
    headers:
      Cache-Control:
      - no-cache
      Connection:
      - keep-alive
      Content-Security-Policy:
      - frame-ancestors 'self'; report-uri https://api.datadoghq.com/csp-report
      Content-Type:
      - application/json
      Date:
      - Thu, 28 Jan 2021 16:19:29 GMT
      Pragma:
      - no-cache
      Set-Cookie:
      - DD-PSHARD=233; Max-Age=604800; Path=/; expires=Thu, 04-Feb-2021 16:19:29 GMT;
        secure; HttpOnly
      Strict-Transport-Security:
      - max-age=15724800;
      Vary:
      - Accept-Encoding
      X-Content-Type-Options:
      - nosniff
      X-Dd-Debug:
      - tpRCH6w417YjBovRJ8VmtuXmNONVYiRp2c8d2AxjPdGBn8PCtgG4vAztrx3qUZAN
      X-Dd-Version:
      - "35.3796727"
      X-Frame-Options:
      - SAMEORIGIN
    status: 200 OK
    code: 200
    duration: ""
- request:
    body: ""
    form: {}
    headers:
      Accept:
      - application/json
      Dd-Operation-Id:
      - GetDashboard
      User-Agent:
      - terraform-provider-datadog/dev (terraform 1.15.0; terraform-cli 0.12.7-sdk)
        datadog-api-client-go/1.0.0-beta.14 (go go1.15.4; os darwin; arch amd64)
      X-Datadog-Parent-Id:
      - "4984849566483048120"
      X-Datadog-Sampling-Priority:
      - "1"
      X-Datadog-Trace-Id:
      - "3937683268568493087"
    url: https://api.datadoghq.com/api/v1/dashboard/m3a-k3d-bi3
    method: GET
  response:
    body: '{"notify_list":[],"description":"Created using the Datadog provider in
      Terraform","author_name":null,"template_variable_presets":[],"template_variables":[],"is_read_only":true,"id":"m3a-k3d-bi3","title":"tf-TestAccDatadogDashboardTraceService-local-1611850706","url":"/dashboard/m3a-k3d-bi3/tf-testaccdatadogdashboardtraceservice-local-1611850706","created_at":"2021-01-28T16:18:57.265647+00:00","modified_at":"2021-01-28T16:18:57.265647+00:00","author_handle":"frog@datadoghq.com","widgets":[{"definition":{"span_name":"postgres.connection.rollback","title_size":"16","service":"postgres","title":"postgres
      #env:datadoghq.com","size_format":"large","show_hits":true,"title_align":"center","show_errors":true,"show_breakdown":true,"type":"trace_service","env":"datadoghq.com","time":{"live_span":"30m"},"show_distribution":true,"display_format":"three_column","show_latency":true,"show_resource_list":true},"layout":{"y":5,"width":32,"x":5,"height":43},"id":740414956748007},{"definition":{"span_name":"postgres.connection.rollback","title_size":"16","service":"postgres","title":"postgres
      #env:datadoghq.com","size_format":"large","show_hits":true,"title_align":"center","show_errors":true,"show_breakdown":true,"type":"trace_service","env":"datadoghq.com","time":{"live_span":"30m"},"show_distribution":true,"display_format":"three_column","show_latency":true,"show_resource_list":true},"layout":{"y":5,"width":32,"x":5,"height":43},"id":3154756245056205}],"layout_type":"free"}'
    headers:
      Cache-Control:
      - no-cache
      Connection:
      - keep-alive
      Content-Security-Policy:
      - frame-ancestors 'self'; report-uri https://api.datadoghq.com/csp-report
      Content-Type:
      - application/json
      Date:
      - Thu, 28 Jan 2021 16:19:55 GMT
      Pragma:
      - no-cache
      Set-Cookie:
      - DD-PSHARD=233; Max-Age=604800; Path=/; expires=Thu, 04-Feb-2021 16:19:55 GMT;
        secure; HttpOnly
      Strict-Transport-Security:
      - max-age=15724800;
      Vary:
      - Accept-Encoding
      X-Content-Type-Options:
      - nosniff
      X-Dd-Debug:
      - vdJ3/nHEY1ioXQ6pQrBVvsQK1s4yyc+wufBMPSoXql71qZVuP/xMdtNo6DafhOAk
      X-Dd-Version:
      - "35.3796727"
      X-Frame-Options:
      - SAMEORIGIN
    status: 200 OK
    code: 200
    duration: ""
- request:
    body: ""
    form: {}
    headers:
      Accept:
      - application/json
      Dd-Operation-Id:
      - DeleteDashboard
      User-Agent:
      - terraform-provider-datadog/dev (terraform 1.15.0; terraform-cli 0.12.7-sdk)
        datadog-api-client-go/1.0.0-beta.14 (go go1.15.4; os darwin; arch amd64)
      X-Datadog-Parent-Id:
      - "622871732554396122"
      X-Datadog-Sampling-Priority:
      - "1"
      X-Datadog-Trace-Id:
      - "3937683268568493087"
    url: https://api.datadoghq.com/api/v1/dashboard/m3a-k3d-bi3
    method: DELETE
  response:
    body: '{"deleted_dashboard_id":"m3a-k3d-bi3"}'
    headers:
      Cache-Control:
      - no-cache
      Connection:
      - keep-alive
      Content-Security-Policy:
      - frame-ancestors 'self'; report-uri https://api.datadoghq.com/csp-report
      Content-Type:
      - application/json
      Date:
      - Thu, 28 Jan 2021 16:20:16 GMT
      Pragma:
      - no-cache
      Set-Cookie:
      - DD-PSHARD=233; Max-Age=604800; Path=/; expires=Thu, 04-Feb-2021 16:20:16 GMT;
        secure; HttpOnly
      Strict-Transport-Security:
      - max-age=15724800;
      Vary:
      - Accept-Encoding
      X-Content-Type-Options:
      - nosniff
      X-Dd-Debug:
      - F5gm0Rce1/Abr9/0Fw8HAqWfiz0FdiH8er/AXnN6lOn3L6KyGgbsLCwgPlob1No8
      X-Dd-Version:
      - "35.3796727"
      X-Frame-Options:
      - SAMEORIGIN
    status: 200 OK
    code: 200
    duration: ""
- request:
    body: ""
    form: {}
    headers:
      Accept:
      - application/json
      Dd-Operation-Id:
      - GetDashboard
      User-Agent:
      - terraform-provider-datadog/dev (terraform 1.15.0; terraform-cli 0.12.7-sdk)
        datadog-api-client-go/1.0.0-beta.14 (go go1.15.4; os darwin; arch amd64)
      X-Datadog-Parent-Id:
      - "6970062833592951695"
      X-Datadog-Sampling-Priority:
      - "1"
      X-Datadog-Trace-Id:
      - "3937683268568493087"
    url: https://api.datadoghq.com/api/v1/dashboard/m3a-k3d-bi3
    method: GET
  response:
    body: '{"errors": ["Dashboard with ID m3a-k3d-bi3 not found"]}'
    headers:
      Cache-Control:
      - no-cache
      Connection:
      - keep-alive
      Content-Security-Policy:
      - frame-ancestors 'self'; report-uri https://api.datadoghq.com/csp-report
      Content-Type:
      - application/json
      Date:
      - Thu, 28 Jan 2021 16:20:19 GMT
      Pragma:
      - no-cache
      Strict-Transport-Security:
      - max-age=15724800;
      Vary:
      - Accept-Encoding
      X-Content-Type-Options:
      - nosniff
      X-Dd-Version:
      - "35.3796727"
      X-Frame-Options:
      - SAMEORIGIN
    status: 404 Not Found
    code: 404
    duration: ""
