version: 2
interactions:
- request:
    body: |
      {"access_key_id":"4957495653495349","account_id":"495749565349","account_specific_namespace_rules":{},"cspm_resource_collection_enabled":false,"excluded_regions":[],"filter_tags":[],"host_tags":[],"metrics_collection_enabled":true,"resource_collection_enabled":false,"secret_access_key":"testacc-datadog-integration-secret"}
    form: {}
    headers:
      Accept:
      - application/json
      Content-Type:
      - application/json
    url: https://api.datadoghq.com/api/v1/integration/aws
    method: POST
    id: 0
  response:
    body: |
      {}
    headers:
      Content-Type:
      - application/json
    status: 200 OK
    code: 200
    duration: "0ms"
- request:
    body: ""
    form: {}
    headers:
      Accept:
      - application/json
    url: https://api.datadoghq.com/api/v1/integration/aws
    method: GET
    id: 1
  response:
    body: |
      {"accounts":[{"account_id":"979910097554","role_name":"1234@testacc-datadog-integration-role","filter_tags":["key:value"],"host_tags":["key:value","key2:value2"],"account_specific_namespace_rules":{"opsworks":true,"auto_scaling":false},"excluded_regions":["us-east-1","us-west-2"],"metrics_collection_enabled":false,"errors":["Datadog is not authorized to perform action sts:AssumeRole\nAccount affected: 979910097554\nRegions affected: every region\nError was last seen 1m ago"],"cspm_resource_collection_enabled":true,"extended_resource_collection_enabled":true,"resource_collection_enabled":true},{"account_id":"571021019953","role_name":"testacc-datadog-integration-role","filter_tags":[],"host_tags":[],"account_specific_namespace_rules":{},"excluded_regions":[],"metrics_collection_enabled":true,"errors":["Datadog is not authorized to perform action sts:AssumeRole\nAccount affected: 571021019953\nRegions affected: every region\nError was last seen 1m ago"],"cspm_resource_collection_enabled":false,"extended_resource_collection_enabled":false,"resource_collection_enabled":false},{"account_id":"123456789188","role_name":"DatadogAWSAcctRoleName","filter_tags":["filter:thisTag"],"host_tags":["env:staging","account:123456"],"account_specific_namespace_rules":{"api_gateway":true,"route53":false},"excluded_regions":[],"metrics_collection_enabled":true,"errors":["Datadog is not authorized to perform action sts:AssumeRole\nAccount affected: 123456789188\nRegions affected: every region\nError was last seen 1m ago"],"cspm_resource_collection_enabled":false,"extended_resource_collection_enabled":false,"resource_collection_enabled":false},{"account_id":"661694029252","role_name":"DatadogAWSIntegrationRole","filter_tags":["testTag","test:Tag2"],"host_tags":["filter:one","filtertwo"],"account_specific_namespace_rules":{"opsworks":true},"excluded_regions":[],"metrics_collection_enabled":true,"errors":["Datadog is not authorized to perform action sts:AssumeRole\nAccount affected: 661694029252\nRegions affected: every region\nError was last seen 1m ago"],"cspm_resource_collection_enabled":false,"extended_resource_collection_enabled":false,"resource_collection_enabled":false},{"access_key_id":"4949579948531019","filter_tags":[],"host_tags":[],"account_specific_namespace_rules":{},"excluded_regions":[],"metrics_collection_enabled":true,"errors":["Datadog is not authorized to perform action cloudwatch:ListMetrics \nAccount affected: 4949579948531019\nRegions affected: every region \nError was last seen 4m ago"],"cspm_resource_collection_enabled":false,"extended_resource_collection_enabled":false,"resource_collection_enabled":false},{"access_key_id":"1009898975398489","filter_tags":[],"host_tags":[],"account_specific_namespace_rules":{},"excluded_regions":[],"metrics_collection_enabled":true,"errors":["Datadog is not authorized to perform action cloudwatch:ListMetrics \nAccount affected: 1009898975398489\nRegions affected: every region \nError was last seen 4m ago"],"cspm_resource_collection_enabled":false,"extended_resource_collection_enabled":false,"resource_collection_enabled":false},{"access_key_id":"9952495110098101","filter_tags":[],"host_tags":[],"account_specific_namespace_rules":{},"excluded_regions":[],"metrics_collection_enabled":true,"errors":["Datadog is not authorized to perform action cloudwatch:ListMetrics \nAccount affected: 9952495110098101\nRegions affected: every region \nError was last seen 4m ago"],"cspm_resource_collection_enabled":false,"extended_resource_collection_enabled":false,"resource_collection_enabled":false},{"access_key_id":"4957495653495349","filter_tags":[],"host_tags":[],"account_specific_namespace_rules":{},"excluded_regions":[],"metrics_collection_enabled":true,"errors":[],"cspm_resource_collection_enabled":false,"extended_resource_collection_enabled":false,"resource_collection_enabled":false}]}
    headers:
      Content-Type:
      - application/json
    status: 200 OK
    code: 200
    duration: "0ms"
- request:
    body: ""
    form: {}
    headers:
      Accept:
      - application/json
    url: https://api.datadoghq.com/api/v1/integration/aws
    method: GET
    id: 2
  response:
    body: |
      {"accounts":[{"account_id":"979910097554","role_name":"1234@testacc-datadog-integration-role","filter_tags":["key:value"],"host_tags":["key:value","key2:value2"],"account_specific_namespace_rules":{"opsworks":true,"auto_scaling":false},"excluded_regions":["us-east-1","us-west-2"],"metrics_collection_enabled":false,"errors":["Datadog is not authorized to perform action sts:AssumeRole\nAccount affected: 979910097554\nRegions affected: every region\nError was last seen 1m ago"],"cspm_resource_collection_enabled":true,"extended_resource_collection_enabled":true,"resource_collection_enabled":true},{"account_id":"571021019953","role_name":"testacc-datadog-integration-role","filter_tags":[],"host_tags":[],"account_specific_namespace_rules":{},"excluded_regions":[],"metrics_collection_enabled":true,"errors":["Datadog is not authorized to perform action sts:AssumeRole\nAccount affected: 571021019953\nRegions affected: every region\nError was last seen 1m ago"],"cspm_resource_collection_enabled":false,"extended_resource_collection_enabled":false,"resource_collection_enabled":false},{"account_id":"123456789188","role_name":"DatadogAWSAcctRoleName","filter_tags":["filter:thisTag"],"host_tags":["env:staging","account:123456"],"account_specific_namespace_rules":{"route53":false,"api_gateway":true},"excluded_regions":[],"metrics_collection_enabled":true,"errors":["Datadog is not authorized to perform action sts:AssumeRole\nAccount affected: 123456789188\nRegions affected: every region\nError was last seen 1m ago"],"cspm_resource_collection_enabled":false,"extended_resource_collection_enabled":false,"resource_collection_enabled":false},{"account_id":"661694029252","role_name":"DatadogAWSIntegrationRole","filter_tags":["testTag","test:Tag2"],"host_tags":["filter:one","filtertwo"],"account_specific_namespace_rules":{"opsworks":true},"excluded_regions":[],"metrics_collection_enabled":true,"errors":["Datadog is not authorized to perform action sts:AssumeRole\nAccount affected: 661694029252\nRegions affected: every region\nError was last seen 1m ago"],"cspm_resource_collection_enabled":false,"extended_resource_collection_enabled":false,"resource_collection_enabled":false},{"access_key_id":"4949579948531019","filter_tags":[],"host_tags":[],"account_specific_namespace_rules":{},"excluded_regions":[],"metrics_collection_enabled":true,"errors":["Datadog is not authorized to perform action cloudwatch:ListMetrics \nAccount affected: 4949579948531019\nRegions affected: every region \nError was last seen 4m ago"],"cspm_resource_collection_enabled":false,"extended_resource_collection_enabled":false,"resource_collection_enabled":false},{"access_key_id":"1009898975398489","filter_tags":[],"host_tags":[],"account_specific_namespace_rules":{},"excluded_regions":[],"metrics_collection_enabled":true,"errors":["Datadog is not authorized to perform action cloudwatch:ListMetrics \nAccount affected: 1009898975398489\nRegions affected: every region \nError was last seen 4m ago"],"cspm_resource_collection_enabled":false,"extended_resource_collection_enabled":false,"resource_collection_enabled":false},{"access_key_id":"9952495110098101","filter_tags":[],"host_tags":[],"account_specific_namespace_rules":{},"excluded_regions":[],"metrics_collection_enabled":true,"errors":["Datadog is not authorized to perform action cloudwatch:ListMetrics \nAccount affected: 9952495110098101\nRegions affected: every region \nError was last seen 4m ago"],"cspm_resource_collection_enabled":false,"extended_resource_collection_enabled":false,"resource_collection_enabled":false},{"access_key_id":"4957495653495349","filter_tags":[],"host_tags":[],"account_specific_namespace_rules":{},"excluded_regions":[],"metrics_collection_enabled":true,"errors":[],"cspm_resource_collection_enabled":false,"extended_resource_collection_enabled":false,"resource_collection_enabled":false}]}
    headers:
      Content-Type:
      - application/json
    status: 200 OK
    code: 200
    duration: "0ms"
- request:
    body: ""
    form: {}
    headers:
      Accept:
      - application/json
    url: https://api.datadoghq.com/api/v1/integration/aws
    method: GET
    id: 3
  response:
    body: |
      {"accounts":[{"account_id":"979910097554","role_name":"1234@testacc-datadog-integration-role","filter_tags":["key:value"],"host_tags":["key:value","key2:value2"],"account_specific_namespace_rules":{"auto_scaling":false,"opsworks":true},"excluded_regions":["us-east-1","us-west-2"],"metrics_collection_enabled":false,"errors":["Datadog is not authorized to perform action sts:AssumeRole\nAccount affected: 979910097554\nRegions affected: every region\nError was last seen 1m ago"],"cspm_resource_collection_enabled":true,"extended_resource_collection_enabled":true,"resource_collection_enabled":true},{"account_id":"571021019953","role_name":"testacc-datadog-integration-role","filter_tags":[],"host_tags":[],"account_specific_namespace_rules":{},"excluded_regions":[],"metrics_collection_enabled":true,"errors":["Datadog is not authorized to perform action sts:AssumeRole\nAccount affected: 571021019953\nRegions affected: every region\nError was last seen 1m ago"],"cspm_resource_collection_enabled":false,"extended_resource_collection_enabled":false,"resource_collection_enabled":false},{"account_id":"123456789188","role_name":"DatadogAWSAcctRoleName","filter_tags":["filter:thisTag"],"host_tags":["env:staging","account:123456"],"account_specific_namespace_rules":{"route53":false,"api_gateway":true},"excluded_regions":[],"metrics_collection_enabled":true,"errors":["Datadog is not authorized to perform action sts:AssumeRole\nAccount affected: 123456789188\nRegions affected: every region\nError was last seen 1m ago"],"cspm_resource_collection_enabled":false,"extended_resource_collection_enabled":false,"resource_collection_enabled":false},{"account_id":"661694029252","role_name":"DatadogAWSIntegrationRole","filter_tags":["testTag","test:Tag2"],"host_tags":["filter:one","filtertwo"],"account_specific_namespace_rules":{"opsworks":true},"excluded_regions":[],"metrics_collection_enabled":true,"errors":["Datadog is not authorized to perform action sts:AssumeRole\nAccount affected: 661694029252\nRegions affected: every region\nError was last seen 1m ago"],"cspm_resource_collection_enabled":false,"extended_resource_collection_enabled":false,"resource_collection_enabled":false},{"access_key_id":"4949579948531019","filter_tags":[],"host_tags":[],"account_specific_namespace_rules":{},"excluded_regions":[],"metrics_collection_enabled":true,"errors":["Datadog is not authorized to perform action cloudwatch:ListMetrics \nAccount affected: 4949579948531019\nRegions affected: every region \nError was last seen 4m ago"],"cspm_resource_collection_enabled":false,"extended_resource_collection_enabled":false,"resource_collection_enabled":false},{"access_key_id":"1009898975398489","filter_tags":[],"host_tags":[],"account_specific_namespace_rules":{},"excluded_regions":[],"metrics_collection_enabled":true,"errors":["Datadog is not authorized to perform action cloudwatch:ListMetrics \nAccount affected: 1009898975398489\nRegions affected: every region \nError was last seen 4m ago"],"cspm_resource_collection_enabled":false,"extended_resource_collection_enabled":false,"resource_collection_enabled":false},{"access_key_id":"9952495110098101","filter_tags":[],"host_tags":[],"account_specific_namespace_rules":{},"excluded_regions":[],"metrics_collection_enabled":true,"errors":["Datadog is not authorized to perform action cloudwatch:ListMetrics \nAccount affected: 9952495110098101\nRegions affected: every region \nError was last seen 4m ago"],"cspm_resource_collection_enabled":false,"extended_resource_collection_enabled":false,"resource_collection_enabled":false},{"access_key_id":"4957495653495349","filter_tags":[],"host_tags":[],"account_specific_namespace_rules":{},"excluded_regions":[],"metrics_collection_enabled":true,"errors":[],"cspm_resource_collection_enabled":false,"extended_resource_collection_enabled":false,"resource_collection_enabled":false}]}
    headers:
      Content-Type:
      - application/json
    status: 200 OK
    code: 200
    duration: "0ms"
- request:
    body: ""
    form: {}
    headers:
      Accept:
      - application/json
    url: https://api.datadoghq.com/api/v1/integration/aws
    method: GET
    id: 4
  response:
    body: |
      {"accounts":[{"account_id":"979910097554","role_name":"1234@testacc-datadog-integration-role","filter_tags":["key:value"],"host_tags":["key:value","key2:value2"],"account_specific_namespace_rules":{"auto_scaling":false,"opsworks":true},"excluded_regions":["us-east-1","us-west-2"],"metrics_collection_enabled":false,"errors":["Datadog is not authorized to perform action sts:AssumeRole\nAccount affected: 979910097554\nRegions affected: every region\nError was last seen 1m ago"],"cspm_resource_collection_enabled":true,"extended_resource_collection_enabled":true,"resource_collection_enabled":true},{"account_id":"571021019953","role_name":"testacc-datadog-integration-role","filter_tags":[],"host_tags":[],"account_specific_namespace_rules":{},"excluded_regions":[],"metrics_collection_enabled":true,"errors":["Datadog is not authorized to perform action sts:AssumeRole\nAccount affected: 571021019953\nRegions affected: every region\nError was last seen 1m ago"],"cspm_resource_collection_enabled":false,"extended_resource_collection_enabled":false,"resource_collection_enabled":false},{"account_id":"123456789188","role_name":"DatadogAWSAcctRoleName","filter_tags":["filter:thisTag"],"host_tags":["env:staging","account:123456"],"account_specific_namespace_rules":{"route53":false,"api_gateway":true},"excluded_regions":[],"metrics_collection_enabled":true,"errors":["Datadog is not authorized to perform action sts:AssumeRole\nAccount affected: 123456789188\nRegions affected: every region\nError was last seen 1m ago"],"cspm_resource_collection_enabled":false,"extended_resource_collection_enabled":false,"resource_collection_enabled":false},{"account_id":"661694029252","role_name":"DatadogAWSIntegrationRole","filter_tags":["testTag","test:Tag2"],"host_tags":["filter:one","filtertwo"],"account_specific_namespace_rules":{"opsworks":true},"excluded_regions":[],"metrics_collection_enabled":true,"errors":["Datadog is not authorized to perform action sts:AssumeRole\nAccount affected: 661694029252\nRegions affected: every region\nError was last seen 1m ago"],"cspm_resource_collection_enabled":false,"extended_resource_collection_enabled":false,"resource_collection_enabled":false},{"access_key_id":"4949579948531019","filter_tags":[],"host_tags":[],"account_specific_namespace_rules":{},"excluded_regions":[],"metrics_collection_enabled":true,"errors":["Datadog is not authorized to perform action cloudwatch:ListMetrics \nAccount affected: 4949579948531019\nRegions affected: every region \nError was last seen 4m ago"],"cspm_resource_collection_enabled":false,"extended_resource_collection_enabled":false,"resource_collection_enabled":false},{"access_key_id":"1009898975398489","filter_tags":[],"host_tags":[],"account_specific_namespace_rules":{},"excluded_regions":[],"metrics_collection_enabled":true,"errors":["Datadog is not authorized to perform action cloudwatch:ListMetrics \nAccount affected: 1009898975398489\nRegions affected: every region \nError was last seen 4m ago"],"cspm_resource_collection_enabled":false,"extended_resource_collection_enabled":false,"resource_collection_enabled":false},{"access_key_id":"9952495110098101","filter_tags":[],"host_tags":[],"account_specific_namespace_rules":{},"excluded_regions":[],"metrics_collection_enabled":true,"errors":["Datadog is not authorized to perform action cloudwatch:ListMetrics \nAccount affected: 9952495110098101\nRegions affected: every region \nError was last seen 4m ago"],"cspm_resource_collection_enabled":false,"extended_resource_collection_enabled":false,"resource_collection_enabled":false},{"access_key_id":"4957495653495349","filter_tags":[],"host_tags":[],"account_specific_namespace_rules":{},"excluded_regions":[],"metrics_collection_enabled":true,"errors":[],"cspm_resource_collection_enabled":false,"extended_resource_collection_enabled":false,"resource_collection_enabled":false}]}
    headers:
      Content-Type:
      - application/json
    status: 200 OK
    code: 200
    duration: "0ms"
- request:
    body: |
      {"access_key_id":"4957495653495349","account_id":"495749565349","account_specific_namespace_rules":{"auto_scaling":false,"opsworks":true},"cspm_resource_collection_enabled":false,"excluded_regions":["us-east-1","us-west-2"],"filter_tags":["key:value"],"host_tags":["key:value","key2:value2"],"metrics_collection_enabled":true,"resource_collection_enabled":false,"secret_access_key":"testacc-datadog-integration-secret"}
    form: {}
    headers:
      Accept:
      - application/json
      Content-Type:
      - application/json
    url: https://api.datadoghq.com/api/v1/integration/aws?access_key_id=4957495653495349
    method: PUT
    id: 5
  response:
    body: |
      {}
    headers:
      Content-Type:
      - application/json
    status: 200 OK
    code: 200
    duration: "0ms"
- request:
    body: ""
    form: {}
    headers:
      Accept:
      - application/json
    url: https://api.datadoghq.com/api/v1/integration/aws
    method: GET
    id: 6
  response:
    body: |
      {"accounts":[{"account_id":"979910097554","role_name":"1234@testacc-datadog-integration-role","filter_tags":["key:value"],"host_tags":["key:value","key2:value2"],"account_specific_namespace_rules":{"opsworks":true,"auto_scaling":false},"excluded_regions":["us-east-1","us-west-2"],"metrics_collection_enabled":false,"errors":["Datadog is not authorized to perform action sts:AssumeRole\nAccount affected: 979910097554\nRegions affected: every region\nError was last seen 1m ago"],"cspm_resource_collection_enabled":true,"extended_resource_collection_enabled":true,"resource_collection_enabled":true},{"account_id":"571021019953","role_name":"testacc-datadog-integration-role","filter_tags":[],"host_tags":[],"account_specific_namespace_rules":{},"excluded_regions":[],"metrics_collection_enabled":true,"errors":["Datadog is not authorized to perform action sts:AssumeRole\nAccount affected: 571021019953\nRegions affected: every region\nError was last seen 1m ago"],"cspm_resource_collection_enabled":false,"extended_resource_collection_enabled":false,"resource_collection_enabled":false},{"account_id":"123456789188","role_name":"DatadogAWSAcctRoleName","filter_tags":["filter:thisTag"],"host_tags":["env:staging","account:123456"],"account_specific_namespace_rules":{"api_gateway":true,"route53":false},"excluded_regions":[],"metrics_collection_enabled":true,"errors":["Datadog is not authorized to perform action sts:AssumeRole\nAccount affected: 123456789188\nRegions affected: every region\nError was last seen 1m ago"],"cspm_resource_collection_enabled":false,"extended_resource_collection_enabled":false,"resource_collection_enabled":false},{"account_id":"661694029252","role_name":"DatadogAWSIntegrationRole","filter_tags":["testTag","test:Tag2"],"host_tags":["filter:one","filtertwo"],"account_specific_namespace_rules":{"opsworks":true},"excluded_regions":[],"metrics_collection_enabled":true,"errors":["Datadog is not authorized to perform action sts:AssumeRole\nAccount affected: 661694029252\nRegions affected: every region\nError was last seen 1m ago"],"cspm_resource_collection_enabled":false,"extended_resource_collection_enabled":false,"resource_collection_enabled":false},{"access_key_id":"4949579948531019","filter_tags":[],"host_tags":[],"account_specific_namespace_rules":{},"excluded_regions":[],"metrics_collection_enabled":true,"errors":["Datadog is not authorized to perform action cloudwatch:ListMetrics \nAccount affected: 4949579948531019\nRegions affected: every region \nError was last seen 4m ago"],"cspm_resource_collection_enabled":false,"extended_resource_collection_enabled":false,"resource_collection_enabled":false},{"access_key_id":"1009898975398489","filter_tags":[],"host_tags":[],"account_specific_namespace_rules":{},"excluded_regions":[],"metrics_collection_enabled":true,"errors":["Datadog is not authorized to perform action cloudwatch:ListMetrics \nAccount affected: 1009898975398489\nRegions affected: every region \nError was last seen 4m ago"],"cspm_resource_collection_enabled":false,"extended_resource_collection_enabled":false,"resource_collection_enabled":false},{"access_key_id":"9952495110098101","filter_tags":[],"host_tags":[],"account_specific_namespace_rules":{},"excluded_regions":[],"metrics_collection_enabled":true,"errors":["Datadog is not authorized to perform action cloudwatch:ListMetrics \nAccount affected: 9952495110098101\nRegions affected: every region \nError was last seen 4m ago"],"cspm_resource_collection_enabled":false,"extended_resource_collection_enabled":false,"resource_collection_enabled":false},{"access_key_id":"4957495653495349","filter_tags":["key:value"],"host_tags":["key:value","key2:value2"],"account_specific_namespace_rules":{"opsworks":true,"auto_scaling":false},"excluded_regions":["us-east-1","us-west-2"],"metrics_collection_enabled":true,"errors":[],"cspm_resource_collection_enabled":false,"extended_resource_collection_enabled":false,"resource_collection_enabled":false}]}
    headers:
      Content-Type:
      - application/json
    status: 200 OK
    code: 200
    duration: "0ms"
- request:
    body: ""
    form: {}
    headers:
      Accept:
      - application/json
    url: https://api.datadoghq.com/api/v1/integration/aws
    method: GET
    id: 7
  response:
    body: |
      {"accounts":[{"account_id":"979910097554","role_name":"1234@testacc-datadog-integration-role","filter_tags":["key:value"],"host_tags":["key:value","key2:value2"],"account_specific_namespace_rules":{"opsworks":true,"auto_scaling":false},"excluded_regions":["us-east-1","us-west-2"],"metrics_collection_enabled":false,"errors":["Datadog is not authorized to perform action sts:AssumeRole\nAccount affected: 979910097554\nRegions affected: every region\nError was last seen 1m ago"],"cspm_resource_collection_enabled":true,"extended_resource_collection_enabled":true,"resource_collection_enabled":true},{"account_id":"571021019953","role_name":"testacc-datadog-integration-role","filter_tags":[],"host_tags":[],"account_specific_namespace_rules":{},"excluded_regions":[],"metrics_collection_enabled":true,"errors":["Datadog is not authorized to perform action sts:AssumeRole\nAccount affected: 571021019953\nRegions affected: every region\nError was last seen 1m ago"],"cspm_resource_collection_enabled":false,"extended_resource_collection_enabled":false,"resource_collection_enabled":false},{"account_id":"123456789188","role_name":"DatadogAWSAcctRoleName","filter_tags":["filter:thisTag"],"host_tags":["env:staging","account:123456"],"account_specific_namespace_rules":{"api_gateway":true,"route53":false},"excluded_regions":[],"metrics_collection_enabled":true,"errors":["Datadog is not authorized to perform action sts:AssumeRole\nAccount affected: 123456789188\nRegions affected: every region\nError was last seen 1m ago"],"cspm_resource_collection_enabled":false,"extended_resource_collection_enabled":false,"resource_collection_enabled":false},{"account_id":"661694029252","role_name":"DatadogAWSIntegrationRole","filter_tags":["testTag","test:Tag2"],"host_tags":["filter:one","filtertwo"],"account_specific_namespace_rules":{"opsworks":true},"excluded_regions":[],"metrics_collection_enabled":true,"errors":["Datadog is not authorized to perform action sts:AssumeRole\nAccount affected: 661694029252\nRegions affected: every region\nError was last seen 1m ago"],"cspm_resource_collection_enabled":false,"extended_resource_collection_enabled":false,"resource_collection_enabled":false},{"access_key_id":"4949579948531019","filter_tags":[],"host_tags":[],"account_specific_namespace_rules":{},"excluded_regions":[],"metrics_collection_enabled":true,"errors":["Datadog is not authorized to perform action cloudwatch:ListMetrics \nAccount affected: 4949579948531019\nRegions affected: every region \nError was last seen 4m ago"],"cspm_resource_collection_enabled":false,"extended_resource_collection_enabled":false,"resource_collection_enabled":false},{"access_key_id":"1009898975398489","filter_tags":[],"host_tags":[],"account_specific_namespace_rules":{},"excluded_regions":[],"metrics_collection_enabled":true,"errors":["Datadog is not authorized to perform action cloudwatch:ListMetrics \nAccount affected: 1009898975398489\nRegions affected: every region \nError was last seen 4m ago"],"cspm_resource_collection_enabled":false,"extended_resource_collection_enabled":false,"resource_collection_enabled":false},{"access_key_id":"9952495110098101","filter_tags":[],"host_tags":[],"account_specific_namespace_rules":{},"excluded_regions":[],"metrics_collection_enabled":true,"errors":["Datadog is not authorized to perform action cloudwatch:ListMetrics \nAccount affected: 9952495110098101\nRegions affected: every region \nError was last seen 4m ago"],"cspm_resource_collection_enabled":false,"extended_resource_collection_enabled":false,"resource_collection_enabled":false},{"access_key_id":"4957495653495349","filter_tags":["key:value"],"host_tags":["key:value","key2:value2"],"account_specific_namespace_rules":{"auto_scaling":false,"opsworks":true},"excluded_regions":["us-east-1","us-west-2"],"metrics_collection_enabled":true,"errors":[],"cspm_resource_collection_enabled":false,"extended_resource_collection_enabled":false,"resource_collection_enabled":false}]}
    headers:
      Content-Type:
      - application/json
    status: 200 OK
    code: 200
    duration: "0ms"
- request:
    body: ""
    form: {}
    headers:
      Accept:
      - application/json
    url: https://api.datadoghq.com/api/v1/integration/aws
    method: GET
    id: 8
  response:
    body: |
      {"accounts":[{"account_id":"979910097554","role_name":"1234@testacc-datadog-integration-role","filter_tags":["key:value"],"host_tags":["key:value","key2:value2"],"account_specific_namespace_rules":{"opsworks":true,"auto_scaling":false},"excluded_regions":["us-east-1","us-west-2"],"metrics_collection_enabled":false,"errors":["Datadog is not authorized to perform action sts:AssumeRole\nAccount affected: 979910097554\nRegions affected: every region\nError was last seen 1m ago"],"cspm_resource_collection_enabled":true,"extended_resource_collection_enabled":true,"resource_collection_enabled":true},{"account_id":"571021019953","role_name":"testacc-datadog-integration-role","filter_tags":[],"host_tags":[],"account_specific_namespace_rules":{},"excluded_regions":[],"metrics_collection_enabled":true,"errors":["Datadog is not authorized to perform action sts:AssumeRole\nAccount affected: 571021019953\nRegions affected: every region\nError was last seen 1m ago"],"cspm_resource_collection_enabled":false,"extended_resource_collection_enabled":false,"resource_collection_enabled":false},{"account_id":"123456789188","role_name":"DatadogAWSAcctRoleName","filter_tags":["filter:thisTag"],"host_tags":["env:staging","account:123456"],"account_specific_namespace_rules":{"route53":false,"api_gateway":true},"excluded_regions":[],"metrics_collection_enabled":true,"errors":["Datadog is not authorized to perform action sts:AssumeRole\nAccount affected: 123456789188\nRegions affected: every region\nError was last seen 1m ago"],"cspm_resource_collection_enabled":false,"extended_resource_collection_enabled":false,"resource_collection_enabled":false},{"account_id":"661694029252","role_name":"DatadogAWSIntegrationRole","filter_tags":["testTag","test:Tag2"],"host_tags":["filter:one","filtertwo"],"account_specific_namespace_rules":{"opsworks":true},"excluded_regions":[],"metrics_collection_enabled":true,"errors":["Datadog is not authorized to perform action sts:AssumeRole\nAccount affected: 661694029252\nRegions affected: every region\nError was last seen 1m ago"],"cspm_resource_collection_enabled":false,"extended_resource_collection_enabled":false,"resource_collection_enabled":false},{"access_key_id":"4949579948531019","filter_tags":[],"host_tags":[],"account_specific_namespace_rules":{},"excluded_regions":[],"metrics_collection_enabled":true,"errors":["Datadog is not authorized to perform action cloudwatch:ListMetrics \nAccount affected: 4949579948531019\nRegions affected: every region \nError was last seen 4m ago"],"cspm_resource_collection_enabled":false,"extended_resource_collection_enabled":false,"resource_collection_enabled":false},{"access_key_id":"1009898975398489","filter_tags":[],"host_tags":[],"account_specific_namespace_rules":{},"excluded_regions":[],"metrics_collection_enabled":true,"errors":["Datadog is not authorized to perform action cloudwatch:ListMetrics \nAccount affected: 1009898975398489\nRegions affected: every region \nError was last seen 4m ago"],"cspm_resource_collection_enabled":false,"extended_resource_collection_enabled":false,"resource_collection_enabled":false},{"access_key_id":"9952495110098101","filter_tags":[],"host_tags":[],"account_specific_namespace_rules":{},"excluded_regions":[],"metrics_collection_enabled":true,"errors":["Datadog is not authorized to perform action cloudwatch:ListMetrics \nAccount affected: 9952495110098101\nRegions affected: every region \nError was last seen 4m ago"],"cspm_resource_collection_enabled":false,"extended_resource_collection_enabled":false,"resource_collection_enabled":false},{"access_key_id":"4957495653495349","filter_tags":["key:value"],"host_tags":["key:value","key2:value2"],"account_specific_namespace_rules":{"opsworks":true,"auto_scaling":false},"excluded_regions":["us-east-1","us-west-2"],"metrics_collection_enabled":true,"errors":[],"cspm_resource_collection_enabled":false,"extended_resource_collection_enabled":false,"resource_collection_enabled":false}]}
    headers:
      Content-Type:
      - application/json
    status: 200 OK
    code: 200
    duration: "0ms"
- request:
    body: ""
    form: {}
    headers:
      Accept:
      - application/json
    url: https://api.datadoghq.com/api/v1/integration/aws
    method: GET
    id: 9
  response:
    body: |
      {"accounts":[{"account_id":"979910097554","role_name":"1234@testacc-datadog-integration-role","filter_tags":["key:value"],"host_tags":["key:value","key2:value2"],"account_specific_namespace_rules":{"opsworks":true,"auto_scaling":false},"excluded_regions":["us-east-1","us-west-2"],"metrics_collection_enabled":false,"errors":["Datadog is not authorized to perform action sts:AssumeRole\nAccount affected: 979910097554\nRegions affected: every region\nError was last seen 1m ago"],"cspm_resource_collection_enabled":true,"extended_resource_collection_enabled":true,"resource_collection_enabled":true},{"account_id":"571021019953","role_name":"testacc-datadog-integration-role","filter_tags":[],"host_tags":[],"account_specific_namespace_rules":{},"excluded_regions":[],"metrics_collection_enabled":true,"errors":["Datadog is not authorized to perform action sts:AssumeRole\nAccount affected: 571021019953\nRegions affected: every region\nError was last seen 1m ago"],"cspm_resource_collection_enabled":false,"extended_resource_collection_enabled":false,"resource_collection_enabled":false},{"account_id":"123456789188","role_name":"DatadogAWSAcctRoleName","filter_tags":["filter:thisTag"],"host_tags":["env:staging","account:123456"],"account_specific_namespace_rules":{"api_gateway":true,"route53":false},"excluded_regions":[],"metrics_collection_enabled":true,"errors":["Datadog is not authorized to perform action sts:AssumeRole\nAccount affected: 123456789188\nRegions affected: every region\nError was last seen 1m ago"],"cspm_resource_collection_enabled":false,"extended_resource_collection_enabled":false,"resource_collection_enabled":false},{"account_id":"661694029252","role_name":"DatadogAWSIntegrationRole","filter_tags":["testTag","test:Tag2"],"host_tags":["filter:one","filtertwo"],"account_specific_namespace_rules":{"opsworks":true},"excluded_regions":[],"metrics_collection_enabled":true,"errors":["Datadog is not authorized to perform action sts:AssumeRole\nAccount affected: 661694029252\nRegions affected: every region\nError was last seen 1m ago"],"cspm_resource_collection_enabled":false,"extended_resource_collection_enabled":false,"resource_collection_enabled":false},{"access_key_id":"4949579948531019","filter_tags":[],"host_tags":[],"account_specific_namespace_rules":{},"excluded_regions":[],"metrics_collection_enabled":true,"errors":["Datadog is not authorized to perform action cloudwatch:ListMetrics \nAccount affected: 4949579948531019\nRegions affected: every region \nError was last seen 4m ago"],"cspm_resource_collection_enabled":false,"extended_resource_collection_enabled":false,"resource_collection_enabled":false},{"access_key_id":"1009898975398489","filter_tags":[],"host_tags":[],"account_specific_namespace_rules":{},"excluded_regions":[],"metrics_collection_enabled":true,"errors":["Datadog is not authorized to perform action cloudwatch:ListMetrics \nAccount affected: 1009898975398489\nRegions affected: every region \nError was last seen 4m ago"],"cspm_resource_collection_enabled":false,"extended_resource_collection_enabled":false,"resource_collection_enabled":false},{"access_key_id":"9952495110098101","filter_tags":[],"host_tags":[],"account_specific_namespace_rules":{},"excluded_regions":[],"metrics_collection_enabled":true,"errors":["Datadog is not authorized to perform action cloudwatch:ListMetrics \nAccount affected: 9952495110098101\nRegions affected: every region \nError was last seen 4m ago"],"cspm_resource_collection_enabled":false,"extended_resource_collection_enabled":false,"resource_collection_enabled":false},{"access_key_id":"4957495653495349","filter_tags":["key:value"],"host_tags":["key:value","key2:value2"],"account_specific_namespace_rules":{"auto_scaling":false,"opsworks":true},"excluded_regions":["us-east-1","us-west-2"],"metrics_collection_enabled":true,"errors":[],"cspm_resource_collection_enabled":false,"extended_resource_collection_enabled":false,"resource_collection_enabled":false}]}
    headers:
      Content-Type:
      - application/json
    status: 200 OK
    code: 200
    duration: "0ms"
- request:
    body: |
      {"access_key_id":"4957495653495349","account_id":"495749565349","account_specific_namespace_rules":{},"cspm_resource_collection_enabled":false,"excluded_regions":[],"filter_tags":[],"host_tags":[],"metrics_collection_enabled":true,"resource_collection_enabled":false,"secret_access_key":"testacc-datadog-integration-secret"}
    form: {}
    headers:
      Accept:
      - application/json
      Content-Type:
      - application/json
    url: https://api.datadoghq.com/api/v1/integration/aws?access_key_id=4957495653495349
    method: PUT
    id: 10
  response:
    body: |
      {}
    headers:
      Content-Type:
      - application/json
    status: 200 OK
    code: 200
    duration: "0ms"
- request:
    body: ""
    form: {}
    headers:
      Accept:
      - application/json
    url: https://api.datadoghq.com/api/v1/integration/aws
    method: GET
    id: 11
  response:
    body: |
      {"accounts":[{"account_id":"979910097554","role_name":"1234@testacc-datadog-integration-role","filter_tags":["key:value"],"host_tags":["key:value","key2:value2"],"account_specific_namespace_rules":{"opsworks":true,"auto_scaling":false},"excluded_regions":["us-east-1","us-west-2"],"metrics_collection_enabled":false,"errors":["Datadog is not authorized to perform action sts:AssumeRole\nAccount affected: 979910097554\nRegions affected: every region\nError was last seen 1m ago"],"cspm_resource_collection_enabled":true,"extended_resource_collection_enabled":true,"resource_collection_enabled":true},{"account_id":"571021019953","role_name":"testacc-datadog-integration-role","filter_tags":[],"host_tags":[],"account_specific_namespace_rules":{},"excluded_regions":[],"metrics_collection_enabled":true,"errors":["Datadog is not authorized to perform action sts:AssumeRole\nAccount affected: 571021019953\nRegions affected: every region\nError was last seen 1m ago"],"cspm_resource_collection_enabled":false,"extended_resource_collection_enabled":false,"resource_collection_enabled":false},{"account_id":"123456789188","role_name":"DatadogAWSAcctRoleName","filter_tags":["filter:thisTag"],"host_tags":["env:staging","account:123456"],"account_specific_namespace_rules":{"api_gateway":true,"route53":false},"excluded_regions":[],"metrics_collection_enabled":true,"errors":["Datadog is not authorized to perform action sts:AssumeRole\nAccount affected: 123456789188\nRegions affected: every region\nError was last seen 1m ago"],"cspm_resource_collection_enabled":false,"extended_resource_collection_enabled":false,"resource_collection_enabled":false},{"account_id":"661694029252","role_name":"DatadogAWSIntegrationRole","filter_tags":["testTag","test:Tag2"],"host_tags":["filter:one","filtertwo"],"account_specific_namespace_rules":{"opsworks":true},"excluded_regions":[],"metrics_collection_enabled":true,"errors":["Datadog is not authorized to perform action sts:AssumeRole\nAccount affected: 661694029252\nRegions affected: every region\nError was last seen 1m ago"],"cspm_resource_collection_enabled":false,"extended_resource_collection_enabled":false,"resource_collection_enabled":false},{"access_key_id":"4949579948531019","filter_tags":[],"host_tags":[],"account_specific_namespace_rules":{},"excluded_regions":[],"metrics_collection_enabled":true,"errors":["Datadog is not authorized to perform action cloudwatch:ListMetrics \nAccount affected: 4949579948531019\nRegions affected: every region \nError was last seen 4m ago"],"cspm_resource_collection_enabled":false,"extended_resource_collection_enabled":false,"resource_collection_enabled":false},{"access_key_id":"1009898975398489","filter_tags":[],"host_tags":[],"account_specific_namespace_rules":{},"excluded_regions":[],"metrics_collection_enabled":true,"errors":["Datadog is not authorized to perform action cloudwatch:ListMetrics \nAccount affected: 1009898975398489\nRegions affected: every region \nError was last seen 4m ago"],"cspm_resource_collection_enabled":false,"extended_resource_collection_enabled":false,"resource_collection_enabled":false},{"access_key_id":"9952495110098101","filter_tags":[],"host_tags":[],"account_specific_namespace_rules":{},"excluded_regions":[],"metrics_collection_enabled":true,"errors":["Datadog is not authorized to perform action cloudwatch:ListMetrics \nAccount affected: 9952495110098101\nRegions affected: every region \nError was last seen 4m ago"],"cspm_resource_collection_enabled":false,"extended_resource_collection_enabled":false,"resource_collection_enabled":false},{"access_key_id":"4957495653495349","filter_tags":[],"host_tags":[],"account_specific_namespace_rules":{},"excluded_regions":[],"metrics_collection_enabled":true,"errors":[],"cspm_resource_collection_enabled":false,"extended_resource_collection_enabled":false,"resource_collection_enabled":false}]}
    headers:
      Content-Type:
      - application/json
    status: 200 OK
    code: 200
    duration: "0ms"
- request:
    body: ""
    form: {}
    headers:
      Accept:
      - application/json
    url: https://api.datadoghq.com/api/v1/integration/aws
    method: GET
    id: 12
  response:
    body: |
      {"accounts":[{"account_id":"979910097554","role_name":"1234@testacc-datadog-integration-role","filter_tags":["key:value"],"host_tags":["key:value","key2:value2"],"account_specific_namespace_rules":{"auto_scaling":false,"opsworks":true},"excluded_regions":["us-east-1","us-west-2"],"metrics_collection_enabled":false,"errors":["Datadog is not authorized to perform action sts:AssumeRole\nAccount affected: 979910097554\nRegions affected: every region\nError was last seen 1m ago"],"cspm_resource_collection_enabled":true,"extended_resource_collection_enabled":true,"resource_collection_enabled":true},{"account_id":"571021019953","role_name":"testacc-datadog-integration-role","filter_tags":[],"host_tags":[],"account_specific_namespace_rules":{},"excluded_regions":[],"metrics_collection_enabled":true,"errors":["Datadog is not authorized to perform action sts:AssumeRole\nAccount affected: 571021019953\nRegions affected: every region\nError was last seen 1m ago"],"cspm_resource_collection_enabled":false,"extended_resource_collection_enabled":false,"resource_collection_enabled":false},{"account_id":"123456789188","role_name":"DatadogAWSAcctRoleName","filter_tags":["filter:thisTag"],"host_tags":["env:staging","account:123456"],"account_specific_namespace_rules":{"api_gateway":true,"route53":false},"excluded_regions":[],"metrics_collection_enabled":true,"errors":["Datadog is not authorized to perform action sts:AssumeRole\nAccount affected: 123456789188\nRegions affected: every region\nError was last seen 1m ago"],"cspm_resource_collection_enabled":false,"extended_resource_collection_enabled":false,"resource_collection_enabled":false},{"account_id":"661694029252","role_name":"DatadogAWSIntegrationRole","filter_tags":["testTag","test:Tag2"],"host_tags":["filter:one","filtertwo"],"account_specific_namespace_rules":{"opsworks":true},"excluded_regions":[],"metrics_collection_enabled":true,"errors":["Datadog is not authorized to perform action sts:AssumeRole\nAccount affected: 661694029252\nRegions affected: every region\nError was last seen 1m ago"],"cspm_resource_collection_enabled":false,"extended_resource_collection_enabled":false,"resource_collection_enabled":false},{"access_key_id":"4949579948531019","filter_tags":[],"host_tags":[],"account_specific_namespace_rules":{},"excluded_regions":[],"metrics_collection_enabled":true,"errors":["Datadog is not authorized to perform action cloudwatch:ListMetrics \nAccount affected: 4949579948531019\nRegions affected: every region \nError was last seen 4m ago"],"cspm_resource_collection_enabled":false,"extended_resource_collection_enabled":false,"resource_collection_enabled":false},{"access_key_id":"1009898975398489","filter_tags":[],"host_tags":[],"account_specific_namespace_rules":{},"excluded_regions":[],"metrics_collection_enabled":true,"errors":["Datadog is not authorized to perform action cloudwatch:ListMetrics \nAccount affected: 1009898975398489\nRegions affected: every region \nError was last seen 4m ago"],"cspm_resource_collection_enabled":false,"extended_resource_collection_enabled":false,"resource_collection_enabled":false},{"access_key_id":"9952495110098101","filter_tags":[],"host_tags":[],"account_specific_namespace_rules":{},"excluded_regions":[],"metrics_collection_enabled":true,"errors":["Datadog is not authorized to perform action cloudwatch:ListMetrics \nAccount affected: 9952495110098101\nRegions affected: every region \nError was last seen 4m ago"],"cspm_resource_collection_enabled":false,"extended_resource_collection_enabled":false,"resource_collection_enabled":false},{"access_key_id":"4957495653495349","filter_tags":[],"host_tags":[],"account_specific_namespace_rules":{},"excluded_regions":[],"metrics_collection_enabled":true,"errors":[],"cspm_resource_collection_enabled":false,"extended_resource_collection_enabled":false,"resource_collection_enabled":false}]}
    headers:
      Content-Type:
      - application/json
    status: 200 OK
    code: 200
    duration: "0ms"
- request:
    body: ""
    form: {}
    headers:
      Accept:
      - application/json
    url: https://api.datadoghq.com/api/v1/integration/aws
    method: GET
    id: 13
  response:
    body: |
      {"accounts":[{"account_id":"979910097554","role_name":"1234@testacc-datadog-integration-role","filter_tags":["key:value"],"host_tags":["key:value","key2:value2"],"account_specific_namespace_rules":{"auto_scaling":false,"opsworks":true},"excluded_regions":["us-east-1","us-west-2"],"metrics_collection_enabled":false,"errors":["Datadog is not authorized to perform action sts:AssumeRole\nAccount affected: 979910097554\nRegions affected: every region\nError was last seen 1m ago"],"cspm_resource_collection_enabled":true,"extended_resource_collection_enabled":true,"resource_collection_enabled":true},{"account_id":"571021019953","role_name":"testacc-datadog-integration-role","filter_tags":[],"host_tags":[],"account_specific_namespace_rules":{},"excluded_regions":[],"metrics_collection_enabled":true,"errors":["Datadog is not authorized to perform action sts:AssumeRole\nAccount affected: 571021019953\nRegions affected: every region\nError was last seen 1m ago"],"cspm_resource_collection_enabled":false,"extended_resource_collection_enabled":false,"resource_collection_enabled":false},{"account_id":"123456789188","role_name":"DatadogAWSAcctRoleName","filter_tags":["filter:thisTag"],"host_tags":["env:staging","account:123456"],"account_specific_namespace_rules":{"api_gateway":true,"route53":false},"excluded_regions":[],"metrics_collection_enabled":true,"errors":["Datadog is not authorized to perform action sts:AssumeRole\nAccount affected: 123456789188\nRegions affected: every region\nError was last seen 1m ago"],"cspm_resource_collection_enabled":false,"extended_resource_collection_enabled":false,"resource_collection_enabled":false},{"account_id":"661694029252","role_name":"DatadogAWSIntegrationRole","filter_tags":["testTag","test:Tag2"],"host_tags":["filter:one","filtertwo"],"account_specific_namespace_rules":{"opsworks":true},"excluded_regions":[],"metrics_collection_enabled":true,"errors":["Datadog is not authorized to perform action sts:AssumeRole\nAccount affected: 661694029252\nRegions affected: every region\nError was last seen 1m ago"],"cspm_resource_collection_enabled":false,"extended_resource_collection_enabled":false,"resource_collection_enabled":false},{"access_key_id":"4949579948531019","filter_tags":[],"host_tags":[],"account_specific_namespace_rules":{},"excluded_regions":[],"metrics_collection_enabled":true,"errors":["Datadog is not authorized to perform action cloudwatch:ListMetrics \nAccount affected: 4949579948531019\nRegions affected: every region \nError was last seen 4m ago"],"cspm_resource_collection_enabled":false,"extended_resource_collection_enabled":false,"resource_collection_enabled":false},{"access_key_id":"1009898975398489","filter_tags":[],"host_tags":[],"account_specific_namespace_rules":{},"excluded_regions":[],"metrics_collection_enabled":true,"errors":["Datadog is not authorized to perform action cloudwatch:ListMetrics \nAccount affected: 1009898975398489\nRegions affected: every region \nError was last seen 4m ago"],"cspm_resource_collection_enabled":false,"extended_resource_collection_enabled":false,"resource_collection_enabled":false},{"access_key_id":"9952495110098101","filter_tags":[],"host_tags":[],"account_specific_namespace_rules":{},"excluded_regions":[],"metrics_collection_enabled":true,"errors":["Datadog is not authorized to perform action cloudwatch:ListMetrics \nAccount affected: 9952495110098101\nRegions affected: every region \nError was last seen 4m ago"],"cspm_resource_collection_enabled":false,"extended_resource_collection_enabled":false,"resource_collection_enabled":false},{"access_key_id":"4957495653495349","filter_tags":[],"host_tags":[],"account_specific_namespace_rules":{},"excluded_regions":[],"metrics_collection_enabled":true,"errors":[],"cspm_resource_collection_enabled":false,"extended_resource_collection_enabled":false,"resource_collection_enabled":false}]}
    headers:
      Content-Type:
      - application/json
    status: 200 OK
    code: 200
    duration: "0ms"
- request:
    body: |
      {"access_key_id":"4957495653495349","account_id":"495749565349"}
    form: {}
    headers:
      Accept:
      - application/json
      Content-Type:
      - application/json
    url: https://api.datadoghq.com/api/v1/integration/aws
    method: DELETE
    id: 14
  response:
    body: |
      {}
    headers:
      Content-Type:
      - application/json
    status: 200 OK
    code: 200
    duration: "0ms"
- request:
    body: ""
    form: {}
    headers:
      Accept:
      - application/json
    url: https://api.datadoghq.com/api/v1/integration/aws
    method: GET
    id: 15
  response:
    body: |
      {"accounts":[{"account_id":"979910097554","role_name":"1234@testacc-datadog-integration-role","filter_tags":["key:value"],"host_tags":["key:value","key2:value2"],"account_specific_namespace_rules":{"opsworks":true,"auto_scaling":false},"excluded_regions":["us-east-1","us-west-2"],"metrics_collection_enabled":false,"errors":["Datadog is not authorized to perform action sts:AssumeRole\nAccount affected: 979910097554\nRegions affected: every region\nError was last seen 1m ago"],"cspm_resource_collection_enabled":true,"extended_resource_collection_enabled":true,"resource_collection_enabled":true},{"account_id":"571021019953","role_name":"testacc-datadog-integration-role","filter_tags":[],"host_tags":[],"account_specific_namespace_rules":{},"excluded_regions":[],"metrics_collection_enabled":true,"errors":["Datadog is not authorized to perform action sts:AssumeRole\nAccount affected: 571021019953\nRegions affected: every region\nError was last seen 1m ago"],"cspm_resource_collection_enabled":false,"extended_resource_collection_enabled":false,"resource_collection_enabled":false},{"account_id":"123456789188","role_name":"DatadogAWSAcctRoleName","filter_tags":["filter:thisTag"],"host_tags":["env:staging","account:123456"],"account_specific_namespace_rules":{"route53":false,"api_gateway":true},"excluded_regions":[],"metrics_collection_enabled":true,"errors":["Datadog is not authorized to perform action sts:AssumeRole\nAccount affected: 123456789188\nRegions affected: every region\nError was last seen 1m ago"],"cspm_resource_collection_enabled":false,"extended_resource_collection_enabled":false,"resource_collection_enabled":false},{"account_id":"661694029252","role_name":"DatadogAWSIntegrationRole","filter_tags":["testTag","test:Tag2"],"host_tags":["filter:one","filtertwo"],"account_specific_namespace_rules":{"opsworks":true},"excluded_regions":[],"metrics_collection_enabled":true,"errors":["Datadog is not authorized to perform action sts:AssumeRole\nAccount affected: 661694029252\nRegions affected: every region\nError was last seen 1m ago"],"cspm_resource_collection_enabled":false,"extended_resource_collection_enabled":false,"resource_collection_enabled":false},{"access_key_id":"4949579948531019","filter_tags":[],"host_tags":[],"account_specific_namespace_rules":{},"excluded_regions":[],"metrics_collection_enabled":true,"errors":["Datadog is not authorized to perform action cloudwatch:ListMetrics \nAccount affected: 4949579948531019\nRegions affected: every region \nError was last seen 4m ago"],"cspm_resource_collection_enabled":false,"extended_resource_collection_enabled":false,"resource_collection_enabled":false},{"access_key_id":"1009898975398489","filter_tags":[],"host_tags":[],"account_specific_namespace_rules":{},"excluded_regions":[],"metrics_collection_enabled":true,"errors":["Datadog is not authorized to perform action cloudwatch:ListMetrics \nAccount affected: 1009898975398489\nRegions affected: every region \nError was last seen 4m ago"],"cspm_resource_collection_enabled":false,"extended_resource_collection_enabled":false,"resource_collection_enabled":false},{"access_key_id":"9952495110098101","filter_tags":[],"host_tags":[],"account_specific_namespace_rules":{},"excluded_regions":[],"metrics_collection_enabled":true,"errors":["Datadog is not authorized to perform action cloudwatch:ListMetrics \nAccount affected: 9952495110098101\nRegions affected: every region \nError was last seen 4m ago"],"cspm_resource_collection_enabled":false,"extended_resource_collection_enabled":false,"resource_collection_enabled":false}]}
    headers:
      Content-Type:
      - application/json
    status: 200 OK
    code: 200
    duration: "0ms"
