---
version: 1
interactions:
- request:
    body: |
      {"description":"Created using the Datadog provider in Terraform","id":"","is_read_only":true,"layout_type":"ordered","notify_list":[],"template_variable_presets":[],"template_variables":[],"title":"tf-TestAccDatadogDashboardQueryTable_import-local-1623092652","widgets":[{"definition":{"custom_links":[{"label":"Test Custom Link label","link":"https://app.datadoghq.com/dashboard/lists"}],"has_search_bar":"auto","requests":[{"aggregator":"max","alias":"cpu user","cell_display_mode":["number"],"conditional_formats":[{"comparator":"\u003c","hide_value":false,"palette":"white_on_green","value":90},{"comparator":"\u003e=","hide_value":false,"palette":"white_on_red","value":90}],"limit":25,"order":"desc","q":"avg:system.cpu.user{account:prod} by {service, team}"},{"aggregator":"last","alias":"system load","cell_display_mode":["number"],"conditional_formats":[{"comparator":"\u003e","hide_value":false,"palette":"custom_bg","value":50}],"q":"avg:system.load.1{*} by {service, team}"}],"time":{"live_span":"1d"},"title":"system.cpu.user, system.load.1","title_align":"right","title_size":"16","type":"query_table"}},{"definition":{"has_search_bar":"never","requests":[{"apm_stats_query":{"env":"env","name":"name","primary_tag":"tag:*","row_type":"resource","service":"service"}}],"type":"query_table"}}]}
    form: {}
    headers:
      Accept:
      - application/json
      Content-Type:
      - application/json
      Dd-Operation-Id:
      - CreateDashboard
      User-Agent:
      - terraform-provider-datadog/dev (terraform 2.6.1; terraform-cli 0.15.3) datadog-api-client-go/1.0.0-beta.22 (go go1.16.3; os darwin; arch amd64)
    url: https://api.datadoghq.com/api/v1/dashboard
    method: POST
  response:
    body: '{"notify_list":[],"description":"Created using the Datadog provider in Terraform","author_name":null,"template_variable_presets":[],"template_variables":[],"is_read_only":true,"id":"qv3-6i4-7ds","title":"tf-TestAccDatadogDashboardQueryTable_import-local-1623092652","url":"/dashboard/qv3-6i4-7ds/tf-testaccdatadogdashboardquerytableimport-local-1623092652","created_at":"2021-06-07T19:04:31.700610+00:00","modified_at":"2021-06-07T19:04:31.700610+00:00","author_handle":"frog@datadoghq.com","widgets":[{"definition":{"custom_links":[{"link":"https://app.datadoghq.com/dashboard/lists","label":"Test Custom Link label"}],"title_size":"16","title":"system.cpu.user, system.load.1","title_align":"right","has_search_bar":"auto","time":{"live_span":"1d"},"requests":[{"aggregator":"max","cell_display_mode":["number"],"conditional_formats":[{"palette":"white_on_green","hide_value":false,"value":90,"comparator":"<"},{"palette":"white_on_red","hide_value":false,"value":90,"comparator":">="}],"q":"avg:system.cpu.user{account:prod} by {service, team}","alias":"cpu user","limit":25,"order":"desc"},{"q":"avg:system.load.1{*} by {service, team}","aggregator":"last","cell_display_mode":["number"],"conditional_formats":[{"palette":"custom_bg","hide_value":false,"value":50,"comparator":">"}],"alias":"system load"}],"type":"query_table"},"id":2241355490747718},{"definition":{"requests":[{"apm_stats_query":{"primary_tag":"tag:*","row_type":"resource","name":"name","service":"service","env":"env"}}],"type":"query_table","has_search_bar":"never"},"id":473281378342543}],"layout_type":"ordered"}'
    headers:
      Cache-Control:
      - no-cache
      Connection:
      - keep-alive
      Content-Security-Policy:
      - frame-ancestors 'self'; report-uri https://api.datadoghq.com/csp-report
      Content-Type:
      - application/json
      Date:
      - Mon, 07 Jun 2021 19:04:32 GMT
      Pragma:
      - no-cache
      Strict-Transport-Security:
      - max-age=15724800;
      Vary:
      - Accept-Encoding
      X-Content-Type-Options:
      - nosniff
      X-Dd-Debug:
      - 2328yjLSqI4XmR1pVqrPRR/SFcQsbafjEpPmZx7/3PfxUK1nJQQsX+wrMelyVyj+
      X-Dd-Version:
      - "35.4693436"
      X-Frame-Options:
      - SAMEORIGIN
    status: 200 OK
    code: 200
    duration: ""
- request:
    body: ""
    form: {}
    headers:
      Accept:
      - application/json
      Dd-Operation-Id:
      - GetDashboard
      User-Agent:
      - terraform-provider-datadog/dev (terraform 2.6.1; terraform-cli 0.15.3) datadog-api-client-go/1.0.0-beta.22 (go go1.16.3; os darwin; arch amd64)
    url: https://api.datadoghq.com/api/v1/dashboard/qv3-6i4-7ds
    method: GET
  response:
    body: '{"notify_list":[],"description":"Created using the Datadog provider in Terraform","author_name":null,"template_variable_presets":[],"template_variables":[],"is_read_only":true,"id":"qv3-6i4-7ds","title":"tf-TestAccDatadogDashboardQueryTable_import-local-1623092652","url":"/dashboard/qv3-6i4-7ds/tf-testaccdatadogdashboardquerytableimport-local-1623092652","created_at":"2021-06-07T19:04:31.700610+00:00","modified_at":"2021-06-07T19:04:31.700610+00:00","author_handle":"frog@datadoghq.com","widgets":[{"definition":{"custom_links":[{"link":"https://app.datadoghq.com/dashboard/lists","label":"Test Custom Link label"}],"title_size":"16","title":"system.cpu.user, system.load.1","title_align":"right","has_search_bar":"auto","time":{"live_span":"1d"},"requests":[{"aggregator":"max","cell_display_mode":["number"],"conditional_formats":[{"palette":"white_on_green","hide_value":false,"value":90,"comparator":"<"},{"palette":"white_on_red","hide_value":false,"value":90,"comparator":">="}],"q":"avg:system.cpu.user{account:prod} by {service, team}","alias":"cpu user","limit":25,"order":"desc"},{"q":"avg:system.load.1{*} by {service, team}","aggregator":"last","cell_display_mode":["number"],"conditional_formats":[{"palette":"custom_bg","hide_value":false,"value":50,"comparator":">"}],"alias":"system load"}],"type":"query_table"},"id":2241355490747718},{"definition":{"requests":[{"apm_stats_query":{"primary_tag":"tag:*","row_type":"resource","name":"name","service":"service","env":"env"}}],"type":"query_table","has_search_bar":"never"},"id":473281378342543}],"layout_type":"ordered"}'
    headers:
      Cache-Control:
      - no-cache
      Connection:
      - keep-alive
      Content-Security-Policy:
      - frame-ancestors 'self'; report-uri https://api.datadoghq.com/csp-report
      Content-Type:
      - application/json
      Date:
      - Mon, 07 Jun 2021 19:04:32 GMT
      Pragma:
      - no-cache
      Strict-Transport-Security:
      - max-age=15724800;
      Vary:
      - Accept-Encoding
      X-Content-Type-Options:
      - nosniff
      X-Dd-Debug:
      - nLnnBNvlCFDECRnZvzDb0z4sAO35G+IMidcAs8vrCKyjvsKWE8Yd9S3n6OjZ1qRN
      X-Dd-Version:
      - "35.4693436"
      X-Frame-Options:
      - SAMEORIGIN
    status: 200 OK
    code: 200
    duration: ""
- request:
    body: ""
    form: {}
    headers:
      Accept:
      - application/json
      Dd-Operation-Id:
      - GetDashboard
      User-Agent:
      - terraform-provider-datadog/dev (terraform 2.6.1; terraform-cli 0.15.3) datadog-api-client-go/1.0.0-beta.22 (go go1.16.3; os darwin; arch amd64)
    url: https://api.datadoghq.com/api/v1/dashboard/qv3-6i4-7ds
    method: GET
  response:
    body: '{"notify_list":[],"description":"Created using the Datadog provider in Terraform","author_name":null,"template_variable_presets":[],"template_variables":[],"is_read_only":true,"id":"qv3-6i4-7ds","title":"tf-TestAccDatadogDashboardQueryTable_import-local-1623092652","url":"/dashboard/qv3-6i4-7ds/tf-testaccdatadogdashboardquerytableimport-local-1623092652","created_at":"2021-06-07T19:04:31.700610+00:00","modified_at":"2021-06-07T19:04:31.700610+00:00","author_handle":"frog@datadoghq.com","widgets":[{"definition":{"custom_links":[{"link":"https://app.datadoghq.com/dashboard/lists","label":"Test Custom Link label"}],"title_size":"16","title":"system.cpu.user, system.load.1","title_align":"right","has_search_bar":"auto","time":{"live_span":"1d"},"requests":[{"aggregator":"max","cell_display_mode":["number"],"conditional_formats":[{"palette":"white_on_green","hide_value":false,"value":90,"comparator":"<"},{"palette":"white_on_red","hide_value":false,"value":90,"comparator":">="}],"q":"avg:system.cpu.user{account:prod} by {service, team}","alias":"cpu user","limit":25,"order":"desc"},{"q":"avg:system.load.1{*} by {service, team}","aggregator":"last","cell_display_mode":["number"],"conditional_formats":[{"palette":"custom_bg","hide_value":false,"value":50,"comparator":">"}],"alias":"system load"}],"type":"query_table"},"id":2241355490747718},{"definition":{"requests":[{"apm_stats_query":{"primary_tag":"tag:*","row_type":"resource","name":"name","service":"service","env":"env"}}],"type":"query_table","has_search_bar":"never"},"id":473281378342543}],"layout_type":"ordered"}'
    headers:
      Cache-Control:
      - no-cache
      Connection:
      - keep-alive
      Content-Security-Policy:
      - frame-ancestors 'self'; report-uri https://api.datadoghq.com/csp-report
      Content-Type:
      - application/json
      Date:
      - Mon, 07 Jun 2021 19:04:42 GMT
      Pragma:
      - no-cache
      Strict-Transport-Security:
      - max-age=15724800;
      Vary:
      - Accept-Encoding
      X-Content-Type-Options:
      - nosniff
      X-Dd-Debug:
      - vdJ3/nHEY1ioXQ6pQrBVvsQK1s4yyc+wufBMPSoXql71qZVuP/xMdtNo6DafhOAk
      X-Dd-Version:
      - "35.4693436"
      X-Frame-Options:
      - SAMEORIGIN
    status: 200 OK
    code: 200
    duration: ""
- request:
    body: ""
    form: {}
    headers:
      Accept:
      - application/json
      Dd-Operation-Id:
      - GetDashboard
      User-Agent:
      - terraform-provider-datadog/dev (terraform 2.6.1; terraform-cli 0.15.3) datadog-api-client-go/1.0.0-beta.22 (go go1.16.3; os darwin; arch amd64)
    url: https://api.datadoghq.com/api/v1/dashboard/qv3-6i4-7ds
    method: GET
  response:
    body: '{"notify_list":[],"description":"Created using the Datadog provider in Terraform","author_name":null,"template_variable_presets":[],"template_variables":[],"is_read_only":true,"id":"qv3-6i4-7ds","title":"tf-TestAccDatadogDashboardQueryTable_import-local-1623092652","url":"/dashboard/qv3-6i4-7ds/tf-testaccdatadogdashboardquerytableimport-local-1623092652","created_at":"2021-06-07T19:04:31.700610+00:00","modified_at":"2021-06-07T19:04:31.700610+00:00","author_handle":"frog@datadoghq.com","widgets":[{"definition":{"custom_links":[{"link":"https://app.datadoghq.com/dashboard/lists","label":"Test Custom Link label"}],"title_size":"16","title":"system.cpu.user, system.load.1","title_align":"right","has_search_bar":"auto","time":{"live_span":"1d"},"requests":[{"aggregator":"max","cell_display_mode":["number"],"conditional_formats":[{"palette":"white_on_green","hide_value":false,"value":90,"comparator":"<"},{"palette":"white_on_red","hide_value":false,"value":90,"comparator":">="}],"q":"avg:system.cpu.user{account:prod} by {service, team}","alias":"cpu user","limit":25,"order":"desc"},{"q":"avg:system.load.1{*} by {service, team}","aggregator":"last","cell_display_mode":["number"],"conditional_formats":[{"palette":"custom_bg","hide_value":false,"value":50,"comparator":">"}],"alias":"system load"}],"type":"query_table"},"id":2241355490747718},{"definition":{"requests":[{"apm_stats_query":{"primary_tag":"tag:*","row_type":"resource","name":"name","service":"service","env":"env"}}],"type":"query_table","has_search_bar":"never"},"id":473281378342543}],"layout_type":"ordered"}'
    headers:
      Cache-Control:
      - no-cache
      Connection:
      - keep-alive
      Content-Security-Policy:
      - frame-ancestors 'self'; report-uri https://api.datadoghq.com/csp-report
      Content-Type:
      - application/json
      Date:
      - Mon, 07 Jun 2021 19:04:55 GMT
      Pragma:
      - no-cache
      Strict-Transport-Security:
      - max-age=15724800;
      Vary:
      - Accept-Encoding
      X-Content-Type-Options:
      - nosniff
      X-Dd-Debug:
      - tpRCH6w417YjBovRJ8VmtuXmNONVYiRp2c8d2AxjPdGBn8PCtgG4vAztrx3qUZAN
      X-Dd-Version:
      - "35.4693436"
      X-Frame-Options:
      - SAMEORIGIN
    status: 200 OK
    code: 200
    duration: ""
- request:
    body: ""
    form: {}
    headers:
      Accept:
      - application/json
      Dd-Operation-Id:
      - DeleteDashboard
      User-Agent:
      - terraform-provider-datadog/dev (terraform 2.6.1; terraform-cli 0.15.3) datadog-api-client-go/1.0.0-beta.22 (go go1.16.3; os darwin; arch amd64)
    url: https://api.datadoghq.com/api/v1/dashboard/qv3-6i4-7ds
    method: DELETE
  response:
    body: '{"deleted_dashboard_id":"qv3-6i4-7ds"}'
    headers:
      Cache-Control:
      - no-cache
      Connection:
      - keep-alive
      Content-Security-Policy:
      - frame-ancestors 'self'; report-uri https://api.datadoghq.com/csp-report
      Content-Type:
      - application/json
      Date:
      - Mon, 07 Jun 2021 19:05:01 GMT
      Pragma:
      - no-cache
      Strict-Transport-Security:
      - max-age=15724800;
      Vary:
      - Accept-Encoding
      X-Content-Type-Options:
      - nosniff
      X-Dd-Debug:
      - LcgNasIYBRkNppmD6mCKE9J6iv0eEjosuuHR5V5zw2fWbR54i39C8dhdK8zDq/40
      X-Dd-Version:
      - "35.4693436"
      X-Frame-Options:
      - SAMEORIGIN
    status: 200 OK
    code: 200
    duration: ""
- request:
    body: ""
    form: {}
    headers:
      Accept:
      - application/json
      Dd-Operation-Id:
      - GetDashboard
      User-Agent:
      - terraform-provider-datadog/dev (terraform 2.6.1; terraform-cli 0.15.3) datadog-api-client-go/1.0.0-beta.22 (go go1.16.3; os darwin; arch amd64)
    url: https://api.datadoghq.com/api/v1/dashboard/qv3-6i4-7ds
    method: GET
  response:
    body: '{"errors": ["Dashboard with ID qv3-6i4-7ds not found"]}'
    headers:
      Cache-Control:
      - no-cache
      Connection:
      - keep-alive
      Content-Security-Policy:
      - frame-ancestors 'self'; report-uri https://api.datadoghq.com/csp-report
      Content-Type:
      - application/json
      Date:
      - Mon, 07 Jun 2021 19:05:01 GMT
      Pragma:
      - no-cache
      Strict-Transport-Security:
      - max-age=15724800;
      Vary:
      - Accept-Encoding
      X-Content-Type-Options:
      - nosniff
      X-Dd-Version:
      - "35.4693436"
      X-Frame-Options:
      - SAMEORIGIN
    status: 404 Not Found
    code: 404
    duration: ""
