---
version: 1
interactions:
- request:
    body: |
      {"config":{"assertions":[{"operator":"isInMoreThan","target":30,"type":"certificate"}],"configVariables":[],"request":{"host":"datadoghq.com","port":443},"variables":[]},"locations":["aws:eu-central-1"],"message":"Notify @datadog.user","name":"tf-TestAccDatadogSyntheticsSSLTest_Updated-local-1611670991","options":{"accept_self_signed":true,"min_location_failed":1,"tick_every":60},"status":"paused","subtype":"ssl","tags":[],"type":"api"}
    form: {}
    headers:
      Accept:
      - application/json
      Content-Type:
      - application/json
      Dd-Operation-Id:
      - CreateTest
      User-Agent:
      - terraform-provider-datadog/dev (terraform 1.15.0; terraform-cli 0.12.7-sdk)
        datadog-api-client-go/1.0.0-beta.14 (go go1.15.4; os darwin; arch amd64)
      X-Datadog-Parent-Id:
      - "9040303558373301707"
      X-Datadog-Sampling-Priority:
      - "1"
      X-Datadog-Trace-Id:
      - "852804699556932909"
    url: https://api.datadoghq.com/api/v1/synthetics/tests
    method: POST
  response:
    body: '{"status":"paused","public_id":"hhq-7kq-8vh","tags":[],"org_id":321813,"locations":["aws:eu-central-1"],"message":"Notify
      @datadog.user","deleted_at":null,"name":"tf-TestAccDatadogSyntheticsSSLTest_Updated-local-1611670991","monitor_id":29305057,"type":"api","created_at":"2021-01-26T14:23:12.648759+00:00","modified_at":"2021-01-26T14:23:12.648759+00:00","subtype":"ssl","config":{"variables":[],"request":{"host":"datadoghq.com","port":443},"assertions":[{"operator":"isInMoreThan","type":"certificate","target":30}],"configVariables":[]},"options":{"accept_self_signed":true,"min_location_failed":1,"tick_every":60}}'
    headers:
      Cache-Control:
      - no-cache
      Connection:
      - keep-alive
      Content-Security-Policy:
      - frame-ancestors 'self'; report-uri https://api.datadoghq.com/csp-report
      Content-Type:
      - application/json
      Date:
      - Tue, 26 Jan 2021 14:23:12 GMT
      Pragma:
      - no-cache
      Set-Cookie:
      - DD-PSHARD=233; Max-Age=604800; Path=/; expires=Tue, 02-Feb-2021 14:23:12 GMT;
        secure; HttpOnly
      Strict-Transport-Security:
      - max-age=15724800;
      Vary:
      - Accept-Encoding
      X-Content-Type-Options:
      - nosniff
      X-Dd-Debug:
      - SY1h8ScsWq+kYmtbh63ltMLFAZsQjqfrgvdfAoRX+9TzT1sgMBRYaFRwfWWRRe9a
      X-Dd-Version:
      - "35.3777777"
      X-Frame-Options:
      - SAMEORIGIN
      X-Ratelimit-Limit:
      - "120"
      X-Ratelimit-Period:
      - "60"
      X-Ratelimit-Remaining:
      - "119"
      X-Ratelimit-Reset:
      - "48"
    status: 200 OK
    code: 200
    duration: ""
- request:
    body: ""
    form: {}
    headers:
      Accept:
      - application/json
      Dd-Operation-Id:
      - GetTest
      User-Agent:
      - terraform-provider-datadog/dev (terraform 1.15.0; terraform-cli 0.12.7-sdk)
        datadog-api-client-go/1.0.0-beta.14 (go go1.15.4; os darwin; arch amd64)
      X-Datadog-Parent-Id:
      - "8035452403150910564"
      X-Datadog-Sampling-Priority:
      - "1"
      X-Datadog-Trace-Id:
      - "852804699556932909"
    url: https://api.datadoghq.com/api/v1/synthetics/tests/hhq-7kq-8vh
    method: GET
  response:
    body: '{"status":"paused","public_id":"hhq-7kq-8vh","tags":[],"locations":["aws:eu-central-1"],"message":"Notify
      @datadog.user","name":"tf-TestAccDatadogSyntheticsSSLTest_Updated-local-1611670991","monitor_id":29305057,"type":"api","subtype":"ssl","config":{"variables":[],"request":{"host":"datadoghq.com","port":443},"assertions":[{"operator":"isInMoreThan","type":"certificate","target":30}],"configVariables":[]},"options":{"accept_self_signed":true,"min_location_failed":1,"tick_every":60}}'
    headers:
      Cache-Control:
      - no-cache
      Connection:
      - keep-alive
      Content-Security-Policy:
      - frame-ancestors 'self'; report-uri https://api.datadoghq.com/csp-report
      Content-Type:
      - application/json
      Date:
      - Tue, 26 Jan 2021 14:23:12 GMT
      Pragma:
      - no-cache
      Set-Cookie:
      - DD-PSHARD=233; Max-Age=604800; Path=/; expires=Tue, 02-Feb-2021 14:23:12 GMT;
        secure; HttpOnly
      Strict-Transport-Security:
      - max-age=15724800;
      Vary:
      - Accept-Encoding
      X-Content-Type-Options:
      - nosniff
      X-Dd-Debug:
      - l8RQo2maZqJf6GFThBbKNE6dvthz6njusVtau3dPXJWL2RLFoN81H+BLPB/1xgs1
      X-Dd-Version:
      - "35.3777777"
      X-Frame-Options:
      - SAMEORIGIN
      X-Ratelimit-Limit:
      - "1000"
      X-Ratelimit-Period:
      - "60"
      X-Ratelimit-Remaining:
      - "999"
      X-Ratelimit-Reset:
      - "48"
    status: 200 OK
    code: 200
    duration: ""
- request:
    body: ""
    form: {}
    headers:
      Accept:
      - application/json
      Dd-Operation-Id:
      - GetTest
      User-Agent:
      - terraform-provider-datadog/dev (terraform 1.15.0; terraform-cli 0.12.7-sdk)
        datadog-api-client-go/1.0.0-beta.14 (go go1.15.4; os darwin; arch amd64)
      X-Datadog-Parent-Id:
      - "4854522092322456990"
      X-Datadog-Sampling-Priority:
      - "1"
      X-Datadog-Trace-Id:
      - "852804699556932909"
    url: https://api.datadoghq.com/api/v1/synthetics/tests/hhq-7kq-8vh
    method: GET
  response:
    body: '{"status":"paused","public_id":"hhq-7kq-8vh","tags":[],"locations":["aws:eu-central-1"],"message":"Notify
      @datadog.user","name":"tf-TestAccDatadogSyntheticsSSLTest_Updated-local-1611670991","monitor_id":29305057,"type":"api","subtype":"ssl","config":{"variables":[],"request":{"host":"datadoghq.com","port":443},"assertions":[{"operator":"isInMoreThan","type":"certificate","target":30}],"configVariables":[]},"options":{"accept_self_signed":true,"min_location_failed":1,"tick_every":60}}'
    headers:
      Cache-Control:
      - no-cache
      Connection:
      - keep-alive
      Content-Security-Policy:
      - frame-ancestors 'self'; report-uri https://api.datadoghq.com/csp-report
      Content-Type:
      - application/json
      Date:
      - Tue, 26 Jan 2021 14:23:13 GMT
      Pragma:
      - no-cache
      Set-Cookie:
      - DD-PSHARD=233; Max-Age=604800; Path=/; expires=Tue, 02-Feb-2021 14:23:13 GMT;
        secure; HttpOnly
      Strict-Transport-Security:
      - max-age=15724800;
      Vary:
      - Accept-Encoding
      X-Content-Type-Options:
      - nosniff
      X-Dd-Debug:
      - 5gfwVh/5HZ+AnGd/Di93w3NEWC6KMHT9KzmHEiRJmNdOjBtAsbOcgVFyqEChw71h
      X-Dd-Version:
      - "35.3777777"
      X-Frame-Options:
      - SAMEORIGIN
      X-Ratelimit-Limit:
      - "1000"
      X-Ratelimit-Period:
      - "60"
      X-Ratelimit-Remaining:
      - "998"
      X-Ratelimit-Reset:
      - "47"
    status: 200 OK
    code: 200
    duration: ""
- request:
    body: ""
    form: {}
    headers:
      Accept:
      - application/json
      Dd-Operation-Id:
      - GetTest
      User-Agent:
      - terraform-provider-datadog/dev (terraform 1.15.0; terraform-cli 0.12.7-sdk)
        datadog-api-client-go/1.0.0-beta.14 (go go1.15.4; os darwin; arch amd64)
      X-Datadog-Parent-Id:
      - "2738433400375974516"
      X-Datadog-Sampling-Priority:
      - "1"
      X-Datadog-Trace-Id:
      - "852804699556932909"
    url: https://api.datadoghq.com/api/v1/synthetics/tests/hhq-7kq-8vh
    method: GET
  response:
    body: '{"status":"paused","public_id":"hhq-7kq-8vh","tags":[],"locations":["aws:eu-central-1"],"message":"Notify
      @datadog.user","name":"tf-TestAccDatadogSyntheticsSSLTest_Updated-local-1611670991","monitor_id":29305057,"type":"api","subtype":"ssl","config":{"variables":[],"request":{"host":"datadoghq.com","port":443},"assertions":[{"operator":"isInMoreThan","type":"certificate","target":30}],"configVariables":[]},"options":{"accept_self_signed":true,"min_location_failed":1,"tick_every":60}}'
    headers:
      Cache-Control:
      - no-cache
      Connection:
      - keep-alive
      Content-Security-Policy:
      - frame-ancestors 'self'; report-uri https://api.datadoghq.com/csp-report
      Content-Type:
      - application/json
      Date:
      - Tue, 26 Jan 2021 14:23:13 GMT
      Pragma:
      - no-cache
      Set-Cookie:
      - DD-PSHARD=233; Max-Age=604800; Path=/; expires=Tue, 02-Feb-2021 14:23:13 GMT;
        secure; HttpOnly
      Strict-Transport-Security:
      - max-age=15724800;
      Vary:
      - Accept-Encoding
      X-Content-Type-Options:
      - nosniff
      X-Dd-Debug:
      - l4HFlaRP3QwYSqoGKhzbYfv7zgkK63HIRR7YkyVYZspq0lGjjTBwoK8V/alf+XYt
      X-Dd-Version:
      - "35.3777777"
      X-Frame-Options:
      - SAMEORIGIN
      X-Ratelimit-Limit:
      - "1000"
      X-Ratelimit-Period:
      - "60"
      X-Ratelimit-Remaining:
      - "997"
      X-Ratelimit-Reset:
      - "47"
    status: 200 OK
    code: 200
    duration: ""
- request:
    body: ""
    form: {}
    headers:
      Accept:
      - application/json
      Dd-Operation-Id:
      - GetTest
      User-Agent:
      - terraform-provider-datadog/dev (terraform 1.15.0; terraform-cli 0.12.7-sdk)
        datadog-api-client-go/1.0.0-beta.14 (go go1.15.4; os darwin; arch amd64)
      X-Datadog-Parent-Id:
      - "7828023467316185408"
      X-Datadog-Sampling-Priority:
      - "1"
      X-Datadog-Trace-Id:
      - "852804699556932909"
    url: https://api.datadoghq.com/api/v1/synthetics/tests/hhq-7kq-8vh
    method: GET
  response:
    body: '{"status":"paused","public_id":"hhq-7kq-8vh","tags":[],"locations":["aws:eu-central-1"],"message":"Notify
      @datadog.user","name":"tf-TestAccDatadogSyntheticsSSLTest_Updated-local-1611670991","monitor_id":29305057,"type":"api","subtype":"ssl","config":{"variables":[],"request":{"host":"datadoghq.com","port":443},"assertions":[{"operator":"isInMoreThan","type":"certificate","target":30}],"configVariables":[]},"options":{"accept_self_signed":true,"min_location_failed":1,"tick_every":60}}'
    headers:
      Cache-Control:
      - no-cache
      Connection:
      - keep-alive
      Content-Security-Policy:
      - frame-ancestors 'self'; report-uri https://api.datadoghq.com/csp-report
      Content-Type:
      - application/json
      Date:
      - Tue, 26 Jan 2021 14:23:13 GMT
      Pragma:
      - no-cache
      Set-Cookie:
      - DD-PSHARD=233; Max-Age=604800; Path=/; expires=Tue, 02-Feb-2021 14:23:13 GMT;
        secure; HttpOnly
      Strict-Transport-Security:
      - max-age=15724800;
      Vary:
      - Accept-Encoding
      X-Content-Type-Options:
      - nosniff
      X-Dd-Debug:
      - l8RQo2maZqJf6GFThBbKNE6dvthz6njusVtau3dPXJWL2RLFoN81H+BLPB/1xgs1
      X-Dd-Version:
      - "35.3777777"
      X-Frame-Options:
      - SAMEORIGIN
      X-Ratelimit-Limit:
      - "1000"
      X-Ratelimit-Period:
      - "60"
      X-Ratelimit-Remaining:
      - "996"
      X-Ratelimit-Reset:
      - "47"
    status: 200 OK
    code: 200
    duration: ""
- request:
    body: |
      {"config":{"assertions":[{"operator":"isInMoreThan","target":60,"type":"certificate"}],"configVariables":[],"request":{"host":"datadoghq.com","port":443},"variables":[]},"locations":["aws:eu-central-1"],"message":"Notify @pagerduty","name":"tf-TestAccDatadogSyntheticsSSLTest_Updated-local-1611670991-updated","options":{"min_location_failed":1,"tick_every":60},"status":"live","subtype":"ssl","tags":["foo:bar","foo","env:test"],"type":"api"}
    form: {}
    headers:
      Accept:
      - application/json
      Content-Type:
      - application/json
      Dd-Operation-Id:
      - UpdateTest
      User-Agent:
      - terraform-provider-datadog/dev (terraform 1.15.0; terraform-cli 0.12.7-sdk)
        datadog-api-client-go/1.0.0-beta.14 (go go1.15.4; os darwin; arch amd64)
      X-Datadog-Parent-Id:
      - "896429929281572686"
      X-Datadog-Sampling-Priority:
      - "1"
      X-Datadog-Trace-Id:
      - "852804699556932909"
    url: https://api.datadoghq.com/api/v1/synthetics/tests/hhq-7kq-8vh
    method: PUT
  response:
    body: '{"status":"live","public_id":"hhq-7kq-8vh","tags":["foo:bar","foo","env:test"],"org_id":321813,"locations":["aws:eu-central-1"],"message":"Notify
      @pagerduty","deleted_at":null,"name":"tf-TestAccDatadogSyntheticsSSLTest_Updated-local-1611670991-updated","monitor_id":29305057,"type":"api","created_at":"2021-01-26T14:23:12.648759+00:00","modified_at":"2021-01-26T14:23:13.992205+00:00","subtype":"ssl","config":{"variables":[],"request":{"host":"datadoghq.com","port":443},"assertions":[{"operator":"isInMoreThan","type":"certificate","target":60}],"configVariables":[]},"options":{"min_location_failed":1,"tick_every":60}}'
    headers:
      Cache-Control:
      - no-cache
      Connection:
      - keep-alive
      Content-Security-Policy:
      - frame-ancestors 'self'; report-uri https://api.datadoghq.com/csp-report
      Content-Type:
      - application/json
      Date:
      - Tue, 26 Jan 2021 14:23:14 GMT
      Pragma:
      - no-cache
      Set-Cookie:
      - DD-PSHARD=233; Max-Age=604800; Path=/; expires=Tue, 02-Feb-2021 14:23:13 GMT;
        secure; HttpOnly
      Strict-Transport-Security:
      - max-age=15724800;
      Vary:
      - Accept-Encoding
      X-Content-Type-Options:
      - nosniff
      X-Dd-Debug:
      - SY1h8ScsWq+kYmtbh63ltMLFAZsQjqfrgvdfAoRX+9TzT1sgMBRYaFRwfWWRRe9a
      X-Dd-Version:
      - "35.3777777"
      X-Frame-Options:
      - SAMEORIGIN
      X-Ratelimit-Limit:
      - "500"
      X-Ratelimit-Period:
      - "60"
      X-Ratelimit-Remaining:
      - "499"
      X-Ratelimit-Reset:
      - "47"
    status: 200 OK
    code: 200
    duration: ""
- request:
    body: ""
    form: {}
    headers:
      Accept:
      - application/json
      Dd-Operation-Id:
      - GetTest
      User-Agent:
      - terraform-provider-datadog/dev (terraform 1.15.0; terraform-cli 0.12.7-sdk)
        datadog-api-client-go/1.0.0-beta.14 (go go1.15.4; os darwin; arch amd64)
      X-Datadog-Parent-Id:
      - "7215003622842018647"
      X-Datadog-Sampling-Priority:
      - "1"
      X-Datadog-Trace-Id:
      - "852804699556932909"
    url: https://api.datadoghq.com/api/v1/synthetics/tests/hhq-7kq-8vh
    method: GET
  response:
    body: '{"status":"live","public_id":"hhq-7kq-8vh","tags":["foo:bar","foo","env:test"],"locations":["aws:eu-central-1"],"message":"Notify
      @pagerduty","name":"tf-TestAccDatadogSyntheticsSSLTest_Updated-local-1611670991-updated","monitor_id":29305057,"type":"api","subtype":"ssl","config":{"variables":[],"request":{"host":"datadoghq.com","port":443},"assertions":[{"operator":"isInMoreThan","type":"certificate","target":60}],"configVariables":[]},"options":{"min_location_failed":1,"tick_every":60}}'
    headers:
      Cache-Control:
      - no-cache
      Connection:
      - keep-alive
      Content-Security-Policy:
      - frame-ancestors 'self'; report-uri https://api.datadoghq.com/csp-report
      Content-Type:
      - application/json
      Date:
      - Tue, 26 Jan 2021 14:23:15 GMT
      Pragma:
      - no-cache
      Set-Cookie:
      - DD-PSHARD=233; Max-Age=604800; Path=/; expires=Tue, 02-Feb-2021 14:23:15 GMT;
        secure; HttpOnly
      Strict-Transport-Security:
      - max-age=15724800;
      Vary:
      - Accept-Encoding
      X-Content-Type-Options:
      - nosniff
      X-Dd-Debug:
      - S1wfaMZOKGT/IoMw6fqAwAwGWo2vQ44sjF3YzuETnQfxZO2T5eJbs0aX3UKb9Dwu
      X-Dd-Version:
      - "35.3777777"
      X-Frame-Options:
      - SAMEORIGIN
      X-Ratelimit-Limit:
      - "1000"
      X-Ratelimit-Period:
      - "60"
      X-Ratelimit-Remaining:
      - "995"
      X-Ratelimit-Reset:
      - "45"
    status: 200 OK
    code: 200
    duration: ""
- request:
    body: ""
    form: {}
    headers:
      Accept:
      - application/json
      Dd-Operation-Id:
      - GetTest
      User-Agent:
      - terraform-provider-datadog/dev (terraform 1.15.0; terraform-cli 0.12.7-sdk)
        datadog-api-client-go/1.0.0-beta.14 (go go1.15.4; os darwin; arch amd64)
      X-Datadog-Parent-Id:
      - "2421794026574482975"
      X-Datadog-Sampling-Priority:
      - "1"
      X-Datadog-Trace-Id:
      - "852804699556932909"
    url: https://api.datadoghq.com/api/v1/synthetics/tests/hhq-7kq-8vh
    method: GET
  response:
    body: '{"status":"live","public_id":"hhq-7kq-8vh","tags":["foo:bar","foo","env:test"],"locations":["aws:eu-central-1"],"message":"Notify
      @pagerduty","name":"tf-TestAccDatadogSyntheticsSSLTest_Updated-local-1611670991-updated","monitor_id":29305057,"type":"api","subtype":"ssl","config":{"variables":[],"request":{"host":"datadoghq.com","port":443},"assertions":[{"operator":"isInMoreThan","type":"certificate","target":60}],"configVariables":[]},"options":{"min_location_failed":1,"tick_every":60}}'
    headers:
      Cache-Control:
      - no-cache
      Connection:
      - keep-alive
      Content-Security-Policy:
      - frame-ancestors 'self'; report-uri https://api.datadoghq.com/csp-report
      Content-Type:
      - application/json
      Date:
      - Tue, 26 Jan 2021 14:23:15 GMT
      Pragma:
      - no-cache
      Set-Cookie:
      - DD-PSHARD=233; Max-Age=604800; Path=/; expires=Tue, 02-Feb-2021 14:23:15 GMT;
        secure; HttpOnly
      Strict-Transport-Security:
      - max-age=15724800;
      Vary:
      - Accept-Encoding
      X-Content-Type-Options:
      - nosniff
      X-Dd-Debug:
      - Wjq53IVIwnB4SiR238oOYgHFMq/ZYP0LQ/Dv8C2fFLBwTje/dWJHu6pI6vIOK1zG
      X-Dd-Version:
      - "35.3777777"
      X-Frame-Options:
      - SAMEORIGIN
      X-Ratelimit-Limit:
      - "1000"
      X-Ratelimit-Period:
      - "60"
      X-Ratelimit-Remaining:
      - "994"
      X-Ratelimit-Reset:
      - "45"
    status: 200 OK
    code: 200
    duration: ""
- request:
    body: ""
    form: {}
    headers:
      Accept:
      - application/json
      Dd-Operation-Id:
      - GetTest
      User-Agent:
      - terraform-provider-datadog/dev (terraform 1.15.0; terraform-cli 0.12.7-sdk)
        datadog-api-client-go/1.0.0-beta.14 (go go1.15.4; os darwin; arch amd64)
      X-Datadog-Parent-Id:
      - "150051085920430709"
      X-Datadog-Sampling-Priority:
      - "1"
      X-Datadog-Trace-Id:
      - "852804699556932909"
    url: https://api.datadoghq.com/api/v1/synthetics/tests/hhq-7kq-8vh
    method: GET
  response:
    body: '{"status":"live","public_id":"hhq-7kq-8vh","tags":["foo:bar","foo","env:test"],"locations":["aws:eu-central-1"],"message":"Notify
      @pagerduty","name":"tf-TestAccDatadogSyntheticsSSLTest_Updated-local-1611670991-updated","monitor_id":29305057,"type":"api","subtype":"ssl","config":{"variables":[],"request":{"host":"datadoghq.com","port":443},"assertions":[{"operator":"isInMoreThan","type":"certificate","target":60}],"configVariables":[]},"options":{"min_location_failed":1,"tick_every":60}}'
    headers:
      Cache-Control:
      - no-cache
      Connection:
      - keep-alive
      Content-Security-Policy:
      - frame-ancestors 'self'; report-uri https://api.datadoghq.com/csp-report
      Content-Type:
      - application/json
      Date:
      - Tue, 26 Jan 2021 14:23:15 GMT
      Pragma:
      - no-cache
      Set-Cookie:
      - DD-PSHARD=233; Max-Age=604800; Path=/; expires=Tue, 02-Feb-2021 14:23:15 GMT;
        secure; HttpOnly
      Strict-Transport-Security:
      - max-age=15724800;
      Vary:
      - Accept-Encoding
      X-Content-Type-Options:
      - nosniff
      X-Dd-Debug:
      - dPySkcOzIZtKyMKDAAzuysY3gNGGj6RtYogGuSb76E8mPvoqzREyRp6lPYm91hQU
      X-Dd-Version:
      - "35.3777777"
      X-Frame-Options:
      - SAMEORIGIN
      X-Ratelimit-Limit:
      - "1000"
      X-Ratelimit-Period:
      - "60"
      X-Ratelimit-Remaining:
      - "993"
      X-Ratelimit-Reset:
      - "45"
    status: 200 OK
    code: 200
    duration: ""
- request:
    body: ""
    form: {}
    headers:
      Accept:
      - application/json
      Dd-Operation-Id:
      - GetTest
      User-Agent:
      - terraform-provider-datadog/dev (terraform 1.15.0; terraform-cli 0.12.7-sdk)
        datadog-api-client-go/1.0.0-beta.14 (go go1.15.4; os darwin; arch amd64)
      X-Datadog-Parent-Id:
      - "6502318307058697317"
      X-Datadog-Sampling-Priority:
      - "1"
      X-Datadog-Trace-Id:
      - "852804699556932909"
    url: https://api.datadoghq.com/api/v1/synthetics/tests/hhq-7kq-8vh
    method: GET
  response:
    body: '{"status":"live","public_id":"hhq-7kq-8vh","tags":["foo:bar","foo","env:test"],"locations":["aws:eu-central-1"],"message":"Notify
      @pagerduty","name":"tf-TestAccDatadogSyntheticsSSLTest_Updated-local-1611670991-updated","monitor_id":29305057,"type":"api","subtype":"ssl","config":{"variables":[],"request":{"host":"datadoghq.com","port":443},"assertions":[{"operator":"isInMoreThan","type":"certificate","target":60}],"configVariables":[]},"options":{"min_location_failed":1,"tick_every":60}}'
    headers:
      Cache-Control:
      - no-cache
      Connection:
      - keep-alive
      Content-Security-Policy:
      - frame-ancestors 'self'; report-uri https://api.datadoghq.com/csp-report
      Content-Type:
      - application/json
      Date:
      - Tue, 26 Jan 2021 14:23:15 GMT
      Pragma:
      - no-cache
      Set-Cookie:
      - DD-PSHARD=233; Max-Age=604800; Path=/; expires=Tue, 02-Feb-2021 14:23:15 GMT;
        secure; HttpOnly
      Strict-Transport-Security:
      - max-age=15724800;
      Vary:
      - Accept-Encoding
      X-Content-Type-Options:
      - nosniff
      X-Dd-Debug:
      - B1nwy/pPNqX+q4pQT22cdp1QCexE35IF8qwSHy0Nf7IW0Y881qtn4tXN1lpmzaKc
      X-Dd-Version:
      - "35.3777777"
      X-Frame-Options:
      - SAMEORIGIN
      X-Ratelimit-Limit:
      - "1000"
      X-Ratelimit-Period:
      - "60"
      X-Ratelimit-Remaining:
      - "992"
      X-Ratelimit-Reset:
      - "45"
    status: 200 OK
    code: 200
    duration: ""
- request:
    body: |
      {"public_ids":["hhq-7kq-8vh"]}
    form: {}
    headers:
      Accept:
      - application/json
      Content-Type:
      - application/json
      Dd-Operation-Id:
      - DeleteTests
      User-Agent:
      - terraform-provider-datadog/dev (terraform 1.15.0; terraform-cli 0.12.7-sdk)
        datadog-api-client-go/1.0.0-beta.14 (go go1.15.4; os darwin; arch amd64)
      X-Datadog-Parent-Id:
      - "1512341076080985396"
      X-Datadog-Sampling-Priority:
      - "1"
      X-Datadog-Trace-Id:
      - "852804699556932909"
    url: https://api.datadoghq.com/api/v1/synthetics/tests/delete
    method: POST
  response:
    body: '{"deleted_tests":[{"deleted_at":"2021-01-26T14:23:15.786517+00:00","public_id":"hhq-7kq-8vh"}]}'
    headers:
      Cache-Control:
      - no-cache
      Connection:
      - keep-alive
      Content-Security-Policy:
      - frame-ancestors 'self'; report-uri https://api.datadoghq.com/csp-report
      Content-Type:
      - application/json
      Date:
      - Tue, 26 Jan 2021 14:23:16 GMT
      Pragma:
      - no-cache
      Set-Cookie:
      - DD-PSHARD=233; Max-Age=604800; Path=/; expires=Tue, 02-Feb-2021 14:23:15 GMT;
        secure; HttpOnly
      Strict-Transport-Security:
      - max-age=15724800;
      Vary:
      - Accept-Encoding
      X-Content-Type-Options:
      - nosniff
      X-Dd-Debug:
      - dCmL/3rURV6BPeaqeP3Rxigq41m5CAb17XjrRE42uZ01zpr07HVhbL5/3TWMkvgu
      X-Dd-Version:
      - "35.3777777"
      X-Frame-Options:
      - SAMEORIGIN
      X-Ratelimit-Limit:
      - "120"
      X-Ratelimit-Period:
      - "60"
      X-Ratelimit-Remaining:
      - "119"
      X-Ratelimit-Reset:
      - "45"
    status: 200 OK
    code: 200
    duration: ""
- request:
    body: ""
    form: {}
    headers:
      Accept:
      - application/json
      Dd-Operation-Id:
      - GetTest
      User-Agent:
      - terraform-provider-datadog/dev (terraform 1.15.0; terraform-cli 0.12.7-sdk)
        datadog-api-client-go/1.0.0-beta.14 (go go1.15.4; os darwin; arch amd64)
      X-Datadog-Parent-Id:
      - "6636774083947178875"
      X-Datadog-Sampling-Priority:
      - "1"
      X-Datadog-Trace-Id:
      - "852804699556932909"
    url: https://api.datadoghq.com/api/v1/synthetics/tests/hhq-7kq-8vh
    method: GET
  response:
    body: '{"errors": ["Synthetics test not found"]}'
    headers:
      Cache-Control:
      - no-cache
      Connection:
      - keep-alive
      Content-Security-Policy:
      - frame-ancestors 'self'; report-uri https://api.datadoghq.com/csp-report
      Content-Type:
      - application/json
      Date:
      - Tue, 26 Jan 2021 14:23:16 GMT
      Pragma:
      - no-cache
      Strict-Transport-Security:
      - max-age=15724800;
      Vary:
      - Accept-Encoding
      X-Content-Type-Options:
      - nosniff
      X-Dd-Version:
      - "35.3777777"
      X-Frame-Options:
      - SAMEORIGIN
      X-Ratelimit-Limit:
      - "1000"
      X-Ratelimit-Period:
      - "60"
      X-Ratelimit-Remaining:
      - "991"
      X-Ratelimit-Reset:
      - "44"
    status: 404 Not Found
    code: 404
    duration: ""
