---
version: 1
interactions:
- request:
    body: |
      {"description":"Created using the Datadog provider in Terraform","id":"","is_read_only":true,"layout_type":"ordered","notify_list":[],"template_variable_presets":[],"template_variables":[],"title":"tf-TestAccDatadogDashboardChange-local-1637759483","widgets":[{"definition":{"requests":[{"increase_good":false,"q":"sum:system.cpu.user{*} by {service,account}","show_present":false}],"type":"change"}},{"definition":{"custom_links":[{"label":"Test Custom Link label","link":"https://app.datadoghq.com/dashboard/lists"},{"is_hidden":true,"link":"https://app.datadoghq.com/dashboard/lists","override_label":"logs"}],"requests":[{"change_type":"absolute","compare_to":"day_before","increase_good":false,"order_by":"change","order_dir":"desc","q":"sum:system.cpu.user{*} by {service,account}","show_present":true}],"time":{"live_span":"1h"},"title":"Sum of system.cpu.user over * by service,account","title_align":"left","title_size":"16","type":"change"}}]}
    form: {}
    headers:
      Accept:
      - application/json
      Content-Type:
      - application/json
    url: https://api.datadoghq.com/api/v1/dashboard
    method: POST
  response:
    body: '{"notify_list":[],"description":"Created using the Datadog provider in Terraform","author_name":"Hippolyte Henry","template_variable_presets":[],"template_variables":[],"is_read_only":true,"id":"bvv-eke-dnt","title":"tf-TestAccDatadogDashboardChange-local-1637759483","url":"/dashboard/bvv-eke-dnt/tf-testaccdatadogdashboardchange-local-1637759483","created_at":"2021-11-24T13:11:33.187370+00:00","modified_at":"2021-11-24T13:11:33.187370+00:00","author_handle":"hippolyte.henry@datadoghq.com","widgets":[{"definition":{"requests":[{"q":"sum:system.cpu.user{*} by {service,account}","show_present":false,"increase_good":false}],"type":"change"},"id":4861750625386599},{"definition":{"custom_links":[{"link":"https://app.datadoghq.com/dashboard/lists","label":"Test Custom Link label"},{"override_label":"logs","is_hidden":true,"link":"https://app.datadoghq.com/dashboard/lists"}],"title_size":"16","title":"Sum of system.cpu.user over * by service,account","title_align":"left","time":{"live_span":"1h"},"requests":[{"change_type":"absolute","order_dir":"desc","compare_to":"day_before","q":"sum:system.cpu.user{*} by {service,account}","show_present":true,"increase_good":false,"order_by":"change"}],"type":"change"},"id":5623884993388437}],"layout_type":"ordered"}'
    headers:
      Content-Type:
      - application/json
    status: 200 OK
    code: 200
    duration: ""
- request:
    body: ""
    form: {}
    headers:
      Accept:
      - application/json
    url: https://api.datadoghq.com/api/v1/dashboard/bvv-eke-dnt
    method: GET
  response:
    body: '{"notify_list":[],"description":"Created using the Datadog provider in Terraform","author_name":"Hippolyte Henry","template_variable_presets":[],"template_variables":[],"is_read_only":true,"id":"bvv-eke-dnt","title":"tf-TestAccDatadogDashboardChange-local-1637759483","url":"/dashboard/bvv-eke-dnt/tf-testaccdatadogdashboardchange-local-1637759483","created_at":"2021-11-24T13:11:33.187370+00:00","modified_at":"2021-11-24T13:11:33.187370+00:00","author_handle":"hippolyte.henry@datadoghq.com","widgets":[{"definition":{"requests":[{"q":"sum:system.cpu.user{*} by {service,account}","show_present":false,"increase_good":false}],"type":"change"},"id":4861750625386599},{"definition":{"custom_links":[{"link":"https://app.datadoghq.com/dashboard/lists","label":"Test Custom Link label"},{"override_label":"logs","is_hidden":true,"link":"https://app.datadoghq.com/dashboard/lists"}],"title_size":"16","title":"Sum of system.cpu.user over * by service,account","title_align":"left","time":{"live_span":"1h"},"requests":[{"change_type":"absolute","order_dir":"desc","compare_to":"day_before","q":"sum:system.cpu.user{*} by {service,account}","show_present":true,"increase_good":false,"order_by":"change"}],"type":"change"},"id":5623884993388437}],"layout_type":"ordered"}'
    headers:
      Content-Type:
      - application/json
    status: 200 OK
    code: 200
    duration: ""
- request:
    body: ""
    form: {}
    headers:
      Accept:
      - application/json
    url: https://api.datadoghq.com/api/v1/dashboard/bvv-eke-dnt
    method: GET
  response:
    body: '{"notify_list":[],"description":"Created using the Datadog provider in Terraform","author_name":"Hippolyte Henry","template_variable_presets":[],"template_variables":[],"is_read_only":true,"id":"bvv-eke-dnt","title":"tf-TestAccDatadogDashboardChange-local-1637759483","url":"/dashboard/bvv-eke-dnt/tf-testaccdatadogdashboardchange-local-1637759483","created_at":"2021-11-24T13:11:33.187370+00:00","modified_at":"2021-11-24T13:11:33.187370+00:00","author_handle":"hippolyte.henry@datadoghq.com","widgets":[{"definition":{"requests":[{"q":"sum:system.cpu.user{*} by {service,account}","show_present":false,"increase_good":false}],"type":"change"},"id":4861750625386599},{"definition":{"custom_links":[{"link":"https://app.datadoghq.com/dashboard/lists","label":"Test Custom Link label"},{"override_label":"logs","is_hidden":true,"link":"https://app.datadoghq.com/dashboard/lists"}],"title_size":"16","title":"Sum of system.cpu.user over * by service,account","title_align":"left","time":{"live_span":"1h"},"requests":[{"change_type":"absolute","order_dir":"desc","compare_to":"day_before","q":"sum:system.cpu.user{*} by {service,account}","show_present":true,"increase_good":false,"order_by":"change"}],"type":"change"},"id":5623884993388437}],"layout_type":"ordered"}'
    headers:
      Content-Type:
      - application/json
    status: 200 OK
    code: 200
    duration: ""
- request:
    body: ""
    form: {}
    headers:
      Accept:
      - application/json
    url: https://api.datadoghq.com/api/v1/dashboard/bvv-eke-dnt
    method: GET
  response:
    body: '{"notify_list":[],"description":"Created using the Datadog provider in Terraform","author_name":"Hippolyte Henry","template_variable_presets":[],"template_variables":[],"is_read_only":true,"id":"bvv-eke-dnt","title":"tf-TestAccDatadogDashboardChange-local-1637759483","url":"/dashboard/bvv-eke-dnt/tf-testaccdatadogdashboardchange-local-1637759483","created_at":"2021-11-24T13:11:33.187370+00:00","modified_at":"2021-11-24T13:11:33.187370+00:00","author_handle":"hippolyte.henry@datadoghq.com","widgets":[{"definition":{"requests":[{"q":"sum:system.cpu.user{*} by {service,account}","show_present":false,"increase_good":false}],"type":"change"},"id":4861750625386599},{"definition":{"custom_links":[{"link":"https://app.datadoghq.com/dashboard/lists","label":"Test Custom Link label"},{"override_label":"logs","is_hidden":true,"link":"https://app.datadoghq.com/dashboard/lists"}],"title_size":"16","title":"Sum of system.cpu.user over * by service,account","title_align":"left","time":{"live_span":"1h"},"requests":[{"change_type":"absolute","order_dir":"desc","compare_to":"day_before","q":"sum:system.cpu.user{*} by {service,account}","show_present":true,"increase_good":false,"order_by":"change"}],"type":"change"},"id":5623884993388437}],"layout_type":"ordered"}'
    headers:
      Content-Type:
      - application/json
    status: 200 OK
    code: 200
    duration: ""
- request:
    body: ""
    form: {}
    headers:
      Accept:
      - application/json
    url: https://api.datadoghq.com/api/v1/dashboard/bvv-eke-dnt
    method: DELETE
  response:
    body: '{"deleted_dashboard_id":"bvv-eke-dnt"}'
    headers:
      Content-Type:
      - application/json
    status: 200 OK
    code: 200
    duration: ""
- request:
    body: ""
    form: {}
    headers:
      Accept:
      - application/json
    url: https://api.datadoghq.com/api/v1/dashboard/bvv-eke-dnt
    method: GET
  response:
    body: '{"errors": ["Dashboard with ID bvv-eke-dnt not found"]}'
    headers:
      Content-Type:
      - application/json
    status: 404 Not Found
    code: 404
    duration: ""
