---
version: 1
interactions:
- request:
    body: |
      {"message":"some message Notify: @hipchat-channel","name":"tf-TestAccDatadogDowntime_BasicWithMonitorTags-local-1634926787","options":{"escalation_message":"the situation has escalated @pagerduty","include_tags":true,"new_host_delay":300,"no_data_timeframe":10,"notify_no_data":false,"require_full_window":true,"thresholds":{"critical":2,"warning":1}},"priority":0,"query":"avg(last_1h):avg:aws.ec2.cpu{environment:foo,host:foo} by {host} \u003e 2","tags":["app:webserver"],"type":"metric alert"}
    form: {}
    headers:
      Accept:
      - application/json
      Content-Length:
      - "497"
      Content-Type:
      - application/json
      Dd-Operation-Id:
      - ValidateMonitor
      User-Agent:
      - terraform-provider-datadog/dev (terraform 2.7.0; terraform-cli ) datadog-api-client-go/1.5.0 (go go1.17; os darwin; arch amd64)
    url: https://api.datadoghq.com/api/v1/monitor/validate
    method: POST
  response:
    body: '{}'
    headers:
      Cache-Control:
      - no-cache
      Connection:
      - keep-alive
      Content-Length:
      - "2"
      Content-Security-Policy:
      - frame-ancestors 'self'; report-uri https://api.datadoghq.com/csp-report
      Content-Type:
      - application/json
      Date:
      - Fri, 22 Oct 2021 18:19:48 GMT
      Pragma:
      - no-cache
      Strict-Transport-Security:
      - max-age=15724800;
      X-Content-Type-Options:
      - nosniff
      X-Frame-Options:
      - SAMEORIGIN
    status: 200 OK
    code: 200
    duration: ""
- request:
    body: |
      {"message":"some message Notify: @hipchat-channel","name":"tf-TestAccDatadogDowntime_BasicWithMonitorTags-local-1634926787","options":{"escalation_message":"the situation has escalated @pagerduty","include_tags":true,"new_host_delay":300,"no_data_timeframe":10,"notify_no_data":false,"require_full_window":true,"thresholds":{"critical":2,"warning":1}},"priority":0,"query":"avg(last_1h):avg:aws.ec2.cpu{environment:foo,host:foo} by {host} \u003e 2","tags":["app:webserver"],"type":"metric alert"}
    form: {}
    headers:
      Accept:
      - application/json
      Content-Length:
      - "497"
      Content-Type:
      - application/json
      Dd-Operation-Id:
      - ValidateMonitor
      User-Agent:
      - terraform-provider-datadog/dev (terraform 2.7.0; terraform-cli 0.14.7) datadog-api-client-go/1.5.0 (go go1.17; os darwin; arch amd64)
    url: https://api.datadoghq.com/api/v1/monitor/validate
    method: POST
  response:
    body: '{}'
    headers:
      Cache-Control:
      - no-cache
      Connection:
      - keep-alive
      Content-Length:
      - "2"
      Content-Security-Policy:
      - frame-ancestors 'self'; report-uri https://api.datadoghq.com/csp-report
      Content-Type:
      - application/json
      Date:
      - Fri, 22 Oct 2021 18:19:49 GMT
      Pragma:
      - no-cache
      Strict-Transport-Security:
      - max-age=15724800;
      X-Content-Type-Options:
      - nosniff
      X-Frame-Options:
      - SAMEORIGIN
    status: 200 OK
    code: 200
    duration: ""
- request:
    body: |
      {"end":1634941187,"message":"tf-TestAccDatadogDowntime_BasicWithMonitorTags-local-1634926787","monitor_tags":["app:webserver"],"scope":["*"],"start":1634937587,"timezone":"UTC"}
    form: {}
    headers:
      Accept:
      - application/json
      Content-Length:
      - "178"
      Content-Type:
      - application/json
      Dd-Operation-Id:
      - CreateDowntime
      User-Agent:
      - terraform-provider-datadog/dev (terraform 2.7.0; terraform-cli 0.14.7) datadog-api-client-go/1.5.0 (go go1.17; os darwin; arch amd64)
    url: https://api.datadoghq.com/api/v1/downtime
    method: POST
  response:
    body: '{"recurrence":null,"end":1634941187,"monitor_tags":["app:webserver"],"child_id":null,"canceled":null,"monitor_id":null,"created":1634926789,"org_id":321813,"modified":1634926789,"disabled":false,"start":1634937587,"creator_id":1445416,"parent_id":null,"timezone":"UTC","active":false,"scope":["*"],"message":"tf-TestAccDatadogDowntime_BasicWithMonitorTags-local-1634926787","downtime_type":0,"id":1517850383,"updater_id":null}'
    headers:
      Cache-Control:
      - no-cache
      Connection:
      - keep-alive
      Content-Security-Policy:
      - frame-ancestors 'self'; report-uri https://api.datadoghq.com/csp-report
      Content-Type:
      - application/json
      Date:
      - Fri, 22 Oct 2021 18:19:49 GMT
      Pragma:
      - no-cache
      Strict-Transport-Security:
      - max-age=15724800;
      Vary:
      - Accept-Encoding
      X-Content-Type-Options:
      - nosniff
      X-Frame-Options:
      - SAMEORIGIN
    status: 200 OK
    code: 200
    duration: ""
- request:
    body: |
      {"message":"some message Notify: @hipchat-channel","name":"tf-TestAccDatadogDowntime_BasicWithMonitorTags-local-1634926787","options":{"escalation_message":"the situation has escalated @pagerduty","include_tags":true,"new_host_delay":300,"no_data_timeframe":10,"notify_no_data":false,"require_full_window":true,"thresholds":{"critical":2,"warning":1}},"priority":0,"query":"avg(last_1h):avg:aws.ec2.cpu{environment:foo,host:foo} by {host} \u003e 2","tags":["app:webserver"],"type":"metric alert"}
    form: {}
    headers:
      Accept:
      - application/json
      Content-Length:
      - "497"
      Content-Type:
      - application/json
      Dd-Operation-Id:
      - ValidateMonitor
      User-Agent:
      - terraform-provider-datadog/dev (terraform 2.7.0; terraform-cli 0.14.7) datadog-api-client-go/1.5.0 (go go1.17; os darwin; arch amd64)
    url: https://api.datadoghq.com/api/v1/monitor/validate
    method: POST
  response:
    body: '{}'
    headers:
      Cache-Control:
      - no-cache
      Connection:
      - keep-alive
      Content-Length:
      - "2"
      Content-Security-Policy:
      - frame-ancestors 'self'; report-uri https://api.datadoghq.com/csp-report
      Content-Type:
      - application/json
      Date:
      - Fri, 22 Oct 2021 18:19:49 GMT
      Pragma:
      - no-cache
      Strict-Transport-Security:
      - max-age=15724800;
      X-Content-Type-Options:
      - nosniff
      X-Frame-Options:
      - SAMEORIGIN
    status: 200 OK
    code: 200
    duration: ""
- request:
    body: |
      {"message":"some message Notify: @hipchat-channel","name":"tf-TestAccDatadogDowntime_BasicWithMonitorTags-local-1634926787","options":{"escalation_message":"the situation has escalated @pagerduty","include_tags":true,"new_host_delay":300,"notify_no_data":false,"require_full_window":true,"thresholds":{"critical":2,"warning":1}},"priority":0,"query":"avg(last_1h):avg:aws.ec2.cpu{environment:foo,host:foo} by {host} \u003e 2","tags":["app:webserver"],"type":"metric alert"}
    form: {}
    headers:
      Accept:
      - application/json
      Content-Length:
      - "474"
      Content-Type:
      - application/json
      Dd-Operation-Id:
      - CreateMonitor
      User-Agent:
      - terraform-provider-datadog/dev (terraform 2.7.0; terraform-cli 0.14.7) datadog-api-client-go/1.5.0 (go go1.17; os darwin; arch amd64)
    url: https://api.datadoghq.com/api/v1/monitor
    method: POST
  response:
    body: '{"restricted_roles":null,"tags":["app:webserver"],"deleted":null,"query":"avg(last_1h):avg:aws.ec2.cpu{environment:foo,host:foo} by {host} > 2","message":"some message Notify: @hipchat-channel","id":51392666,"multi":true,"name":"tf-TestAccDatadogDowntime_BasicWithMonitorTags-local-1634926787","created":"2021-10-22T18:19:49.543751+00:00","created_at":1634926789000,"creator":{"id":1445416,"handle":"frog@datadoghq.com","name":null,"email":"frog@datadoghq.com"},"org_id":321813,"modified":"2021-10-22T18:19:49.543751+00:00","priority":null,"overall_state_modified":null,"overall_state":"No Data","type":"metric alert","options":{"notify_audit":false,"silenced":{},"include_tags":true,"thresholds":{"critical":2.0,"warning":1.0},"require_full_window":true,"new_host_delay":300,"notify_no_data":false,"escalation_message":"the situation has escalated @pagerduty"}}'
    headers:
      Cache-Control:
      - no-cache
      Connection:
      - keep-alive
      Content-Security-Policy:
      - frame-ancestors 'self'; report-uri https://api.datadoghq.com/csp-report
      Content-Type:
      - application/json
      Date:
      - Fri, 22 Oct 2021 18:19:49 GMT
      Pragma:
      - no-cache
      Strict-Transport-Security:
      - max-age=15724800;
      Vary:
      - Accept-Encoding
      X-Content-Type-Options:
      - nosniff
      X-Frame-Options:
      - SAMEORIGIN
      X-Ratelimit-Limit:
      - "500"
      X-Ratelimit-Period:
      - "10"
      X-Ratelimit-Remaining:
      - "499"
      X-Ratelimit-Reset:
      - "1"
    status: 200 OK
    code: 200
    duration: ""
- request:
    body: ""
    form: {}
    headers:
      Accept:
      - application/json
      Dd-Operation-Id:
      - GetDowntime
      User-Agent:
      - terraform-provider-datadog/dev (terraform 2.7.0; terraform-cli 0.14.7) datadog-api-client-go/1.5.0 (go go1.17; os darwin; arch amd64)
    url: https://api.datadoghq.com/api/v1/downtime/1517850383
    method: GET
  response:
    body: '{"recurrence":null,"end":1634941187,"monitor_tags":["app:webserver"],"child_id":null,"canceled":null,"monitor_id":null,"created":1634926789,"org_id":321813,"modified":1634926789,"disabled":false,"start":1634937587,"creator_id":1445416,"parent_id":null,"timezone":"UTC","active":false,"scope":["*"],"message":"tf-TestAccDatadogDowntime_BasicWithMonitorTags-local-1634926787","downtime_type":0,"id":1517850383,"updater_id":null}'
    headers:
      Cache-Control:
      - no-cache
      Connection:
      - keep-alive
      Content-Security-Policy:
      - frame-ancestors 'self'; report-uri https://api.datadoghq.com/csp-report
      Content-Type:
      - application/json
      Date:
      - Fri, 22 Oct 2021 18:19:49 GMT
      Pragma:
      - no-cache
      Strict-Transport-Security:
      - max-age=15724800;
      Vary:
      - Accept-Encoding
      X-Content-Type-Options:
      - nosniff
      X-Frame-Options:
      - SAMEORIGIN
    status: 200 OK
    code: 200
    duration: ""
- request:
    body: |
      {"message":"some message Notify: @hipchat-channel","name":"tf-TestAccDatadogDowntime_BasicWithMonitorTags-local-1634926787","options":{"escalation_message":"the situation has escalated @pagerduty","include_tags":true,"new_host_delay":300,"no_data_timeframe":10,"notify_no_data":false,"require_full_window":true,"thresholds":{"critical":2,"warning":1}},"priority":0,"query":"avg(last_1h):avg:aws.ec2.cpu{environment:foo,host:foo} by {host} \u003e 2","tags":["app:webserver"],"type":"metric alert"}
    form: {}
    headers:
      Accept:
      - application/json
      Content-Length:
      - "497"
      Content-Type:
      - application/json
      Dd-Operation-Id:
      - ValidateMonitor
      User-Agent:
      - terraform-provider-datadog/dev (terraform 2.7.0; terraform-cli 0.14.7) datadog-api-client-go/1.5.0 (go go1.17; os darwin; arch amd64)
    url: https://api.datadoghq.com/api/v1/monitor/validate
    method: POST
  response:
    body: '{}'
    headers:
      Cache-Control:
      - no-cache
      Connection:
      - keep-alive
      Content-Length:
      - "2"
      Content-Security-Policy:
      - frame-ancestors 'self'; report-uri https://api.datadoghq.com/csp-report
      Content-Type:
      - application/json
      Date:
      - Fri, 22 Oct 2021 18:19:50 GMT
      Pragma:
      - no-cache
      Strict-Transport-Security:
      - max-age=15724800;
      X-Content-Type-Options:
      - nosniff
      X-Frame-Options:
      - SAMEORIGIN
    status: 200 OK
    code: 200
    duration: ""
- request:
    body: ""
    form: {}
    headers:
      Accept:
      - application/json
      Dd-Operation-Id:
      - GetMonitor
      User-Agent:
      - terraform-provider-datadog/dev (terraform 2.7.0; terraform-cli 0.14.7) datadog-api-client-go/1.5.0 (go go1.17; os darwin; arch amd64)
    url: https://api.datadoghq.com/api/v1/monitor/51392666
    method: GET
  response:
    body: '{"restricted_roles":null,"tags":["app:webserver"],"deleted":null,"query":"avg(last_1h):avg:aws.ec2.cpu{environment:foo,host:foo} by {host} > 2","message":"some message Notify: @hipchat-channel","id":51392666,"multi":true,"name":"tf-TestAccDatadogDowntime_BasicWithMonitorTags-local-1634926787","created":"2021-10-22T18:19:49.543751+00:00","created_at":1634926789000,"creator":{"id":1445416,"handle":"frog@datadoghq.com","name":null,"email":"frog@datadoghq.com"},"org_id":321813,"modified":"2021-10-22T18:19:49.543751+00:00","priority":null,"overall_state_modified":null,"overall_state":"No Data","type":"metric alert","options":{"notify_audit":false,"silenced":{},"include_tags":true,"thresholds":{"critical":2.0,"warning":1.0},"require_full_window":true,"new_host_delay":300,"notify_no_data":false,"escalation_message":"the situation has escalated @pagerduty"}}'
    headers:
      Cache-Control:
      - no-cache
      Connection:
      - keep-alive
      Content-Security-Policy:
      - frame-ancestors 'self'; report-uri https://api.datadoghq.com/csp-report
      Content-Type:
      - application/json
      Date:
      - Fri, 22 Oct 2021 18:19:50 GMT
      Pragma:
      - no-cache
      Strict-Transport-Security:
      - max-age=15724800;
      Vary:
      - Accept-Encoding
      X-Content-Type-Options:
      - nosniff
      X-Frame-Options:
      - SAMEORIGIN
      X-Ratelimit-Limit:
      - "3000"
      X-Ratelimit-Period:
      - "10"
      X-Ratelimit-Remaining:
      - "2999"
      X-Ratelimit-Reset:
      - "10"
    status: 200 OK
    code: 200
    duration: ""
- request:
    body: ""
    form: {}
    headers:
      Accept:
      - application/json
      Dd-Operation-Id:
      - GetDowntime
      User-Agent:
      - terraform-provider-datadog/dev (terraform 2.7.0; terraform-cli 0.14.7) datadog-api-client-go/1.5.0 (go go1.17; os darwin; arch amd64)
    url: https://api.datadoghq.com/api/v1/downtime/1517850383
    method: GET
  response:
    body: '{"recurrence":null,"end":1634941187,"monitor_tags":["app:webserver"],"child_id":null,"canceled":null,"monitor_id":null,"created":1634926789,"org_id":321813,"modified":1634926789,"disabled":false,"start":1634937587,"creator_id":1445416,"parent_id":null,"timezone":"UTC","active":false,"scope":["*"],"message":"tf-TestAccDatadogDowntime_BasicWithMonitorTags-local-1634926787","downtime_type":0,"id":1517850383,"updater_id":null}'
    headers:
      Cache-Control:
      - no-cache
      Connection:
      - keep-alive
      Content-Security-Policy:
      - frame-ancestors 'self'; report-uri https://api.datadoghq.com/csp-report
      Content-Type:
      - application/json
      Date:
      - Fri, 22 Oct 2021 18:19:50 GMT
      Pragma:
      - no-cache
      Strict-Transport-Security:
      - max-age=15724800;
      Vary:
      - Accept-Encoding
      X-Content-Type-Options:
      - nosniff
      X-Frame-Options:
      - SAMEORIGIN
    status: 200 OK
    code: 200
    duration: ""
- request:
    body: |
      {"message":"some message Notify: @hipchat-channel","name":"tf-TestAccDatadogDowntime_BasicWithMonitorTags-local-1634926787","options":{"escalation_message":"the situation has escalated @pagerduty","include_tags":true,"new_host_delay":300,"no_data_timeframe":10,"notify_no_data":false,"require_full_window":true,"thresholds":{"critical":2,"warning":1}},"priority":0,"query":"avg(last_1h):avg:aws.ec2.cpu{environment:foo,host:foo} by {host} \u003e 2","tags":["app:webserver"],"type":"metric alert"}
    form: {}
    headers:
      Accept:
      - application/json
      Content-Length:
      - "497"
      Content-Type:
      - application/json
      Dd-Operation-Id:
      - ValidateMonitor
      User-Agent:
      - terraform-provider-datadog/dev (terraform 2.7.0; terraform-cli 0.14.7) datadog-api-client-go/1.5.0 (go go1.17; os darwin; arch amd64)
    url: https://api.datadoghq.com/api/v1/monitor/validate
    method: POST
  response:
    body: '{}'
    headers:
      Cache-Control:
      - no-cache
      Connection:
      - keep-alive
      Content-Length:
      - "2"
      Content-Security-Policy:
      - frame-ancestors 'self'; report-uri https://api.datadoghq.com/csp-report
      Content-Type:
      - application/json
      Date:
      - Fri, 22 Oct 2021 18:19:50 GMT
      Pragma:
      - no-cache
      Strict-Transport-Security:
      - max-age=15724800;
      X-Content-Type-Options:
      - nosniff
      X-Envoy-Upstream-Service-Time:
      - "209"
      X-Frame-Options:
      - SAMEORIGIN
    status: 200 OK
    code: 200
    duration: ""
- request:
    body: |
      {"message":"some message Notify: @hipchat-channel","name":"tf-TestAccDatadogDowntime_BasicWithMonitorTags-local-1634926787","options":{"escalation_message":"the situation has escalated @pagerduty","include_tags":true,"new_host_delay":300,"no_data_timeframe":10,"notify_no_data":false,"require_full_window":true,"thresholds":{"critical":2,"warning":1}},"priority":0,"query":"avg(last_1h):avg:aws.ec2.cpu{environment:foo,host:foo} by {host} \u003e 2","tags":["app:webserver"],"type":"metric alert"}
    form: {}
    headers:
      Accept:
      - application/json
      Content-Length:
      - "497"
      Content-Type:
      - application/json
      Dd-Operation-Id:
      - ValidateMonitor
      User-Agent:
      - terraform-provider-datadog/dev (terraform 2.7.0; terraform-cli 0.14.7) datadog-api-client-go/1.5.0 (go go1.17; os darwin; arch amd64)
    url: https://api.datadoghq.com/api/v1/monitor/validate
    method: POST
  response:
    body: '{}'
    headers:
      Cache-Control:
      - no-cache
      Connection:
      - keep-alive
      Content-Length:
      - "2"
      Content-Security-Policy:
      - frame-ancestors 'self'; report-uri https://api.datadoghq.com/csp-report
      Content-Type:
      - application/json
      Date:
      - Fri, 22 Oct 2021 18:19:50 GMT
      Pragma:
      - no-cache
      Strict-Transport-Security:
      - max-age=15724800;
      X-Content-Type-Options:
      - nosniff
      X-Frame-Options:
      - SAMEORIGIN
    status: 200 OK
    code: 200
    duration: ""
- request:
    body: ""
    form: {}
    headers:
      Accept:
      - application/json
      Dd-Operation-Id:
      - CancelDowntime
      User-Agent:
      - terraform-provider-datadog/dev (terraform 2.7.0; terraform-cli 0.14.7) datadog-api-client-go/1.5.0 (go go1.17; os darwin; arch amd64)
    url: https://api.datadoghq.com/api/v1/downtime/1517850383
    method: DELETE
  response:
    body: ""
    headers:
      Cache-Control:
      - no-cache
      Connection:
      - keep-alive
      Content-Length:
      - "0"
      Content-Security-Policy:
      - frame-ancestors 'self'; report-uri https://api.datadoghq.com/csp-report
      Date:
      - Fri, 22 Oct 2021 18:19:51 GMT
      Pragma:
      - no-cache
      Strict-Transport-Security:
      - max-age=15724800;
      X-Content-Type-Options:
      - nosniff
      X-Frame-Options:
      - SAMEORIGIN
    status: 204 No Content
    code: 204
    duration: ""
- request:
    body: ""
    form: {}
    headers:
      Accept:
      - application/json
      Dd-Operation-Id:
      - DeleteMonitor
      User-Agent:
      - terraform-provider-datadog/dev (terraform 2.7.0; terraform-cli 0.14.7) datadog-api-client-go/1.5.0 (go go1.17; os darwin; arch amd64)
    url: https://api.datadoghq.com/api/v1/monitor/51392666
    method: DELETE
  response:
    body: '{"deleted_monitor_id":51392666}'
    headers:
      Cache-Control:
      - no-cache
      Connection:
      - keep-alive
      Content-Security-Policy:
      - frame-ancestors 'self'; report-uri https://api.datadoghq.com/csp-report
      Content-Type:
      - application/json
      Date:
      - Fri, 22 Oct 2021 18:19:51 GMT
      Pragma:
      - no-cache
      Strict-Transport-Security:
      - max-age=15724800;
      Vary:
      - Accept-Encoding
      X-Content-Type-Options:
      - nosniff
      X-Frame-Options:
      - SAMEORIGIN
    status: 200 OK
    code: 200
    duration: ""
- request:
    body: ""
    form: {}
    headers:
      Accept:
      - application/json
      Dd-Operation-Id:
      - GetDowntime
      User-Agent:
      - terraform-provider-datadog/dev (terraform 2.7.0; terraform-cli 0.14.7) datadog-api-client-go/1.5.0 (go go1.17; os darwin; arch amd64)
    url: https://api.datadoghq.com/api/v1/downtime/1517850383
    method: GET
  response:
    body: '{"recurrence":null,"end":1634941187,"monitor_tags":["app:webserver"],"child_id":null,"canceled":1634926791,"monitor_id":null,"created":1634926789,"org_id":321813,"modified":1634926791,"disabled":true,"start":1634937587,"creator_id":1445416,"parent_id":null,"timezone":"UTC","active":false,"scope":["*"],"message":"tf-TestAccDatadogDowntime_BasicWithMonitorTags-local-1634926787","downtime_type":0,"id":1517850383,"updater_id":1445416}'
    headers:
      Cache-Control:
      - no-cache
      Connection:
      - keep-alive
      Content-Security-Policy:
      - frame-ancestors 'self'; report-uri https://api.datadoghq.com/csp-report
      Content-Type:
      - application/json
      Date:
      - Fri, 22 Oct 2021 18:19:51 GMT
      Pragma:
      - no-cache
      Strict-Transport-Security:
      - max-age=15724800;
      Vary:
      - Accept-Encoding
      X-Content-Type-Options:
      - nosniff
      X-Frame-Options:
      - SAMEORIGIN
    status: 200 OK
    code: 200
    duration: ""
