---
version: 1
interactions:
- request:
    body: |
      {"description":"Created using the Datadog provider in Terraform","id":"","is_read_only":true,"layout_type":"ordered","notify_list":[],"template_variable_presets":[],"template_variables":[],"title":"tf-TestAccDatadogDashboardChangeFormula-local-1637759483","widgets":[{"definition":{"requests":[{"formulas":[{"formula":"query1 + query2","limit":{"count":10,"order":"asc"}}],"increase_good":false,"queries":[{"aggregator":"sum","data_source":"metrics","name":"query1","query":"avg:system.cpu.system{*} by {datacenter}"},{"aggregator":"sum","data_source":"metrics","name":"query2","query":"avg:system.load.1{*} by {datacenter}"}],"response_format":"scalar","show_present":false}],"type":"change"}},{"definition":{"custom_links":[{"label":"my custom link","link":"https://app.datadoghq.com/dashboard/lists"}],"requests":[{"formulas":[{"formula":"query1"}],"increase_good":false,"queries":[{"compute":{"aggregation":"count"},"data_source":"security_signals","indexes":["*"],"name":"query1"}],"response_format":"scalar","show_present":false}],"type":"change"}}]}
    form: {}
    headers:
      Accept:
      - application/json
      Content-Type:
      - application/json
    url: https://api.datadoghq.com/api/v1/dashboard
    method: POST
  response:
    body: '{"notify_list":[],"description":"Created using the Datadog provider in Terraform","author_name":"Hippolyte Henry","template_variable_presets":[],"template_variables":[],"is_read_only":true,"id":"jcj-qug-mr2","title":"tf-TestAccDatadogDashboardChangeFormula-local-1637759483","url":"/dashboard/jcj-qug-mr2/tf-testaccdatadogdashboardchangeformula-local-1637759483","created_at":"2021-11-24T13:11:34.109129+00:00","modified_at":"2021-11-24T13:11:34.109129+00:00","author_handle":"hippolyte.henry@datadoghq.com","widgets":[{"definition":{"requests":[{"formulas":[{"formula":"query1 + query2","limit":{"count":10,"order":"asc"}}],"show_present":false,"increase_good":false,"response_format":"scalar","queries":[{"aggregator":"sum","data_source":"metrics","name":"query1","query":"avg:system.cpu.system{*} by {datacenter}"},{"aggregator":"sum","data_source":"metrics","name":"query2","query":"avg:system.load.1{*} by {datacenter}"}]}],"type":"change"},"id":8849207343022822},{"definition":{"requests":[{"formulas":[{"formula":"query1"}],"show_present":false,"increase_good":false,"response_format":"scalar","queries":[{"data_source":"security_signals","compute":{"aggregation":"count"},"name":"query1","indexes":["*"]}]}],"custom_links":[{"link":"https://app.datadoghq.com/dashboard/lists","label":"my custom link"}],"type":"change"},"id":8233235734778271}],"layout_type":"ordered"}'
    headers:
      Content-Type:
      - application/json
    status: 200 OK
    code: 200
    duration: ""
- request:
    body: ""
    form: {}
    headers:
      Accept:
      - application/json
    url: https://api.datadoghq.com/api/v1/dashboard/jcj-qug-mr2
    method: GET
  response:
    body: '{"notify_list":[],"description":"Created using the Datadog provider in Terraform","author_name":"Hippolyte Henry","template_variable_presets":[],"template_variables":[],"is_read_only":true,"id":"jcj-qug-mr2","title":"tf-TestAccDatadogDashboardChangeFormula-local-1637759483","url":"/dashboard/jcj-qug-mr2/tf-testaccdatadogdashboardchangeformula-local-1637759483","created_at":"2021-11-24T13:11:34.109129+00:00","modified_at":"2021-11-24T13:11:34.109129+00:00","author_handle":"hippolyte.henry@datadoghq.com","widgets":[{"definition":{"requests":[{"formulas":[{"formula":"query1 + query2","limit":{"count":10,"order":"asc"}}],"show_present":false,"increase_good":false,"response_format":"scalar","queries":[{"aggregator":"sum","data_source":"metrics","name":"query1","query":"avg:system.cpu.system{*} by {datacenter}"},{"aggregator":"sum","data_source":"metrics","name":"query2","query":"avg:system.load.1{*} by {datacenter}"}]}],"type":"change"},"id":8849207343022822},{"definition":{"requests":[{"formulas":[{"formula":"query1"}],"show_present":false,"increase_good":false,"response_format":"scalar","queries":[{"data_source":"security_signals","compute":{"aggregation":"count"},"name":"query1","indexes":["*"]}]}],"custom_links":[{"link":"https://app.datadoghq.com/dashboard/lists","label":"my custom link"}],"type":"change"},"id":8233235734778271}],"layout_type":"ordered"}'
    headers:
      Content-Type:
      - application/json
    status: 200 OK
    code: 200
    duration: ""
- request:
    body: ""
    form: {}
    headers:
      Accept:
      - application/json
    url: https://api.datadoghq.com/api/v1/dashboard/jcj-qug-mr2
    method: GET
  response:
    body: '{"notify_list":[],"description":"Created using the Datadog provider in Terraform","author_name":"Hippolyte Henry","template_variable_presets":[],"template_variables":[],"is_read_only":true,"id":"jcj-qug-mr2","title":"tf-TestAccDatadogDashboardChangeFormula-local-1637759483","url":"/dashboard/jcj-qug-mr2/tf-testaccdatadogdashboardchangeformula-local-1637759483","created_at":"2021-11-24T13:11:34.109129+00:00","modified_at":"2021-11-24T13:11:34.109129+00:00","author_handle":"hippolyte.henry@datadoghq.com","widgets":[{"definition":{"requests":[{"formulas":[{"formula":"query1 + query2","limit":{"count":10,"order":"asc"}}],"show_present":false,"increase_good":false,"response_format":"scalar","queries":[{"aggregator":"sum","data_source":"metrics","name":"query1","query":"avg:system.cpu.system{*} by {datacenter}"},{"aggregator":"sum","data_source":"metrics","name":"query2","query":"avg:system.load.1{*} by {datacenter}"}]}],"type":"change"},"id":8849207343022822},{"definition":{"requests":[{"formulas":[{"formula":"query1"}],"show_present":false,"increase_good":false,"response_format":"scalar","queries":[{"data_source":"security_signals","compute":{"aggregation":"count"},"name":"query1","indexes":["*"]}]}],"custom_links":[{"link":"https://app.datadoghq.com/dashboard/lists","label":"my custom link"}],"type":"change"},"id":8233235734778271}],"layout_type":"ordered"}'
    headers:
      Content-Type:
      - application/json
    status: 200 OK
    code: 200
    duration: ""
- request:
    body: ""
    form: {}
    headers:
      Accept:
      - application/json
    url: https://api.datadoghq.com/api/v1/dashboard/jcj-qug-mr2
    method: GET
  response:
    body: '{"notify_list":[],"description":"Created using the Datadog provider in Terraform","author_name":"Hippolyte Henry","template_variable_presets":[],"template_variables":[],"is_read_only":true,"id":"jcj-qug-mr2","title":"tf-TestAccDatadogDashboardChangeFormula-local-1637759483","url":"/dashboard/jcj-qug-mr2/tf-testaccdatadogdashboardchangeformula-local-1637759483","created_at":"2021-11-24T13:11:34.109129+00:00","modified_at":"2021-11-24T13:11:34.109129+00:00","author_handle":"hippolyte.henry@datadoghq.com","widgets":[{"definition":{"requests":[{"formulas":[{"formula":"query1 + query2","limit":{"count":10,"order":"asc"}}],"show_present":false,"increase_good":false,"response_format":"scalar","queries":[{"aggregator":"sum","data_source":"metrics","name":"query1","query":"avg:system.cpu.system{*} by {datacenter}"},{"aggregator":"sum","data_source":"metrics","name":"query2","query":"avg:system.load.1{*} by {datacenter}"}]}],"type":"change"},"id":8849207343022822},{"definition":{"requests":[{"formulas":[{"formula":"query1"}],"show_present":false,"increase_good":false,"response_format":"scalar","queries":[{"data_source":"security_signals","compute":{"aggregation":"count"},"name":"query1","indexes":["*"]}]}],"custom_links":[{"link":"https://app.datadoghq.com/dashboard/lists","label":"my custom link"}],"type":"change"},"id":8233235734778271}],"layout_type":"ordered"}'
    headers:
      Content-Type:
      - application/json
    status: 200 OK
    code: 200
    duration: ""
- request:
    body: ""
    form: {}
    headers:
      Accept:
      - application/json
    url: https://api.datadoghq.com/api/v1/dashboard/jcj-qug-mr2
    method: DELETE
  response:
    body: '{"deleted_dashboard_id":"jcj-qug-mr2"}'
    headers:
      Content-Type:
      - application/json
    status: 200 OK
    code: 200
    duration: ""
- request:
    body: ""
    form: {}
    headers:
      Accept:
      - application/json
    url: https://api.datadoghq.com/api/v1/dashboard/jcj-qug-mr2
    method: GET
  response:
    body: '{"errors": ["Dashboard with ID jcj-qug-mr2 not found"]}'
    headers:
      Content-Type:
      - application/json
    status: 404 Not Found
    code: 404
    duration: ""
