---
version: 1
interactions:
- request:
    body: |
      {"description":"some description about foo SLO","name":"tf_testaccdatadogservicelevelobjectivesdatasource_local_1621470439","query":{"denominator":"sum:my.metric{*}.as_count()","numerator":"sum:tf_testaccdatadogservicelevelobjectivesdatasource_local_1621470439{type:good}.as_count()"},"tags":["tf_testaccdatadogservicelevelobjectivesdatasource_local_1621470439"],"thresholds":[{"target":99.5,"timeframe":"7d","warning":99.8},{"target":99,"timeframe":"30d"},{"target":99,"timeframe":"90d"}],"type":"metric"}
    form: {}
    headers:
      Accept:
      - application/json
      Content-Type:
      - application/json
      Dd-Operation-Id:
      - CreateSLO
      User-Agent:
      - terraform-provider-datadog/dev (terraform 2.4.4; terraform-cli 0.14.7) datadog-api-client-go/1.0.0-beta.22 (go go1.15.11; os darwin; arch amd64)
    url: https://api.datadoghq.com/api/v1/slo
    method: POST
  response:
    body: '{"data":[{"description":"some description about foo SLO","monitor_tags":[],"creator":{"handle":"frog@datadoghq.com","name":null,"email":"frog@datadoghq.com"},"thresholds":[{"warning":99.8,"warning_display":"99.8","target":99.5,"target_display":"99.5","timeframe":"7d"},{"target":99.0,"target_display":"99.","timeframe":"30d"},{"target":99.0,"target_display":"99.","timeframe":"90d"}],"type_id":1,"query":{"denominator":"sum:my.metric{*}.as_count()","numerator":"sum:tf_testaccdatadogservicelevelobjectivesdatasource_local_1621470439{type:good}.as_count()"},"id":"7210232c7f2f58fe874db9da0471ebec","name":"tf_testaccdatadogservicelevelobjectivesdatasource_local_1621470439","created_at":1621470440,"tags":["tf_testaccdatadogservicelevelobjectivesdatasource_local_1621470439"],"modified_at":1621470440,"type":"metric"}],"error":null}'
    headers:
      Cache-Control:
      - no-cache
      Connection:
      - keep-alive
      Content-Security-Policy:
      - frame-ancestors 'self'; report-uri https://api.datadoghq.com/csp-report
      Content-Type:
      - application/json
      Date:
      - Thu, 20 May 2021 00:27:20 GMT
      Pragma:
      - no-cache
      Strict-Transport-Security:
      - max-age=15724800;
      Vary:
      - Accept-Encoding
      X-Content-Type-Options:
      - nosniff
      X-Dd-Version:
      - "35.4569531"
      X-Frame-Options:
      - SAMEORIGIN
      X-Ratelimit-Limit:
      - "500"
      X-Ratelimit-Period:
      - "60"
      X-Ratelimit-Remaining:
      - "499"
      X-Ratelimit-Reset:
      - "40"
    status: 200 OK
    code: 200
    duration: ""
- request:
    body: ""
    form: {}
    headers:
      Accept:
      - application/json
      Dd-Operation-Id:
      - ListSLOs
      User-Agent:
      - terraform-provider-datadog/dev (terraform 2.4.4; terraform-cli 0.14.7) datadog-api-client-go/1.0.0-beta.22 (go go1.15.11; os darwin; arch amd64)
    url: https://api.datadoghq.com/api/v1/slo?ids=7210232c7f2f58fe874db9da0471ebec
    method: GET
  response:
    body: '{"data":[{"description":"some description about foo SLO","monitor_tags":[],"creator":{"handle":"frog@datadoghq.com","name":null,"email":"frog@datadoghq.com"},"thresholds":[{"warning":99.8,"warning_display":"99.8","target":99.5,"target_display":"99.5","timeframe":"7d"},{"target":99.0,"target_display":"99.","timeframe":"30d"},{"target":99.0,"target_display":"99.","timeframe":"90d"}],"type_id":1,"query":{"denominator":"sum:my.metric{*}.as_count()","numerator":"sum:tf_testaccdatadogservicelevelobjectivesdatasource_local_1621470439{type:good}.as_count()"},"id":"7210232c7f2f58fe874db9da0471ebec","name":"tf_testaccdatadogservicelevelobjectivesdatasource_local_1621470439","created_at":1621470440,"tags":["tf_testaccdatadogservicelevelobjectivesdatasource_local_1621470439"],"modified_at":1621470440,"type":"metric"}],"error":null}'
    headers:
      Cache-Control:
      - no-cache
      Connection:
      - keep-alive
      Content-Security-Policy:
      - frame-ancestors 'self'; report-uri https://api.datadoghq.com/csp-report
      Content-Type:
      - application/json
      Date:
      - Thu, 20 May 2021 00:27:20 GMT
      Pragma:
      - no-cache
      Strict-Transport-Security:
      - max-age=15724800;
      Vary:
      - Accept-Encoding
      X-Content-Type-Options:
      - nosniff
      X-Dd-Version:
      - "35.4569531"
      X-Frame-Options:
      - SAMEORIGIN
      X-Ratelimit-Limit:
      - "1000"
      X-Ratelimit-Period:
      - "10"
      X-Ratelimit-Remaining:
      - "999"
      X-Ratelimit-Reset:
      - "10"
    status: 200 OK
    code: 200
    duration: ""
- request:
    body: ""
    form: {}
    headers:
      Accept:
      - application/json
      Dd-Operation-Id:
      - ListSLOs
      User-Agent:
      - terraform-provider-datadog/dev (terraform 2.4.4; terraform-cli 0.14.7) datadog-api-client-go/1.0.0-beta.22 (go go1.15.11; os darwin; arch amd64)
    url: https://api.datadoghq.com/api/v1/slo?ids=7210232c7f2f58fe874db9da0471ebec
    method: GET
  response:
    body: '{"data":[{"description":"some description about foo SLO","monitor_tags":[],"creator":{"handle":"frog@datadoghq.com","name":null,"email":"frog@datadoghq.com"},"thresholds":[{"warning":99.8,"warning_display":"99.8","target":99.5,"target_display":"99.5","timeframe":"7d"},{"target":99.0,"target_display":"99.","timeframe":"30d"},{"target":99.0,"target_display":"99.","timeframe":"90d"}],"type_id":1,"query":{"denominator":"sum:my.metric{*}.as_count()","numerator":"sum:tf_testaccdatadogservicelevelobjectivesdatasource_local_1621470439{type:good}.as_count()"},"id":"7210232c7f2f58fe874db9da0471ebec","name":"tf_testaccdatadogservicelevelobjectivesdatasource_local_1621470439","created_at":1621470440,"tags":["tf_testaccdatadogservicelevelobjectivesdatasource_local_1621470439"],"modified_at":1621470440,"type":"metric"}],"error":null}'
    headers:
      Cache-Control:
      - no-cache
      Connection:
      - keep-alive
      Content-Security-Policy:
      - frame-ancestors 'self'; report-uri https://api.datadoghq.com/csp-report
      Content-Type:
      - application/json
      Date:
      - Thu, 20 May 2021 00:27:20 GMT
      Pragma:
      - no-cache
      Strict-Transport-Security:
      - max-age=15724800;
      Vary:
      - Accept-Encoding
      X-Content-Type-Options:
      - nosniff
      X-Dd-Version:
      - "35.4569531"
      X-Frame-Options:
      - SAMEORIGIN
      X-Ratelimit-Limit:
      - "1000"
      X-Ratelimit-Period:
      - "10"
      X-Ratelimit-Remaining:
      - "998"
      X-Ratelimit-Reset:
      - "10"
    status: 200 OK
    code: 200
    duration: ""
- request:
    body: ""
    form: {}
    headers:
      Accept:
      - application/json
      Dd-Operation-Id:
      - GetSLO
      User-Agent:
      - terraform-provider-datadog/dev (terraform 2.4.4; terraform-cli 0.14.7) datadog-api-client-go/1.0.0-beta.22 (go go1.15.11; os darwin; arch amd64)
    url: https://api.datadoghq.com/api/v1/slo/7210232c7f2f58fe874db9da0471ebec
    method: GET
  response:
    body: '{"data":{"description":"some description about foo SLO","monitor_tags":[],"creator":{"handle":"frog@datadoghq.com","name":null,"email":"frog@datadoghq.com"},"thresholds":[{"warning":99.8,"warning_display":"99.8","target":99.5,"target_display":"99.5","timeframe":"7d"},{"target":99.0,"target_display":"99.","timeframe":"30d"},{"target":99.0,"target_display":"99.","timeframe":"90d"}],"type_id":1,"query":{"denominator":"sum:my.metric{*}.as_count()","numerator":"sum:tf_testaccdatadogservicelevelobjectivesdatasource_local_1621470439{type:good}.as_count()"},"id":"7210232c7f2f58fe874db9da0471ebec","name":"tf_testaccdatadogservicelevelobjectivesdatasource_local_1621470439","created_at":1621470440,"tags":["tf_testaccdatadogservicelevelobjectivesdatasource_local_1621470439"],"modified_at":1621470440,"type":"metric"},"error":null}'
    headers:
      Cache-Control:
      - no-cache
      Connection:
      - keep-alive
      Content-Security-Policy:
      - frame-ancestors 'self'; report-uri https://api.datadoghq.com/csp-report
      Content-Type:
      - application/json
      Date:
      - Thu, 20 May 2021 00:27:21 GMT
      Pragma:
      - no-cache
      Strict-Transport-Security:
      - max-age=15724800;
      Vary:
      - Accept-Encoding
      X-Content-Type-Options:
      - nosniff
      X-Dd-Version:
      - "35.4569531"
      X-Frame-Options:
      - SAMEORIGIN
      X-Ratelimit-Limit:
      - "3000"
      X-Ratelimit-Period:
      - "10"
      X-Ratelimit-Remaining:
      - "2999"
      X-Ratelimit-Reset:
      - "9"
    status: 200 OK
    code: 200
    duration: ""
- request:
    body: ""
    form: {}
    headers:
      Accept:
      - application/json
      Dd-Operation-Id:
      - ListSLOs
      User-Agent:
      - terraform-provider-datadog/dev (terraform 2.4.4; terraform-cli 0.14.7) datadog-api-client-go/1.0.0-beta.22 (go go1.15.11; os darwin; arch amd64)
    url: https://api.datadoghq.com/api/v1/slo?ids=7210232c7f2f58fe874db9da0471ebec
    method: GET
  response:
    body: '{"data":[{"description":"some description about foo SLO","monitor_tags":[],"creator":{"handle":"frog@datadoghq.com","name":null,"email":"frog@datadoghq.com"},"thresholds":[{"warning":99.8,"warning_display":"99.8","target":99.5,"target_display":"99.5","timeframe":"7d"},{"target":99.0,"target_display":"99.","timeframe":"30d"},{"target":99.0,"target_display":"99.","timeframe":"90d"}],"type_id":1,"query":{"denominator":"sum:my.metric{*}.as_count()","numerator":"sum:tf_testaccdatadogservicelevelobjectivesdatasource_local_1621470439{type:good}.as_count()"},"id":"7210232c7f2f58fe874db9da0471ebec","name":"tf_testaccdatadogservicelevelobjectivesdatasource_local_1621470439","created_at":1621470440,"tags":["tf_testaccdatadogservicelevelobjectivesdatasource_local_1621470439"],"modified_at":1621470440,"type":"metric"}],"error":null}'
    headers:
      Cache-Control:
      - no-cache
      Connection:
      - keep-alive
      Content-Security-Policy:
      - frame-ancestors 'self'; report-uri https://api.datadoghq.com/csp-report
      Content-Type:
      - application/json
      Date:
      - Thu, 20 May 2021 00:27:21 GMT
      Pragma:
      - no-cache
      Strict-Transport-Security:
      - max-age=15724800;
      Vary:
      - Accept-Encoding
      X-Content-Type-Options:
      - nosniff
      X-Dd-Version:
      - "35.4569531"
      X-Frame-Options:
      - SAMEORIGIN
      X-Ratelimit-Limit:
      - "1000"
      X-Ratelimit-Period:
      - "10"
      X-Ratelimit-Remaining:
      - "997"
      X-Ratelimit-Reset:
      - "9"
    status: 200 OK
    code: 200
    duration: ""
- request:
    body: ""
    form: {}
    headers:
      Accept:
      - application/json
      Dd-Operation-Id:
      - ListSLOs
      User-Agent:
      - terraform-provider-datadog/dev (terraform 2.4.4; terraform-cli 0.14.7) datadog-api-client-go/1.0.0-beta.22 (go go1.15.11; os darwin; arch amd64)
    url: https://api.datadoghq.com/api/v1/slo?ids=7210232c7f2f58fe874db9da0471ebec
    method: GET
  response:
    body: '{"data":[{"description":"some description about foo SLO","monitor_tags":[],"creator":{"handle":"frog@datadoghq.com","name":null,"email":"frog@datadoghq.com"},"thresholds":[{"warning":99.8,"warning_display":"99.8","target":99.5,"target_display":"99.5","timeframe":"7d"},{"target":99.0,"target_display":"99.","timeframe":"30d"},{"target":99.0,"target_display":"99.","timeframe":"90d"}],"type_id":1,"query":{"denominator":"sum:my.metric{*}.as_count()","numerator":"sum:tf_testaccdatadogservicelevelobjectivesdatasource_local_1621470439{type:good}.as_count()"},"id":"7210232c7f2f58fe874db9da0471ebec","name":"tf_testaccdatadogservicelevelobjectivesdatasource_local_1621470439","created_at":1621470440,"tags":["tf_testaccdatadogservicelevelobjectivesdatasource_local_1621470439"],"modified_at":1621470440,"type":"metric"}],"error":null}'
    headers:
      Cache-Control:
      - no-cache
      Connection:
      - keep-alive
      Content-Security-Policy:
      - frame-ancestors 'self'; report-uri https://api.datadoghq.com/csp-report
      Content-Type:
      - application/json
      Date:
      - Thu, 20 May 2021 00:27:21 GMT
      Pragma:
      - no-cache
      Strict-Transport-Security:
      - max-age=15724800;
      Vary:
      - Accept-Encoding
      X-Content-Type-Options:
      - nosniff
      X-Dd-Version:
      - "35.4569531"
      X-Frame-Options:
      - SAMEORIGIN
      X-Ratelimit-Limit:
      - "1000"
      X-Ratelimit-Period:
      - "10"
      X-Ratelimit-Remaining:
      - "996"
      X-Ratelimit-Reset:
      - "9"
    status: 200 OK
    code: 200
    duration: ""
- request:
    body: ""
    form: {}
    headers:
      Accept:
      - application/json
      Dd-Operation-Id:
      - GetSLO
      User-Agent:
      - terraform-provider-datadog/dev (terraform 2.4.4; terraform-cli 0.14.7) datadog-api-client-go/1.0.0-beta.22 (go go1.15.11; os darwin; arch amd64)
    url: https://api.datadoghq.com/api/v1/slo/7210232c7f2f58fe874db9da0471ebec
    method: GET
  response:
    body: '{"data":{"description":"some description about foo SLO","monitor_tags":[],"creator":{"handle":"frog@datadoghq.com","name":null,"email":"frog@datadoghq.com"},"thresholds":[{"warning":99.8,"warning_display":"99.8","target":99.5,"target_display":"99.5","timeframe":"7d"},{"target":99.0,"target_display":"99.","timeframe":"30d"},{"target":99.0,"target_display":"99.","timeframe":"90d"}],"type_id":1,"query":{"denominator":"sum:my.metric{*}.as_count()","numerator":"sum:tf_testaccdatadogservicelevelobjectivesdatasource_local_1621470439{type:good}.as_count()"},"id":"7210232c7f2f58fe874db9da0471ebec","name":"tf_testaccdatadogservicelevelobjectivesdatasource_local_1621470439","created_at":1621470440,"tags":["tf_testaccdatadogservicelevelobjectivesdatasource_local_1621470439"],"modified_at":1621470440,"type":"metric"},"error":null}'
    headers:
      Cache-Control:
      - no-cache
      Connection:
      - keep-alive
      Content-Security-Policy:
      - frame-ancestors 'self'; report-uri https://api.datadoghq.com/csp-report
      Content-Type:
      - application/json
      Date:
      - Thu, 20 May 2021 00:27:21 GMT
      Pragma:
      - no-cache
      Strict-Transport-Security:
      - max-age=15724800;
      Vary:
      - Accept-Encoding
      X-Content-Type-Options:
      - nosniff
      X-Dd-Version:
      - "35.4569531"
      X-Frame-Options:
      - SAMEORIGIN
      X-Ratelimit-Limit:
      - "3000"
      X-Ratelimit-Period:
      - "10"
      X-Ratelimit-Remaining:
      - "2998"
      X-Ratelimit-Reset:
      - "9"
    status: 200 OK
    code: 200
    duration: ""
- request:
    body: |
      {"description":"some description about foo SLO","name":"tf_testaccdatadogservicelevelobjectivesdatasource_local_1621470439","query":{"denominator":"sum:my.metric{*}.as_count()","numerator":"sum:tf_testaccdatadogservicelevelobjectivesdatasource_local_1621470439{type:good}.as_count()"},"tags":["tf_testaccdatadogservicelevelobjectivesdatasource_local_1621470439"],"thresholds":[{"target":99.5,"timeframe":"7d","warning":99.8},{"target":99,"timeframe":"30d"},{"target":99,"timeframe":"90d"}],"type":"metric"}
    form: {}
    headers:
      Accept:
      - application/json
      Content-Type:
      - application/json
      Dd-Operation-Id:
      - CreateSLO
      User-Agent:
      - terraform-provider-datadog/dev (terraform 2.4.4; terraform-cli 0.14.7) datadog-api-client-go/1.0.0-beta.22 (go go1.15.11; os darwin; arch amd64)
    url: https://api.datadoghq.com/api/v1/slo
    method: POST
  response:
    body: '{"data":[{"description":"some description about foo SLO","monitor_tags":[],"creator":{"handle":"frog@datadoghq.com","name":null,"email":"frog@datadoghq.com"},"thresholds":[{"warning":99.8,"warning_display":"99.8","target":99.5,"target_display":"99.5","timeframe":"7d"},{"target":99.0,"target_display":"99.","timeframe":"30d"},{"target":99.0,"target_display":"99.","timeframe":"90d"}],"type_id":1,"query":{"denominator":"sum:my.metric{*}.as_count()","numerator":"sum:tf_testaccdatadogservicelevelobjectivesdatasource_local_1621470439{type:good}.as_count()"},"id":"d72d3f2cb3bb5eb6aad41ec591baa566","name":"tf_testaccdatadogservicelevelobjectivesdatasource_local_1621470439","created_at":1621470442,"tags":["tf_testaccdatadogservicelevelobjectivesdatasource_local_1621470439"],"modified_at":1621470442,"type":"metric"}],"error":null}'
    headers:
      Cache-Control:
      - no-cache
      Connection:
      - keep-alive
      Content-Security-Policy:
      - frame-ancestors 'self'; report-uri https://api.datadoghq.com/csp-report
      Content-Type:
      - application/json
      Date:
      - Thu, 20 May 2021 00:27:22 GMT
      Pragma:
      - no-cache
      Strict-Transport-Security:
      - max-age=15724800;
      Vary:
      - Accept-Encoding
      X-Content-Type-Options:
      - nosniff
      X-Dd-Version:
      - "35.4569531"
      X-Frame-Options:
      - SAMEORIGIN
      X-Ratelimit-Limit:
      - "500"
      X-Ratelimit-Period:
      - "60"
      X-Ratelimit-Remaining:
      - "498"
      X-Ratelimit-Reset:
      - "38"
    status: 200 OK
    code: 200
    duration: ""
- request:
    body: ""
    form: {}
    headers:
      Accept:
      - application/json
      Dd-Operation-Id:
      - ListSLOs
      User-Agent:
      - terraform-provider-datadog/dev (terraform 2.4.4; terraform-cli 0.14.7) datadog-api-client-go/1.0.0-beta.22 (go go1.15.11; os darwin; arch amd64)
    url: https://api.datadoghq.com/api/v1/slo?query=tf_testaccdatadogservicelevelobjectivesdatasource_local_1621470439
    method: GET
  response:
    body: '{"metadata":{"page":{"total_filtered_count":2,"total_count":2}},"data":[{"description":"some description about foo SLO","monitor_tags":[],"creator":{"handle":"frog@datadoghq.com","name":null,"email":"frog@datadoghq.com"},"thresholds":[{"warning":99.8,"warning_display":"99.8","target":99.5,"target_display":"99.5","timeframe":"7d"},{"target":99.0,"target_display":"99.","timeframe":"30d"},{"target":99.0,"target_display":"99.","timeframe":"90d"}],"type_id":1,"query":{"denominator":"sum:my.metric{*}.as_count()","numerator":"sum:tf_testaccdatadogservicelevelobjectivesdatasource_local_1621470439{type:good}.as_count()"},"id":"7210232c7f2f58fe874db9da0471ebec","name":"tf_testaccdatadogservicelevelobjectivesdatasource_local_1621470439","created_at":1621470440,"tags":["tf_testaccdatadogservicelevelobjectivesdatasource_local_1621470439"],"modified_at":1621470440,"type":"metric"},{"description":"some description about foo SLO","monitor_tags":[],"creator":{"handle":"frog@datadoghq.com","name":null,"email":"frog@datadoghq.com"},"thresholds":[{"warning":99.8,"warning_display":"99.8","target":99.5,"target_display":"99.5","timeframe":"7d"},{"target":99.0,"target_display":"99.","timeframe":"30d"},{"target":99.0,"target_display":"99.","timeframe":"90d"}],"type_id":1,"query":{"denominator":"sum:my.metric{*}.as_count()","numerator":"sum:tf_testaccdatadogservicelevelobjectivesdatasource_local_1621470439{type:good}.as_count()"},"id":"d72d3f2cb3bb5eb6aad41ec591baa566","name":"tf_testaccdatadogservicelevelobjectivesdatasource_local_1621470439","created_at":1621470442,"tags":["tf_testaccdatadogservicelevelobjectivesdatasource_local_1621470439"],"modified_at":1621470442,"type":"metric"}],"error":null}'
    headers:
      Cache-Control:
      - no-cache
      Connection:
      - keep-alive
      Content-Security-Policy:
      - frame-ancestors 'self'; report-uri https://api.datadoghq.com/csp-report
      Content-Type:
      - application/json
      Date:
      - Thu, 20 May 2021 00:27:22 GMT
      Pragma:
      - no-cache
      Strict-Transport-Security:
      - max-age=15724800;
      Vary:
      - Accept-Encoding
      X-Content-Type-Options:
      - nosniff
      X-Dd-Version:
      - "35.4569531"
      X-Frame-Options:
      - SAMEORIGIN
      X-Ratelimit-Limit:
      - "1000"
      X-Ratelimit-Period:
      - "10"
      X-Ratelimit-Remaining:
      - "995"
      X-Ratelimit-Reset:
      - "8"
    status: 200 OK
    code: 200
    duration: ""
- request:
    body: ""
    form: {}
    headers:
      Accept:
      - application/json
      Dd-Operation-Id:
      - ListSLOs
      User-Agent:
      - terraform-provider-datadog/dev (terraform 2.4.4; terraform-cli 0.14.7) datadog-api-client-go/1.0.0-beta.22 (go go1.15.11; os darwin; arch amd64)
    url: https://api.datadoghq.com/api/v1/slo?query=tf_testaccdatadogservicelevelobjectivesdatasource_local_1621470439
    method: GET
  response:
    body: '{"metadata":{"page":{"total_filtered_count":2,"total_count":2}},"data":[{"description":"some description about foo SLO","monitor_tags":[],"creator":{"handle":"frog@datadoghq.com","name":null,"email":"frog@datadoghq.com"},"thresholds":[{"warning":99.8,"warning_display":"99.8","target":99.5,"target_display":"99.5","timeframe":"7d"},{"target":99.0,"target_display":"99.","timeframe":"30d"},{"target":99.0,"target_display":"99.","timeframe":"90d"}],"type_id":1,"query":{"denominator":"sum:my.metric{*}.as_count()","numerator":"sum:tf_testaccdatadogservicelevelobjectivesdatasource_local_1621470439{type:good}.as_count()"},"id":"7210232c7f2f58fe874db9da0471ebec","name":"tf_testaccdatadogservicelevelobjectivesdatasource_local_1621470439","created_at":1621470440,"tags":["tf_testaccdatadogservicelevelobjectivesdatasource_local_1621470439"],"modified_at":1621470440,"type":"metric"},{"description":"some description about foo SLO","monitor_tags":[],"creator":{"handle":"frog@datadoghq.com","name":null,"email":"frog@datadoghq.com"},"thresholds":[{"warning":99.8,"warning_display":"99.8","target":99.5,"target_display":"99.5","timeframe":"7d"},{"target":99.0,"target_display":"99.","timeframe":"30d"},{"target":99.0,"target_display":"99.","timeframe":"90d"}],"type_id":1,"query":{"denominator":"sum:my.metric{*}.as_count()","numerator":"sum:tf_testaccdatadogservicelevelobjectivesdatasource_local_1621470439{type:good}.as_count()"},"id":"d72d3f2cb3bb5eb6aad41ec591baa566","name":"tf_testaccdatadogservicelevelobjectivesdatasource_local_1621470439","created_at":1621470442,"tags":["tf_testaccdatadogservicelevelobjectivesdatasource_local_1621470439"],"modified_at":1621470442,"type":"metric"}],"error":null}'
    headers:
      Cache-Control:
      - no-cache
      Connection:
      - keep-alive
      Content-Security-Policy:
      - frame-ancestors 'self'; report-uri https://api.datadoghq.com/csp-report
      Content-Type:
      - application/json
      Date:
      - Thu, 20 May 2021 00:27:22 GMT
      Pragma:
      - no-cache
      Strict-Transport-Security:
      - max-age=15724800;
      Vary:
      - Accept-Encoding
      X-Content-Type-Options:
      - nosniff
      X-Dd-Version:
      - "35.4569531"
      X-Frame-Options:
      - SAMEORIGIN
      X-Ratelimit-Limit:
      - "1000"
      X-Ratelimit-Period:
      - "10"
      X-Ratelimit-Remaining:
      - "994"
      X-Ratelimit-Reset:
      - "8"
    status: 200 OK
    code: 200
    duration: ""
- request:
    body: ""
    form: {}
    headers:
      Accept:
      - application/json
      Dd-Operation-Id:
      - GetSLO
      User-Agent:
      - terraform-provider-datadog/dev (terraform 2.4.4; terraform-cli 0.14.7) datadog-api-client-go/1.0.0-beta.22 (go go1.15.11; os darwin; arch amd64)
    url: https://api.datadoghq.com/api/v1/slo/7210232c7f2f58fe874db9da0471ebec
    method: GET
  response:
    body: '{"data":{"description":"some description about foo SLO","monitor_tags":[],"creator":{"handle":"frog@datadoghq.com","name":null,"email":"frog@datadoghq.com"},"thresholds":[{"warning":99.8,"warning_display":"99.8","target":99.5,"target_display":"99.5","timeframe":"7d"},{"target":99.0,"target_display":"99.","timeframe":"30d"},{"target":99.0,"target_display":"99.","timeframe":"90d"}],"type_id":1,"query":{"denominator":"sum:my.metric{*}.as_count()","numerator":"sum:tf_testaccdatadogservicelevelobjectivesdatasource_local_1621470439{type:good}.as_count()"},"id":"7210232c7f2f58fe874db9da0471ebec","name":"tf_testaccdatadogservicelevelobjectivesdatasource_local_1621470439","created_at":1621470440,"tags":["tf_testaccdatadogservicelevelobjectivesdatasource_local_1621470439"],"modified_at":1621470440,"type":"metric"},"error":null}'
    headers:
      Cache-Control:
      - no-cache
      Connection:
      - keep-alive
      Content-Security-Policy:
      - frame-ancestors 'self'; report-uri https://api.datadoghq.com/csp-report
      Content-Type:
      - application/json
      Date:
      - Thu, 20 May 2021 00:27:23 GMT
      Pragma:
      - no-cache
      Strict-Transport-Security:
      - max-age=15724800;
      Vary:
      - Accept-Encoding
      X-Content-Type-Options:
      - nosniff
      X-Dd-Version:
      - "35.4569531"
      X-Frame-Options:
      - SAMEORIGIN
      X-Ratelimit-Limit:
      - "3000"
      X-Ratelimit-Period:
      - "10"
      X-Ratelimit-Remaining:
      - "2997"
      X-Ratelimit-Reset:
      - "7"
    status: 200 OK
    code: 200
    duration: ""
- request:
    body: ""
    form: {}
    headers:
      Accept:
      - application/json
      Dd-Operation-Id:
      - GetSLO
      User-Agent:
      - terraform-provider-datadog/dev (terraform 2.4.4; terraform-cli 0.14.7) datadog-api-client-go/1.0.0-beta.22 (go go1.15.11; os darwin; arch amd64)
    url: https://api.datadoghq.com/api/v1/slo/d72d3f2cb3bb5eb6aad41ec591baa566
    method: GET
  response:
    body: '{"data":{"description":"some description about foo SLO","monitor_tags":[],"creator":{"handle":"frog@datadoghq.com","name":null,"email":"frog@datadoghq.com"},"thresholds":[{"warning":99.8,"warning_display":"99.8","target":99.5,"target_display":"99.5","timeframe":"7d"},{"target":99.0,"target_display":"99.","timeframe":"30d"},{"target":99.0,"target_display":"99.","timeframe":"90d"}],"type_id":1,"query":{"denominator":"sum:my.metric{*}.as_count()","numerator":"sum:tf_testaccdatadogservicelevelobjectivesdatasource_local_1621470439{type:good}.as_count()"},"id":"d72d3f2cb3bb5eb6aad41ec591baa566","name":"tf_testaccdatadogservicelevelobjectivesdatasource_local_1621470439","created_at":1621470442,"tags":["tf_testaccdatadogservicelevelobjectivesdatasource_local_1621470439"],"modified_at":1621470442,"type":"metric"},"error":null}'
    headers:
      Cache-Control:
      - no-cache
      Connection:
      - keep-alive
      Content-Security-Policy:
      - frame-ancestors 'self'; report-uri https://api.datadoghq.com/csp-report
      Content-Type:
      - application/json
      Date:
      - Thu, 20 May 2021 00:27:23 GMT
      Pragma:
      - no-cache
      Strict-Transport-Security:
      - max-age=15724800;
      Vary:
      - Accept-Encoding
      X-Content-Type-Options:
      - nosniff
      X-Dd-Version:
      - "35.4569531"
      X-Frame-Options:
      - SAMEORIGIN
      X-Ratelimit-Limit:
      - "3000"
      X-Ratelimit-Period:
      - "10"
      X-Ratelimit-Remaining:
      - "2996"
      X-Ratelimit-Reset:
      - "7"
    status: 200 OK
    code: 200
    duration: ""
- request:
    body: ""
    form: {}
    headers:
      Accept:
      - application/json
      Dd-Operation-Id:
      - ListSLOs
      User-Agent:
      - terraform-provider-datadog/dev (terraform 2.4.4; terraform-cli 0.14.7) datadog-api-client-go/1.0.0-beta.22 (go go1.15.11; os darwin; arch amd64)
    url: https://api.datadoghq.com/api/v1/slo?query=tf_testaccdatadogservicelevelobjectivesdatasource_local_1621470439
    method: GET
  response:
    body: '{"metadata":{"page":{"total_filtered_count":2,"total_count":2}},"data":[{"description":"some description about foo SLO","monitor_tags":[],"creator":{"handle":"frog@datadoghq.com","name":null,"email":"frog@datadoghq.com"},"thresholds":[{"warning":99.8,"warning_display":"99.8","target":99.5,"target_display":"99.5","timeframe":"7d"},{"target":99.0,"target_display":"99.","timeframe":"30d"},{"target":99.0,"target_display":"99.","timeframe":"90d"}],"type_id":1,"query":{"denominator":"sum:my.metric{*}.as_count()","numerator":"sum:tf_testaccdatadogservicelevelobjectivesdatasource_local_1621470439{type:good}.as_count()"},"id":"7210232c7f2f58fe874db9da0471ebec","name":"tf_testaccdatadogservicelevelobjectivesdatasource_local_1621470439","created_at":1621470440,"tags":["tf_testaccdatadogservicelevelobjectivesdatasource_local_1621470439"],"modified_at":1621470440,"type":"metric"},{"description":"some description about foo SLO","monitor_tags":[],"creator":{"handle":"frog@datadoghq.com","name":null,"email":"frog@datadoghq.com"},"thresholds":[{"warning":99.8,"warning_display":"99.8","target":99.5,"target_display":"99.5","timeframe":"7d"},{"target":99.0,"target_display":"99.","timeframe":"30d"},{"target":99.0,"target_display":"99.","timeframe":"90d"}],"type_id":1,"query":{"denominator":"sum:my.metric{*}.as_count()","numerator":"sum:tf_testaccdatadogservicelevelobjectivesdatasource_local_1621470439{type:good}.as_count()"},"id":"d72d3f2cb3bb5eb6aad41ec591baa566","name":"tf_testaccdatadogservicelevelobjectivesdatasource_local_1621470439","created_at":1621470442,"tags":["tf_testaccdatadogservicelevelobjectivesdatasource_local_1621470439"],"modified_at":1621470442,"type":"metric"}],"error":null}'
    headers:
      Cache-Control:
      - no-cache
      Connection:
      - keep-alive
      Content-Security-Policy:
      - frame-ancestors 'self'; report-uri https://api.datadoghq.com/csp-report
      Content-Type:
      - application/json
      Date:
      - Thu, 20 May 2021 00:27:23 GMT
      Pragma:
      - no-cache
      Strict-Transport-Security:
      - max-age=15724800;
      Vary:
      - Accept-Encoding
      X-Content-Type-Options:
      - nosniff
      X-Dd-Version:
      - "35.4569531"
      X-Frame-Options:
      - SAMEORIGIN
      X-Ratelimit-Limit:
      - "1000"
      X-Ratelimit-Period:
      - "10"
      X-Ratelimit-Remaining:
      - "993"
      X-Ratelimit-Reset:
      - "7"
    status: 200 OK
    code: 200
    duration: ""
- request:
    body: ""
    form: {}
    headers:
      Accept:
      - application/json
      Dd-Operation-Id:
      - ListSLOs
      User-Agent:
      - terraform-provider-datadog/dev (terraform 2.4.4; terraform-cli 0.14.7) datadog-api-client-go/1.0.0-beta.22 (go go1.15.11; os darwin; arch amd64)
    url: https://api.datadoghq.com/api/v1/slo?query=tf_testaccdatadogservicelevelobjectivesdatasource_local_1621470439
    method: GET
  response:
    body: '{"metadata":{"page":{"total_filtered_count":2,"total_count":2}},"data":[{"description":"some description about foo SLO","monitor_tags":[],"creator":{"handle":"frog@datadoghq.com","name":null,"email":"frog@datadoghq.com"},"thresholds":[{"warning":99.8,"warning_display":"99.8","target":99.5,"target_display":"99.5","timeframe":"7d"},{"target":99.0,"target_display":"99.","timeframe":"30d"},{"target":99.0,"target_display":"99.","timeframe":"90d"}],"type_id":1,"query":{"denominator":"sum:my.metric{*}.as_count()","numerator":"sum:tf_testaccdatadogservicelevelobjectivesdatasource_local_1621470439{type:good}.as_count()"},"id":"7210232c7f2f58fe874db9da0471ebec","name":"tf_testaccdatadogservicelevelobjectivesdatasource_local_1621470439","created_at":1621470440,"tags":["tf_testaccdatadogservicelevelobjectivesdatasource_local_1621470439"],"modified_at":1621470440,"type":"metric"},{"description":"some description about foo SLO","monitor_tags":[],"creator":{"handle":"frog@datadoghq.com","name":null,"email":"frog@datadoghq.com"},"thresholds":[{"warning":99.8,"warning_display":"99.8","target":99.5,"target_display":"99.5","timeframe":"7d"},{"target":99.0,"target_display":"99.","timeframe":"30d"},{"target":99.0,"target_display":"99.","timeframe":"90d"}],"type_id":1,"query":{"denominator":"sum:my.metric{*}.as_count()","numerator":"sum:tf_testaccdatadogservicelevelobjectivesdatasource_local_1621470439{type:good}.as_count()"},"id":"d72d3f2cb3bb5eb6aad41ec591baa566","name":"tf_testaccdatadogservicelevelobjectivesdatasource_local_1621470439","created_at":1621470442,"tags":["tf_testaccdatadogservicelevelobjectivesdatasource_local_1621470439"],"modified_at":1621470442,"type":"metric"}],"error":null}'
    headers:
      Cache-Control:
      - no-cache
      Connection:
      - keep-alive
      Content-Security-Policy:
      - frame-ancestors 'self'; report-uri https://api.datadoghq.com/csp-report
      Content-Type:
      - application/json
      Date:
      - Thu, 20 May 2021 00:27:23 GMT
      Pragma:
      - no-cache
      Strict-Transport-Security:
      - max-age=15724800;
      Vary:
      - Accept-Encoding
      X-Content-Type-Options:
      - nosniff
      X-Dd-Version:
      - "35.4569531"
      X-Frame-Options:
      - SAMEORIGIN
      X-Ratelimit-Limit:
      - "1000"
      X-Ratelimit-Period:
      - "10"
      X-Ratelimit-Remaining:
      - "992"
      X-Ratelimit-Reset:
      - "7"
    status: 200 OK
    code: 200
    duration: ""
- request:
    body: ""
    form: {}
    headers:
      Accept:
      - application/json
      Dd-Operation-Id:
      - GetSLO
      User-Agent:
      - terraform-provider-datadog/dev (terraform 2.4.4; terraform-cli 0.14.7) datadog-api-client-go/1.0.0-beta.22 (go go1.15.11; os darwin; arch amd64)
    url: https://api.datadoghq.com/api/v1/slo/7210232c7f2f58fe874db9da0471ebec
    method: GET
  response:
    body: '{"data":{"description":"some description about foo SLO","monitor_tags":[],"creator":{"handle":"frog@datadoghq.com","name":null,"email":"frog@datadoghq.com"},"thresholds":[{"warning":99.8,"warning_display":"99.8","target":99.5,"target_display":"99.5","timeframe":"7d"},{"target":99.0,"target_display":"99.","timeframe":"30d"},{"target":99.0,"target_display":"99.","timeframe":"90d"}],"type_id":1,"query":{"denominator":"sum:my.metric{*}.as_count()","numerator":"sum:tf_testaccdatadogservicelevelobjectivesdatasource_local_1621470439{type:good}.as_count()"},"id":"7210232c7f2f58fe874db9da0471ebec","name":"tf_testaccdatadogservicelevelobjectivesdatasource_local_1621470439","created_at":1621470440,"tags":["tf_testaccdatadogservicelevelobjectivesdatasource_local_1621470439"],"modified_at":1621470440,"type":"metric"},"error":null}'
    headers:
      Cache-Control:
      - no-cache
      Connection:
      - keep-alive
      Content-Security-Policy:
      - frame-ancestors 'self'; report-uri https://api.datadoghq.com/csp-report
      Content-Type:
      - application/json
      Date:
      - Thu, 20 May 2021 00:27:23 GMT
      Pragma:
      - no-cache
      Strict-Transport-Security:
      - max-age=15724800;
      Vary:
      - Accept-Encoding
      X-Content-Type-Options:
      - nosniff
      X-Dd-Version:
      - "35.4569531"
      X-Frame-Options:
      - SAMEORIGIN
      X-Ratelimit-Limit:
      - "3000"
      X-Ratelimit-Period:
      - "10"
      X-Ratelimit-Remaining:
      - "2995"
      X-Ratelimit-Reset:
      - "7"
    status: 200 OK
    code: 200
    duration: ""
- request:
    body: ""
    form: {}
    headers:
      Accept:
      - application/json
      Dd-Operation-Id:
      - GetSLO
      User-Agent:
      - terraform-provider-datadog/dev (terraform 2.4.4; terraform-cli 0.14.7) datadog-api-client-go/1.0.0-beta.22 (go go1.15.11; os darwin; arch amd64)
    url: https://api.datadoghq.com/api/v1/slo/d72d3f2cb3bb5eb6aad41ec591baa566
    method: GET
  response:
    body: '{"data":{"description":"some description about foo SLO","monitor_tags":[],"creator":{"handle":"frog@datadoghq.com","name":null,"email":"frog@datadoghq.com"},"thresholds":[{"warning":99.8,"warning_display":"99.8","target":99.5,"target_display":"99.5","timeframe":"7d"},{"target":99.0,"target_display":"99.","timeframe":"30d"},{"target":99.0,"target_display":"99.","timeframe":"90d"}],"type_id":1,"query":{"denominator":"sum:my.metric{*}.as_count()","numerator":"sum:tf_testaccdatadogservicelevelobjectivesdatasource_local_1621470439{type:good}.as_count()"},"id":"d72d3f2cb3bb5eb6aad41ec591baa566","name":"tf_testaccdatadogservicelevelobjectivesdatasource_local_1621470439","created_at":1621470442,"tags":["tf_testaccdatadogservicelevelobjectivesdatasource_local_1621470439"],"modified_at":1621470442,"type":"metric"},"error":null}'
    headers:
      Cache-Control:
      - no-cache
      Connection:
      - keep-alive
      Content-Security-Policy:
      - frame-ancestors 'self'; report-uri https://api.datadoghq.com/csp-report
      Content-Type:
      - application/json
      Date:
      - Thu, 20 May 2021 00:27:23 GMT
      Pragma:
      - no-cache
      Strict-Transport-Security:
      - max-age=15724800;
      Vary:
      - Accept-Encoding
      X-Content-Type-Options:
      - nosniff
      X-Dd-Version:
      - "35.4569531"
      X-Frame-Options:
      - SAMEORIGIN
      X-Ratelimit-Limit:
      - "3000"
      X-Ratelimit-Period:
      - "10"
      X-Ratelimit-Remaining:
      - "2994"
      X-Ratelimit-Reset:
      - "7"
    status: 200 OK
    code: 200
    duration: ""
- request:
    body: ""
    form: {}
    headers:
      Accept:
      - application/json
      Dd-Operation-Id:
      - ListSLOs
      User-Agent:
      - terraform-provider-datadog/dev (terraform 2.4.4; terraform-cli 0.14.7) datadog-api-client-go/1.0.0-beta.22 (go go1.15.11; os darwin; arch amd64)
    url: https://api.datadoghq.com/api/v1/slo?tags_query=tf_testaccdatadogservicelevelobjectivesdatasource_local_1621470439
    method: GET
  response:
    body: '{"metadata":{"page":{"total_filtered_count":2,"total_count":2}},"data":[{"description":"some description about foo SLO","monitor_tags":[],"creator":{"handle":"frog@datadoghq.com","name":null,"email":"frog@datadoghq.com"},"thresholds":[{"warning":99.8,"warning_display":"99.8","target":99.5,"target_display":"99.5","timeframe":"7d"},{"target":99.0,"target_display":"99.","timeframe":"30d"},{"target":99.0,"target_display":"99.","timeframe":"90d"}],"type_id":1,"query":{"denominator":"sum:my.metric{*}.as_count()","numerator":"sum:tf_testaccdatadogservicelevelobjectivesdatasource_local_1621470439{type:good}.as_count()"},"id":"7210232c7f2f58fe874db9da0471ebec","name":"tf_testaccdatadogservicelevelobjectivesdatasource_local_1621470439","created_at":1621470440,"tags":["tf_testaccdatadogservicelevelobjectivesdatasource_local_1621470439"],"modified_at":1621470440,"type":"metric"},{"description":"some description about foo SLO","monitor_tags":[],"creator":{"handle":"frog@datadoghq.com","name":null,"email":"frog@datadoghq.com"},"thresholds":[{"warning":99.8,"warning_display":"99.8","target":99.5,"target_display":"99.5","timeframe":"7d"},{"target":99.0,"target_display":"99.","timeframe":"30d"},{"target":99.0,"target_display":"99.","timeframe":"90d"}],"type_id":1,"query":{"denominator":"sum:my.metric{*}.as_count()","numerator":"sum:tf_testaccdatadogservicelevelobjectivesdatasource_local_1621470439{type:good}.as_count()"},"id":"d72d3f2cb3bb5eb6aad41ec591baa566","name":"tf_testaccdatadogservicelevelobjectivesdatasource_local_1621470439","created_at":1621470442,"tags":["tf_testaccdatadogservicelevelobjectivesdatasource_local_1621470439"],"modified_at":1621470442,"type":"metric"}],"error":null}'
    headers:
      Cache-Control:
      - no-cache
      Connection:
      - keep-alive
      Content-Security-Policy:
      - frame-ancestors 'self'; report-uri https://api.datadoghq.com/csp-report
      Content-Type:
      - application/json
      Date:
      - Thu, 20 May 2021 00:27:24 GMT
      Pragma:
      - no-cache
      Strict-Transport-Security:
      - max-age=15724800;
      Vary:
      - Accept-Encoding
      X-Content-Type-Options:
      - nosniff
      X-Dd-Version:
      - "35.4569531"
      X-Frame-Options:
      - SAMEORIGIN
      X-Ratelimit-Limit:
      - "1000"
      X-Ratelimit-Period:
      - "10"
      X-Ratelimit-Remaining:
      - "991"
      X-Ratelimit-Reset:
      - "6"
    status: 200 OK
    code: 200
    duration: ""
- request:
    body: ""
    form: {}
    headers:
      Accept:
      - application/json
      Dd-Operation-Id:
      - ListSLOs
      User-Agent:
      - terraform-provider-datadog/dev (terraform 2.4.4; terraform-cli 0.14.7) datadog-api-client-go/1.0.0-beta.22 (go go1.15.11; os darwin; arch amd64)
    url: https://api.datadoghq.com/api/v1/slo?tags_query=tf_testaccdatadogservicelevelobjectivesdatasource_local_1621470439
    method: GET
  response:
    body: '{"metadata":{"page":{"total_filtered_count":2,"total_count":2}},"data":[{"description":"some description about foo SLO","monitor_tags":[],"creator":{"handle":"frog@datadoghq.com","name":null,"email":"frog@datadoghq.com"},"thresholds":[{"warning":99.8,"warning_display":"99.8","target":99.5,"target_display":"99.5","timeframe":"7d"},{"target":99.0,"target_display":"99.","timeframe":"30d"},{"target":99.0,"target_display":"99.","timeframe":"90d"}],"type_id":1,"query":{"denominator":"sum:my.metric{*}.as_count()","numerator":"sum:tf_testaccdatadogservicelevelobjectivesdatasource_local_1621470439{type:good}.as_count()"},"id":"7210232c7f2f58fe874db9da0471ebec","name":"tf_testaccdatadogservicelevelobjectivesdatasource_local_1621470439","created_at":1621470440,"tags":["tf_testaccdatadogservicelevelobjectivesdatasource_local_1621470439"],"modified_at":1621470440,"type":"metric"},{"description":"some description about foo SLO","monitor_tags":[],"creator":{"handle":"frog@datadoghq.com","name":null,"email":"frog@datadoghq.com"},"thresholds":[{"warning":99.8,"warning_display":"99.8","target":99.5,"target_display":"99.5","timeframe":"7d"},{"target":99.0,"target_display":"99.","timeframe":"30d"},{"target":99.0,"target_display":"99.","timeframe":"90d"}],"type_id":1,"query":{"denominator":"sum:my.metric{*}.as_count()","numerator":"sum:tf_testaccdatadogservicelevelobjectivesdatasource_local_1621470439{type:good}.as_count()"},"id":"d72d3f2cb3bb5eb6aad41ec591baa566","name":"tf_testaccdatadogservicelevelobjectivesdatasource_local_1621470439","created_at":1621470442,"tags":["tf_testaccdatadogservicelevelobjectivesdatasource_local_1621470439"],"modified_at":1621470442,"type":"metric"}],"error":null}'
    headers:
      Cache-Control:
      - no-cache
      Connection:
      - keep-alive
      Content-Security-Policy:
      - frame-ancestors 'self'; report-uri https://api.datadoghq.com/csp-report
      Content-Type:
      - application/json
      Date:
      - Thu, 20 May 2021 00:27:24 GMT
      Pragma:
      - no-cache
      Strict-Transport-Security:
      - max-age=15724800;
      Vary:
      - Accept-Encoding
      X-Content-Type-Options:
      - nosniff
      X-Dd-Version:
      - "35.4569531"
      X-Frame-Options:
      - SAMEORIGIN
      X-Ratelimit-Limit:
      - "1000"
      X-Ratelimit-Period:
      - "10"
      X-Ratelimit-Remaining:
      - "990"
      X-Ratelimit-Reset:
      - "6"
    status: 200 OK
    code: 200
    duration: ""
- request:
    body: ""
    form: {}
    headers:
      Accept:
      - application/json
      Dd-Operation-Id:
      - ListSLOs
      User-Agent:
      - terraform-provider-datadog/dev (terraform 2.4.4; terraform-cli 0.14.7) datadog-api-client-go/1.0.0-beta.22 (go go1.15.11; os darwin; arch amd64)
    url: https://api.datadoghq.com/api/v1/slo?tags_query=tf_testaccdatadogservicelevelobjectivesdatasource_local_1621470439
    method: GET
  response:
    body: '{"metadata":{"page":{"total_filtered_count":2,"total_count":2}},"data":[{"description":"some description about foo SLO","monitor_tags":[],"creator":{"handle":"frog@datadoghq.com","name":null,"email":"frog@datadoghq.com"},"thresholds":[{"warning":99.8,"warning_display":"99.8","target":99.5,"target_display":"99.5","timeframe":"7d"},{"target":99.0,"target_display":"99.","timeframe":"30d"},{"target":99.0,"target_display":"99.","timeframe":"90d"}],"type_id":1,"query":{"denominator":"sum:my.metric{*}.as_count()","numerator":"sum:tf_testaccdatadogservicelevelobjectivesdatasource_local_1621470439{type:good}.as_count()"},"id":"7210232c7f2f58fe874db9da0471ebec","name":"tf_testaccdatadogservicelevelobjectivesdatasource_local_1621470439","created_at":1621470440,"tags":["tf_testaccdatadogservicelevelobjectivesdatasource_local_1621470439"],"modified_at":1621470440,"type":"metric"},{"description":"some description about foo SLO","monitor_tags":[],"creator":{"handle":"frog@datadoghq.com","name":null,"email":"frog@datadoghq.com"},"thresholds":[{"warning":99.8,"warning_display":"99.8","target":99.5,"target_display":"99.5","timeframe":"7d"},{"target":99.0,"target_display":"99.","timeframe":"30d"},{"target":99.0,"target_display":"99.","timeframe":"90d"}],"type_id":1,"query":{"denominator":"sum:my.metric{*}.as_count()","numerator":"sum:tf_testaccdatadogservicelevelobjectivesdatasource_local_1621470439{type:good}.as_count()"},"id":"d72d3f2cb3bb5eb6aad41ec591baa566","name":"tf_testaccdatadogservicelevelobjectivesdatasource_local_1621470439","created_at":1621470442,"tags":["tf_testaccdatadogservicelevelobjectivesdatasource_local_1621470439"],"modified_at":1621470442,"type":"metric"}],"error":null}'
    headers:
      Cache-Control:
      - no-cache
      Connection:
      - keep-alive
      Content-Security-Policy:
      - frame-ancestors 'self'; report-uri https://api.datadoghq.com/csp-report
      Content-Type:
      - application/json
      Date:
      - Thu, 20 May 2021 00:27:24 GMT
      Pragma:
      - no-cache
      Strict-Transport-Security:
      - max-age=15724800;
      Vary:
      - Accept-Encoding
      X-Content-Type-Options:
      - nosniff
      X-Dd-Version:
      - "35.4569531"
      X-Frame-Options:
      - SAMEORIGIN
      X-Ratelimit-Limit:
      - "1000"
      X-Ratelimit-Period:
      - "10"
      X-Ratelimit-Remaining:
      - "989"
      X-Ratelimit-Reset:
      - "6"
    status: 200 OK
    code: 200
    duration: ""
- request:
    body: ""
    form: {}
    headers:
      Accept:
      - application/json
      Dd-Operation-Id:
      - GetSLO
      User-Agent:
      - terraform-provider-datadog/dev (terraform 2.4.4; terraform-cli 0.14.7) datadog-api-client-go/1.0.0-beta.22 (go go1.15.11; os darwin; arch amd64)
    url: https://api.datadoghq.com/api/v1/slo/d72d3f2cb3bb5eb6aad41ec591baa566
    method: GET
  response:
    body: '{"data":{"description":"some description about foo SLO","monitor_tags":[],"creator":{"handle":"frog@datadoghq.com","name":null,"email":"frog@datadoghq.com"},"thresholds":[{"warning":99.8,"warning_display":"99.8","target":99.5,"target_display":"99.5","timeframe":"7d"},{"target":99.0,"target_display":"99.","timeframe":"30d"},{"target":99.0,"target_display":"99.","timeframe":"90d"}],"type_id":1,"query":{"denominator":"sum:my.metric{*}.as_count()","numerator":"sum:tf_testaccdatadogservicelevelobjectivesdatasource_local_1621470439{type:good}.as_count()"},"id":"d72d3f2cb3bb5eb6aad41ec591baa566","name":"tf_testaccdatadogservicelevelobjectivesdatasource_local_1621470439","created_at":1621470442,"tags":["tf_testaccdatadogservicelevelobjectivesdatasource_local_1621470439"],"modified_at":1621470442,"type":"metric"},"error":null}'
    headers:
      Cache-Control:
      - no-cache
      Connection:
      - keep-alive
      Content-Security-Policy:
      - frame-ancestors 'self'; report-uri https://api.datadoghq.com/csp-report
      Content-Type:
      - application/json
      Date:
      - Thu, 20 May 2021 00:27:25 GMT
      Pragma:
      - no-cache
      Strict-Transport-Security:
      - max-age=15724800;
      Vary:
      - Accept-Encoding
      X-Content-Type-Options:
      - nosniff
      X-Dd-Version:
      - "35.4569531"
      X-Frame-Options:
      - SAMEORIGIN
      X-Ratelimit-Limit:
      - "3000"
      X-Ratelimit-Period:
      - "10"
      X-Ratelimit-Remaining:
      - "2993"
      X-Ratelimit-Reset:
      - "5"
    status: 200 OK
    code: 200
    duration: ""
- request:
    body: ""
    form: {}
    headers:
      Accept:
      - application/json
      Dd-Operation-Id:
      - GetSLO
      User-Agent:
      - terraform-provider-datadog/dev (terraform 2.4.4; terraform-cli 0.14.7) datadog-api-client-go/1.0.0-beta.22 (go go1.15.11; os darwin; arch amd64)
    url: https://api.datadoghq.com/api/v1/slo/7210232c7f2f58fe874db9da0471ebec
    method: GET
  response:
    body: '{"data":{"description":"some description about foo SLO","monitor_tags":[],"creator":{"handle":"frog@datadoghq.com","name":null,"email":"frog@datadoghq.com"},"thresholds":[{"warning":99.8,"warning_display":"99.8","target":99.5,"target_display":"99.5","timeframe":"7d"},{"target":99.0,"target_display":"99.","timeframe":"30d"},{"target":99.0,"target_display":"99.","timeframe":"90d"}],"type_id":1,"query":{"denominator":"sum:my.metric{*}.as_count()","numerator":"sum:tf_testaccdatadogservicelevelobjectivesdatasource_local_1621470439{type:good}.as_count()"},"id":"7210232c7f2f58fe874db9da0471ebec","name":"tf_testaccdatadogservicelevelobjectivesdatasource_local_1621470439","created_at":1621470440,"tags":["tf_testaccdatadogservicelevelobjectivesdatasource_local_1621470439"],"modified_at":1621470440,"type":"metric"},"error":null}'
    headers:
      Cache-Control:
      - no-cache
      Connection:
      - keep-alive
      Content-Security-Policy:
      - frame-ancestors 'self'; report-uri https://api.datadoghq.com/csp-report
      Content-Type:
      - application/json
      Date:
      - Thu, 20 May 2021 00:27:25 GMT
      Pragma:
      - no-cache
      Strict-Transport-Security:
      - max-age=15724800;
      Vary:
      - Accept-Encoding
      X-Content-Type-Options:
      - nosniff
      X-Dd-Version:
      - "35.4569531"
      X-Frame-Options:
      - SAMEORIGIN
      X-Ratelimit-Limit:
      - "3000"
      X-Ratelimit-Period:
      - "10"
      X-Ratelimit-Remaining:
      - "2992"
      X-Ratelimit-Reset:
      - "5"
    status: 200 OK
    code: 200
    duration: ""
- request:
    body: ""
    form: {}
    headers:
      Accept:
      - application/json
      Dd-Operation-Id:
      - ListSLOs
      User-Agent:
      - terraform-provider-datadog/dev (terraform 2.4.4; terraform-cli 0.14.7) datadog-api-client-go/1.0.0-beta.22 (go go1.15.11; os darwin; arch amd64)
    url: https://api.datadoghq.com/api/v1/slo?tags_query=tf_testaccdatadogservicelevelobjectivesdatasource_local_1621470439
    method: GET
  response:
    body: '{"metadata":{"page":{"total_filtered_count":2,"total_count":2}},"data":[{"description":"some description about foo SLO","monitor_tags":[],"creator":{"handle":"frog@datadoghq.com","name":null,"email":"frog@datadoghq.com"},"thresholds":[{"warning":99.8,"warning_display":"99.8","target":99.5,"target_display":"99.5","timeframe":"7d"},{"target":99.0,"target_display":"99.","timeframe":"30d"},{"target":99.0,"target_display":"99.","timeframe":"90d"}],"type_id":1,"query":{"denominator":"sum:my.metric{*}.as_count()","numerator":"sum:tf_testaccdatadogservicelevelobjectivesdatasource_local_1621470439{type:good}.as_count()"},"id":"7210232c7f2f58fe874db9da0471ebec","name":"tf_testaccdatadogservicelevelobjectivesdatasource_local_1621470439","created_at":1621470440,"tags":["tf_testaccdatadogservicelevelobjectivesdatasource_local_1621470439"],"modified_at":1621470440,"type":"metric"},{"description":"some description about foo SLO","monitor_tags":[],"creator":{"handle":"frog@datadoghq.com","name":null,"email":"frog@datadoghq.com"},"thresholds":[{"warning":99.8,"warning_display":"99.8","target":99.5,"target_display":"99.5","timeframe":"7d"},{"target":99.0,"target_display":"99.","timeframe":"30d"},{"target":99.0,"target_display":"99.","timeframe":"90d"}],"type_id":1,"query":{"denominator":"sum:my.metric{*}.as_count()","numerator":"sum:tf_testaccdatadogservicelevelobjectivesdatasource_local_1621470439{type:good}.as_count()"},"id":"d72d3f2cb3bb5eb6aad41ec591baa566","name":"tf_testaccdatadogservicelevelobjectivesdatasource_local_1621470439","created_at":1621470442,"tags":["tf_testaccdatadogservicelevelobjectivesdatasource_local_1621470439"],"modified_at":1621470442,"type":"metric"}],"error":null}'
    headers:
      Cache-Control:
      - no-cache
      Connection:
      - keep-alive
      Content-Security-Policy:
      - frame-ancestors 'self'; report-uri https://api.datadoghq.com/csp-report
      Content-Type:
      - application/json
      Date:
      - Thu, 20 May 2021 00:27:25 GMT
      Pragma:
      - no-cache
      Strict-Transport-Security:
      - max-age=15724800;
      Vary:
      - Accept-Encoding
      X-Content-Type-Options:
      - nosniff
      X-Dd-Version:
      - "35.4569531"
      X-Frame-Options:
      - SAMEORIGIN
      X-Ratelimit-Limit:
      - "1000"
      X-Ratelimit-Period:
      - "10"
      X-Ratelimit-Remaining:
      - "988"
      X-Ratelimit-Reset:
      - "5"
    status: 200 OK
    code: 200
    duration: ""
- request:
    body: ""
    form: {}
    headers:
      Accept:
      - application/json
      Dd-Operation-Id:
      - ListSLOs
      User-Agent:
      - terraform-provider-datadog/dev (terraform 2.4.4; terraform-cli 0.14.7) datadog-api-client-go/1.0.0-beta.22 (go go1.15.11; os darwin; arch amd64)
    url: https://api.datadoghq.com/api/v1/slo?tags_query=tf_testaccdatadogservicelevelobjectivesdatasource_local_1621470439
    method: GET
  response:
    body: '{"metadata":{"page":{"total_filtered_count":2,"total_count":2}},"data":[{"description":"some description about foo SLO","monitor_tags":[],"creator":{"handle":"frog@datadoghq.com","name":null,"email":"frog@datadoghq.com"},"thresholds":[{"warning":99.8,"warning_display":"99.8","target":99.5,"target_display":"99.5","timeframe":"7d"},{"target":99.0,"target_display":"99.","timeframe":"30d"},{"target":99.0,"target_display":"99.","timeframe":"90d"}],"type_id":1,"query":{"denominator":"sum:my.metric{*}.as_count()","numerator":"sum:tf_testaccdatadogservicelevelobjectivesdatasource_local_1621470439{type:good}.as_count()"},"id":"7210232c7f2f58fe874db9da0471ebec","name":"tf_testaccdatadogservicelevelobjectivesdatasource_local_1621470439","created_at":1621470440,"tags":["tf_testaccdatadogservicelevelobjectivesdatasource_local_1621470439"],"modified_at":1621470440,"type":"metric"},{"description":"some description about foo SLO","monitor_tags":[],"creator":{"handle":"frog@datadoghq.com","name":null,"email":"frog@datadoghq.com"},"thresholds":[{"warning":99.8,"warning_display":"99.8","target":99.5,"target_display":"99.5","timeframe":"7d"},{"target":99.0,"target_display":"99.","timeframe":"30d"},{"target":99.0,"target_display":"99.","timeframe":"90d"}],"type_id":1,"query":{"denominator":"sum:my.metric{*}.as_count()","numerator":"sum:tf_testaccdatadogservicelevelobjectivesdatasource_local_1621470439{type:good}.as_count()"},"id":"d72d3f2cb3bb5eb6aad41ec591baa566","name":"tf_testaccdatadogservicelevelobjectivesdatasource_local_1621470439","created_at":1621470442,"tags":["tf_testaccdatadogservicelevelobjectivesdatasource_local_1621470439"],"modified_at":1621470442,"type":"metric"}],"error":null}'
    headers:
      Cache-Control:
      - no-cache
      Connection:
      - keep-alive
      Content-Security-Policy:
      - frame-ancestors 'self'; report-uri https://api.datadoghq.com/csp-report
      Content-Type:
      - application/json
      Date:
      - Thu, 20 May 2021 00:27:25 GMT
      Pragma:
      - no-cache
      Strict-Transport-Security:
      - max-age=15724800;
      Vary:
      - Accept-Encoding
      X-Content-Type-Options:
      - nosniff
      X-Dd-Version:
      - "35.4569531"
      X-Frame-Options:
      - SAMEORIGIN
      X-Ratelimit-Limit:
      - "1000"
      X-Ratelimit-Period:
      - "10"
      X-Ratelimit-Remaining:
      - "987"
      X-Ratelimit-Reset:
      - "5"
    status: 200 OK
    code: 200
    duration: ""
- request:
    body: ""
    form: {}
    headers:
      Accept:
      - application/json
      Dd-Operation-Id:
      - GetSLO
      User-Agent:
      - terraform-provider-datadog/dev (terraform 2.4.4; terraform-cli 0.14.7) datadog-api-client-go/1.0.0-beta.22 (go go1.15.11; os darwin; arch amd64)
    url: https://api.datadoghq.com/api/v1/slo/d72d3f2cb3bb5eb6aad41ec591baa566
    method: GET
  response:
    body: '{"data":{"description":"some description about foo SLO","monitor_tags":[],"creator":{"handle":"frog@datadoghq.com","name":null,"email":"frog@datadoghq.com"},"thresholds":[{"warning":99.8,"warning_display":"99.8","target":99.5,"target_display":"99.5","timeframe":"7d"},{"target":99.0,"target_display":"99.","timeframe":"30d"},{"target":99.0,"target_display":"99.","timeframe":"90d"}],"type_id":1,"query":{"denominator":"sum:my.metric{*}.as_count()","numerator":"sum:tf_testaccdatadogservicelevelobjectivesdatasource_local_1621470439{type:good}.as_count()"},"id":"d72d3f2cb3bb5eb6aad41ec591baa566","name":"tf_testaccdatadogservicelevelobjectivesdatasource_local_1621470439","created_at":1621470442,"tags":["tf_testaccdatadogservicelevelobjectivesdatasource_local_1621470439"],"modified_at":1621470442,"type":"metric"},"error":null}'
    headers:
      Cache-Control:
      - no-cache
      Connection:
      - keep-alive
      Content-Security-Policy:
      - frame-ancestors 'self'; report-uri https://api.datadoghq.com/csp-report
      Content-Type:
      - application/json
      Date:
      - Thu, 20 May 2021 00:27:26 GMT
      Pragma:
      - no-cache
      Strict-Transport-Security:
      - max-age=15724800;
      Vary:
      - Accept-Encoding
      X-Content-Type-Options:
      - nosniff
      X-Dd-Version:
      - "35.4569531"
      X-Frame-Options:
      - SAMEORIGIN
      X-Ratelimit-Limit:
      - "3000"
      X-Ratelimit-Period:
      - "10"
      X-Ratelimit-Remaining:
      - "2991"
      X-Ratelimit-Reset:
      - "4"
    status: 200 OK
    code: 200
    duration: ""
- request:
    body: ""
    form: {}
    headers:
      Accept:
      - application/json
      Dd-Operation-Id:
      - GetSLO
      User-Agent:
      - terraform-provider-datadog/dev (terraform 2.4.4; terraform-cli 0.14.7) datadog-api-client-go/1.0.0-beta.22 (go go1.15.11; os darwin; arch amd64)
    url: https://api.datadoghq.com/api/v1/slo/7210232c7f2f58fe874db9da0471ebec
    method: GET
  response:
    body: '{"data":{"description":"some description about foo SLO","monitor_tags":[],"creator":{"handle":"frog@datadoghq.com","name":null,"email":"frog@datadoghq.com"},"thresholds":[{"warning":99.8,"warning_display":"99.8","target":99.5,"target_display":"99.5","timeframe":"7d"},{"target":99.0,"target_display":"99.","timeframe":"30d"},{"target":99.0,"target_display":"99.","timeframe":"90d"}],"type_id":1,"query":{"denominator":"sum:my.metric{*}.as_count()","numerator":"sum:tf_testaccdatadogservicelevelobjectivesdatasource_local_1621470439{type:good}.as_count()"},"id":"7210232c7f2f58fe874db9da0471ebec","name":"tf_testaccdatadogservicelevelobjectivesdatasource_local_1621470439","created_at":1621470440,"tags":["tf_testaccdatadogservicelevelobjectivesdatasource_local_1621470439"],"modified_at":1621470440,"type":"metric"},"error":null}'
    headers:
      Cache-Control:
      - no-cache
      Connection:
      - keep-alive
      Content-Security-Policy:
      - frame-ancestors 'self'; report-uri https://api.datadoghq.com/csp-report
      Content-Type:
      - application/json
      Date:
      - Thu, 20 May 2021 00:27:26 GMT
      Pragma:
      - no-cache
      Strict-Transport-Security:
      - max-age=15724800;
      Vary:
      - Accept-Encoding
      X-Content-Type-Options:
      - nosniff
      X-Dd-Version:
      - "35.4569531"
      X-Frame-Options:
      - SAMEORIGIN
      X-Ratelimit-Limit:
      - "3000"
      X-Ratelimit-Period:
      - "10"
      X-Ratelimit-Remaining:
      - "2990"
      X-Ratelimit-Reset:
      - "4"
    status: 200 OK
    code: 200
    duration: ""
- request:
    body: ""
    form: {}
    headers:
      Accept:
      - application/json
      Dd-Operation-Id:
      - ListSLOs
      User-Agent:
      - terraform-provider-datadog/dev (terraform 2.4.4; terraform-cli 0.14.7) datadog-api-client-go/1.0.0-beta.22 (go go1.15.11; os darwin; arch amd64)
    url: https://api.datadoghq.com/api/v1/slo?metrics_query=tf_testaccdatadogservicelevelobjectivesdatasource_local_1621470439
    method: GET
  response:
    body: '{"metadata":{"page":{"total_filtered_count":2,"total_count":2}},"data":[{"description":"some description about foo SLO","monitor_tags":[],"creator":{"handle":"frog@datadoghq.com","name":null,"email":"frog@datadoghq.com"},"thresholds":[{"warning":99.8,"warning_display":"99.8","target":99.5,"target_display":"99.5","timeframe":"7d"},{"target":99.0,"target_display":"99.","timeframe":"30d"},{"target":99.0,"target_display":"99.","timeframe":"90d"}],"type_id":1,"query":{"denominator":"sum:my.metric{*}.as_count()","numerator":"sum:tf_testaccdatadogservicelevelobjectivesdatasource_local_1621470439{type:good}.as_count()"},"id":"7210232c7f2f58fe874db9da0471ebec","name":"tf_testaccdatadogservicelevelobjectivesdatasource_local_1621470439","created_at":1621470440,"tags":["tf_testaccdatadogservicelevelobjectivesdatasource_local_1621470439"],"modified_at":1621470440,"type":"metric"},{"description":"some description about foo SLO","monitor_tags":[],"creator":{"handle":"frog@datadoghq.com","name":null,"email":"frog@datadoghq.com"},"thresholds":[{"warning":99.8,"warning_display":"99.8","target":99.5,"target_display":"99.5","timeframe":"7d"},{"target":99.0,"target_display":"99.","timeframe":"30d"},{"target":99.0,"target_display":"99.","timeframe":"90d"}],"type_id":1,"query":{"denominator":"sum:my.metric{*}.as_count()","numerator":"sum:tf_testaccdatadogservicelevelobjectivesdatasource_local_1621470439{type:good}.as_count()"},"id":"d72d3f2cb3bb5eb6aad41ec591baa566","name":"tf_testaccdatadogservicelevelobjectivesdatasource_local_1621470439","created_at":1621470442,"tags":["tf_testaccdatadogservicelevelobjectivesdatasource_local_1621470439"],"modified_at":1621470442,"type":"metric"}],"error":null}'
    headers:
      Cache-Control:
      - no-cache
      Connection:
      - keep-alive
      Content-Security-Policy:
      - frame-ancestors 'self'; report-uri https://api.datadoghq.com/csp-report
      Content-Type:
      - application/json
      Date:
      - Thu, 20 May 2021 00:27:26 GMT
      Pragma:
      - no-cache
      Strict-Transport-Security:
      - max-age=15724800;
      Vary:
      - Accept-Encoding
      X-Content-Type-Options:
      - nosniff
      X-Dd-Version:
      - "35.4569531"
      X-Frame-Options:
      - SAMEORIGIN
      X-Ratelimit-Limit:
      - "1000"
      X-Ratelimit-Period:
      - "10"
      X-Ratelimit-Remaining:
      - "986"
      X-Ratelimit-Reset:
      - "4"
    status: 200 OK
    code: 200
    duration: ""
- request:
    body: ""
    form: {}
    headers:
      Accept:
      - application/json
      Dd-Operation-Id:
      - ListSLOs
      User-Agent:
      - terraform-provider-datadog/dev (terraform 2.4.4; terraform-cli 0.14.7) datadog-api-client-go/1.0.0-beta.22 (go go1.15.11; os darwin; arch amd64)
    url: https://api.datadoghq.com/api/v1/slo?metrics_query=tf_testaccdatadogservicelevelobjectivesdatasource_local_1621470439
    method: GET
  response:
    body: '{"metadata":{"page":{"total_filtered_count":2,"total_count":2}},"data":[{"description":"some description about foo SLO","monitor_tags":[],"creator":{"handle":"frog@datadoghq.com","name":null,"email":"frog@datadoghq.com"},"thresholds":[{"warning":99.8,"warning_display":"99.8","target":99.5,"target_display":"99.5","timeframe":"7d"},{"target":99.0,"target_display":"99.","timeframe":"30d"},{"target":99.0,"target_display":"99.","timeframe":"90d"}],"type_id":1,"query":{"denominator":"sum:my.metric{*}.as_count()","numerator":"sum:tf_testaccdatadogservicelevelobjectivesdatasource_local_1621470439{type:good}.as_count()"},"id":"7210232c7f2f58fe874db9da0471ebec","name":"tf_testaccdatadogservicelevelobjectivesdatasource_local_1621470439","created_at":1621470440,"tags":["tf_testaccdatadogservicelevelobjectivesdatasource_local_1621470439"],"modified_at":1621470440,"type":"metric"},{"description":"some description about foo SLO","monitor_tags":[],"creator":{"handle":"frog@datadoghq.com","name":null,"email":"frog@datadoghq.com"},"thresholds":[{"warning":99.8,"warning_display":"99.8","target":99.5,"target_display":"99.5","timeframe":"7d"},{"target":99.0,"target_display":"99.","timeframe":"30d"},{"target":99.0,"target_display":"99.","timeframe":"90d"}],"type_id":1,"query":{"denominator":"sum:my.metric{*}.as_count()","numerator":"sum:tf_testaccdatadogservicelevelobjectivesdatasource_local_1621470439{type:good}.as_count()"},"id":"d72d3f2cb3bb5eb6aad41ec591baa566","name":"tf_testaccdatadogservicelevelobjectivesdatasource_local_1621470439","created_at":1621470442,"tags":["tf_testaccdatadogservicelevelobjectivesdatasource_local_1621470439"],"modified_at":1621470442,"type":"metric"}],"error":null}'
    headers:
      Cache-Control:
      - no-cache
      Connection:
      - keep-alive
      Content-Security-Policy:
      - frame-ancestors 'self'; report-uri https://api.datadoghq.com/csp-report
      Content-Type:
      - application/json
      Date:
      - Thu, 20 May 2021 00:27:26 GMT
      Pragma:
      - no-cache
      Strict-Transport-Security:
      - max-age=15724800;
      Vary:
      - Accept-Encoding
      X-Content-Type-Options:
      - nosniff
      X-Dd-Version:
      - "35.4569531"
      X-Frame-Options:
      - SAMEORIGIN
      X-Ratelimit-Limit:
      - "1000"
      X-Ratelimit-Period:
      - "10"
      X-Ratelimit-Remaining:
      - "985"
      X-Ratelimit-Reset:
      - "4"
    status: 200 OK
    code: 200
    duration: ""
- request:
    body: ""
    form: {}
    headers:
      Accept:
      - application/json
      Dd-Operation-Id:
      - ListSLOs
      User-Agent:
      - terraform-provider-datadog/dev (terraform 2.4.4; terraform-cli 0.14.7) datadog-api-client-go/1.0.0-beta.22 (go go1.15.11; os darwin; arch amd64)
    url: https://api.datadoghq.com/api/v1/slo?metrics_query=tf_testaccdatadogservicelevelobjectivesdatasource_local_1621470439
    method: GET
  response:
    body: '{"metadata":{"page":{"total_filtered_count":2,"total_count":2}},"data":[{"description":"some description about foo SLO","monitor_tags":[],"creator":{"handle":"frog@datadoghq.com","name":null,"email":"frog@datadoghq.com"},"thresholds":[{"warning":99.8,"warning_display":"99.8","target":99.5,"target_display":"99.5","timeframe":"7d"},{"target":99.0,"target_display":"99.","timeframe":"30d"},{"target":99.0,"target_display":"99.","timeframe":"90d"}],"type_id":1,"query":{"denominator":"sum:my.metric{*}.as_count()","numerator":"sum:tf_testaccdatadogservicelevelobjectivesdatasource_local_1621470439{type:good}.as_count()"},"id":"7210232c7f2f58fe874db9da0471ebec","name":"tf_testaccdatadogservicelevelobjectivesdatasource_local_1621470439","created_at":1621470440,"tags":["tf_testaccdatadogservicelevelobjectivesdatasource_local_1621470439"],"modified_at":1621470440,"type":"metric"},{"description":"some description about foo SLO","monitor_tags":[],"creator":{"handle":"frog@datadoghq.com","name":null,"email":"frog@datadoghq.com"},"thresholds":[{"warning":99.8,"warning_display":"99.8","target":99.5,"target_display":"99.5","timeframe":"7d"},{"target":99.0,"target_display":"99.","timeframe":"30d"},{"target":99.0,"target_display":"99.","timeframe":"90d"}],"type_id":1,"query":{"denominator":"sum:my.metric{*}.as_count()","numerator":"sum:tf_testaccdatadogservicelevelobjectivesdatasource_local_1621470439{type:good}.as_count()"},"id":"d72d3f2cb3bb5eb6aad41ec591baa566","name":"tf_testaccdatadogservicelevelobjectivesdatasource_local_1621470439","created_at":1621470442,"tags":["tf_testaccdatadogservicelevelobjectivesdatasource_local_1621470439"],"modified_at":1621470442,"type":"metric"}],"error":null}'
    headers:
      Cache-Control:
      - no-cache
      Connection:
      - keep-alive
      Content-Security-Policy:
      - frame-ancestors 'self'; report-uri https://api.datadoghq.com/csp-report
      Content-Type:
      - application/json
      Date:
      - Thu, 20 May 2021 00:27:27 GMT
      Pragma:
      - no-cache
      Strict-Transport-Security:
      - max-age=15724800;
      Vary:
      - Accept-Encoding
      X-Content-Type-Options:
      - nosniff
      X-Dd-Version:
      - "35.4569531"
      X-Frame-Options:
      - SAMEORIGIN
      X-Ratelimit-Limit:
      - "1000"
      X-Ratelimit-Period:
      - "10"
      X-Ratelimit-Remaining:
      - "984"
      X-Ratelimit-Reset:
      - "3"
    status: 200 OK
    code: 200
    duration: ""
- request:
    body: ""
    form: {}
    headers:
      Accept:
      - application/json
      Dd-Operation-Id:
      - GetSLO
      User-Agent:
      - terraform-provider-datadog/dev (terraform 2.4.4; terraform-cli 0.14.7) datadog-api-client-go/1.0.0-beta.22 (go go1.15.11; os darwin; arch amd64)
    url: https://api.datadoghq.com/api/v1/slo/7210232c7f2f58fe874db9da0471ebec
    method: GET
  response:
    body: '{"data":{"description":"some description about foo SLO","monitor_tags":[],"creator":{"handle":"frog@datadoghq.com","name":null,"email":"frog@datadoghq.com"},"thresholds":[{"warning":99.8,"warning_display":"99.8","target":99.5,"target_display":"99.5","timeframe":"7d"},{"target":99.0,"target_display":"99.","timeframe":"30d"},{"target":99.0,"target_display":"99.","timeframe":"90d"}],"type_id":1,"query":{"denominator":"sum:my.metric{*}.as_count()","numerator":"sum:tf_testaccdatadogservicelevelobjectivesdatasource_local_1621470439{type:good}.as_count()"},"id":"7210232c7f2f58fe874db9da0471ebec","name":"tf_testaccdatadogservicelevelobjectivesdatasource_local_1621470439","created_at":1621470440,"tags":["tf_testaccdatadogservicelevelobjectivesdatasource_local_1621470439"],"modified_at":1621470440,"type":"metric"},"error":null}'
    headers:
      Cache-Control:
      - no-cache
      Connection:
      - keep-alive
      Content-Security-Policy:
      - frame-ancestors 'self'; report-uri https://api.datadoghq.com/csp-report
      Content-Type:
      - application/json
      Date:
      - Thu, 20 May 2021 00:27:27 GMT
      Pragma:
      - no-cache
      Strict-Transport-Security:
      - max-age=15724800;
      Vary:
      - Accept-Encoding
      X-Content-Type-Options:
      - nosniff
      X-Dd-Version:
      - "35.4569531"
      X-Frame-Options:
      - SAMEORIGIN
      X-Ratelimit-Limit:
      - "3000"
      X-Ratelimit-Period:
      - "10"
      X-Ratelimit-Remaining:
      - "2989"
      X-Ratelimit-Reset:
      - "3"
    status: 200 OK
    code: 200
    duration: ""
- request:
    body: ""
    form: {}
    headers:
      Accept:
      - application/json
      Dd-Operation-Id:
      - GetSLO
      User-Agent:
      - terraform-provider-datadog/dev (terraform 2.4.4; terraform-cli 0.14.7) datadog-api-client-go/1.0.0-beta.22 (go go1.15.11; os darwin; arch amd64)
    url: https://api.datadoghq.com/api/v1/slo/d72d3f2cb3bb5eb6aad41ec591baa566
    method: GET
  response:
    body: '{"data":{"description":"some description about foo SLO","monitor_tags":[],"creator":{"handle":"frog@datadoghq.com","name":null,"email":"frog@datadoghq.com"},"thresholds":[{"warning":99.8,"warning_display":"99.8","target":99.5,"target_display":"99.5","timeframe":"7d"},{"target":99.0,"target_display":"99.","timeframe":"30d"},{"target":99.0,"target_display":"99.","timeframe":"90d"}],"type_id":1,"query":{"denominator":"sum:my.metric{*}.as_count()","numerator":"sum:tf_testaccdatadogservicelevelobjectivesdatasource_local_1621470439{type:good}.as_count()"},"id":"d72d3f2cb3bb5eb6aad41ec591baa566","name":"tf_testaccdatadogservicelevelobjectivesdatasource_local_1621470439","created_at":1621470442,"tags":["tf_testaccdatadogservicelevelobjectivesdatasource_local_1621470439"],"modified_at":1621470442,"type":"metric"},"error":null}'
    headers:
      Cache-Control:
      - no-cache
      Connection:
      - keep-alive
      Content-Security-Policy:
      - frame-ancestors 'self'; report-uri https://api.datadoghq.com/csp-report
      Content-Type:
      - application/json
      Date:
      - Thu, 20 May 2021 00:27:27 GMT
      Pragma:
      - no-cache
      Strict-Transport-Security:
      - max-age=15724800;
      Vary:
      - Accept-Encoding
      X-Content-Type-Options:
      - nosniff
      X-Dd-Version:
      - "35.4569531"
      X-Frame-Options:
      - SAMEORIGIN
      X-Ratelimit-Limit:
      - "3000"
      X-Ratelimit-Period:
      - "10"
      X-Ratelimit-Remaining:
      - "2988"
      X-Ratelimit-Reset:
      - "3"
    status: 200 OK
    code: 200
    duration: ""
- request:
    body: ""
    form: {}
    headers:
      Accept:
      - application/json
      Dd-Operation-Id:
      - ListSLOs
      User-Agent:
      - terraform-provider-datadog/dev (terraform 2.4.4; terraform-cli 0.14.7) datadog-api-client-go/1.0.0-beta.22 (go go1.15.11; os darwin; arch amd64)
    url: https://api.datadoghq.com/api/v1/slo?metrics_query=tf_testaccdatadogservicelevelobjectivesdatasource_local_1621470439
    method: GET
  response:
    body: '{"metadata":{"page":{"total_filtered_count":2,"total_count":2}},"data":[{"description":"some description about foo SLO","monitor_tags":[],"creator":{"handle":"frog@datadoghq.com","name":null,"email":"frog@datadoghq.com"},"thresholds":[{"warning":99.8,"warning_display":"99.8","target":99.5,"target_display":"99.5","timeframe":"7d"},{"target":99.0,"target_display":"99.","timeframe":"30d"},{"target":99.0,"target_display":"99.","timeframe":"90d"}],"type_id":1,"query":{"denominator":"sum:my.metric{*}.as_count()","numerator":"sum:tf_testaccdatadogservicelevelobjectivesdatasource_local_1621470439{type:good}.as_count()"},"id":"7210232c7f2f58fe874db9da0471ebec","name":"tf_testaccdatadogservicelevelobjectivesdatasource_local_1621470439","created_at":1621470440,"tags":["tf_testaccdatadogservicelevelobjectivesdatasource_local_1621470439"],"modified_at":1621470440,"type":"metric"},{"description":"some description about foo SLO","monitor_tags":[],"creator":{"handle":"frog@datadoghq.com","name":null,"email":"frog@datadoghq.com"},"thresholds":[{"warning":99.8,"warning_display":"99.8","target":99.5,"target_display":"99.5","timeframe":"7d"},{"target":99.0,"target_display":"99.","timeframe":"30d"},{"target":99.0,"target_display":"99.","timeframe":"90d"}],"type_id":1,"query":{"denominator":"sum:my.metric{*}.as_count()","numerator":"sum:tf_testaccdatadogservicelevelobjectivesdatasource_local_1621470439{type:good}.as_count()"},"id":"d72d3f2cb3bb5eb6aad41ec591baa566","name":"tf_testaccdatadogservicelevelobjectivesdatasource_local_1621470439","created_at":1621470442,"tags":["tf_testaccdatadogservicelevelobjectivesdatasource_local_1621470439"],"modified_at":1621470442,"type":"metric"}],"error":null}'
    headers:
      Cache-Control:
      - no-cache
      Connection:
      - keep-alive
      Content-Security-Policy:
      - frame-ancestors 'self'; report-uri https://api.datadoghq.com/csp-report
      Content-Type:
      - application/json
      Date:
      - Thu, 20 May 2021 00:27:27 GMT
      Pragma:
      - no-cache
      Strict-Transport-Security:
      - max-age=15724800;
      Vary:
      - Accept-Encoding
      X-Content-Type-Options:
      - nosniff
      X-Dd-Version:
      - "35.4569531"
      X-Frame-Options:
      - SAMEORIGIN
      X-Ratelimit-Limit:
      - "1000"
      X-Ratelimit-Period:
      - "10"
      X-Ratelimit-Remaining:
      - "983"
      X-Ratelimit-Reset:
      - "3"
    status: 200 OK
    code: 200
    duration: ""
- request:
    body: ""
    form: {}
    headers:
      Accept:
      - application/json
      Dd-Operation-Id:
      - ListSLOs
      User-Agent:
      - terraform-provider-datadog/dev (terraform 2.4.4; terraform-cli 0.14.7) datadog-api-client-go/1.0.0-beta.22 (go go1.15.11; os darwin; arch amd64)
    url: https://api.datadoghq.com/api/v1/slo?metrics_query=tf_testaccdatadogservicelevelobjectivesdatasource_local_1621470439
    method: GET
  response:
    body: '{"metadata":{"page":{"total_filtered_count":2,"total_count":2}},"data":[{"description":"some description about foo SLO","monitor_tags":[],"creator":{"handle":"frog@datadoghq.com","name":null,"email":"frog@datadoghq.com"},"thresholds":[{"warning":99.8,"warning_display":"99.8","target":99.5,"target_display":"99.5","timeframe":"7d"},{"target":99.0,"target_display":"99.","timeframe":"30d"},{"target":99.0,"target_display":"99.","timeframe":"90d"}],"type_id":1,"query":{"denominator":"sum:my.metric{*}.as_count()","numerator":"sum:tf_testaccdatadogservicelevelobjectivesdatasource_local_1621470439{type:good}.as_count()"},"id":"7210232c7f2f58fe874db9da0471ebec","name":"tf_testaccdatadogservicelevelobjectivesdatasource_local_1621470439","created_at":1621470440,"tags":["tf_testaccdatadogservicelevelobjectivesdatasource_local_1621470439"],"modified_at":1621470440,"type":"metric"},{"description":"some description about foo SLO","monitor_tags":[],"creator":{"handle":"frog@datadoghq.com","name":null,"email":"frog@datadoghq.com"},"thresholds":[{"warning":99.8,"warning_display":"99.8","target":99.5,"target_display":"99.5","timeframe":"7d"},{"target":99.0,"target_display":"99.","timeframe":"30d"},{"target":99.0,"target_display":"99.","timeframe":"90d"}],"type_id":1,"query":{"denominator":"sum:my.metric{*}.as_count()","numerator":"sum:tf_testaccdatadogservicelevelobjectivesdatasource_local_1621470439{type:good}.as_count()"},"id":"d72d3f2cb3bb5eb6aad41ec591baa566","name":"tf_testaccdatadogservicelevelobjectivesdatasource_local_1621470439","created_at":1621470442,"tags":["tf_testaccdatadogservicelevelobjectivesdatasource_local_1621470439"],"modified_at":1621470442,"type":"metric"}],"error":null}'
    headers:
      Cache-Control:
      - no-cache
      Connection:
      - keep-alive
      Content-Security-Policy:
      - frame-ancestors 'self'; report-uri https://api.datadoghq.com/csp-report
      Content-Type:
      - application/json
      Date:
      - Thu, 20 May 2021 00:27:27 GMT
      Pragma:
      - no-cache
      Strict-Transport-Security:
      - max-age=15724800;
      Vary:
      - Accept-Encoding
      X-Content-Type-Options:
      - nosniff
      X-Dd-Version:
      - "35.4569531"
      X-Frame-Options:
      - SAMEORIGIN
      X-Ratelimit-Limit:
      - "1000"
      X-Ratelimit-Period:
      - "10"
      X-Ratelimit-Remaining:
      - "982"
      X-Ratelimit-Reset:
      - "3"
    status: 200 OK
    code: 200
    duration: ""
- request:
    body: ""
    form: {}
    headers:
      Accept:
      - application/json
      Dd-Operation-Id:
      - DeleteSLO
      User-Agent:
      - terraform-provider-datadog/dev (terraform 2.4.4; terraform-cli 0.14.7) datadog-api-client-go/1.0.0-beta.22 (go go1.15.11; os darwin; arch amd64)
    url: https://api.datadoghq.com/api/v1/slo/d72d3f2cb3bb5eb6aad41ec591baa566
    method: DELETE
  response:
    body: '{"data":["d72d3f2cb3bb5eb6aad41ec591baa566"],"error":null}'
    headers:
      Cache-Control:
      - no-cache
      Connection:
      - keep-alive
      Content-Security-Policy:
      - frame-ancestors 'self'; report-uri https://api.datadoghq.com/csp-report
      Content-Type:
      - application/json
      Date:
      - Thu, 20 May 2021 00:27:28 GMT
      Pragma:
      - no-cache
      Strict-Transport-Security:
      - max-age=15724800;
      Vary:
      - Accept-Encoding
      X-Content-Type-Options:
      - nosniff
      X-Dd-Version:
      - "35.4569531"
      X-Frame-Options:
      - SAMEORIGIN
      X-Ratelimit-Limit:
      - "3000"
      X-Ratelimit-Period:
      - "10"
      X-Ratelimit-Remaining:
      - "2999"
      X-Ratelimit-Reset:
      - "2"
    status: 200 OK
    code: 200
    duration: ""
- request:
    body: ""
    form: {}
    headers:
      Accept:
      - application/json
      Dd-Operation-Id:
      - DeleteSLO
      User-Agent:
      - terraform-provider-datadog/dev (terraform 2.4.4; terraform-cli 0.14.7) datadog-api-client-go/1.0.0-beta.22 (go go1.15.11; os darwin; arch amd64)
    url: https://api.datadoghq.com/api/v1/slo/7210232c7f2f58fe874db9da0471ebec
    method: DELETE
  response:
    body: '{"data":["7210232c7f2f58fe874db9da0471ebec"],"error":null}'
    headers:
      Cache-Control:
      - no-cache
      Connection:
      - keep-alive
      Content-Security-Policy:
      - frame-ancestors 'self'; report-uri https://api.datadoghq.com/csp-report
      Content-Type:
      - application/json
      Date:
      - Thu, 20 May 2021 00:27:28 GMT
      Pragma:
      - no-cache
      Strict-Transport-Security:
      - max-age=15724800;
      Vary:
      - Accept-Encoding
      X-Content-Type-Options:
      - nosniff
      X-Dd-Version:
      - "35.4569531"
      X-Frame-Options:
      - SAMEORIGIN
      X-Ratelimit-Limit:
      - "3000"
      X-Ratelimit-Period:
      - "10"
      X-Ratelimit-Remaining:
      - "2998"
      X-Ratelimit-Reset:
      - "2"
    status: 200 OK
    code: 200
    duration: ""
- request:
    body: ""
    form: {}
    headers:
      Accept:
      - application/json
      Dd-Operation-Id:
      - GetSLO
      User-Agent:
      - terraform-provider-datadog/dev (terraform 2.4.4; terraform-cli 0.14.7) datadog-api-client-go/1.0.0-beta.22 (go go1.15.11; os darwin; arch amd64)
    url: https://api.datadoghq.com/api/v1/slo/7210232c7f2f58fe874db9da0471ebec
    method: GET
  response:
    body: '{"errors": ["SLO not found: 7210232c7f2f58fe874db9da0471ebec not found"]}'
    headers:
      Cache-Control:
      - no-cache
      Connection:
      - keep-alive
      Content-Security-Policy:
      - frame-ancestors 'self'; report-uri https://api.datadoghq.com/csp-report
      Content-Type:
      - application/json
      Date:
      - Thu, 20 May 2021 00:27:28 GMT
      Pragma:
      - no-cache
      Strict-Transport-Security:
      - max-age=15724800;
      Vary:
      - Accept-Encoding
      X-Content-Type-Options:
      - nosniff
      X-Dd-Version:
      - "35.4569531"
      X-Frame-Options:
      - SAMEORIGIN
      X-Ratelimit-Limit:
      - "3000"
      X-Ratelimit-Period:
      - "10"
      X-Ratelimit-Remaining:
      - "2987"
      X-Ratelimit-Reset:
      - "2"
    status: 404 Not Found
    code: 404
    duration: ""
