---
version: 1
interactions:
- request:
    body: |
      {"description":"Created using the Datadog provider in Terraform","id":"","is_read_only":true,"layout_type":"ordered","notify_list":[],"tags":["team:foobar"],"template_variable_presets":[{"name":"preset_1","template_variables":[{"name":"var_1","value":"var_1_value"},{"name":"var_2","value":"var_2_value"}]},{"name":"preset_2","template_variables":[{"name":"var_1","value":"var_1_value"}]},{"name":"preset_3","template_variables":[]}],"template_variables":[{"default":"aws","name":"var_1","prefix":"host"},{"default":"autoscaling","name":"var_2","prefix":"service_name"}],"title":"tf-TestAccDatadogDashboard_import-local-1684768948","widgets":[{"definition":{"alert_id":"895605","time":{"live_span":"1h"},"title":"Widget Title","type":"alert_graph","viz_type":"timeseries"}},{"definition":{"alert_id":"895605","precision":3,"text_align":"center","title":"Widget Title","type":"alert_value","unit":"b"}},{"definition":{"requests":[{"change_type":"absolute","compare_to":"week_before","increase_good":true,"order_by":"name","order_dir":"desc","q":"avg:system.load.1{env:staging} by {account}","show_present":true}],"time":{"live_span":"1h"},"title":"Widget Title","type":"change"}},{"definition":{"requests":[{"q":"avg:system.load.1{env:staging} by {account}","style":{"palette":"warm"}}],"show_legend":false,"time":{"live_span":"1h"},"title":"Widget Title","type":"distribution"}},{"definition":{"check":"aws.ecs.agent_connected","group_by":["account","cluster"],"grouping":"cluster","tags":["account:demo","cluster:awseb-ruthebdog-env-8-dn3m6u3gvk"],"time":{"live_span":"1h"},"title":"Widget Title","type":"check_status"}},{"definition":{"requests":[{"q":"avg:system.load.1{env:staging} by {account}","style":{"palette":"warm"}}],"show_legend":false,"time":{"live_span":"1h"},"title":"Widget Title","type":"heatmap","yaxis":{"include_zero":true,"max":"2","min":"1","scale":"sqrt"}}},{"definition":{"group":["host","region"],"no_group_hosts":true,"no_metric_hosts":true,"node_type":"container","requests":{"fill":{"q":"avg:system.load.1{*} by {host}"},"size":{"q":"avg:memcache.uptime{*} by {host}"}},"scope":["region:us-east-1","aws_account:727006795293"],"style":{"fill_max":"20","fill_min":"10","palette":"yellow_to_green","palette_flip":true},"title":"Widget Title","type":"hostmap"}},{"definition":{"background_color":"pink","content":"note text","font_size":"14","has_padding":true,"show_tick":true,"text_align":"center","tick_edge":"left","tick_pos":"50%","type":"note"}},{"definition":{"autoscale":true,"custom_unit":"xx","precision":4,"requests":[{"aggregator":"sum","conditional_formats":[{"comparator":"\u003c","hide_value":false,"metric":"system.load.1","palette":"white_on_green","value":2},{"comparator":"\u003e","hide_value":false,"metric":"system.load.1","palette":"white_on_red","value":2.2}],"q":"avg:system.load.1{env:staging} by {account}"}],"text_align":"right","time":{"live_span":"1h"},"title":"Widget Title","type":"query_value"}},{"definition":{"color_by_groups":["account","apm-role-group"],"requests":{"x":{"aggregator":"max","q":"avg:system.cpu.user{*} by {service, account}"},"y":{"aggregator":"min","q":"avg:system.mem.used{*} by {service, account}"}},"time":{"live_span":"1h"},"title":"Widget Title","type":"scatterplot","xaxis":{"include_zero":true,"label":"x","max":"2000","min":"1","scale":"pow"},"yaxis":{"include_zero":false,"label":"y","max":"2222","min":"5","scale":"log"}}},{"definition":{"events":[{"q":"sources:test tags:1"},{"q":"sources:test tags:2"}],"legend_size":"2","markers":[{"display_type":"error dashed","label":" z=6 ","value":"y=4"},{"display_type":"ok solid","label":" x=8 ","value":"10 \u003c y \u003c 999"}],"requests":[{"display_type":"line","metadata":[{"alias_name":"Alpha","expression":"avg:system.cpu.user{app:general} by {env}"}],"on_right_yaxis":false,"q":"avg:system.cpu.user{app:general} by {env}","style":{"line_type":"dashed","line_width":"thin","palette":"warm"}},{"display_type":"area","log_query":{"compute":{"aggregation":"count","facet":"@duration","interval":5000},"group_by":[{"facet":"host","limit":10,"sort":{"aggregation":"avg","facet":"@duration","order":"desc"}}],"index":"mcnulty","search":{"query":"status:info"}},"on_right_yaxis":false},{"apm_query":{"compute":{"aggregation":"count","facet":"@duration","interval":5000},"group_by":[{"facet":"resource_name","limit":50,"sort":{"aggregation":"avg","facet":"@string_query.interval","order":"desc"}}],"index":"apm-search","search":{"query":"type:web"}},"display_type":"bars","on_right_yaxis":false},{"display_type":"area","on_right_yaxis":false,"process_query":{"filter_by":["active"],"limit":50,"metric":"process.stat.cpu.total_pct","search_by":"error"}},{"display_type":"bars","on_right_yaxis":false,"security_query":{"compute":{"aggregation":"count"},"group_by":[{"facet":"status"}],"index":"signal","search":{"query":"status:(high OR critical)"}}},{"display_type":"bars","on_right_yaxis":false,"rum_query":{"compute":{"aggregation":"count"},"group_by":[{"facet":"service"}],"index":"rum","search":{"query":"status:info"}}},{"audit_query":{"compute":{"aggregation":"count"},"group_by":[{"facet":"@metadata.api_key.id","limit":10,"sort":{"aggregation":"count","order":"desc"}}],"index":"*","search":{"query":""}},"display_type":"line","on_right_yaxis":false}],"show_legend":true,"time":{"live_span":"1h"},"title":"Widget Title","type":"timeseries","yaxis":{"include_zero":false,"max":"100","scale":"log"}}},{"definition":{"requests":[{"conditional_formats":[{"comparator":"\u003c","hide_value":false,"palette":"white_on_green","value":2},{"comparator":"\u003e","hide_value":false,"palette":"white_on_red","value":2.2}],"q":"avg:system.cpu.user{app:general} by {env}"}],"title":"Widget Title","type":"toplist"}},{"definition":{"layout_type":"ordered","show_title":true,"title":"Group Widget","type":"group","widgets":[{"definition":{"background_color":"yellow","content":"cluster note widget","font_size":"16","has_padding":true,"show_tick":false,"text_align":"left","tick_edge":"left","tick_pos":"50%","type":"note"}},{"definition":{"alert_id":"123","time":{"live_span":"1h"},"title":"Alert Graph","type":"alert_graph","viz_type":"toplist"}}]}},{"definition":{"show_error_budget":true,"slo_id":"56789","time_windows":["7d","previous_week"],"title":"Widget Title","type":"slo","view_mode":"overall","view_type":"detail"}},{"definition":{"requests":[{"aggregator":"sum","conditional_formats":[{"comparator":"\u003c","hide_value":false,"palette":"white_on_green","value":2},{"comparator":"\u003e","hide_value":false,"palette":"white_on_red","value":2.2}],"limit":10,"q":"avg:system.load.1{env:staging} by {account}"}],"time":{"live_span":"1h"},"title":"Widget Title","type":"query_table"}},{"definition":{"requests":[{"apm_stats_query":{"columns":[{"name":"Hits"}],"env":"staging","name":"bar","primary_tag":"datacenter:*","row_type":"resource","service":"foo"}}],"type":"query_table"}}]}
    form: {}
    headers:
      Accept:
      - application/json
      Content-Type:
      - application/json
    url: https://api.datadoghq.com/api/v1/dashboard
    method: POST
  response:
    body: |
      {"id":"y23-kd4-kqv","title":"tf-TestAccDatadogDashboard_import-local-1684768948","description":"Created using the Datadog provider in Terraform","author_handle":"frog@datadoghq.com","author_name":null,"layout_type":"ordered","url":"/dashboard/y23-kd4-kqv/tf-testaccdatadogdashboardimport-local-1684768948","is_read_only":true,"template_variables":[{"default":"aws","name":"var_1","prefix":"host"},{"default":"autoscaling","name":"var_2","prefix":"service_name"}],"widgets":[{"definition":{"alert_id":"895605","time":{"live_span":"1h"},"title":"Widget Title","type":"alert_graph","viz_type":"timeseries"},"id":288574494435562},{"definition":{"alert_id":"895605","precision":3,"text_align":"center","title":"Widget Title","type":"alert_value","unit":"b"},"id":1491751980929233},{"definition":{"requests":[{"change_type":"absolute","compare_to":"week_before","increase_good":true,"order_by":"name","order_dir":"desc","q":"avg:system.load.1{env:staging} by {account}","show_present":true}],"time":{"live_span":"1h"},"title":"Widget Title","type":"change"},"id":641901403407684},{"definition":{"requests":[{"q":"avg:system.load.1{env:staging} by {account}","style":{"palette":"warm"}}],"show_legend":false,"time":{"live_span":"1h"},"title":"Widget Title","type":"distribution"},"id":4035281994242800},{"definition":{"check":"aws.ecs.agent_connected","group_by":["account","cluster"],"grouping":"cluster","tags":["account:demo","cluster:awseb-ruthebdog-env-8-dn3m6u3gvk"],"time":{"live_span":"1h"},"title":"Widget Title","type":"check_status"},"id":7345930034150235},{"definition":{"requests":[{"q":"avg:system.load.1{env:staging} by {account}","style":{"palette":"warm"}}],"show_legend":false,"time":{"live_span":"1h"},"title":"Widget Title","type":"heatmap","yaxis":{"include_zero":true,"max":"2","min":"1","scale":"sqrt"}},"id":4320684356304954},{"definition":{"group":["host","region"],"no_group_hosts":true,"no_metric_hosts":true,"node_type":"container","requests":{"fill":{"q":"avg:system.load.1{*} by {host}"},"size":{"q":"avg:memcache.uptime{*} by {host}"}},"scope":["region:us-east-1","aws_account:727006795293"],"style":{"fill_max":"20","fill_min":"10","palette":"yellow_to_green","palette_flip":true},"title":"Widget Title","type":"hostmap"},"id":4643688061333912},{"definition":{"background_color":"pink","content":"note text","font_size":"14","has_padding":true,"show_tick":true,"text_align":"center","tick_edge":"left","tick_pos":"50%","type":"note"},"id":870267833850583},{"definition":{"autoscale":true,"custom_unit":"xx","precision":4,"requests":[{"aggregator":"sum","conditional_formats":[{"comparator":"<","hide_value":false,"metric":"system.load.1","palette":"white_on_green","value":2},{"comparator":">","hide_value":false,"metric":"system.load.1","palette":"white_on_red","value":2.2}],"q":"avg:system.load.1{env:staging} by {account}"}],"text_align":"right","time":{"live_span":"1h"},"title":"Widget Title","type":"query_value"},"id":1244529671764834},{"definition":{"color_by_groups":["account","apm-role-group"],"requests":{"x":{"aggregator":"max","q":"avg:system.cpu.user{*} by {service, account}"},"y":{"aggregator":"min","q":"avg:system.mem.used{*} by {service, account}"}},"time":{"live_span":"1h"},"title":"Widget Title","type":"scatterplot","xaxis":{"include_zero":true,"label":"x","max":"2000","min":"1","scale":"pow"},"yaxis":{"include_zero":false,"label":"y","max":"2222","min":"5","scale":"log"}},"id":3238600840914243},{"definition":{"events":[{"q":"sources:test tags:1"},{"q":"sources:test tags:2"}],"legend_size":"2","markers":[{"display_type":"error dashed","label":" z=6 ","value":"y=4"},{"display_type":"ok solid","label":" x=8 ","value":"10 < y < 999"}],"requests":[{"display_type":"line","metadata":[{"alias_name":"Alpha","expression":"avg:system.cpu.user{app:general} by {env}"}],"on_right_yaxis":false,"q":"avg:system.cpu.user{app:general} by {env}","style":{"line_type":"dashed","line_width":"thin","palette":"warm"}},{"display_type":"area","log_query":{"compute":{"aggregation":"count","facet":"@duration","interval":5000},"group_by":[{"facet":"host","limit":10,"sort":{"aggregation":"avg","facet":"@duration","order":"desc"}}],"index":"mcnulty","search":{"query":"status:info"}},"on_right_yaxis":false},{"apm_query":{"compute":{"aggregation":"count","facet":"@duration","interval":5000},"group_by":[{"facet":"resource_name","limit":50,"sort":{"aggregation":"avg","facet":"@string_query.interval","order":"desc"}}],"index":"apm-search","search":{"query":"type:web"}},"display_type":"bars","on_right_yaxis":false},{"display_type":"area","on_right_yaxis":false,"process_query":{"filter_by":["active"],"limit":50,"metric":"process.stat.cpu.total_pct","search_by":"error"}},{"display_type":"bars","on_right_yaxis":false,"security_query":{"compute":{"aggregation":"count"},"group_by":[{"facet":"status"}],"index":"signal","search":{"query":"status:(high OR critical)"}}},{"display_type":"bars","on_right_yaxis":false,"rum_query":{"compute":{"aggregation":"count"},"group_by":[{"facet":"service"}],"index":"rum","search":{"query":"status:info"}}},{"audit_query":{"compute":{"aggregation":"count"},"group_by":[{"facet":"@metadata.api_key.id","limit":10,"sort":{"aggregation":"count","order":"desc"}}],"index":"*","search":{"query":""}},"display_type":"line","on_right_yaxis":false}],"show_legend":true,"time":{"live_span":"1h"},"title":"Widget Title","type":"timeseries","yaxis":{"include_zero":false,"max":"100","scale":"log"}},"id":1140433250049444},{"definition":{"requests":[{"conditional_formats":[{"comparator":"<","hide_value":false,"palette":"white_on_green","value":2},{"comparator":">","hide_value":false,"palette":"white_on_red","value":2.2}],"q":"avg:system.cpu.user{app:general} by {env}"}],"title":"Widget Title","type":"toplist"},"id":4099709265576675},{"definition":{"layout_type":"ordered","show_title":true,"title":"Group Widget","type":"group","widgets":[{"definition":{"background_color":"yellow","content":"cluster note widget","font_size":"16","has_padding":true,"show_tick":false,"text_align":"left","tick_edge":"left","tick_pos":"50%","type":"note"},"id":5924011906906489},{"definition":{"alert_id":"123","time":{"live_span":"1h"},"title":"Alert Graph","type":"alert_graph","viz_type":"toplist"},"id":7687903043259562}]},"id":2125269906077715},{"definition":{"show_error_budget":true,"slo_id":"56789","time_windows":["7d","previous_week"],"title":"Widget Title","type":"slo","view_mode":"overall","view_type":"detail"},"id":3040911662746110},{"definition":{"requests":[{"aggregator":"sum","conditional_formats":[{"comparator":"<","hide_value":false,"palette":"white_on_green","value":2},{"comparator":">","hide_value":false,"palette":"white_on_red","value":2.2}],"limit":10,"q":"avg:system.load.1{env:staging} by {account}"}],"time":{"live_span":"1h"},"title":"Widget Title","type":"query_table"},"id":2034425082303376},{"definition":{"requests":[{"apm_stats_query":{"columns":[{"name":"Hits"}],"env":"staging","name":"bar","primary_tag":"datacenter:*","row_type":"resource","service":"foo"}}],"type":"query_table"},"id":8087361660094602}],"notify_list":[],"created_at":"2023-05-22T15:22:31.659420+00:00","modified_at":"2023-05-22T15:22:31.659420+00:00","template_variable_presets":[{"name":"preset_1","template_variables":[{"name":"var_1","value":"var_1_value"},{"name":"var_2","value":"var_2_value"}]},{"name":"preset_2","template_variables":[{"name":"var_1","value":"var_1_value"}]},{"name":"preset_3","template_variables":[]}],"tags":["team:foobar"]}
    headers:
      Content-Type:
      - application/json
    status: 200 OK
    code: 200
    duration: ""
- request:
    body: ""
    form: {}
    headers:
      Accept:
      - application/json
    url: https://api.datadoghq.com/api/v1/dashboard/y23-kd4-kqv
    method: GET
  response:
    body: |
      {"id":"y23-kd4-kqv","title":"tf-TestAccDatadogDashboard_import-local-1684768948","description":"Created using the Datadog provider in Terraform","author_handle":"frog@datadoghq.com","author_name":null,"layout_type":"ordered","url":"/dashboard/y23-kd4-kqv/tf-testaccdatadogdashboardimport-local-1684768948","is_read_only":true,"template_variables":[{"default":"aws","name":"var_1","prefix":"host"},{"default":"autoscaling","name":"var_2","prefix":"service_name"}],"widgets":[{"definition":{"alert_id":"895605","time":{"live_span":"1h"},"title":"Widget Title","type":"alert_graph","viz_type":"timeseries"},"id":288574494435562},{"definition":{"alert_id":"895605","precision":3,"text_align":"center","title":"Widget Title","type":"alert_value","unit":"b"},"id":1491751980929233},{"definition":{"requests":[{"change_type":"absolute","compare_to":"week_before","increase_good":true,"order_by":"name","order_dir":"desc","q":"avg:system.load.1{env:staging} by {account}","show_present":true}],"time":{"live_span":"1h"},"title":"Widget Title","type":"change"},"id":641901403407684},{"definition":{"requests":[{"q":"avg:system.load.1{env:staging} by {account}","style":{"palette":"warm"}}],"show_legend":false,"time":{"live_span":"1h"},"title":"Widget Title","type":"distribution"},"id":4035281994242800},{"definition":{"check":"aws.ecs.agent_connected","group_by":["account","cluster"],"grouping":"cluster","tags":["account:demo","cluster:awseb-ruthebdog-env-8-dn3m6u3gvk"],"time":{"live_span":"1h"},"title":"Widget Title","type":"check_status"},"id":7345930034150235},{"definition":{"requests":[{"q":"avg:system.load.1{env:staging} by {account}","style":{"palette":"warm"}}],"show_legend":false,"time":{"live_span":"1h"},"title":"Widget Title","type":"heatmap","yaxis":{"include_zero":true,"max":"2","min":"1","scale":"sqrt"}},"id":4320684356304954},{"definition":{"group":["host","region"],"no_group_hosts":true,"no_metric_hosts":true,"node_type":"container","requests":{"fill":{"q":"avg:system.load.1{*} by {host}"},"size":{"q":"avg:memcache.uptime{*} by {host}"}},"scope":["region:us-east-1","aws_account:727006795293"],"style":{"fill_max":"20","fill_min":"10","palette":"yellow_to_green","palette_flip":true},"title":"Widget Title","type":"hostmap"},"id":4643688061333912},{"definition":{"background_color":"pink","content":"note text","font_size":"14","has_padding":true,"show_tick":true,"text_align":"center","tick_edge":"left","tick_pos":"50%","type":"note"},"id":870267833850583},{"definition":{"autoscale":true,"custom_unit":"xx","precision":4,"requests":[{"aggregator":"sum","conditional_formats":[{"comparator":"<","hide_value":false,"metric":"system.load.1","palette":"white_on_green","value":2},{"comparator":">","hide_value":false,"metric":"system.load.1","palette":"white_on_red","value":2.2}],"q":"avg:system.load.1{env:staging} by {account}"}],"text_align":"right","time":{"live_span":"1h"},"title":"Widget Title","type":"query_value"},"id":1244529671764834},{"definition":{"color_by_groups":["account","apm-role-group"],"requests":{"x":{"aggregator":"max","q":"avg:system.cpu.user{*} by {service, account}"},"y":{"aggregator":"min","q":"avg:system.mem.used{*} by {service, account}"}},"time":{"live_span":"1h"},"title":"Widget Title","type":"scatterplot","xaxis":{"include_zero":true,"label":"x","max":"2000","min":"1","scale":"pow"},"yaxis":{"include_zero":false,"label":"y","max":"2222","min":"5","scale":"log"}},"id":3238600840914243},{"definition":{"events":[{"q":"sources:test tags:1"},{"q":"sources:test tags:2"}],"legend_size":"2","markers":[{"display_type":"error dashed","label":" z=6 ","value":"y=4"},{"display_type":"ok solid","label":" x=8 ","value":"10 < y < 999"}],"requests":[{"display_type":"line","metadata":[{"alias_name":"Alpha","expression":"avg:system.cpu.user{app:general} by {env}"}],"on_right_yaxis":false,"q":"avg:system.cpu.user{app:general} by {env}","style":{"line_type":"dashed","line_width":"thin","palette":"warm"}},{"display_type":"area","log_query":{"compute":{"aggregation":"count","facet":"@duration","interval":5000},"group_by":[{"facet":"host","limit":10,"sort":{"aggregation":"avg","facet":"@duration","order":"desc"}}],"index":"mcnulty","search":{"query":"status:info"}},"on_right_yaxis":false},{"apm_query":{"compute":{"aggregation":"count","facet":"@duration","interval":5000},"group_by":[{"facet":"resource_name","limit":50,"sort":{"aggregation":"avg","facet":"@string_query.interval","order":"desc"}}],"index":"apm-search","search":{"query":"type:web"}},"display_type":"bars","on_right_yaxis":false},{"display_type":"area","on_right_yaxis":false,"process_query":{"filter_by":["active"],"limit":50,"metric":"process.stat.cpu.total_pct","search_by":"error"}},{"display_type":"bars","on_right_yaxis":false,"security_query":{"compute":{"aggregation":"count"},"group_by":[{"facet":"status"}],"index":"signal","search":{"query":"status:(high OR critical)"}}},{"display_type":"bars","on_right_yaxis":false,"rum_query":{"compute":{"aggregation":"count"},"group_by":[{"facet":"service"}],"index":"rum","search":{"query":"status:info"}}},{"audit_query":{"compute":{"aggregation":"count"},"group_by":[{"facet":"@metadata.api_key.id","limit":10,"sort":{"aggregation":"count","order":"desc"}}],"index":"*","search":{"query":""}},"display_type":"line","on_right_yaxis":false}],"show_legend":true,"time":{"live_span":"1h"},"title":"Widget Title","type":"timeseries","yaxis":{"include_zero":false,"max":"100","scale":"log"}},"id":1140433250049444},{"definition":{"requests":[{"conditional_formats":[{"comparator":"<","hide_value":false,"palette":"white_on_green","value":2},{"comparator":">","hide_value":false,"palette":"white_on_red","value":2.2}],"q":"avg:system.cpu.user{app:general} by {env}"}],"title":"Widget Title","type":"toplist"},"id":4099709265576675},{"definition":{"layout_type":"ordered","show_title":true,"title":"Group Widget","type":"group","widgets":[{"definition":{"background_color":"yellow","content":"cluster note widget","font_size":"16","has_padding":true,"show_tick":false,"text_align":"left","tick_edge":"left","tick_pos":"50%","type":"note"},"id":5924011906906489},{"definition":{"alert_id":"123","time":{"live_span":"1h"},"title":"Alert Graph","type":"alert_graph","viz_type":"toplist"},"id":7687903043259562}]},"id":2125269906077715},{"definition":{"show_error_budget":true,"slo_id":"56789","time_windows":["7d","previous_week"],"title":"Widget Title","type":"slo","view_mode":"overall","view_type":"detail"},"id":3040911662746110},{"definition":{"requests":[{"aggregator":"sum","conditional_formats":[{"comparator":"<","hide_value":false,"palette":"white_on_green","value":2},{"comparator":">","hide_value":false,"palette":"white_on_red","value":2.2}],"limit":10,"q":"avg:system.load.1{env:staging} by {account}"}],"time":{"live_span":"1h"},"title":"Widget Title","type":"query_table"},"id":2034425082303376},{"definition":{"requests":[{"apm_stats_query":{"columns":[{"name":"Hits"}],"env":"staging","name":"bar","primary_tag":"datacenter:*","row_type":"resource","service":"foo"}}],"type":"query_table"},"id":8087361660094602}],"notify_list":[],"created_at":"2023-05-22T15:22:31.659420+00:00","modified_at":"2023-05-22T15:22:31.659420+00:00","template_variable_presets":[{"name":"preset_1","template_variables":[{"name":"var_1","value":"var_1_value"},{"name":"var_2","value":"var_2_value"}]},{"name":"preset_2","template_variables":[{"name":"var_1","value":"var_1_value"}]},{"name":"preset_3","template_variables":[]}],"tags":["team:foobar"]}
    headers:
      Content-Type:
      - application/json
    status: 200 OK
    code: 200
    duration: ""
- request:
    body: ""
    form: {}
    headers:
      Accept:
      - application/json
    url: https://api.datadoghq.com/api/v1/dashboard/y23-kd4-kqv
    method: GET
  response:
    body: |
      {"id":"y23-kd4-kqv","title":"tf-TestAccDatadogDashboard_import-local-1684768948","description":"Created using the Datadog provider in Terraform","author_handle":"frog@datadoghq.com","author_name":null,"layout_type":"ordered","url":"/dashboard/y23-kd4-kqv/tf-testaccdatadogdashboardimport-local-1684768948","is_read_only":true,"template_variables":[{"default":"aws","name":"var_1","prefix":"host"},{"default":"autoscaling","name":"var_2","prefix":"service_name"}],"widgets":[{"definition":{"alert_id":"895605","time":{"live_span":"1h"},"title":"Widget Title","type":"alert_graph","viz_type":"timeseries"},"id":288574494435562},{"definition":{"alert_id":"895605","precision":3,"text_align":"center","title":"Widget Title","type":"alert_value","unit":"b"},"id":1491751980929233},{"definition":{"requests":[{"change_type":"absolute","compare_to":"week_before","increase_good":true,"order_by":"name","order_dir":"desc","q":"avg:system.load.1{env:staging} by {account}","show_present":true}],"time":{"live_span":"1h"},"title":"Widget Title","type":"change"},"id":641901403407684},{"definition":{"requests":[{"q":"avg:system.load.1{env:staging} by {account}","style":{"palette":"warm"}}],"show_legend":false,"time":{"live_span":"1h"},"title":"Widget Title","type":"distribution"},"id":4035281994242800},{"definition":{"check":"aws.ecs.agent_connected","group_by":["account","cluster"],"grouping":"cluster","tags":["account:demo","cluster:awseb-ruthebdog-env-8-dn3m6u3gvk"],"time":{"live_span":"1h"},"title":"Widget Title","type":"check_status"},"id":7345930034150235},{"definition":{"requests":[{"q":"avg:system.load.1{env:staging} by {account}","style":{"palette":"warm"}}],"show_legend":false,"time":{"live_span":"1h"},"title":"Widget Title","type":"heatmap","yaxis":{"include_zero":true,"max":"2","min":"1","scale":"sqrt"}},"id":4320684356304954},{"definition":{"group":["host","region"],"no_group_hosts":true,"no_metric_hosts":true,"node_type":"container","requests":{"fill":{"q":"avg:system.load.1{*} by {host}"},"size":{"q":"avg:memcache.uptime{*} by {host}"}},"scope":["region:us-east-1","aws_account:727006795293"],"style":{"fill_max":"20","fill_min":"10","palette":"yellow_to_green","palette_flip":true},"title":"Widget Title","type":"hostmap"},"id":4643688061333912},{"definition":{"background_color":"pink","content":"note text","font_size":"14","has_padding":true,"show_tick":true,"text_align":"center","tick_edge":"left","tick_pos":"50%","type":"note"},"id":870267833850583},{"definition":{"autoscale":true,"custom_unit":"xx","precision":4,"requests":[{"aggregator":"sum","conditional_formats":[{"comparator":"<","hide_value":false,"metric":"system.load.1","palette":"white_on_green","value":2},{"comparator":">","hide_value":false,"metric":"system.load.1","palette":"white_on_red","value":2.2}],"q":"avg:system.load.1{env:staging} by {account}"}],"text_align":"right","time":{"live_span":"1h"},"title":"Widget Title","type":"query_value"},"id":1244529671764834},{"definition":{"color_by_groups":["account","apm-role-group"],"requests":{"x":{"aggregator":"max","q":"avg:system.cpu.user{*} by {service, account}"},"y":{"aggregator":"min","q":"avg:system.mem.used{*} by {service, account}"}},"time":{"live_span":"1h"},"title":"Widget Title","type":"scatterplot","xaxis":{"include_zero":true,"label":"x","max":"2000","min":"1","scale":"pow"},"yaxis":{"include_zero":false,"label":"y","max":"2222","min":"5","scale":"log"}},"id":3238600840914243},{"definition":{"events":[{"q":"sources:test tags:1"},{"q":"sources:test tags:2"}],"legend_size":"2","markers":[{"display_type":"error dashed","label":" z=6 ","value":"y=4"},{"display_type":"ok solid","label":" x=8 ","value":"10 < y < 999"}],"requests":[{"display_type":"line","metadata":[{"alias_name":"Alpha","expression":"avg:system.cpu.user{app:general} by {env}"}],"on_right_yaxis":false,"q":"avg:system.cpu.user{app:general} by {env}","style":{"line_type":"dashed","line_width":"thin","palette":"warm"}},{"display_type":"area","log_query":{"compute":{"aggregation":"count","facet":"@duration","interval":5000},"group_by":[{"facet":"host","limit":10,"sort":{"aggregation":"avg","facet":"@duration","order":"desc"}}],"index":"mcnulty","search":{"query":"status:info"}},"on_right_yaxis":false},{"apm_query":{"compute":{"aggregation":"count","facet":"@duration","interval":5000},"group_by":[{"facet":"resource_name","limit":50,"sort":{"aggregation":"avg","facet":"@string_query.interval","order":"desc"}}],"index":"apm-search","search":{"query":"type:web"}},"display_type":"bars","on_right_yaxis":false},{"display_type":"area","on_right_yaxis":false,"process_query":{"filter_by":["active"],"limit":50,"metric":"process.stat.cpu.total_pct","search_by":"error"}},{"display_type":"bars","on_right_yaxis":false,"security_query":{"compute":{"aggregation":"count"},"group_by":[{"facet":"status"}],"index":"signal","search":{"query":"status:(high OR critical)"}}},{"display_type":"bars","on_right_yaxis":false,"rum_query":{"compute":{"aggregation":"count"},"group_by":[{"facet":"service"}],"index":"rum","search":{"query":"status:info"}}},{"audit_query":{"compute":{"aggregation":"count"},"group_by":[{"facet":"@metadata.api_key.id","limit":10,"sort":{"aggregation":"count","order":"desc"}}],"index":"*","search":{"query":""}},"display_type":"line","on_right_yaxis":false}],"show_legend":true,"time":{"live_span":"1h"},"title":"Widget Title","type":"timeseries","yaxis":{"include_zero":false,"max":"100","scale":"log"}},"id":1140433250049444},{"definition":{"requests":[{"conditional_formats":[{"comparator":"<","hide_value":false,"palette":"white_on_green","value":2},{"comparator":">","hide_value":false,"palette":"white_on_red","value":2.2}],"q":"avg:system.cpu.user{app:general} by {env}"}],"title":"Widget Title","type":"toplist"},"id":4099709265576675},{"definition":{"layout_type":"ordered","show_title":true,"title":"Group Widget","type":"group","widgets":[{"definition":{"background_color":"yellow","content":"cluster note widget","font_size":"16","has_padding":true,"show_tick":false,"text_align":"left","tick_edge":"left","tick_pos":"50%","type":"note"},"id":5924011906906489},{"definition":{"alert_id":"123","time":{"live_span":"1h"},"title":"Alert Graph","type":"alert_graph","viz_type":"toplist"},"id":7687903043259562}]},"id":2125269906077715},{"definition":{"show_error_budget":true,"slo_id":"56789","time_windows":["7d","previous_week"],"title":"Widget Title","type":"slo","view_mode":"overall","view_type":"detail"},"id":3040911662746110},{"definition":{"requests":[{"aggregator":"sum","conditional_formats":[{"comparator":"<","hide_value":false,"palette":"white_on_green","value":2},{"comparator":">","hide_value":false,"palette":"white_on_red","value":2.2}],"limit":10,"q":"avg:system.load.1{env:staging} by {account}"}],"time":{"live_span":"1h"},"title":"Widget Title","type":"query_table"},"id":2034425082303376},{"definition":{"requests":[{"apm_stats_query":{"columns":[{"name":"Hits"}],"env":"staging","name":"bar","primary_tag":"datacenter:*","row_type":"resource","service":"foo"}}],"type":"query_table"},"id":8087361660094602}],"notify_list":[],"created_at":"2023-05-22T15:22:31.659420+00:00","modified_at":"2023-05-22T15:22:31.659420+00:00","template_variable_presets":[{"name":"preset_1","template_variables":[{"name":"var_1","value":"var_1_value"},{"name":"var_2","value":"var_2_value"}]},{"name":"preset_2","template_variables":[{"name":"var_1","value":"var_1_value"}]},{"name":"preset_3","template_variables":[]}],"tags":["team:foobar"]}
    headers:
      Content-Type:
      - application/json
    status: 200 OK
    code: 200
    duration: ""
- request:
    body: ""
    form: {}
    headers:
      Accept:
      - application/json
    url: https://api.datadoghq.com/api/v1/dashboard/y23-kd4-kqv
    method: GET
  response:
    body: |
      {"id":"y23-kd4-kqv","title":"tf-TestAccDatadogDashboard_import-local-1684768948","description":"Created using the Datadog provider in Terraform","author_handle":"frog@datadoghq.com","author_name":null,"layout_type":"ordered","url":"/dashboard/y23-kd4-kqv/tf-testaccdatadogdashboardimport-local-1684768948","is_read_only":true,"template_variables":[{"default":"aws","name":"var_1","prefix":"host"},{"default":"autoscaling","name":"var_2","prefix":"service_name"}],"widgets":[{"definition":{"alert_id":"895605","time":{"live_span":"1h"},"title":"Widget Title","type":"alert_graph","viz_type":"timeseries"},"id":288574494435562},{"definition":{"alert_id":"895605","precision":3,"text_align":"center","title":"Widget Title","type":"alert_value","unit":"b"},"id":1491751980929233},{"definition":{"requests":[{"change_type":"absolute","compare_to":"week_before","increase_good":true,"order_by":"name","order_dir":"desc","q":"avg:system.load.1{env:staging} by {account}","show_present":true}],"time":{"live_span":"1h"},"title":"Widget Title","type":"change"},"id":641901403407684},{"definition":{"requests":[{"q":"avg:system.load.1{env:staging} by {account}","style":{"palette":"warm"}}],"show_legend":false,"time":{"live_span":"1h"},"title":"Widget Title","type":"distribution"},"id":4035281994242800},{"definition":{"check":"aws.ecs.agent_connected","group_by":["account","cluster"],"grouping":"cluster","tags":["account:demo","cluster:awseb-ruthebdog-env-8-dn3m6u3gvk"],"time":{"live_span":"1h"},"title":"Widget Title","type":"check_status"},"id":7345930034150235},{"definition":{"requests":[{"q":"avg:system.load.1{env:staging} by {account}","style":{"palette":"warm"}}],"show_legend":false,"time":{"live_span":"1h"},"title":"Widget Title","type":"heatmap","yaxis":{"include_zero":true,"max":"2","min":"1","scale":"sqrt"}},"id":4320684356304954},{"definition":{"group":["host","region"],"no_group_hosts":true,"no_metric_hosts":true,"node_type":"container","requests":{"fill":{"q":"avg:system.load.1{*} by {host}"},"size":{"q":"avg:memcache.uptime{*} by {host}"}},"scope":["region:us-east-1","aws_account:727006795293"],"style":{"fill_max":"20","fill_min":"10","palette":"yellow_to_green","palette_flip":true},"title":"Widget Title","type":"hostmap"},"id":4643688061333912},{"definition":{"background_color":"pink","content":"note text","font_size":"14","has_padding":true,"show_tick":true,"text_align":"center","tick_edge":"left","tick_pos":"50%","type":"note"},"id":870267833850583},{"definition":{"autoscale":true,"custom_unit":"xx","precision":4,"requests":[{"aggregator":"sum","conditional_formats":[{"comparator":"<","hide_value":false,"metric":"system.load.1","palette":"white_on_green","value":2},{"comparator":">","hide_value":false,"metric":"system.load.1","palette":"white_on_red","value":2.2}],"q":"avg:system.load.1{env:staging} by {account}"}],"text_align":"right","time":{"live_span":"1h"},"title":"Widget Title","type":"query_value"},"id":1244529671764834},{"definition":{"color_by_groups":["account","apm-role-group"],"requests":{"x":{"aggregator":"max","q":"avg:system.cpu.user{*} by {service, account}"},"y":{"aggregator":"min","q":"avg:system.mem.used{*} by {service, account}"}},"time":{"live_span":"1h"},"title":"Widget Title","type":"scatterplot","xaxis":{"include_zero":true,"label":"x","max":"2000","min":"1","scale":"pow"},"yaxis":{"include_zero":false,"label":"y","max":"2222","min":"5","scale":"log"}},"id":3238600840914243},{"definition":{"events":[{"q":"sources:test tags:1"},{"q":"sources:test tags:2"}],"legend_size":"2","markers":[{"display_type":"error dashed","label":" z=6 ","value":"y=4"},{"display_type":"ok solid","label":" x=8 ","value":"10 < y < 999"}],"requests":[{"display_type":"line","metadata":[{"alias_name":"Alpha","expression":"avg:system.cpu.user{app:general} by {env}"}],"on_right_yaxis":false,"q":"avg:system.cpu.user{app:general} by {env}","style":{"line_type":"dashed","line_width":"thin","palette":"warm"}},{"display_type":"area","log_query":{"compute":{"aggregation":"count","facet":"@duration","interval":5000},"group_by":[{"facet":"host","limit":10,"sort":{"aggregation":"avg","facet":"@duration","order":"desc"}}],"index":"mcnulty","search":{"query":"status:info"}},"on_right_yaxis":false},{"apm_query":{"compute":{"aggregation":"count","facet":"@duration","interval":5000},"group_by":[{"facet":"resource_name","limit":50,"sort":{"aggregation":"avg","facet":"@string_query.interval","order":"desc"}}],"index":"apm-search","search":{"query":"type:web"}},"display_type":"bars","on_right_yaxis":false},{"display_type":"area","on_right_yaxis":false,"process_query":{"filter_by":["active"],"limit":50,"metric":"process.stat.cpu.total_pct","search_by":"error"}},{"display_type":"bars","on_right_yaxis":false,"security_query":{"compute":{"aggregation":"count"},"group_by":[{"facet":"status"}],"index":"signal","search":{"query":"status:(high OR critical)"}}},{"display_type":"bars","on_right_yaxis":false,"rum_query":{"compute":{"aggregation":"count"},"group_by":[{"facet":"service"}],"index":"rum","search":{"query":"status:info"}}},{"audit_query":{"compute":{"aggregation":"count"},"group_by":[{"facet":"@metadata.api_key.id","limit":10,"sort":{"aggregation":"count","order":"desc"}}],"index":"*","search":{"query":""}},"display_type":"line","on_right_yaxis":false}],"show_legend":true,"time":{"live_span":"1h"},"title":"Widget Title","type":"timeseries","yaxis":{"include_zero":false,"max":"100","scale":"log"}},"id":1140433250049444},{"definition":{"requests":[{"conditional_formats":[{"comparator":"<","hide_value":false,"palette":"white_on_green","value":2},{"comparator":">","hide_value":false,"palette":"white_on_red","value":2.2}],"q":"avg:system.cpu.user{app:general} by {env}"}],"title":"Widget Title","type":"toplist"},"id":4099709265576675},{"definition":{"layout_type":"ordered","show_title":true,"title":"Group Widget","type":"group","widgets":[{"definition":{"background_color":"yellow","content":"cluster note widget","font_size":"16","has_padding":true,"show_tick":false,"text_align":"left","tick_edge":"left","tick_pos":"50%","type":"note"},"id":5924011906906489},{"definition":{"alert_id":"123","time":{"live_span":"1h"},"title":"Alert Graph","type":"alert_graph","viz_type":"toplist"},"id":7687903043259562}]},"id":2125269906077715},{"definition":{"show_error_budget":true,"slo_id":"56789","time_windows":["7d","previous_week"],"title":"Widget Title","type":"slo","view_mode":"overall","view_type":"detail"},"id":3040911662746110},{"definition":{"requests":[{"aggregator":"sum","conditional_formats":[{"comparator":"<","hide_value":false,"palette":"white_on_green","value":2},{"comparator":">","hide_value":false,"palette":"white_on_red","value":2.2}],"limit":10,"q":"avg:system.load.1{env:staging} by {account}"}],"time":{"live_span":"1h"},"title":"Widget Title","type":"query_table"},"id":2034425082303376},{"definition":{"requests":[{"apm_stats_query":{"columns":[{"name":"Hits"}],"env":"staging","name":"bar","primary_tag":"datacenter:*","row_type":"resource","service":"foo"}}],"type":"query_table"},"id":8087361660094602}],"notify_list":[],"created_at":"2023-05-22T15:22:31.659420+00:00","modified_at":"2023-05-22T15:22:31.659420+00:00","template_variable_presets":[{"name":"preset_1","template_variables":[{"name":"var_1","value":"var_1_value"},{"name":"var_2","value":"var_2_value"}]},{"name":"preset_2","template_variables":[{"name":"var_1","value":"var_1_value"}]},{"name":"preset_3","template_variables":[]}],"tags":["team:foobar"]}
    headers:
      Content-Type:
      - application/json
    status: 200 OK
    code: 200
    duration: ""
- request:
    body: ""
    form: {}
    headers:
      Accept:
      - application/json
    url: https://api.datadoghq.com/api/v1/dashboard/y23-kd4-kqv
    method: GET
  response:
    body: |
      {"id":"y23-kd4-kqv","title":"tf-TestAccDatadogDashboard_import-local-1684768948","description":"Created using the Datadog provider in Terraform","author_handle":"frog@datadoghq.com","author_name":null,"layout_type":"ordered","url":"/dashboard/y23-kd4-kqv/tf-testaccdatadogdashboardimport-local-1684768948","is_read_only":true,"template_variables":[{"default":"aws","name":"var_1","prefix":"host"},{"default":"autoscaling","name":"var_2","prefix":"service_name"}],"widgets":[{"definition":{"alert_id":"895605","time":{"live_span":"1h"},"title":"Widget Title","type":"alert_graph","viz_type":"timeseries"},"id":288574494435562},{"definition":{"alert_id":"895605","precision":3,"text_align":"center","title":"Widget Title","type":"alert_value","unit":"b"},"id":1491751980929233},{"definition":{"requests":[{"change_type":"absolute","compare_to":"week_before","increase_good":true,"order_by":"name","order_dir":"desc","q":"avg:system.load.1{env:staging} by {account}","show_present":true}],"time":{"live_span":"1h"},"title":"Widget Title","type":"change"},"id":641901403407684},{"definition":{"requests":[{"q":"avg:system.load.1{env:staging} by {account}","style":{"palette":"warm"}}],"show_legend":false,"time":{"live_span":"1h"},"title":"Widget Title","type":"distribution"},"id":4035281994242800},{"definition":{"check":"aws.ecs.agent_connected","group_by":["account","cluster"],"grouping":"cluster","tags":["account:demo","cluster:awseb-ruthebdog-env-8-dn3m6u3gvk"],"time":{"live_span":"1h"},"title":"Widget Title","type":"check_status"},"id":7345930034150235},{"definition":{"requests":[{"q":"avg:system.load.1{env:staging} by {account}","style":{"palette":"warm"}}],"show_legend":false,"time":{"live_span":"1h"},"title":"Widget Title","type":"heatmap","yaxis":{"include_zero":true,"max":"2","min":"1","scale":"sqrt"}},"id":4320684356304954},{"definition":{"group":["host","region"],"no_group_hosts":true,"no_metric_hosts":true,"node_type":"container","requests":{"fill":{"q":"avg:system.load.1{*} by {host}"},"size":{"q":"avg:memcache.uptime{*} by {host}"}},"scope":["region:us-east-1","aws_account:727006795293"],"style":{"fill_max":"20","fill_min":"10","palette":"yellow_to_green","palette_flip":true},"title":"Widget Title","type":"hostmap"},"id":4643688061333912},{"definition":{"background_color":"pink","content":"note text","font_size":"14","has_padding":true,"show_tick":true,"text_align":"center","tick_edge":"left","tick_pos":"50%","type":"note"},"id":870267833850583},{"definition":{"autoscale":true,"custom_unit":"xx","precision":4,"requests":[{"aggregator":"sum","conditional_formats":[{"comparator":"<","hide_value":false,"metric":"system.load.1","palette":"white_on_green","value":2},{"comparator":">","hide_value":false,"metric":"system.load.1","palette":"white_on_red","value":2.2}],"q":"avg:system.load.1{env:staging} by {account}"}],"text_align":"right","time":{"live_span":"1h"},"title":"Widget Title","type":"query_value"},"id":1244529671764834},{"definition":{"color_by_groups":["account","apm-role-group"],"requests":{"x":{"aggregator":"max","q":"avg:system.cpu.user{*} by {service, account}"},"y":{"aggregator":"min","q":"avg:system.mem.used{*} by {service, account}"}},"time":{"live_span":"1h"},"title":"Widget Title","type":"scatterplot","xaxis":{"include_zero":true,"label":"x","max":"2000","min":"1","scale":"pow"},"yaxis":{"include_zero":false,"label":"y","max":"2222","min":"5","scale":"log"}},"id":3238600840914243},{"definition":{"events":[{"q":"sources:test tags:1"},{"q":"sources:test tags:2"}],"legend_size":"2","markers":[{"display_type":"error dashed","label":" z=6 ","value":"y=4"},{"display_type":"ok solid","label":" x=8 ","value":"10 < y < 999"}],"requests":[{"display_type":"line","metadata":[{"alias_name":"Alpha","expression":"avg:system.cpu.user{app:general} by {env}"}],"on_right_yaxis":false,"q":"avg:system.cpu.user{app:general} by {env}","style":{"line_type":"dashed","line_width":"thin","palette":"warm"}},{"display_type":"area","log_query":{"compute":{"aggregation":"count","facet":"@duration","interval":5000},"group_by":[{"facet":"host","limit":10,"sort":{"aggregation":"avg","facet":"@duration","order":"desc"}}],"index":"mcnulty","search":{"query":"status:info"}},"on_right_yaxis":false},{"apm_query":{"compute":{"aggregation":"count","facet":"@duration","interval":5000},"group_by":[{"facet":"resource_name","limit":50,"sort":{"aggregation":"avg","facet":"@string_query.interval","order":"desc"}}],"index":"apm-search","search":{"query":"type:web"}},"display_type":"bars","on_right_yaxis":false},{"display_type":"area","on_right_yaxis":false,"process_query":{"filter_by":["active"],"limit":50,"metric":"process.stat.cpu.total_pct","search_by":"error"}},{"display_type":"bars","on_right_yaxis":false,"security_query":{"compute":{"aggregation":"count"},"group_by":[{"facet":"status"}],"index":"signal","search":{"query":"status:(high OR critical)"}}},{"display_type":"bars","on_right_yaxis":false,"rum_query":{"compute":{"aggregation":"count"},"group_by":[{"facet":"service"}],"index":"rum","search":{"query":"status:info"}}},{"audit_query":{"compute":{"aggregation":"count"},"group_by":[{"facet":"@metadata.api_key.id","limit":10,"sort":{"aggregation":"count","order":"desc"}}],"index":"*","search":{"query":""}},"display_type":"line","on_right_yaxis":false}],"show_legend":true,"time":{"live_span":"1h"},"title":"Widget Title","type":"timeseries","yaxis":{"include_zero":false,"max":"100","scale":"log"}},"id":1140433250049444},{"definition":{"requests":[{"conditional_formats":[{"comparator":"<","hide_value":false,"palette":"white_on_green","value":2},{"comparator":">","hide_value":false,"palette":"white_on_red","value":2.2}],"q":"avg:system.cpu.user{app:general} by {env}"}],"title":"Widget Title","type":"toplist"},"id":4099709265576675},{"definition":{"layout_type":"ordered","show_title":true,"title":"Group Widget","type":"group","widgets":[{"definition":{"background_color":"yellow","content":"cluster note widget","font_size":"16","has_padding":true,"show_tick":false,"text_align":"left","tick_edge":"left","tick_pos":"50%","type":"note"},"id":5924011906906489},{"definition":{"alert_id":"123","time":{"live_span":"1h"},"title":"Alert Graph","type":"alert_graph","viz_type":"toplist"},"id":7687903043259562}]},"id":2125269906077715},{"definition":{"show_error_budget":true,"slo_id":"56789","time_windows":["7d","previous_week"],"title":"Widget Title","type":"slo","view_mode":"overall","view_type":"detail"},"id":3040911662746110},{"definition":{"requests":[{"aggregator":"sum","conditional_formats":[{"comparator":"<","hide_value":false,"palette":"white_on_green","value":2},{"comparator":">","hide_value":false,"palette":"white_on_red","value":2.2}],"limit":10,"q":"avg:system.load.1{env:staging} by {account}"}],"time":{"live_span":"1h"},"title":"Widget Title","type":"query_table"},"id":2034425082303376},{"definition":{"requests":[{"apm_stats_query":{"columns":[{"name":"Hits"}],"env":"staging","name":"bar","primary_tag":"datacenter:*","row_type":"resource","service":"foo"}}],"type":"query_table"},"id":8087361660094602}],"notify_list":[],"created_at":"2023-05-22T15:22:31.659420+00:00","modified_at":"2023-05-22T15:22:31.659420+00:00","template_variable_presets":[{"name":"preset_1","template_variables":[{"name":"var_1","value":"var_1_value"},{"name":"var_2","value":"var_2_value"}]},{"name":"preset_2","template_variables":[{"name":"var_1","value":"var_1_value"}]},{"name":"preset_3","template_variables":[]}],"tags":["team:foobar"]}
    headers:
      Content-Type:
      - application/json
    status: 200 OK
    code: 200
    duration: ""
- request:
    body: ""
    form: {}
    headers:
      Accept:
      - application/json
    url: https://api.datadoghq.com/api/v1/dashboard/y23-kd4-kqv
    method: DELETE
  response:
    body: |
      {"deleted_dashboard_id":"y23-kd4-kqv"}
    headers:
      Content-Type:
      - application/json
    status: 200 OK
    code: 200
    duration: ""
- request:
    body: |
      {"description":"Created using the Datadog provider in Terraform","id":"","layout_type":"free","notify_list":[],"tags":["team:foobar"],"template_variable_presets":[{"name":"preset_1","template_variables":[{"name":"var_1","value":"var_1_value"},{"name":"var_2","value":"var_2_value"}]},{"name":"preset_2","template_variables":[{"name":"var_1","value":"var_1_value"}]},{"name":"preset_3","template_variables":[]}],"template_variables":[{"default":"aws","name":"var_1","prefix":"host"},{"default":"autoscaling","name":"var_2","prefix":"service_name"}],"title":"tf-TestAccDatadogDashboard_import-local-1684768948","widgets":[{"definition":{"event_size":"l","query":"*","show_year":false,"time":{"live_span":"1h"},"title":"Widget Title","title_align":"left","title_size":"16","type":"event_stream"},"layout":{"height":43,"width":32,"x":5,"y":5}},{"definition":{"query":"*","time":{"live_span":"1h"},"title":"Widget Title","title_align":"left","title_size":"16","type":"event_timeline"},"layout":{"height":9,"width":65,"x":42,"y":73}},{"definition":{"color":"#d00","font_size":"88","text":"free text content","text_align":"left","type":"free_text"},"layout":{"height":20,"width":30,"x":42,"y":5}},{"definition":{"type":"iframe","url":"http://google.com"},"layout":{"height":46,"width":39,"x":111,"y":8}},{"definition":{"has_background":true,"has_border":true,"margin":"small","sizing":"fit","type":"image","url":"https://images.pexels.com/photos/67636/rose-blue-flower-rose-blooms-67636.jpeg?auto=compress\u0026cs=tinysrgb\u0026h=350"},"layout":{"height":20,"width":30,"x":77,"y":7}},{"definition":{"columns":["core_host","core_service","tag_source"],"indexes":["main"],"message_display":"expanded-md","query":"error","show_date_column":true,"show_message_column":true,"sort":{"column":"time","order":"desc"},"type":"log_stream"},"layout":{"height":36,"width":32,"x":5,"y":51}},{"definition":{"color_preference":"text","display_format":"countsAndList","hide_zero_counts":true,"query":"type:metric","show_last_triggered":true,"show_priority":false,"sort":"status,asc","summary_type":"monitors","title":"Widget Title","title_align":"left","title_size":"16","type":"manage_status"},"layout":{"height":40,"width":30,"x":112,"y":55}},{"definition":{"display_format":"three_column","env":"datadog.com","service":"alerting-cassandra","show_breakdown":true,"show_distribution":true,"show_errors":true,"show_hits":true,"show_latency":false,"show_resource_list":false,"size_format":"large","span_name":"cassandra.query","time":{"live_span":"1h"},"title":"alerting-cassandra #env:datadog.com","title_align":"center","title_size":"13","type":"trace_service"},"layout":{"height":38,"width":67,"x":40,"y":28}}]}
    form: {}
    headers:
      Accept:
      - application/json
      Content-Type:
      - application/json
    url: https://api.datadoghq.com/api/v1/dashboard
    method: POST
  response:
    body: |
      {"id":"j3q-9w9-d9h","title":"tf-TestAccDatadogDashboard_import-local-1684768948","description":"Created using the Datadog provider in Terraform","author_handle":"frog@datadoghq.com","author_name":null,"layout_type":"free","url":"/dashboard/j3q-9w9-d9h/tf-testaccdatadogdashboardimport-local-1684768948","is_read_only":false,"template_variables":[{"default":"aws","name":"var_1","prefix":"host"},{"default":"autoscaling","name":"var_2","prefix":"service_name"}],"widgets":[{"definition":{"event_size":"l","query":"*","show_year":false,"time":{"live_span":"1h"},"title":"Widget Title","title_align":"left","title_size":"16","type":"event_stream"},"layout":{"height":43,"width":32,"x":5,"y":5},"id":1431294713467663},{"definition":{"query":"*","time":{"live_span":"1h"},"title":"Widget Title","title_align":"left","title_size":"16","type":"event_timeline"},"layout":{"height":9,"width":65,"x":42,"y":73},"id":2010715124259362},{"definition":{"color":"#d00","font_size":"88","text":"free text content","text_align":"left","type":"free_text"},"layout":{"height":20,"width":30,"x":42,"y":5},"id":7723030012370978},{"definition":{"type":"iframe","url":"http://google.com"},"layout":{"height":46,"width":39,"x":111,"y":8},"id":4592116961990432},{"definition":{"has_background":true,"has_border":true,"margin":"small","sizing":"fit","type":"image","url":"https://images.pexels.com/photos/67636/rose-blue-flower-rose-blooms-67636.jpeg?auto=compress&cs=tinysrgb&h=350"},"layout":{"height":20,"width":30,"x":77,"y":7},"id":4200581208770225},{"definition":{"columns":["core_host","core_service","tag_source"],"indexes":["main"],"message_display":"expanded-md","query":"error","show_date_column":true,"show_message_column":true,"sort":{"column":"time","order":"desc"},"type":"log_stream"},"layout":{"height":36,"width":32,"x":5,"y":51},"id":3055180436819019},{"definition":{"color_preference":"text","display_format":"countsAndList","hide_zero_counts":true,"query":"type:metric","show_last_triggered":true,"show_priority":false,"sort":"status,asc","summary_type":"monitors","title":"Widget Title","title_align":"left","title_size":"16","type":"manage_status"},"layout":{"height":40,"width":30,"x":112,"y":55},"id":8483356206435757},{"definition":{"display_format":"three_column","env":"datadog.com","service":"alerting-cassandra","show_breakdown":true,"show_distribution":true,"show_errors":true,"show_hits":true,"show_latency":false,"show_resource_list":false,"size_format":"large","span_name":"cassandra.query","time":{"live_span":"1h"},"title":"alerting-cassandra #env:datadog.com","title_align":"center","title_size":"13","type":"trace_service"},"layout":{"height":38,"width":67,"x":40,"y":28},"id":6536325263025323}],"notify_list":[],"created_at":"2023-05-22T15:22:36.851557+00:00","modified_at":"2023-05-22T15:22:36.851557+00:00","template_variable_presets":[{"name":"preset_1","template_variables":[{"name":"var_1","value":"var_1_value"},{"name":"var_2","value":"var_2_value"}]},{"name":"preset_2","template_variables":[{"name":"var_1","value":"var_1_value"}]},{"name":"preset_3","template_variables":[]}],"tags":["team:foobar"]}
    headers:
      Content-Type:
      - application/json
    status: 200 OK
    code: 200
    duration: ""
- request:
    body: ""
    form: {}
    headers:
      Accept:
      - application/json
    url: https://api.datadoghq.com/api/v1/dashboard/j3q-9w9-d9h
    method: GET
  response:
    body: |
      {"id":"j3q-9w9-d9h","title":"tf-TestAccDatadogDashboard_import-local-1684768948","description":"Created using the Datadog provider in Terraform","author_handle":"frog@datadoghq.com","author_name":null,"layout_type":"free","url":"/dashboard/j3q-9w9-d9h/tf-testaccdatadogdashboardimport-local-1684768948","is_read_only":false,"template_variables":[{"default":"aws","name":"var_1","prefix":"host"},{"default":"autoscaling","name":"var_2","prefix":"service_name"}],"widgets":[{"definition":{"event_size":"l","query":"*","show_year":false,"time":{"live_span":"1h"},"title":"Widget Title","title_align":"left","title_size":"16","type":"event_stream"},"layout":{"height":43,"width":32,"x":5,"y":5},"id":1431294713467663},{"definition":{"query":"*","time":{"live_span":"1h"},"title":"Widget Title","title_align":"left","title_size":"16","type":"event_timeline"},"layout":{"height":9,"width":65,"x":42,"y":73},"id":2010715124259362},{"definition":{"color":"#d00","font_size":"88","text":"free text content","text_align":"left","type":"free_text"},"layout":{"height":20,"width":30,"x":42,"y":5},"id":7723030012370978},{"definition":{"type":"iframe","url":"http://google.com"},"layout":{"height":46,"width":39,"x":111,"y":8},"id":4592116961990432},{"definition":{"has_background":true,"has_border":true,"margin":"small","sizing":"fit","type":"image","url":"https://images.pexels.com/photos/67636/rose-blue-flower-rose-blooms-67636.jpeg?auto=compress&cs=tinysrgb&h=350"},"layout":{"height":20,"width":30,"x":77,"y":7},"id":4200581208770225},{"definition":{"columns":["core_host","core_service","tag_source"],"indexes":["main"],"message_display":"expanded-md","query":"error","show_date_column":true,"show_message_column":true,"sort":{"column":"time","order":"desc"},"type":"log_stream"},"layout":{"height":36,"width":32,"x":5,"y":51},"id":3055180436819019},{"definition":{"color_preference":"text","display_format":"countsAndList","hide_zero_counts":true,"query":"type:metric","show_last_triggered":true,"show_priority":false,"sort":"status,asc","summary_type":"monitors","title":"Widget Title","title_align":"left","title_size":"16","type":"manage_status"},"layout":{"height":40,"width":30,"x":112,"y":55},"id":8483356206435757},{"definition":{"display_format":"three_column","env":"datadog.com","service":"alerting-cassandra","show_breakdown":true,"show_distribution":true,"show_errors":true,"show_hits":true,"show_latency":false,"show_resource_list":false,"size_format":"large","span_name":"cassandra.query","time":{"live_span":"1h"},"title":"alerting-cassandra #env:datadog.com","title_align":"center","title_size":"13","type":"trace_service"},"layout":{"height":38,"width":67,"x":40,"y":28},"id":6536325263025323}],"notify_list":[],"created_at":"2023-05-22T15:22:36.851557+00:00","modified_at":"2023-05-22T15:22:36.851557+00:00","template_variable_presets":[{"name":"preset_1","template_variables":[{"name":"var_1","value":"var_1_value"},{"name":"var_2","value":"var_2_value"}]},{"name":"preset_2","template_variables":[{"name":"var_1","value":"var_1_value"}]},{"name":"preset_3","template_variables":[]}],"tags":["team:foobar"]}
    headers:
      Content-Type:
      - application/json
    status: 200 OK
    code: 200
    duration: ""
- request:
    body: ""
    form: {}
    headers:
      Accept:
      - application/json
    url: https://api.datadoghq.com/api/v1/dashboard/j3q-9w9-d9h
    method: GET
  response:
    body: |
      {"id":"j3q-9w9-d9h","title":"tf-TestAccDatadogDashboard_import-local-1684768948","description":"Created using the Datadog provider in Terraform","author_handle":"frog@datadoghq.com","author_name":null,"layout_type":"free","url":"/dashboard/j3q-9w9-d9h/tf-testaccdatadogdashboardimport-local-1684768948","is_read_only":false,"template_variables":[{"default":"aws","name":"var_1","prefix":"host"},{"default":"autoscaling","name":"var_2","prefix":"service_name"}],"widgets":[{"definition":{"event_size":"l","query":"*","show_year":false,"time":{"live_span":"1h"},"title":"Widget Title","title_align":"left","title_size":"16","type":"event_stream"},"layout":{"height":43,"width":32,"x":5,"y":5},"id":1431294713467663},{"definition":{"query":"*","time":{"live_span":"1h"},"title":"Widget Title","title_align":"left","title_size":"16","type":"event_timeline"},"layout":{"height":9,"width":65,"x":42,"y":73},"id":2010715124259362},{"definition":{"color":"#d00","font_size":"88","text":"free text content","text_align":"left","type":"free_text"},"layout":{"height":20,"width":30,"x":42,"y":5},"id":7723030012370978},{"definition":{"type":"iframe","url":"http://google.com"},"layout":{"height":46,"width":39,"x":111,"y":8},"id":4592116961990432},{"definition":{"has_background":true,"has_border":true,"margin":"small","sizing":"fit","type":"image","url":"https://images.pexels.com/photos/67636/rose-blue-flower-rose-blooms-67636.jpeg?auto=compress&cs=tinysrgb&h=350"},"layout":{"height":20,"width":30,"x":77,"y":7},"id":4200581208770225},{"definition":{"columns":["core_host","core_service","tag_source"],"indexes":["main"],"message_display":"expanded-md","query":"error","show_date_column":true,"show_message_column":true,"sort":{"column":"time","order":"desc"},"type":"log_stream"},"layout":{"height":36,"width":32,"x":5,"y":51},"id":3055180436819019},{"definition":{"color_preference":"text","display_format":"countsAndList","hide_zero_counts":true,"query":"type:metric","show_last_triggered":true,"show_priority":false,"sort":"status,asc","summary_type":"monitors","title":"Widget Title","title_align":"left","title_size":"16","type":"manage_status"},"layout":{"height":40,"width":30,"x":112,"y":55},"id":8483356206435757},{"definition":{"display_format":"three_column","env":"datadog.com","service":"alerting-cassandra","show_breakdown":true,"show_distribution":true,"show_errors":true,"show_hits":true,"show_latency":false,"show_resource_list":false,"size_format":"large","span_name":"cassandra.query","time":{"live_span":"1h"},"title":"alerting-cassandra #env:datadog.com","title_align":"center","title_size":"13","type":"trace_service"},"layout":{"height":38,"width":67,"x":40,"y":28},"id":6536325263025323}],"notify_list":[],"created_at":"2023-05-22T15:22:36.851557+00:00","modified_at":"2023-05-22T15:22:36.851557+00:00","template_variable_presets":[{"name":"preset_1","template_variables":[{"name":"var_1","value":"var_1_value"},{"name":"var_2","value":"var_2_value"}]},{"name":"preset_2","template_variables":[{"name":"var_1","value":"var_1_value"}]},{"name":"preset_3","template_variables":[]}],"tags":["team:foobar"]}
    headers:
      Content-Type:
      - application/json
    status: 200 OK
    code: 200
    duration: ""
- request:
    body: ""
    form: {}
    headers:
      Accept:
      - application/json
    url: https://api.datadoghq.com/api/v1/dashboard/j3q-9w9-d9h
    method: GET
  response:
    body: |
      {"id":"j3q-9w9-d9h","title":"tf-TestAccDatadogDashboard_import-local-1684768948","description":"Created using the Datadog provider in Terraform","author_handle":"frog@datadoghq.com","author_name":null,"layout_type":"free","url":"/dashboard/j3q-9w9-d9h/tf-testaccdatadogdashboardimport-local-1684768948","is_read_only":false,"template_variables":[{"default":"aws","name":"var_1","prefix":"host"},{"default":"autoscaling","name":"var_2","prefix":"service_name"}],"widgets":[{"definition":{"event_size":"l","query":"*","show_year":false,"time":{"live_span":"1h"},"title":"Widget Title","title_align":"left","title_size":"16","type":"event_stream"},"layout":{"height":43,"width":32,"x":5,"y":5},"id":1431294713467663},{"definition":{"query":"*","time":{"live_span":"1h"},"title":"Widget Title","title_align":"left","title_size":"16","type":"event_timeline"},"layout":{"height":9,"width":65,"x":42,"y":73},"id":2010715124259362},{"definition":{"color":"#d00","font_size":"88","text":"free text content","text_align":"left","type":"free_text"},"layout":{"height":20,"width":30,"x":42,"y":5},"id":7723030012370978},{"definition":{"type":"iframe","url":"http://google.com"},"layout":{"height":46,"width":39,"x":111,"y":8},"id":4592116961990432},{"definition":{"has_background":true,"has_border":true,"margin":"small","sizing":"fit","type":"image","url":"https://images.pexels.com/photos/67636/rose-blue-flower-rose-blooms-67636.jpeg?auto=compress&cs=tinysrgb&h=350"},"layout":{"height":20,"width":30,"x":77,"y":7},"id":4200581208770225},{"definition":{"columns":["core_host","core_service","tag_source"],"indexes":["main"],"message_display":"expanded-md","query":"error","show_date_column":true,"show_message_column":true,"sort":{"column":"time","order":"desc"},"type":"log_stream"},"layout":{"height":36,"width":32,"x":5,"y":51},"id":3055180436819019},{"definition":{"color_preference":"text","display_format":"countsAndList","hide_zero_counts":true,"query":"type:metric","show_last_triggered":true,"show_priority":false,"sort":"status,asc","summary_type":"monitors","title":"Widget Title","title_align":"left","title_size":"16","type":"manage_status"},"layout":{"height":40,"width":30,"x":112,"y":55},"id":8483356206435757},{"definition":{"display_format":"three_column","env":"datadog.com","service":"alerting-cassandra","show_breakdown":true,"show_distribution":true,"show_errors":true,"show_hits":true,"show_latency":false,"show_resource_list":false,"size_format":"large","span_name":"cassandra.query","time":{"live_span":"1h"},"title":"alerting-cassandra #env:datadog.com","title_align":"center","title_size":"13","type":"trace_service"},"layout":{"height":38,"width":67,"x":40,"y":28},"id":6536325263025323}],"notify_list":[],"created_at":"2023-05-22T15:22:36.851557+00:00","modified_at":"2023-05-22T15:22:36.851557+00:00","template_variable_presets":[{"name":"preset_1","template_variables":[{"name":"var_1","value":"var_1_value"},{"name":"var_2","value":"var_2_value"}]},{"name":"preset_2","template_variables":[{"name":"var_1","value":"var_1_value"}]},{"name":"preset_3","template_variables":[]}],"tags":["team:foobar"]}
    headers:
      Content-Type:
      - application/json
    status: 200 OK
    code: 200
    duration: ""
- request:
    body: ""
    form: {}
    headers:
      Accept:
      - application/json
    url: https://api.datadoghq.com/api/v1/dashboard/j3q-9w9-d9h
    method: DELETE
  response:
    body: |
      {"deleted_dashboard_id":"j3q-9w9-d9h"}
    headers:
      Content-Type:
      - application/json
    status: 200 OK
    code: 200
    duration: ""
- request:
    body: ""
    form: {}
    headers:
      Accept:
      - application/json
    url: https://api.datadoghq.com/api/v1/dashboard/j3q-9w9-d9h
    method: GET
  response:
    body: '{"errors":["Dashboard with ID j3q-9w9-d9h not found"]}'
    headers:
      Content-Type:
      - application/json
    status: 404 Not Found
    code: 404
    duration: ""
