version: 2
interactions:
- request:
    body: ""
    form: {}
    headers:
      Accept:
      - application/json
    url: https://api.datadoghq.com/api/v2/roles?filter=Datadog+Read+Only+Role
    method: GET
    id: 0
  response:
    body: '{"meta":{"page":{"total_filtered_count":1,"total_count":3471}},"data":[{"type":"roles","id":"94172444-be03-11e9-a77a-db1879185210","attributes":{"name":"Datadog Read Only Role","created_at":"2019-08-13T19:50:19.111007+00:00","modified_at":"2019-08-13T19:50:19.111007+00:00","user_count":14},"relationships":{"permissions":{"data":[{"type":"permissions","id":"5e605652-dd12-11e8-9e53-375565b8970e"},{"type":"permissions","id":"6f66600e-dd12-11e8-9e55-7f30fbb45e73"},{"type":"permissions","id":"d90f6830-d3d8-11e9-a77a-b3404e5e9ee2"},{"type":"permissions","id":"4441648c-d8b1-11e9-a77a-1b899a04b304"},{"type":"permissions","id":"1af86ce4-7823-11ea-93dc-d7cad1b1c6cb"},{"type":"permissions","id":"b382b982-8535-11ea-93de-2bf1bdf20798"},{"type":"permissions","id":"7314eb20-aa58-11ea-95e2-6fb6e4a451d5"},{"type":"permissions","id":"80de1ec0-aa58-11ea-95e2-aff381626d5d"},{"type":"permissions","id":"5025ee24-f923-11ea-adbc-576ea241df8d"},{"type":"permissions","id":"417ba636-2dce-11eb-84c0-6bce5b0d9de0"},{"type":"permissions","id":"43fa188e-2dce-11eb-84c0-835ad1fd6287"},{"type":"permissions","id":"4916eebe-2dce-11eb-84c0-271cb2c672e8"}]}}}]}'
    headers:
      Content-Type:
      - application/json
    status: 200 OK
    code: 200
    duration: "0ms"
- request:
    body: ""
    form: {}
    headers:
      Accept:
      - application/json
    url: https://api.datadoghq.com/api/v2/roles?filter=Datadog+Read+Only+Role
    method: GET
    id: 1
  response:
    body: '{"meta":{"page":{"total_filtered_count":1,"total_count":3471}},"data":[{"type":"roles","id":"94172444-be03-11e9-a77a-db1879185210","attributes":{"name":"Datadog Read Only Role","created_at":"2019-08-13T19:50:19.111007+00:00","modified_at":"2019-08-13T19:50:19.111007+00:00","user_count":14},"relationships":{"permissions":{"data":[{"type":"permissions","id":"5e605652-dd12-11e8-9e53-375565b8970e"},{"type":"permissions","id":"6f66600e-dd12-11e8-9e55-7f30fbb45e73"},{"type":"permissions","id":"d90f6830-d3d8-11e9-a77a-b3404e5e9ee2"},{"type":"permissions","id":"4441648c-d8b1-11e9-a77a-1b899a04b304"},{"type":"permissions","id":"1af86ce4-7823-11ea-93dc-d7cad1b1c6cb"},{"type":"permissions","id":"b382b982-8535-11ea-93de-2bf1bdf20798"},{"type":"permissions","id":"7314eb20-aa58-11ea-95e2-6fb6e4a451d5"},{"type":"permissions","id":"80de1ec0-aa58-11ea-95e2-aff381626d5d"},{"type":"permissions","id":"5025ee24-f923-11ea-adbc-576ea241df8d"},{"type":"permissions","id":"417ba636-2dce-11eb-84c0-6bce5b0d9de0"},{"type":"permissions","id":"43fa188e-2dce-11eb-84c0-835ad1fd6287"},{"type":"permissions","id":"4916eebe-2dce-11eb-84c0-271cb2c672e8"}]}}}]}'
    headers:
      Content-Type:
      - application/json
    status: 200 OK
    code: 200
    duration: "0ms"
- request:
    body: |
      {"data":{"attributes":{"email":"tf-testaccdatadoguser_roledatasource-local-1615926497@example.com","name":"Test User"},"relationships":{"roles":{"data":[{"id":"94172444-be03-11e9-a77a-db1879185210","type":"roles"}]}},"type":"users"}}
    form: {}
    headers:
      Accept:
      - application/json
      Content-Type:
      - application/json
    url: https://api.datadoghq.com/api/v2/users
    method: POST
    id: 2
  response:
    body: '{"included":[{"type":"permissions","id":"61765026-2dce-11eb-84c0-833e230d1b8f","attributes":{"name":"apm_primary_operation_write","display_name":"Primary Operation","description":"The ability to edit the operation name value selection. A user with this permission can modify the operation name list in the APM settings page and can modify the operation name controller on the service page.","created":"2020-11-23T20:56:38.658649+00:00","group_name":"APM","display_type":"write","restricted":false}},{"type":"permissions","id":"642eebe6-f923-11ea-adbc-eb617674ea04","attributes":{"name":"synthetics_default_settings_write","display_name":"Default Settings","description":"The ability to edit default settings for Synthetics Monitoring.","created":"2020-09-17T20:21:38.818771+00:00","group_name":"Synthetic Monitoring","display_type":"write","restricted":false}},{"type":"permissions","id":"d90f6832-d3d8-11e9-a77a-bf8a2607f864","attributes":{"name":"dashboards_public_share","display_name":"Dashboards
      Share","description":"The ability to share dashboards externally.","created":"2019-09-10T14:39:51.967094+00:00","group_name":"Dashboards","display_type":"other","restricted":false}},{"type":"permissions","id":"5c6b88e2-f923-11ea-adbc-abf57d079420","attributes":{"name":"synthetics_default_settings_read","display_name":"Default Settings","description":"The ability to view default settings for Synthetics Monitoring.","created":"2020-09-17T20:21:25.794160+00:00","group_name":"Synthetic Monitoring","display_type":"read","restricted":false}},{"type":"permissions","id":"3e4d4d28-f923-11ea-adbc-e3565938c12e","attributes":{"name":"api_keys_write","display_name":"API Keys","description":"The ability to create, rename, and revoke API Keys for your organization.","created":"2020-09-17T20:20:35.264430+00:00","group_name":"API and Application Keys","display_type":"write","restricted":false}},{"type":"permissions","id":"6f66600e-dd12-11e8-9e55-7f30fbb45e73","attributes":{"name":"logs_live_tail","display_name":"Logs
      Live Tail Access","description":"The ability to view the live tail feed for all log indexes, even if otherwise specifically restricted.","created":"2018-10-31T13:39:48.292879+00:00","group_name":"Logs","display_type":"read","restricted":false}},{"type":"permissions","id":"46a301e2-ec5c-11ea-aa9f-1f511b7305fd","attributes":{"name":"usage_edit","display_name":"Usage","description":"The ability to manage your organization''s usage attribution set-up.","created":"2020-09-01T14:06:05.444705+00:00","group_name":"Billing and Usage","display_type":"write","restricted":false}},{"type":"permissions","id":"4e3f02b4-2dce-11eb-84c0-2fca946a6efc","attributes":{"name":"apm_service_ingest_write","display_name":"Manage Service Ingestion","description":"The ability to edit Service Ingestion pages root services. A user with this permission can edit the root service ingestion and generate a code snippet to increase ingestion per service.","created":"2020-11-23T20:56:06.419518+00:00","group_name":"APM","display_type":"write","restricted":false}},{"type":"permissions","id":"984d2f00-d3b4-11e8-a200-bb47109e9987","attributes":{"name":"standard","display_name":"Standard
      Access","description":"This permission gives you the ability to view and edit components in your Datadog organization that do not have explicitly defined permissions. This includes APM, Events, and other non-Account Management functionality.","created":"2018-10-19T15:35:23.756736+00:00","group_name":"General","display_type":"other","restricted":false}},{"type":"permissions","id":"417ba636-2dce-11eb-84c0-6bce5b0d9de0","attributes":{"name":"apm_read","display_name":"APM Read Access","description":"The ability to read and query APM and Trace Analytics.","created":"2020-11-23T20:55:45.006110+00:00","group_name":"APM","display_type":"read","restricted":true}},{"type":"permissions","id":"62cc036c-dd12-11e8-9e54-db9995643092","attributes":{"name":"logs_modify_indexes","display_name":"Logs Modify Indexes","description":"The ability to read and modify all indexes in your account. This includes the ability to grant the Logs Read Index Data and Logs Write Exclusion Filter permission to other
      roles, for some or all indexes. This permission also grants global Log Index Read and Log Exclusion Filter Write implicitly.","created":"2018-10-31T13:39:27.148615+00:00","group_name":"Logs","display_type":"other","restricted":false}},{"type":"permissions","id":"55f4b5ec-f923-11ea-adbc-1bfa2334a755","attributes":{"name":"synthetics_write","display_name":"Synthetic Tests","description":"The ability to create, edit, and delete Synthetic tests.","created":"2020-09-17T20:21:14.949140+00:00","group_name":"Synthetic Monitoring","display_type":"write","restricted":false}},{"type":"permissions","id":"87b00304-dd12-11e8-9e59-cbeb5f71f72f","attributes":{"name":"logs_write_archives","display_name":"Logs Archives","description":"The ability to add and edit log archive locations.","created":"2018-10-31T13:40:29.040786+00:00","group_name":"Logs","display_type":"write","restricted":false}},{"type":"permissions","id":"984a2bd4-d3b4-11e8-a1ff-a7f660d43029","attributes":{"name":"admin","display_name":"Privileged
      Access","description":"This permission gives you the ability to view and edit everything in your Datadog organization that does not have an explicitly defined permission. This includes billing and usage, key, and organization management. This permission is inclusive of all Standard access permissions.","created":"2018-10-19T15:35:23.734317+00:00","group_name":"General","display_type":"other","restricted":false}},{"type":"permissions","id":"46a301de-ec5c-11ea-aa9f-a73252c24806","attributes":{"name":"synthetics_private_location_write","display_name":"Private Locations","description":"The ability to create and delete private locations as well as seeing the associated installation guidelines.","created":"2020-09-01T14:06:05.444705+00:00","group_name":"Synthetic Monitoring","display_type":"write","restricted":false}},{"type":"permissions","id":"46a301df-ec5c-11ea-aa9f-970a9ae645e5","attributes":{"name":"billing_read","display_name":"Billing","description":"The ability to view your organization''s
      subscription and payment method but not make edits.","created":"2020-09-01T14:06:05.444705+00:00","group_name":"Billing and Usage","display_type":"read","restricted":false}},{"type":"permissions","id":"7314eb20-aa58-11ea-95e2-6fb6e4a451d5","attributes":{"name":"security_monitoring_rules_read","display_name":"Detection Rules","description":"The ability to read Detection rules.","created":"2020-06-09T13:52:25.279909+00:00","group_name":"Security Monitoring","display_type":"read","restricted":false}},{"type":"permissions","id":"4d87d5f8-d8b1-11e9-a77a-eb9c8350d04f","attributes":{"name":"monitors_downtime","display_name":"Monitors Manage Downtimes","description":"The ability to set downtimes for your organization. A user with this permission can suppress alerts from any monitor using a downtime, even if they do not have permission to edit those monitors explicitly.","created":"2019-09-16T18:39:23.306702+00:00","group_name":"Monitors","display_type":"other","restricted":false}},{"type":"permissions","id":"5e605652-dd12-11e8-9e53-375565b8970e","attributes":{"name":"logs_read_index_data","display_name":"Logs
      Read Index Data","description":"The ability to read all or some log indexes. Can be granted in a limited capacity per index from the Logs interface or APIs. If granted via the Roles interface or API the permission has global scope.","created":"2018-10-31T13:39:19.727450+00:00","group_name":"Logs","display_type":"read","restricted":false}},{"type":"permissions","id":"46a301e0-ec5c-11ea-aa9f-6ba6cc675d8c","attributes":{"name":"billing_edit","display_name":"Billing","description":"The ability to manage your organization''s subscription and payment method.","created":"2020-09-01T14:06:05.444705+00:00","group_name":"Billing and Usage","display_type":"write","restricted":false}},{"type":"permissions","id":"9ac1d8cc-e707-11ea-aa2d-73d37e989a9d","attributes":{"name":"user_access_invite","display_name":"Invite User","description":"Allows users to invite other users to your organization.","created":"2020-08-25T19:17:23.539701+00:00","group_name":"User Access","display_type":"other","restricted":false}},{"type":"permissions","id":"43fa188e-2dce-11eb-84c0-835ad1fd6287","attributes":{"name":"apm_retention_filter_read","display_name":"Manage
      Retention Filters","description":"The ability to read trace retention filters. A user with this permission can view the retention filters page, list of filters, their statistics, and creation info.","created":"2020-11-23T20:55:49.190595+00:00","group_name":"APM","display_type":"read","restricted":false}},{"type":"permissions","id":"d90f6830-d3d8-11e9-a77a-b3404e5e9ee2","attributes":{"name":"dashboards_read","display_name":"Dashboards","description":"The ability to view dashboards.","created":"2019-09-10T14:39:51.955175+00:00","group_name":"Dashboards","display_type":"read","restricted":true}},{"type":"permissions","id":"fcac2ad8-2843-11eb-8315-0fe47949d625","attributes":{"name":"integrations_api","display_name":"Integrations API Access","description":"The ability to use the Integrations APIs to configure Integrations that the user has access to. This permission does not restrict or grant access to Integrations.","created":"2020-11-16T19:43:23.198568+00:00","group_name":"Integrations","display_type":"other","restricted":false}},{"type":"permissions","id":"9de604d8-e707-11ea-aa2d-93f1a783b3a3","attributes":{"name":"user_access_manage","display_name":"Access
      Management","description":"Grants the permission to disable users, manage user roles and SAML-to-role mappings.","created":"2020-08-25T19:17:28.810412+00:00","group_name":"User Access","display_type":"other","restricted":false}},{"type":"permissions","id":"6ba32d22-0e1a-11eb-ba44-bf9a5aafaa39","attributes":{"name":"logs_write_facets","display_name":"Logs Facets","description":"The capability to create or edit logs facets.","created":"2020-10-14T12:40:20.271908+00:00","group_name":"Logs","display_type":"write","restricted":false}},{"type":"permissions","id":"46a301e1-ec5c-11ea-aa9f-afa39f6f3e36","attributes":{"name":"usage_read","display_name":"Usage","description":"The ability to view your organization''s usage and usage attribution.","created":"2020-09-01T14:06:05.444705+00:00","group_name":"Billing and Usage","display_type":"read","restricted":false}},{"type":"permissions","id":"53950c54-2dce-11eb-84c0-a79ae108f6f8","attributes":{"name":"apm_apdex_manage_write","display_name":"Apdex
      Management","description":"The ability to set Apdex T value on any service. A user with this permission can set the T value from the Apdex graph on the service page.","created":"2020-11-23T20:56:15.371926+00:00","group_name":"APM","display_type":"write","restricted":false}},{"type":"permissions","id":"811ac4ca-dd12-11e8-9e57-676a7f0beef9","attributes":{"name":"logs_write_pipelines","display_name":"Logs Write Pipelines","description":"The ability to add and change log pipeline configurations, including the ability to grant the Logs Write Processors permission to other roles, for some or all pipelines. This permission also grants global Log Processor Write implicitly.","created":"2018-10-31T13:40:17.996379+00:00","group_name":"Logs","display_type":"other","restricted":false}},{"type":"permissions","id":"b382b982-8535-11ea-93de-2bf1bdf20798","attributes":{"name":"logs_read_archives","display_name":"Logs Archives","description":"The ability to read logs archives location and use it for
      rehydration.","created":"2020-04-23T07:40:27.966133+00:00","group_name":"Logs","display_type":"read","restricted":false}},{"type":"permissions","id":"46a301dc-ec5c-11ea-aa9f-13b33f8f46ea","attributes":{"name":"org_app_keys_write","display_name":"Organization Application Keys","description":"The ability to manage Application Keys owned by all users in the organization.","created":"2020-09-01T14:06:05.444705+00:00","group_name":"API and Application Keys","display_type":"write","restricted":false}},{"type":"permissions","id":"5cbe5f9c-2dce-11eb-84c0-872d3e9f1076","attributes":{"name":"apm_tag_management_write","display_name":"Primary Tag Management","description":"The ability to edit second primary tag selection. A user with this permission can modify the second primary tag dropdown in the APM settings page.","created":"2020-11-23T20:56:30.742299+00:00","group_name":"APM","display_type":"write","restricted":false}},{"type":"permissions","id":"5025ee24-f923-11ea-adbc-576ea241df8d","attributes":{"name":"synthetics_read","display_name":"Synthetic
      Tests","description":"The ability to list and view configured Synthetic tests.","created":"2020-09-17T20:21:05.205361+00:00","group_name":"Synthetic Monitoring","display_type":"read","restricted":false}},{"type":"permissions","id":"465cfe66-2dce-11eb-84c0-6baa888239fa","attributes":{"name":"apm_retention_filter_write","display_name":"Manage Retention Filters","description":"The ability to create, edit and delete trace retention filters. A user with this permission can create new retention filters, and update or delete to existing retention filters.","created":"2020-11-23T20:55:53.194236+00:00","group_name":"APM","display_type":"write","restricted":false}},{"type":"permissions","id":"d90f6831-d3d8-11e9-a77a-4fd230ddbc6a","attributes":{"name":"dashboards_write","display_name":"Dashboards","description":"The ability to create and change dashboards.","created":"2019-09-10T14:39:51.962944+00:00","group_name":"Dashboards","display_type":"write","restricted":false}},{"type":"permissions","id":"4916eebe-2dce-11eb-84c0-271cb2c672e8","attributes":{"name":"apm_service_ingest_read","display_name":"Manage
      Service Ingestion","description":"The ability to access Service Ingestion pages. A user with this permission can view the service ingestion page, list of root service, their statistics, and creation info.","created":"2020-11-23T20:55:57.768261+00:00","group_name":"APM","display_type":"read","restricted":false}},{"type":"permissions","id":"46a301dd-ec5c-11ea-aa9f-97edfb345bc9","attributes":{"name":"synthetics_private_location_read","display_name":"Private Locations","description":"The ability to view the list of private locations available.","created":"2020-09-01T14:06:05.444705+00:00","group_name":"Synthetic Monitoring","display_type":"read","restricted":false}},{"type":"permissions","id":"1a92ede2-6cb2-11e9-99c6-2b3a4a0cdf0a","attributes":{"name":"logs_public_config_api","display_name":"Logs Public Config API","description":"The ability to access and edit logs configurations via the API.","created":"2019-05-02T08:13:01.731092+00:00","group_name":"Logs","display_type":"other","restricted":false}},{"type":"permissions","id":"46a301db-ec5c-11ea-aa9f-2fe72193d60e","attributes":{"name":"org_app_keys_read","display_name":"Organization
      Application Keys","description":"The ability to view Application Keys owned by all users in the organization.","created":"2020-09-01T14:06:05.444705+00:00","group_name":"API and Application Keys","display_type":"read","restricted":false}},{"type":"permissions","id":"7b516476-aa58-11ea-95e2-93718cd56369","attributes":{"name":"security_monitoring_rules_write","display_name":"Detection Rules","description":"The ability to create and edit Detection rules.","created":"2020-06-09T13:52:39.099413+00:00","group_name":"Security Monitoring","display_type":"write","restricted":false}},{"type":"permissions","id":"46a301e4-ec5c-11ea-aa9f-87282b3a50cc","attributes":{"name":"metric_tags_write","display_name":"Manage Tags for Metrics","description":"The ability to edit and save tag configurations for custom metrics.","created":"2020-09-01T14:06:05.444705+00:00","group_name":"Metrics","display_type":"write","restricted":false}},{"type":"permissions","id":"4628ca54-f923-11ea-adbc-4b2b7f88c5e9","attributes":{"name":"synthetics_global_variable_read","display_name":"Global
      Variables","description":"The ability to view and search through all the existing global variables for Synthetics.","created":"2020-09-17T20:20:48.446916+00:00","group_name":"Synthetic Monitoring","display_type":"read","restricted":false}},{"type":"roles","id":"94172444-be03-11e9-a77a-db1879185210","attributes":{"name":"Datadog Read Only Role","created_at":"2019-08-13T19:50:19.111007+00:00","modified_at":"2019-08-13T19:50:19.111007+00:00"},"relationships":{"permissions":{"data":[{"type":"permissions","id":"5e605652-dd12-11e8-9e53-375565b8970e"},{"type":"permissions","id":"6f66600e-dd12-11e8-9e55-7f30fbb45e73"},{"type":"permissions","id":"d90f6830-d3d8-11e9-a77a-b3404e5e9ee2"},{"type":"permissions","id":"4441648c-d8b1-11e9-a77a-1b899a04b304"},{"type":"permissions","id":"1af86ce4-7823-11ea-93dc-d7cad1b1c6cb"},{"type":"permissions","id":"b382b982-8535-11ea-93de-2bf1bdf20798"},{"type":"permissions","id":"7314eb20-aa58-11ea-95e2-6fb6e4a451d5"},{"type":"permissions","id":"80de1ec0-aa58-11ea-95e2-aff381626d5d"},{"type":"permissions","id":"5025ee24-f923-11ea-adbc-576ea241df8d"},{"type":"permissions","id":"417ba636-2dce-11eb-84c0-6bce5b0d9de0"},{"type":"permissions","id":"43fa188e-2dce-11eb-84c0-835ad1fd6287"},{"type":"permissions","id":"4916eebe-2dce-11eb-84c0-271cb2c672e8"}]}}},{"type":"permissions","id":"07c3c146-f7f8-11ea-acf6-0bd62b9ae60e","attributes":{"name":"logs_write_historical_view","display_name":"Logs
      Historical View","description":"The capability to rehydrate logs from Archives.","created":"2020-09-16T08:38:44.242076+00:00","group_name":"Logs","display_type":"write","restricted":false}},{"type":"permissions","id":"80de1ec0-aa58-11ea-95e2-aff381626d5d","attributes":{"name":"security_monitoring_signals_read","display_name":"Security Signals","description":"The ability to view Security signals.","created":"2020-06-09T13:52:48.410398+00:00","group_name":"Security Monitoring","display_type":"read","restricted":false}},{"type":"permissions","id":"979df720-aed7-11e9-99c6-a7eb8373165a","attributes":{"name":"logs_generate_metrics","display_name":"Log Generate Metrics","description":"The ability to create custom metrics from logs.","created":"2019-07-25T12:27:39.640758+00:00","group_name":"Logs","display_type":"other","restricted":false}},{"type":"permissions","id":"4ada6e36-f923-11ea-adbc-0788e5c5e3cf","attributes":{"name":"synthetics_global_variable_write","display_name":"Global Variables","description":"The
      ability to create, edit, and delete global variables for Synthetics.","created":"2020-09-17T20:20:56.322003+00:00","group_name":"Synthetic Monitoring","display_type":"write","restricted":false}},{"type":"permissions","id":"8106300a-54f7-11eb-8cbc-7781a434a67b","attributes":{"name":"rum_apps_write","display_name":"RUM Applications","description":"The ability to create, edit, and delete RUM Applications.","created":"2021-01-12T16:59:16.324480+00:00","group_name":"Real User Monitoring","display_type":"write","restricted":false}},{"type":"permissions","id":"1af86ce4-7823-11ea-93dc-d7cad1b1c6cb","attributes":{"name":"logs_read_data","display_name":"Logs Read Data","description":"The ability to read log data. Can be restricted with restriction queries.","created":"2020-04-06T16:24:35.989108+00:00","group_name":"Logs","display_type":"read","restricted":false}},{"type":"permissions","id":"48ef71ea-d8b1-11e9-a77a-93f408470ad0","attributes":{"name":"monitors_write","display_name":"Monitors","description":"The
      ability to change, mute, and delete individual monitors.","created":"2019-09-16T18:39:15.597109+00:00","group_name":"Monitors","display_type":"write","restricted":false}},{"type":"permissions","id":"4441648c-d8b1-11e9-a77a-1b899a04b304","attributes":{"name":"monitors_read","display_name":"Monitors","description":"The ability to view monitors.","created":"2019-09-16T18:39:07.744297+00:00","group_name":"Monitors","display_type":"read","restricted":true}},{"type":"permissions","id":"46a301da-ec5c-11ea-aa9f-73bedeab67ee","attributes":{"name":"user_app_keys","display_name":"User Application Keys","description":"The ability to view and manage Application Keys owned by the user.","created":"2020-09-01T14:06:05.444705+00:00","group_name":"API and Application Keys","display_type":"other","restricted":false}},{"type":"permissions","id":"372896c4-f923-11ea-adbc-4fecd107156d","attributes":{"name":"api_keys_read","display_name":"API Keys","description":"The ability to list and retrive the key
      values of all API Keys in your organization.","created":"2020-09-17T20:20:23.279769+00:00","group_name":"API and Application Keys","display_type":"read","restricted":false}}],"data":{"type":"users","id":"251a5d75-8696-11eb-9814-da7ad0900002","attributes":{"name":"Test User","handle":"tf-testaccdatadoguser_roledatasource-local-1615926497@example.com","created_at":"2021-03-16T20:28:19.875724+00:00","email":"tf-testaccdatadoguser_roledatasource-local-1615926497@example.com","icon":"https://secure.gravatar.com/avatar/228a5e9aee2b8b2cc0b6538c6db75c16?s=48&d=retro","title":null,"verified":false,"service_account":false,"disabled":false,"allowed_login_methods":[],"status":"Pending"},"relationships":{"roles":{"data":[{"type":"roles","id":"94172444-be03-11e9-a77a-db1879185210"}]},"org":{"data":{"type":"orgs","id":"4dee724d-00cc-11ea-a77b-570c9d03c6c5"}}}}}'
    headers:
      Content-Type:
      - application/json
    status: 201 Created
    code: 201
    duration: "0ms"
- request:
    body: |
      {"data":[{"relationships":{"user":{"data":{"id":"251a5d75-8696-11eb-9814-da7ad0900002","type":"users"}}},"type":"user_invitations"}]}
    form: {}
    headers:
      Accept:
      - application/json
      Content-Type:
      - application/json
    url: https://api.datadoghq.com/api/v2/user_invitations
    method: POST
    id: 3
  response:
    body: '{"data":[{"type":"user_invitations","id":"25c1a65e-8696-11eb-9814-da7ad0900002","attributes":{"uuid":"25c1a65e-8696-11eb-9814-da7ad0900002","login_method":null,"invite_type":"basic_invite","created_at":"2021-03-16T20:28:20.159190+00:00","expires_at":"2021-03-18T20:28:20.109499+00:00"},"relationships":{"user":{"data":{"type":"users","id":"251a5d75-8696-11eb-9814-da7ad0900002"}}}}]}'
    headers:
      Content-Type:
      - application/json
    status: 201 Created
    code: 201
    duration: "0ms"
- request:
    body: ""
    form: {}
    headers:
      Accept:
      - application/json
    url: https://api.datadoghq.com/api/v2/users/251a5d75-8696-11eb-9814-da7ad0900002
    method: GET
    id: 4
  response:
    body: '{"included":[{"type":"permissions","id":"61765026-2dce-11eb-84c0-833e230d1b8f","attributes":{"name":"apm_primary_operation_write","display_name":"Primary Operation","description":"The ability to edit the operation name value selection. A user with this permission can modify the operation name list in the APM settings page and can modify the operation name controller on the service page.","created":"2020-11-23T20:56:38.658649+00:00","group_name":"APM","display_type":"write","restricted":false}},{"type":"permissions","id":"642eebe6-f923-11ea-adbc-eb617674ea04","attributes":{"name":"synthetics_default_settings_write","display_name":"Default Settings","description":"The ability to edit default settings for Synthetics Monitoring.","created":"2020-09-17T20:21:38.818771+00:00","group_name":"Synthetic Monitoring","display_type":"write","restricted":false}},{"type":"permissions","id":"7d7c98ac-dd12-11e8-9e56-93700598622d","attributes":{"name":"logs_write_exclusion_filters","display_name":"Logs
      Write Exclusion Filters","description":"The ability to add and change exclusion filters for all or some log indexes. Can be granted in a limited capacity per index to specific roles via the Logs interface or API. If granted from the Roles interface or API, the permission has global scope.","created":"2018-10-31T13:40:11.926613+00:00","group_name":"Logs","display_type":"write","restricted":false}},{"type":"permissions","id":"984d2f00-d3b4-11e8-a200-bb47109e9987","attributes":{"name":"standard","display_name":"Standard Access","description":"This permission gives you the ability to view and edit components in your Datadog organization that do not have explicitly defined permissions. This includes APM, Events, and other non-Account Management functionality.","created":"2018-10-19T15:35:23.756736+00:00","group_name":"General","display_type":"other","restricted":false}},{"type":"permissions","id":"5c6b88e2-f923-11ea-adbc-abf57d079420","attributes":{"name":"synthetics_default_settings_read","display_name":"Default
      Settings","description":"The ability to view default settings for Synthetics Monitoring.","created":"2020-09-17T20:21:25.794160+00:00","group_name":"Synthetic Monitoring","display_type":"read","restricted":false}},{"type":"permissions","id":"3e4d4d28-f923-11ea-adbc-e3565938c12e","attributes":{"name":"api_keys_write","display_name":"API Keys","description":"The ability to create, rename, and revoke API Keys for your organization.","created":"2020-09-17T20:20:35.264430+00:00","group_name":"API and Application Keys","display_type":"write","restricted":false}},{"type":"permissions","id":"6f66600e-dd12-11e8-9e55-7f30fbb45e73","attributes":{"name":"logs_live_tail","display_name":"Logs Live Tail Access","description":"The ability to view the live tail feed for all log indexes, even if otherwise specifically restricted.","created":"2018-10-31T13:39:48.292879+00:00","group_name":"Logs","display_type":"read","restricted":false}},{"type":"permissions","id":"07c3c146-f7f8-11ea-acf6-0bd62b9ae60e","attributes":{"name":"logs_write_historical_view","display_name":"Logs
      Historical View","description":"The capability to rehydrate logs from Archives.","created":"2020-09-16T08:38:44.242076+00:00","group_name":"Logs","display_type":"write","restricted":false}},{"type":"permissions","id":"4e3f02b4-2dce-11eb-84c0-2fca946a6efc","attributes":{"name":"apm_service_ingest_write","display_name":"Manage Service Ingestion","description":"The ability to edit Service Ingestion pages root services. A user with this permission can edit the root service ingestion and generate a code snippet to increase ingestion per service.","created":"2020-11-23T20:56:06.419518+00:00","group_name":"APM","display_type":"write","restricted":false}},{"type":"permissions","id":"d90f6832-d3d8-11e9-a77a-bf8a2607f864","attributes":{"name":"dashboards_public_share","display_name":"Dashboards Share","description":"The ability to share dashboards externally.","created":"2019-09-10T14:39:51.967094+00:00","group_name":"Dashboards","display_type":"other","restricted":false}},{"type":"permissions","id":"417ba636-2dce-11eb-84c0-6bce5b0d9de0","attributes":{"name":"apm_read","display_name":"APM
      Read Access","description":"The ability to read and query APM and Trace Analytics.","created":"2020-11-23T20:55:45.006110+00:00","group_name":"APM","display_type":"read","restricted":true}},{"type":"permissions","id":"62cc036c-dd12-11e8-9e54-db9995643092","attributes":{"name":"logs_modify_indexes","display_name":"Logs Modify Indexes","description":"The ability to read and modify all indexes in your account. This includes the ability to grant the Logs Read Index Data and Logs Write Exclusion Filter permission to other roles, for some or all indexes. This permission also grants global Log Index Read and Log Exclusion Filter Write implicitly.","created":"2018-10-31T13:39:27.148615+00:00","group_name":"Logs","display_type":"other","restricted":false}},{"type":"permissions","id":"55f4b5ec-f923-11ea-adbc-1bfa2334a755","attributes":{"name":"synthetics_write","display_name":"Synthetic Tests","description":"The ability to create, edit, and delete Synthetic tests.","created":"2020-09-17T20:21:14.949140+00:00","group_name":"Synthetic
      Monitoring","display_type":"write","restricted":false}},{"type":"permissions","id":"7b516476-aa58-11ea-95e2-93718cd56369","attributes":{"name":"security_monitoring_rules_write","display_name":"Detection Rules","description":"The ability to create and edit Detection rules.","created":"2020-06-09T13:52:39.099413+00:00","group_name":"Security Monitoring","display_type":"write","restricted":false}},{"type":"permissions","id":"984a2bd4-d3b4-11e8-a1ff-a7f660d43029","attributes":{"name":"admin","display_name":"Privileged Access","description":"This permission gives you the ability to view and edit everything in your Datadog organization that does not have an explicitly defined permission. This includes billing and usage, key, and organization management. This permission is inclusive of all Standard access permissions.","created":"2018-10-19T15:35:23.734317+00:00","group_name":"General","display_type":"other","restricted":false}},{"type":"permissions","id":"46a301de-ec5c-11ea-aa9f-a73252c24806","attributes":{"name":"synthetics_private_location_write","display_name":"Private
      Locations","description":"The ability to create and delete private locations as well as seeing the associated installation guidelines.","created":"2020-09-01T14:06:05.444705+00:00","group_name":"Synthetic Monitoring","display_type":"write","restricted":false}},{"type":"permissions","id":"46a301df-ec5c-11ea-aa9f-970a9ae645e5","attributes":{"name":"billing_read","display_name":"Billing","description":"The ability to view your organization''s subscription and payment method but not make edits.","created":"2020-09-01T14:06:05.444705+00:00","group_name":"Billing and Usage","display_type":"read","restricted":false}},{"type":"permissions","id":"7314eb20-aa58-11ea-95e2-6fb6e4a451d5","attributes":{"name":"security_monitoring_rules_read","display_name":"Detection Rules","description":"The ability to read Detection rules.","created":"2020-06-09T13:52:25.279909+00:00","group_name":"Security Monitoring","display_type":"read","restricted":false}},{"type":"permissions","id":"4d87d5f8-d8b1-11e9-a77a-eb9c8350d04f","attributes":{"name":"monitors_downtime","display_name":"Monitors
      Manage Downtimes","description":"The ability to set downtimes for your organization. A user with this permission can suppress alerts from any monitor using a downtime, even if they do not have permission to edit those monitors explicitly.","created":"2019-09-16T18:39:23.306702+00:00","group_name":"Monitors","display_type":"other","restricted":false}},{"type":"permissions","id":"5e605652-dd12-11e8-9e53-375565b8970e","attributes":{"name":"logs_read_index_data","display_name":"Logs Read Index Data","description":"The ability to read all or some log indexes. Can be granted in a limited capacity per index from the Logs interface or APIs. If granted via the Roles interface or API the permission has global scope.","created":"2018-10-31T13:39:19.727450+00:00","group_name":"Logs","display_type":"read","restricted":false}},{"type":"permissions","id":"46a301e0-ec5c-11ea-aa9f-6ba6cc675d8c","attributes":{"name":"billing_edit","display_name":"Billing","description":"The ability to manage your organization''s
      subscription and payment method.","created":"2020-09-01T14:06:05.444705+00:00","group_name":"Billing and Usage","display_type":"write","restricted":false}},{"type":"permissions","id":"9ac1d8cc-e707-11ea-aa2d-73d37e989a9d","attributes":{"name":"user_access_invite","display_name":"Invite User","description":"Allows users to invite other users to your organization.","created":"2020-08-25T19:17:23.539701+00:00","group_name":"User Access","display_type":"other","restricted":false}},{"type":"permissions","id":"43fa188e-2dce-11eb-84c0-835ad1fd6287","attributes":{"name":"apm_retention_filter_read","display_name":"Manage Retention Filters","description":"The ability to read trace retention filters. A user with this permission can view the retention filters page, list of filters, their statistics, and creation info.","created":"2020-11-23T20:55:49.190595+00:00","group_name":"APM","display_type":"read","restricted":false}},{"type":"permissions","id":"6ba32d22-0e1a-11eb-ba44-bf9a5aafaa39","attributes":{"name":"logs_write_facets","display_name":"Logs
      Facets","description":"The capability to create or edit logs facets.","created":"2020-10-14T12:40:20.271908+00:00","group_name":"Logs","display_type":"write","restricted":false}},{"type":"permissions","id":"d90f6830-d3d8-11e9-a77a-b3404e5e9ee2","attributes":{"name":"dashboards_read","display_name":"Dashboards","description":"The ability to view dashboards.","created":"2019-09-10T14:39:51.955175+00:00","group_name":"Dashboards","display_type":"read","restricted":true}},{"type":"permissions","id":"fcac2ad8-2843-11eb-8315-0fe47949d625","attributes":{"name":"integrations_api","display_name":"Integrations API Access","description":"The ability to use the Integrations APIs to configure Integrations that the user has access to. This permission does not restrict or grant access to Integrations.","created":"2020-11-16T19:43:23.198568+00:00","group_name":"Integrations","display_type":"other","restricted":false}},{"type":"permissions","id":"9de604d8-e707-11ea-aa2d-93f1a783b3a3","attributes":{"name":"user_access_manage","display_name":"Access
      Management","description":"Grants the permission to disable users, manage user roles and SAML-to-role mappings.","created":"2020-08-25T19:17:28.810412+00:00","group_name":"User Access","display_type":"other","restricted":false}},{"type":"permissions","id":"4441648c-d8b1-11e9-a77a-1b899a04b304","attributes":{"name":"monitors_read","display_name":"Monitors","description":"The ability to view monitors.","created":"2019-09-16T18:39:07.744297+00:00","group_name":"Monitors","display_type":"read","restricted":true}},{"type":"permissions","id":"53950c54-2dce-11eb-84c0-a79ae108f6f8","attributes":{"name":"apm_apdex_manage_write","display_name":"Apdex Management","description":"The ability to set Apdex T value on any service. A user with this permission can set the T value from the Apdex graph on the service page.","created":"2020-11-23T20:56:15.371926+00:00","group_name":"APM","display_type":"write","restricted":false}},{"type":"permissions","id":"811ac4ca-dd12-11e8-9e57-676a7f0beef9","attributes":{"name":"logs_write_pipelines","display_name":"Logs
      Write Pipelines","description":"The ability to add and change log pipeline configurations, including the ability to grant the Logs Write Processors permission to other roles, for some or all pipelines. This permission also grants global Log Processor Write implicitly.","created":"2018-10-31T13:40:17.996379+00:00","group_name":"Logs","display_type":"other","restricted":false}},{"type":"permissions","id":"b382b982-8535-11ea-93de-2bf1bdf20798","attributes":{"name":"logs_read_archives","display_name":"Logs Archives","description":"The ability to read logs archives location and use it for rehydration.","created":"2020-04-23T07:40:27.966133+00:00","group_name":"Logs","display_type":"read","restricted":false}},{"type":"permissions","id":"46a301dc-ec5c-11ea-aa9f-13b33f8f46ea","attributes":{"name":"org_app_keys_write","display_name":"Organization Application Keys","description":"The ability to manage Application Keys owned by all users in the organization.","created":"2020-09-01T14:06:05.444705+00:00","group_name":"API
      and Application Keys","display_type":"write","restricted":false}},{"type":"permissions","id":"5cbe5f9c-2dce-11eb-84c0-872d3e9f1076","attributes":{"name":"apm_tag_management_write","display_name":"Primary Tag Management","description":"The ability to edit second primary tag selection. A user with this permission can modify the second primary tag dropdown in the APM settings page.","created":"2020-11-23T20:56:30.742299+00:00","group_name":"APM","display_type":"write","restricted":false}},{"type":"permissions","id":"5025ee24-f923-11ea-adbc-576ea241df8d","attributes":{"name":"synthetics_read","display_name":"Synthetic Tests","description":"The ability to list and view configured Synthetic tests.","created":"2020-09-17T20:21:05.205361+00:00","group_name":"Synthetic Monitoring","display_type":"read","restricted":false}},{"type":"permissions","id":"465cfe66-2dce-11eb-84c0-6baa888239fa","attributes":{"name":"apm_retention_filter_write","display_name":"Manage Retention Filters","description":"The
      ability to create, edit and delete trace retention filters. A user with this permission can create new retention filters, and update or delete to existing retention filters.","created":"2020-11-23T20:55:53.194236+00:00","group_name":"APM","display_type":"write","restricted":false}},{"type":"permissions","id":"d90f6831-d3d8-11e9-a77a-4fd230ddbc6a","attributes":{"name":"dashboards_write","display_name":"Dashboards","description":"The ability to create and change dashboards.","created":"2019-09-10T14:39:51.962944+00:00","group_name":"Dashboards","display_type":"write","restricted":false}},{"type":"permissions","id":"4916eebe-2dce-11eb-84c0-271cb2c672e8","attributes":{"name":"apm_service_ingest_read","display_name":"Manage Service Ingestion","description":"The ability to access Service Ingestion pages. A user with this permission can view the service ingestion page, list of root service, their statistics, and creation info.","created":"2020-11-23T20:55:57.768261+00:00","group_name":"APM","display_type":"read","restricted":false}},{"type":"permissions","id":"46a301dd-ec5c-11ea-aa9f-97edfb345bc9","attributes":{"name":"synthetics_private_location_read","display_name":"Private
      Locations","description":"The ability to view the list of private locations available.","created":"2020-09-01T14:06:05.444705+00:00","group_name":"Synthetic Monitoring","display_type":"read","restricted":false}},{"type":"permissions","id":"1a92ede2-6cb2-11e9-99c6-2b3a4a0cdf0a","attributes":{"name":"logs_public_config_api","display_name":"Logs Public Config API","description":"The ability to access and edit logs configurations via the API.","created":"2019-05-02T08:13:01.731092+00:00","group_name":"Logs","display_type":"other","restricted":false}},{"type":"permissions","id":"46a301db-ec5c-11ea-aa9f-2fe72193d60e","attributes":{"name":"org_app_keys_read","display_name":"Organization Application Keys","description":"The ability to view Application Keys owned by all users in the organization.","created":"2020-09-01T14:06:05.444705+00:00","group_name":"API and Application Keys","display_type":"read","restricted":false}},{"type":"permissions","id":"87b00304-dd12-11e8-9e59-cbeb5f71f72f","attributes":{"name":"logs_write_archives","display_name":"Logs
      Archives","description":"The ability to add and edit log archive locations.","created":"2018-10-31T13:40:29.040786+00:00","group_name":"Logs","display_type":"write","restricted":false}},{"type":"permissions","id":"46a301e4-ec5c-11ea-aa9f-87282b3a50cc","attributes":{"name":"metric_tags_write","display_name":"Manage Tags for Metrics","description":"The ability to edit and save tag configurations for custom metrics.","created":"2020-09-01T14:06:05.444705+00:00","group_name":"Metrics","display_type":"write","restricted":false}},{"type":"permissions","id":"4628ca54-f923-11ea-adbc-4b2b7f88c5e9","attributes":{"name":"synthetics_global_variable_read","display_name":"Global Variables","description":"The ability to view and search through all the existing global variables for Synthetics.","created":"2020-09-17T20:20:48.446916+00:00","group_name":"Synthetic Monitoring","display_type":"read","restricted":false}},{"type":"roles","id":"94172444-be03-11e9-a77a-db1879185210","attributes":{"name":"Datadog
      Read Only Role","created_at":"2019-08-13T19:50:19.111007+00:00","modified_at":"2019-08-13T19:50:19.111007+00:00"},"relationships":{"permissions":{"data":[{"type":"permissions","id":"5e605652-dd12-11e8-9e53-375565b8970e"},{"type":"permissions","id":"6f66600e-dd12-11e8-9e55-7f30fbb45e73"},{"type":"permissions","id":"d90f6830-d3d8-11e9-a77a-b3404e5e9ee2"},{"type":"permissions","id":"4441648c-d8b1-11e9-a77a-1b899a04b304"},{"type":"permissions","id":"1af86ce4-7823-11ea-93dc-d7cad1b1c6cb"},{"type":"permissions","id":"b382b982-8535-11ea-93de-2bf1bdf20798"},{"type":"permissions","id":"7314eb20-aa58-11ea-95e2-6fb6e4a451d5"},{"type":"permissions","id":"80de1ec0-aa58-11ea-95e2-aff381626d5d"},{"type":"permissions","id":"5025ee24-f923-11ea-adbc-576ea241df8d"},{"type":"permissions","id":"417ba636-2dce-11eb-84c0-6bce5b0d9de0"},{"type":"permissions","id":"43fa188e-2dce-11eb-84c0-835ad1fd6287"},{"type":"permissions","id":"4916eebe-2dce-11eb-84c0-271cb2c672e8"}]}}},{"type":"permissions","id":"46a301e2-ec5c-11ea-aa9f-1f511b7305fd","attributes":{"name":"usage_edit","display_name":"Usage","description":"The
      ability to manage your organization''s usage attribution set-up.","created":"2020-09-01T14:06:05.444705+00:00","group_name":"Billing and Usage","display_type":"write","restricted":false}},{"type":"permissions","id":"80de1ec0-aa58-11ea-95e2-aff381626d5d","attributes":{"name":"security_monitoring_signals_read","display_name":"Security Signals","description":"The ability to view Security signals.","created":"2020-06-09T13:52:48.410398+00:00","group_name":"Security Monitoring","display_type":"read","restricted":false}},{"type":"permissions","id":"979df720-aed7-11e9-99c6-a7eb8373165a","attributes":{"name":"logs_generate_metrics","display_name":"Log Generate Metrics","description":"The ability to create custom metrics from logs.","created":"2019-07-25T12:27:39.640758+00:00","group_name":"Logs","display_type":"other","restricted":false}},{"type":"permissions","id":"4ada6e36-f923-11ea-adbc-0788e5c5e3cf","attributes":{"name":"synthetics_global_variable_write","display_name":"Global Variables","description":"The
      ability to create, edit, and delete global variables for Synthetics.","created":"2020-09-17T20:20:56.322003+00:00","group_name":"Synthetic Monitoring","display_type":"write","restricted":false}},{"type":"permissions","id":"8106300a-54f7-11eb-8cbc-7781a434a67b","attributes":{"name":"rum_apps_write","display_name":"RUM Applications","description":"The ability to create, edit, and delete RUM Applications.","created":"2021-01-12T16:59:16.324480+00:00","group_name":"Real User Monitoring","display_type":"write","restricted":false}},{"type":"permissions","id":"1af86ce4-7823-11ea-93dc-d7cad1b1c6cb","attributes":{"name":"logs_read_data","display_name":"Logs Read Data","description":"The ability to read log data. Can be restricted with restriction queries.","created":"2020-04-06T16:24:35.989108+00:00","group_name":"Logs","display_type":"read","restricted":false}},{"type":"permissions","id":"48ef71ea-d8b1-11e9-a77a-93f408470ad0","attributes":{"name":"monitors_write","display_name":"Monitors","description":"The
      ability to change, mute, and delete individual monitors.","created":"2019-09-16T18:39:15.597109+00:00","group_name":"Monitors","display_type":"write","restricted":false}},{"type":"permissions","id":"46a301e1-ec5c-11ea-aa9f-afa39f6f3e36","attributes":{"name":"usage_read","display_name":"Usage","description":"The ability to view your organization''s usage and usage attribution.","created":"2020-09-01T14:06:05.444705+00:00","group_name":"Billing and Usage","display_type":"read","restricted":false}},{"type":"permissions","id":"46a301da-ec5c-11ea-aa9f-73bedeab67ee","attributes":{"name":"user_app_keys","display_name":"User Application Keys","description":"The ability to view and manage Application Keys owned by the user.","created":"2020-09-01T14:06:05.444705+00:00","group_name":"API and Application Keys","display_type":"other","restricted":false}},{"type":"permissions","id":"372896c4-f923-11ea-adbc-4fecd107156d","attributes":{"name":"api_keys_read","display_name":"API Keys","description":"The
      ability to list and retrive the key values of all API Keys in your organization.","created":"2020-09-17T20:20:23.279769+00:00","group_name":"API and Application Keys","display_type":"read","restricted":false}}],"data":{"type":"users","id":"251a5d75-8696-11eb-9814-da7ad0900002","attributes":{"name":"Test User","handle":"tf-testaccdatadoguser_roledatasource-local-1615926497@example.com","created_at":"2021-03-16T20:28:19.875724+00:00","email":"tf-testaccdatadoguser_roledatasource-local-1615926497@example.com","icon":"https://secure.gravatar.com/avatar/228a5e9aee2b8b2cc0b6538c6db75c16?s=48&d=retro","title":null,"verified":false,"service_account":false,"disabled":false,"allowed_login_methods":[],"status":"Pending"},"relationships":{"roles":{"data":[{"type":"roles","id":"94172444-be03-11e9-a77a-db1879185210"}]},"org":{"data":{"type":"orgs","id":"4dee724d-00cc-11ea-a77b-570c9d03c6c5"}}}}}'
    headers:
      Content-Type:
      - application/json
    status: 200 OK
    code: 200
    duration: "0ms"
- request:
    body: ""
    form: {}
    headers:
      Accept:
      - application/json
    url: https://api.datadoghq.com/api/v2/roles?filter=Datadog+Read+Only+Role
    method: GET
    id: 5
  response:
    body: '{"meta":{"page":{"total_filtered_count":1,"total_count":3471}},"data":[{"type":"roles","id":"94172444-be03-11e9-a77a-db1879185210","attributes":{"name":"Datadog Read Only Role","created_at":"2019-08-13T19:50:19.111007+00:00","modified_at":"2019-08-13T19:50:19.111007+00:00","user_count":16},"relationships":{"permissions":{"data":[{"type":"permissions","id":"5e605652-dd12-11e8-9e53-375565b8970e"},{"type":"permissions","id":"6f66600e-dd12-11e8-9e55-7f30fbb45e73"},{"type":"permissions","id":"d90f6830-d3d8-11e9-a77a-b3404e5e9ee2"},{"type":"permissions","id":"4441648c-d8b1-11e9-a77a-1b899a04b304"},{"type":"permissions","id":"1af86ce4-7823-11ea-93dc-d7cad1b1c6cb"},{"type":"permissions","id":"b382b982-8535-11ea-93de-2bf1bdf20798"},{"type":"permissions","id":"7314eb20-aa58-11ea-95e2-6fb6e4a451d5"},{"type":"permissions","id":"80de1ec0-aa58-11ea-95e2-aff381626d5d"},{"type":"permissions","id":"5025ee24-f923-11ea-adbc-576ea241df8d"},{"type":"permissions","id":"417ba636-2dce-11eb-84c0-6bce5b0d9de0"},{"type":"permissions","id":"43fa188e-2dce-11eb-84c0-835ad1fd6287"},{"type":"permissions","id":"4916eebe-2dce-11eb-84c0-271cb2c672e8"}]}}}]}'
    headers:
      Content-Type:
      - application/json
    status: 200 OK
    code: 200
    duration: "0ms"
- request:
    body: ""
    form: {}
    headers:
      Accept:
      - application/json
    url: https://api.datadoghq.com/api/v2/roles?filter=Datadog+Read+Only+Role
    method: GET
    id: 6
  response:
    body: '{"meta":{"page":{"total_filtered_count":1,"total_count":3471}},"data":[{"type":"roles","id":"94172444-be03-11e9-a77a-db1879185210","attributes":{"name":"Datadog Read Only Role","created_at":"2019-08-13T19:50:19.111007+00:00","modified_at":"2019-08-13T19:50:19.111007+00:00","user_count":16},"relationships":{"permissions":{"data":[{"type":"permissions","id":"5e605652-dd12-11e8-9e53-375565b8970e"},{"type":"permissions","id":"6f66600e-dd12-11e8-9e55-7f30fbb45e73"},{"type":"permissions","id":"d90f6830-d3d8-11e9-a77a-b3404e5e9ee2"},{"type":"permissions","id":"4441648c-d8b1-11e9-a77a-1b899a04b304"},{"type":"permissions","id":"1af86ce4-7823-11ea-93dc-d7cad1b1c6cb"},{"type":"permissions","id":"b382b982-8535-11ea-93de-2bf1bdf20798"},{"type":"permissions","id":"7314eb20-aa58-11ea-95e2-6fb6e4a451d5"},{"type":"permissions","id":"80de1ec0-aa58-11ea-95e2-aff381626d5d"},{"type":"permissions","id":"5025ee24-f923-11ea-adbc-576ea241df8d"},{"type":"permissions","id":"417ba636-2dce-11eb-84c0-6bce5b0d9de0"},{"type":"permissions","id":"43fa188e-2dce-11eb-84c0-835ad1fd6287"},{"type":"permissions","id":"4916eebe-2dce-11eb-84c0-271cb2c672e8"}]}}}]}'
    headers:
      Content-Type:
      - application/json
    status: 200 OK
    code: 200
    duration: "0ms"
- request:
    body: ""
    form: {}
    headers:
      Accept:
      - application/json
    url: https://api.datadoghq.com/api/v2/users/251a5d75-8696-11eb-9814-da7ad0900002
    method: GET
    id: 7
  response:
    body: '{"included":[{"type":"permissions","id":"61765026-2dce-11eb-84c0-833e230d1b8f","attributes":{"name":"apm_primary_operation_write","display_name":"Primary Operation","description":"The ability to edit the operation name value selection. A user with this permission can modify the operation name list in the APM settings page and can modify the operation name controller on the service page.","created":"2020-11-23T20:56:38.658649+00:00","group_name":"APM","display_type":"write","restricted":false}},{"type":"permissions","id":"642eebe6-f923-11ea-adbc-eb617674ea04","attributes":{"name":"synthetics_default_settings_write","display_name":"Default Settings","description":"The ability to edit default settings for Synthetics Monitoring.","created":"2020-09-17T20:21:38.818771+00:00","group_name":"Synthetic Monitoring","display_type":"write","restricted":false}},{"type":"permissions","id":"7d7c98ac-dd12-11e8-9e56-93700598622d","attributes":{"name":"logs_write_exclusion_filters","display_name":"Logs
      Write Exclusion Filters","description":"The ability to add and change exclusion filters for all or some log indexes. Can be granted in a limited capacity per index to specific roles via the Logs interface or API. If granted from the Roles interface or API, the permission has global scope.","created":"2018-10-31T13:40:11.926613+00:00","group_name":"Logs","display_type":"write","restricted":false}},{"type":"permissions","id":"d90f6832-d3d8-11e9-a77a-bf8a2607f864","attributes":{"name":"dashboards_public_share","display_name":"Dashboards Share","description":"The ability to share dashboards externally.","created":"2019-09-10T14:39:51.967094+00:00","group_name":"Dashboards","display_type":"other","restricted":false}},{"type":"permissions","id":"5c6b88e2-f923-11ea-adbc-abf57d079420","attributes":{"name":"synthetics_default_settings_read","display_name":"Default Settings","description":"The ability to view default settings for Synthetics Monitoring.","created":"2020-09-17T20:21:25.794160+00:00","group_name":"Synthetic
      Monitoring","display_type":"read","restricted":false}},{"type":"permissions","id":"3e4d4d28-f923-11ea-adbc-e3565938c12e","attributes":{"name":"api_keys_write","display_name":"API Keys","description":"The ability to create, rename, and revoke API Keys for your organization.","created":"2020-09-17T20:20:35.264430+00:00","group_name":"API and Application Keys","display_type":"write","restricted":false}},{"type":"permissions","id":"6f66600e-dd12-11e8-9e55-7f30fbb45e73","attributes":{"name":"logs_live_tail","display_name":"Logs Live Tail Access","description":"The ability to view the live tail feed for all log indexes, even if otherwise specifically restricted.","created":"2018-10-31T13:39:48.292879+00:00","group_name":"Logs","display_type":"read","restricted":false}},{"type":"permissions","id":"07c3c146-f7f8-11ea-acf6-0bd62b9ae60e","attributes":{"name":"logs_write_historical_view","display_name":"Logs Historical View","description":"The capability to rehydrate logs from Archives.","created":"2020-09-16T08:38:44.242076+00:00","group_name":"Logs","display_type":"write","restricted":false}},{"type":"permissions","id":"4e3f02b4-2dce-11eb-84c0-2fca946a6efc","attributes":{"name":"apm_service_ingest_write","display_name":"Manage
      Service Ingestion","description":"The ability to edit Service Ingestion pages root services. A user with this permission can edit the root service ingestion and generate a code snippet to increase ingestion per service.","created":"2020-11-23T20:56:06.419518+00:00","group_name":"APM","display_type":"write","restricted":false}},{"type":"permissions","id":"984d2f00-d3b4-11e8-a200-bb47109e9987","attributes":{"name":"standard","display_name":"Standard Access","description":"This permission gives you the ability to view and edit components in your Datadog organization that do not have explicitly defined permissions. This includes APM, Events, and other non-Account Management functionality.","created":"2018-10-19T15:35:23.756736+00:00","group_name":"General","display_type":"other","restricted":false}},{"type":"permissions","id":"62cc036c-dd12-11e8-9e54-db9995643092","attributes":{"name":"logs_modify_indexes","display_name":"Logs Modify Indexes","description":"The ability to read and modify
      all indexes in your account. This includes the ability to grant the Logs Read Index Data and Logs Write Exclusion Filter permission to other roles, for some or all indexes. This permission also grants global Log Index Read and Log Exclusion Filter Write implicitly.","created":"2018-10-31T13:39:27.148615+00:00","group_name":"Logs","display_type":"other","restricted":false}},{"type":"permissions","id":"417ba636-2dce-11eb-84c0-6bce5b0d9de0","attributes":{"name":"apm_read","display_name":"APM Read Access","description":"The ability to read and query APM and Trace Analytics.","created":"2020-11-23T20:55:45.006110+00:00","group_name":"APM","display_type":"read","restricted":true}},{"type":"permissions","id":"7b516476-aa58-11ea-95e2-93718cd56369","attributes":{"name":"security_monitoring_rules_write","display_name":"Detection Rules","description":"The ability to create and edit Detection rules.","created":"2020-06-09T13:52:39.099413+00:00","group_name":"Security Monitoring","display_type":"write","restricted":false}},{"type":"permissions","id":"984a2bd4-d3b4-11e8-a1ff-a7f660d43029","attributes":{"name":"admin","display_name":"Privileged
      Access","description":"This permission gives you the ability to view and edit everything in your Datadog organization that does not have an explicitly defined permission. This includes billing and usage, key, and organization management. This permission is inclusive of all Standard access permissions.","created":"2018-10-19T15:35:23.734317+00:00","group_name":"General","display_type":"other","restricted":false}},{"type":"permissions","id":"46a301de-ec5c-11ea-aa9f-a73252c24806","attributes":{"name":"synthetics_private_location_write","display_name":"Private Locations","description":"The ability to create and delete private locations as well as seeing the associated installation guidelines.","created":"2020-09-01T14:06:05.444705+00:00","group_name":"Synthetic Monitoring","display_type":"write","restricted":false}},{"type":"permissions","id":"46a301df-ec5c-11ea-aa9f-970a9ae645e5","attributes":{"name":"billing_read","display_name":"Billing","description":"The ability to view your organization''s
      subscription and payment method but not make edits.","created":"2020-09-01T14:06:05.444705+00:00","group_name":"Billing and Usage","display_type":"read","restricted":false}},{"type":"permissions","id":"7314eb20-aa58-11ea-95e2-6fb6e4a451d5","attributes":{"name":"security_monitoring_rules_read","display_name":"Detection Rules","description":"The ability to read Detection rules.","created":"2020-06-09T13:52:25.279909+00:00","group_name":"Security Monitoring","display_type":"read","restricted":false}},{"type":"permissions","id":"4d87d5f8-d8b1-11e9-a77a-eb9c8350d04f","attributes":{"name":"monitors_downtime","display_name":"Monitors Manage Downtimes","description":"The ability to set downtimes for your organization. A user with this permission can suppress alerts from any monitor using a downtime, even if they do not have permission to edit those monitors explicitly.","created":"2019-09-16T18:39:23.306702+00:00","group_name":"Monitors","display_type":"other","restricted":false}},{"type":"permissions","id":"5e605652-dd12-11e8-9e53-375565b8970e","attributes":{"name":"logs_read_index_data","display_name":"Logs
      Read Index Data","description":"The ability to read all or some log indexes. Can be granted in a limited capacity per index from the Logs interface or APIs. If granted via the Roles interface or API the permission has global scope.","created":"2018-10-31T13:39:19.727450+00:00","group_name":"Logs","display_type":"read","restricted":false}},{"type":"permissions","id":"46a301e0-ec5c-11ea-aa9f-6ba6cc675d8c","attributes":{"name":"billing_edit","display_name":"Billing","description":"The ability to manage your organization''s subscription and payment method.","created":"2020-09-01T14:06:05.444705+00:00","group_name":"Billing and Usage","display_type":"write","restricted":false}},{"type":"permissions","id":"9ac1d8cc-e707-11ea-aa2d-73d37e989a9d","attributes":{"name":"user_access_invite","display_name":"Invite User","description":"Allows users to invite other users to your organization.","created":"2020-08-25T19:17:23.539701+00:00","group_name":"User Access","display_type":"other","restricted":false}},{"type":"permissions","id":"43fa188e-2dce-11eb-84c0-835ad1fd6287","attributes":{"name":"apm_retention_filter_read","display_name":"Manage
      Retention Filters","description":"The ability to read trace retention filters. A user with this permission can view the retention filters page, list of filters, their statistics, and creation info.","created":"2020-11-23T20:55:49.190595+00:00","group_name":"APM","display_type":"read","restricted":false}},{"type":"permissions","id":"55f4b5ec-f923-11ea-adbc-1bfa2334a755","attributes":{"name":"synthetics_write","display_name":"Synthetic Tests","description":"The ability to create, edit, and delete Synthetic tests.","created":"2020-09-17T20:21:14.949140+00:00","group_name":"Synthetic Monitoring","display_type":"write","restricted":false}},{"type":"permissions","id":"6ba32d22-0e1a-11eb-ba44-bf9a5aafaa39","attributes":{"name":"logs_write_facets","display_name":"Logs Facets","description":"The capability to create or edit logs facets.","created":"2020-10-14T12:40:20.271908+00:00","group_name":"Logs","display_type":"write","restricted":false}},{"type":"permissions","id":"d90f6830-d3d8-11e9-a77a-b3404e5e9ee2","attributes":{"name":"dashboards_read","display_name":"Dashboards","description":"The
      ability to view dashboards.","created":"2019-09-10T14:39:51.955175+00:00","group_name":"Dashboards","display_type":"read","restricted":true}},{"type":"permissions","id":"fcac2ad8-2843-11eb-8315-0fe47949d625","attributes":{"name":"integrations_api","display_name":"Integrations API Access","description":"The ability to use the Integrations APIs to configure Integrations that the user has access to. This permission does not restrict or grant access to Integrations.","created":"2020-11-16T19:43:23.198568+00:00","group_name":"Integrations","display_type":"other","restricted":false}},{"type":"permissions","id":"9de604d8-e707-11ea-aa2d-93f1a783b3a3","attributes":{"name":"user_access_manage","display_name":"Access Management","description":"Grants the permission to disable users, manage user roles and SAML-to-role mappings.","created":"2020-08-25T19:17:28.810412+00:00","group_name":"User Access","display_type":"other","restricted":false}},{"type":"permissions","id":"4441648c-d8b1-11e9-a77a-1b899a04b304","attributes":{"name":"monitors_read","display_name":"Monitors","description":"The
      ability to view monitors.","created":"2019-09-16T18:39:07.744297+00:00","group_name":"Monitors","display_type":"read","restricted":true}},{"type":"permissions","id":"53950c54-2dce-11eb-84c0-a79ae108f6f8","attributes":{"name":"apm_apdex_manage_write","display_name":"Apdex Management","description":"The ability to set Apdex T value on any service. A user with this permission can set the T value from the Apdex graph on the service page.","created":"2020-11-23T20:56:15.371926+00:00","group_name":"APM","display_type":"write","restricted":false}},{"type":"permissions","id":"811ac4ca-dd12-11e8-9e57-676a7f0beef9","attributes":{"name":"logs_write_pipelines","display_name":"Logs Write Pipelines","description":"The ability to add and change log pipeline configurations, including the ability to grant the Logs Write Processors permission to other roles, for some or all pipelines. This permission also grants global Log Processor Write implicitly.","created":"2018-10-31T13:40:17.996379+00:00","group_name":"Logs","display_type":"other","restricted":false}},{"type":"permissions","id":"b382b982-8535-11ea-93de-2bf1bdf20798","attributes":{"name":"logs_read_archives","display_name":"Logs
      Archives","description":"The ability to read logs archives location and use it for rehydration.","created":"2020-04-23T07:40:27.966133+00:00","group_name":"Logs","display_type":"read","restricted":false}},{"type":"permissions","id":"46a301dc-ec5c-11ea-aa9f-13b33f8f46ea","attributes":{"name":"org_app_keys_write","display_name":"Organization Application Keys","description":"The ability to manage Application Keys owned by all users in the organization.","created":"2020-09-01T14:06:05.444705+00:00","group_name":"API and Application Keys","display_type":"write","restricted":false}},{"type":"permissions","id":"5cbe5f9c-2dce-11eb-84c0-872d3e9f1076","attributes":{"name":"apm_tag_management_write","display_name":"Primary Tag Management","description":"The ability to edit second primary tag selection. A user with this permission can modify the second primary tag dropdown in the APM settings page.","created":"2020-11-23T20:56:30.742299+00:00","group_name":"APM","display_type":"write","restricted":false}},{"type":"permissions","id":"5025ee24-f923-11ea-adbc-576ea241df8d","attributes":{"name":"synthetics_read","display_name":"Synthetic
      Tests","description":"The ability to list and view configured Synthetic tests.","created":"2020-09-17T20:21:05.205361+00:00","group_name":"Synthetic Monitoring","display_type":"read","restricted":false}},{"type":"permissions","id":"465cfe66-2dce-11eb-84c0-6baa888239fa","attributes":{"name":"apm_retention_filter_write","display_name":"Manage Retention Filters","description":"The ability to create, edit and delete trace retention filters. A user with this permission can create new retention filters, and update or delete to existing retention filters.","created":"2020-11-23T20:55:53.194236+00:00","group_name":"APM","display_type":"write","restricted":false}},{"type":"permissions","id":"d90f6831-d3d8-11e9-a77a-4fd230ddbc6a","attributes":{"name":"dashboards_write","display_name":"Dashboards","description":"The ability to create and change dashboards.","created":"2019-09-10T14:39:51.962944+00:00","group_name":"Dashboards","display_type":"write","restricted":false}},{"type":"permissions","id":"4916eebe-2dce-11eb-84c0-271cb2c672e8","attributes":{"name":"apm_service_ingest_read","display_name":"Manage
      Service Ingestion","description":"The ability to access Service Ingestion pages. A user with this permission can view the service ingestion page, list of root service, their statistics, and creation info.","created":"2020-11-23T20:55:57.768261+00:00","group_name":"APM","display_type":"read","restricted":false}},{"type":"permissions","id":"46a301dd-ec5c-11ea-aa9f-97edfb345bc9","attributes":{"name":"synthetics_private_location_read","display_name":"Private Locations","description":"The ability to view the list of private locations available.","created":"2020-09-01T14:06:05.444705+00:00","group_name":"Synthetic Monitoring","display_type":"read","restricted":false}},{"type":"permissions","id":"1a92ede2-6cb2-11e9-99c6-2b3a4a0cdf0a","attributes":{"name":"logs_public_config_api","display_name":"Logs Public Config API","description":"The ability to access and edit logs configurations via the API.","created":"2019-05-02T08:13:01.731092+00:00","group_name":"Logs","display_type":"other","restricted":false}},{"type":"permissions","id":"80de1ec0-aa58-11ea-95e2-aff381626d5d","attributes":{"name":"security_monitoring_signals_read","display_name":"Security
      Signals","description":"The ability to view Security signals.","created":"2020-06-09T13:52:48.410398+00:00","group_name":"Security Monitoring","display_type":"read","restricted":false}},{"type":"permissions","id":"87b00304-dd12-11e8-9e59-cbeb5f71f72f","attributes":{"name":"logs_write_archives","display_name":"Logs Archives","description":"The ability to add and edit log archive locations.","created":"2018-10-31T13:40:29.040786+00:00","group_name":"Logs","display_type":"write","restricted":false}},{"type":"permissions","id":"46a301e4-ec5c-11ea-aa9f-87282b3a50cc","attributes":{"name":"metric_tags_write","display_name":"Manage Tags for Metrics","description":"The ability to edit and save tag configurations for custom metrics.","created":"2020-09-01T14:06:05.444705+00:00","group_name":"Metrics","display_type":"write","restricted":false}},{"type":"permissions","id":"4628ca54-f923-11ea-adbc-4b2b7f88c5e9","attributes":{"name":"synthetics_global_variable_read","display_name":"Global Variables","description":"The
      ability to view and search through all the existing global variables for Synthetics.","created":"2020-09-17T20:20:48.446916+00:00","group_name":"Synthetic Monitoring","display_type":"read","restricted":false}},{"type":"roles","id":"94172444-be03-11e9-a77a-db1879185210","attributes":{"name":"Datadog Read Only Role","created_at":"2019-08-13T19:50:19.111007+00:00","modified_at":"2019-08-13T19:50:19.111007+00:00"},"relationships":{"permissions":{"data":[{"type":"permissions","id":"5e605652-dd12-11e8-9e53-375565b8970e"},{"type":"permissions","id":"6f66600e-dd12-11e8-9e55-7f30fbb45e73"},{"type":"permissions","id":"d90f6830-d3d8-11e9-a77a-b3404e5e9ee2"},{"type":"permissions","id":"4441648c-d8b1-11e9-a77a-1b899a04b304"},{"type":"permissions","id":"1af86ce4-7823-11ea-93dc-d7cad1b1c6cb"},{"type":"permissions","id":"b382b982-8535-11ea-93de-2bf1bdf20798"},{"type":"permissions","id":"7314eb20-aa58-11ea-95e2-6fb6e4a451d5"},{"type":"permissions","id":"80de1ec0-aa58-11ea-95e2-aff381626d5d"},{"type":"permissions","id":"5025ee24-f923-11ea-adbc-576ea241df8d"},{"type":"permissions","id":"417ba636-2dce-11eb-84c0-6bce5b0d9de0"},{"type":"permissions","id":"43fa188e-2dce-11eb-84c0-835ad1fd6287"},{"type":"permissions","id":"4916eebe-2dce-11eb-84c0-271cb2c672e8"}]}}},{"type":"permissions","id":"84aa3ae4-dd12-11e8-9e58-a373a514ccd0","attributes":{"name":"logs_write_processors","display_name":"Log
      Write Processors","description":"The ability to add and change some or all log processor configurations. Can be granted in a limited capacity per pipeline to specific roles via the Logs interface or API. If granted via the Roles interface or API the permission has global scope.","created":"2018-10-31T13:40:23.969725+00:00","group_name":"Logs","display_type":"write","restricted":false}},{"type":"permissions","id":"46a301e2-ec5c-11ea-aa9f-1f511b7305fd","attributes":{"name":"usage_edit","display_name":"Usage","description":"The ability to manage your organization''s usage attribution set-up.","created":"2020-09-01T14:06:05.444705+00:00","group_name":"Billing and Usage","display_type":"write","restricted":false}},{"type":"permissions","id":"46a301db-ec5c-11ea-aa9f-2fe72193d60e","attributes":{"name":"org_app_keys_read","display_name":"Organization Application Keys","description":"The ability to view Application Keys owned by all users in the organization.","created":"2020-09-01T14:06:05.444705+00:00","group_name":"API
      and Application Keys","display_type":"read","restricted":false}},{"type":"permissions","id":"979df720-aed7-11e9-99c6-a7eb8373165a","attributes":{"name":"logs_generate_metrics","display_name":"Log Generate Metrics","description":"The ability to create custom metrics from logs.","created":"2019-07-25T12:27:39.640758+00:00","group_name":"Logs","display_type":"other","restricted":false}},{"type":"permissions","id":"4ada6e36-f923-11ea-adbc-0788e5c5e3cf","attributes":{"name":"synthetics_global_variable_write","display_name":"Global Variables","description":"The ability to create, edit, and delete global variables for Synthetics.","created":"2020-09-17T20:20:56.322003+00:00","group_name":"Synthetic Monitoring","display_type":"write","restricted":false}},{"type":"permissions","id":"8106300a-54f7-11eb-8cbc-7781a434a67b","attributes":{"name":"rum_apps_write","display_name":"RUM Applications","description":"The ability to create, edit, and delete RUM Applications.","created":"2021-01-12T16:59:16.324480+00:00","group_name":"Real
      User Monitoring","display_type":"write","restricted":false}},{"type":"permissions","id":"1af86ce4-7823-11ea-93dc-d7cad1b1c6cb","attributes":{"name":"logs_read_data","display_name":"Logs Read Data","description":"The ability to read log data. Can be restricted with restriction queries.","created":"2020-04-06T16:24:35.989108+00:00","group_name":"Logs","display_type":"read","restricted":false}},{"type":"permissions","id":"48ef71ea-d8b1-11e9-a77a-93f408470ad0","attributes":{"name":"monitors_write","display_name":"Monitors","description":"The ability to change, mute, and delete individual monitors.","created":"2019-09-16T18:39:15.597109+00:00","group_name":"Monitors","display_type":"write","restricted":false}},{"type":"permissions","id":"46a301e1-ec5c-11ea-aa9f-afa39f6f3e36","attributes":{"name":"usage_read","display_name":"Usage","description":"The ability to view your organization''s usage and usage attribution.","created":"2020-09-01T14:06:05.444705+00:00","group_name":"Billing and
      Usage","display_type":"read","restricted":false}},{"type":"permissions","id":"46a301da-ec5c-11ea-aa9f-73bedeab67ee","attributes":{"name":"user_app_keys","display_name":"User Application Keys","description":"The ability to view and manage Application Keys owned by the user.","created":"2020-09-01T14:06:05.444705+00:00","group_name":"API and Application Keys","display_type":"other","restricted":false}},{"type":"permissions","id":"372896c4-f923-11ea-adbc-4fecd107156d","attributes":{"name":"api_keys_read","display_name":"API Keys","description":"The ability to list and retrive the key values of all API Keys in your organization.","created":"2020-09-17T20:20:23.279769+00:00","group_name":"API and Application Keys","display_type":"read","restricted":false}}],"data":{"type":"users","id":"251a5d75-8696-11eb-9814-da7ad0900002","attributes":{"name":"Test User","handle":"tf-testaccdatadoguser_roledatasource-local-1615926497@example.com","created_at":"2021-03-16T20:28:19.875724+00:00","email":"tf-testaccdatadoguser_roledatasource-local-1615926497@example.com","icon":"https://secure.gravatar.com/avatar/228a5e9aee2b8b2cc0b6538c6db75c16?s=48&d=retro","title":null,"verified":false,"service_account":false,"disabled":false,"allowed_login_methods":[],"status":"Pending"},"relationships":{"roles":{"data":[{"type":"roles","id":"94172444-be03-11e9-a77a-db1879185210"}]},"org":{"data":{"type":"orgs","id":"4dee724d-00cc-11ea-a77b-570c9d03c6c5"}}}}}'
    headers:
      Content-Type:
      - application/json
    status: 200 OK
    code: 200
    duration: "0ms"
- request:
    body: ""
    form: {}
    headers:
      Accept:
      - application/json
    url: https://api.datadoghq.com/api/v2/roles?filter=Datadog+Read+Only+Role
    method: GET
    id: 8
  response:
    body: '{"meta":{"page":{"total_filtered_count":1,"total_count":3471}},"data":[{"type":"roles","id":"94172444-be03-11e9-a77a-db1879185210","attributes":{"name":"Datadog Read Only Role","created_at":"2019-08-13T19:50:19.111007+00:00","modified_at":"2019-08-13T19:50:19.111007+00:00","user_count":16},"relationships":{"permissions":{"data":[{"type":"permissions","id":"5e605652-dd12-11e8-9e53-375565b8970e"},{"type":"permissions","id":"6f66600e-dd12-11e8-9e55-7f30fbb45e73"},{"type":"permissions","id":"d90f6830-d3d8-11e9-a77a-b3404e5e9ee2"},{"type":"permissions","id":"4441648c-d8b1-11e9-a77a-1b899a04b304"},{"type":"permissions","id":"1af86ce4-7823-11ea-93dc-d7cad1b1c6cb"},{"type":"permissions","id":"b382b982-8535-11ea-93de-2bf1bdf20798"},{"type":"permissions","id":"7314eb20-aa58-11ea-95e2-6fb6e4a451d5"},{"type":"permissions","id":"80de1ec0-aa58-11ea-95e2-aff381626d5d"},{"type":"permissions","id":"5025ee24-f923-11ea-adbc-576ea241df8d"},{"type":"permissions","id":"417ba636-2dce-11eb-84c0-6bce5b0d9de0"},{"type":"permissions","id":"43fa188e-2dce-11eb-84c0-835ad1fd6287"},{"type":"permissions","id":"4916eebe-2dce-11eb-84c0-271cb2c672e8"}]}}}]}'
    headers:
      Content-Type:
      - application/json
    status: 200 OK
    code: 200
    duration: "0ms"
- request:
    body: ""
    form: {}
    headers:
      Accept:
      - application/json
    url: https://api.datadoghq.com/api/v2/users/251a5d75-8696-11eb-9814-da7ad0900002
    method: DELETE
    id: 9
  response:
    body: ""
    headers:
      Content-Type:
      - application/json
    status: 204 No Content
    code: 204
    duration: "0ms"
- request:
    body: ""
    form: {}
    headers:
      Accept:
      - application/json
    url: https://api.datadoghq.com/api/v2/users/94172444-be03-11e9-a77a-db1879185210
    method: GET
    id: 10
  response:
    body: '{"errors": ["user not found"]}'
    headers:
      Content-Type:
      - application/json
    status: 404 Not Found
    code: 404
    duration: "0ms"
- request:
    body: ""
    form: {}
    headers:
      Accept:
      - application/json
    url: https://api.datadoghq.com/api/v2/users/251a5d75-8696-11eb-9814-da7ad0900002
    method: GET
    id: 11
  response:
    body: '{"included":[{"type":"permissions","id":"61765026-2dce-11eb-84c0-833e230d1b8f","attributes":{"name":"apm_primary_operation_write","display_name":"Primary Operation","description":"The ability to edit the operation name value selection. A user with this permission can modify the operation name list in the APM settings page and can modify the operation name controller on the service page.","created":"2020-11-23T20:56:38.658649+00:00","group_name":"APM","display_type":"write","restricted":false}},{"type":"permissions","id":"642eebe6-f923-11ea-adbc-eb617674ea04","attributes":{"name":"synthetics_default_settings_write","display_name":"Default Settings","description":"The ability to edit default settings for Synthetics Monitoring.","created":"2020-09-17T20:21:38.818771+00:00","group_name":"Synthetic Monitoring","display_type":"write","restricted":false}},{"type":"permissions","id":"d90f6832-d3d8-11e9-a77a-bf8a2607f864","attributes":{"name":"dashboards_public_share","display_name":"Dashboards
      Share","description":"The ability to share dashboards externally.","created":"2019-09-10T14:39:51.967094+00:00","group_name":"Dashboards","display_type":"other","restricted":false}},{"type":"permissions","id":"5c6b88e2-f923-11ea-adbc-abf57d079420","attributes":{"name":"synthetics_default_settings_read","display_name":"Default Settings","description":"The ability to view default settings for Synthetics Monitoring.","created":"2020-09-17T20:21:25.794160+00:00","group_name":"Synthetic Monitoring","display_type":"read","restricted":false}},{"type":"permissions","id":"3e4d4d28-f923-11ea-adbc-e3565938c12e","attributes":{"name":"api_keys_write","display_name":"API Keys","description":"The ability to create, rename, and revoke API Keys for your organization.","created":"2020-09-17T20:20:35.264430+00:00","group_name":"API and Application Keys","display_type":"write","restricted":false}},{"type":"permissions","id":"6f66600e-dd12-11e8-9e55-7f30fbb45e73","attributes":{"name":"logs_live_tail","display_name":"Logs
      Live Tail Access","description":"The ability to view the live tail feed for all log indexes, even if otherwise specifically restricted.","created":"2018-10-31T13:39:48.292879+00:00","group_name":"Logs","display_type":"read","restricted":false}},{"type":"permissions","id":"46a301e2-ec5c-11ea-aa9f-1f511b7305fd","attributes":{"name":"usage_edit","display_name":"Usage","description":"The ability to manage your organization''s usage attribution set-up.","created":"2020-09-01T14:06:05.444705+00:00","group_name":"Billing and Usage","display_type":"write","restricted":false}},{"type":"permissions","id":"4e3f02b4-2dce-11eb-84c0-2fca946a6efc","attributes":{"name":"apm_service_ingest_write","display_name":"Manage Service Ingestion","description":"The ability to edit Service Ingestion pages root services. A user with this permission can edit the root service ingestion and generate a code snippet to increase ingestion per service.","created":"2020-11-23T20:56:06.419518+00:00","group_name":"APM","display_type":"write","restricted":false}},{"type":"permissions","id":"984d2f00-d3b4-11e8-a200-bb47109e9987","attributes":{"name":"standard","display_name":"Standard
      Access","description":"This permission gives you the ability to view and edit components in your Datadog organization that do not have explicitly defined permissions. This includes APM, Events, and other non-Account Management functionality.","created":"2018-10-19T15:35:23.756736+00:00","group_name":"General","display_type":"other","restricted":false}},{"type":"permissions","id":"417ba636-2dce-11eb-84c0-6bce5b0d9de0","attributes":{"name":"apm_read","display_name":"APM Read Access","description":"The ability to read and query APM and Trace Analytics.","created":"2020-11-23T20:55:45.006110+00:00","group_name":"APM","display_type":"read","restricted":true}},{"type":"permissions","id":"62cc036c-dd12-11e8-9e54-db9995643092","attributes":{"name":"logs_modify_indexes","display_name":"Logs Modify Indexes","description":"The ability to read and modify all indexes in your account. This includes the ability to grant the Logs Read Index Data and Logs Write Exclusion Filter permission to other
      roles, for some or all indexes. This permission also grants global Log Index Read and Log Exclusion Filter Write implicitly.","created":"2018-10-31T13:39:27.148615+00:00","group_name":"Logs","display_type":"other","restricted":false}},{"type":"permissions","id":"55f4b5ec-f923-11ea-adbc-1bfa2334a755","attributes":{"name":"synthetics_write","display_name":"Synthetic Tests","description":"The ability to create, edit, and delete Synthetic tests.","created":"2020-09-17T20:21:14.949140+00:00","group_name":"Synthetic Monitoring","display_type":"write","restricted":false}},{"type":"permissions","id":"87b00304-dd12-11e8-9e59-cbeb5f71f72f","attributes":{"name":"logs_write_archives","display_name":"Logs Archives","description":"The ability to add and edit log archive locations.","created":"2018-10-31T13:40:29.040786+00:00","group_name":"Logs","display_type":"write","restricted":false}},{"type":"permissions","id":"984a2bd4-d3b4-11e8-a1ff-a7f660d43029","attributes":{"name":"admin","display_name":"Privileged
      Access","description":"This permission gives you the ability to view and edit everything in your Datadog organization that does not have an explicitly defined permission. This includes billing and usage, key, and organization management. This permission is inclusive of all Standard access permissions.","created":"2018-10-19T15:35:23.734317+00:00","group_name":"General","display_type":"other","restricted":false}},{"type":"permissions","id":"46a301de-ec5c-11ea-aa9f-a73252c24806","attributes":{"name":"synthetics_private_location_write","display_name":"Private Locations","description":"The ability to create and delete private locations as well as seeing the associated installation guidelines.","created":"2020-09-01T14:06:05.444705+00:00","group_name":"Synthetic Monitoring","display_type":"write","restricted":false}},{"type":"permissions","id":"46a301df-ec5c-11ea-aa9f-970a9ae645e5","attributes":{"name":"billing_read","display_name":"Billing","description":"The ability to view your organization''s
      subscription and payment method but not make edits.","created":"2020-09-01T14:06:05.444705+00:00","group_name":"Billing and Usage","display_type":"read","restricted":false}},{"type":"permissions","id":"7314eb20-aa58-11ea-95e2-6fb6e4a451d5","attributes":{"name":"security_monitoring_rules_read","display_name":"Detection Rules","description":"The ability to read Detection rules.","created":"2020-06-09T13:52:25.279909+00:00","group_name":"Security Monitoring","display_type":"read","restricted":false}},{"type":"permissions","id":"4d87d5f8-d8b1-11e9-a77a-eb9c8350d04f","attributes":{"name":"monitors_downtime","display_name":"Monitors Manage Downtimes","description":"The ability to set downtimes for your organization. A user with this permission can suppress alerts from any monitor using a downtime, even if they do not have permission to edit those monitors explicitly.","created":"2019-09-16T18:39:23.306702+00:00","group_name":"Monitors","display_type":"other","restricted":false}},{"type":"permissions","id":"5e605652-dd12-11e8-9e53-375565b8970e","attributes":{"name":"logs_read_index_data","display_name":"Logs
      Read Index Data","description":"The ability to read all or some log indexes. Can be granted in a limited capacity per index from the Logs interface or APIs. If granted via the Roles interface or API the permission has global scope.","created":"2018-10-31T13:39:19.727450+00:00","group_name":"Logs","display_type":"read","restricted":false}},{"type":"permissions","id":"46a301e0-ec5c-11ea-aa9f-6ba6cc675d8c","attributes":{"name":"billing_edit","display_name":"Billing","description":"The ability to manage your organization''s subscription and payment method.","created":"2020-09-01T14:06:05.444705+00:00","group_name":"Billing and Usage","display_type":"write","restricted":false}},{"type":"permissions","id":"9ac1d8cc-e707-11ea-aa2d-73d37e989a9d","attributes":{"name":"user_access_invite","display_name":"Invite User","description":"Allows users to invite other users to your organization.","created":"2020-08-25T19:17:23.539701+00:00","group_name":"User Access","display_type":"other","restricted":false}},{"type":"permissions","id":"43fa188e-2dce-11eb-84c0-835ad1fd6287","attributes":{"name":"apm_retention_filter_read","display_name":"Manage
      Retention Filters","description":"The ability to read trace retention filters. A user with this permission can view the retention filters page, list of filters, their statistics, and creation info.","created":"2020-11-23T20:55:49.190595+00:00","group_name":"APM","display_type":"read","restricted":false}},{"type":"permissions","id":"d90f6830-d3d8-11e9-a77a-b3404e5e9ee2","attributes":{"name":"dashboards_read","display_name":"Dashboards","description":"The ability to view dashboards.","created":"2019-09-10T14:39:51.955175+00:00","group_name":"Dashboards","display_type":"read","restricted":true}},{"type":"permissions","id":"fcac2ad8-2843-11eb-8315-0fe47949d625","attributes":{"name":"integrations_api","display_name":"Integrations API Access","description":"The ability to use the Integrations APIs to configure Integrations that the user has access to. This permission does not restrict or grant access to Integrations.","created":"2020-11-16T19:43:23.198568+00:00","group_name":"Integrations","display_type":"other","restricted":false}},{"type":"permissions","id":"9de604d8-e707-11ea-aa2d-93f1a783b3a3","attributes":{"name":"user_access_manage","display_name":"Access
      Management","description":"Grants the permission to disable users, manage user roles and SAML-to-role mappings.","created":"2020-08-25T19:17:28.810412+00:00","group_name":"User Access","display_type":"other","restricted":false}},{"type":"permissions","id":"6ba32d22-0e1a-11eb-ba44-bf9a5aafaa39","attributes":{"name":"logs_write_facets","display_name":"Logs Facets","description":"The capability to create or edit logs facets.","created":"2020-10-14T12:40:20.271908+00:00","group_name":"Logs","display_type":"write","restricted":false}},{"type":"permissions","id":"46a301e1-ec5c-11ea-aa9f-afa39f6f3e36","attributes":{"name":"usage_read","display_name":"Usage","description":"The ability to view your organization''s usage and usage attribution.","created":"2020-09-01T14:06:05.444705+00:00","group_name":"Billing and Usage","display_type":"read","restricted":false}},{"type":"permissions","id":"53950c54-2dce-11eb-84c0-a79ae108f6f8","attributes":{"name":"apm_apdex_manage_write","display_name":"Apdex
      Management","description":"The ability to set Apdex T value on any service. A user with this permission can set the T value from the Apdex graph on the service page.","created":"2020-11-23T20:56:15.371926+00:00","group_name":"APM","display_type":"write","restricted":false}},{"type":"permissions","id":"811ac4ca-dd12-11e8-9e57-676a7f0beef9","attributes":{"name":"logs_write_pipelines","display_name":"Logs Write Pipelines","description":"The ability to add and change log pipeline configurations, including the ability to grant the Logs Write Processors permission to other roles, for some or all pipelines. This permission also grants global Log Processor Write implicitly.","created":"2018-10-31T13:40:17.996379+00:00","group_name":"Logs","display_type":"other","restricted":false}},{"type":"permissions","id":"b382b982-8535-11ea-93de-2bf1bdf20798","attributes":{"name":"logs_read_archives","display_name":"Logs Archives","description":"The ability to read logs archives location and use it for
      rehydration.","created":"2020-04-23T07:40:27.966133+00:00","group_name":"Logs","display_type":"read","restricted":false}},{"type":"permissions","id":"46a301dc-ec5c-11ea-aa9f-13b33f8f46ea","attributes":{"name":"org_app_keys_write","display_name":"Organization Application Keys","description":"The ability to manage Application Keys owned by all users in the organization.","created":"2020-09-01T14:06:05.444705+00:00","group_name":"API and Application Keys","display_type":"write","restricted":false}},{"type":"permissions","id":"5cbe5f9c-2dce-11eb-84c0-872d3e9f1076","attributes":{"name":"apm_tag_management_write","display_name":"Primary Tag Management","description":"The ability to edit second primary tag selection. A user with this permission can modify the second primary tag dropdown in the APM settings page.","created":"2020-11-23T20:56:30.742299+00:00","group_name":"APM","display_type":"write","restricted":false}},{"type":"permissions","id":"5025ee24-f923-11ea-adbc-576ea241df8d","attributes":{"name":"synthetics_read","display_name":"Synthetic
      Tests","description":"The ability to list and view configured Synthetic tests.","created":"2020-09-17T20:21:05.205361+00:00","group_name":"Synthetic Monitoring","display_type":"read","restricted":false}},{"type":"permissions","id":"465cfe66-2dce-11eb-84c0-6baa888239fa","attributes":{"name":"apm_retention_filter_write","display_name":"Manage Retention Filters","description":"The ability to create, edit and delete trace retention filters. A user with this permission can create new retention filters, and update or delete to existing retention filters.","created":"2020-11-23T20:55:53.194236+00:00","group_name":"APM","display_type":"write","restricted":false}},{"type":"permissions","id":"d90f6831-d3d8-11e9-a77a-4fd230ddbc6a","attributes":{"name":"dashboards_write","display_name":"Dashboards","description":"The ability to create and change dashboards.","created":"2019-09-10T14:39:51.962944+00:00","group_name":"Dashboards","display_type":"write","restricted":false}},{"type":"permissions","id":"4916eebe-2dce-11eb-84c0-271cb2c672e8","attributes":{"name":"apm_service_ingest_read","display_name":"Manage
      Service Ingestion","description":"The ability to access Service Ingestion pages. A user with this permission can view the service ingestion page, list of root service, their statistics, and creation info.","created":"2020-11-23T20:55:57.768261+00:00","group_name":"APM","display_type":"read","restricted":false}},{"type":"permissions","id":"46a301dd-ec5c-11ea-aa9f-97edfb345bc9","attributes":{"name":"synthetics_private_location_read","display_name":"Private Locations","description":"The ability to view the list of private locations available.","created":"2020-09-01T14:06:05.444705+00:00","group_name":"Synthetic Monitoring","display_type":"read","restricted":false}},{"type":"permissions","id":"1a92ede2-6cb2-11e9-99c6-2b3a4a0cdf0a","attributes":{"name":"logs_public_config_api","display_name":"Logs Public Config API","description":"The ability to access and edit logs configurations via the API.","created":"2019-05-02T08:13:01.731092+00:00","group_name":"Logs","display_type":"other","restricted":false}},{"type":"permissions","id":"46a301db-ec5c-11ea-aa9f-2fe72193d60e","attributes":{"name":"org_app_keys_read","display_name":"Organization
      Application Keys","description":"The ability to view Application Keys owned by all users in the organization.","created":"2020-09-01T14:06:05.444705+00:00","group_name":"API and Application Keys","display_type":"read","restricted":false}},{"type":"permissions","id":"7b516476-aa58-11ea-95e2-93718cd56369","attributes":{"name":"security_monitoring_rules_write","display_name":"Detection Rules","description":"The ability to create and edit Detection rules.","created":"2020-06-09T13:52:39.099413+00:00","group_name":"Security Monitoring","display_type":"write","restricted":false}},{"type":"permissions","id":"46a301e4-ec5c-11ea-aa9f-87282b3a50cc","attributes":{"name":"metric_tags_write","display_name":"Manage Tags for Metrics","description":"The ability to edit and save tag configurations for custom metrics.","created":"2020-09-01T14:06:05.444705+00:00","group_name":"Metrics","display_type":"write","restricted":false}},{"type":"permissions","id":"4628ca54-f923-11ea-adbc-4b2b7f88c5e9","attributes":{"name":"synthetics_global_variable_read","display_name":"Global
      Variables","description":"The ability to view and search through all the existing global variables for Synthetics.","created":"2020-09-17T20:20:48.446916+00:00","group_name":"Synthetic Monitoring","display_type":"read","restricted":false}},{"type":"roles","id":"94172444-be03-11e9-a77a-db1879185210","attributes":{"name":"Datadog Read Only Role","created_at":"2019-08-13T19:50:19.111007+00:00","modified_at":"2019-08-13T19:50:19.111007+00:00"},"relationships":{"permissions":{"data":[{"type":"permissions","id":"5e605652-dd12-11e8-9e53-375565b8970e"},{"type":"permissions","id":"6f66600e-dd12-11e8-9e55-7f30fbb45e73"},{"type":"permissions","id":"d90f6830-d3d8-11e9-a77a-b3404e5e9ee2"},{"type":"permissions","id":"4441648c-d8b1-11e9-a77a-1b899a04b304"},{"type":"permissions","id":"1af86ce4-7823-11ea-93dc-d7cad1b1c6cb"},{"type":"permissions","id":"b382b982-8535-11ea-93de-2bf1bdf20798"},{"type":"permissions","id":"7314eb20-aa58-11ea-95e2-6fb6e4a451d5"},{"type":"permissions","id":"80de1ec0-aa58-11ea-95e2-aff381626d5d"},{"type":"permissions","id":"5025ee24-f923-11ea-adbc-576ea241df8d"},{"type":"permissions","id":"417ba636-2dce-11eb-84c0-6bce5b0d9de0"},{"type":"permissions","id":"43fa188e-2dce-11eb-84c0-835ad1fd6287"},{"type":"permissions","id":"4916eebe-2dce-11eb-84c0-271cb2c672e8"}]}}},{"type":"permissions","id":"84aa3ae4-dd12-11e8-9e58-a373a514ccd0","attributes":{"name":"logs_write_processors","display_name":"Log
      Write Processors","description":"The ability to add and change some or all log processor configurations. Can be granted in a limited capacity per pipeline to specific roles via the Logs interface or API. If granted via the Roles interface or API the permission has global scope.","created":"2018-10-31T13:40:23.969725+00:00","group_name":"Logs","display_type":"write","restricted":false}},{"type":"permissions","id":"07c3c146-f7f8-11ea-acf6-0bd62b9ae60e","attributes":{"name":"logs_write_historical_view","display_name":"Logs Historical View","description":"The capability to rehydrate logs from Archives.","created":"2020-09-16T08:38:44.242076+00:00","group_name":"Logs","display_type":"write","restricted":false}},{"type":"permissions","id":"80de1ec0-aa58-11ea-95e2-aff381626d5d","attributes":{"name":"security_monitoring_signals_read","display_name":"Security Signals","description":"The ability to view Security signals.","created":"2020-06-09T13:52:48.410398+00:00","group_name":"Security Monitoring","display_type":"read","restricted":false}},{"type":"permissions","id":"979df720-aed7-11e9-99c6-a7eb8373165a","attributes":{"name":"logs_generate_metrics","display_name":"Log
      Generate Metrics","description":"The ability to create custom metrics from logs.","created":"2019-07-25T12:27:39.640758+00:00","group_name":"Logs","display_type":"other","restricted":false}},{"type":"permissions","id":"4ada6e36-f923-11ea-adbc-0788e5c5e3cf","attributes":{"name":"synthetics_global_variable_write","display_name":"Global Variables","description":"The ability to create, edit, and delete global variables for Synthetics.","created":"2020-09-17T20:20:56.322003+00:00","group_name":"Synthetic Monitoring","display_type":"write","restricted":false}},{"type":"permissions","id":"8106300a-54f7-11eb-8cbc-7781a434a67b","attributes":{"name":"rum_apps_write","display_name":"RUM Applications","description":"The ability to create, edit, and delete RUM Applications.","created":"2021-01-12T16:59:16.324480+00:00","group_name":"Real User Monitoring","display_type":"write","restricted":false}},{"type":"permissions","id":"1af86ce4-7823-11ea-93dc-d7cad1b1c6cb","attributes":{"name":"logs_read_data","display_name":"Logs
      Read Data","description":"The ability to read log data. Can be restricted with restriction queries.","created":"2020-04-06T16:24:35.989108+00:00","group_name":"Logs","display_type":"read","restricted":false}},{"type":"permissions","id":"48ef71ea-d8b1-11e9-a77a-93f408470ad0","attributes":{"name":"monitors_write","display_name":"Monitors","description":"The ability to change, mute, and delete individual monitors.","created":"2019-09-16T18:39:15.597109+00:00","group_name":"Monitors","display_type":"write","restricted":false}},{"type":"permissions","id":"4441648c-d8b1-11e9-a77a-1b899a04b304","attributes":{"name":"monitors_read","display_name":"Monitors","description":"The ability to view monitors.","created":"2019-09-16T18:39:07.744297+00:00","group_name":"Monitors","display_type":"read","restricted":true}},{"type":"permissions","id":"46a301da-ec5c-11ea-aa9f-73bedeab67ee","attributes":{"name":"user_app_keys","display_name":"User Application Keys","description":"The ability to view and
      manage Application Keys owned by the user.","created":"2020-09-01T14:06:05.444705+00:00","group_name":"API and Application Keys","display_type":"other","restricted":false}},{"type":"permissions","id":"372896c4-f923-11ea-adbc-4fecd107156d","attributes":{"name":"api_keys_read","display_name":"API Keys","description":"The ability to list and retrive the key values of all API Keys in your organization.","created":"2020-09-17T20:20:23.279769+00:00","group_name":"API and Application Keys","display_type":"read","restricted":false}}],"data":{"type":"users","id":"251a5d75-8696-11eb-9814-da7ad0900002","attributes":{"name":"Test User","handle":"tf-testaccdatadoguser_roledatasource-local-1615926497@example.com","created_at":"2021-03-16T20:28:19.875724+00:00","email":"tf-testaccdatadoguser_roledatasource-local-1615926497@example.com","icon":"https://secure.gravatar.com/avatar/228a5e9aee2b8b2cc0b6538c6db75c16?s=48&d=retro","title":null,"verified":false,"service_account":false,"disabled":true,"allowed_login_methods":[],"status":"Disabled"},"relationships":{"roles":{"data":[{"type":"roles","id":"94172444-be03-11e9-a77a-db1879185210"}]},"org":{"data":{"type":"orgs","id":"4dee724d-00cc-11ea-a77b-570c9d03c6c5"}}}}}'
    headers:
      Content-Type:
      - application/json
    status: 200 OK
    code: 200
    duration: "0ms"
