---
version: 1
interactions:
- request:
    body: |
      {"cases":[{"condition":"a \u003e 0","name":"","notifications":[],"status":"high"}],"hasExtendedTitle":false,"isEnabled":true,"message":"acceptance rule triggered","name":"tf-TestAccDatadogSecurityMonitoringRule_Import-local-1656675373","options":{"detectionMethod":"threshold","evaluationWindow":300,"keepAlive":600,"maxSignalDuration":900},"queries":[{"aggregation":"count","distinctFields":[],"groupByFields":["host"],"metric":"","name":"","query":"does not really match much"}],"type":"log_detection"}
    form: {}
    headers:
      Accept:
      - application/json
      Content-Type:
      - application/json
    url: https://api.datadoghq.com/api/v2/security_monitoring/rules
    method: POST
  response:
    body: |
      {"creationAuthorId":1445416,"tags":[],"isEnabled":true,"hasExtendedTitle":false,"message":"acceptance rule triggered","options":{"detectionMethod":"threshold","evaluationWindow":300,"maxSignalDuration":900,"keepAlive":600},"version":1,"createdAt":1656675389556,"filters":[],"queries":[{"distinctFields":[],"name":"","metric":"","aggregation":"count","groupByFields":["host"],"query":"does not really match much"}],"isDeleted":false,"cases":[{"status":"high","notifications":[],"name":"","condition":"a > 0"}],"type":"log_detection","id":"ujj-7du-dga","isDefault":false,"name":"tf-TestAccDatadogSecurityMonitoringRule_Import-local-1656675373"}
    headers:
      Content-Type:
      - application/json
    status: 200 OK
    code: 200
    duration: ""
- request:
    body: ""
    form: {}
    headers:
      Accept:
      - application/json
    url: https://api.datadoghq.com/api/v2/security_monitoring/rules/ujj-7du-dga
    method: GET
  response:
    body: |
      {"creationAuthorId":1445416,"tags":[],"isEnabled":true,"hasExtendedTitle":false,"message":"acceptance rule triggered","options":{"detectionMethod":"threshold","evaluationWindow":300,"maxSignalDuration":900,"keepAlive":600},"version":1,"createdAt":1656675389556,"filters":[],"queries":[{"distinctFields":[],"name":"","metric":"","aggregation":"count","groupByFields":["host"],"query":"does not really match much"}],"isDeleted":false,"cases":[{"status":"high","notifications":[],"name":"","condition":"a > 0"}],"type":"log_detection","id":"ujj-7du-dga","isDefault":false,"name":"tf-TestAccDatadogSecurityMonitoringRule_Import-local-1656675373"}
    headers:
      Content-Type:
      - application/json
    status: 200 OK
    code: 200
    duration: ""
- request:
    body: ""
    form: {}
    headers:
      Accept:
      - application/json
    url: https://api.datadoghq.com/api/v2/security_monitoring/rules/ujj-7du-dga
    method: GET
  response:
    body: |
      {"creationAuthorId":1445416,"tags":[],"isEnabled":true,"hasExtendedTitle":false,"message":"acceptance rule triggered","options":{"detectionMethod":"threshold","evaluationWindow":300,"maxSignalDuration":900,"keepAlive":600},"version":1,"createdAt":1656675389556,"filters":[],"queries":[{"distinctFields":[],"name":"","metric":"","aggregation":"count","groupByFields":["host"],"query":"does not really match much"}],"isDeleted":false,"cases":[{"status":"high","notifications":[],"name":"","condition":"a > 0"}],"type":"log_detection","id":"ujj-7du-dga","isDefault":false,"name":"tf-TestAccDatadogSecurityMonitoringRule_Import-local-1656675373"}
    headers:
      Content-Type:
      - application/json
    status: 200 OK
    code: 200
    duration: ""
- request:
    body: ""
    form: {}
    headers:
      Accept:
      - '*/*'
    url: https://api.datadoghq.com/api/v2/security_monitoring/rules/ujj-7du-dga
    method: DELETE
  response:
    body: ""
    headers: {}
    status: 204 No Content
    code: 204
    duration: ""
- request:
    body: ""
    form: {}
    headers:
      Accept:
      - application/json
    url: https://api.datadoghq.com/api/v2/security_monitoring/rules/ujj-7du-dga
    method: GET
  response:
    body: |
      {"errors":["Threat detection rule not found: ujj-7du-dga"]}
    headers:
      Content-Type:
      - application/json
    status: 404 Not Found
    code: 404
    duration: ""
