---
version: 1
interactions:
- request:
    body: |
      {"account_id":"555657101504","role_name":"testacc-datadog-integration-role"}
    form: {}
    headers:
      Accept:
      - application/json
      Content-Type:
      - application/json
      Dd-Operation-Id:
      - CreateAWSAccount
      User-Agent:
      - terraform-provider-datadog/dev (terraform 1.15.0; terraform-cli 0.12.7-sdk)
        datadog-api-client-go/1.0.0-beta.13+dev (go go1.15.4; os darwin; arch amd64)
      X-Datadog-Parent-Id:
      - "6180951739570953434"
      X-Datadog-Sampling-Priority:
      - "1"
      X-Datadog-Trace-Id:
      - "3926337677157228344"
    url: https://api.datadoghq.com/api/v1/integration/aws
    method: POST
  response:
    body: '{"external_id":"b562bf4d5a434d5aa0d5850118d84f46"}'
    headers:
      Cache-Control:
      - no-cache
      Connection:
      - keep-alive
      Content-Security-Policy:
      - frame-ancestors 'self'; report-uri https://api.datadoghq.com/csp-report
      Content-Type:
      - application/json
      Date:
      - Thu, 31 Dec 2020 14:44:24 GMT
      Pragma:
      - no-cache
      Set-Cookie:
      - DD-PSHARD=233; Max-Age=604800; Path=/; expires=Thu, 07-Jan-2021 14:44:22 GMT;
        secure; HttpOnly
      Strict-Transport-Security:
      - max-age=15724800;
      Vary:
      - Accept-Encoding
      X-Content-Type-Options:
      - nosniff
      X-Dd-Debug:
      - uJ83xA1OCfjNbetv+4JhF+oFizEHF56t3Lja6jtB8P5etMWBi14GRkWSrGetOvyr
      X-Dd-Version:
      - "35.3622023"
      X-Frame-Options:
      - SAMEORIGIN
    status: 200 OK
    code: 200
    duration: ""
- request:
    body: ""
    form: {}
    headers:
      Accept:
      - application/json
      Dd-Operation-Id:
      - ListAWSAccounts
      User-Agent:
      - terraform-provider-datadog/dev (terraform 1.15.0; terraform-cli 0.12.7-sdk)
        datadog-api-client-go/1.0.0-beta.13+dev (go go1.15.4; os darwin; arch amd64)
      X-Datadog-Parent-Id:
      - "2601635400029870448"
      X-Datadog-Sampling-Priority:
      - "1"
      X-Datadog-Trace-Id:
      - "3926337677157228344"
    url: https://api.datadoghq.com/api/v1/integration/aws
    method: GET
  response:
    body: '{"accounts":[{"role_name":"Different-Role","excluded_regions":["us-east-1","us-west-1"],"account_id":"go-TestAWSIntegrationCreateConflictErrors-32940-1605796439","host_tags":["filter:one","filtertwo"],"account_specific_namespace_rules":{"opsworks":true},"errors":[],"filter_tags":["testTag","test:Tag2"]},{"role_name":"Java
      Client Role Name_0","excluded_regions":[],"account_id":"java_jH7Yd-0","host_tags":["java_test_tag:value"],"account_specific_namespace_rules":{"api_gateway":false},"errors":[],"filter_tags":["dontCollect:java"]},{"role_name":"Java
      Client Role Name_4","excluded_regions":[],"account_id":"java_qQw1b-4","host_tags":["java_test_tag:value"],"account_specific_namespace_rules":{"api_gateway":false},"errors":[],"filter_tags":["dontCollect:java"]},{"role_name":"testacc-datadog-integration-role","excluded_regions":[],"account_id":"102575153985","host_tags":[],"account_specific_namespace_rules":{},"errors":[],"filter_tags":[]},{"role_name":"java-aWSLogsCheckLambdaAsyncTest-34561-1606825760","excluded_regions":[],"account_id":"java_h17p93F","host_tags":["javaTag:one","java:success","javaTag:one","java:success","javaTag:one","java:success","javaTag:one","java:success","javaTag:one","java:success","javaTag:one","java:success","javaTag:one","java:success","javaTag:one","java:success","javaTag:one","java:success","javaTag:one","java:success"],"account_specific_namespace_rules":{"api_gateway":true},"errors":[],"filter_tags":["dontCollect:java","dontCollect:java","dontCollect:java","dontCollect:java","dontCollect:java","dontCollect:java","dontCollect:java","dontCollect:java","dontCollect:java","dontCollect:java"]},{"role_name":"Java
      Client Role Name_4","excluded_regions":[],"account_id":"java_8UeQR-4","host_tags":["java_test_tag:value"],"account_specific_namespace_rules":{"api_gateway":false},"errors":[],"filter_tags":["dontCollect:java"]},{"role_name":"java-aWSLogsAddListEnableAndDeleteTest-36408-1607967687","excluded_regions":[],"account_id":"java_yPAQlge","host_tags":["javaTag:one","java:success","javaTag:one","java:success"],"account_specific_namespace_rules":{"api_gateway":true},"errors":[],"filter_tags":["dontCollect:java","dontCollect:java"]},{"role_name":"DatadogAWSIntegrationRole","excluded_regions":[],"account_id":"123456789012","host_tags":[],"account_specific_namespace_rules":{},"errors":[],"filter_tags":[]},{"role_name":"Java
      Client Role Name_2","excluded_regions":[],"account_id":"java_C2Aee-2","host_tags":["java_test_tag:value"],"account_specific_namespace_rules":{"api_gateway":false},"errors":[],"filter_tags":["dontCollect:java"]},{"role_name":"Java
      Client Role Name_1","excluded_regions":[],"account_id":"java_f5HKW-1","host_tags":["java_test_tag:value"],"account_specific_namespace_rules":{"api_gateway":false},"errors":[],"filter_tags":["dontCollect:java"]},{"role_name":"testacc-datadog-integration-role","excluded_regions":[],"account_id":"100101100525","host_tags":[],"account_specific_namespace_rules":{},"errors":[],"filter_tags":[]},{"role_name":"java-generateNewExternalIdTest-37995-1608813890","excluded_regions":[],"account_id":"java_5UF81Rw","host_tags":[],"account_specific_namespace_rules":{},"errors":[],"filter_tags":[]},{"role_name":"DatadogAWSIntegrationRole","excluded_regions":["us-east-1","us-west-1"],"account_id":"go-TestAWSIntegrationCreateConflictErrors-38515-1609254152","host_tags":["filter:one","filtertwo"],"account_specific_namespace_rules":{"opsworks":true},"errors":[],"filter_tags":["testTag","test:Tag2"]},{"role_name":"DatadogAWSIntegrationRole","excluded_regions":["us-east-1","us-west-1"],"account_id":"go-TestCreateAWSAccount-38499-1609254154","host_tags":["filter:one","filtertwo"],"account_specific_namespace_rules":{"opsworks":true},"errors":[],"filter_tags":["testTag","test:Tag2"]},{"role_name":"testacc-datadog-integration-role","excluded_regions":[],"account_id":"555657101504","host_tags":[],"account_specific_namespace_rules":{},"errors":[],"filter_tags":[]}]}'
    headers:
      Cache-Control:
      - no-cache
      Connection:
      - keep-alive
      Content-Security-Policy:
      - frame-ancestors 'self'; report-uri https://api.datadoghq.com/csp-report
      Content-Type:
      - application/json
      Date:
      - Thu, 31 Dec 2020 14:44:24 GMT
      Pragma:
      - no-cache
      Set-Cookie:
      - DD-PSHARD=233; Max-Age=604800; Path=/; expires=Thu, 07-Jan-2021 14:44:24 GMT;
        secure; HttpOnly
      Strict-Transport-Security:
      - max-age=15724800;
      Vary:
      - Accept-Encoding
      X-Content-Type-Options:
      - nosniff
      X-Dd-Debug:
      - 0dpwUqkfQHWkgXeMRxMzd53GmXFItYtBrsUmywck00fH892lNzaBVoL155iIFepa
      X-Dd-Version:
      - "35.3622023"
      X-Frame-Options:
      - SAMEORIGIN
    status: 200 OK
    code: 200
    duration: ""
- request:
    body: |
      {"data":{"attributes":{"destination":{"bucket":"my-bucket","integration":{"account_id":"555657101504","role_name":"testacc-datadog-integration-role"},"path":"/path/foo","type":"s3"},"include_tags":true,"name":"my first s3 archive","query":"service:tutu","rehydration_tags":["team:intake","team:app"]},"type":"archives"}}
    form: {}
    headers:
      Accept:
      - application/json
      Content-Type:
      - application/json
      Dd-Operation-Id:
      - CreateLogsArchive
      User-Agent:
      - terraform-provider-datadog/dev (terraform 1.15.0; terraform-cli 0.12.7-sdk)
        datadog-api-client-go/1.0.0-beta.13+dev (go go1.15.4; os darwin; arch amd64)
      X-Datadog-Parent-Id:
      - "1753706745313474358"
      X-Datadog-Sampling-Priority:
      - "1"
      X-Datadog-Trace-Id:
      - "3926337677157228344"
    url: https://api.datadoghq.com/api/v2/logs/config/archives
    method: POST
  response:
    body: '{"data":{"type":"archives","id":"IfAwd64dTkeY7RcWZgBODQ","attributes":{"name":"my
      first s3 archive","query":"service:tutu","state":"UNKNOWN","destination":{"bucket":"my-bucket","path":"/path/foo","type":"s3","integration":{"role_name":"testacc-datadog-integration-role","account_id":"555657101504"}},"rehydration_tags":["team:intake","team:app"],"include_tags":true}}}'
    headers:
      Cache-Control:
      - no-cache
      Connection:
      - keep-alive
      Content-Security-Policy:
      - frame-ancestors 'self'; report-uri https://api.datadoghq.com/csp-report
      Content-Type:
      - application/json
      Date:
      - Thu, 31 Dec 2020 14:44:25 GMT
      Pragma:
      - no-cache
      Set-Cookie:
      - DD-PSHARD=233; Max-Age=604800; Path=/; expires=Thu, 07-Jan-2021 14:44:25 GMT;
        secure; HttpOnly
      Strict-Transport-Security:
      - max-age=15724800;
      Vary:
      - Accept-Encoding
      X-Content-Type-Options:
      - nosniff
      X-Dd-Debug:
      - FELlv8T8VRoaBxHjLbAG9Fvj68G6pP0FZF7JKMI72/5H4OtG/s8AVYiF1c9f4D6g
      X-Dd-Version:
      - "35.3622023"
      X-Frame-Options:
      - SAMEORIGIN
      X-Ratelimit-Limit:
      - "100"
      X-Ratelimit-Period:
      - "3600"
      X-Ratelimit-Remaining:
      - "83"
      X-Ratelimit-Reset:
      - "935"
    status: 200 OK
    code: 200
    duration: ""
- request:
    body: ""
    form: {}
    headers:
      Accept:
      - application/json
      Dd-Operation-Id:
      - GetLogsArchive
      User-Agent:
      - terraform-provider-datadog/dev (terraform 1.15.0; terraform-cli 0.12.7-sdk)
        datadog-api-client-go/1.0.0-beta.13+dev (go go1.15.4; os darwin; arch amd64)
      X-Datadog-Parent-Id:
      - "3472194713799583946"
      X-Datadog-Sampling-Priority:
      - "1"
      X-Datadog-Trace-Id:
      - "3926337677157228344"
    url: https://api.datadoghq.com/api/v2/logs/config/archives/IfAwd64dTkeY7RcWZgBODQ
    method: GET
  response:
    body: '{"data":{"type":"archives","id":"IfAwd64dTkeY7RcWZgBODQ","attributes":{"name":"my
      first s3 archive","query":"service:tutu","state":"UNKNOWN","destination":{"bucket":"my-bucket","path":"/path/foo","type":"s3","integration":{"role_name":"testacc-datadog-integration-role","account_id":"555657101504"}},"rehydration_tags":["team:intake","team:app"],"include_tags":true}}}'
    headers:
      Cache-Control:
      - no-cache
      Connection:
      - keep-alive
      Content-Security-Policy:
      - frame-ancestors 'self'; report-uri https://api.datadoghq.com/csp-report
      Content-Type:
      - application/json
      Date:
      - Thu, 31 Dec 2020 14:44:25 GMT
      Pragma:
      - no-cache
      Set-Cookie:
      - DD-PSHARD=233; Max-Age=604800; Path=/; expires=Thu, 07-Jan-2021 14:44:25 GMT;
        secure; HttpOnly
      Strict-Transport-Security:
      - max-age=15724800;
      Vary:
      - Accept-Encoding
      X-Content-Type-Options:
      - nosniff
      X-Dd-Debug:
      - JNmeA3l0ccOXtA8wh8DpQGSmyIQ4z3r0Sqn1W1sQHkMGKxYzMqf/DJpF1RAS+Dpy
      X-Dd-Version:
      - "35.3622023"
      X-Frame-Options:
      - SAMEORIGIN
      X-Ratelimit-Limit:
      - "5000"
      X-Ratelimit-Period:
      - "3600"
      X-Ratelimit-Remaining:
      - "4946"
      X-Ratelimit-Reset:
      - "935"
    status: 200 OK
    code: 200
    duration: ""
- request:
    body: ""
    form: {}
    headers:
      Accept:
      - application/json
      Dd-Operation-Id:
      - ListAWSAccounts
      User-Agent:
      - terraform-provider-datadog/dev (terraform 1.15.0; terraform-cli 0.12.7-sdk)
        datadog-api-client-go/1.0.0-beta.13+dev (go go1.15.4; os darwin; arch amd64)
      X-Datadog-Parent-Id:
      - "8261620332136431051"
      X-Datadog-Sampling-Priority:
      - "1"
      X-Datadog-Trace-Id:
      - "3926337677157228344"
    url: https://api.datadoghq.com/api/v1/integration/aws
    method: GET
  response:
    body: '{"accounts":[{"role_name":"Different-Role","excluded_regions":["us-east-1","us-west-1"],"account_id":"go-TestAWSIntegrationCreateConflictErrors-32940-1605796439","host_tags":["filter:one","filtertwo"],"account_specific_namespace_rules":{"opsworks":true},"errors":[],"filter_tags":["testTag","test:Tag2"]},{"role_name":"Java
      Client Role Name_0","excluded_regions":[],"account_id":"java_jH7Yd-0","host_tags":["java_test_tag:value"],"account_specific_namespace_rules":{"api_gateway":false},"errors":[],"filter_tags":["dontCollect:java"]},{"role_name":"Java
      Client Role Name_4","excluded_regions":[],"account_id":"java_qQw1b-4","host_tags":["java_test_tag:value"],"account_specific_namespace_rules":{"api_gateway":false},"errors":[],"filter_tags":["dontCollect:java"]},{"role_name":"testacc-datadog-integration-role","excluded_regions":[],"account_id":"102575153985","host_tags":[],"account_specific_namespace_rules":{},"errors":[],"filter_tags":[]},{"role_name":"java-aWSLogsCheckLambdaAsyncTest-34561-1606825760","excluded_regions":[],"account_id":"java_h17p93F","host_tags":["javaTag:one","java:success","javaTag:one","java:success","javaTag:one","java:success","javaTag:one","java:success","javaTag:one","java:success","javaTag:one","java:success","javaTag:one","java:success","javaTag:one","java:success","javaTag:one","java:success","javaTag:one","java:success"],"account_specific_namespace_rules":{"api_gateway":true},"errors":[],"filter_tags":["dontCollect:java","dontCollect:java","dontCollect:java","dontCollect:java","dontCollect:java","dontCollect:java","dontCollect:java","dontCollect:java","dontCollect:java","dontCollect:java"]},{"role_name":"Java
      Client Role Name_4","excluded_regions":[],"account_id":"java_8UeQR-4","host_tags":["java_test_tag:value"],"account_specific_namespace_rules":{"api_gateway":false},"errors":[],"filter_tags":["dontCollect:java"]},{"role_name":"java-aWSLogsAddListEnableAndDeleteTest-36408-1607967687","excluded_regions":[],"account_id":"java_yPAQlge","host_tags":["javaTag:one","java:success","javaTag:one","java:success"],"account_specific_namespace_rules":{"api_gateway":true},"errors":[],"filter_tags":["dontCollect:java","dontCollect:java"]},{"role_name":"DatadogAWSIntegrationRole","excluded_regions":[],"account_id":"123456789012","host_tags":[],"account_specific_namespace_rules":{},"errors":[],"filter_tags":[]},{"role_name":"Java
      Client Role Name_2","excluded_regions":[],"account_id":"java_C2Aee-2","host_tags":["java_test_tag:value"],"account_specific_namespace_rules":{"api_gateway":false},"errors":[],"filter_tags":["dontCollect:java"]},{"role_name":"Java
      Client Role Name_1","excluded_regions":[],"account_id":"java_f5HKW-1","host_tags":["java_test_tag:value"],"account_specific_namespace_rules":{"api_gateway":false},"errors":[],"filter_tags":["dontCollect:java"]},{"role_name":"testacc-datadog-integration-role","excluded_regions":[],"account_id":"100101100525","host_tags":[],"account_specific_namespace_rules":{},"errors":[],"filter_tags":[]},{"role_name":"java-generateNewExternalIdTest-37995-1608813890","excluded_regions":[],"account_id":"java_5UF81Rw","host_tags":[],"account_specific_namespace_rules":{},"errors":[],"filter_tags":[]},{"role_name":"DatadogAWSIntegrationRole","excluded_regions":["us-east-1","us-west-1"],"account_id":"go-TestAWSIntegrationCreateConflictErrors-38515-1609254152","host_tags":["filter:one","filtertwo"],"account_specific_namespace_rules":{"opsworks":true},"errors":[],"filter_tags":["testTag","test:Tag2"]},{"role_name":"DatadogAWSIntegrationRole","excluded_regions":["us-east-1","us-west-1"],"account_id":"go-TestCreateAWSAccount-38499-1609254154","host_tags":["filter:one","filtertwo"],"account_specific_namespace_rules":{"opsworks":true},"errors":[],"filter_tags":["testTag","test:Tag2"]},{"role_name":"testacc-datadog-integration-role","excluded_regions":[],"account_id":"555657101504","host_tags":[],"account_specific_namespace_rules":{},"errors":[],"filter_tags":[]}]}'
    headers:
      Cache-Control:
      - no-cache
      Connection:
      - keep-alive
      Content-Security-Policy:
      - frame-ancestors 'self'; report-uri https://api.datadoghq.com/csp-report
      Content-Type:
      - application/json
      Date:
      - Thu, 31 Dec 2020 14:44:26 GMT
      Pragma:
      - no-cache
      Set-Cookie:
      - DD-PSHARD=233; Max-Age=604800; Path=/; expires=Thu, 07-Jan-2021 14:44:25 GMT;
        secure; HttpOnly
      Strict-Transport-Security:
      - max-age=15724800;
      Vary:
      - Accept-Encoding
      X-Content-Type-Options:
      - nosniff
      X-Dd-Debug:
      - xX5B3VEUzj/lf2mLoLzvYApJQ8Milw+OjpcorJhw8mNeFxMv2SeFpmruGZDusq8/
      X-Dd-Version:
      - "35.3622023"
      X-Frame-Options:
      - SAMEORIGIN
    status: 200 OK
    code: 200
    duration: ""
- request:
    body: ""
    form: {}
    headers:
      Accept:
      - application/json
      Dd-Operation-Id:
      - GetLogsArchive
      User-Agent:
      - terraform-provider-datadog/dev (terraform 1.15.0; terraform-cli 0.12.7-sdk)
        datadog-api-client-go/1.0.0-beta.13+dev (go go1.15.4; os darwin; arch amd64)
      X-Datadog-Parent-Id:
      - "9129688358292033067"
      X-Datadog-Sampling-Priority:
      - "1"
      X-Datadog-Trace-Id:
      - "3926337677157228344"
    url: https://api.datadoghq.com/api/v2/logs/config/archives/IfAwd64dTkeY7RcWZgBODQ
    method: GET
  response:
    body: '{"data":{"type":"archives","id":"IfAwd64dTkeY7RcWZgBODQ","attributes":{"name":"my
      first s3 archive","query":"service:tutu","state":"UNKNOWN","destination":{"bucket":"my-bucket","path":"/path/foo","type":"s3","integration":{"role_name":"testacc-datadog-integration-role","account_id":"555657101504"}},"rehydration_tags":["team:intake","team:app"],"include_tags":true}}}'
    headers:
      Cache-Control:
      - no-cache
      Connection:
      - keep-alive
      Content-Security-Policy:
      - frame-ancestors 'self'; report-uri https://api.datadoghq.com/csp-report
      Content-Type:
      - application/json
      Date:
      - Thu, 31 Dec 2020 14:44:26 GMT
      Pragma:
      - no-cache
      Set-Cookie:
      - DD-PSHARD=233; Max-Age=604800; Path=/; expires=Thu, 07-Jan-2021 14:44:26 GMT;
        secure; HttpOnly
      Strict-Transport-Security:
      - max-age=15724800;
      Vary:
      - Accept-Encoding
      X-Content-Type-Options:
      - nosniff
      X-Dd-Debug:
      - Kk/IK0yKFQFO85P6+hozZV6nj4lzf3jJe8dZhRkIu12QKZF7MHi2yPiBbpLyX6Ve
      X-Dd-Version:
      - "35.3622023"
      X-Frame-Options:
      - SAMEORIGIN
      X-Ratelimit-Limit:
      - "5000"
      X-Ratelimit-Period:
      - "3600"
      X-Ratelimit-Remaining:
      - "4945"
      X-Ratelimit-Reset:
      - "934"
    status: 200 OK
    code: 200
    duration: ""
- request:
    body: ""
    form: {}
    headers:
      Accept:
      - application/json
      Dd-Operation-Id:
      - ListAWSAccounts
      User-Agent:
      - terraform-provider-datadog/dev (terraform 1.15.0; terraform-cli 0.12.7-sdk)
        datadog-api-client-go/1.0.0-beta.13+dev (go go1.15.4; os darwin; arch amd64)
      X-Datadog-Parent-Id:
      - "2742050276586958758"
      X-Datadog-Sampling-Priority:
      - "1"
      X-Datadog-Trace-Id:
      - "3926337677157228344"
    url: https://api.datadoghq.com/api/v1/integration/aws
    method: GET
  response:
    body: '{"accounts":[{"role_name":"Different-Role","excluded_regions":["us-east-1","us-west-1"],"account_id":"go-TestAWSIntegrationCreateConflictErrors-32940-1605796439","host_tags":["filter:one","filtertwo"],"account_specific_namespace_rules":{"opsworks":true},"errors":[],"filter_tags":["testTag","test:Tag2"]},{"role_name":"Java
      Client Role Name_0","excluded_regions":[],"account_id":"java_jH7Yd-0","host_tags":["java_test_tag:value"],"account_specific_namespace_rules":{"api_gateway":false},"errors":[],"filter_tags":["dontCollect:java"]},{"role_name":"Java
      Client Role Name_4","excluded_regions":[],"account_id":"java_qQw1b-4","host_tags":["java_test_tag:value"],"account_specific_namespace_rules":{"api_gateway":false},"errors":[],"filter_tags":["dontCollect:java"]},{"role_name":"testacc-datadog-integration-role","excluded_regions":[],"account_id":"102575153985","host_tags":[],"account_specific_namespace_rules":{},"errors":[],"filter_tags":[]},{"role_name":"java-aWSLogsCheckLambdaAsyncTest-34561-1606825760","excluded_regions":[],"account_id":"java_h17p93F","host_tags":["javaTag:one","java:success","javaTag:one","java:success","javaTag:one","java:success","javaTag:one","java:success","javaTag:one","java:success","javaTag:one","java:success","javaTag:one","java:success","javaTag:one","java:success","javaTag:one","java:success","javaTag:one","java:success"],"account_specific_namespace_rules":{"api_gateway":true},"errors":[],"filter_tags":["dontCollect:java","dontCollect:java","dontCollect:java","dontCollect:java","dontCollect:java","dontCollect:java","dontCollect:java","dontCollect:java","dontCollect:java","dontCollect:java"]},{"role_name":"Java
      Client Role Name_4","excluded_regions":[],"account_id":"java_8UeQR-4","host_tags":["java_test_tag:value"],"account_specific_namespace_rules":{"api_gateway":false},"errors":[],"filter_tags":["dontCollect:java"]},{"role_name":"java-aWSLogsAddListEnableAndDeleteTest-36408-1607967687","excluded_regions":[],"account_id":"java_yPAQlge","host_tags":["javaTag:one","java:success","javaTag:one","java:success"],"account_specific_namespace_rules":{"api_gateway":true},"errors":[],"filter_tags":["dontCollect:java","dontCollect:java"]},{"role_name":"DatadogAWSIntegrationRole","excluded_regions":[],"account_id":"123456789012","host_tags":[],"account_specific_namespace_rules":{},"errors":[],"filter_tags":[]},{"role_name":"Java
      Client Role Name_2","excluded_regions":[],"account_id":"java_C2Aee-2","host_tags":["java_test_tag:value"],"account_specific_namespace_rules":{"api_gateway":false},"errors":[],"filter_tags":["dontCollect:java"]},{"role_name":"Java
      Client Role Name_1","excluded_regions":[],"account_id":"java_f5HKW-1","host_tags":["java_test_tag:value"],"account_specific_namespace_rules":{"api_gateway":false},"errors":[],"filter_tags":["dontCollect:java"]},{"role_name":"testacc-datadog-integration-role","excluded_regions":[],"account_id":"100101100525","host_tags":[],"account_specific_namespace_rules":{},"errors":[],"filter_tags":[]},{"role_name":"java-generateNewExternalIdTest-37995-1608813890","excluded_regions":[],"account_id":"java_5UF81Rw","host_tags":[],"account_specific_namespace_rules":{},"errors":[],"filter_tags":[]},{"role_name":"DatadogAWSIntegrationRole","excluded_regions":["us-east-1","us-west-1"],"account_id":"go-TestAWSIntegrationCreateConflictErrors-38515-1609254152","host_tags":["filter:one","filtertwo"],"account_specific_namespace_rules":{"opsworks":true},"errors":[],"filter_tags":["testTag","test:Tag2"]},{"role_name":"DatadogAWSIntegrationRole","excluded_regions":["us-east-1","us-west-1"],"account_id":"go-TestCreateAWSAccount-38499-1609254154","host_tags":["filter:one","filtertwo"],"account_specific_namespace_rules":{"opsworks":true},"errors":[],"filter_tags":["testTag","test:Tag2"]},{"role_name":"testacc-datadog-integration-role","excluded_regions":[],"account_id":"555657101504","host_tags":[],"account_specific_namespace_rules":{},"errors":[],"filter_tags":[]}]}'
    headers:
      Cache-Control:
      - no-cache
      Connection:
      - keep-alive
      Content-Security-Policy:
      - frame-ancestors 'self'; report-uri https://api.datadoghq.com/csp-report
      Content-Type:
      - application/json
      Date:
      - Thu, 31 Dec 2020 14:44:27 GMT
      Pragma:
      - no-cache
      Set-Cookie:
      - DD-PSHARD=233; Max-Age=604800; Path=/; expires=Thu, 07-Jan-2021 14:44:26 GMT;
        secure; HttpOnly
      Strict-Transport-Security:
      - max-age=15724800;
      Vary:
      - Accept-Encoding
      X-Content-Type-Options:
      - nosniff
      X-Dd-Debug:
      - EsLH6+rdgSqeLdBeq9HZpt+45W9grH+dHsUtM9XuCxYJqQJyctcAVJKfVBiasXIW
      X-Dd-Version:
      - "35.3622023"
      X-Frame-Options:
      - SAMEORIGIN
    status: 200 OK
    code: 200
    duration: ""
- request:
    body: ""
    form: {}
    headers:
      Accept:
      - application/json
      Dd-Operation-Id:
      - GetLogsArchive
      User-Agent:
      - terraform-provider-datadog/dev (terraform 1.15.0; terraform-cli 0.12.7-sdk)
        datadog-api-client-go/1.0.0-beta.13+dev (go go1.15.4; os darwin; arch amd64)
      X-Datadog-Parent-Id:
      - "6296766625603895225"
      X-Datadog-Sampling-Priority:
      - "1"
      X-Datadog-Trace-Id:
      - "3926337677157228344"
    url: https://api.datadoghq.com/api/v2/logs/config/archives/IfAwd64dTkeY7RcWZgBODQ
    method: GET
  response:
    body: '{"data":{"type":"archives","id":"IfAwd64dTkeY7RcWZgBODQ","attributes":{"name":"my
      first s3 archive","query":"service:tutu","state":"UNKNOWN","destination":{"bucket":"my-bucket","path":"/path/foo","type":"s3","integration":{"role_name":"testacc-datadog-integration-role","account_id":"555657101504"}},"rehydration_tags":["team:intake","team:app"],"include_tags":true}}}'
    headers:
      Cache-Control:
      - no-cache
      Connection:
      - keep-alive
      Content-Security-Policy:
      - frame-ancestors 'self'; report-uri https://api.datadoghq.com/csp-report
      Content-Type:
      - application/json
      Date:
      - Thu, 31 Dec 2020 14:44:27 GMT
      Pragma:
      - no-cache
      Set-Cookie:
      - DD-PSHARD=233; Max-Age=604800; Path=/; expires=Thu, 07-Jan-2021 14:44:27 GMT;
        secure; HttpOnly
      Strict-Transport-Security:
      - max-age=15724800;
      Vary:
      - Accept-Encoding
      X-Content-Type-Options:
      - nosniff
      X-Dd-Debug:
      - flm57y1PQqDCGTMvz2Hc0LeaE4WpeyLyl0nK7TyUHhnh1/aAaCfINCnK5EAgp4id
      X-Dd-Version:
      - "35.3622023"
      X-Frame-Options:
      - SAMEORIGIN
      X-Ratelimit-Limit:
      - "5000"
      X-Ratelimit-Period:
      - "3600"
      X-Ratelimit-Remaining:
      - "4944"
      X-Ratelimit-Reset:
      - "933"
    status: 200 OK
    code: 200
    duration: ""
- request:
    body: |
      {"data":{"attributes":{"destination":{"bucket":"my-bucket","integration":{"account_id":"555657101504","role_name":"testacc-datadog-integration-role"},"path":"/path/foo","type":"s3"},"include_tags":false,"name":"my first s3 archive after update","query":"service:tutu","rehydration_tags":[]},"type":"archives"}}
    form: {}
    headers:
      Accept:
      - application/json
      Content-Type:
      - application/json
      Dd-Operation-Id:
      - UpdateLogsArchive
      User-Agent:
      - terraform-provider-datadog/dev (terraform 1.15.0; terraform-cli 0.12.7-sdk)
        datadog-api-client-go/1.0.0-beta.13+dev (go go1.15.4; os darwin; arch amd64)
      X-Datadog-Parent-Id:
      - "5870892487475658711"
      X-Datadog-Sampling-Priority:
      - "1"
      X-Datadog-Trace-Id:
      - "3926337677157228344"
    url: https://api.datadoghq.com/api/v2/logs/config/archives/IfAwd64dTkeY7RcWZgBODQ
    method: PUT
  response:
    body: '{"data":{"type":"archives","id":"IfAwd64dTkeY7RcWZgBODQ","attributes":{"name":"my
      first s3 archive after update","query":"service:tutu","state":"UNKNOWN","destination":{"bucket":"my-bucket","path":"/path/foo","type":"s3","integration":{"role_name":"testacc-datadog-integration-role","account_id":"555657101504"}},"rehydration_tags":[],"include_tags":false}}}'
    headers:
      Cache-Control:
      - no-cache
      Connection:
      - keep-alive
      Content-Security-Policy:
      - frame-ancestors 'self'; report-uri https://api.datadoghq.com/csp-report
      Content-Type:
      - application/json
      Date:
      - Thu, 31 Dec 2020 14:44:28 GMT
      Pragma:
      - no-cache
      Set-Cookie:
      - DD-PSHARD=233; Max-Age=604800; Path=/; expires=Thu, 07-Jan-2021 14:44:28 GMT;
        secure; HttpOnly
      Strict-Transport-Security:
      - max-age=15724800;
      Vary:
      - Accept-Encoding
      X-Content-Type-Options:
      - nosniff
      X-Dd-Debug:
      - gr+QII7IFZVxhXS35BsEOrW9Uz3gs+l7g2tB1FOjy4hKCe3rtnWg3KfE74dirBtE
      X-Dd-Version:
      - "35.3622023"
      X-Frame-Options:
      - SAMEORIGIN
      X-Ratelimit-Limit:
      - "100"
      X-Ratelimit-Period:
      - "3600"
      X-Ratelimit-Remaining:
      - "82"
      X-Ratelimit-Reset:
      - "932"
    status: 200 OK
    code: 200
    duration: ""
- request:
    body: ""
    form: {}
    headers:
      Accept:
      - application/json
      Dd-Operation-Id:
      - GetLogsArchive
      User-Agent:
      - terraform-provider-datadog/dev (terraform 1.15.0; terraform-cli 0.12.7-sdk)
        datadog-api-client-go/1.0.0-beta.13+dev (go go1.15.4; os darwin; arch amd64)
      X-Datadog-Parent-Id:
      - "3902801783588939767"
      X-Datadog-Sampling-Priority:
      - "1"
      X-Datadog-Trace-Id:
      - "3926337677157228344"
    url: https://api.datadoghq.com/api/v2/logs/config/archives/IfAwd64dTkeY7RcWZgBODQ
    method: GET
  response:
    body: '{"data":{"type":"archives","id":"IfAwd64dTkeY7RcWZgBODQ","attributes":{"name":"my
      first s3 archive after update","query":"service:tutu","state":"UNKNOWN","destination":{"bucket":"my-bucket","path":"/path/foo","type":"s3","integration":{"role_name":"testacc-datadog-integration-role","account_id":"555657101504"}},"rehydration_tags":[],"include_tags":false}}}'
    headers:
      Cache-Control:
      - no-cache
      Connection:
      - keep-alive
      Content-Security-Policy:
      - frame-ancestors 'self'; report-uri https://api.datadoghq.com/csp-report
      Content-Type:
      - application/json
      Date:
      - Thu, 31 Dec 2020 14:44:28 GMT
      Pragma:
      - no-cache
      Set-Cookie:
      - DD-PSHARD=233; Max-Age=604800; Path=/; expires=Thu, 07-Jan-2021 14:44:28 GMT;
        secure; HttpOnly
      Strict-Transport-Security:
      - max-age=15724800;
      Vary:
      - Accept-Encoding
      X-Content-Type-Options:
      - nosniff
      X-Dd-Debug:
      - NAgpeopdgW9X30OuB191/muuvQIfRBmU7ohOgihh9xKnn0bCG7Kguc4bGAIB6OKr
      X-Dd-Version:
      - "35.3622023"
      X-Frame-Options:
      - SAMEORIGIN
      X-Ratelimit-Limit:
      - "5000"
      X-Ratelimit-Period:
      - "3600"
      X-Ratelimit-Remaining:
      - "4943"
      X-Ratelimit-Reset:
      - "932"
    status: 200 OK
    code: 200
    duration: ""
- request:
    body: ""
    form: {}
    headers:
      Accept:
      - application/json
      Dd-Operation-Id:
      - ListAWSAccounts
      User-Agent:
      - terraform-provider-datadog/dev (terraform 1.15.0; terraform-cli 0.12.7-sdk)
        datadog-api-client-go/1.0.0-beta.13+dev (go go1.15.4; os darwin; arch amd64)
      X-Datadog-Parent-Id:
      - "5424866094824347461"
      X-Datadog-Sampling-Priority:
      - "1"
      X-Datadog-Trace-Id:
      - "3926337677157228344"
    url: https://api.datadoghq.com/api/v1/integration/aws
    method: GET
  response:
    body: '{"accounts":[{"role_name":"Different-Role","excluded_regions":["us-east-1","us-west-1"],"account_id":"go-TestAWSIntegrationCreateConflictErrors-32940-1605796439","host_tags":["filter:one","filtertwo"],"account_specific_namespace_rules":{"opsworks":true},"errors":[],"filter_tags":["testTag","test:Tag2"]},{"role_name":"Java
      Client Role Name_0","excluded_regions":[],"account_id":"java_jH7Yd-0","host_tags":["java_test_tag:value"],"account_specific_namespace_rules":{"api_gateway":false},"errors":[],"filter_tags":["dontCollect:java"]},{"role_name":"Java
      Client Role Name_4","excluded_regions":[],"account_id":"java_qQw1b-4","host_tags":["java_test_tag:value"],"account_specific_namespace_rules":{"api_gateway":false},"errors":[],"filter_tags":["dontCollect:java"]},{"role_name":"testacc-datadog-integration-role","excluded_regions":[],"account_id":"102575153985","host_tags":[],"account_specific_namespace_rules":{},"errors":[],"filter_tags":[]},{"role_name":"java-aWSLogsCheckLambdaAsyncTest-34561-1606825760","excluded_regions":[],"account_id":"java_h17p93F","host_tags":["javaTag:one","java:success","javaTag:one","java:success","javaTag:one","java:success","javaTag:one","java:success","javaTag:one","java:success","javaTag:one","java:success","javaTag:one","java:success","javaTag:one","java:success","javaTag:one","java:success","javaTag:one","java:success"],"account_specific_namespace_rules":{"api_gateway":true},"errors":[],"filter_tags":["dontCollect:java","dontCollect:java","dontCollect:java","dontCollect:java","dontCollect:java","dontCollect:java","dontCollect:java","dontCollect:java","dontCollect:java","dontCollect:java"]},{"role_name":"Java
      Client Role Name_4","excluded_regions":[],"account_id":"java_8UeQR-4","host_tags":["java_test_tag:value"],"account_specific_namespace_rules":{"api_gateway":false},"errors":[],"filter_tags":["dontCollect:java"]},{"role_name":"java-aWSLogsAddListEnableAndDeleteTest-36408-1607967687","excluded_regions":[],"account_id":"java_yPAQlge","host_tags":["javaTag:one","java:success","javaTag:one","java:success"],"account_specific_namespace_rules":{"api_gateway":true},"errors":[],"filter_tags":["dontCollect:java","dontCollect:java"]},{"role_name":"DatadogAWSIntegrationRole","excluded_regions":[],"account_id":"123456789012","host_tags":[],"account_specific_namespace_rules":{},"errors":[],"filter_tags":[]},{"role_name":"Java
      Client Role Name_2","excluded_regions":[],"account_id":"java_C2Aee-2","host_tags":["java_test_tag:value"],"account_specific_namespace_rules":{"api_gateway":false},"errors":[],"filter_tags":["dontCollect:java"]},{"role_name":"Java
      Client Role Name_1","excluded_regions":[],"account_id":"java_f5HKW-1","host_tags":["java_test_tag:value"],"account_specific_namespace_rules":{"api_gateway":false},"errors":[],"filter_tags":["dontCollect:java"]},{"role_name":"testacc-datadog-integration-role","excluded_regions":[],"account_id":"100101100525","host_tags":[],"account_specific_namespace_rules":{},"errors":[],"filter_tags":[]},{"role_name":"java-generateNewExternalIdTest-37995-1608813890","excluded_regions":[],"account_id":"java_5UF81Rw","host_tags":[],"account_specific_namespace_rules":{},"errors":[],"filter_tags":[]},{"role_name":"DatadogAWSIntegrationRole","excluded_regions":["us-east-1","us-west-1"],"account_id":"go-TestAWSIntegrationCreateConflictErrors-38515-1609254152","host_tags":["filter:one","filtertwo"],"account_specific_namespace_rules":{"opsworks":true},"errors":[],"filter_tags":["testTag","test:Tag2"]},{"role_name":"DatadogAWSIntegrationRole","excluded_regions":["us-east-1","us-west-1"],"account_id":"go-TestCreateAWSAccount-38499-1609254154","host_tags":["filter:one","filtertwo"],"account_specific_namespace_rules":{"opsworks":true},"errors":[],"filter_tags":["testTag","test:Tag2"]},{"role_name":"testacc-datadog-integration-role","excluded_regions":[],"account_id":"555657101504","host_tags":[],"account_specific_namespace_rules":{},"errors":[],"filter_tags":[]}]}'
    headers:
      Cache-Control:
      - no-cache
      Connection:
      - keep-alive
      Content-Security-Policy:
      - frame-ancestors 'self'; report-uri https://api.datadoghq.com/csp-report
      Content-Type:
      - application/json
      Date:
      - Thu, 31 Dec 2020 14:44:29 GMT
      Pragma:
      - no-cache
      Set-Cookie:
      - DD-PSHARD=233; Max-Age=604800; Path=/; expires=Thu, 07-Jan-2021 14:44:28 GMT;
        secure; HttpOnly
      Strict-Transport-Security:
      - max-age=15724800;
      Vary:
      - Accept-Encoding
      X-Content-Type-Options:
      - nosniff
      X-Dd-Debug:
      - k7TyfVVSwexDGVT9BY0DK6mAmUeZON/G+RdNqRYdH6H7rBeq1MzNVYFK01AYXFlT
      X-Dd-Version:
      - "35.3622023"
      X-Frame-Options:
      - SAMEORIGIN
    status: 200 OK
    code: 200
    duration: ""
- request:
    body: ""
    form: {}
    headers:
      Accept:
      - application/json
      Dd-Operation-Id:
      - GetLogsArchive
      User-Agent:
      - terraform-provider-datadog/dev (terraform 1.15.0; terraform-cli 0.12.7-sdk)
        datadog-api-client-go/1.0.0-beta.13+dev (go go1.15.4; os darwin; arch amd64)
      X-Datadog-Parent-Id:
      - "2143374965514192311"
      X-Datadog-Sampling-Priority:
      - "1"
      X-Datadog-Trace-Id:
      - "3926337677157228344"
    url: https://api.datadoghq.com/api/v2/logs/config/archives/IfAwd64dTkeY7RcWZgBODQ
    method: GET
  response:
    body: '{"data":{"type":"archives","id":"IfAwd64dTkeY7RcWZgBODQ","attributes":{"name":"my
      first s3 archive after update","query":"service:tutu","state":"UNKNOWN","destination":{"bucket":"my-bucket","path":"/path/foo","type":"s3","integration":{"role_name":"testacc-datadog-integration-role","account_id":"555657101504"}},"rehydration_tags":[],"include_tags":false}}}'
    headers:
      Cache-Control:
      - no-cache
      Connection:
      - keep-alive
      Content-Security-Policy:
      - frame-ancestors 'self'; report-uri https://api.datadoghq.com/csp-report
      Content-Type:
      - application/json
      Date:
      - Thu, 31 Dec 2020 14:44:30 GMT
      Pragma:
      - no-cache
      Set-Cookie:
      - DD-PSHARD=233; Max-Age=604800; Path=/; expires=Thu, 07-Jan-2021 14:44:30 GMT;
        secure; HttpOnly
      Strict-Transport-Security:
      - max-age=15724800;
      Vary:
      - Accept-Encoding
      X-Content-Type-Options:
      - nosniff
      X-Dd-Debug:
      - JywPpt+4BVnbPdSe3Y1Brr4edpaGbhQEf1Cv7s/evHeASrfyUCmzDpnXMXyJJDQz
      X-Dd-Version:
      - "35.3622023"
      X-Frame-Options:
      - SAMEORIGIN
      X-Ratelimit-Limit:
      - "5000"
      X-Ratelimit-Period:
      - "3600"
      X-Ratelimit-Remaining:
      - "4942"
      X-Ratelimit-Reset:
      - "930"
    status: 200 OK
    code: 200
    duration: ""
- request:
    body: ""
    form: {}
    headers:
      Accept:
      - application/json
      Dd-Operation-Id:
      - ListAWSAccounts
      User-Agent:
      - terraform-provider-datadog/dev (terraform 1.15.0; terraform-cli 0.12.7-sdk)
        datadog-api-client-go/1.0.0-beta.13+dev (go go1.15.4; os darwin; arch amd64)
      X-Datadog-Parent-Id:
      - "4234733256087875679"
      X-Datadog-Sampling-Priority:
      - "1"
      X-Datadog-Trace-Id:
      - "3926337677157228344"
    url: https://api.datadoghq.com/api/v1/integration/aws
    method: GET
  response:
    body: '{"accounts":[{"role_name":"Different-Role","excluded_regions":["us-east-1","us-west-1"],"account_id":"go-TestAWSIntegrationCreateConflictErrors-32940-1605796439","host_tags":["filter:one","filtertwo"],"account_specific_namespace_rules":{"opsworks":true},"errors":[],"filter_tags":["testTag","test:Tag2"]},{"role_name":"Java
      Client Role Name_0","excluded_regions":[],"account_id":"java_jH7Yd-0","host_tags":["java_test_tag:value"],"account_specific_namespace_rules":{"api_gateway":false},"errors":[],"filter_tags":["dontCollect:java"]},{"role_name":"Java
      Client Role Name_4","excluded_regions":[],"account_id":"java_qQw1b-4","host_tags":["java_test_tag:value"],"account_specific_namespace_rules":{"api_gateway":false},"errors":[],"filter_tags":["dontCollect:java"]},{"role_name":"testacc-datadog-integration-role","excluded_regions":[],"account_id":"102575153985","host_tags":[],"account_specific_namespace_rules":{},"errors":[],"filter_tags":[]},{"role_name":"java-aWSLogsCheckLambdaAsyncTest-34561-1606825760","excluded_regions":[],"account_id":"java_h17p93F","host_tags":["javaTag:one","java:success","javaTag:one","java:success","javaTag:one","java:success","javaTag:one","java:success","javaTag:one","java:success","javaTag:one","java:success","javaTag:one","java:success","javaTag:one","java:success","javaTag:one","java:success","javaTag:one","java:success"],"account_specific_namespace_rules":{"api_gateway":true},"errors":[],"filter_tags":["dontCollect:java","dontCollect:java","dontCollect:java","dontCollect:java","dontCollect:java","dontCollect:java","dontCollect:java","dontCollect:java","dontCollect:java","dontCollect:java"]},{"role_name":"Java
      Client Role Name_4","excluded_regions":[],"account_id":"java_8UeQR-4","host_tags":["java_test_tag:value"],"account_specific_namespace_rules":{"api_gateway":false},"errors":[],"filter_tags":["dontCollect:java"]},{"role_name":"java-aWSLogsAddListEnableAndDeleteTest-36408-1607967687","excluded_regions":[],"account_id":"java_yPAQlge","host_tags":["javaTag:one","java:success","javaTag:one","java:success"],"account_specific_namespace_rules":{"api_gateway":true},"errors":[],"filter_tags":["dontCollect:java","dontCollect:java"]},{"role_name":"DatadogAWSIntegrationRole","excluded_regions":[],"account_id":"123456789012","host_tags":[],"account_specific_namespace_rules":{},"errors":[],"filter_tags":[]},{"role_name":"Java
      Client Role Name_2","excluded_regions":[],"account_id":"java_C2Aee-2","host_tags":["java_test_tag:value"],"account_specific_namespace_rules":{"api_gateway":false},"errors":[],"filter_tags":["dontCollect:java"]},{"role_name":"Java
      Client Role Name_1","excluded_regions":[],"account_id":"java_f5HKW-1","host_tags":["java_test_tag:value"],"account_specific_namespace_rules":{"api_gateway":false},"errors":[],"filter_tags":["dontCollect:java"]},{"role_name":"testacc-datadog-integration-role","excluded_regions":[],"account_id":"100101100525","host_tags":[],"account_specific_namespace_rules":{},"errors":[],"filter_tags":[]},{"role_name":"java-generateNewExternalIdTest-37995-1608813890","excluded_regions":[],"account_id":"java_5UF81Rw","host_tags":[],"account_specific_namespace_rules":{},"errors":[],"filter_tags":[]},{"role_name":"DatadogAWSIntegrationRole","excluded_regions":["us-east-1","us-west-1"],"account_id":"go-TestAWSIntegrationCreateConflictErrors-38515-1609254152","host_tags":["filter:one","filtertwo"],"account_specific_namespace_rules":{"opsworks":true},"errors":[],"filter_tags":["testTag","test:Tag2"]},{"role_name":"DatadogAWSIntegrationRole","excluded_regions":["us-east-1","us-west-1"],"account_id":"go-TestCreateAWSAccount-38499-1609254154","host_tags":["filter:one","filtertwo"],"account_specific_namespace_rules":{"opsworks":true},"errors":[],"filter_tags":["testTag","test:Tag2"]},{"role_name":"testacc-datadog-integration-role","excluded_regions":[],"account_id":"555657101504","host_tags":[],"account_specific_namespace_rules":{},"errors":[],"filter_tags":[]}]}'
    headers:
      Cache-Control:
      - no-cache
      Connection:
      - keep-alive
      Content-Security-Policy:
      - frame-ancestors 'self'; report-uri https://api.datadoghq.com/csp-report
      Content-Type:
      - application/json
      Date:
      - Thu, 31 Dec 2020 14:44:30 GMT
      Pragma:
      - no-cache
      Set-Cookie:
      - DD-PSHARD=233; Max-Age=604800; Path=/; expires=Thu, 07-Jan-2021 14:44:30 GMT;
        secure; HttpOnly
      Strict-Transport-Security:
      - max-age=15724800;
      Vary:
      - Accept-Encoding
      X-Content-Type-Options:
      - nosniff
      X-Dd-Debug:
      - WmMtMFngDL31sZYuYCiUaMFRtAs90zyIJHnMIoB4iHZztA/Ona9SnOav516bWmh7
      X-Dd-Version:
      - "35.3622023"
      X-Frame-Options:
      - SAMEORIGIN
    status: 200 OK
    code: 200
    duration: ""
- request:
    body: ""
    form: {}
    headers:
      Accept:
      - application/json
      Dd-Operation-Id:
      - GetLogsArchive
      User-Agent:
      - terraform-provider-datadog/dev (terraform 1.15.0; terraform-cli 0.12.7-sdk)
        datadog-api-client-go/1.0.0-beta.13+dev (go go1.15.4; os darwin; arch amd64)
      X-Datadog-Parent-Id:
      - "8896214792032885059"
      X-Datadog-Sampling-Priority:
      - "1"
      X-Datadog-Trace-Id:
      - "3926337677157228344"
    url: https://api.datadoghq.com/api/v2/logs/config/archives/IfAwd64dTkeY7RcWZgBODQ
    method: GET
  response:
    body: '{"data":{"type":"archives","id":"IfAwd64dTkeY7RcWZgBODQ","attributes":{"name":"my
      first s3 archive after update","query":"service:tutu","state":"UNKNOWN","destination":{"bucket":"my-bucket","path":"/path/foo","type":"s3","integration":{"role_name":"testacc-datadog-integration-role","account_id":"555657101504"}},"rehydration_tags":[],"include_tags":false}}}'
    headers:
      Cache-Control:
      - no-cache
      Connection:
      - keep-alive
      Content-Security-Policy:
      - frame-ancestors 'self'; report-uri https://api.datadoghq.com/csp-report
      Content-Type:
      - application/json
      Date:
      - Thu, 31 Dec 2020 14:44:31 GMT
      Pragma:
      - no-cache
      Set-Cookie:
      - DD-PSHARD=233; Max-Age=604800; Path=/; expires=Thu, 07-Jan-2021 14:44:31 GMT;
        secure; HttpOnly
      Strict-Transport-Security:
      - max-age=15724800;
      Vary:
      - Accept-Encoding
      X-Content-Type-Options:
      - nosniff
      X-Dd-Debug:
      - EsLH6+rdgSqeLdBeq9HZpt+45W9grH+dHsUtM9XuCxYJqQJyctcAVJKfVBiasXIW
      X-Dd-Version:
      - "35.3622023"
      X-Frame-Options:
      - SAMEORIGIN
      X-Ratelimit-Limit:
      - "5000"
      X-Ratelimit-Period:
      - "3600"
      X-Ratelimit-Remaining:
      - "4941"
      X-Ratelimit-Reset:
      - "929"
    status: 200 OK
    code: 200
    duration: ""
- request:
    body: ""
    form: {}
    headers:
      Accept:
      - application/json
      Dd-Operation-Id:
      - DeleteLogsArchive
      User-Agent:
      - terraform-provider-datadog/dev (terraform 1.15.0; terraform-cli 0.12.7-sdk)
        datadog-api-client-go/1.0.0-beta.13+dev (go go1.15.4; os darwin; arch amd64)
      X-Datadog-Parent-Id:
      - "7318981593887819615"
      X-Datadog-Sampling-Priority:
      - "1"
      X-Datadog-Trace-Id:
      - "3926337677157228344"
    url: https://api.datadoghq.com/api/v2/logs/config/archives/IfAwd64dTkeY7RcWZgBODQ
    method: DELETE
  response:
    body: ""
    headers:
      Cache-Control:
      - no-cache
      Connection:
      - keep-alive
      Content-Length:
      - "0"
      Content-Security-Policy:
      - frame-ancestors 'self'; report-uri https://api.datadoghq.com/csp-report
      Content-Type:
      - application/json
      Date:
      - Thu, 31 Dec 2020 14:44:31 GMT
      Pragma:
      - no-cache
      Set-Cookie:
      - DD-PSHARD=233; Max-Age=604800; Path=/; expires=Thu, 07-Jan-2021 14:44:31 GMT;
        secure; HttpOnly
      Strict-Transport-Security:
      - max-age=15724800;
      X-Content-Type-Options:
      - nosniff
      X-Dd-Debug:
      - xRBFY2Rp8NHDG9Rp4RaGjcqlKnbzhHpETMjn37ZNtmzdKqGU6DeuhyyL4o7jfpVZ
      X-Dd-Version:
      - "35.3622023"
      X-Frame-Options:
      - SAMEORIGIN
      X-Ratelimit-Limit:
      - "100"
      X-Ratelimit-Period:
      - "3600"
      X-Ratelimit-Remaining:
      - "81"
      X-Ratelimit-Reset:
      - "929"
    status: 204 No Content
    code: 204
    duration: ""
- request:
    body: |
      {"account_id":"555657101504","role_name":"testacc-datadog-integration-role"}
    form: {}
    headers:
      Accept:
      - application/json
      Content-Type:
      - application/json
      Dd-Operation-Id:
      - DeleteAWSAccount
      User-Agent:
      - terraform-provider-datadog/dev (terraform 1.15.0; terraform-cli 0.12.7-sdk)
        datadog-api-client-go/1.0.0-beta.13+dev (go go1.15.4; os darwin; arch amd64)
      X-Datadog-Parent-Id:
      - "545722619632563077"
      X-Datadog-Sampling-Priority:
      - "1"
      X-Datadog-Trace-Id:
      - "3926337677157228344"
    url: https://api.datadoghq.com/api/v1/integration/aws
    method: DELETE
  response:
    body: '{}'
    headers:
      Cache-Control:
      - no-cache
      Connection:
      - keep-alive
      Content-Length:
      - "2"
      Content-Security-Policy:
      - frame-ancestors 'self'; report-uri https://api.datadoghq.com/csp-report
      Content-Type:
      - application/json
      Date:
      - Thu, 31 Dec 2020 14:44:32 GMT
      Pragma:
      - no-cache
      Set-Cookie:
      - DD-PSHARD=233; Max-Age=604800; Path=/; expires=Thu, 07-Jan-2021 14:44:31 GMT;
        secure; HttpOnly
      Strict-Transport-Security:
      - max-age=15724800;
      X-Content-Type-Options:
      - nosniff
      X-Dd-Debug:
      - WyPl7Uohyy2nhJ7RWrq85UM5TEMaIEIfRwQveR0xpNBygzZEP8S/qWubDM7SoNjW
      X-Dd-Version:
      - "35.3622023"
      X-Frame-Options:
      - SAMEORIGIN
    status: 200 OK
    code: 200
    duration: ""
- request:
    body: ""
    form: {}
    headers:
      Accept:
      - application/json
      Dd-Operation-Id:
      - GetLogsArchive
      User-Agent:
      - terraform-provider-datadog/dev (terraform 1.15.0; terraform-cli 0.12.7-sdk)
        datadog-api-client-go/1.0.0-beta.13+dev (go go1.15.4; os darwin; arch amd64)
      X-Datadog-Parent-Id:
      - "430073470669150449"
      X-Datadog-Sampling-Priority:
      - "1"
      X-Datadog-Trace-Id:
      - "3926337677157228344"
    url: https://api.datadoghq.com/api/v2/logs/config/archives/IfAwd64dTkeY7RcWZgBODQ
    method: GET
  response:
    body: '{"errors": ["Archive IfAwd64dTkeY7RcWZgBODQ not found"]}'
    headers:
      Cache-Control:
      - no-cache
      Connection:
      - keep-alive
      Content-Security-Policy:
      - frame-ancestors 'self'; report-uri https://api.datadoghq.com/csp-report
      Content-Type:
      - application/json
      Date:
      - Thu, 31 Dec 2020 14:44:33 GMT
      Pragma:
      - no-cache
      Strict-Transport-Security:
      - max-age=15724800;
      Vary:
      - Accept-Encoding
      X-Content-Type-Options:
      - nosniff
      X-Dd-Version:
      - "35.3622023"
      X-Frame-Options:
      - SAMEORIGIN
      X-Ratelimit-Limit:
      - "5000"
      X-Ratelimit-Period:
      - "3600"
      X-Ratelimit-Remaining:
      - "4940"
      X-Ratelimit-Reset:
      - "927"
    status: 404 Not Found
    code: 404
    duration: ""
- request:
    body: ""
    form: {}
    headers:
      Accept:
      - application/json
      Dd-Operation-Id:
      - ListAWSAccounts
      User-Agent:
      - terraform-provider-datadog/dev (terraform 1.15.0; terraform-cli 0.12.7-sdk)
        datadog-api-client-go/1.0.0-beta.13+dev (go go1.15.4; os darwin; arch amd64)
      X-Datadog-Parent-Id:
      - "4843530561277134147"
      X-Datadog-Sampling-Priority:
      - "1"
      X-Datadog-Trace-Id:
      - "3926337677157228344"
    url: https://api.datadoghq.com/api/v1/integration/aws
    method: GET
  response:
    body: '{"accounts":[{"role_name":"Different-Role","excluded_regions":["us-east-1","us-west-1"],"account_id":"go-TestAWSIntegrationCreateConflictErrors-32940-1605796439","host_tags":["filter:one","filtertwo"],"account_specific_namespace_rules":{"opsworks":true},"errors":[],"filter_tags":["testTag","test:Tag2"]},{"role_name":"Java
      Client Role Name_0","excluded_regions":[],"account_id":"java_jH7Yd-0","host_tags":["java_test_tag:value"],"account_specific_namespace_rules":{"api_gateway":false},"errors":[],"filter_tags":["dontCollect:java"]},{"role_name":"Java
      Client Role Name_4","excluded_regions":[],"account_id":"java_qQw1b-4","host_tags":["java_test_tag:value"],"account_specific_namespace_rules":{"api_gateway":false},"errors":[],"filter_tags":["dontCollect:java"]},{"role_name":"testacc-datadog-integration-role","excluded_regions":[],"account_id":"102575153985","host_tags":[],"account_specific_namespace_rules":{},"errors":[],"filter_tags":[]},{"role_name":"java-aWSLogsCheckLambdaAsyncTest-34561-1606825760","excluded_regions":[],"account_id":"java_h17p93F","host_tags":["javaTag:one","java:success","javaTag:one","java:success","javaTag:one","java:success","javaTag:one","java:success","javaTag:one","java:success","javaTag:one","java:success","javaTag:one","java:success","javaTag:one","java:success","javaTag:one","java:success","javaTag:one","java:success"],"account_specific_namespace_rules":{"api_gateway":true},"errors":[],"filter_tags":["dontCollect:java","dontCollect:java","dontCollect:java","dontCollect:java","dontCollect:java","dontCollect:java","dontCollect:java","dontCollect:java","dontCollect:java","dontCollect:java"]},{"role_name":"Java
      Client Role Name_4","excluded_regions":[],"account_id":"java_8UeQR-4","host_tags":["java_test_tag:value"],"account_specific_namespace_rules":{"api_gateway":false},"errors":[],"filter_tags":["dontCollect:java"]},{"role_name":"java-aWSLogsAddListEnableAndDeleteTest-36408-1607967687","excluded_regions":[],"account_id":"java_yPAQlge","host_tags":["javaTag:one","java:success","javaTag:one","java:success"],"account_specific_namespace_rules":{"api_gateway":true},"errors":[],"filter_tags":["dontCollect:java","dontCollect:java"]},{"role_name":"DatadogAWSIntegrationRole","excluded_regions":[],"account_id":"123456789012","host_tags":[],"account_specific_namespace_rules":{},"errors":[],"filter_tags":[]},{"role_name":"Java
      Client Role Name_2","excluded_regions":[],"account_id":"java_C2Aee-2","host_tags":["java_test_tag:value"],"account_specific_namespace_rules":{"api_gateway":false},"errors":[],"filter_tags":["dontCollect:java"]},{"role_name":"Java
      Client Role Name_1","excluded_regions":[],"account_id":"java_f5HKW-1","host_tags":["java_test_tag:value"],"account_specific_namespace_rules":{"api_gateway":false},"errors":[],"filter_tags":["dontCollect:java"]},{"role_name":"testacc-datadog-integration-role","excluded_regions":[],"account_id":"100101100525","host_tags":[],"account_specific_namespace_rules":{},"errors":[],"filter_tags":[]},{"role_name":"java-generateNewExternalIdTest-37995-1608813890","excluded_regions":[],"account_id":"java_5UF81Rw","host_tags":[],"account_specific_namespace_rules":{},"errors":[],"filter_tags":[]},{"role_name":"DatadogAWSIntegrationRole","excluded_regions":["us-east-1","us-west-1"],"account_id":"go-TestAWSIntegrationCreateConflictErrors-38515-1609254152","host_tags":["filter:one","filtertwo"],"account_specific_namespace_rules":{"opsworks":true},"errors":[],"filter_tags":["testTag","test:Tag2"]},{"role_name":"DatadogAWSIntegrationRole","excluded_regions":["us-east-1","us-west-1"],"account_id":"go-TestCreateAWSAccount-38499-1609254154","host_tags":["filter:one","filtertwo"],"account_specific_namespace_rules":{"opsworks":true},"errors":[],"filter_tags":["testTag","test:Tag2"]}]}'
    headers:
      Cache-Control:
      - no-cache
      Connection:
      - keep-alive
      Content-Security-Policy:
      - frame-ancestors 'self'; report-uri https://api.datadoghq.com/csp-report
      Content-Type:
      - application/json
      Date:
      - Thu, 31 Dec 2020 14:44:34 GMT
      Pragma:
      - no-cache
      Set-Cookie:
      - DD-PSHARD=233; Max-Age=604800; Path=/; expires=Thu, 07-Jan-2021 14:44:34 GMT;
        secure; HttpOnly
      Strict-Transport-Security:
      - max-age=15724800;
      Vary:
      - Accept-Encoding
      X-Content-Type-Options:
      - nosniff
      X-Dd-Debug:
      - q5LZgdQyaeyVGPNSaYfaXI15usQY6VerSpOcr6YoOhwKyednUK9qVYPwCUtgztbj
      X-Dd-Version:
      - "35.3622023"
      X-Frame-Options:
      - SAMEORIGIN
    status: 200 OK
    code: 200
    duration: ""
