---
version: 1
interactions:
- request:
    body: |
      {"message":"test","name":"tf-TestAccDatadogMonitor_ComposeWithSyntheticsTest-local-1624534855","options":{"include_tags":true,"new_host_delay":300,"no_data_timeframe":10,"notify_no_data":false,"require_full_window":true,"thresholds":{"critical":100}},"priority":0,"query":"avg(last_5m):max:system.load.1{*} by {host} \u003e 100","restricted_roles":null,"tags":[],"type":"metric alert"}
    form: {}
    headers:
      Accept:
      - application/json
      Content-Type:
      - application/json
      Dd-Operation-Id:
      - ValidateMonitor
      User-Agent:
      - terraform-provider-datadog/dev (terraform 2.6.1; terraform-cli ) datadog-api-client-go/1.1.0 (go go1.15.11; os darwin; arch amd64)
    url: https://api.datadoghq.com/api/v1/monitor/validate
    method: POST
  response:
    body: '{}'
    headers:
      Cache-Control:
      - no-cache
      Connection:
      - keep-alive
      Content-Length:
      - "2"
      Content-Security-Policy:
      - frame-ancestors 'self'; report-uri https://api.datadoghq.com/csp-report
      Content-Type:
      - application/json
      Date:
      - Thu, 24 Jun 2021 11:41:11 GMT
      Pragma:
      - no-cache
      Strict-Transport-Security:
      - max-age=15724800;
      X-Content-Type-Options:
      - nosniff
      X-Dd-Version:
      - "35.4822328"
      X-Frame-Options:
      - SAMEORIGIN
    status: 200 OK
    code: 200
    duration: ""
- request:
    body: |
      {"message":"test","name":"tf-TestAccDatadogMonitor_ComposeWithSyntheticsTest-local-1624534855","options":{"include_tags":true,"new_host_delay":300,"no_data_timeframe":10,"notify_no_data":false,"require_full_window":true,"thresholds":{"critical":100}},"priority":0,"query":"avg(last_5m):max:system.load.1{*} by {host} \u003e 100","restricted_roles":null,"tags":[],"type":"metric alert"}
    form: {}
    headers:
      Accept:
      - application/json
      Content-Type:
      - application/json
      Dd-Operation-Id:
      - ValidateMonitor
      User-Agent:
      - terraform-provider-datadog/dev (terraform 2.6.1; terraform-cli 0.15.0) datadog-api-client-go/1.1.0 (go go1.15.11; os darwin; arch amd64)
    url: https://api.datadoghq.com/api/v1/monitor/validate
    method: POST
  response:
    body: '{}'
    headers:
      Cache-Control:
      - no-cache
      Connection:
      - keep-alive
      Content-Length:
      - "2"
      Content-Security-Policy:
      - frame-ancestors 'self'; report-uri https://api.datadoghq.com/csp-report
      Content-Type:
      - application/json
      Date:
      - Thu, 24 Jun 2021 11:41:14 GMT
      Pragma:
      - no-cache
      Strict-Transport-Security:
      - max-age=15724800;
      X-Content-Type-Options:
      - nosniff
      X-Dd-Version:
      - "35.4822328"
      X-Frame-Options:
      - SAMEORIGIN
    status: 200 OK
    code: 200
    duration: ""
- request:
    body: |
      {"message":"test","name":"tf-TestAccDatadogMonitor_ComposeWithSyntheticsTest-local-1624534855","options":{"include_tags":true,"new_host_delay":300,"no_data_timeframe":10,"notify_no_data":false,"require_full_window":true,"thresholds":{"critical":100}},"priority":0,"query":"avg(last_5m):max:system.load.1{*} by {host} \u003e 100","restricted_roles":null,"tags":[],"type":"metric alert"}
    form: {}
    headers:
      Accept:
      - application/json
      Content-Type:
      - application/json
      Dd-Operation-Id:
      - ValidateMonitor
      User-Agent:
      - terraform-provider-datadog/dev (terraform 2.6.1; terraform-cli 0.15.0) datadog-api-client-go/1.1.0 (go go1.15.11; os darwin; arch amd64)
    url: https://api.datadoghq.com/api/v1/monitor/validate
    method: POST
  response:
    body: '{}'
    headers:
      Cache-Control:
      - no-cache
      Connection:
      - keep-alive
      Content-Length:
      - "2"
      Content-Security-Policy:
      - frame-ancestors 'self'; report-uri https://api.datadoghq.com/csp-report
      Content-Type:
      - application/json
      Date:
      - Thu, 24 Jun 2021 11:41:21 GMT
      Pragma:
      - no-cache
      Strict-Transport-Security:
      - max-age=15724800;
      X-Content-Type-Options:
      - nosniff
      X-Dd-Version:
      - "35.4822328"
      X-Frame-Options:
      - SAMEORIGIN
    status: 200 OK
    code: 200
    duration: ""
- request:
    body: |
      {"message":"test","name":"tf-TestAccDatadogMonitor_ComposeWithSyntheticsTest-local-1624534855","options":{"include_tags":true,"new_host_delay":300,"notify_no_data":false,"require_full_window":true,"thresholds":{"critical":100}},"priority":0,"query":"avg(last_5m):max:system.load.1{*} by {host} \u003e 100","restricted_roles":null,"tags":[],"type":"metric alert"}
    form: {}
    headers:
      Accept:
      - application/json
      Content-Type:
      - application/json
      Dd-Operation-Id:
      - CreateMonitor
      User-Agent:
      - terraform-provider-datadog/dev (terraform 2.6.1; terraform-cli 0.15.0) datadog-api-client-go/1.1.0 (go go1.15.11; os darwin; arch amd64)
    url: https://api.datadoghq.com/api/v1/monitor
    method: POST
  response:
    body: '{"restricted_roles":null,"tags":[],"deleted":null,"query":"avg(last_5m):max:system.load.1{*} by {host} > 100","message":"test","id":39698950,"multi":true,"name":"tf-TestAccDatadogMonitor_ComposeWithSyntheticsTest-local-1624534855","created":"2021-06-24T11:41:21.146318+00:00","created_at":1624534881000,"creator":{"id":1445416,"handle":"frog@datadoghq.com","name":null,"email":"frog@datadoghq.com"},"org_id":321813,"modified":"2021-06-24T11:41:21.146318+00:00","priority":null,"overall_state_modified":null,"overall_state":"No Data","type":"metric alert","options":{"notify_audit":false,"locked":false,"silenced":{},"include_tags":true,"thresholds":{"critical":100.0},"new_host_delay":300,"require_full_window":true,"notify_no_data":false}}'
    headers:
      Cache-Control:
      - no-cache
      Connection:
      - keep-alive
      Content-Security-Policy:
      - frame-ancestors 'self'; report-uri https://api.datadoghq.com/csp-report
      Content-Type:
      - application/json
      Date:
      - Thu, 24 Jun 2021 11:41:21 GMT
      Pragma:
      - no-cache
      Strict-Transport-Security:
      - max-age=15724800;
      Vary:
      - Accept-Encoding
      X-Content-Type-Options:
      - nosniff
      X-Dd-Version:
      - "35.4822328"
      X-Frame-Options:
      - SAMEORIGIN
      X-Ratelimit-Limit:
      - "500"
      X-Ratelimit-Period:
      - "10"
      X-Ratelimit-Remaining:
      - "495"
      X-Ratelimit-Reset:
      - "9"
    status: 200 OK
    code: 200
    duration: ""
- request:
    body: |
      {"config":{"assertions":[{"operator":"isNot","target":500,"type":"statusCode"}],"configVariables":[],"request":{"method":"GET","timeout":60,"url":"https://docs.datadoghq.com"}},"locations":["aws:eu-central-1"],"message":"Notify @pagerduty","name":"tf-TestAccDatadogMonitor_ComposeWithSyntheticsTest-local-1624534855","options":{"min_failure_duration":10,"min_location_failed":1,"tick_every":900},"status":"live","subtype":"http","tags":["foo:bar","foo","env:test"],"type":"api"}
    form: {}
    headers:
      Accept:
      - application/json
      Content-Type:
      - application/json
      Dd-Operation-Id:
      - CreateSyntheticsAPITest
      User-Agent:
      - terraform-provider-datadog/dev (terraform 2.6.1; terraform-cli 0.15.0) datadog-api-client-go/1.1.0 (go go1.15.11; os darwin; arch amd64)
    url: https://api.datadoghq.com/api/v1/synthetics/tests/api
    method: POST
  response:
    body: '{"status":"live","public_id":"upz-4qi-ykf","tags":["foo:bar","foo","env:test"],"org_id":321813,"locations":["aws:eu-central-1"],"message":"Notify @pagerduty","deleted_at":null,"name":"tf-TestAccDatadogMonitor_ComposeWithSyntheticsTest-local-1624534855","monitor_id":39698951,"type":"api","created_at":"2021-06-24T11:41:21.173703+00:00","modified_at":"2021-06-24T11:41:21.173703+00:00","subtype":"http","config":{"request":{"url":"https://docs.datadoghq.com","method":"GET","timeout":60},"assertions":[{"operator":"isNot","type":"statusCode","target":500}],"configVariables":[]},"options":{"min_failure_duration":10,"min_location_failed":1,"tick_every":900}}'
    headers:
      Cache-Control:
      - no-cache
      Connection:
      - keep-alive
      Content-Security-Policy:
      - frame-ancestors 'self'; report-uri https://api.datadoghq.com/csp-report
      Content-Type:
      - application/json
      Date:
      - Thu, 24 Jun 2021 11:41:21 GMT
      Pragma:
      - no-cache
      Strict-Transport-Security:
      - max-age=15724800;
      Vary:
      - Accept-Encoding
      X-Content-Type-Options:
      - nosniff
      X-Dd-Debug:
      - /L+SFFO+m1pPY+hRCpk5325fvfrNl0KmiquUNJolBN/5hu3HIwflqjZSbJ6NxDFG
      X-Dd-Version:
      - "35.4822328"
      X-Frame-Options:
      - SAMEORIGIN
      X-Ratelimit-Limit:
      - "120"
      X-Ratelimit-Period:
      - "60"
      X-Ratelimit-Remaining:
      - "119"
      X-Ratelimit-Reset:
      - "39"
    status: 200 OK
    code: 200
    duration: ""
- request:
    body: ""
    form: {}
    headers:
      Accept:
      - application/json
      Dd-Operation-Id:
      - GetTest
      User-Agent:
      - terraform-provider-datadog/dev (terraform 2.6.1; terraform-cli 0.15.0) datadog-api-client-go/1.1.0 (go go1.15.11; os darwin; arch amd64)
    url: https://api.datadoghq.com/api/v1/synthetics/tests/upz-4qi-ykf
    method: GET
  response:
    body: '{"status":"live","public_id":"upz-4qi-ykf","tags":["foo:bar","foo","env:test"],"locations":["aws:eu-central-1"],"message":"Notify @pagerduty","name":"tf-TestAccDatadogMonitor_ComposeWithSyntheticsTest-local-1624534855","monitor_id":39698951,"type":"api","subtype":"http","config":{"request":{"url":"https://docs.datadoghq.com","method":"GET","timeout":60},"assertions":[{"operator":"isNot","type":"statusCode","target":500}],"configVariables":[]},"options":{"min_failure_duration":10,"min_location_failed":1,"tick_every":900}}'
    headers:
      Cache-Control:
      - no-cache
      Connection:
      - keep-alive
      Content-Security-Policy:
      - frame-ancestors 'self'; report-uri https://api.datadoghq.com/csp-report
      Content-Type:
      - application/json
      Date:
      - Thu, 24 Jun 2021 11:41:21 GMT
      Pragma:
      - no-cache
      Strict-Transport-Security:
      - max-age=15724800;
      Vary:
      - Accept-Encoding
      X-Content-Type-Options:
      - nosniff
      X-Dd-Debug:
      - l4HFlaRP3QwYSqoGKhzbYfv7zgkK63HIRR7YkyVYZspq0lGjjTBwoK8V/alf+XYt
      X-Dd-Version:
      - "35.4822328"
      X-Frame-Options:
      - SAMEORIGIN
      X-Ratelimit-Limit:
      - "1000"
      X-Ratelimit-Period:
      - "60"
      X-Ratelimit-Remaining:
      - "999"
      X-Ratelimit-Reset:
      - "39"
    status: 200 OK
    code: 200
    duration: ""
- request:
    body: ""
    form: {}
    headers:
      Accept:
      - application/json
      Dd-Operation-Id:
      - GetAPITest
      User-Agent:
      - terraform-provider-datadog/dev (terraform 2.6.1; terraform-cli 0.15.0) datadog-api-client-go/1.1.0 (go go1.15.11; os darwin; arch amd64)
    url: https://api.datadoghq.com/api/v1/synthetics/tests/api/upz-4qi-ykf
    method: GET
  response:
    body: '{"status":"live","public_id":"upz-4qi-ykf","tags":["foo:bar","foo","env:test"],"locations":["aws:eu-central-1"],"message":"Notify @pagerduty","name":"tf-TestAccDatadogMonitor_ComposeWithSyntheticsTest-local-1624534855","monitor_id":39698951,"type":"api","subtype":"http","config":{"request":{"url":"https://docs.datadoghq.com","method":"GET","timeout":60},"assertions":[{"operator":"isNot","type":"statusCode","target":500}],"configVariables":[]},"options":{"min_failure_duration":10,"min_location_failed":1,"tick_every":900}}'
    headers:
      Cache-Control:
      - no-cache
      Connection:
      - keep-alive
      Content-Security-Policy:
      - frame-ancestors 'self'; report-uri https://api.datadoghq.com/csp-report
      Content-Type:
      - application/json
      Date:
      - Thu, 24 Jun 2021 11:41:21 GMT
      Pragma:
      - no-cache
      Strict-Transport-Security:
      - max-age=15724800;
      Vary:
      - Accept-Encoding
      X-Content-Type-Options:
      - nosniff
      X-Dd-Debug:
      - nLnnBNvlCFDECRnZvzDb0z4sAO35G+IMidcAs8vrCKyjvsKWE8Yd9S3n6OjZ1qRN
      X-Dd-Version:
      - "35.4822328"
      X-Frame-Options:
      - SAMEORIGIN
      X-Ratelimit-Limit:
      - "1000"
      X-Ratelimit-Period:
      - "60"
      X-Ratelimit-Remaining:
      - "998"
      X-Ratelimit-Reset:
      - "39"
    status: 200 OK
    code: 200
    duration: ""
- request:
    body: |
      {"message":"test","name":"tf-TestAccDatadogMonitor_ComposeWithSyntheticsTest-local-1624534855-composite","options":{"include_tags":true,"new_host_delay":300,"no_data_timeframe":10,"notify_no_data":false,"require_full_window":true,"thresholds":{}},"priority":0,"query":"39698950 || 39698951","restricted_roles":null,"tags":[],"type":"composite"}
    form: {}
    headers:
      Accept:
      - application/json
      Content-Type:
      - application/json
      Dd-Operation-Id:
      - ValidateMonitor
      User-Agent:
      - terraform-provider-datadog/dev (terraform 2.6.1; terraform-cli 0.15.0) datadog-api-client-go/1.1.0 (go go1.15.11; os darwin; arch amd64)
    url: https://api.datadoghq.com/api/v1/monitor/validate
    method: POST
  response:
    body: '{}'
    headers:
      Cache-Control:
      - no-cache
      Connection:
      - keep-alive
      Content-Length:
      - "2"
      Content-Security-Policy:
      - frame-ancestors 'self'; report-uri https://api.datadoghq.com/csp-report
      Content-Type:
      - application/json
      Date:
      - Thu, 24 Jun 2021 11:41:21 GMT
      Pragma:
      - no-cache
      Strict-Transport-Security:
      - max-age=15724800;
      X-Content-Type-Options:
      - nosniff
      X-Dd-Version:
      - "35.4822328"
      X-Frame-Options:
      - SAMEORIGIN
    status: 200 OK
    code: 200
    duration: ""
- request:
    body: |
      {"message":"test","name":"tf-TestAccDatadogMonitor_ComposeWithSyntheticsTest-local-1624534855-composite","options":{"include_tags":true,"new_host_delay":300,"notify_no_data":false,"require_full_window":true,"thresholds":{}},"priority":0,"query":"39698950 || 39698951","restricted_roles":null,"tags":[],"type":"composite"}
    form: {}
    headers:
      Accept:
      - application/json
      Content-Type:
      - application/json
      Dd-Operation-Id:
      - CreateMonitor
      User-Agent:
      - terraform-provider-datadog/dev (terraform 2.6.1; terraform-cli 0.15.0) datadog-api-client-go/1.1.0 (go go1.15.11; os darwin; arch amd64)
    url: https://api.datadoghq.com/api/v1/monitor
    method: POST
  response:
    body: '{"restricted_roles":null,"tags":[],"deleted":null,"query":"39698950 || 39698951","message":"test","id":39698954,"multi":false,"name":"tf-TestAccDatadogMonitor_ComposeWithSyntheticsTest-local-1624534855-composite","created":"2021-06-24T11:41:21.864532+00:00","created_at":1624534881000,"creator":{"id":1445416,"handle":"frog@datadoghq.com","name":null,"email":"frog@datadoghq.com"},"org_id":321813,"modified":"2021-06-24T11:41:21.864532+00:00","priority":null,"overall_state_modified":null,"overall_state":"No Data","type":"composite","options":{"notify_audit":false,"locked":false,"silenced":{},"include_tags":true,"new_host_delay":300,"require_full_window":true,"notify_no_data":false}}'
    headers:
      Cache-Control:
      - no-cache
      Connection:
      - keep-alive
      Content-Security-Policy:
      - frame-ancestors 'self'; report-uri https://api.datadoghq.com/csp-report
      Content-Type:
      - application/json
      Date:
      - Thu, 24 Jun 2021 11:41:21 GMT
      Pragma:
      - no-cache
      Strict-Transport-Security:
      - max-age=15724800;
      Vary:
      - Accept-Encoding
      X-Content-Type-Options:
      - nosniff
      X-Dd-Version:
      - "35.4822328"
      X-Frame-Options:
      - SAMEORIGIN
      X-Ratelimit-Limit:
      - "500"
      X-Ratelimit-Period:
      - "10"
      X-Ratelimit-Remaining:
      - "492"
      X-Ratelimit-Reset:
      - "9"
    status: 200 OK
    code: 200
    duration: ""
- request:
    body: |
      {"message":"test","name":"tf-TestAccDatadogMonitor_ComposeWithSyntheticsTest-local-1624534855","options":{"include_tags":true,"new_host_delay":300,"no_data_timeframe":10,"notify_no_data":false,"require_full_window":true,"thresholds":{"critical":100}},"priority":0,"query":"avg(last_5m):max:system.load.1{*} by {host} \u003e 100","restricted_roles":null,"tags":[],"type":"metric alert"}
    form: {}
    headers:
      Accept:
      - application/json
      Content-Type:
      - application/json
      Dd-Operation-Id:
      - ValidateMonitor
      User-Agent:
      - terraform-provider-datadog/dev (terraform 2.6.1; terraform-cli 0.15.0) datadog-api-client-go/1.1.0 (go go1.15.11; os darwin; arch amd64)
    url: https://api.datadoghq.com/api/v1/monitor/validate
    method: POST
  response:
    body: '{}'
    headers:
      Cache-Control:
      - no-cache
      Connection:
      - keep-alive
      Content-Length:
      - "2"
      Content-Security-Policy:
      - frame-ancestors 'self'; report-uri https://api.datadoghq.com/csp-report
      Content-Type:
      - application/json
      Date:
      - Thu, 24 Jun 2021 11:41:28 GMT
      Pragma:
      - no-cache
      Strict-Transport-Security:
      - max-age=15724800;
      X-Content-Type-Options:
      - nosniff
      X-Dd-Version:
      - "35.4822328"
      X-Frame-Options:
      - SAMEORIGIN
    status: 200 OK
    code: 200
    duration: ""
- request:
    body: |
      {"message":"test","name":"tf-TestAccDatadogMonitor_ComposeWithSyntheticsTest-local-1624534855-composite","options":{"include_tags":true,"new_host_delay":300,"no_data_timeframe":10,"notify_no_data":false,"require_full_window":true,"thresholds":{}},"priority":0,"query":"39698950 || 39698951","restricted_roles":null,"tags":[],"type":"composite"}
    form: {}
    headers:
      Accept:
      - application/json
      Content-Type:
      - application/json
      Dd-Operation-Id:
      - ValidateMonitor
      User-Agent:
      - terraform-provider-datadog/dev (terraform 2.6.1; terraform-cli 0.15.0) datadog-api-client-go/1.1.0 (go go1.15.11; os darwin; arch amd64)
    url: https://api.datadoghq.com/api/v1/monitor/validate
    method: POST
  response:
    body: '{}'
    headers:
      Cache-Control:
      - no-cache
      Connection:
      - keep-alive
      Content-Length:
      - "2"
      Content-Security-Policy:
      - frame-ancestors 'self'; report-uri https://api.datadoghq.com/csp-report
      Content-Type:
      - application/json
      Date:
      - Thu, 24 Jun 2021 11:41:29 GMT
      Pragma:
      - no-cache
      Strict-Transport-Security:
      - max-age=15724800;
      X-Content-Type-Options:
      - nosniff
      X-Dd-Version:
      - "35.4822328"
      X-Frame-Options:
      - SAMEORIGIN
    status: 200 OK
    code: 200
    duration: ""
- request:
    body: ""
    form: {}
    headers:
      Accept:
      - application/json
      Dd-Operation-Id:
      - GetMonitor
      User-Agent:
      - terraform-provider-datadog/dev (terraform 2.6.1; terraform-cli 0.15.0) datadog-api-client-go/1.1.0 (go go1.15.11; os darwin; arch amd64)
    url: https://api.datadoghq.com/api/v1/monitor/39698950
    method: GET
  response:
    body: '{"restricted_roles":null,"tags":[],"deleted":null,"query":"avg(last_5m):max:system.load.1{*} by {host} > 100","message":"test","id":39698950,"multi":true,"name":"tf-TestAccDatadogMonitor_ComposeWithSyntheticsTest-local-1624534855","created":"2021-06-24T11:41:21.146318+00:00","created_at":1624534881000,"creator":{"id":1445416,"handle":"frog@datadoghq.com","name":null,"email":"frog@datadoghq.com"},"org_id":321813,"modified":"2021-06-24T11:41:21.146318+00:00","priority":null,"overall_state_modified":null,"overall_state":"No Data","type":"metric alert","options":{"notify_audit":false,"locked":false,"silenced":{},"include_tags":true,"thresholds":{"critical":100.0},"new_host_delay":300,"require_full_window":true,"notify_no_data":false}}'
    headers:
      Cache-Control:
      - no-cache
      Connection:
      - keep-alive
      Content-Security-Policy:
      - frame-ancestors 'self'; report-uri https://api.datadoghq.com/csp-report
      Content-Type:
      - application/json
      Date:
      - Thu, 24 Jun 2021 11:41:36 GMT
      Pragma:
      - no-cache
      Strict-Transport-Security:
      - max-age=15724800;
      Vary:
      - Accept-Encoding
      X-Content-Type-Options:
      - nosniff
      X-Dd-Version:
      - "35.4822328"
      X-Frame-Options:
      - SAMEORIGIN
      X-Ratelimit-Limit:
      - "3000"
      X-Ratelimit-Period:
      - "10"
      X-Ratelimit-Remaining:
      - "2993"
      X-Ratelimit-Reset:
      - "4"
    status: 200 OK
    code: 200
    duration: ""
- request:
    body: ""
    form: {}
    headers:
      Accept:
      - application/json
      Dd-Operation-Id:
      - GetTest
      User-Agent:
      - terraform-provider-datadog/dev (terraform 2.6.1; terraform-cli 0.15.0) datadog-api-client-go/1.1.0 (go go1.15.11; os darwin; arch amd64)
    url: https://api.datadoghq.com/api/v1/synthetics/tests/upz-4qi-ykf
    method: GET
  response:
    body: '{"status":"live","public_id":"upz-4qi-ykf","tags":["foo:bar","foo","env:test"],"locations":["aws:eu-central-1"],"message":"Notify @pagerduty","name":"tf-TestAccDatadogMonitor_ComposeWithSyntheticsTest-local-1624534855","monitor_id":39698951,"type":"api","subtype":"http","config":{"request":{"url":"https://docs.datadoghq.com","method":"GET","timeout":60},"assertions":[{"operator":"isNot","type":"statusCode","target":500}],"configVariables":[]},"options":{"min_failure_duration":10,"min_location_failed":1,"tick_every":900}}'
    headers:
      Cache-Control:
      - no-cache
      Connection:
      - keep-alive
      Content-Security-Policy:
      - frame-ancestors 'self'; report-uri https://api.datadoghq.com/csp-report
      Content-Type:
      - application/json
      Date:
      - Thu, 24 Jun 2021 11:41:36 GMT
      Pragma:
      - no-cache
      Strict-Transport-Security:
      - max-age=15724800;
      Vary:
      - Accept-Encoding
      X-Content-Type-Options:
      - nosniff
      X-Dd-Debug:
      - l8RQo2maZqJf6GFThBbKNE6dvthz6njusVtau3dPXJWL2RLFoN81H+BLPB/1xgs1
      X-Dd-Version:
      - "35.4822328"
      X-Frame-Options:
      - SAMEORIGIN
      X-Ratelimit-Limit:
      - "1000"
      X-Ratelimit-Period:
      - "60"
      X-Ratelimit-Remaining:
      - "997"
      X-Ratelimit-Reset:
      - "24"
    status: 200 OK
    code: 200
    duration: ""
- request:
    body: |
      {"message":"test","name":"tf-TestAccDatadogMonitor_ComposeWithSyntheticsTest-local-1624534855","options":{"include_tags":true,"new_host_delay":300,"no_data_timeframe":10,"notify_no_data":false,"require_full_window":true,"thresholds":{"critical":100}},"priority":0,"query":"avg(last_5m):max:system.load.1{*} by {host} \u003e 100","restricted_roles":null,"tags":[],"type":"metric alert"}
    form: {}
    headers:
      Accept:
      - application/json
      Content-Type:
      - application/json
      Dd-Operation-Id:
      - ValidateMonitor
      User-Agent:
      - terraform-provider-datadog/dev (terraform 2.6.1; terraform-cli 0.15.0) datadog-api-client-go/1.1.0 (go go1.15.11; os darwin; arch amd64)
    url: https://api.datadoghq.com/api/v1/monitor/validate
    method: POST
  response:
    body: '{}'
    headers:
      Cache-Control:
      - no-cache
      Connection:
      - keep-alive
      Content-Length:
      - "2"
      Content-Security-Policy:
      - frame-ancestors 'self'; report-uri https://api.datadoghq.com/csp-report
      Content-Type:
      - application/json
      Date:
      - Thu, 24 Jun 2021 11:41:36 GMT
      Pragma:
      - no-cache
      Strict-Transport-Security:
      - max-age=15724800;
      X-Content-Type-Options:
      - nosniff
      X-Dd-Version:
      - "35.4822328"
      X-Frame-Options:
      - SAMEORIGIN
    status: 200 OK
    code: 200
    duration: ""
- request:
    body: ""
    form: {}
    headers:
      Accept:
      - application/json
      Dd-Operation-Id:
      - GetAPITest
      User-Agent:
      - terraform-provider-datadog/dev (terraform 2.6.1; terraform-cli 0.15.0) datadog-api-client-go/1.1.0 (go go1.15.11; os darwin; arch amd64)
    url: https://api.datadoghq.com/api/v1/synthetics/tests/api/upz-4qi-ykf
    method: GET
  response:
    body: '{"status":"live","public_id":"upz-4qi-ykf","tags":["foo:bar","foo","env:test"],"locations":["aws:eu-central-1"],"message":"Notify @pagerduty","name":"tf-TestAccDatadogMonitor_ComposeWithSyntheticsTest-local-1624534855","monitor_id":39698951,"type":"api","subtype":"http","config":{"request":{"url":"https://docs.datadoghq.com","method":"GET","timeout":60},"assertions":[{"operator":"isNot","type":"statusCode","target":500}],"configVariables":[]},"options":{"min_failure_duration":10,"min_location_failed":1,"tick_every":900}}'
    headers:
      Cache-Control:
      - no-cache
      Connection:
      - keep-alive
      Content-Security-Policy:
      - frame-ancestors 'self'; report-uri https://api.datadoghq.com/csp-report
      Content-Type:
      - application/json
      Date:
      - Thu, 24 Jun 2021 11:41:36 GMT
      Pragma:
      - no-cache
      Strict-Transport-Security:
      - max-age=15724800;
      Vary:
      - Accept-Encoding
      X-Content-Type-Options:
      - nosniff
      X-Dd-Debug:
      - l4HFlaRP3QwYSqoGKhzbYfv7zgkK63HIRR7YkyVYZspq0lGjjTBwoK8V/alf+XYt
      X-Dd-Version:
      - "35.4822328"
      X-Frame-Options:
      - SAMEORIGIN
      X-Ratelimit-Limit:
      - "1000"
      X-Ratelimit-Period:
      - "60"
      X-Ratelimit-Remaining:
      - "996"
      X-Ratelimit-Reset:
      - "24"
    status: 200 OK
    code: 200
    duration: ""
- request:
    body: ""
    form: {}
    headers:
      Accept:
      - application/json
      Dd-Operation-Id:
      - GetMonitor
      User-Agent:
      - terraform-provider-datadog/dev (terraform 2.6.1; terraform-cli 0.15.0) datadog-api-client-go/1.1.0 (go go1.15.11; os darwin; arch amd64)
    url: https://api.datadoghq.com/api/v1/monitor/39698954
    method: GET
  response:
    body: '{"restricted_roles":null,"tags":[],"deleted":null,"query":"39698950 || 39698951","message":"test","id":39698954,"multi":false,"name":"tf-TestAccDatadogMonitor_ComposeWithSyntheticsTest-local-1624534855-composite","created":"2021-06-24T11:41:21.864532+00:00","created_at":1624534881000,"creator":{"id":1445416,"handle":"frog@datadoghq.com","name":null,"email":"frog@datadoghq.com"},"org_id":321813,"modified":"2021-06-24T11:41:21.864532+00:00","priority":null,"overall_state_modified":null,"overall_state":"No Data","type":"composite","options":{"notify_audit":false,"locked":false,"silenced":{},"include_tags":true,"new_host_delay":300,"require_full_window":true,"notify_no_data":false}}'
    headers:
      Cache-Control:
      - no-cache
      Connection:
      - keep-alive
      Content-Security-Policy:
      - frame-ancestors 'self'; report-uri https://api.datadoghq.com/csp-report
      Content-Type:
      - application/json
      Date:
      - Thu, 24 Jun 2021 11:41:36 GMT
      Pragma:
      - no-cache
      Strict-Transport-Security:
      - max-age=15724800;
      Vary:
      - Accept-Encoding
      X-Content-Type-Options:
      - nosniff
      X-Dd-Version:
      - "35.4822328"
      X-Frame-Options:
      - SAMEORIGIN
      X-Ratelimit-Limit:
      - "3000"
      X-Ratelimit-Period:
      - "10"
      X-Ratelimit-Remaining:
      - "2992"
      X-Ratelimit-Reset:
      - "4"
    status: 200 OK
    code: 200
    duration: ""
- request:
    body: |
      {"message":"test","name":"tf-TestAccDatadogMonitor_ComposeWithSyntheticsTest-local-1624534855-composite","options":{"include_tags":true,"new_host_delay":300,"no_data_timeframe":10,"notify_no_data":false,"require_full_window":true,"thresholds":{}},"priority":0,"query":"39698950 || 39698951","restricted_roles":null,"tags":[],"type":"composite"}
    form: {}
    headers:
      Accept:
      - application/json
      Content-Type:
      - application/json
      Dd-Operation-Id:
      - ValidateMonitor
      User-Agent:
      - terraform-provider-datadog/dev (terraform 2.6.1; terraform-cli 0.15.0) datadog-api-client-go/1.1.0 (go go1.15.11; os darwin; arch amd64)
    url: https://api.datadoghq.com/api/v1/monitor/validate
    method: POST
  response:
    body: '{}'
    headers:
      Cache-Control:
      - no-cache
      Connection:
      - keep-alive
      Content-Length:
      - "2"
      Content-Security-Policy:
      - frame-ancestors 'self'; report-uri https://api.datadoghq.com/csp-report
      Content-Type:
      - application/json
      Date:
      - Thu, 24 Jun 2021 11:41:36 GMT
      Pragma:
      - no-cache
      Strict-Transport-Security:
      - max-age=15724800;
      X-Content-Type-Options:
      - nosniff
      X-Dd-Version:
      - "35.4822328"
      X-Frame-Options:
      - SAMEORIGIN
    status: 200 OK
    code: 200
    duration: ""
- request:
    body: |
      {"message":"test","name":"tf-TestAccDatadogMonitor_ComposeWithSyntheticsTest-local-1624534855","options":{"include_tags":true,"new_host_delay":300,"no_data_timeframe":10,"notify_no_data":false,"require_full_window":true,"thresholds":{"critical":100}},"priority":0,"query":"avg(last_5m):max:system.load.1{*} by {host} \u003e 100","restricted_roles":null,"tags":[],"type":"metric alert"}
    form: {}
    headers:
      Accept:
      - application/json
      Content-Type:
      - application/json
      Dd-Operation-Id:
      - ValidateMonitor
      User-Agent:
      - terraform-provider-datadog/dev (terraform 2.6.1; terraform-cli 0.15.0) datadog-api-client-go/1.1.0 (go go1.15.11; os darwin; arch amd64)
    url: https://api.datadoghq.com/api/v1/monitor/validate
    method: POST
  response:
    body: '{}'
    headers:
      Cache-Control:
      - no-cache
      Connection:
      - keep-alive
      Content-Length:
      - "2"
      Content-Security-Policy:
      - frame-ancestors 'self'; report-uri https://api.datadoghq.com/csp-report
      Content-Type:
      - application/json
      Date:
      - Thu, 24 Jun 2021 11:41:40 GMT
      Pragma:
      - no-cache
      Strict-Transport-Security:
      - max-age=15724800;
      X-Content-Type-Options:
      - nosniff
      X-Dd-Version:
      - "35.4822328"
      X-Frame-Options:
      - SAMEORIGIN
    status: 200 OK
    code: 200
    duration: ""
- request:
    body: |
      {"message":"test","name":"tf-TestAccDatadogMonitor_ComposeWithSyntheticsTest-local-1624534855-composite","options":{"include_tags":true,"new_host_delay":300,"no_data_timeframe":10,"notify_no_data":false,"require_full_window":true,"thresholds":{}},"priority":0,"query":"39698950 || 39698951","restricted_roles":null,"tags":[],"type":"composite"}
    form: {}
    headers:
      Accept:
      - application/json
      Content-Type:
      - application/json
      Dd-Operation-Id:
      - ValidateMonitor
      User-Agent:
      - terraform-provider-datadog/dev (terraform 2.6.1; terraform-cli 0.15.0) datadog-api-client-go/1.1.0 (go go1.15.11; os darwin; arch amd64)
    url: https://api.datadoghq.com/api/v1/monitor/validate
    method: POST
  response:
    body: '{}'
    headers:
      Cache-Control:
      - no-cache
      Connection:
      - keep-alive
      Content-Length:
      - "2"
      Content-Security-Policy:
      - frame-ancestors 'self'; report-uri https://api.datadoghq.com/csp-report
      Content-Type:
      - application/json
      Date:
      - Thu, 24 Jun 2021 11:41:40 GMT
      Pragma:
      - no-cache
      Strict-Transport-Security:
      - max-age=15724800;
      X-Content-Type-Options:
      - nosniff
      X-Dd-Version:
      - "35.4822328"
      X-Frame-Options:
      - SAMEORIGIN
    status: 200 OK
    code: 200
    duration: ""
- request:
    body: ""
    form: {}
    headers:
      Accept:
      - application/json
      Dd-Operation-Id:
      - DeleteMonitor
      User-Agent:
      - terraform-provider-datadog/dev (terraform 2.6.1; terraform-cli ) datadog-api-client-go/1.1.0 (go go1.15.11; os darwin; arch amd64)
    url: https://api.datadoghq.com/api/v1/monitor/39698954
    method: DELETE
  response:
    body: '{"deleted_monitor_id":39698954}'
    headers:
      Cache-Control:
      - no-cache
      Connection:
      - keep-alive
      Content-Security-Policy:
      - frame-ancestors 'self'; report-uri https://api.datadoghq.com/csp-report
      Content-Type:
      - application/json
      Date:
      - Thu, 24 Jun 2021 11:41:54 GMT
      Pragma:
      - no-cache
      Strict-Transport-Security:
      - max-age=15724800;
      Vary:
      - Accept-Encoding
      X-Content-Type-Options:
      - nosniff
      X-Dd-Version:
      - "35.4822328"
      X-Frame-Options:
      - SAMEORIGIN
    status: 200 OK
    code: 200
    duration: ""
- request:
    body: ""
    form: {}
    headers:
      Accept:
      - application/json
      Dd-Operation-Id:
      - DeleteMonitor
      User-Agent:
      - terraform-provider-datadog/dev (terraform 2.6.1; terraform-cli ) datadog-api-client-go/1.1.0 (go go1.15.11; os darwin; arch amd64)
    url: https://api.datadoghq.com/api/v1/monitor/39698950
    method: DELETE
  response:
    body: '{"deleted_monitor_id":39698950}'
    headers:
      Cache-Control:
      - no-cache
      Connection:
      - keep-alive
      Content-Security-Policy:
      - frame-ancestors 'self'; report-uri https://api.datadoghq.com/csp-report
      Content-Type:
      - application/json
      Date:
      - Thu, 24 Jun 2021 11:41:54 GMT
      Pragma:
      - no-cache
      Strict-Transport-Security:
      - max-age=15724800;
      Vary:
      - Accept-Encoding
      X-Content-Type-Options:
      - nosniff
      X-Dd-Version:
      - "35.4822328"
      X-Frame-Options:
      - SAMEORIGIN
    status: 200 OK
    code: 200
    duration: ""
- request:
    body: |
      {"public_ids":["upz-4qi-ykf"]}
    form: {}
    headers:
      Accept:
      - application/json
      Content-Type:
      - application/json
      Dd-Operation-Id:
      - DeleteTests
      User-Agent:
      - terraform-provider-datadog/dev (terraform 2.6.1; terraform-cli ) datadog-api-client-go/1.1.0 (go go1.15.11; os darwin; arch amd64)
    url: https://api.datadoghq.com/api/v1/synthetics/tests/delete
    method: POST
  response:
    body: '{"deleted_tests":[{"deleted_at":"2021-06-24T11:41:54.458158+00:00","public_id":"upz-4qi-ykf"}]}'
    headers:
      Cache-Control:
      - no-cache
      Connection:
      - keep-alive
      Content-Security-Policy:
      - frame-ancestors 'self'; report-uri https://api.datadoghq.com/csp-report
      Content-Type:
      - application/json
      Date:
      - Thu, 24 Jun 2021 11:41:54 GMT
      Pragma:
      - no-cache
      Strict-Transport-Security:
      - max-age=15724800;
      Vary:
      - Accept-Encoding
      X-Content-Type-Options:
      - nosniff
      X-Dd-Debug:
      - bgHykj7A9bfZx0Y5ZO3swhhp5tGUSNJHqFWR868+qg087CYrDOd5hQslC+noiEtH
      X-Dd-Version:
      - "35.4822328"
      X-Frame-Options:
      - SAMEORIGIN
      X-Ratelimit-Limit:
      - "120"
      X-Ratelimit-Period:
      - "60"
      X-Ratelimit-Remaining:
      - "119"
      X-Ratelimit-Reset:
      - "6"
    status: 200 OK
    code: 200
    duration: ""
- request:
    body: ""
    form: {}
    headers:
      Accept:
      - application/json
      Dd-Operation-Id:
      - GetMonitor
      User-Agent:
      - terraform-provider-datadog/dev (terraform 2.6.1; terraform-cli ) datadog-api-client-go/1.1.0 (go go1.15.11; os darwin; arch amd64)
    url: https://api.datadoghq.com/api/v1/monitor/39698954
    method: GET
  response:
    body: '{"errors": ["Monitor not found"]}'
    headers:
      Cache-Control:
      - no-cache
      Connection:
      - keep-alive
      Content-Security-Policy:
      - frame-ancestors 'self'; report-uri https://api.datadoghq.com/csp-report
      Content-Type:
      - application/json
      Date:
      - Thu, 24 Jun 2021 11:41:54 GMT
      Pragma:
      - no-cache
      Strict-Transport-Security:
      - max-age=15724800;
      Vary:
      - Accept-Encoding
      X-Content-Type-Options:
      - nosniff
      X-Dd-Version:
      - "35.4822328"
      X-Frame-Options:
      - SAMEORIGIN
      X-Ratelimit-Limit:
      - "3000"
      X-Ratelimit-Period:
      - "10"
      X-Ratelimit-Remaining:
      - "2993"
      X-Ratelimit-Reset:
      - "6"
    status: 404 Not Found
    code: 404
    duration: ""
