---
version: 1
interactions:
- request:
    body: |
      {"config":{"assertions":[{"operator":"lessThan","target":2000,"type":"responseTime"},{"operator":"is","target":1,"type":"grpcHealthcheckStatus"},{"operator":"is","target":"proto target","type":"grpcProto"},{"operator":"is","property":"property","target":"123","type":"grpcMetadata"}],"configVariables":[],"request":{"host":"google.com","metadata":{"header":"value"},"method":"GET","port":50050,"service":"Hello","timeout":60}},"locations":["aws:eu-central-1"],"message":"Notify @datadog.user","name":"tf-TestAccDatadogSyntheticsGRPCTest_Basic-local-1694006978","options":{"min_location_failed":1,"tick_every":60},"status":"paused","subtype":"grpc","tags":["foo:bar","baz"],"type":"api"}
    form: {}
    headers:
      Accept:
      - application/json
      Content-Type:
      - application/json
    url: https://api.datadoghq.com/api/v1/synthetics/tests/api
    method: POST
  response:
    body: |
      {"public_id":"ktv-3c2-rxx","name":"tf-TestAccDatadogSyntheticsGRPCTest_Basic-local-1694006978","status":"paused","type":"api","tags":["foo:bar","baz"],"created_at":"2023-09-06T13:29:39.818606+00:00","modified_at":"2023-09-06T13:29:39.818606+00:00","config":{"assertions":[{"operator":"lessThan","target":2000,"type":"responseTime"},{"operator":"is","target":1,"type":"grpcHealthcheckStatus"},{"operator":"is","target":"proto target","type":"grpcProto"},{"operator":"is","property":"property","target":"123","type":"grpcMetadata"}],"configVariables":[],"request":{"host":"google.com","metadata":{"header":"value"},"method":"GET","port":50050,"service":"Hello","timeout":60}},"message":"Notify @datadog.user","options":{"min_location_failed":1,"tick_every":60},"locations":["aws:eu-central-1"],"subtype":"grpc","created_by":{"name":"Frog","handle":"frog@datadoghq.com","email":"frog@datadoghq.com"},"deleted_at":null,"monitor_id":130914105,"org_id":569509,"modified_by":{"name":"Frog","handle":"frog@datadoghq.com","email":"frog@datadoghq.com"}}
    headers:
      Content-Type:
      - application/json
    status: 200 OK
    code: 200
    duration: ""
- request:
    body: ""
    form: {}
    headers:
      Accept:
      - application/json
    url: https://api.datadoghq.com/api/v1/synthetics/tests/api/ktv-3c2-rxx
    method: GET
  response:
    body: |
      {"public_id":"ktv-3c2-rxx","name":"tf-TestAccDatadogSyntheticsGRPCTest_Basic-local-1694006978","status":"paused","type":"api","tags":["foo:bar","baz"],"created_at":"2023-09-06T13:29:39.818606+00:00","modified_at":"2023-09-06T13:29:39.818606+00:00","config":{"assertions":[{"operator":"lessThan","target":2000,"type":"responseTime"},{"operator":"is","target":1,"type":"grpcHealthcheckStatus"},{"operator":"is","target":"proto target","type":"grpcProto"},{"operator":"is","property":"property","target":"123","type":"grpcMetadata"}],"configVariables":[],"request":{"host":"google.com","metadata":{"header":"value"},"method":"GET","port":50050,"service":"Hello","timeout":60}},"message":"Notify @datadog.user","options":{"min_location_failed":1,"tick_every":60},"locations":["aws:eu-central-1"],"subtype":"grpc","monitor_id":130914105,"creator":{"name":"Frog","handle":"frog@datadoghq.com","email":"frog@datadoghq.com"}}
    headers:
      Content-Type:
      - application/json
    status: 200 OK
    code: 200
    duration: ""
- request:
    body: ""
    form: {}
    headers:
      Accept:
      - application/json
    url: https://api.datadoghq.com/api/v1/synthetics/tests/ktv-3c2-rxx
    method: GET
  response:
    body: |
      {"public_id":"ktv-3c2-rxx","name":"tf-TestAccDatadogSyntheticsGRPCTest_Basic-local-1694006978","status":"paused","type":"api","tags":["foo:bar","baz"],"created_at":"2023-09-06T13:29:39.818606+00:00","modified_at":"2023-09-06T13:29:39.818606+00:00","config":{"assertions":[{"operator":"lessThan","target":2000,"type":"responseTime"},{"operator":"is","target":1,"type":"grpcHealthcheckStatus"},{"operator":"is","target":"proto target","type":"grpcProto"},{"operator":"is","property":"property","target":"123","type":"grpcMetadata"}],"configVariables":[],"request":{"host":"google.com","metadata":{"header":"value"},"method":"GET","port":50050,"service":"Hello","timeout":60}},"message":"Notify @datadog.user","options":{"min_location_failed":1,"tick_every":60},"locations":["aws:eu-central-1"],"subtype":"grpc","monitor_id":130914105,"creator":{"name":"Frog","handle":"frog@datadoghq.com","email":"frog@datadoghq.com"}}
    headers:
      Content-Type:
      - application/json
    status: 200 OK
    code: 200
    duration: ""
- request:
    body: ""
    form: {}
    headers:
      Accept:
      - application/json
    url: https://api.datadoghq.com/api/v1/synthetics/tests/ktv-3c2-rxx
    method: GET
  response:
    body: |
      {"public_id":"ktv-3c2-rxx","name":"tf-TestAccDatadogSyntheticsGRPCTest_Basic-local-1694006978","status":"paused","type":"api","tags":["foo:bar","baz"],"created_at":"2023-09-06T13:29:39.818606+00:00","modified_at":"2023-09-06T13:29:39.818606+00:00","config":{"assertions":[{"operator":"lessThan","target":2000,"type":"responseTime"},{"operator":"is","target":1,"type":"grpcHealthcheckStatus"},{"operator":"is","target":"proto target","type":"grpcProto"},{"operator":"is","property":"property","target":"123","type":"grpcMetadata"}],"configVariables":[],"request":{"host":"google.com","metadata":{"header":"value"},"method":"GET","port":50050,"service":"Hello","timeout":60}},"message":"Notify @datadog.user","options":{"min_location_failed":1,"tick_every":60},"locations":["aws:eu-central-1"],"subtype":"grpc","monitor_id":130914105,"creator":{"name":"Frog","handle":"frog@datadoghq.com","email":"frog@datadoghq.com"}}
    headers:
      Content-Type:
      - application/json
    status: 200 OK
    code: 200
    duration: ""
- request:
    body: ""
    form: {}
    headers:
      Accept:
      - application/json
    url: https://api.datadoghq.com/api/v1/synthetics/tests/api/ktv-3c2-rxx
    method: GET
  response:
    body: |
      {"public_id":"ktv-3c2-rxx","name":"tf-TestAccDatadogSyntheticsGRPCTest_Basic-local-1694006978","status":"paused","type":"api","tags":["foo:bar","baz"],"created_at":"2023-09-06T13:29:39.818606+00:00","modified_at":"2023-09-06T13:29:39.818606+00:00","config":{"assertions":[{"operator":"lessThan","target":2000,"type":"responseTime"},{"operator":"is","target":1,"type":"grpcHealthcheckStatus"},{"operator":"is","target":"proto target","type":"grpcProto"},{"operator":"is","property":"property","target":"123","type":"grpcMetadata"}],"configVariables":[],"request":{"host":"google.com","metadata":{"header":"value"},"method":"GET","port":50050,"service":"Hello","timeout":60}},"message":"Notify @datadog.user","options":{"min_location_failed":1,"tick_every":60},"locations":["aws:eu-central-1"],"subtype":"grpc","monitor_id":130914105,"creator":{"name":"Frog","handle":"frog@datadoghq.com","email":"frog@datadoghq.com"}}
    headers:
      Content-Type:
      - application/json
    status: 200 OK
    code: 200
    duration: ""
- request:
    body: ""
    form: {}
    headers:
      Accept:
      - application/json
    url: https://api.datadoghq.com/api/v1/synthetics/tests/ktv-3c2-rxx
    method: GET
  response:
    body: |
      {"public_id":"ktv-3c2-rxx","name":"tf-TestAccDatadogSyntheticsGRPCTest_Basic-local-1694006978","status":"paused","type":"api","tags":["foo:bar","baz"],"created_at":"2023-09-06T13:29:39.818606+00:00","modified_at":"2023-09-06T13:29:39.818606+00:00","config":{"assertions":[{"operator":"lessThan","target":2000,"type":"responseTime"},{"operator":"is","target":1,"type":"grpcHealthcheckStatus"},{"operator":"is","target":"proto target","type":"grpcProto"},{"operator":"is","property":"property","target":"123","type":"grpcMetadata"}],"configVariables":[],"request":{"host":"google.com","metadata":{"header":"value"},"method":"GET","port":50050,"service":"Hello","timeout":60}},"message":"Notify @datadog.user","options":{"min_location_failed":1,"tick_every":60},"locations":["aws:eu-central-1"],"subtype":"grpc","monitor_id":130914105,"creator":{"name":"Frog","handle":"frog@datadoghq.com","email":"frog@datadoghq.com"}}
    headers:
      Content-Type:
      - application/json
    status: 200 OK
    code: 200
    duration: ""
- request:
    body: ""
    form: {}
    headers:
      Accept:
      - application/json
    url: https://api.datadoghq.com/api/v1/synthetics/tests/api/ktv-3c2-rxx
    method: GET
  response:
    body: |
      {"public_id":"ktv-3c2-rxx","name":"tf-TestAccDatadogSyntheticsGRPCTest_Basic-local-1694006978","status":"paused","type":"api","tags":["foo:bar","baz"],"created_at":"2023-09-06T13:29:39.818606+00:00","modified_at":"2023-09-06T13:29:39.818606+00:00","config":{"assertions":[{"operator":"lessThan","target":2000,"type":"responseTime"},{"operator":"is","target":1,"type":"grpcHealthcheckStatus"},{"operator":"is","target":"proto target","type":"grpcProto"},{"operator":"is","property":"property","target":"123","type":"grpcMetadata"}],"configVariables":[],"request":{"host":"google.com","metadata":{"header":"value"},"method":"GET","port":50050,"service":"Hello","timeout":60}},"message":"Notify @datadog.user","options":{"min_location_failed":1,"tick_every":60},"locations":["aws:eu-central-1"],"subtype":"grpc","monitor_id":130914105,"creator":{"name":"Frog","handle":"frog@datadoghq.com","email":"frog@datadoghq.com"}}
    headers:
      Content-Type:
      - application/json
    status: 200 OK
    code: 200
    duration: ""
- request:
    body: |
      {"config":{"assertions":[{"operator":"lessThan","target":2000,"type":"responseTime"},{"operator":"is","target":1,"type":"grpcHealthcheckStatus"}],"configVariables":[],"request":{"host":"google.com","metadata":{"header":"value-updated"},"method":"GET","port":50050,"service":"","timeout":60}},"locations":["aws:eu-central-1"],"message":"Notify @datadog.user","name":"tf-TestAccDatadogSyntheticsGRPCTest_Basic-local-1694006978","options":{"min_location_failed":1,"tick_every":60},"status":"paused","subtype":"grpc","tags":["foo:bar","baz"],"type":"api"}
    form: {}
    headers:
      Accept:
      - application/json
      Content-Type:
      - application/json
    url: https://api.datadoghq.com/api/v1/synthetics/tests/api/ktv-3c2-rxx
    method: PUT
  response:
    body: |
      {"public_id":"ktv-3c2-rxx","name":"tf-TestAccDatadogSyntheticsGRPCTest_Basic-local-1694006978","status":"paused","type":"api","tags":["foo:bar","baz"],"created_at":"2023-09-06T13:29:39.818606+00:00","modified_at":"2023-09-06T13:29:41.968179+00:00","config":{"assertions":[{"operator":"lessThan","target":2000,"type":"responseTime"},{"operator":"is","target":1,"type":"grpcHealthcheckStatus"}],"configVariables":[],"request":{"host":"google.com","metadata":{"header":"value-updated"},"method":"GET","port":50050,"service":"","timeout":60}},"message":"Notify @datadog.user","options":{"min_location_failed":1,"tick_every":60},"locations":["aws:eu-central-1"],"subtype":"grpc","created_by":{"name":"Frog","handle":"frog@datadoghq.com","email":"frog@datadoghq.com"},"deleted_at":null,"monitor_id":130914105,"org_id":569509,"modified_by":{"name":"Frog","handle":"frog@datadoghq.com","email":"frog@datadoghq.com"},"overall_state":2,"overall_state_modified":"2023-09-06T13:29:42.004964+00:00"}
    headers:
      Content-Type:
      - application/json
    status: 200 OK
    code: 200
    duration: ""
- request:
    body: ""
    form: {}
    headers:
      Accept:
      - application/json
    url: https://api.datadoghq.com/api/v1/synthetics/tests/ktv-3c2-rxx
    method: GET
  response:
    body: |
      {"public_id":"ktv-3c2-rxx","name":"tf-TestAccDatadogSyntheticsGRPCTest_Basic-local-1694006978","status":"paused","type":"api","tags":["foo:bar","baz"],"created_at":"2023-09-06T13:29:39.818606+00:00","modified_at":"2023-09-06T13:29:41.968179+00:00","config":{"assertions":[{"operator":"lessThan","target":2000,"type":"responseTime"},{"operator":"is","target":1,"type":"grpcHealthcheckStatus"}],"configVariables":[],"request":{"host":"google.com","metadata":{"header":"value-updated"},"method":"GET","port":50050,"service":"","timeout":60}},"message":"Notify @datadog.user","options":{"min_location_failed":1,"tick_every":60},"locations":["aws:eu-central-1"],"subtype":"grpc","monitor_id":130914105,"creator":{"name":"Frog","handle":"frog@datadoghq.com","email":"frog@datadoghq.com"}}
    headers:
      Content-Type:
      - application/json
    status: 200 OK
    code: 200
    duration: ""
- request:
    body: ""
    form: {}
    headers:
      Accept:
      - application/json
    url: https://api.datadoghq.com/api/v1/synthetics/tests/ktv-3c2-rxx
    method: GET
  response:
    body: |
      {"public_id":"ktv-3c2-rxx","name":"tf-TestAccDatadogSyntheticsGRPCTest_Basic-local-1694006978","status":"paused","type":"api","tags":["foo:bar","baz"],"created_at":"2023-09-06T13:29:39.818606+00:00","modified_at":"2023-09-06T13:29:41.968179+00:00","config":{"assertions":[{"operator":"lessThan","target":2000,"type":"responseTime"},{"operator":"is","target":1,"type":"grpcHealthcheckStatus"}],"configVariables":[],"request":{"host":"google.com","metadata":{"header":"value-updated"},"method":"GET","port":50050,"service":"","timeout":60}},"message":"Notify @datadog.user","options":{"min_location_failed":1,"tick_every":60},"locations":["aws:eu-central-1"],"subtype":"grpc","monitor_id":130914105,"creator":{"name":"Frog","handle":"frog@datadoghq.com","email":"frog@datadoghq.com"}}
    headers:
      Content-Type:
      - application/json
    status: 200 OK
    code: 200
    duration: ""
- request:
    body: ""
    form: {}
    headers:
      Accept:
      - application/json
    url: https://api.datadoghq.com/api/v1/synthetics/tests/api/ktv-3c2-rxx
    method: GET
  response:
    body: |
      {"public_id":"ktv-3c2-rxx","name":"tf-TestAccDatadogSyntheticsGRPCTest_Basic-local-1694006978","status":"paused","type":"api","tags":["foo:bar","baz"],"created_at":"2023-09-06T13:29:39.818606+00:00","modified_at":"2023-09-06T13:29:41.968179+00:00","config":{"assertions":[{"operator":"lessThan","target":2000,"type":"responseTime"},{"operator":"is","target":1,"type":"grpcHealthcheckStatus"}],"configVariables":[],"request":{"host":"google.com","metadata":{"header":"value-updated"},"method":"GET","port":50050,"service":"","timeout":60}},"message":"Notify @datadog.user","options":{"min_location_failed":1,"tick_every":60},"locations":["aws:eu-central-1"],"subtype":"grpc","monitor_id":130914105,"creator":{"name":"Frog","handle":"frog@datadoghq.com","email":"frog@datadoghq.com"}}
    headers:
      Content-Type:
      - application/json
    status: 200 OK
    code: 200
    duration: ""
- request:
    body: |
      {"public_ids":["ktv-3c2-rxx"]}
    form: {}
    headers:
      Accept:
      - application/json
      Content-Type:
      - application/json
    url: https://api.datadoghq.com/api/v1/synthetics/tests/delete
    method: POST
  response:
    body: |
      {"deleted_tests":[{"public_id":"ktv-3c2-rxx","deleted_at":"2023-09-06T13:29:43.449040+00:00"}]}
    headers:
      Content-Type:
      - application/json
    status: 200 OK
    code: 200
    duration: ""
- request:
    body: ""
    form: {}
    headers:
      Accept:
      - application/json
    url: https://api.datadoghq.com/api/v1/synthetics/tests/ktv-3c2-rxx
    method: GET
  response:
    body: '{"errors":["Synthetics test not found"]}'
    headers:
      Content-Type:
      - application/json
    status: 404 Not Found
    code: 404
    duration: ""
