---
version: 1
interactions:
- request:
    body: |
      {"config":{"assertions":[{"operator":"lessThan","target":2000,"type":"responseTime"},{"operator":"is","target":"established","type":"connection"}],"configVariables":[],"request":{"host":"agent-intake.logs.datadoghq.com","port":443,"timeout":60}},"locations":["aws:eu-central-1"],"message":"Notify @datadog.user","name":"tf-TestAccDatadogSyntheticsTCPTest_Updated-local-1658741017","options":{"min_location_failed":1,"tick_every":60},"status":"paused","subtype":"tcp","tags":["foo:bar","baz"],"type":"api"}
    form: {}
    headers:
      Accept:
      - application/json
      Content-Type:
      - application/json
    url: https://api.datadoghq.com/api/v1/synthetics/tests/api
    method: POST
  response:
    body: '{"status":"paused","public_id":"dnn-93c-cqh","tags":["foo:bar","baz"],"org_id":321813,"locations":["aws:eu-central-1"],"message":"Notify @datadog.user","deleted_at":null,"name":"tf-TestAccDatadogSyntheticsTCPTest_Updated-local-1658741017","monitor_id":78103544,"type":"api","created_at":"2022-07-25T09:23:54.295793+00:00","modified_at":"2022-07-25T09:23:54.295793+00:00","subtype":"tcp","config":{"request":{"host":"agent-intake.logs.datadoghq.com","port":443,"timeout":60},"assertions":[{"operator":"lessThan","type":"responseTime","target":2000},{"operator":"is","type":"connection","target":"established"}],"configVariables":[]},"options":{"min_location_failed":1,"tick_every":60}}'
    headers:
      Content-Type:
      - application/json
    status: 200 OK
    code: 200
    duration: ""
- request:
    body: ""
    form: {}
    headers:
      Accept:
      - application/json
    url: https://api.datadoghq.com/api/v1/synthetics/tests/api/dnn-93c-cqh
    method: GET
  response:
    body: '{"status":"paused","public_id":"dnn-93c-cqh","tags":["foo:bar","baz"],"locations":["aws:eu-central-1"],"message":"Notify @datadog.user","name":"tf-TestAccDatadogSyntheticsTCPTest_Updated-local-1658741017","monitor_id":78103544,"type":"api","created_at":"2022-07-25T09:23:54.295793+00:00","creator":{"handle":"frog@datadoghq.com","name":null,"email":"frog@datadoghq.com"},"modified_at":"2022-07-25T09:23:54.295793+00:00","subtype":"tcp","config":{"request":{"host":"agent-intake.logs.datadoghq.com","port":443,"timeout":60},"assertions":[{"operator":"lessThan","type":"responseTime","target":2000},{"operator":"is","type":"connection","target":"established"}],"configVariables":[]},"options":{"min_location_failed":1,"tick_every":60}}'
    headers:
      Content-Type:
      - application/json
    status: 200 OK
    code: 200
    duration: ""
- request:
    body: ""
    form: {}
    headers:
      Accept:
      - application/json
    url: https://api.datadoghq.com/api/v1/synthetics/tests/dnn-93c-cqh
    method: GET
  response:
    body: '{"status":"paused","public_id":"dnn-93c-cqh","tags":["foo:bar","baz"],"locations":["aws:eu-central-1"],"message":"Notify @datadog.user","name":"tf-TestAccDatadogSyntheticsTCPTest_Updated-local-1658741017","monitor_id":78103544,"type":"api","created_at":"2022-07-25T09:23:54.295793+00:00","creator":{"handle":"frog@datadoghq.com","name":null,"email":"frog@datadoghq.com"},"modified_at":"2022-07-25T09:23:54.295793+00:00","subtype":"tcp","config":{"request":{"host":"agent-intake.logs.datadoghq.com","port":443,"timeout":60},"assertions":[{"operator":"lessThan","type":"responseTime","target":2000},{"operator":"is","type":"connection","target":"established"}],"configVariables":[]},"options":{"min_location_failed":1,"tick_every":60}}'
    headers:
      Content-Type:
      - application/json
    status: 200 OK
    code: 200
    duration: ""
- request:
    body: ""
    form: {}
    headers:
      Accept:
      - application/json
    url: https://api.datadoghq.com/api/v1/synthetics/tests/dnn-93c-cqh
    method: GET
  response:
    body: '{"status":"paused","public_id":"dnn-93c-cqh","tags":["foo:bar","baz"],"locations":["aws:eu-central-1"],"message":"Notify @datadog.user","name":"tf-TestAccDatadogSyntheticsTCPTest_Updated-local-1658741017","monitor_id":78103544,"type":"api","created_at":"2022-07-25T09:23:54.295793+00:00","creator":{"handle":"frog@datadoghq.com","name":null,"email":"frog@datadoghq.com"},"modified_at":"2022-07-25T09:23:54.295793+00:00","subtype":"tcp","config":{"request":{"host":"agent-intake.logs.datadoghq.com","port":443,"timeout":60},"assertions":[{"operator":"lessThan","type":"responseTime","target":2000},{"operator":"is","type":"connection","target":"established"}],"configVariables":[]},"options":{"min_location_failed":1,"tick_every":60}}'
    headers:
      Content-Type:
      - application/json
    status: 200 OK
    code: 200
    duration: ""
- request:
    body: ""
    form: {}
    headers:
      Accept:
      - application/json
    url: https://api.datadoghq.com/api/v1/synthetics/tests/api/dnn-93c-cqh
    method: GET
  response:
    body: '{"status":"paused","public_id":"dnn-93c-cqh","tags":["foo:bar","baz"],"locations":["aws:eu-central-1"],"message":"Notify @datadog.user","name":"tf-TestAccDatadogSyntheticsTCPTest_Updated-local-1658741017","monitor_id":78103544,"type":"api","created_at":"2022-07-25T09:23:54.295793+00:00","creator":{"handle":"frog@datadoghq.com","name":null,"email":"frog@datadoghq.com"},"modified_at":"2022-07-25T09:23:54.295793+00:00","subtype":"tcp","config":{"request":{"host":"agent-intake.logs.datadoghq.com","port":443,"timeout":60},"assertions":[{"operator":"lessThan","type":"responseTime","target":2000},{"operator":"is","type":"connection","target":"established"}],"configVariables":[]},"options":{"min_location_failed":1,"tick_every":60}}'
    headers:
      Content-Type:
      - application/json
    status: 200 OK
    code: 200
    duration: ""
- request:
    body: ""
    form: {}
    headers:
      Accept:
      - application/json
    url: https://api.datadoghq.com/api/v1/synthetics/tests/dnn-93c-cqh
    method: GET
  response:
    body: '{"status":"paused","public_id":"dnn-93c-cqh","tags":["foo:bar","baz"],"locations":["aws:eu-central-1"],"message":"Notify @datadog.user","name":"tf-TestAccDatadogSyntheticsTCPTest_Updated-local-1658741017","monitor_id":78103544,"type":"api","created_at":"2022-07-25T09:23:54.295793+00:00","creator":{"handle":"frog@datadoghq.com","name":null,"email":"frog@datadoghq.com"},"modified_at":"2022-07-25T09:23:54.295793+00:00","subtype":"tcp","config":{"request":{"host":"agent-intake.logs.datadoghq.com","port":443,"timeout":60},"assertions":[{"operator":"lessThan","type":"responseTime","target":2000},{"operator":"is","type":"connection","target":"established"}],"configVariables":[]},"options":{"min_location_failed":1,"tick_every":60}}'
    headers:
      Content-Type:
      - application/json
    status: 200 OK
    code: 200
    duration: ""
- request:
    body: ""
    form: {}
    headers:
      Accept:
      - application/json
    url: https://api.datadoghq.com/api/v1/synthetics/tests/api/dnn-93c-cqh
    method: GET
  response:
    body: '{"status":"paused","public_id":"dnn-93c-cqh","tags":["foo:bar","baz"],"locations":["aws:eu-central-1"],"message":"Notify @datadog.user","name":"tf-TestAccDatadogSyntheticsTCPTest_Updated-local-1658741017","monitor_id":78103544,"type":"api","created_at":"2022-07-25T09:23:54.295793+00:00","creator":{"handle":"frog@datadoghq.com","name":null,"email":"frog@datadoghq.com"},"modified_at":"2022-07-25T09:23:54.295793+00:00","subtype":"tcp","config":{"request":{"host":"agent-intake.logs.datadoghq.com","port":443,"timeout":60},"assertions":[{"operator":"lessThan","type":"responseTime","target":2000},{"operator":"is","type":"connection","target":"established"}],"configVariables":[]},"options":{"min_location_failed":1,"tick_every":60}}'
    headers:
      Content-Type:
      - application/json
    status: 200 OK
    code: 200
    duration: ""
- request:
    body: |
      {"config":{"assertions":[{"operator":"lessThan","target":3000,"type":"responseTime"}],"configVariables":[],"request":{"host":"agent-intake.logs.datadoghq.com","port":443,"timeout":60}},"locations":["aws:eu-central-1"],"message":"Notify @datadog.user","name":"tf-TestAccDatadogSyntheticsTCPTest_Updated-local-1658741017-updated","options":{"min_location_failed":1,"tick_every":300},"status":"live","subtype":"tcp","tags":["foo:bar","baz","env:test"],"type":"api"}
    form: {}
    headers:
      Accept:
      - application/json
      Content-Type:
      - application/json
    url: https://api.datadoghq.com/api/v1/synthetics/tests/api/dnn-93c-cqh
    method: PUT
  response:
    body: '{"status":"live","public_id":"dnn-93c-cqh","tags":["foo:bar","baz","env:test"],"org_id":321813,"locations":["aws:eu-central-1"],"message":"Notify @datadog.user","deleted_at":null,"name":"tf-TestAccDatadogSyntheticsTCPTest_Updated-local-1658741017-updated","monitor_id":78103544,"type":"api","created_at":"2022-07-25T09:23:54.295793+00:00","modified_at":"2022-07-25T09:24:20.627846+00:00","subtype":"tcp","config":{"request":{"host":"agent-intake.logs.datadoghq.com","port":443,"timeout":60},"assertions":[{"operator":"lessThan","type":"responseTime","target":3000}],"configVariables":[]},"options":{"min_location_failed":1,"tick_every":300}}'
    headers:
      Content-Type:
      - application/json
    status: 200 OK
    code: 200
    duration: ""
- request:
    body: ""
    form: {}
    headers:
      Accept:
      - application/json
    url: https://api.datadoghq.com/api/v1/synthetics/tests/dnn-93c-cqh
    method: GET
  response:
    body: '{"status":"live","public_id":"dnn-93c-cqh","tags":["foo:bar","baz","env:test"],"locations":["aws:eu-central-1"],"message":"Notify @datadog.user","name":"tf-TestAccDatadogSyntheticsTCPTest_Updated-local-1658741017-updated","monitor_id":78103544,"type":"api","created_at":"2022-07-25T09:23:54.295793+00:00","creator":{"handle":"frog@datadoghq.com","name":null,"email":"frog@datadoghq.com"},"modified_at":"2022-07-25T09:24:20.627846+00:00","subtype":"tcp","config":{"request":{"host":"agent-intake.logs.datadoghq.com","port":443,"timeout":60},"assertions":[{"operator":"lessThan","type":"responseTime","target":3000}],"configVariables":[]},"options":{"min_location_failed":1,"tick_every":300}}'
    headers:
      Content-Type:
      - application/json
    status: 200 OK
    code: 200
    duration: ""
- request:
    body: ""
    form: {}
    headers:
      Accept:
      - application/json
    url: https://api.datadoghq.com/api/v1/synthetics/tests/dnn-93c-cqh
    method: GET
  response:
    body: '{"status":"live","public_id":"dnn-93c-cqh","tags":["foo:bar","baz","env:test"],"locations":["aws:eu-central-1"],"message":"Notify @datadog.user","name":"tf-TestAccDatadogSyntheticsTCPTest_Updated-local-1658741017-updated","monitor_id":78103544,"type":"api","created_at":"2022-07-25T09:23:54.295793+00:00","creator":{"handle":"frog@datadoghq.com","name":null,"email":"frog@datadoghq.com"},"modified_at":"2022-07-25T09:24:20.627846+00:00","subtype":"tcp","config":{"request":{"host":"agent-intake.logs.datadoghq.com","port":443,"timeout":60},"assertions":[{"operator":"lessThan","type":"responseTime","target":3000}],"configVariables":[]},"options":{"min_location_failed":1,"tick_every":300}}'
    headers:
      Content-Type:
      - application/json
    status: 200 OK
    code: 200
    duration: ""
- request:
    body: ""
    form: {}
    headers:
      Accept:
      - application/json
    url: https://api.datadoghq.com/api/v1/synthetics/tests/api/dnn-93c-cqh
    method: GET
  response:
    body: '{"status":"live","public_id":"dnn-93c-cqh","tags":["foo:bar","baz","env:test"],"locations":["aws:eu-central-1"],"message":"Notify @datadog.user","name":"tf-TestAccDatadogSyntheticsTCPTest_Updated-local-1658741017-updated","monitor_id":78103544,"type":"api","created_at":"2022-07-25T09:23:54.295793+00:00","creator":{"handle":"frog@datadoghq.com","name":null,"email":"frog@datadoghq.com"},"modified_at":"2022-07-25T09:24:20.627846+00:00","subtype":"tcp","config":{"request":{"host":"agent-intake.logs.datadoghq.com","port":443,"timeout":60},"assertions":[{"operator":"lessThan","type":"responseTime","target":3000}],"configVariables":[]},"options":{"min_location_failed":1,"tick_every":300}}'
    headers:
      Content-Type:
      - application/json
    status: 200 OK
    code: 200
    duration: ""
- request:
    body: |
      {"public_ids":["dnn-93c-cqh"]}
    form: {}
    headers:
      Accept:
      - application/json
      Content-Type:
      - application/json
    url: https://api.datadoghq.com/api/v1/synthetics/tests/delete
    method: POST
  response:
    body: '{"deleted_tests":[{"deleted_at":"2022-07-25T09:24:42.080707+00:00","public_id":"dnn-93c-cqh"}]}'
    headers:
      Content-Type:
      - application/json
    status: 200 OK
    code: 200
    duration: ""
- request:
    body: ""
    form: {}
    headers:
      Accept:
      - application/json
    url: https://api.datadoghq.com/api/v1/synthetics/tests/dnn-93c-cqh
    method: GET
  response:
    body: '{"errors": ["Synthetics test not found"]}'
    headers:
      Content-Type:
      - application/json
    status: 404 Not Found
    code: 404
    duration: ""
