---
version: 1
interactions:
- request:
    body: |
      {"cases":[{"condition":"a \u003e 0","name":"","notifications":[],"status":"high"}],"hasExtendedTitle":false,"isEnabled":true,"message":"acceptance rule triggered","name":"tf-TestAccDatadogSecurityMonitoringRule_OnlyRequiredFields-local-1658322158","options":{"detectionMethod":"threshold","evaluationWindow":300,"keepAlive":600,"maxSignalDuration":900},"queries":[{"aggregation":"count","distinctFields":[],"groupByFields":["host"],"metric":"","metrics":[],"name":"","query":"does not really match much"}],"type":"log_detection"}
    form: {}
    headers:
      Accept:
      - application/json
      Content-Type:
      - application/json
    url: https://api.datadoghq.com/api/v2/security_monitoring/rules
    method: POST
  response:
    body: |
      {"creationAuthorId":1445416,"tags":[],"isEnabled":true,"hasExtendedTitle":false,"message":"acceptance rule triggered","options":{"detectionMethod":"threshold","evaluationWindow":300,"maxSignalDuration":900,"keepAlive":600},"version":1,"createdAt":1658322160950,"filters":[],"queries":[{"distinctFields":[],"name":"","metric":"","aggregation":"count","metrics":[],"groupByFields":["host"],"query":"does not really match much"}],"isDeleted":false,"cases":[{"status":"high","notifications":[],"name":"","condition":"a > 0"}],"type":"log_detection","id":"aal-gdp-z24","isDefault":false,"name":"tf-TestAccDatadogSecurityMonitoringRule_OnlyRequiredFields-local-1658322158"}
    headers:
      Content-Type:
      - application/json
    status: '200 '
    code: 200
    duration: ""
- request:
    body: ""
    form: {}
    headers:
      Accept:
      - application/json
    url: https://api.datadoghq.com/api/v2/security_monitoring/rules/aal-gdp-z24
    method: GET
  response:
    body: |
      {"creationAuthorId":1445416,"tags":[],"isEnabled":true,"hasExtendedTitle":false,"message":"acceptance rule triggered","options":{"detectionMethod":"threshold","evaluationWindow":300,"maxSignalDuration":900,"keepAlive":600},"version":1,"createdAt":1658322160950,"filters":[],"queries":[{"distinctFields":[],"name":"","metric":"","aggregation":"count","metrics":[],"groupByFields":["host"],"query":"does not really match much"}],"isDeleted":false,"cases":[{"status":"high","notifications":[],"name":"","condition":"a > 0"}],"type":"log_detection","id":"aal-gdp-z24","isDefault":false,"name":"tf-TestAccDatadogSecurityMonitoringRule_OnlyRequiredFields-local-1658322158"}
    headers:
      Content-Type:
      - application/json
    status: '200 '
    code: 200
    duration: ""
- request:
    body: ""
    form: {}
    headers:
      Accept:
      - application/json
    url: https://api.datadoghq.com/api/v2/security_monitoring/rules/aal-gdp-z24
    method: GET
  response:
    body: |
      {"creationAuthorId":1445416,"tags":[],"isEnabled":true,"hasExtendedTitle":false,"message":"acceptance rule triggered","options":{"detectionMethod":"threshold","evaluationWindow":300,"maxSignalDuration":900,"keepAlive":600},"version":1,"createdAt":1658322160950,"filters":[],"queries":[{"distinctFields":[],"name":"","metric":"","aggregation":"count","metrics":[],"groupByFields":["host"],"query":"does not really match much"}],"isDeleted":false,"cases":[{"status":"high","notifications":[],"name":"","condition":"a > 0"}],"type":"log_detection","id":"aal-gdp-z24","isDefault":false,"name":"tf-TestAccDatadogSecurityMonitoringRule_OnlyRequiredFields-local-1658322158"}
    headers:
      Content-Type:
      - application/json
    status: '200 '
    code: 200
    duration: ""
- request:
    body: ""
    form: {}
    headers:
      Accept:
      - application/json
    url: https://api.datadoghq.com/api/v2/security_monitoring/rules/aal-gdp-z24
    method: GET
  response:
    body: |
      {"creationAuthorId":1445416,"tags":[],"isEnabled":true,"hasExtendedTitle":false,"message":"acceptance rule triggered","options":{"detectionMethod":"threshold","evaluationWindow":300,"maxSignalDuration":900,"keepAlive":600},"version":1,"createdAt":1658322160950,"filters":[],"queries":[{"distinctFields":[],"name":"","metric":"","aggregation":"count","metrics":[],"groupByFields":["host"],"query":"does not really match much"}],"isDeleted":false,"cases":[{"status":"high","notifications":[],"name":"","condition":"a > 0"}],"type":"log_detection","id":"aal-gdp-z24","isDefault":false,"name":"tf-TestAccDatadogSecurityMonitoringRule_OnlyRequiredFields-local-1658322158"}
    headers:
      Content-Type:
      - application/json
    status: '200 '
    code: 200
    duration: ""
- request:
    body: |
      {"cases":[{"condition":"first_updated \u003e 3","name":"high case (updated)","notifications":["@user"],"status":"medium"},{"condition":"first_updated \u003e 0","name":"warning case (updated)","notifications":[],"status":"high"}],"filters":[{"action":"suppress","query":"does not really suppress (updated)"}],"hasExtendedTitle":false,"isEnabled":true,"message":"acceptance rule triggered (updated)","name":"tf-TestAccDatadogSecurityMonitoringRule_OnlyRequiredFields-local-1658322158 - updated","options":{"detectionMethod":"threshold","evaluationWindow":60,"keepAlive":300,"maxSignalDuration":600},"queries":[{"aggregation":"cardinality","distinctFields":["@orgId"],"groupByFields":["service"],"metric":"@network.bytes_read","metrics":[],"name":"first_updated","query":"does not really match much (updated)"}],"tags":["u:tomato","i:tomato"]}
    form: {}
    headers:
      Accept:
      - application/json
      Content-Type:
      - application/json
    url: https://api.datadoghq.com/api/v2/security_monitoring/rules/aal-gdp-z24
    method: PUT
  response:
    body: |
      {"updateAuthorId":1445416,"creationAuthorId":1445416,"tags":["u:tomato","i:tomato"],"isEnabled":true,"hasExtendedTitle":false,"message":"acceptance rule triggered (updated)","options":{"detectionMethod":"threshold","evaluationWindow":60,"maxSignalDuration":600,"keepAlive":300},"version":2,"isDefault":false,"filters":[{"action":"suppress","query":"does not really suppress (updated)"}],"queries":[{"distinctFields":["@orgId"],"name":"first_updated","metric":"@network.bytes_read","aggregation":"cardinality","metrics":[],"groupByFields":["service"],"query":"does not really match much (updated)"}],"isDeleted":false,"cases":[{"status":"medium","notifications":["@user"],"name":"high case (updated)","condition":"first_updated > 3"},{"status":"high","notifications":[],"name":"warning case (updated)","condition":"first_updated > 0"}],"type":"log_detection","id":"aal-gdp-z24","createdAt":1658322160950,"name":"tf-TestAccDatadogSecurityMonitoringRule_OnlyRequiredFields-local-1658322158 - updated"}
    headers:
      Content-Type:
      - application/json
    status: '200 '
    code: 200
    duration: ""
- request:
    body: ""
    form: {}
    headers:
      Accept:
      - application/json
    url: https://api.datadoghq.com/api/v2/security_monitoring/rules/aal-gdp-z24
    method: GET
  response:
    body: |
      {"updateAuthorId":1445416,"creationAuthorId":1445416,"tags":["u:tomato","i:tomato"],"isEnabled":true,"hasExtendedTitle":false,"message":"acceptance rule triggered (updated)","options":{"detectionMethod":"threshold","evaluationWindow":60,"maxSignalDuration":600,"keepAlive":300},"version":2,"isDefault":false,"filters":[{"action":"suppress","query":"does not really suppress (updated)"}],"queries":[{"distinctFields":["@orgId"],"name":"first_updated","metric":"@network.bytes_read","aggregation":"cardinality","metrics":[],"groupByFields":["service"],"query":"does not really match much (updated)"}],"isDeleted":false,"cases":[{"status":"medium","notifications":["@user"],"name":"high case (updated)","condition":"first_updated > 3"},{"status":"high","notifications":[],"name":"warning case (updated)","condition":"first_updated > 0"}],"type":"log_detection","id":"aal-gdp-z24","createdAt":1658322160950,"name":"tf-TestAccDatadogSecurityMonitoringRule_OnlyRequiredFields-local-1658322158 - updated"}
    headers:
      Content-Type:
      - application/json
    status: '200 '
    code: 200
    duration: ""
- request:
    body: ""
    form: {}
    headers:
      Accept:
      - application/json
    url: https://api.datadoghq.com/api/v2/security_monitoring/rules/aal-gdp-z24
    method: GET
  response:
    body: |
      {"updateAuthorId":1445416,"creationAuthorId":1445416,"tags":["u:tomato","i:tomato"],"isEnabled":true,"hasExtendedTitle":false,"message":"acceptance rule triggered (updated)","options":{"detectionMethod":"threshold","evaluationWindow":60,"maxSignalDuration":600,"keepAlive":300},"version":2,"isDefault":false,"filters":[{"action":"suppress","query":"does not really suppress (updated)"}],"queries":[{"distinctFields":["@orgId"],"name":"first_updated","metric":"@network.bytes_read","aggregation":"cardinality","metrics":[],"groupByFields":["service"],"query":"does not really match much (updated)"}],"isDeleted":false,"cases":[{"status":"medium","notifications":["@user"],"name":"high case (updated)","condition":"first_updated > 3"},{"status":"high","notifications":[],"name":"warning case (updated)","condition":"first_updated > 0"}],"type":"log_detection","id":"aal-gdp-z24","createdAt":1658322160950,"name":"tf-TestAccDatadogSecurityMonitoringRule_OnlyRequiredFields-local-1658322158 - updated"}
    headers:
      Content-Type:
      - application/json
    status: '200 '
    code: 200
    duration: ""
- request:
    body: ""
    form: {}
    headers:
      Accept:
      - '*/*'
    url: https://api.datadoghq.com/api/v2/security_monitoring/rules/aal-gdp-z24
    method: DELETE
  response:
    body: ""
    headers: {}
    status: '204 '
    code: 204
    duration: ""
- request:
    body: ""
    form: {}
    headers:
      Accept:
      - application/json
    url: https://api.datadoghq.com/api/v2/security_monitoring/rules/aal-gdp-z24
    method: GET
  response:
    body: |
      {"errors":["Threat detection rule not found: aal-gdp-z24"]}
    headers:
      Content-Type:
      - application/json
    status: '404 '
    code: 404
    duration: ""
