version: 2
interactions:
- request:
    body: |
      {"message":"some message Notify: @hipchat-channel","name":"tf-TestAccDatadogDowntime_BasicWithMonitorTags-local-1686931346","options":{"escalation_message":"the situation has escalated @pagerduty","include_tags":true,"new_host_delay":300,"no_data_timeframe":10,"notify_no_data":false,"require_full_window":true,"thresholds":{"critical":2,"warning":1}},"priority":0,"query":"avg(last_1h):avg:aws.ec2.cpu{environment:foo,host:foo} by {host} \u003e 2","restricted_roles":null,"tags":["app:webserver"],"type":"metric alert"}
    form: {}
    headers:
      Accept:
      - application/json
      Content-Type:
      - application/json
    url: https://api.datadoghq.com/api/v1/monitor/validate
    method: POST
    id: 0
  response:
    body: |
      {}
    headers:
      Content-Type:
      - application/json
    status: 200 OK
    code: 200
    duration: "0ms"
- request:
    body: |
      {"message":"some message Notify: @hipchat-channel","name":"tf-TestAccDatadogDowntime_BasicWithMonitorTags-local-1686931346","options":{"escalation_message":"the situation has escalated @pagerduty","include_tags":true,"new_host_delay":300,"no_data_timeframe":10,"notify_no_data":false,"require_full_window":true,"thresholds":{"critical":2,"warning":1}},"priority":0,"query":"avg(last_1h):avg:aws.ec2.cpu{environment:foo,host:foo} by {host} \u003e 2","restricted_roles":null,"tags":["app:webserver"],"type":"metric alert"}
    form: {}
    headers:
      Accept:
      - application/json
      Content-Type:
      - application/json
    url: https://api.datadoghq.com/api/v1/monitor/validate
    method: POST
    id: 1
  response:
    body: |
      {}
    headers:
      Content-Type:
      - application/json
    status: 200 OK
    code: 200
    duration: "0ms"
- request:
    body: |
      {"end":1686945746,"message":"tf-TestAccDatadogDowntime_BasicWithMonitorTags-local-1686931346","monitor_tags":["app:webserver"],"scope":["*"],"start":1686942146,"timezone":"UTC"}
    form: {}
    headers:
      Accept:
      - application/json
      Content-Type:
      - application/json
    url: https://api.datadoghq.com/api/v1/downtime
    method: POST
    id: 2
  response:
    body: |
      {"id":3016083186,"monitor_id":null,"org_id":321813,"start":1686942146,"end":1686945746,"canceled":null,"created":1686931347,"modified":1686931347,"message":"tf-TestAccDatadogDowntime_BasicWithMonitorTags-local-1686931346","active":false,"disabled":false,"recurrence":null,"timezone":"UTC","parent_id":null,"child_id":null,"creator_id":1445416,"updater_id":null,"downtime_type":0,"status":"scheduled","monitor_tags":["app:webserver"],"mute_first_recovery_notification":false,"notify_end_types":["expired"],"notify_end_states":["alert","no data","warn"],"uuid":"310cde56-0c5f-11ee-8851-da7ad0900002","scope":["*"]}
    headers:
      Content-Type:
      - application/json
    status: 200 OK
    code: 200
    duration: "0ms"
- request:
    body: |
      {"message":"some message Notify: @hipchat-channel","name":"tf-TestAccDatadogDowntime_BasicWithMonitorTags-local-1686931346","options":{"escalation_message":"the situation has escalated @pagerduty","include_tags":true,"new_host_delay":300,"no_data_timeframe":10,"notify_no_data":false,"require_full_window":true,"thresholds":{"critical":2,"warning":1}},"priority":0,"query":"avg(last_1h):avg:aws.ec2.cpu{environment:foo,host:foo} by {host} \u003e 2","restricted_roles":null,"tags":["app:webserver"],"type":"metric alert"}
    form: {}
    headers:
      Accept:
      - application/json
      Content-Type:
      - application/json
    url: https://api.datadoghq.com/api/v1/monitor/validate
    method: POST
    id: 3
  response:
    body: |
      {}
    headers:
      Content-Type:
      - application/json
    status: 200 OK
    code: 200
    duration: "0ms"
- request:
    body: |
      {"message":"some message Notify: @hipchat-channel","name":"tf-TestAccDatadogDowntime_BasicWithMonitorTags-local-1686931346","options":{"escalation_message":"the situation has escalated @pagerduty","include_tags":true,"new_host_delay":300,"notify_no_data":false,"require_full_window":true,"thresholds":{"critical":2,"warning":1}},"priority":0,"query":"avg(last_1h):avg:aws.ec2.cpu{environment:foo,host:foo} by {host} \u003e 2","restricted_roles":null,"tags":["app:webserver"],"type":"metric alert"}
    form: {}
    headers:
      Accept:
      - application/json
      Content-Type:
      - application/json
    url: https://api.datadoghq.com/api/v1/monitor
    method: POST
    id: 4
  response:
    body: |
      {"id":122223163,"org_id":321813,"type":"metric alert","name":"tf-TestAccDatadogDowntime_BasicWithMonitorTags-local-1686931346","message":"some message Notify: @hipchat-channel","tags":["app:webserver"],"query":"avg(last_1h):avg:aws.ec2.cpu{environment:foo,host:foo} by {host} > 2","options":{"escalation_message":"the situation has escalated @pagerduty","include_tags":true,"new_host_delay":300,"notify_no_data":false,"require_full_window":true,"thresholds":{"critical":2.0,"warning":1.0},"notify_audit":false,"silenced":{}},"multi":true,"created_at":1686931348000,"created":"2023-06-16T16:02:28.087765+00:00","modified":"2023-06-16T16:02:28.087765+00:00","deleted":null,"restricted_roles":null,"priority":null,"overall_state_modified":null,"overall_state":"No Data","creator":{"name":null,"handle":"frog@datadoghq.com","email":"frog@datadoghq.com","id":1445416}}
    headers:
      Content-Type:
      - application/json
    status: 200 OK
    code: 200
    duration: "0ms"
- request:
    body: ""
    form: {}
    headers:
      Accept:
      - application/json
    url: https://api.datadoghq.com/api/v1/downtime/3016083186
    method: GET
    id: 5
  response:
    body: |
      {"id":3016083186,"monitor_id":null,"org_id":321813,"start":1686942146,"end":1686945746,"canceled":null,"created":1686931347,"modified":1686931347,"message":"tf-TestAccDatadogDowntime_BasicWithMonitorTags-local-1686931346","active":false,"disabled":false,"recurrence":null,"timezone":"UTC","parent_id":null,"child_id":null,"creator_id":1445416,"updater_id":null,"downtime_type":0,"status":"scheduled","monitor_tags":["app:webserver"],"mute_first_recovery_notification":false,"notify_end_types":["expired"],"notify_end_states":["alert","no data","warn"],"uuid":"310cde56-0c5f-11ee-8851-da7ad0900002","scope":["*"]}
    headers:
      Content-Type:
      - application/json
    status: 200 OK
    code: 200
    duration: "0ms"
- request:
    body: |
      {"message":"some message Notify: @hipchat-channel","name":"tf-TestAccDatadogDowntime_BasicWithMonitorTags-local-1686931346","options":{"escalation_message":"the situation has escalated @pagerduty","include_tags":true,"new_host_delay":300,"no_data_timeframe":10,"notify_no_data":false,"require_full_window":true,"thresholds":{"critical":2,"warning":1}},"priority":0,"query":"avg(last_1h):avg:aws.ec2.cpu{environment:foo,host:foo} by {host} \u003e 2","restricted_roles":null,"tags":["app:webserver"],"type":"metric alert"}
    form: {}
    headers:
      Accept:
      - application/json
      Content-Type:
      - application/json
    url: https://api.datadoghq.com/api/v1/monitor/122223163/validate
    method: POST
    id: 6
  response:
    body: |
      {}
    headers:
      Content-Type:
      - application/json
    status: 200 OK
    code: 200
    duration: "0ms"
- request:
    body: ""
    form: {}
    headers:
      Accept:
      - application/json
    url: https://api.datadoghq.com/api/v1/downtime/3016083186
    method: GET
    id: 7
  response:
    body: |
      {"id":3016083186,"monitor_id":null,"org_id":321813,"start":1686942146,"end":1686945746,"canceled":null,"created":1686931347,"modified":1686931347,"message":"tf-TestAccDatadogDowntime_BasicWithMonitorTags-local-1686931346","active":false,"disabled":false,"recurrence":null,"timezone":"UTC","parent_id":null,"child_id":null,"creator_id":1445416,"updater_id":null,"downtime_type":0,"status":"scheduled","monitor_tags":["app:webserver"],"mute_first_recovery_notification":false,"notify_end_types":["expired"],"notify_end_states":["alert","no data","warn"],"uuid":"310cde56-0c5f-11ee-8851-da7ad0900002","scope":["*"]}
    headers:
      Content-Type:
      - application/json
    status: 200 OK
    code: 200
    duration: "0ms"
- request:
    body: ""
    form: {}
    headers:
      Accept:
      - application/json
    url: https://api.datadoghq.com/api/v1/monitor/122223163
    method: GET
    id: 8
  response:
    body: |
      {"id":122223163,"org_id":321813,"type":"metric alert","name":"tf-TestAccDatadogDowntime_BasicWithMonitorTags-local-1686931346","message":"some message Notify: @hipchat-channel","tags":["app:webserver"],"query":"avg(last_1h):avg:aws.ec2.cpu{environment:foo,host:foo} by {host} > 2","options":{"escalation_message":"the situation has escalated @pagerduty","include_tags":true,"new_host_delay":300,"notify_no_data":false,"require_full_window":true,"thresholds":{"critical":2.0,"warning":1.0},"notify_audit":false,"silenced":{}},"multi":true,"created_at":1686931348000,"created":"2023-06-16T16:02:28.087765+00:00","modified":"2023-06-16T16:02:28.087765+00:00","deleted":null,"restricted_roles":null,"priority":null,"overall_state_modified":null,"overall_state":"No Data","creator":{"name":null,"handle":"frog@datadoghq.com","email":"frog@datadoghq.com","id":1445416}}
    headers:
      Content-Type:
      - application/json
    status: 200 OK
    code: 200
    duration: "0ms"
- request:
    body: |
      {"message":"some message Notify: @hipchat-channel","name":"tf-TestAccDatadogDowntime_BasicWithMonitorTags-local-1686931346","options":{"escalation_message":"the situation has escalated @pagerduty","include_tags":true,"new_host_delay":300,"no_data_timeframe":10,"notify_no_data":false,"require_full_window":true,"thresholds":{"critical":2,"warning":1}},"priority":0,"query":"avg(last_1h):avg:aws.ec2.cpu{environment:foo,host:foo} by {host} \u003e 2","restricted_roles":null,"tags":["app:webserver"],"type":"metric alert"}
    form: {}
    headers:
      Accept:
      - application/json
      Content-Type:
      - application/json
    url: https://api.datadoghq.com/api/v1/monitor/122223163/validate
    method: POST
    id: 9
  response:
    body: |
      {}
    headers:
      Content-Type:
      - application/json
    status: 200 OK
    code: 200
    duration: "0ms"
- request:
    body: |
      {"message":"some message Notify: @hipchat-channel","name":"tf-TestAccDatadogDowntime_BasicWithMonitorTags-local-1686931346","options":{"escalation_message":"the situation has escalated @pagerduty","include_tags":true,"new_host_delay":300,"no_data_timeframe":10,"notify_no_data":false,"require_full_window":true,"thresholds":{"critical":2,"warning":1}},"priority":0,"query":"avg(last_1h):avg:aws.ec2.cpu{environment:foo,host:foo} by {host} \u003e 2","restricted_roles":null,"tags":["app:webserver"],"type":"metric alert"}
    form: {}
    headers:
      Accept:
      - application/json
      Content-Type:
      - application/json
    url: https://api.datadoghq.com/api/v1/monitor/122223163/validate
    method: POST
    id: 10
  response:
    body: |
      {}
    headers:
      Content-Type:
      - application/json
    status: 200 OK
    code: 200
    duration: "0ms"
- request:
    body: ""
    form: {}
    headers:
      Accept:
      - '*/*'
    url: https://api.datadoghq.com/api/v1/downtime/3016083186
    method: DELETE
    id: 11
  response:
    body: ""
    headers:
      Content-Type:
      - text/html; charset=utf-8
    status: 204 No Content
    code: 204
    duration: "0ms"
- request:
    body: ""
    form: {}
    headers:
      Accept:
      - application/json
    url: https://api.datadoghq.com/api/v1/monitor/122223163
    method: DELETE
    id: 12
  response:
    body: |
      {"deleted_monitor_id":122223163}
    headers:
      Content-Type:
      - application/json
    status: 200 OK
    code: 200
    duration: "0ms"
- request:
    body: ""
    form: {}
    headers:
      Accept:
      - application/json
    url: https://api.datadoghq.com/api/v1/downtime/3016083186
    method: GET
    id: 13
  response:
    body: |
      {"id":3016083186,"monitor_id":null,"org_id":321813,"start":1686942146,"end":1686945746,"canceled":1686931349,"created":1686931347,"modified":1686931349,"message":"tf-TestAccDatadogDowntime_BasicWithMonitorTags-local-1686931346","active":false,"disabled":true,"recurrence":null,"timezone":"UTC","parent_id":null,"child_id":null,"creator_id":1445416,"updater_id":1445416,"downtime_type":0,"status":"canceled","monitor_tags":["app:webserver"],"mute_first_recovery_notification":false,"notify_end_types":["expired"],"notify_end_states":["alert","no data","warn"],"uuid":"310cde56-0c5f-11ee-8851-da7ad0900002","scope":["*"]}
    headers:
      Content-Type:
      - application/json
    status: 200 OK
    code: 200
    duration: "0ms"
