---
version: 1
interactions:
- request:
    body: |
      {"cases":[{"condition":"a \u003e 0","name":"","notifications":[],"status":"high"}],"isEnabled":true,"message":"acceptance rule triggered","name":"tf-TestAccDatadogSecurityMonitoringRule_OnlyRequiredFields-local-1615213604","options":{"evaluationWindow":300,"keepAlive":600,"maxSignalDuration":900},"queries":[{"aggregation":"count","distinctFields":[],"groupByFields":["host"],"metric":"","name":"","query":"does not really match much"}]}
    form: {}
    headers:
      Accept:
      - application/json
      Content-Type:
      - application/json
      Dd-Operation-Id:
      - CreateSecurityMonitoringRule
      User-Agent:
      - terraform-provider-datadog/dev (terraform 2.4.4; terraform-cli ) datadog-api-client-go/1.0.0-beta.16 (go go1.15.3; os darwin; arch amd64)
    url: https://api.datadoghq.com/api/v2/security_monitoring/rules
    method: POST
  response:
    body: '{"creationAuthorId":1445416,"tags":[],"isEnabled":true,"hasExtendedTitle":false,"message":"acceptance rule triggered","options":{"detectionMethod":"threshold","evaluationWindow":300,"maxSignalDuration":900,"keepAlive":600},"version":1,"createdAt":1615213605336,"filters":[],"queries":[{"distinctFields":[],"name":"","metric":"","aggregation":"count","groupByFields":["host"],"query":"does not really match much","trackType":"logs"}],"isDeleted":false,"cases":[{"status":"high","notifications":[],"name":"","condition":"a > 0"}],"type":"log_detection","id":"6z9-k94-wgd","isDefault":false,"name":"tf-TestAccDatadogSecurityMonitoringRule_OnlyRequiredFields-local-1615213604"}'
    headers:
      Cache-Control:
      - no-cache
      Connection:
      - keep-alive
      Content-Disposition:
      - inline
      Content-Security-Policy:
      - frame-ancestors 'self'; report-uri https://api.datadoghq.com/csp-report
      Content-Type:
      - application/json;charset=utf-8
      Date:
      - Mon, 08 Mar 2021 14:26:45 GMT
      Pragma:
      - no-cache
      Strict-Transport-Security:
      - max-age=15724800;
      Vary:
      - Accept-Encoding
      X-Content-Type-Options:
      - nosniff
      X-Dd-Debug:
      - L3ULR3HwCWYmEqCWGz2Yob3chcH4pjowBacBXkncP7o+/uPqKt9yGEYf/g1AJPzQ
      X-Dd-Version:
      - "35.4051246"
      X-Frame-Options:
      - SAMEORIGIN
    status: 200 OK
    code: 200
    duration: ""
- request:
    body: ""
    form: {}
    headers:
      Accept:
      - application/json
      Dd-Operation-Id:
      - GetSecurityMonitoringRule
      User-Agent:
      - terraform-provider-datadog/dev (terraform 2.4.4; terraform-cli ) datadog-api-client-go/1.0.0-beta.16 (go go1.15.3; os darwin; arch amd64)
    url: https://api.datadoghq.com/api/v2/security_monitoring/rules/6z9-k94-wgd
    method: GET
  response:
    body: '{"creationAuthorId":1445416,"tags":[],"isEnabled":true,"hasExtendedTitle":false,"message":"acceptance rule triggered","options":{"detectionMethod":"threshold","evaluationWindow":300,"maxSignalDuration":900,"keepAlive":600},"version":1,"createdAt":1615213605336,"filters":[],"queries":[{"distinctFields":[],"name":"","metric":"","aggregation":"count","groupByFields":["host"],"query":"does not really match much","trackType":"logs"}],"isDeleted":false,"cases":[{"status":"high","notifications":[],"name":"","condition":"a > 0"}],"type":"log_detection","id":"6z9-k94-wgd","isDefault":false,"name":"tf-TestAccDatadogSecurityMonitoringRule_OnlyRequiredFields-local-1615213604"}'
    headers:
      Cache-Control:
      - no-cache
      Connection:
      - keep-alive
      Content-Disposition:
      - inline
      Content-Security-Policy:
      - frame-ancestors 'self'; report-uri https://api.datadoghq.com/csp-report
      Content-Type:
      - application/json;charset=utf-8
      Date:
      - Mon, 08 Mar 2021 14:26:45 GMT
      Pragma:
      - no-cache
      Strict-Transport-Security:
      - max-age=15724800;
      Vary:
      - Accept-Encoding
      X-Content-Type-Options:
      - nosniff
      X-Dd-Debug:
      - bgHykj7A9bfZx0Y5ZO3swhhp5tGUSNJHqFWR868+qg087CYrDOd5hQslC+noiEtH
      X-Dd-Version:
      - "35.4051246"
      X-Frame-Options:
      - SAMEORIGIN
    status: 200 OK
    code: 200
    duration: ""
- request:
    body: ""
    form: {}
    headers:
      Accept:
      - application/json
      Dd-Operation-Id:
      - GetSecurityMonitoringRule
      User-Agent:
      - terraform-provider-datadog/dev (terraform 2.4.4; terraform-cli 0.14.7) datadog-api-client-go/1.0.0-beta.16 (go go1.15.3; os darwin; arch amd64)
    url: https://api.datadoghq.com/api/v2/security_monitoring/rules/6z9-k94-wgd
    method: GET
  response:
    body: '{"creationAuthorId":1445416,"tags":[],"isEnabled":true,"hasExtendedTitle":false,"message":"acceptance rule triggered","options":{"detectionMethod":"threshold","evaluationWindow":300,"maxSignalDuration":900,"keepAlive":600},"version":1,"createdAt":1615213605336,"filters":[],"queries":[{"distinctFields":[],"name":"","metric":"","aggregation":"count","groupByFields":["host"],"query":"does not really match much","trackType":"logs"}],"isDeleted":false,"cases":[{"status":"high","notifications":[],"name":"","condition":"a > 0"}],"type":"log_detection","id":"6z9-k94-wgd","isDefault":false,"name":"tf-TestAccDatadogSecurityMonitoringRule_OnlyRequiredFields-local-1615213604"}'
    headers:
      Cache-Control:
      - no-cache
      Connection:
      - keep-alive
      Content-Disposition:
      - inline
      Content-Security-Policy:
      - frame-ancestors 'self'; report-uri https://api.datadoghq.com/csp-report
      Content-Type:
      - application/json;charset=utf-8
      Date:
      - Mon, 08 Mar 2021 14:26:46 GMT
      Pragma:
      - no-cache
      Strict-Transport-Security:
      - max-age=15724800;
      Vary:
      - Accept-Encoding
      X-Content-Type-Options:
      - nosniff
      X-Dd-Debug:
      - Wjq53IVIwnB4SiR238oOYgHFMq/ZYP0LQ/Dv8C2fFLBwTje/dWJHu6pI6vIOK1zG
      X-Dd-Version:
      - "35.4051246"
      X-Frame-Options:
      - SAMEORIGIN
    status: 200 OK
    code: 200
    duration: ""
- request:
    body: ""
    form: {}
    headers:
      Accept:
      - application/json
      Dd-Operation-Id:
      - GetSecurityMonitoringRule
      User-Agent:
      - terraform-provider-datadog/dev (terraform 2.4.4; terraform-cli 0.14.7) datadog-api-client-go/1.0.0-beta.16 (go go1.15.3; os darwin; arch amd64)
    url: https://api.datadoghq.com/api/v2/security_monitoring/rules/6z9-k94-wgd
    method: GET
  response:
    body: '{"creationAuthorId":1445416,"tags":[],"isEnabled":true,"hasExtendedTitle":false,"message":"acceptance rule triggered","options":{"detectionMethod":"threshold","evaluationWindow":300,"maxSignalDuration":900,"keepAlive":600},"version":1,"createdAt":1615213605336,"filters":[],"queries":[{"distinctFields":[],"name":"","metric":"","aggregation":"count","groupByFields":["host"],"query":"does not really match much","trackType":"logs"}],"isDeleted":false,"cases":[{"status":"high","notifications":[],"name":"","condition":"a > 0"}],"type":"log_detection","id":"6z9-k94-wgd","isDefault":false,"name":"tf-TestAccDatadogSecurityMonitoringRule_OnlyRequiredFields-local-1615213604"}'
    headers:
      Cache-Control:
      - no-cache
      Connection:
      - keep-alive
      Content-Disposition:
      - inline
      Content-Security-Policy:
      - frame-ancestors 'self'; report-uri https://api.datadoghq.com/csp-report
      Content-Type:
      - application/json;charset=utf-8
      Date:
      - Mon, 08 Mar 2021 14:26:47 GMT
      Pragma:
      - no-cache
      Strict-Transport-Security:
      - max-age=15724800;
      Vary:
      - Accept-Encoding
      X-Content-Type-Options:
      - nosniff
      X-Dd-Debug:
      - gYZcaADwbKcv7Hm19HJx6WsLoKuOijDWAt2viPeCfWqUgyKY+9e1xZdmMJeXV3YV
      X-Dd-Version:
      - "35.4051246"
      X-Frame-Options:
      - SAMEORIGIN
    status: 200 OK
    code: 200
    duration: ""
- request:
    body: |
      {"cases":[{"condition":"first_updated \u003e 3","name":"high case (updated)","notifications":["@user"],"status":"medium"},{"condition":"first_updated \u003e 0","name":"warning case (updated)","notifications":[],"status":"high"}],"isEnabled":true,"message":"acceptance rule triggered (updated)","name":"tf-TestAccDatadogSecurityMonitoringRule_OnlyRequiredFields-local-1615213604 - updated","options":{"evaluationWindow":60,"keepAlive":300,"maxSignalDuration":600},"queries":[{"aggregation":"cardinality","distinctFields":["@orgId"],"groupByFields":["service"],"metric":"@network.bytes_read","name":"first_updated","query":"does not really match much (updated)"}],"tags":["u:tomato","i:tomato"]}
    form: {}
    headers:
      Accept:
      - application/json
      Content-Type:
      - application/json
      Dd-Operation-Id:
      - UpdateSecurityMonitoringRule
      User-Agent:
      - terraform-provider-datadog/dev (terraform 2.4.4; terraform-cli ) datadog-api-client-go/1.0.0-beta.16 (go go1.15.3; os darwin; arch amd64)
    url: https://api.datadoghq.com/api/v2/security_monitoring/rules/6z9-k94-wgd
    method: PUT
  response:
    body: '{"creationAuthorId":1445416,"tags":["i:tomato","u:tomato"],"isEnabled":true,"hasExtendedTitle":false,"message":"acceptance rule triggered (updated)","options":{"detectionMethod":"threshold","evaluationWindow":60,"maxSignalDuration":600,"keepAlive":300},"version":2,"createdAt":1615213605336,"filters":[],"queries":[{"distinctFields":["@orgId"],"name":"first_updated","metric":"@network.bytes_read","aggregation":"cardinality","groupByFields":["service"],"query":"does not really match much (updated)","trackType":"logs"}],"isDeleted":false,"cases":[{"status":"medium","notifications":["@user"],"name":"high case (updated)","condition":"first_updated > 3"},{"status":"high","notifications":[],"name":"warning case (updated)","condition":"first_updated > 0"}],"type":"log_detection","id":"6z9-k94-wgd","isDefault":false,"name":"tf-TestAccDatadogSecurityMonitoringRule_OnlyRequiredFields-local-1615213604 - updated"}'
    headers:
      Cache-Control:
      - no-cache
      Connection:
      - keep-alive
      Content-Disposition:
      - inline
      Content-Security-Policy:
      - frame-ancestors 'self'; report-uri https://api.datadoghq.com/csp-report
      Content-Type:
      - application/json;charset=utf-8
      Date:
      - Mon, 08 Mar 2021 14:26:48 GMT
      Pragma:
      - no-cache
      Strict-Transport-Security:
      - max-age=15724800;
      Vary:
      - Accept-Encoding
      X-Content-Type-Options:
      - nosniff
      X-Dd-Debug:
      - Wjq53IVIwnB4SiR238oOYgHFMq/ZYP0LQ/Dv8C2fFLBwTje/dWJHu6pI6vIOK1zG
      X-Dd-Version:
      - "35.4051246"
      X-Frame-Options:
      - SAMEORIGIN
    status: 200 OK
    code: 200
    duration: ""
- request:
    body: ""
    form: {}
    headers:
      Accept:
      - application/json
      Dd-Operation-Id:
      - GetSecurityMonitoringRule
      User-Agent:
      - terraform-provider-datadog/dev (terraform 2.4.4; terraform-cli ) datadog-api-client-go/1.0.0-beta.16 (go go1.15.3; os darwin; arch amd64)
    url: https://api.datadoghq.com/api/v2/security_monitoring/rules/6z9-k94-wgd
    method: GET
  response:
    body: '{"creationAuthorId":1445416,"tags":["u:tomato","i:tomato"],"isEnabled":true,"hasExtendedTitle":false,"message":"acceptance rule triggered (updated)","options":{"detectionMethod":"threshold","evaluationWindow":60,"maxSignalDuration":600,"keepAlive":300},"version":2,"createdAt":1615213605336,"filters":[],"queries":[{"distinctFields":["@orgId"],"name":"first_updated","metric":"@network.bytes_read","aggregation":"cardinality","groupByFields":["service"],"query":"does not really match much (updated)","trackType":"logs"}],"isDeleted":false,"cases":[{"status":"medium","notifications":["@user"],"name":"high case (updated)","condition":"first_updated > 3"},{"status":"high","notifications":[],"name":"warning case (updated)","condition":"first_updated > 0"}],"type":"log_detection","id":"6z9-k94-wgd","isDefault":false,"name":"tf-TestAccDatadogSecurityMonitoringRule_OnlyRequiredFields-local-1615213604 - updated"}'
    headers:
      Cache-Control:
      - no-cache
      Connection:
      - keep-alive
      Content-Disposition:
      - inline
      Content-Security-Policy:
      - frame-ancestors 'self'; report-uri https://api.datadoghq.com/csp-report
      Content-Type:
      - application/json;charset=utf-8
      Date:
      - Mon, 08 Mar 2021 14:26:48 GMT
      Pragma:
      - no-cache
      Strict-Transport-Security:
      - max-age=15724800;
      Vary:
      - Accept-Encoding
      X-Content-Type-Options:
      - nosniff
      X-Dd-Debug:
      - JpIJLwIH2nFlZOC+u71rq7aAOL43MLZN3MUsL+gpYHdZz5QLUOG8Jysf8kVK6tPU
      X-Dd-Version:
      - "35.4051246"
      X-Frame-Options:
      - SAMEORIGIN
    status: 200 OK
    code: 200
    duration: ""
- request:
    body: ""
    form: {}
    headers:
      Accept:
      - application/json
      Dd-Operation-Id:
      - GetSecurityMonitoringRule
      User-Agent:
      - terraform-provider-datadog/dev (terraform 2.4.4; terraform-cli 0.14.7) datadog-api-client-go/1.0.0-beta.16 (go go1.15.3; os darwin; arch amd64)
    url: https://api.datadoghq.com/api/v2/security_monitoring/rules/6z9-k94-wgd
    method: GET
  response:
    body: '{"creationAuthorId":1445416,"tags":["u:tomato","i:tomato"],"isEnabled":true,"hasExtendedTitle":false,"message":"acceptance rule triggered (updated)","options":{"detectionMethod":"threshold","evaluationWindow":60,"maxSignalDuration":600,"keepAlive":300},"version":2,"createdAt":1615213605336,"filters":[],"queries":[{"distinctFields":["@orgId"],"name":"first_updated","metric":"@network.bytes_read","aggregation":"cardinality","groupByFields":["service"],"query":"does not really match much (updated)","trackType":"logs"}],"isDeleted":false,"cases":[{"status":"medium","notifications":["@user"],"name":"high case (updated)","condition":"first_updated > 3"},{"status":"high","notifications":[],"name":"warning case (updated)","condition":"first_updated > 0"}],"type":"log_detection","id":"6z9-k94-wgd","isDefault":false,"name":"tf-TestAccDatadogSecurityMonitoringRule_OnlyRequiredFields-local-1615213604 - updated"}'
    headers:
      Cache-Control:
      - no-cache
      Connection:
      - keep-alive
      Content-Disposition:
      - inline
      Content-Security-Policy:
      - frame-ancestors 'self'; report-uri https://api.datadoghq.com/csp-report
      Content-Type:
      - application/json;charset=utf-8
      Date:
      - Mon, 08 Mar 2021 14:26:49 GMT
      Pragma:
      - no-cache
      Strict-Transport-Security:
      - max-age=15724800;
      Vary:
      - Accept-Encoding
      X-Content-Type-Options:
      - nosniff
      X-Dd-Debug:
      - fIO2C4qGDheGHy4YbS+r3a3CXbh4cbRo7roILOimQyiHGjQdOat0cIpWCkupM1uX
      X-Dd-Version:
      - "35.4051246"
      X-Frame-Options:
      - SAMEORIGIN
    status: 200 OK
    code: 200
    duration: ""
- request:
    body: ""
    form: {}
    headers:
      Accept:
      - application/json
      Dd-Operation-Id:
      - DeleteSecurityMonitoringRule
      User-Agent:
      - terraform-provider-datadog/dev (terraform 2.4.4; terraform-cli ) datadog-api-client-go/1.0.0-beta.16 (go go1.15.3; os darwin; arch amd64)
    url: https://api.datadoghq.com/api/v2/security_monitoring/rules/6z9-k94-wgd
    method: DELETE
  response:
    body: ""
    headers:
      Cache-Control:
      - no-cache
      Connection:
      - keep-alive
      Content-Disposition:
      - inline
      Content-Length:
      - "2"
      Content-Security-Policy:
      - frame-ancestors 'self'; report-uri https://api.datadoghq.com/csp-report
      Date:
      - Mon, 08 Mar 2021 14:26:50 GMT
      Pragma:
      - no-cache
      Strict-Transport-Security:
      - max-age=15724800;
      X-Content-Type-Options:
      - nosniff
      X-Dd-Debug:
      - SY1h8ScsWq+kYmtbh63ltMLFAZsQjqfrgvdfAoRX+9TzT1sgMBRYaFRwfWWRRe9a
      X-Dd-Version:
      - "35.4051246"
      X-Frame-Options:
      - SAMEORIGIN
    status: 204 No Content
    code: 204
    duration: ""
- request:
    body: ""
    form: {}
    headers:
      Accept:
      - application/json
      Dd-Operation-Id:
      - GetSecurityMonitoringRule
      User-Agent:
      - terraform-provider-datadog/dev (terraform 2.4.4; terraform-cli ) datadog-api-client-go/1.0.0-beta.16 (go go1.15.3; os darwin; arch amd64)
    url: https://api.datadoghq.com/api/v2/security_monitoring/rules/6z9-k94-wgd
    method: GET
  response:
    body: '{"errors":["Threat detection rule not found: 6z9-k94-wgd"]}'
    headers:
      Cache-Control:
      - no-cache
      Connection:
      - keep-alive
      Content-Security-Policy:
      - frame-ancestors 'self'; report-uri https://api.datadoghq.com/csp-report
      Content-Type:
      - application/json
      Date:
      - Mon, 08 Mar 2021 14:26:51 GMT
      Pragma:
      - no-cache
      Strict-Transport-Security:
      - max-age=15724800;
      Vary:
      - Accept-Encoding
      X-Content-Type-Options:
      - nosniff
      X-Dd-Version:
      - "35.4051246"
      X-Frame-Options:
      - SAMEORIGIN
    status: 404 Not Found
    code: 404
    duration: ""
