---
version: 1
interactions:
- request:
    body: |
      {"description":"Created using the Datadog provider in Terraform","id":"","is_read_only":true,"layout_type":"ordered","notify_list":[],"template_variable_presets":[],"template_variables":[],"title":"tf-TestAccDatadogDashboardChange_import-local-1637759483","widgets":[{"definition":{"requests":[{"increase_good":false,"q":"sum:system.cpu.user{*} by {service,account}","show_present":false}],"type":"change"}},{"definition":{"custom_links":[{"label":"Test Custom Link label","link":"https://app.datadoghq.com/dashboard/lists"}],"requests":[{"change_type":"absolute","compare_to":"day_before","increase_good":false,"order_by":"change","order_dir":"desc","q":"sum:system.cpu.user{*} by {service,account}","show_present":true}],"time":{"live_span":"1h"},"title":"Sum of system.cpu.user over * by service,account","title_align":"left","title_size":"16","type":"change"}}]}
    form: {}
    headers:
      Accept:
      - application/json
      Content-Type:
      - application/json
    url: https://api.datadoghq.com/api/v1/dashboard
    method: POST
  response:
    body: '{"notify_list":[],"description":"Created using the Datadog provider in Terraform","author_name":"Hippolyte Henry","template_variable_presets":[],"template_variables":[],"is_read_only":true,"id":"ead-uke-6s3","title":"tf-TestAccDatadogDashboardChange_import-local-1637759483","url":"/dashboard/ead-uke-6s3/tf-testaccdatadogdashboardchangeimport-local-1637759483","created_at":"2021-11-24T13:11:33.427294+00:00","modified_at":"2021-11-24T13:11:33.427294+00:00","author_handle":"hippolyte.henry@datadoghq.com","widgets":[{"definition":{"requests":[{"q":"sum:system.cpu.user{*} by {service,account}","show_present":false,"increase_good":false}],"type":"change"},"id":1593628246103323},{"definition":{"custom_links":[{"link":"https://app.datadoghq.com/dashboard/lists","label":"Test Custom Link label"}],"title_size":"16","title":"Sum of system.cpu.user over * by service,account","title_align":"left","time":{"live_span":"1h"},"requests":[{"change_type":"absolute","order_dir":"desc","compare_to":"day_before","q":"sum:system.cpu.user{*} by {service,account}","show_present":true,"increase_good":false,"order_by":"change"}],"type":"change"},"id":8912131456537435}],"layout_type":"ordered"}'
    headers:
      Content-Type:
      - application/json
    status: 200 OK
    code: 200
    duration: ""
- request:
    body: ""
    form: {}
    headers:
      Accept:
      - application/json
    url: https://api.datadoghq.com/api/v1/dashboard/ead-uke-6s3
    method: GET
  response:
    body: '{"notify_list":[],"description":"Created using the Datadog provider in Terraform","author_name":"Hippolyte Henry","template_variable_presets":[],"template_variables":[],"is_read_only":true,"id":"ead-uke-6s3","title":"tf-TestAccDatadogDashboardChange_import-local-1637759483","url":"/dashboard/ead-uke-6s3/tf-testaccdatadogdashboardchangeimport-local-1637759483","created_at":"2021-11-24T13:11:33.427294+00:00","modified_at":"2021-11-24T13:11:33.427294+00:00","author_handle":"hippolyte.henry@datadoghq.com","widgets":[{"definition":{"requests":[{"q":"sum:system.cpu.user{*} by {service,account}","show_present":false,"increase_good":false}],"type":"change"},"id":1593628246103323},{"definition":{"custom_links":[{"link":"https://app.datadoghq.com/dashboard/lists","label":"Test Custom Link label"}],"title_size":"16","title":"Sum of system.cpu.user over * by service,account","title_align":"left","time":{"live_span":"1h"},"requests":[{"change_type":"absolute","order_dir":"desc","compare_to":"day_before","q":"sum:system.cpu.user{*} by {service,account}","show_present":true,"increase_good":false,"order_by":"change"}],"type":"change"},"id":8912131456537435}],"layout_type":"ordered"}'
    headers:
      Content-Type:
      - application/json
    status: 200 OK
    code: 200
    duration: ""
- request:
    body: ""
    form: {}
    headers:
      Accept:
      - application/json
    url: https://api.datadoghq.com/api/v1/dashboard/ead-uke-6s3
    method: GET
  response:
    body: '{"notify_list":[],"description":"Created using the Datadog provider in Terraform","author_name":"Hippolyte Henry","template_variable_presets":[],"template_variables":[],"is_read_only":true,"id":"ead-uke-6s3","title":"tf-TestAccDatadogDashboardChange_import-local-1637759483","url":"/dashboard/ead-uke-6s3/tf-testaccdatadogdashboardchangeimport-local-1637759483","created_at":"2021-11-24T13:11:33.427294+00:00","modified_at":"2021-11-24T13:11:33.427294+00:00","author_handle":"hippolyte.henry@datadoghq.com","widgets":[{"definition":{"requests":[{"q":"sum:system.cpu.user{*} by {service,account}","show_present":false,"increase_good":false}],"type":"change"},"id":1593628246103323},{"definition":{"custom_links":[{"link":"https://app.datadoghq.com/dashboard/lists","label":"Test Custom Link label"}],"title_size":"16","title":"Sum of system.cpu.user over * by service,account","title_align":"left","time":{"live_span":"1h"},"requests":[{"change_type":"absolute","order_dir":"desc","compare_to":"day_before","q":"sum:system.cpu.user{*} by {service,account}","show_present":true,"increase_good":false,"order_by":"change"}],"type":"change"},"id":8912131456537435}],"layout_type":"ordered"}'
    headers:
      Content-Type:
      - application/json
    status: 200 OK
    code: 200
    duration: ""
- request:
    body: ""
    form: {}
    headers:
      Accept:
      - application/json
    url: https://api.datadoghq.com/api/v1/dashboard/ead-uke-6s3
    method: GET
  response:
    body: '{"notify_list":[],"description":"Created using the Datadog provider in Terraform","author_name":"Hippolyte Henry","template_variable_presets":[],"template_variables":[],"is_read_only":true,"id":"ead-uke-6s3","title":"tf-TestAccDatadogDashboardChange_import-local-1637759483","url":"/dashboard/ead-uke-6s3/tf-testaccdatadogdashboardchangeimport-local-1637759483","created_at":"2021-11-24T13:11:33.427294+00:00","modified_at":"2021-11-24T13:11:33.427294+00:00","author_handle":"hippolyte.henry@datadoghq.com","widgets":[{"definition":{"requests":[{"q":"sum:system.cpu.user{*} by {service,account}","show_present":false,"increase_good":false}],"type":"change"},"id":1593628246103323},{"definition":{"custom_links":[{"link":"https://app.datadoghq.com/dashboard/lists","label":"Test Custom Link label"}],"title_size":"16","title":"Sum of system.cpu.user over * by service,account","title_align":"left","time":{"live_span":"1h"},"requests":[{"change_type":"absolute","order_dir":"desc","compare_to":"day_before","q":"sum:system.cpu.user{*} by {service,account}","show_present":true,"increase_good":false,"order_by":"change"}],"type":"change"},"id":8912131456537435}],"layout_type":"ordered"}'
    headers:
      Content-Type:
      - application/json
    status: 200 OK
    code: 200
    duration: ""
- request:
    body: ""
    form: {}
    headers:
      Accept:
      - application/json
    url: https://api.datadoghq.com/api/v1/dashboard/ead-uke-6s3
    method: DELETE
  response:
    body: '{"deleted_dashboard_id":"ead-uke-6s3"}'
    headers:
      Content-Type:
      - application/json
    status: 200 OK
    code: 200
    duration: ""
- request:
    body: ""
    form: {}
    headers:
      Accept:
      - application/json
    url: https://api.datadoghq.com/api/v1/dashboard/ead-uke-6s3
    method: GET
  response:
    body: '{"errors": ["Dashboard with ID ead-uke-6s3 not found"]}'
    headers:
      Content-Type:
      - application/json
    status: 404 Not Found
    code: 404
    duration: ""
