---
version: 1
interactions:
- request:
    body: |
      {"access_key_id":"5197100975151995","account_specific_namespace_rules":{},"excluded_regions":[],"filter_tags":[],"host_tags":[],"secret_access_key":"testacc-datadog-integration-secret"}
    form: {}
    headers:
      Accept:
      - application/json
      Content-Type:
      - application/json
      Dd-Operation-Id:
      - CreateAWSAccount
      User-Agent:
      - terraform-provider-datadog/dev (terraform 2.7.0; terraform-cli 1.0.3) datadog-api-client-go/1.3.0 (go go1.16.6; os darwin; arch amd64)
    url: https://api.datadoghq.com/api/v1/integration/aws
    method: POST
  response:
    body: '{}'
    headers:
      Cache-Control:
      - no-cache
      Connection:
      - keep-alive
      Content-Length:
      - "2"
      Content-Security-Policy:
      - frame-ancestors 'self'; report-uri https://api.datadoghq.com/csp-report
      Content-Type:
      - application/json
      Date:
      - Fri, 27 Aug 2021 12:21:46 GMT
      Pragma:
      - no-cache
      X-Content-Type-Options:
      - nosniff
      X-Frame-Options:
      - SAMEORIGIN
    status: 200 OK
    code: 200
    duration: ""
- request:
    body: ""
    form: {}
    headers:
      Accept:
      - application/json
      Dd-Operation-Id:
      - ListAWSAccounts
      User-Agent:
      - terraform-provider-datadog/dev (terraform 2.7.0; terraform-cli 1.0.3) datadog-api-client-go/1.3.0 (go go1.16.6; os darwin; arch amd64)
    url: https://api.datadoghq.com/api/v1/integration/aws
    method: GET
  response:
    body: '{"accounts":[{"role_name":"testacc-datadog-integration-role","excluded_regions":[],"account_id":"531015550569","host_tags":[],"account_specific_namespace_rules":{},"errors":[],"filter_tags":[]},{"role_name":"Java Client Role Name_1","excluded_regions":[],"account_id":"java_YDFin-1","host_tags":["java_test_tag:value"],"account_specific_namespace_rules":{"api_gateway":false},"errors":[],"filter_tags":["dontCollect:java"]},{"role_name":"Java Client Role Name_2","excluded_regions":[],"account_id":"java_YDFin-2","host_tags":["java_test_tag:value"],"account_specific_namespace_rules":{"api_gateway":false},"errors":[],"filter_tags":["dontCollect:java"]},{"role_name":"Java Client Role Name_3","excluded_regions":[],"account_id":"java_YDFin-3","host_tags":["java_test_tag:value"],"account_specific_namespace_rules":{"api_gateway":false},"errors":[],"filter_tags":["dontCollect:java"]},{"role_name":"Java Client Role Name_4","excluded_regions":[],"account_id":"java_YDFin-4","host_tags":["java_test_tag:value"],"account_specific_namespace_rules":{"api_gateway":false},"errors":[],"filter_tags":["dontCollect:java"]},{"errors":[],"excluded_regions":[],"filter_tags":[],"host_tags":[],"account_specific_namespace_rules":{},"access_key_id":"5197100975151995"}]}'
    headers:
      Cache-Control:
      - no-cache
      Connection:
      - keep-alive
      Content-Security-Policy:
      - frame-ancestors 'self'; report-uri https://api.datadoghq.com/csp-report
      Content-Type:
      - application/json
      Date:
      - Fri, 27 Aug 2021 12:21:46 GMT
      Pragma:
      - no-cache
      Vary:
      - Accept-Encoding
      X-Content-Type-Options:
      - nosniff
      X-Frame-Options:
      - SAMEORIGIN
    status: 200 OK
    code: 200
    duration: ""
- request:
    body: |
      {"account_id":"5197100975151995","namespace":"application_elb","tag_filter_str":"test:filter"}
    form: {}
    headers:
      Accept:
      - application/json
      Content-Type:
      - application/json
      Dd-Operation-Id:
      - CreateAWSTagFilter
      User-Agent:
      - terraform-provider-datadog/dev (terraform 2.7.0; terraform-cli 1.0.3) datadog-api-client-go/1.3.0 (go go1.16.6; os darwin; arch amd64)
    url: https://api.datadoghq.com/api/v1/integration/aws/filtering
    method: POST
  response:
    body: '{}'
    headers:
      Cache-Control:
      - no-cache
      Connection:
      - keep-alive
      Content-Length:
      - "2"
      Content-Security-Policy:
      - frame-ancestors 'self'; report-uri https://api.datadoghq.com/csp-report
      Content-Type:
      - application/json
      Date:
      - Fri, 27 Aug 2021 12:21:46 GMT
      Pragma:
      - no-cache
      X-Content-Type-Options:
      - nosniff
      X-Frame-Options:
      - SAMEORIGIN
    status: 200 OK
    code: 200
    duration: ""
- request:
    body: ""
    form: {}
    headers:
      Accept:
      - application/json
      Dd-Operation-Id:
      - ListAWSTagFilters
      User-Agent:
      - terraform-provider-datadog/dev (terraform 2.7.0; terraform-cli 1.0.3) datadog-api-client-go/1.3.0 (go go1.16.6; os darwin; arch amd64)
    url: https://api.datadoghq.com/api/v1/integration/aws/filtering?account_id=5197100975151995
    method: GET
  response:
    body: '{"filters":[{"tag_filter_str":null,"namespace":"elb"},{"tag_filter_str":"test:filter","namespace":"application_elb"},{"tag_filter_str":null,"namespace":"sqs"},{"tag_filter_str":null,"namespace":"rds"},{"tag_filter_str":null,"namespace":"custom"},{"tag_filter_str":null,"namespace":"network_elb"},{"tag_filter_str":null,"namespace":"lambda"}]}'
    headers:
      Cache-Control:
      - no-cache
      Connection:
      - keep-alive
      Content-Security-Policy:
      - frame-ancestors 'self'; report-uri https://api.datadoghq.com/csp-report
      Content-Type:
      - application/json
      Date:
      - Fri, 27 Aug 2021 12:21:46 GMT
      Pragma:
      - no-cache
      Vary:
      - Accept-Encoding
      X-Content-Type-Options:
      - nosniff
      X-Frame-Options:
      - SAMEORIGIN
    status: 200 OK
    code: 200
    duration: ""
- request:
    body: ""
    form: {}
    headers:
      Accept:
      - application/json
      Dd-Operation-Id:
      - ListAWSTagFilters
      User-Agent:
      - terraform-provider-datadog/dev (terraform 2.7.0; terraform-cli 1.0.3) datadog-api-client-go/1.3.0 (go go1.16.6; os darwin; arch amd64)
    url: https://api.datadoghq.com/api/v1/integration/aws/filtering?account_id=5197100975151995
    method: GET
  response:
    body: '{"filters":[{"tag_filter_str":null,"namespace":"elb"},{"tag_filter_str":"test:filter","namespace":"application_elb"},{"tag_filter_str":null,"namespace":"sqs"},{"tag_filter_str":null,"namespace":"rds"},{"tag_filter_str":null,"namespace":"custom"},{"tag_filter_str":null,"namespace":"network_elb"},{"tag_filter_str":null,"namespace":"lambda"}]}'
    headers:
      Cache-Control:
      - no-cache
      Connection:
      - keep-alive
      Content-Security-Policy:
      - frame-ancestors 'self'; report-uri https://api.datadoghq.com/csp-report
      Content-Type:
      - application/json
      Date:
      - Fri, 27 Aug 2021 12:21:46 GMT
      Pragma:
      - no-cache
      Vary:
      - Accept-Encoding
      X-Content-Type-Options:
      - nosniff
      X-Frame-Options:
      - SAMEORIGIN
    status: 200 OK
    code: 200
    duration: ""
- request:
    body: ""
    form: {}
    headers:
      Accept:
      - application/json
      Dd-Operation-Id:
      - ListAWSAccounts
      User-Agent:
      - terraform-provider-datadog/dev (terraform 2.7.0; terraform-cli 1.0.3) datadog-api-client-go/1.3.0 (go go1.16.6; os darwin; arch amd64)
    url: https://api.datadoghq.com/api/v1/integration/aws
    method: GET
  response:
    body: '{"accounts":[{"role_name":"testacc-datadog-integration-role","excluded_regions":[],"account_id":"531015550569","host_tags":[],"account_specific_namespace_rules":{},"errors":[],"filter_tags":[]},{"role_name":"Java Client Role Name_1","excluded_regions":[],"account_id":"java_YDFin-1","host_tags":["java_test_tag:value"],"account_specific_namespace_rules":{"api_gateway":false},"errors":[],"filter_tags":["dontCollect:java"]},{"role_name":"Java Client Role Name_2","excluded_regions":[],"account_id":"java_YDFin-2","host_tags":["java_test_tag:value"],"account_specific_namespace_rules":{"api_gateway":false},"errors":[],"filter_tags":["dontCollect:java"]},{"role_name":"Java Client Role Name_3","excluded_regions":[],"account_id":"java_YDFin-3","host_tags":["java_test_tag:value"],"account_specific_namespace_rules":{"api_gateway":false},"errors":[],"filter_tags":["dontCollect:java"]},{"role_name":"Java Client Role Name_4","excluded_regions":[],"account_id":"java_YDFin-4","host_tags":["java_test_tag:value"],"account_specific_namespace_rules":{"api_gateway":false},"errors":[],"filter_tags":["dontCollect:java"]},{"errors":[],"excluded_regions":[],"filter_tags":[],"host_tags":[],"account_specific_namespace_rules":{},"access_key_id":"5197100975151995"}]}'
    headers:
      Cache-Control:
      - no-cache
      Connection:
      - keep-alive
      Content-Security-Policy:
      - frame-ancestors 'self'; report-uri https://api.datadoghq.com/csp-report
      Content-Type:
      - application/json
      Date:
      - Fri, 27 Aug 2021 12:21:47 GMT
      Pragma:
      - no-cache
      Vary:
      - Accept-Encoding
      X-Content-Type-Options:
      - nosniff
      X-Frame-Options:
      - SAMEORIGIN
    status: 200 OK
    code: 200
    duration: ""
- request:
    body: ""
    form: {}
    headers:
      Accept:
      - application/json
      Dd-Operation-Id:
      - ListAWSTagFilters
      User-Agent:
      - terraform-provider-datadog/dev (terraform 2.7.0; terraform-cli 1.0.3) datadog-api-client-go/1.3.0 (go go1.16.6; os darwin; arch amd64)
    url: https://api.datadoghq.com/api/v1/integration/aws/filtering?account_id=5197100975151995
    method: GET
  response:
    body: '{"filters":[{"tag_filter_str":null,"namespace":"elb"},{"tag_filter_str":"test:filter","namespace":"application_elb"},{"tag_filter_str":null,"namespace":"sqs"},{"tag_filter_str":null,"namespace":"rds"},{"tag_filter_str":null,"namespace":"custom"},{"tag_filter_str":null,"namespace":"network_elb"},{"tag_filter_str":null,"namespace":"lambda"}]}'
    headers:
      Cache-Control:
      - no-cache
      Connection:
      - keep-alive
      Content-Security-Policy:
      - frame-ancestors 'self'; report-uri https://api.datadoghq.com/csp-report
      Content-Type:
      - application/json
      Date:
      - Fri, 27 Aug 2021 12:21:47 GMT
      Pragma:
      - no-cache
      Vary:
      - Accept-Encoding
      X-Content-Type-Options:
      - nosniff
      X-Frame-Options:
      - SAMEORIGIN
    status: 200 OK
    code: 200
    duration: ""
- request:
    body: |
      {"account_id":"5197100975151995","namespace":"application_elb"}
    form: {}
    headers:
      Accept:
      - application/json
      Content-Type:
      - application/json
      Dd-Operation-Id:
      - DeleteAWSTagFilter
      User-Agent:
      - terraform-provider-datadog/dev (terraform 2.7.0; terraform-cli 1.0.3) datadog-api-client-go/1.3.0 (go go1.16.6; os darwin; arch amd64)
    url: https://api.datadoghq.com/api/v1/integration/aws/filtering
    method: DELETE
  response:
    body: '{}'
    headers:
      Cache-Control:
      - no-cache
      Connection:
      - keep-alive
      Content-Length:
      - "2"
      Content-Security-Policy:
      - frame-ancestors 'self'; report-uri https://api.datadoghq.com/csp-report
      Content-Type:
      - application/json
      Date:
      - Fri, 27 Aug 2021 12:21:48 GMT
      Pragma:
      - no-cache
      X-Content-Type-Options:
      - nosniff
      X-Frame-Options:
      - SAMEORIGIN
    status: 200 OK
    code: 200
    duration: ""
- request:
    body: |
      {"access_key_id":"5197100975151995"}
    form: {}
    headers:
      Accept:
      - application/json
      Content-Type:
      - application/json
      Dd-Operation-Id:
      - DeleteAWSAccount
      User-Agent:
      - terraform-provider-datadog/dev (terraform 2.7.0; terraform-cli 1.0.3) datadog-api-client-go/1.3.0 (go go1.16.6; os darwin; arch amd64)
    url: https://api.datadoghq.com/api/v1/integration/aws
    method: DELETE
  response:
    body: '{}'
    headers:
      Cache-Control:
      - no-cache
      Connection:
      - keep-alive
      Content-Length:
      - "2"
      Content-Security-Policy:
      - frame-ancestors 'self'; report-uri https://api.datadoghq.com/csp-report
      Content-Type:
      - application/json
      Date:
      - Fri, 27 Aug 2021 12:21:48 GMT
      Pragma:
      - no-cache
      X-Content-Type-Options:
      - nosniff
      X-Frame-Options:
      - SAMEORIGIN
    status: 200 OK
    code: 200
    duration: ""
- request:
    body: ""
    form: {}
    headers:
      Accept:
      - application/json
      Dd-Operation-Id:
      - ListAWSTagFilters
      User-Agent:
      - terraform-provider-datadog/dev (terraform 2.7.0; terraform-cli 1.0.3) datadog-api-client-go/1.3.0 (go go1.16.6; os darwin; arch amd64)
    url: https://api.datadoghq.com/api/v1/integration/aws/filtering?account_id=5197100975151995
    method: GET
  response:
    body: '{"errors": ["AWS account 5197100975151995 does not exist in integration"]}'
    headers:
      Cache-Control:
      - no-cache
      Connection:
      - keep-alive
      Content-Length:
      - "74"
      Content-Security-Policy:
      - frame-ancestors 'self'; report-uri https://api.datadoghq.com/csp-report
      Content-Type:
      - application/json
      Date:
      - Fri, 27 Aug 2021 12:21:49 GMT
      Pragma:
      - no-cache
      X-Content-Type-Options:
      - nosniff
      X-Frame-Options:
      - SAMEORIGIN
    status: 400 Bad Request
    code: 400
    duration: ""
