---
version: 1
interactions:
- request:
    body: |
      {"description":"Created using the Datadog provider in Terraform","id":"","is_read_only":true,"layout_type":"free","notify_list":[],"template_variable_presets":[],"template_variables":[],"title":"tf-TestAccDatadogDashboardTraceService_import-local-1626081308","widgets":[{"definition":{"display_format":"three_column","env":"datadoghq.com","service":"postgres","show_breakdown":true,"show_distribution":true,"show_errors":true,"show_hits":true,"show_latency":true,"show_resource_list":true,"size_format":"large","span_name":"postgres.connection.rollback","time":{"live_span":"30m"},"title":"postgres #env:datadoghq.com","title_align":"center","title_size":"16","type":"trace_service"},"layout":{"height":43,"width":32,"x":5,"y":5}}]}
    form: {}
    headers:
      Accept:
      - application/json
      Content-Type:
      - application/json
      Dd-Operation-Id:
      - CreateDashboard
      User-Agent:
      - terraform-provider-datadog/dev (terraform 2.7.0; terraform-cli 0.14.6) datadog-api-client-go/1.1.1+dev (go go1.16.2; os darwin; arch amd64)
    url: https://api.datadoghq.com/api/v1/dashboard
    method: POST
  response:
    body: '{"notify_list":[],"description":"Created using the Datadog provider in Terraform","author_name":null,"template_variable_presets":[],"template_variables":[],"is_read_only":true,"id":"yc8-vxh-uiz","title":"tf-TestAccDatadogDashboardTraceService_import-local-1626081308","url":"/dashboard/yc8-vxh-uiz/tf-testaccdatadogdashboardtraceserviceimport-local-1626081308","created_at":"2021-07-12T09:15:11.260386+00:00","modified_at":"2021-07-12T09:15:11.260386+00:00","author_handle":"frog@datadoghq.com","widgets":[{"definition":{"span_name":"postgres.connection.rollback","title_size":"16","service":"postgres","title":"postgres #env:datadoghq.com","size_format":"large","show_hits":true,"title_align":"center","show_errors":true,"show_breakdown":true,"type":"trace_service","env":"datadoghq.com","time":{"live_span":"30m"},"show_distribution":true,"display_format":"three_column","show_latency":true,"show_resource_list":true},"layout":{"y":5,"width":32,"x":5,"height":43},"id":2999966601595619}],"layout_type":"free"}'
    headers:
      Cache-Control:
      - no-cache
      Connection:
      - keep-alive
      Content-Security-Policy:
      - frame-ancestors 'self'; report-uri https://api.datadoghq.com/csp-report
      Content-Type:
      - application/json
      Date:
      - Mon, 12 Jul 2021 09:15:14 GMT
      Pragma:
      - no-cache
      Strict-Transport-Security:
      - max-age=15724800;
      Vary:
      - Accept-Encoding
      X-Content-Type-Options:
      - nosniff
      X-Frame-Options:
      - SAMEORIGIN
    status: 200 OK
    code: 200
    duration: ""
- request:
    body: ""
    form: {}
    headers:
      Accept:
      - application/json
      Dd-Operation-Id:
      - GetDashboard
      User-Agent:
      - terraform-provider-datadog/dev (terraform 2.7.0; terraform-cli 0.14.6) datadog-api-client-go/1.1.1+dev (go go1.16.2; os darwin; arch amd64)
    url: https://api.datadoghq.com/api/v1/dashboard/yc8-vxh-uiz
    method: GET
  response:
    body: '{"notify_list":[],"description":"Created using the Datadog provider in Terraform","author_name":null,"template_variable_presets":[],"template_variables":[],"is_read_only":true,"id":"yc8-vxh-uiz","title":"tf-TestAccDatadogDashboardTraceService_import-local-1626081308","url":"/dashboard/yc8-vxh-uiz/tf-testaccdatadogdashboardtraceserviceimport-local-1626081308","created_at":"2021-07-12T09:15:11.260386+00:00","modified_at":"2021-07-12T09:15:11.260386+00:00","author_handle":"frog@datadoghq.com","widgets":[{"definition":{"span_name":"postgres.connection.rollback","title_size":"16","service":"postgres","title":"postgres #env:datadoghq.com","size_format":"large","show_hits":true,"title_align":"center","show_errors":true,"show_breakdown":true,"type":"trace_service","env":"datadoghq.com","time":{"live_span":"30m"},"show_distribution":true,"display_format":"three_column","show_latency":true,"show_resource_list":true},"layout":{"y":5,"width":32,"x":5,"height":43},"id":2999966601595619}],"layout_type":"free"}'
    headers:
      Cache-Control:
      - no-cache
      Connection:
      - keep-alive
      Content-Security-Policy:
      - frame-ancestors 'self'; report-uri https://api.datadoghq.com/csp-report
      Content-Type:
      - application/json
      Date:
      - Mon, 12 Jul 2021 09:15:14 GMT
      Pragma:
      - no-cache
      Strict-Transport-Security:
      - max-age=15724800;
      Vary:
      - Accept-Encoding
      X-Content-Type-Options:
      - nosniff
      X-Frame-Options:
      - SAMEORIGIN
    status: 200 OK
    code: 200
    duration: ""
- request:
    body: ""
    form: {}
    headers:
      Accept:
      - application/json
      Dd-Operation-Id:
      - GetDashboard
      User-Agent:
      - terraform-provider-datadog/dev (terraform 2.7.0; terraform-cli 0.14.6) datadog-api-client-go/1.1.1+dev (go go1.16.2; os darwin; arch amd64)
    url: https://api.datadoghq.com/api/v1/dashboard/yc8-vxh-uiz
    method: GET
  response:
    body: '{"notify_list":[],"description":"Created using the Datadog provider in Terraform","author_name":null,"template_variable_presets":[],"template_variables":[],"is_read_only":true,"id":"yc8-vxh-uiz","title":"tf-TestAccDatadogDashboardTraceService_import-local-1626081308","url":"/dashboard/yc8-vxh-uiz/tf-testaccdatadogdashboardtraceserviceimport-local-1626081308","created_at":"2021-07-12T09:15:11.260386+00:00","modified_at":"2021-07-12T09:15:11.260386+00:00","author_handle":"frog@datadoghq.com","widgets":[{"definition":{"span_name":"postgres.connection.rollback","title_size":"16","service":"postgres","title":"postgres #env:datadoghq.com","size_format":"large","show_hits":true,"title_align":"center","show_errors":true,"show_breakdown":true,"type":"trace_service","env":"datadoghq.com","time":{"live_span":"30m"},"show_distribution":true,"display_format":"three_column","show_latency":true,"show_resource_list":true},"layout":{"y":5,"width":32,"x":5,"height":43},"id":2999966601595619}],"layout_type":"free"}'
    headers:
      Cache-Control:
      - no-cache
      Connection:
      - keep-alive
      Content-Security-Policy:
      - frame-ancestors 'self'; report-uri https://api.datadoghq.com/csp-report
      Content-Type:
      - application/json
      Date:
      - Mon, 12 Jul 2021 09:15:15 GMT
      Pragma:
      - no-cache
      Strict-Transport-Security:
      - max-age=15724800;
      Vary:
      - Accept-Encoding
      X-Content-Type-Options:
      - nosniff
      X-Frame-Options:
      - SAMEORIGIN
    status: 200 OK
    code: 200
    duration: ""
- request:
    body: ""
    form: {}
    headers:
      Accept:
      - application/json
      Dd-Operation-Id:
      - GetDashboard
      User-Agent:
      - terraform-provider-datadog/dev (terraform 2.7.0; terraform-cli 0.14.6) datadog-api-client-go/1.1.1+dev (go go1.16.2; os darwin; arch amd64)
    url: https://api.datadoghq.com/api/v1/dashboard/yc8-vxh-uiz
    method: GET
  response:
    body: '{"notify_list":[],"description":"Created using the Datadog provider in Terraform","author_name":null,"template_variable_presets":[],"template_variables":[],"is_read_only":true,"id":"yc8-vxh-uiz","title":"tf-TestAccDatadogDashboardTraceService_import-local-1626081308","url":"/dashboard/yc8-vxh-uiz/tf-testaccdatadogdashboardtraceserviceimport-local-1626081308","created_at":"2021-07-12T09:15:11.260386+00:00","modified_at":"2021-07-12T09:15:11.260386+00:00","author_handle":"frog@datadoghq.com","widgets":[{"definition":{"span_name":"postgres.connection.rollback","title_size":"16","service":"postgres","title":"postgres #env:datadoghq.com","size_format":"large","show_hits":true,"title_align":"center","show_errors":true,"show_breakdown":true,"type":"trace_service","env":"datadoghq.com","time":{"live_span":"30m"},"show_distribution":true,"display_format":"three_column","show_latency":true,"show_resource_list":true},"layout":{"y":5,"width":32,"x":5,"height":43},"id":2999966601595619}],"layout_type":"free"}'
    headers:
      Cache-Control:
      - no-cache
      Connection:
      - keep-alive
      Content-Security-Policy:
      - frame-ancestors 'self'; report-uri https://api.datadoghq.com/csp-report
      Content-Type:
      - application/json
      Date:
      - Mon, 12 Jul 2021 09:15:16 GMT
      Pragma:
      - no-cache
      Strict-Transport-Security:
      - max-age=15724800;
      Vary:
      - Accept-Encoding
      X-Content-Type-Options:
      - nosniff
      X-Frame-Options:
      - SAMEORIGIN
    status: 200 OK
    code: 200
    duration: ""
- request:
    body: ""
    form: {}
    headers:
      Accept:
      - application/json
      Dd-Operation-Id:
      - DeleteDashboard
      User-Agent:
      - terraform-provider-datadog/dev (terraform 2.7.0; terraform-cli 0.14.6) datadog-api-client-go/1.1.1+dev (go go1.16.2; os darwin; arch amd64)
    url: https://api.datadoghq.com/api/v1/dashboard/yc8-vxh-uiz
    method: DELETE
  response:
    body: '{"deleted_dashboard_id":"yc8-vxh-uiz"}'
    headers:
      Cache-Control:
      - no-cache
      Connection:
      - keep-alive
      Content-Security-Policy:
      - frame-ancestors 'self'; report-uri https://api.datadoghq.com/csp-report
      Content-Type:
      - application/json
      Date:
      - Mon, 12 Jul 2021 09:15:17 GMT
      Pragma:
      - no-cache
      Strict-Transport-Security:
      - max-age=15724800;
      Vary:
      - Accept-Encoding
      X-Content-Type-Options:
      - nosniff
      X-Frame-Options:
      - SAMEORIGIN
    status: 200 OK
    code: 200
    duration: ""
- request:
    body: ""
    form: {}
    headers:
      Accept:
      - application/json
      Dd-Operation-Id:
      - GetDashboard
      User-Agent:
      - terraform-provider-datadog/dev (terraform 2.7.0; terraform-cli 0.14.6) datadog-api-client-go/1.1.1+dev (go go1.16.2; os darwin; arch amd64)
    url: https://api.datadoghq.com/api/v1/dashboard/yc8-vxh-uiz
    method: GET
  response:
    body: '{"errors": ["Dashboard with ID yc8-vxh-uiz not found"]}'
    headers:
      Cache-Control:
      - no-cache
      Connection:
      - keep-alive
      Content-Security-Policy:
      - frame-ancestors 'self'; report-uri https://api.datadoghq.com/csp-report
      Content-Type:
      - application/json
      Date:
      - Mon, 12 Jul 2021 09:15:17 GMT
      Pragma:
      - no-cache
      Strict-Transport-Security:
      - max-age=15724800;
      Vary:
      - Accept-Encoding
      X-Content-Type-Options:
      - nosniff
      X-Frame-Options:
      - SAMEORIGIN
    status: 404 Not Found
    code: 404
    duration: ""
