---
version: 1
interactions:
- request:
    body: |
      {"cases":[{"condition":"","name":"","notifications":["@user"],"status":"high"}],"hasExtendedTitle":false,"isEnabled":false,"message":"acceptance rule triggered","name":"tf-TestAccDatadogSecurityMonitoringRule_NewValueRule-local-1679093382","options":{"decreaseCriticalityBasedOnEnv":false,"detectionMethod":"new_value","evaluationWindow":0,"keepAlive":600,"maxSignalDuration":900,"newValueOptions":{"forgetAfter":7,"learningDuration":1,"learningMethod":"duration","learningThreshold":0}},"queries":[{"aggregation":"new_value","distinctFields":[],"groupByFields":["host"],"metric":"@value","name":"first","query":"does not really match much"}],"tags":["u:tomato","i:tomato"],"type":"log_detection"}
    form: {}
    headers:
      Accept:
      - application/json
      Content-Type:
      - application/json
    url: https://api.datadoghq.com/api/v2/security_monitoring/rules
    method: POST
  response:
    body: |
      {"id":"w9g-x1o-jrc","version":1,"name":"tf-TestAccDatadogSecurityMonitoringRule_NewValueRule-local-1679093382","createdAt":1679093383899,"creationAuthorId":1445416,"isDefault":false,"isEnabled":false,"isDeleted":false,"isDeprecated":false,"queries":[{"query":"does not really match much","groupByFields":["host"],"distinctFields":[],"metric":"@value","metrics":["@value"],"aggregation":"new_value","name":"first"}],"options":{"keepAlive":600,"maxSignalDuration":900,"detectionMethod":"new_value","evaluationWindow":0,"newValueOptions":{"forgetAfter":7,"learningDuration":1,"learningThreshold":0,"learningMethod":"duration"},"decreaseCriticalityBasedOnEnv":false},"cases":[{"condition":"","name":"","status":"high","notifications":["@user"]}],"message":"acceptance rule triggered","tags":["u:tomato","i:tomato"],"hasExtendedTitle":false,"type":"log_detection","filters":[]}
    headers:
      Content-Type:
      - application/json
    status: 200 OK
    code: 200
    duration: ""
- request:
    body: ""
    form: {}
    headers:
      Accept:
      - application/json
    url: https://api.datadoghq.com/api/v2/security_monitoring/rules/w9g-x1o-jrc
    method: GET
  response:
    body: |
      {"id":"w9g-x1o-jrc","version":1,"name":"tf-TestAccDatadogSecurityMonitoringRule_NewValueRule-local-1679093382","createdAt":1679093383899,"creationAuthorId":1445416,"isDefault":false,"isEnabled":false,"isDeleted":false,"isDeprecated":false,"queries":[{"query":"does not really match much","groupByFields":["host"],"distinctFields":[],"metric":"@value","metrics":["@value"],"aggregation":"new_value","name":"first"}],"options":{"keepAlive":600,"maxSignalDuration":900,"detectionMethod":"new_value","evaluationWindow":0,"newValueOptions":{"forgetAfter":7,"learningDuration":1,"learningThreshold":0,"learningMethod":"duration"},"decreaseCriticalityBasedOnEnv":false},"cases":[{"condition":"","name":"","status":"high","notifications":["@user"]}],"message":"acceptance rule triggered","tags":["u:tomato","i:tomato"],"hasExtendedTitle":false,"type":"log_detection","filters":[]}
    headers:
      Content-Type:
      - application/json
    status: 200 OK
    code: 200
    duration: ""
- request:
    body: ""
    form: {}
    headers:
      Accept:
      - application/json
    url: https://api.datadoghq.com/api/v2/security_monitoring/rules/w9g-x1o-jrc
    method: GET
  response:
    body: |
      {"id":"w9g-x1o-jrc","version":1,"name":"tf-TestAccDatadogSecurityMonitoringRule_NewValueRule-local-1679093382","createdAt":1679093383899,"creationAuthorId":1445416,"isDefault":false,"isEnabled":false,"isDeleted":false,"isDeprecated":false,"queries":[{"query":"does not really match much","groupByFields":["host"],"distinctFields":[],"metric":"@value","metrics":["@value"],"aggregation":"new_value","name":"first"}],"options":{"keepAlive":600,"maxSignalDuration":900,"detectionMethod":"new_value","evaluationWindow":0,"newValueOptions":{"forgetAfter":7,"learningDuration":1,"learningThreshold":0,"learningMethod":"duration"},"decreaseCriticalityBasedOnEnv":false},"cases":[{"condition":"","name":"","status":"high","notifications":["@user"]}],"message":"acceptance rule triggered","tags":["u:tomato","i:tomato"],"hasExtendedTitle":false,"type":"log_detection","filters":[]}
    headers:
      Content-Type:
      - application/json
    status: 200 OK
    code: 200
    duration: ""
- request:
    body: ""
    form: {}
    headers:
      Accept:
      - application/json
    url: https://api.datadoghq.com/api/v2/security_monitoring/rules/w9g-x1o-jrc
    method: GET
  response:
    body: |
      {"id":"w9g-x1o-jrc","version":1,"name":"tf-TestAccDatadogSecurityMonitoringRule_NewValueRule-local-1679093382","createdAt":1679093383899,"creationAuthorId":1445416,"isDefault":false,"isEnabled":false,"isDeleted":false,"isDeprecated":false,"queries":[{"query":"does not really match much","groupByFields":["host"],"distinctFields":[],"metric":"@value","metrics":["@value"],"aggregation":"new_value","name":"first"}],"options":{"keepAlive":600,"maxSignalDuration":900,"detectionMethod":"new_value","evaluationWindow":0,"newValueOptions":{"forgetAfter":7,"learningDuration":1,"learningThreshold":0,"learningMethod":"duration"},"decreaseCriticalityBasedOnEnv":false},"cases":[{"condition":"","name":"","status":"high","notifications":["@user"]}],"message":"acceptance rule triggered","tags":["u:tomato","i:tomato"],"hasExtendedTitle":false,"type":"log_detection","filters":[]}
    headers:
      Content-Type:
      - application/json
    status: 200 OK
    code: 200
    duration: ""
- request:
    body: |
      {"cases":[{"condition":"","name":"high case (updated)","notifications":["@user"],"status":"medium"}],"hasExtendedTitle":false,"isEnabled":true,"message":"acceptance rule triggered (updated)","name":"tf-TestAccDatadogSecurityMonitoringRule_NewValueRule-local-1679093382 - updated","options":{"decreaseCriticalityBasedOnEnv":false,"detectionMethod":"new_value","evaluationWindow":0,"keepAlive":600,"maxSignalDuration":900,"newValueOptions":{"forgetAfter":1,"learningDuration":0,"learningMethod":"duration","learningThreshold":0}},"queries":[{"aggregation":"new_value","distinctFields":[],"groupByFields":["service"],"metric":"@network.bytes_read","metrics":["@value"],"name":"first","query":"does not really match much (updated)"}],"tags":["u:tomato","i:tomato"]}
    form: {}
    headers:
      Accept:
      - application/json
      Content-Type:
      - application/json
    url: https://api.datadoghq.com/api/v2/security_monitoring/rules/w9g-x1o-jrc
    method: PUT
  response:
    body: |
      {"id":"w9g-x1o-jrc","version":2,"name":"tf-TestAccDatadogSecurityMonitoringRule_NewValueRule-local-1679093382 - updated","createdAt":1679093383899,"creationAuthorId":1445416,"updateAuthorId":1445416,"isDefault":false,"isEnabled":true,"isDeleted":false,"isDeprecated":false,"queries":[{"query":"does not really match much (updated)","groupByFields":["service"],"distinctFields":[],"metric":"@network.bytes_read","metrics":["@network.bytes_read"],"aggregation":"new_value","name":"first"}],"options":{"keepAlive":600,"maxSignalDuration":900,"detectionMethod":"new_value","evaluationWindow":0,"newValueOptions":{"forgetAfter":1,"learningDuration":0,"learningThreshold":0,"learningMethod":"duration"},"decreaseCriticalityBasedOnEnv":false},"cases":[{"condition":"","name":"high case (updated)","status":"medium","notifications":["@user"]}],"message":"acceptance rule triggered (updated)","tags":["u:tomato","i:tomato"],"hasExtendedTitle":false,"type":"log_detection","filters":[]}
    headers:
      Content-Type:
      - application/json
    status: 200 OK
    code: 200
    duration: ""
- request:
    body: ""
    form: {}
    headers:
      Accept:
      - application/json
    url: https://api.datadoghq.com/api/v2/security_monitoring/rules/w9g-x1o-jrc
    method: GET
  response:
    body: |
      {"id":"w9g-x1o-jrc","version":2,"name":"tf-TestAccDatadogSecurityMonitoringRule_NewValueRule-local-1679093382 - updated","createdAt":1679093383899,"creationAuthorId":1445416,"updateAuthorId":1445416,"isDefault":false,"isEnabled":true,"isDeleted":false,"isDeprecated":false,"queries":[{"query":"does not really match much (updated)","groupByFields":["service"],"distinctFields":[],"metric":"@network.bytes_read","metrics":["@network.bytes_read"],"aggregation":"new_value","name":"first"}],"options":{"keepAlive":600,"maxSignalDuration":900,"detectionMethod":"new_value","evaluationWindow":0,"newValueOptions":{"forgetAfter":1,"learningDuration":0,"learningThreshold":0,"learningMethod":"duration"},"decreaseCriticalityBasedOnEnv":false},"cases":[{"condition":"","name":"high case (updated)","status":"medium","notifications":["@user"]}],"message":"acceptance rule triggered (updated)","tags":["u:tomato","i:tomato"],"hasExtendedTitle":false,"type":"log_detection","filters":[]}
    headers:
      Content-Type:
      - application/json
    status: 200 OK
    code: 200
    duration: ""
- request:
    body: ""
    form: {}
    headers:
      Accept:
      - application/json
    url: https://api.datadoghq.com/api/v2/security_monitoring/rules/w9g-x1o-jrc
    method: GET
  response:
    body: |
      {"id":"w9g-x1o-jrc","version":2,"name":"tf-TestAccDatadogSecurityMonitoringRule_NewValueRule-local-1679093382 - updated","createdAt":1679093383899,"creationAuthorId":1445416,"updateAuthorId":1445416,"isDefault":false,"isEnabled":true,"isDeleted":false,"isDeprecated":false,"queries":[{"query":"does not really match much (updated)","groupByFields":["service"],"distinctFields":[],"metric":"@network.bytes_read","metrics":["@network.bytes_read"],"aggregation":"new_value","name":"first"}],"options":{"keepAlive":600,"maxSignalDuration":900,"detectionMethod":"new_value","evaluationWindow":0,"newValueOptions":{"forgetAfter":1,"learningDuration":0,"learningThreshold":0,"learningMethod":"duration"},"decreaseCriticalityBasedOnEnv":false},"cases":[{"condition":"","name":"high case (updated)","status":"medium","notifications":["@user"]}],"message":"acceptance rule triggered (updated)","tags":["u:tomato","i:tomato"],"hasExtendedTitle":false,"type":"log_detection","filters":[]}
    headers:
      Content-Type:
      - application/json
    status: 200 OK
    code: 200
    duration: ""
- request:
    body: ""
    form: {}
    headers:
      Accept:
      - '*/*'
    url: https://api.datadoghq.com/api/v2/security_monitoring/rules/w9g-x1o-jrc
    method: DELETE
  response:
    body: ""
    headers: {}
    status: 204 No Content
    code: 204
    duration: ""
- request:
    body: ""
    form: {}
    headers:
      Accept:
      - application/json
    url: https://api.datadoghq.com/api/v2/security_monitoring/rules/w9g-x1o-jrc
    method: GET
  response:
    body: |
      {"errors":["Threat detection rule not found: w9g-x1o-jrc"]}
    headers:
      Content-Type:
      - application/json
    status: 404 Not Found
    code: 404
    duration: ""
