---
version: 1
interactions:
- request:
    body: |
      {"config":{"assertions":[],"request":{"body":"this is a body","headers":{"Accept":"application/json","X-Datadog-Trace-ID":"123456789"},"method":"GET","timeout":30,"url":"https://www.datadoghq.com"},"variables":[{"example":"597","name":"MY_PATTERN_VAR","pattern":"{{numeric(3)}}","type":"text"}]},"locations":["aws:eu-central-1"],"message":"Notify @datadog.user","name":"tf-TestAccDatadogSyntheticsBrowserTest_importBasic-local-1617184105","options":{"device_ids":["laptop_large","mobile_small"],"min_location_failed":1,"monitor_options":{"renotify_interval":100},"retry":{"count":2,"interval":300},"tick_every":900},"status":"paused","steps":[{"allowFailure":false,"name":"first step","params":{"check":"contains","value":"content"},"timeout":0,"type":"assertCurrentUrl"}],"tags":["foo:bar","baz"],"type":"browser"}
    form: {}
    headers:
      Accept:
      - application/json
      Content-Type:
      - application/json
      Dd-Operation-Id:
      - CreateSyntheticsBrowserTest
      User-Agent:
      - terraform-provider-datadog/dev (terraform 1.16.0; terraform-cli ) datadog-api-client-go/1.0.0-beta.19+dev (go go1.15.3; os darwin; arch amd64)
    url: https://api.datadoghq.com/api/v1/synthetics/tests/browser
    method: POST
  response:
    body: '{"status":"paused","public_id":"fqa-ib4-664","tags":["foo:bar","baz"],"org_id":321813,"locations":["aws:eu-central-1"],"message":"Notify @datadog.user","deleted_at":null,"name":"tf-TestAccDatadogSyntheticsBrowserTest_importBasic-local-1617184105","monitor_id":33123857,"type":"browser","created_at":"2021-03-31T09:48:25.884432+00:00","modified_at":"2021-03-31T09:48:25.884432+00:00","steps":[{"name":"first step","allowFailure":false,"params":{"check":"contains","value":"content"},"timeout":0,"type":"assertCurrentUrl"}],"config":{"variables":[{"pattern":"{{numeric(3)}}","type":"text","example":"597","name":"MY_PATTERN_VAR"}],"request":{"body":"this is a body","headers":{"Accept":"application/json","X-Datadog-Trace-ID":"123456789"},"url":"https://www.datadoghq.com","timeout":30,"method":"GET"},"assertions":[]},"options":{"retry":{"count":2,"interval":300},"monitor_options":{"notify_audit":false,"locked":false,"include_tags":true,"new_host_delay":300,"notify_no_data":false,"renotify_interval":100},"device_ids":["laptop_large","mobile_small"],"min_location_failed":1,"tick_every":900}}'
    headers:
      Cache-Control:
      - no-cache
      Connection:
      - keep-alive
      Content-Security-Policy:
      - frame-ancestors 'self'; report-uri https://api.datadoghq.com/csp-report
      Content-Type:
      - application/json
      Date:
      - Wed, 31 Mar 2021 09:48:25 GMT
      Pragma:
      - no-cache
      Strict-Transport-Security:
      - max-age=15724800;
      Vary:
      - Accept-Encoding
      X-Content-Type-Options:
      - nosniff
      X-Dd-Debug:
      - fIO2C4qGDheGHy4YbS+r3a3CXbh4cbRo7roILOimQyiHGjQdOat0cIpWCkupM1uX
      X-Dd-Version:
      - "35.4207470"
      X-Frame-Options:
      - SAMEORIGIN
      X-Ratelimit-Limit:
      - "120"
      X-Ratelimit-Period:
      - "60"
      X-Ratelimit-Remaining:
      - "110"
      X-Ratelimit-Reset:
      - "35"
    status: 200 OK
    code: 200
    duration: ""
- request:
    body: ""
    form: {}
    headers:
      Accept:
      - application/json
      Dd-Operation-Id:
      - GetTest
      User-Agent:
      - terraform-provider-datadog/dev (terraform 1.16.0; terraform-cli ) datadog-api-client-go/1.0.0-beta.19+dev (go go1.15.3; os darwin; arch amd64)
    url: https://api.datadoghq.com/api/v1/synthetics/tests/fqa-ib4-664
    method: GET
  response:
    body: '{"status":"paused","public_id":"fqa-ib4-664","tags":["foo:bar","baz"],"locations":["aws:eu-central-1"],"message":"Notify @datadog.user","name":"tf-TestAccDatadogSyntheticsBrowserTest_importBasic-local-1617184105","monitor_id":33123857,"type":"browser","config":{"variables":[{"pattern":"{{numeric(3)}}","type":"text","example":"597","name":"MY_PATTERN_VAR"}],"request":{"body":"this is a body","headers":{"Accept":"application/json","X-Datadog-Trace-ID":"123456789"},"url":"https://www.datadoghq.com","timeout":30,"method":"GET"},"assertions":[]},"options":{"retry":{"count":2,"interval":300},"monitor_options":{"notify_audit":false,"locked":false,"include_tags":true,"new_host_delay":300,"notify_no_data":false,"renotify_interval":100},"device_ids":["laptop_large","mobile_small"],"min_location_failed":1,"tick_every":900}}'
    headers:
      Cache-Control:
      - no-cache
      Connection:
      - keep-alive
      Content-Security-Policy:
      - frame-ancestors 'self'; report-uri https://api.datadoghq.com/csp-report
      Content-Type:
      - application/json
      Date:
      - Wed, 31 Mar 2021 09:48:26 GMT
      Pragma:
      - no-cache
      Strict-Transport-Security:
      - max-age=15724800;
      Vary:
      - Accept-Encoding
      X-Content-Type-Options:
      - nosniff
      X-Dd-Debug:
      - dPySkcOzIZtKyMKDAAzuysY3gNGGj6RtYogGuSb76E8mPvoqzREyRp6lPYm91hQU
      X-Dd-Version:
      - "35.4207470"
      X-Frame-Options:
      - SAMEORIGIN
      X-Ratelimit-Limit:
      - "1000"
      X-Ratelimit-Period:
      - "60"
      X-Ratelimit-Remaining:
      - "932"
      X-Ratelimit-Reset:
      - "34"
    status: 200 OK
    code: 200
    duration: ""
- request:
    body: ""
    form: {}
    headers:
      Accept:
      - application/json
      Dd-Operation-Id:
      - GetBrowserTest
      User-Agent:
      - terraform-provider-datadog/dev (terraform 1.16.0; terraform-cli ) datadog-api-client-go/1.0.0-beta.19+dev (go go1.15.3; os darwin; arch amd64)
    url: https://api.datadoghq.com/api/v1/synthetics/tests/browser/fqa-ib4-664
    method: GET
  response:
    body: '{"status":"paused","public_id":"fqa-ib4-664","tags":["foo:bar","baz"],"locations":["aws:eu-central-1"],"message":"Notify @datadog.user","name":"tf-TestAccDatadogSyntheticsBrowserTest_importBasic-local-1617184105","monitor_id":33123857,"type":"browser","steps":[{"name":"first step","allowFailure":false,"params":{"check":"contains","value":"content"},"timeout":0,"type":"assertCurrentUrl"}],"config":{"variables":[{"pattern":"{{numeric(3)}}","type":"text","example":"597","name":"MY_PATTERN_VAR"}],"request":{"body":"this is a body","headers":{"Accept":"application/json","X-Datadog-Trace-ID":"123456789"},"url":"https://www.datadoghq.com","timeout":30,"method":"GET"},"assertions":[]},"options":{"retry":{"count":2,"interval":300},"monitor_options":{"notify_audit":false,"locked":false,"include_tags":true,"new_host_delay":300,"notify_no_data":false,"renotify_interval":100},"device_ids":["laptop_large","mobile_small"],"min_location_failed":1,"tick_every":900}}'
    headers:
      Cache-Control:
      - no-cache
      Connection:
      - keep-alive
      Content-Security-Policy:
      - frame-ancestors 'self'; report-uri https://api.datadoghq.com/csp-report
      Content-Type:
      - application/json
      Date:
      - Wed, 31 Mar 2021 09:48:26 GMT
      Pragma:
      - no-cache
      Strict-Transport-Security:
      - max-age=15724800;
      Vary:
      - Accept-Encoding
      X-Content-Type-Options:
      - nosniff
      X-Dd-Debug:
      - PhosSd3Ch1B6B0DXI71steKUi7XhPDttnPiIP1NdXTw0VJNWpoUnYyBmODS5ne3q
      X-Dd-Version:
      - "35.4207470"
      X-Frame-Options:
      - SAMEORIGIN
      X-Ratelimit-Limit:
      - "1000"
      X-Ratelimit-Period:
      - "60"
      X-Ratelimit-Remaining:
      - "926"
      X-Ratelimit-Reset:
      - "34"
    status: 200 OK
    code: 200
    duration: ""
- request:
    body: ""
    form: {}
    headers:
      Accept:
      - application/json
      Dd-Operation-Id:
      - GetTest
      User-Agent:
      - terraform-provider-datadog/dev (terraform 1.16.0; terraform-cli 0.12.7-sdk) datadog-api-client-go/1.0.0-beta.19+dev (go go1.15.3; os darwin; arch amd64)
    url: https://api.datadoghq.com/api/v1/synthetics/tests/fqa-ib4-664
    method: GET
  response:
    body: '{"status":"paused","public_id":"fqa-ib4-664","tags":["foo:bar","baz"],"locations":["aws:eu-central-1"],"message":"Notify @datadog.user","name":"tf-TestAccDatadogSyntheticsBrowserTest_importBasic-local-1617184105","monitor_id":33123857,"type":"browser","config":{"variables":[{"pattern":"{{numeric(3)}}","type":"text","example":"597","name":"MY_PATTERN_VAR"}],"request":{"body":"this is a body","headers":{"Accept":"application/json","X-Datadog-Trace-ID":"123456789"},"url":"https://www.datadoghq.com","timeout":30,"method":"GET"},"assertions":[]},"options":{"retry":{"count":2,"interval":300},"monitor_options":{"notify_audit":false,"locked":false,"include_tags":true,"new_host_delay":300,"notify_no_data":false,"renotify_interval":100},"device_ids":["laptop_large","mobile_small"],"min_location_failed":1,"tick_every":900}}'
    headers:
      Cache-Control:
      - no-cache
      Connection:
      - keep-alive
      Content-Security-Policy:
      - frame-ancestors 'self'; report-uri https://api.datadoghq.com/csp-report
      Content-Type:
      - application/json
      Date:
      - Wed, 31 Mar 2021 09:48:26 GMT
      Pragma:
      - no-cache
      Strict-Transport-Security:
      - max-age=15724800;
      Vary:
      - Accept-Encoding
      X-Content-Type-Options:
      - nosniff
      X-Dd-Debug:
      - JpIJLwIH2nFlZOC+u71rq7aAOL43MLZN3MUsL+gpYHdZz5QLUOG8Jysf8kVK6tPU
      X-Dd-Version:
      - "35.4207470"
      X-Frame-Options:
      - SAMEORIGIN
      X-Ratelimit-Limit:
      - "1000"
      X-Ratelimit-Period:
      - "60"
      X-Ratelimit-Remaining:
      - "919"
      X-Ratelimit-Reset:
      - "34"
    status: 200 OK
    code: 200
    duration: ""
- request:
    body: ""
    form: {}
    headers:
      Accept:
      - application/json
      Dd-Operation-Id:
      - GetBrowserTest
      User-Agent:
      - terraform-provider-datadog/dev (terraform 1.16.0; terraform-cli 0.12.7-sdk) datadog-api-client-go/1.0.0-beta.19+dev (go go1.15.3; os darwin; arch amd64)
    url: https://api.datadoghq.com/api/v1/synthetics/tests/browser/fqa-ib4-664
    method: GET
  response:
    body: '{"status":"paused","public_id":"fqa-ib4-664","tags":["foo:bar","baz"],"locations":["aws:eu-central-1"],"message":"Notify @datadog.user","name":"tf-TestAccDatadogSyntheticsBrowserTest_importBasic-local-1617184105","monitor_id":33123857,"type":"browser","steps":[{"name":"first step","allowFailure":false,"params":{"check":"contains","value":"content"},"timeout":0,"type":"assertCurrentUrl"}],"config":{"variables":[{"pattern":"{{numeric(3)}}","type":"text","example":"597","name":"MY_PATTERN_VAR"}],"request":{"body":"this is a body","headers":{"Accept":"application/json","X-Datadog-Trace-ID":"123456789"},"url":"https://www.datadoghq.com","timeout":30,"method":"GET"},"assertions":[]},"options":{"retry":{"count":2,"interval":300},"monitor_options":{"notify_audit":false,"locked":false,"include_tags":true,"new_host_delay":300,"notify_no_data":false,"renotify_interval":100},"device_ids":["laptop_large","mobile_small"],"min_location_failed":1,"tick_every":900}}'
    headers:
      Cache-Control:
      - no-cache
      Connection:
      - keep-alive
      Content-Security-Policy:
      - frame-ancestors 'self'; report-uri https://api.datadoghq.com/csp-report
      Content-Type:
      - application/json
      Date:
      - Wed, 31 Mar 2021 09:48:26 GMT
      Pragma:
      - no-cache
      Strict-Transport-Security:
      - max-age=15724800;
      Vary:
      - Accept-Encoding
      X-Content-Type-Options:
      - nosniff
      X-Dd-Debug:
      - vdJ3/nHEY1ioXQ6pQrBVvsQK1s4yyc+wufBMPSoXql71qZVuP/xMdtNo6DafhOAk
      X-Dd-Version:
      - "35.4207470"
      X-Frame-Options:
      - SAMEORIGIN
      X-Ratelimit-Limit:
      - "1000"
      X-Ratelimit-Period:
      - "60"
      X-Ratelimit-Remaining:
      - "914"
      X-Ratelimit-Reset:
      - "34"
    status: 200 OK
    code: 200
    duration: ""
- request:
    body: ""
    form: {}
    headers:
      Accept:
      - application/json
      Dd-Operation-Id:
      - GetTest
      User-Agent:
      - terraform-provider-datadog/dev (terraform 1.16.0; terraform-cli 0.12.7-sdk) datadog-api-client-go/1.0.0-beta.19+dev (go go1.15.3; os darwin; arch amd64)
    url: https://api.datadoghq.com/api/v1/synthetics/tests/fqa-ib4-664
    method: GET
  response:
    body: '{"status":"paused","public_id":"fqa-ib4-664","tags":["foo:bar","baz"],"locations":["aws:eu-central-1"],"message":"Notify @datadog.user","name":"tf-TestAccDatadogSyntheticsBrowserTest_importBasic-local-1617184105","monitor_id":33123857,"type":"browser","config":{"variables":[{"pattern":"{{numeric(3)}}","type":"text","example":"597","name":"MY_PATTERN_VAR"}],"request":{"body":"this is a body","headers":{"Accept":"application/json","X-Datadog-Trace-ID":"123456789"},"url":"https://www.datadoghq.com","timeout":30,"method":"GET"},"assertions":[]},"options":{"retry":{"count":2,"interval":300},"monitor_options":{"notify_audit":false,"locked":false,"include_tags":true,"new_host_delay":300,"notify_no_data":false,"renotify_interval":100},"device_ids":["laptop_large","mobile_small"],"min_location_failed":1,"tick_every":900}}'
    headers:
      Cache-Control:
      - no-cache
      Connection:
      - keep-alive
      Content-Security-Policy:
      - frame-ancestors 'self'; report-uri https://api.datadoghq.com/csp-report
      Content-Type:
      - application/json
      Date:
      - Wed, 31 Mar 2021 09:48:26 GMT
      Pragma:
      - no-cache
      Strict-Transport-Security:
      - max-age=15724800;
      Vary:
      - Accept-Encoding
      X-Content-Type-Options:
      - nosniff
      X-Dd-Debug:
      - nLnnBNvlCFDECRnZvzDb0z4sAO35G+IMidcAs8vrCKyjvsKWE8Yd9S3n6OjZ1qRN
      X-Dd-Version:
      - "35.4207470"
      X-Frame-Options:
      - SAMEORIGIN
      X-Ratelimit-Limit:
      - "1000"
      X-Ratelimit-Period:
      - "60"
      X-Ratelimit-Remaining:
      - "905"
      X-Ratelimit-Reset:
      - "34"
    status: 200 OK
    code: 200
    duration: ""
- request:
    body: ""
    form: {}
    headers:
      Accept:
      - application/json
      Dd-Operation-Id:
      - GetBrowserTest
      User-Agent:
      - terraform-provider-datadog/dev (terraform 1.16.0; terraform-cli 0.12.7-sdk) datadog-api-client-go/1.0.0-beta.19+dev (go go1.15.3; os darwin; arch amd64)
    url: https://api.datadoghq.com/api/v1/synthetics/tests/browser/fqa-ib4-664
    method: GET
  response:
    body: '{"status":"paused","public_id":"fqa-ib4-664","tags":["foo:bar","baz"],"locations":["aws:eu-central-1"],"message":"Notify @datadog.user","name":"tf-TestAccDatadogSyntheticsBrowserTest_importBasic-local-1617184105","monitor_id":33123857,"type":"browser","steps":[{"name":"first step","allowFailure":false,"params":{"check":"contains","value":"content"},"timeout":0,"type":"assertCurrentUrl"}],"config":{"variables":[{"pattern":"{{numeric(3)}}","type":"text","example":"597","name":"MY_PATTERN_VAR"}],"request":{"body":"this is a body","headers":{"Accept":"application/json","X-Datadog-Trace-ID":"123456789"},"url":"https://www.datadoghq.com","timeout":30,"method":"GET"},"assertions":[]},"options":{"retry":{"count":2,"interval":300},"monitor_options":{"notify_audit":false,"locked":false,"include_tags":true,"new_host_delay":300,"notify_no_data":false,"renotify_interval":100},"device_ids":["laptop_large","mobile_small"],"min_location_failed":1,"tick_every":900}}'
    headers:
      Cache-Control:
      - no-cache
      Connection:
      - keep-alive
      Content-Security-Policy:
      - frame-ancestors 'self'; report-uri https://api.datadoghq.com/csp-report
      Content-Type:
      - application/json
      Date:
      - Wed, 31 Mar 2021 09:48:27 GMT
      Pragma:
      - no-cache
      Strict-Transport-Security:
      - max-age=15724800;
      Vary:
      - Accept-Encoding
      X-Content-Type-Options:
      - nosniff
      X-Dd-Debug:
      - F5gm0Rce1/Abr9/0Fw8HAqWfiz0FdiH8er/AXnN6lOn3L6KyGgbsLCwgPlob1No8
      X-Dd-Version:
      - "35.4207470"
      X-Frame-Options:
      - SAMEORIGIN
      X-Ratelimit-Limit:
      - "1000"
      X-Ratelimit-Period:
      - "60"
      X-Ratelimit-Remaining:
      - "902"
      X-Ratelimit-Reset:
      - "33"
    status: 200 OK
    code: 200
    duration: ""
- request:
    body: ""
    form: {}
    headers:
      Accept:
      - application/json
      Dd-Operation-Id:
      - GetTest
      User-Agent:
      - terraform-provider-datadog/dev (terraform 1.16.0; terraform-cli 0.12.7-sdk) datadog-api-client-go/1.0.0-beta.19+dev (go go1.15.3; os darwin; arch amd64)
    url: https://api.datadoghq.com/api/v1/synthetics/tests/fqa-ib4-664
    method: GET
  response:
    body: '{"status":"paused","public_id":"fqa-ib4-664","tags":["foo:bar","baz"],"locations":["aws:eu-central-1"],"message":"Notify @datadog.user","name":"tf-TestAccDatadogSyntheticsBrowserTest_importBasic-local-1617184105","monitor_id":33123857,"type":"browser","config":{"variables":[{"pattern":"{{numeric(3)}}","type":"text","example":"597","name":"MY_PATTERN_VAR"}],"request":{"body":"this is a body","headers":{"Accept":"application/json","X-Datadog-Trace-ID":"123456789"},"url":"https://www.datadoghq.com","timeout":30,"method":"GET"},"assertions":[]},"options":{"retry":{"count":2,"interval":300},"monitor_options":{"notify_audit":false,"locked":false,"include_tags":true,"new_host_delay":300,"notify_no_data":false,"renotify_interval":100},"device_ids":["laptop_large","mobile_small"],"min_location_failed":1,"tick_every":900}}'
    headers:
      Cache-Control:
      - no-cache
      Connection:
      - keep-alive
      Content-Security-Policy:
      - frame-ancestors 'self'; report-uri https://api.datadoghq.com/csp-report
      Content-Type:
      - application/json
      Date:
      - Wed, 31 Mar 2021 09:48:27 GMT
      Pragma:
      - no-cache
      Strict-Transport-Security:
      - max-age=15724800;
      Vary:
      - Accept-Encoding
      X-Content-Type-Options:
      - nosniff
      X-Dd-Debug:
      - dPySkcOzIZtKyMKDAAzuysY3gNGGj6RtYogGuSb76E8mPvoqzREyRp6lPYm91hQU
      X-Dd-Version:
      - "35.4207470"
      X-Frame-Options:
      - SAMEORIGIN
      X-Ratelimit-Limit:
      - "1000"
      X-Ratelimit-Period:
      - "60"
      X-Ratelimit-Remaining:
      - "897"
      X-Ratelimit-Reset:
      - "33"
    status: 200 OK
    code: 200
    duration: ""
- request:
    body: ""
    form: {}
    headers:
      Accept:
      - application/json
      Dd-Operation-Id:
      - GetBrowserTest
      User-Agent:
      - terraform-provider-datadog/dev (terraform 1.16.0; terraform-cli 0.12.7-sdk) datadog-api-client-go/1.0.0-beta.19+dev (go go1.15.3; os darwin; arch amd64)
    url: https://api.datadoghq.com/api/v1/synthetics/tests/browser/fqa-ib4-664
    method: GET
  response:
    body: '{"status":"paused","public_id":"fqa-ib4-664","tags":["foo:bar","baz"],"locations":["aws:eu-central-1"],"message":"Notify @datadog.user","name":"tf-TestAccDatadogSyntheticsBrowserTest_importBasic-local-1617184105","monitor_id":33123857,"type":"browser","steps":[{"name":"first step","allowFailure":false,"params":{"check":"contains","value":"content"},"timeout":0,"type":"assertCurrentUrl"}],"config":{"variables":[{"pattern":"{{numeric(3)}}","type":"text","example":"597","name":"MY_PATTERN_VAR"}],"request":{"body":"this is a body","headers":{"Accept":"application/json","X-Datadog-Trace-ID":"123456789"},"url":"https://www.datadoghq.com","timeout":30,"method":"GET"},"assertions":[]},"options":{"retry":{"count":2,"interval":300},"monitor_options":{"notify_audit":false,"locked":false,"include_tags":true,"new_host_delay":300,"notify_no_data":false,"renotify_interval":100},"device_ids":["laptop_large","mobile_small"],"min_location_failed":1,"tick_every":900}}'
    headers:
      Cache-Control:
      - no-cache
      Connection:
      - keep-alive
      Content-Security-Policy:
      - frame-ancestors 'self'; report-uri https://api.datadoghq.com/csp-report
      Content-Type:
      - application/json
      Date:
      - Wed, 31 Mar 2021 09:48:27 GMT
      Pragma:
      - no-cache
      Strict-Transport-Security:
      - max-age=15724800;
      Vary:
      - Accept-Encoding
      X-Content-Type-Options:
      - nosniff
      X-Dd-Debug:
      - mNzaoDhdDKO7t4QSrAe5X7pHd0bJND187D+vRbwoluXouE2m1UaQQX0RGCvRpLVE
      X-Dd-Version:
      - "35.4207470"
      X-Frame-Options:
      - SAMEORIGIN
      X-Ratelimit-Limit:
      - "1000"
      X-Ratelimit-Period:
      - "60"
      X-Ratelimit-Remaining:
      - "895"
      X-Ratelimit-Reset:
      - "33"
    status: 200 OK
    code: 200
    duration: ""
- request:
    body: |
      {"public_ids":["fqa-ib4-664"]}
    form: {}
    headers:
      Accept:
      - application/json
      Content-Type:
      - application/json
      Dd-Operation-Id:
      - DeleteTests
      User-Agent:
      - terraform-provider-datadog/dev (terraform 1.16.0; terraform-cli 0.12.7-sdk) datadog-api-client-go/1.0.0-beta.19+dev (go go1.15.3; os darwin; arch amd64)
    url: https://api.datadoghq.com/api/v1/synthetics/tests/delete
    method: POST
  response:
    body: '{"deleted_tests":[{"deleted_at":"2021-03-31T09:48:27.951970+00:00","public_id":"fqa-ib4-664"}]}'
    headers:
      Cache-Control:
      - no-cache
      Connection:
      - keep-alive
      Content-Security-Policy:
      - frame-ancestors 'self'; report-uri https://api.datadoghq.com/csp-report
      Content-Type:
      - application/json
      Date:
      - Wed, 31 Mar 2021 09:48:27 GMT
      Pragma:
      - no-cache
      Strict-Transport-Security:
      - max-age=15724800;
      Vary:
      - Accept-Encoding
      X-Content-Type-Options:
      - nosniff
      X-Dd-Debug:
      - mNzaoDhdDKO7t4QSrAe5X7pHd0bJND187D+vRbwoluXouE2m1UaQQX0RGCvRpLVE
      X-Dd-Version:
      - "35.4207470"
      X-Frame-Options:
      - SAMEORIGIN
      X-Ratelimit-Limit:
      - "120"
      X-Ratelimit-Period:
      - "60"
      X-Ratelimit-Remaining:
      - "111"
      X-Ratelimit-Reset:
      - "33"
    status: 200 OK
    code: 200
    duration: ""
- request:
    body: ""
    form: {}
    headers:
      Accept:
      - application/json
      Dd-Operation-Id:
      - GetTest
      User-Agent:
      - terraform-provider-datadog/dev (terraform 1.16.0; terraform-cli 0.12.7-sdk) datadog-api-client-go/1.0.0-beta.19+dev (go go1.15.3; os darwin; arch amd64)
    url: https://api.datadoghq.com/api/v1/synthetics/tests/fqa-ib4-664
    method: GET
  response:
    body: '{"errors": ["Synthetics test not found"]}'
    headers:
      Cache-Control:
      - no-cache
      Connection:
      - keep-alive
      Content-Security-Policy:
      - frame-ancestors 'self'; report-uri https://api.datadoghq.com/csp-report
      Content-Type:
      - application/json
      Date:
      - Wed, 31 Mar 2021 09:48:28 GMT
      Pragma:
      - no-cache
      Strict-Transport-Security:
      - max-age=15724800;
      Vary:
      - Accept-Encoding
      X-Content-Type-Options:
      - nosniff
      X-Dd-Version:
      - "35.4207470"
      X-Frame-Options:
      - SAMEORIGIN
      X-Ratelimit-Limit:
      - "1000"
      X-Ratelimit-Period:
      - "60"
      X-Ratelimit-Remaining:
      - "888"
      X-Ratelimit-Reset:
      - "32"
    status: 404 Not Found
    code: 404
    duration: ""
