---
version: 1
interactions:
- request:
    body: |
      {"custom_headers":"{\"test\":\"test\"}","encode_as":"json","name":"tf-TestAccDatadogWebhook_Basic-local-1631823865","url":"example.com"}
    form: {}
    headers:
      Accept:
      - application/json
      Content-Type:
      - application/json
      Dd-Operation-Id:
      - CreateWebhooksIntegration
      User-Agent:
      - terraform-provider-datadog/dev (terraform 2.7.0; terraform-cli 0.14.7) datadog-api-client-go/1.4.0 (go go1.17; os darwin; arch amd64)
    url: https://api.datadoghq.com/api/v1/integration/webhooks/configuration/webhooks
    method: POST
  response:
    body: '{"encode_as":"json","url":"example.com","custom_headers":"{\"test\":\"test\"}","name":"tf-TestAccDatadogWebhook_Basic-local-1631823865","payload":"{\"body\": \"$EVENT_MSG\", \"last_updated\": \"$LAST_UPDATED\", \"event_type\": \"$EVENT_TYPE\", \"title\": \"$EVENT_TITLE\", \"date\": \"$DATE\", \"org\": {\"id\": \"$ORG_ID\", \"name\": \"$ORG_NAME\"}, \"id\": \"$ID\"}"}'
    headers:
      Cache-Control:
      - no-cache
      Connection:
      - keep-alive
      Content-Length:
      - "369"
      Content-Security-Policy:
      - frame-ancestors 'self'; report-uri https://api.datadoghq.com/csp-report
      Content-Type:
      - application/json
      Date:
      - Thu, 16 Sep 2021 20:24:27 GMT
      Location:
      - https://app.datadoghq.com/api/v1/integration/webhooks/configuration/webhooks/tf-TestAccDatadogWebhook_Basic-local-1631823865
      Pragma:
      - no-cache
      X-Content-Type-Options:
      - nosniff
      X-Frame-Options:
      - SAMEORIGIN
    status: 201 Created
    code: 201
    duration: ""
- request:
    body: ""
    form: {}
    headers:
      Accept:
      - application/json
      Dd-Operation-Id:
      - GetWebhooksIntegration
      User-Agent:
      - terraform-provider-datadog/dev (terraform 2.7.0; terraform-cli 0.14.7) datadog-api-client-go/1.4.0 (go go1.17; os darwin; arch amd64)
    url: https://api.datadoghq.com/api/v1/integration/webhooks/configuration/webhooks/tf-TestAccDatadogWebhook_Basic-local-1631823865
    method: GET
  response:
    body: '{"encode_as":"json","url":"example.com","custom_headers":"{\"test\":\"test\"}","name":"tf-TestAccDatadogWebhook_Basic-local-1631823865","payload":"{\"body\": \"$EVENT_MSG\", \"last_updated\": \"$LAST_UPDATED\", \"event_type\": \"$EVENT_TYPE\", \"title\": \"$EVENT_TITLE\", \"date\": \"$DATE\", \"org\": {\"id\": \"$ORG_ID\", \"name\": \"$ORG_NAME\"}, \"id\": \"$ID\"}"}'
    headers:
      Cache-Control:
      - no-cache
      Connection:
      - keep-alive
      Content-Security-Policy:
      - frame-ancestors 'self'; report-uri https://api.datadoghq.com/csp-report
      Content-Type:
      - application/json
      Date:
      - Thu, 16 Sep 2021 20:24:27 GMT
      Pragma:
      - no-cache
      Vary:
      - Accept-Encoding
      X-Content-Type-Options:
      - nosniff
      X-Frame-Options:
      - SAMEORIGIN
    status: 200 OK
    code: 200
    duration: ""
- request:
    body: ""
    form: {}
    headers:
      Accept:
      - application/json
      Dd-Operation-Id:
      - GetWebhooksIntegration
      User-Agent:
      - terraform-provider-datadog/dev (terraform 2.7.0; terraform-cli 0.14.7) datadog-api-client-go/1.4.0 (go go1.17; os darwin; arch amd64)
    url: https://api.datadoghq.com/api/v1/integration/webhooks/configuration/webhooks/tf-TestAccDatadogWebhook_Basic-local-1631823865
    method: GET
  response:
    body: '{"encode_as":"json","url":"example.com","custom_headers":"{\"test\":\"test\"}","name":"tf-TestAccDatadogWebhook_Basic-local-1631823865","payload":"{\"body\": \"$EVENT_MSG\", \"last_updated\": \"$LAST_UPDATED\", \"event_type\": \"$EVENT_TYPE\", \"title\": \"$EVENT_TITLE\", \"date\": \"$DATE\", \"org\": {\"id\": \"$ORG_ID\", \"name\": \"$ORG_NAME\"}, \"id\": \"$ID\"}"}'
    headers:
      Cache-Control:
      - no-cache
      Connection:
      - keep-alive
      Content-Security-Policy:
      - frame-ancestors 'self'; report-uri https://api.datadoghq.com/csp-report
      Content-Type:
      - application/json
      Date:
      - Thu, 16 Sep 2021 20:24:27 GMT
      Pragma:
      - no-cache
      Vary:
      - Accept-Encoding
      X-Content-Type-Options:
      - nosniff
      X-Frame-Options:
      - SAMEORIGIN
    status: 200 OK
    code: 200
    duration: ""
- request:
    body: ""
    form: {}
    headers:
      Accept:
      - application/json
      Dd-Operation-Id:
      - GetWebhooksIntegration
      User-Agent:
      - terraform-provider-datadog/dev (terraform 2.7.0; terraform-cli 0.14.7) datadog-api-client-go/1.4.0 (go go1.17; os darwin; arch amd64)
    url: https://api.datadoghq.com/api/v1/integration/webhooks/configuration/webhooks/tf-TestAccDatadogWebhook_Basic-local-1631823865
    method: GET
  response:
    body: '{"encode_as":"json","url":"example.com","custom_headers":"{\"test\":\"test\"}","name":"tf-TestAccDatadogWebhook_Basic-local-1631823865","payload":"{\"body\": \"$EVENT_MSG\", \"last_updated\": \"$LAST_UPDATED\", \"event_type\": \"$EVENT_TYPE\", \"title\": \"$EVENT_TITLE\", \"date\": \"$DATE\", \"org\": {\"id\": \"$ORG_ID\", \"name\": \"$ORG_NAME\"}, \"id\": \"$ID\"}"}'
    headers:
      Cache-Control:
      - no-cache
      Connection:
      - keep-alive
      Content-Security-Policy:
      - frame-ancestors 'self'; report-uri https://api.datadoghq.com/csp-report
      Content-Type:
      - application/json
      Date:
      - Thu, 16 Sep 2021 20:24:28 GMT
      Pragma:
      - no-cache
      Vary:
      - Accept-Encoding
      X-Content-Type-Options:
      - nosniff
      X-Frame-Options:
      - SAMEORIGIN
    status: 200 OK
    code: 200
    duration: ""
- request:
    body: |
      {"custom_headers":"{\"test\":\"test-updated\"}","encode_as":"json","name":"tf-TestAccDatadogWebhook_Basic-local-1631823865UPDATED","payload":"{\"custom\":\"payload\"}","url":"example.com/updated"}
    form: {}
    headers:
      Accept:
      - application/json
      Content-Type:
      - application/json
      Dd-Operation-Id:
      - UpdateWebhooksIntegration
      User-Agent:
      - terraform-provider-datadog/dev (terraform 2.7.0; terraform-cli 0.14.7) datadog-api-client-go/1.4.0 (go go1.17; os darwin; arch amd64)
    url: https://api.datadoghq.com/api/v1/integration/webhooks/configuration/webhooks/tf-TestAccDatadogWebhook_Basic-local-1631823865
    method: PUT
  response:
    body: '{"encode_as":"json","url":"example.com/updated","custom_headers":"{\"test\":\"test-updated\"}","name":"tf-TestAccDatadogWebhook_Basic-local-1631823865UPDATED","payload":"{\"custom\":\"payload\"}"}'
    headers:
      Cache-Control:
      - no-cache
      Connection:
      - keep-alive
      Content-Security-Policy:
      - frame-ancestors 'self'; report-uri https://api.datadoghq.com/csp-report
      Content-Type:
      - application/json
      Date:
      - Thu, 16 Sep 2021 20:24:28 GMT
      Pragma:
      - no-cache
      Vary:
      - Accept-Encoding
      X-Content-Type-Options:
      - nosniff
      X-Frame-Options:
      - SAMEORIGIN
    status: 200 OK
    code: 200
    duration: ""
- request:
    body: ""
    form: {}
    headers:
      Accept:
      - application/json
      Dd-Operation-Id:
      - GetWebhooksIntegration
      User-Agent:
      - terraform-provider-datadog/dev (terraform 2.7.0; terraform-cli 0.14.7) datadog-api-client-go/1.4.0 (go go1.17; os darwin; arch amd64)
    url: https://api.datadoghq.com/api/v1/integration/webhooks/configuration/webhooks/tf-TestAccDatadogWebhook_Basic-local-1631823865UPDATED
    method: GET
  response:
    body: '{"encode_as":"json","url":"example.com/updated","custom_headers":"{\"test\":\"test-updated\"}","name":"tf-TestAccDatadogWebhook_Basic-local-1631823865UPDATED","payload":"{\"custom\":\"payload\"}"}'
    headers:
      Cache-Control:
      - no-cache
      Connection:
      - keep-alive
      Content-Security-Policy:
      - frame-ancestors 'self'; report-uri https://api.datadoghq.com/csp-report
      Content-Type:
      - application/json
      Date:
      - Thu, 16 Sep 2021 20:24:29 GMT
      Pragma:
      - no-cache
      Vary:
      - Accept-Encoding
      X-Content-Type-Options:
      - nosniff
      X-Frame-Options:
      - SAMEORIGIN
    status: 200 OK
    code: 200
    duration: ""
- request:
    body: ""
    form: {}
    headers:
      Accept:
      - application/json
      Dd-Operation-Id:
      - GetWebhooksIntegration
      User-Agent:
      - terraform-provider-datadog/dev (terraform 2.7.0; terraform-cli 0.14.7) datadog-api-client-go/1.4.0 (go go1.17; os darwin; arch amd64)
    url: https://api.datadoghq.com/api/v1/integration/webhooks/configuration/webhooks/tf-TestAccDatadogWebhook_Basic-local-1631823865UPDATED
    method: GET
  response:
    body: '{"encode_as":"json","url":"example.com/updated","custom_headers":"{\"test\":\"test-updated\"}","name":"tf-TestAccDatadogWebhook_Basic-local-1631823865UPDATED","payload":"{\"custom\":\"payload\"}"}'
    headers:
      Cache-Control:
      - no-cache
      Connection:
      - keep-alive
      Content-Security-Policy:
      - frame-ancestors 'self'; report-uri https://api.datadoghq.com/csp-report
      Content-Type:
      - application/json
      Date:
      - Thu, 16 Sep 2021 20:24:29 GMT
      Pragma:
      - no-cache
      Vary:
      - Accept-Encoding
      X-Content-Type-Options:
      - nosniff
      X-Frame-Options:
      - SAMEORIGIN
    status: 200 OK
    code: 200
    duration: ""
- request:
    body: ""
    form: {}
    headers:
      Accept:
      - application/json
      Dd-Operation-Id:
      - DeleteWebhooksIntegration
      User-Agent:
      - terraform-provider-datadog/dev (terraform 2.7.0; terraform-cli 0.14.7) datadog-api-client-go/1.4.0 (go go1.17; os darwin; arch amd64)
    url: https://api.datadoghq.com/api/v1/integration/webhooks/configuration/webhooks/tf-TestAccDatadogWebhook_Basic-local-1631823865UPDATED
    method: DELETE
  response:
    body: '{}'
    headers:
      Cache-Control:
      - no-cache
      Connection:
      - keep-alive
      Content-Length:
      - "2"
      Content-Security-Policy:
      - frame-ancestors 'self'; report-uri https://api.datadoghq.com/csp-report
      Content-Type:
      - application/json
      Date:
      - Thu, 16 Sep 2021 20:24:30 GMT
      Pragma:
      - no-cache
      X-Content-Type-Options:
      - nosniff
      X-Frame-Options:
      - SAMEORIGIN
    status: 200 OK
    code: 200
    duration: ""
- request:
    body: ""
    form: {}
    headers:
      Accept:
      - application/json
      Dd-Operation-Id:
      - GetWebhooksIntegration
      User-Agent:
      - terraform-provider-datadog/dev (terraform 2.7.0; terraform-cli 0.14.7) datadog-api-client-go/1.4.0 (go go1.17; os darwin; arch amd64)
    url: https://api.datadoghq.com/api/v1/integration/webhooks/configuration/webhooks/tf-TestAccDatadogWebhook_Basic-local-1631823865UPDATED
    method: GET
  response:
    body: '{"errors": ["Webhook does not exist"]}'
    headers:
      Cache-Control:
      - no-cache
      Connection:
      - keep-alive
      Content-Length:
      - "38"
      Content-Security-Policy:
      - frame-ancestors 'self'; report-uri https://api.datadoghq.com/csp-report
      Content-Type:
      - application/json
      Date:
      - Thu, 16 Sep 2021 20:24:30 GMT
      Pragma:
      - no-cache
      X-Content-Type-Options:
      - nosniff
      X-Frame-Options:
      - SAMEORIGIN
    status: 400 Bad Request
    code: 400
    duration: ""
