---
version: 1
interactions:
- request:
    body: |
      {"config":{"assertions":[],"request":{"body":"this is a body","headers":{"Accept":"application/json","X-Datadog-Trace-ID":"123456789"},"method":"GET","timeout":30,"url":"https://www.datadoghq.com"},"variables":[{"example":"597","name":"MY_PATTERN_VAR","pattern":"{{numeric(3)}}","type":"text"}]},"locations":["aws:eu-central-1"],"message":"Notify @datadog.user","name":"tf-TestAccDatadogSyntheticsBrowserTest_Updated-local-1616571222","options":{"device_ids":["laptop_large","mobile_small"],"min_location_failed":1,"monitor_options":{"renotify_interval":100},"retry":{"count":2,"interval":300},"tick_every":900},"status":"paused","steps":[{"allowFailure":false,"name":"first step","params":{"check":"contains","value":"content"},"timeout":0,"type":"assertCurrentUrl"}],"tags":["foo:bar","baz"],"type":"browser"}
    form: {}
    headers:
      Accept:
      - application/json
      Content-Type:
      - application/json
      Dd-Operation-Id:
      - CreateSyntheticsBrowserTest
      User-Agent:
      - terraform-provider-datadog/dev (terraform 1.16.0; terraform-cli ) datadog-api-client-go/1.0.0-beta.19+dev (go go1.15.3; os darwin; arch amd64)
    url: https://app.datadoghq.com/api/v1/synthetics/tests/browser
    method: POST
  response:
    body: '{"status":"paused","public_id":"daf-efr-492","tags":["foo:bar","baz"],"org_id":321813,"locations":["aws:eu-central-1"],"message":"Notify @datadog.user","deleted_at":null,"name":"tf-TestAccDatadogSyntheticsBrowserTest_Updated-local-1616571222","monitor_id":32720506,"type":"browser","created_at":"2021-03-24T07:33:43.118214+00:00","modified_at":"2021-03-24T07:33:43.118214+00:00","steps":[{"name":"first step","allowFailure":false,"params":{"check":"contains","value":"content"},"timeout":0,"type":"assertCurrentUrl"}],"config":{"variables":[{"pattern":"{{numeric(3)}}","type":"text","example":"597","name":"MY_PATTERN_VAR"}],"request":{"body":"this is a body","headers":{"Accept":"application/json","X-Datadog-Trace-ID":"123456789"},"url":"https://www.datadoghq.com","timeout":30,"method":"GET"},"assertions":[]},"options":{"retry":{"count":2,"interval":300},"monitor_options":{"notify_audit":false,"locked":false,"include_tags":true,"new_host_delay":300,"notify_no_data":false,"renotify_interval":100},"device_ids":["laptop_large","mobile_small"],"min_location_failed":1,"tick_every":900}}'
    headers:
      Cache-Control:
      - no-cache
      Content-Security-Policy:
      - frame-ancestors 'self'; report-uri https://api.datadoghq.com/csp-report
      Content-Type:
      - application/json
      Date:
      - Wed, 24 Mar 2021 07:33:43 GMT
      Pragma:
      - no-cache
      Strict-Transport-Security:
      - max-age=15724800;
      Vary:
      - Accept-Encoding
      X-Content-Type-Options:
      - nosniff
      X-Dd-Debug:
      - F5gm0Rce1/Abr9/0Fw8HAqWfiz0FdiH8er/AXnN6lOn3L6KyGgbsLCwgPlob1No8
      X-Dd-Version:
      - "35.4160940"
      X-Frame-Options:
      - SAMEORIGIN
      X-Ratelimit-Limit:
      - "120"
      X-Ratelimit-Period:
      - "60"
      X-Ratelimit-Remaining:
      - "110"
      X-Ratelimit-Reset:
      - "18"
    status: 200 OK
    code: 200
    duration: ""
- request:
    body: ""
    form: {}
    headers:
      Accept:
      - application/json
      Dd-Operation-Id:
      - GetTest
      User-Agent:
      - terraform-provider-datadog/dev (terraform 1.16.0; terraform-cli ) datadog-api-client-go/1.0.0-beta.19+dev (go go1.15.3; os darwin; arch amd64)
    url: https://app.datadoghq.com/api/v1/synthetics/tests/daf-efr-492
    method: GET
  response:
    body: '{"status":"paused","public_id":"daf-efr-492","tags":["foo:bar","baz"],"locations":["aws:eu-central-1"],"message":"Notify @datadog.user","name":"tf-TestAccDatadogSyntheticsBrowserTest_Updated-local-1616571222","monitor_id":32720506,"type":"browser","config":{"variables":[{"pattern":"{{numeric(3)}}","type":"text","example":"597","name":"MY_PATTERN_VAR"}],"request":{"body":"this is a body","headers":{"Accept":"application/json","X-Datadog-Trace-ID":"123456789"},"url":"https://www.datadoghq.com","timeout":30,"method":"GET"},"assertions":[]},"options":{"retry":{"count":2,"interval":300},"monitor_options":{"notify_audit":false,"locked":false,"include_tags":true,"new_host_delay":300,"notify_no_data":false,"renotify_interval":100},"device_ids":["laptop_large","mobile_small"],"min_location_failed":1,"tick_every":900}}'
    headers:
      Cache-Control:
      - no-cache
      Content-Security-Policy:
      - frame-ancestors 'self'; report-uri https://api.datadoghq.com/csp-report
      Content-Type:
      - application/json
      Date:
      - Wed, 24 Mar 2021 07:33:43 GMT
      Pragma:
      - no-cache
      Strict-Transport-Security:
      - max-age=15724800;
      Vary:
      - Accept-Encoding
      X-Content-Type-Options:
      - nosniff
      X-Dd-Debug:
      - l4HFlaRP3QwYSqoGKhzbYfv7zgkK63HIRR7YkyVYZspq0lGjjTBwoK8V/alf+XYt
      X-Dd-Version:
      - "35.4160940"
      X-Frame-Options:
      - SAMEORIGIN
      X-Ratelimit-Limit:
      - "1000"
      X-Ratelimit-Period:
      - "60"
      X-Ratelimit-Remaining:
      - "932"
      X-Ratelimit-Reset:
      - "17"
    status: 200 OK
    code: 200
    duration: ""
- request:
    body: ""
    form: {}
    headers:
      Accept:
      - application/json
      Dd-Operation-Id:
      - GetBrowserTest
      User-Agent:
      - terraform-provider-datadog/dev (terraform 1.16.0; terraform-cli ) datadog-api-client-go/1.0.0-beta.19+dev (go go1.15.3; os darwin; arch amd64)
    url: https://app.datadoghq.com/api/v1/synthetics/tests/browser/daf-efr-492
    method: GET
  response:
    body: '{"status":"paused","public_id":"daf-efr-492","tags":["foo:bar","baz"],"locations":["aws:eu-central-1"],"message":"Notify @datadog.user","name":"tf-TestAccDatadogSyntheticsBrowserTest_Updated-local-1616571222","monitor_id":32720506,"type":"browser","steps":[{"name":"first step","allowFailure":false,"params":{"check":"contains","value":"content"},"timeout":0,"type":"assertCurrentUrl"}],"config":{"variables":[{"pattern":"{{numeric(3)}}","type":"text","example":"597","name":"MY_PATTERN_VAR"}],"request":{"body":"this is a body","headers":{"Accept":"application/json","X-Datadog-Trace-ID":"123456789"},"url":"https://www.datadoghq.com","timeout":30,"method":"GET"},"assertions":[]},"options":{"retry":{"count":2,"interval":300},"monitor_options":{"notify_audit":false,"locked":false,"include_tags":true,"new_host_delay":300,"notify_no_data":false,"renotify_interval":100},"device_ids":["laptop_large","mobile_small"],"min_location_failed":1,"tick_every":900}}'
    headers:
      Cache-Control:
      - no-cache
      Content-Security-Policy:
      - frame-ancestors 'self'; report-uri https://api.datadoghq.com/csp-report
      Content-Type:
      - application/json
      Date:
      - Wed, 24 Mar 2021 07:33:43 GMT
      Pragma:
      - no-cache
      Strict-Transport-Security:
      - max-age=15724800;
      Vary:
      - Accept-Encoding
      X-Content-Type-Options:
      - nosniff
      X-Dd-Debug:
      - Um4CoU685QqAscnxhS5BD+goWu2yX1Jd4zCfGzSsEvPPIm1qURZaF8dlLl/OEY4I
      X-Dd-Version:
      - "35.4160940"
      X-Frame-Options:
      - SAMEORIGIN
      X-Ratelimit-Limit:
      - "1000"
      X-Ratelimit-Period:
      - "60"
      X-Ratelimit-Remaining:
      - "926"
      X-Ratelimit-Reset:
      - "17"
    status: 200 OK
    code: 200
    duration: ""
- request:
    body: ""
    form: {}
    headers:
      Accept:
      - application/json
      Dd-Operation-Id:
      - GetTest
      User-Agent:
      - terraform-provider-datadog/dev (terraform 1.16.0; terraform-cli ) datadog-api-client-go/1.0.0-beta.19+dev (go go1.15.3; os darwin; arch amd64)
    url: https://app.datadoghq.com/api/v1/synthetics/tests/daf-efr-492
    method: GET
  response:
    body: '{"status":"paused","public_id":"daf-efr-492","tags":["foo:bar","baz"],"locations":["aws:eu-central-1"],"message":"Notify @datadog.user","name":"tf-TestAccDatadogSyntheticsBrowserTest_Updated-local-1616571222","monitor_id":32720506,"type":"browser","config":{"variables":[{"pattern":"{{numeric(3)}}","type":"text","example":"597","name":"MY_PATTERN_VAR"}],"request":{"body":"this is a body","headers":{"Accept":"application/json","X-Datadog-Trace-ID":"123456789"},"url":"https://www.datadoghq.com","timeout":30,"method":"GET"},"assertions":[]},"options":{"retry":{"count":2,"interval":300},"monitor_options":{"notify_audit":false,"locked":false,"include_tags":true,"new_host_delay":300,"notify_no_data":false,"renotify_interval":100},"device_ids":["laptop_large","mobile_small"],"min_location_failed":1,"tick_every":900}}'
    headers:
      Cache-Control:
      - no-cache
      Content-Security-Policy:
      - frame-ancestors 'self'; report-uri https://api.datadoghq.com/csp-report
      Content-Type:
      - application/json
      Date:
      - Wed, 24 Mar 2021 07:33:43 GMT
      Pragma:
      - no-cache
      Strict-Transport-Security:
      - max-age=15724800;
      Vary:
      - Accept-Encoding
      X-Content-Type-Options:
      - nosniff
      X-Dd-Debug:
      - tpRCH6w417YjBovRJ8VmtuXmNONVYiRp2c8d2AxjPdGBn8PCtgG4vAztrx3qUZAN
      X-Dd-Version:
      - "35.4160940"
      X-Frame-Options:
      - SAMEORIGIN
      X-Ratelimit-Limit:
      - "1000"
      X-Ratelimit-Period:
      - "60"
      X-Ratelimit-Remaining:
      - "922"
      X-Ratelimit-Reset:
      - "17"
    status: 200 OK
    code: 200
    duration: ""
- request:
    body: ""
    form: {}
    headers:
      Accept:
      - application/json
      Dd-Operation-Id:
      - GetTest
      User-Agent:
      - terraform-provider-datadog/dev (terraform 1.16.0; terraform-cli 0.12.7-sdk) datadog-api-client-go/1.0.0-beta.19+dev (go go1.15.3; os darwin; arch amd64)
    url: https://app.datadoghq.com/api/v1/synthetics/tests/daf-efr-492
    method: GET
  response:
    body: '{"status":"paused","public_id":"daf-efr-492","tags":["foo:bar","baz"],"locations":["aws:eu-central-1"],"message":"Notify @datadog.user","name":"tf-TestAccDatadogSyntheticsBrowserTest_Updated-local-1616571222","monitor_id":32720506,"type":"browser","config":{"variables":[{"pattern":"{{numeric(3)}}","type":"text","example":"597","name":"MY_PATTERN_VAR"}],"request":{"body":"this is a body","headers":{"Accept":"application/json","X-Datadog-Trace-ID":"123456789"},"url":"https://www.datadoghq.com","timeout":30,"method":"GET"},"assertions":[]},"options":{"retry":{"count":2,"interval":300},"monitor_options":{"notify_audit":false,"locked":false,"include_tags":true,"new_host_delay":300,"notify_no_data":false,"renotify_interval":100},"device_ids":["laptop_large","mobile_small"],"min_location_failed":1,"tick_every":900}}'
    headers:
      Cache-Control:
      - no-cache
      Content-Security-Policy:
      - frame-ancestors 'self'; report-uri https://api.datadoghq.com/csp-report
      Content-Type:
      - application/json
      Date:
      - Wed, 24 Mar 2021 07:33:43 GMT
      Pragma:
      - no-cache
      Strict-Transport-Security:
      - max-age=15724800;
      Vary:
      - Accept-Encoding
      X-Content-Type-Options:
      - nosniff
      X-Dd-Debug:
      - gYZcaADwbKcv7Hm19HJx6WsLoKuOijDWAt2viPeCfWqUgyKY+9e1xZdmMJeXV3YV
      X-Dd-Version:
      - "35.4160940"
      X-Frame-Options:
      - SAMEORIGIN
      X-Ratelimit-Limit:
      - "1000"
      X-Ratelimit-Period:
      - "60"
      X-Ratelimit-Remaining:
      - "916"
      X-Ratelimit-Reset:
      - "17"
    status: 200 OK
    code: 200
    duration: ""
- request:
    body: ""
    form: {}
    headers:
      Accept:
      - application/json
      Dd-Operation-Id:
      - GetBrowserTest
      User-Agent:
      - terraform-provider-datadog/dev (terraform 1.16.0; terraform-cli 0.12.7-sdk) datadog-api-client-go/1.0.0-beta.19+dev (go go1.15.3; os darwin; arch amd64)
    url: https://app.datadoghq.com/api/v1/synthetics/tests/browser/daf-efr-492
    method: GET
  response:
    body: '{"status":"paused","public_id":"daf-efr-492","tags":["foo:bar","baz"],"locations":["aws:eu-central-1"],"message":"Notify @datadog.user","name":"tf-TestAccDatadogSyntheticsBrowserTest_Updated-local-1616571222","monitor_id":32720506,"type":"browser","steps":[{"name":"first step","allowFailure":false,"params":{"check":"contains","value":"content"},"timeout":0,"type":"assertCurrentUrl"}],"config":{"variables":[{"pattern":"{{numeric(3)}}","type":"text","example":"597","name":"MY_PATTERN_VAR"}],"request":{"body":"this is a body","headers":{"Accept":"application/json","X-Datadog-Trace-ID":"123456789"},"url":"https://www.datadoghq.com","timeout":30,"method":"GET"},"assertions":[]},"options":{"retry":{"count":2,"interval":300},"monitor_options":{"notify_audit":false,"locked":false,"include_tags":true,"new_host_delay":300,"notify_no_data":false,"renotify_interval":100},"device_ids":["laptop_large","mobile_small"],"min_location_failed":1,"tick_every":900}}'
    headers:
      Cache-Control:
      - no-cache
      Content-Security-Policy:
      - frame-ancestors 'self'; report-uri https://api.datadoghq.com/csp-report
      Content-Type:
      - application/json
      Date:
      - Wed, 24 Mar 2021 07:33:44 GMT
      Pragma:
      - no-cache
      Strict-Transport-Security:
      - max-age=15724800;
      Vary:
      - Accept-Encoding
      X-Content-Type-Options:
      - nosniff
      X-Dd-Debug:
      - vdJ3/nHEY1ioXQ6pQrBVvsQK1s4yyc+wufBMPSoXql71qZVuP/xMdtNo6DafhOAk
      X-Dd-Version:
      - "35.4160940"
      X-Frame-Options:
      - SAMEORIGIN
      X-Ratelimit-Limit:
      - "1000"
      X-Ratelimit-Period:
      - "60"
      X-Ratelimit-Remaining:
      - "912"
      X-Ratelimit-Reset:
      - "17"
    status: 200 OK
    code: 200
    duration: ""
- request:
    body: ""
    form: {}
    headers:
      Accept:
      - application/json
      Dd-Operation-Id:
      - GetTest
      User-Agent:
      - terraform-provider-datadog/dev (terraform 1.16.0; terraform-cli 0.12.7-sdk) datadog-api-client-go/1.0.0-beta.19+dev (go go1.15.3; os darwin; arch amd64)
    url: https://app.datadoghq.com/api/v1/synthetics/tests/daf-efr-492
    method: GET
  response:
    body: '{"status":"paused","public_id":"daf-efr-492","tags":["foo:bar","baz"],"locations":["aws:eu-central-1"],"message":"Notify @datadog.user","name":"tf-TestAccDatadogSyntheticsBrowserTest_Updated-local-1616571222","monitor_id":32720506,"type":"browser","config":{"variables":[{"pattern":"{{numeric(3)}}","type":"text","example":"597","name":"MY_PATTERN_VAR"}],"request":{"body":"this is a body","headers":{"Accept":"application/json","X-Datadog-Trace-ID":"123456789"},"url":"https://www.datadoghq.com","timeout":30,"method":"GET"},"assertions":[]},"options":{"retry":{"count":2,"interval":300},"monitor_options":{"notify_audit":false,"locked":false,"include_tags":true,"new_host_delay":300,"notify_no_data":false,"renotify_interval":100},"device_ids":["laptop_large","mobile_small"],"min_location_failed":1,"tick_every":900}}'
    headers:
      Cache-Control:
      - no-cache
      Content-Security-Policy:
      - frame-ancestors 'self'; report-uri https://api.datadoghq.com/csp-report
      Content-Type:
      - application/json
      Date:
      - Wed, 24 Mar 2021 07:33:44 GMT
      Pragma:
      - no-cache
      Strict-Transport-Security:
      - max-age=15724800;
      Vary:
      - Accept-Encoding
      X-Content-Type-Options:
      - nosniff
      X-Dd-Debug:
      - mNzaoDhdDKO7t4QSrAe5X7pHd0bJND187D+vRbwoluXouE2m1UaQQX0RGCvRpLVE
      X-Dd-Version:
      - "35.4160940"
      X-Frame-Options:
      - SAMEORIGIN
      X-Ratelimit-Limit:
      - "1000"
      X-Ratelimit-Period:
      - "60"
      X-Ratelimit-Remaining:
      - "907"
      X-Ratelimit-Reset:
      - "16"
    status: 200 OK
    code: 200
    duration: ""
- request:
    body: ""
    form: {}
    headers:
      Accept:
      - application/json
      Dd-Operation-Id:
      - GetBrowserTest
      User-Agent:
      - terraform-provider-datadog/dev (terraform 1.16.0; terraform-cli 0.12.7-sdk) datadog-api-client-go/1.0.0-beta.19+dev (go go1.15.3; os darwin; arch amd64)
    url: https://app.datadoghq.com/api/v1/synthetics/tests/browser/daf-efr-492
    method: GET
  response:
    body: '{"status":"paused","public_id":"daf-efr-492","tags":["foo:bar","baz"],"locations":["aws:eu-central-1"],"message":"Notify @datadog.user","name":"tf-TestAccDatadogSyntheticsBrowserTest_Updated-local-1616571222","monitor_id":32720506,"type":"browser","steps":[{"name":"first step","allowFailure":false,"params":{"check":"contains","value":"content"},"timeout":0,"type":"assertCurrentUrl"}],"config":{"variables":[{"pattern":"{{numeric(3)}}","type":"text","example":"597","name":"MY_PATTERN_VAR"}],"request":{"body":"this is a body","headers":{"Accept":"application/json","X-Datadog-Trace-ID":"123456789"},"url":"https://www.datadoghq.com","timeout":30,"method":"GET"},"assertions":[]},"options":{"retry":{"count":2,"interval":300},"monitor_options":{"notify_audit":false,"locked":false,"include_tags":true,"new_host_delay":300,"notify_no_data":false,"renotify_interval":100},"device_ids":["laptop_large","mobile_small"],"min_location_failed":1,"tick_every":900}}'
    headers:
      Cache-Control:
      - no-cache
      Content-Security-Policy:
      - frame-ancestors 'self'; report-uri https://api.datadoghq.com/csp-report
      Content-Type:
      - application/json
      Date:
      - Wed, 24 Mar 2021 07:33:44 GMT
      Pragma:
      - no-cache
      Strict-Transport-Security:
      - max-age=15724800;
      Vary:
      - Accept-Encoding
      X-Content-Type-Options:
      - nosniff
      X-Dd-Debug:
      - F5gm0Rce1/Abr9/0Fw8HAqWfiz0FdiH8er/AXnN6lOn3L6KyGgbsLCwgPlob1No8
      X-Dd-Version:
      - "35.4160940"
      X-Frame-Options:
      - SAMEORIGIN
      X-Ratelimit-Limit:
      - "1000"
      X-Ratelimit-Period:
      - "60"
      X-Ratelimit-Remaining:
      - "901"
      X-Ratelimit-Reset:
      - "16"
    status: 200 OK
    code: 200
    duration: ""
- request:
    body: |
      {"config":{"assertions":[],"request":{"body":"this is an updated body","headers":{"Accept":"application/xml","X-Datadog-Trace-ID":"987654321"},"method":"PUT","timeout":60,"url":"https://docs.datadoghq.com"},"variables":[{"example":"5970","name":"MY_PATTERN_VAR","pattern":"{{numeric(4)}}","type":"text"}]},"locations":["aws:eu-central-1"],"message":"Notify @pagerduty","name":"tf-TestAccDatadogSyntheticsBrowserTest_Updated-local-1616571222-updated","options":{"device_ids":["laptop_large","tablet"],"min_failure_duration":10,"min_location_failed":1,"monitor_options":{"renotify_interval":120},"retry":{"count":3,"interval":500},"tick_every":1800},"status":"live","steps":[{"allowFailure":false,"name":"first step updated","params":{"check":"contains","value":"content"},"timeout":0,"type":"assertCurrentUrl"},{"allowFailure":false,"name":"press key step","params":{"value":"1"},"timeout":0,"type":"pressKey"}],"tags":["foo:bar","buz"],"type":"browser"}
    form: {}
    headers:
      Accept:
      - application/json
      Content-Type:
      - application/json
      Dd-Operation-Id:
      - UpdateBrowserTest
      User-Agent:
      - terraform-provider-datadog/dev (terraform 1.16.0; terraform-cli 0.12.7-sdk) datadog-api-client-go/1.0.0-beta.19+dev (go go1.15.3; os darwin; arch amd64)
    url: https://app.datadoghq.com/api/v1/synthetics/tests/browser/daf-efr-492
    method: PUT
  response:
    body: '{"status":"live","public_id":"daf-efr-492","tags":["foo:bar","buz"],"org_id":321813,"locations":["aws:eu-central-1"],"message":"Notify @pagerduty","deleted_at":null,"name":"tf-TestAccDatadogSyntheticsBrowserTest_Updated-local-1616571222-updated","monitor_id":32720506,"type":"browser","created_at":"2021-03-24T07:33:43.118214+00:00","modified_at":"2021-03-24T07:33:44.936262+00:00","steps":[{"name":"first step updated","allowFailure":false,"params":{"check":"contains","value":"content"},"timeout":0,"type":"assertCurrentUrl"},{"name":"press key step","allowFailure":false,"params":{"value":"1"},"timeout":0,"type":"pressKey"}],"config":{"variables":[{"pattern":"{{numeric(4)}}","type":"text","example":"5970","name":"MY_PATTERN_VAR"}],"request":{"body":"this is an updated body","headers":{"Accept":"application/xml","X-Datadog-Trace-ID":"987654321"},"url":"https://docs.datadoghq.com","timeout":60,"method":"PUT"},"assertions":[]},"options":{"retry":{"count":3,"interval":500},"min_location_failed":1,"min_failure_duration":10,"tick_every":1800,"device_ids":["laptop_large","tablet"],"monitor_options":{"notify_audit":false,"locked":false,"include_tags":true,"new_host_delay":300,"notify_no_data":false,"renotify_interval":120}}}'
    headers:
      Cache-Control:
      - no-cache
      Content-Security-Policy:
      - frame-ancestors 'self'; report-uri https://api.datadoghq.com/csp-report
      Content-Type:
      - application/json
      Date:
      - Wed, 24 Mar 2021 07:33:45 GMT
      Pragma:
      - no-cache
      Strict-Transport-Security:
      - max-age=15724800;
      Vary:
      - Accept-Encoding
      X-Content-Type-Options:
      - nosniff
      X-Dd-Debug:
      - gYZcaADwbKcv7Hm19HJx6WsLoKuOijDWAt2viPeCfWqUgyKY+9e1xZdmMJeXV3YV
      X-Dd-Version:
      - "35.4160940"
      X-Frame-Options:
      - SAMEORIGIN
      X-Ratelimit-Limit:
      - "500"
      X-Ratelimit-Period:
      - "60"
      X-Ratelimit-Remaining:
      - "496"
      X-Ratelimit-Reset:
      - "16"
    status: 200 OK
    code: 200
    duration: ""
- request:
    body: ""
    form: {}
    headers:
      Accept:
      - application/json
      Dd-Operation-Id:
      - GetTest
      User-Agent:
      - terraform-provider-datadog/dev (terraform 1.16.0; terraform-cli 0.12.7-sdk) datadog-api-client-go/1.0.0-beta.19+dev (go go1.15.3; os darwin; arch amd64)
    url: https://app.datadoghq.com/api/v1/synthetics/tests/daf-efr-492
    method: GET
  response:
    body: '{"status":"live","public_id":"daf-efr-492","tags":["foo:bar","buz"],"locations":["aws:eu-central-1"],"message":"Notify @pagerduty","name":"tf-TestAccDatadogSyntheticsBrowserTest_Updated-local-1616571222-updated","monitor_id":32720506,"type":"browser","config":{"variables":[{"pattern":"{{numeric(4)}}","type":"text","example":"5970","name":"MY_PATTERN_VAR"}],"request":{"body":"this is an updated body","headers":{"Accept":"application/xml","X-Datadog-Trace-ID":"987654321"},"url":"https://docs.datadoghq.com","timeout":60,"method":"PUT"},"assertions":[]},"options":{"retry":{"count":3,"interval":500},"min_location_failed":1,"min_failure_duration":10,"tick_every":1800,"device_ids":["laptop_large","tablet"],"monitor_options":{"renotify_interval":120}}}'
    headers:
      Cache-Control:
      - no-cache
      Content-Security-Policy:
      - frame-ancestors 'self'; report-uri https://api.datadoghq.com/csp-report
      Content-Type:
      - application/json
      Date:
      - Wed, 24 Mar 2021 07:33:45 GMT
      Pragma:
      - no-cache
      Strict-Transport-Security:
      - max-age=15724800;
      Vary:
      - Accept-Encoding
      X-Content-Type-Options:
      - nosniff
      X-Dd-Debug:
      - l8RQo2maZqJf6GFThBbKNE6dvthz6njusVtau3dPXJWL2RLFoN81H+BLPB/1xgs1
      X-Dd-Version:
      - "35.4160940"
      X-Frame-Options:
      - SAMEORIGIN
      X-Ratelimit-Limit:
      - "1000"
      X-Ratelimit-Period:
      - "60"
      X-Ratelimit-Remaining:
      - "884"
      X-Ratelimit-Reset:
      - "15"
    status: 200 OK
    code: 200
    duration: ""
- request:
    body: ""
    form: {}
    headers:
      Accept:
      - application/json
      Dd-Operation-Id:
      - GetBrowserTest
      User-Agent:
      - terraform-provider-datadog/dev (terraform 1.16.0; terraform-cli 0.12.7-sdk) datadog-api-client-go/1.0.0-beta.19+dev (go go1.15.3; os darwin; arch amd64)
    url: https://app.datadoghq.com/api/v1/synthetics/tests/browser/daf-efr-492
    method: GET
  response:
    body: '{"status":"live","public_id":"daf-efr-492","tags":["foo:bar","buz"],"locations":["aws:eu-central-1"],"message":"Notify @pagerduty","name":"tf-TestAccDatadogSyntheticsBrowserTest_Updated-local-1616571222-updated","monitor_id":32720506,"type":"browser","steps":[{"name":"first step updated","allowFailure":false,"params":{"check":"contains","value":"content"},"timeout":0,"type":"assertCurrentUrl"},{"name":"press key step","allowFailure":false,"params":{"value":"1"},"timeout":0,"type":"pressKey"}],"config":{"variables":[{"pattern":"{{numeric(4)}}","type":"text","example":"5970","name":"MY_PATTERN_VAR"}],"request":{"body":"this is an updated body","headers":{"Accept":"application/xml","X-Datadog-Trace-ID":"987654321"},"url":"https://docs.datadoghq.com","timeout":60,"method":"PUT"},"assertions":[]},"options":{"retry":{"count":3,"interval":500},"min_location_failed":1,"min_failure_duration":10,"tick_every":1800,"device_ids":["laptop_large","tablet"],"monitor_options":{"renotify_interval":120}}}'
    headers:
      Cache-Control:
      - no-cache
      Content-Security-Policy:
      - frame-ancestors 'self'; report-uri https://api.datadoghq.com/csp-report
      Content-Type:
      - application/json
      Date:
      - Wed, 24 Mar 2021 07:33:45 GMT
      Pragma:
      - no-cache
      Strict-Transport-Security:
      - max-age=15724800;
      Vary:
      - Accept-Encoding
      X-Content-Type-Options:
      - nosniff
      X-Dd-Debug:
      - Um4CoU685QqAscnxhS5BD+goWu2yX1Jd4zCfGzSsEvPPIm1qURZaF8dlLl/OEY4I
      X-Dd-Version:
      - "35.4160940"
      X-Frame-Options:
      - SAMEORIGIN
      X-Ratelimit-Limit:
      - "1000"
      X-Ratelimit-Period:
      - "60"
      X-Ratelimit-Remaining:
      - "878"
      X-Ratelimit-Reset:
      - "15"
    status: 200 OK
    code: 200
    duration: ""
- request:
    body: ""
    form: {}
    headers:
      Accept:
      - application/json
      Dd-Operation-Id:
      - GetTest
      User-Agent:
      - terraform-provider-datadog/dev (terraform 1.16.0; terraform-cli 0.12.7-sdk) datadog-api-client-go/1.0.0-beta.19+dev (go go1.15.3; os darwin; arch amd64)
    url: https://app.datadoghq.com/api/v1/synthetics/tests/daf-efr-492
    method: GET
  response:
    body: '{"status":"live","public_id":"daf-efr-492","tags":["foo:bar","buz"],"locations":["aws:eu-central-1"],"message":"Notify @pagerduty","name":"tf-TestAccDatadogSyntheticsBrowserTest_Updated-local-1616571222-updated","monitor_id":32720506,"type":"browser","config":{"variables":[{"pattern":"{{numeric(4)}}","type":"text","example":"5970","name":"MY_PATTERN_VAR"}],"request":{"body":"this is an updated body","headers":{"Accept":"application/xml","X-Datadog-Trace-ID":"987654321"},"url":"https://docs.datadoghq.com","timeout":60,"method":"PUT"},"assertions":[]},"options":{"retry":{"count":3,"interval":500},"min_location_failed":1,"min_failure_duration":10,"tick_every":1800,"device_ids":["laptop_large","tablet"],"monitor_options":{"renotify_interval":120}}}'
    headers:
      Cache-Control:
      - no-cache
      Content-Security-Policy:
      - frame-ancestors 'self'; report-uri https://api.datadoghq.com/csp-report
      Content-Type:
      - application/json
      Date:
      - Wed, 24 Mar 2021 07:33:45 GMT
      Pragma:
      - no-cache
      Strict-Transport-Security:
      - max-age=15724800;
      Vary:
      - Accept-Encoding
      X-Content-Type-Options:
      - nosniff
      X-Dd-Debug:
      - tpRCH6w417YjBovRJ8VmtuXmNONVYiRp2c8d2AxjPdGBn8PCtgG4vAztrx3qUZAN
      X-Dd-Version:
      - "35.4160940"
      X-Frame-Options:
      - SAMEORIGIN
      X-Ratelimit-Limit:
      - "1000"
      X-Ratelimit-Period:
      - "60"
      X-Ratelimit-Remaining:
      - "875"
      X-Ratelimit-Reset:
      - "15"
    status: 200 OK
    code: 200
    duration: ""
- request:
    body: ""
    form: {}
    headers:
      Accept:
      - application/json
      Dd-Operation-Id:
      - GetTest
      User-Agent:
      - terraform-provider-datadog/dev (terraform 1.16.0; terraform-cli 0.12.7-sdk) datadog-api-client-go/1.0.0-beta.19+dev (go go1.15.3; os darwin; arch amd64)
    url: https://app.datadoghq.com/api/v1/synthetics/tests/daf-efr-492
    method: GET
  response:
    body: '{"status":"live","public_id":"daf-efr-492","tags":["foo:bar","buz"],"locations":["aws:eu-central-1"],"message":"Notify @pagerduty","name":"tf-TestAccDatadogSyntheticsBrowserTest_Updated-local-1616571222-updated","monitor_id":32720506,"type":"browser","config":{"variables":[{"pattern":"{{numeric(4)}}","type":"text","example":"5970","name":"MY_PATTERN_VAR"}],"request":{"body":"this is an updated body","headers":{"Accept":"application/xml","X-Datadog-Trace-ID":"987654321"},"url":"https://docs.datadoghq.com","timeout":60,"method":"PUT"},"assertions":[]},"options":{"retry":{"count":3,"interval":500},"min_location_failed":1,"min_failure_duration":10,"tick_every":1800,"device_ids":["laptop_large","tablet"],"monitor_options":{"renotify_interval":120}}}'
    headers:
      Cache-Control:
      - no-cache
      Content-Security-Policy:
      - frame-ancestors 'self'; report-uri https://api.datadoghq.com/csp-report
      Content-Type:
      - application/json
      Date:
      - Wed, 24 Mar 2021 07:33:46 GMT
      Pragma:
      - no-cache
      Strict-Transport-Security:
      - max-age=15724800;
      Vary:
      - Accept-Encoding
      X-Content-Type-Options:
      - nosniff
      X-Dd-Debug:
      - LcgNasIYBRkNppmD6mCKE9J6iv0eEjosuuHR5V5zw2fWbR54i39C8dhdK8zDq/40
      X-Dd-Version:
      - "35.4160940"
      X-Frame-Options:
      - SAMEORIGIN
      X-Ratelimit-Limit:
      - "1000"
      X-Ratelimit-Period:
      - "60"
      X-Ratelimit-Remaining:
      - "871"
      X-Ratelimit-Reset:
      - "14"
    status: 200 OK
    code: 200
    duration: ""
- request:
    body: ""
    form: {}
    headers:
      Accept:
      - application/json
      Dd-Operation-Id:
      - GetBrowserTest
      User-Agent:
      - terraform-provider-datadog/dev (terraform 1.16.0; terraform-cli 0.12.7-sdk) datadog-api-client-go/1.0.0-beta.19+dev (go go1.15.3; os darwin; arch amd64)
    url: https://app.datadoghq.com/api/v1/synthetics/tests/browser/daf-efr-492
    method: GET
  response:
    body: '{"status":"live","public_id":"daf-efr-492","tags":["foo:bar","buz"],"locations":["aws:eu-central-1"],"message":"Notify @pagerduty","name":"tf-TestAccDatadogSyntheticsBrowserTest_Updated-local-1616571222-updated","monitor_id":32720506,"type":"browser","steps":[{"name":"first step updated","allowFailure":false,"params":{"check":"contains","value":"content"},"timeout":0,"type":"assertCurrentUrl"},{"name":"press key step","allowFailure":false,"params":{"value":"1"},"timeout":0,"type":"pressKey"}],"config":{"variables":[{"pattern":"{{numeric(4)}}","type":"text","example":"5970","name":"MY_PATTERN_VAR"}],"request":{"body":"this is an updated body","headers":{"Accept":"application/xml","X-Datadog-Trace-ID":"987654321"},"url":"https://docs.datadoghq.com","timeout":60,"method":"PUT"},"assertions":[]},"options":{"retry":{"count":3,"interval":500},"min_location_failed":1,"min_failure_duration":10,"tick_every":1800,"device_ids":["laptop_large","tablet"],"monitor_options":{"renotify_interval":120}}}'
    headers:
      Cache-Control:
      - no-cache
      Content-Security-Policy:
      - frame-ancestors 'self'; report-uri https://api.datadoghq.com/csp-report
      Content-Type:
      - application/json
      Date:
      - Wed, 24 Mar 2021 07:33:46 GMT
      Pragma:
      - no-cache
      Strict-Transport-Security:
      - max-age=15724800;
      Vary:
      - Accept-Encoding
      X-Content-Type-Options:
      - nosniff
      X-Dd-Debug:
      - /L+SFFO+m1pPY+hRCpk5325fvfrNl0KmiquUNJolBN/5hu3HIwflqjZSbJ6NxDFG
      X-Dd-Version:
      - "35.4160940"
      X-Frame-Options:
      - SAMEORIGIN
      X-Ratelimit-Limit:
      - "1000"
      X-Ratelimit-Period:
      - "60"
      X-Ratelimit-Remaining:
      - "866"
      X-Ratelimit-Reset:
      - "14"
    status: 200 OK
    code: 200
    duration: ""
- request:
    body: ""
    form: {}
    headers:
      Accept:
      - application/json
      Dd-Operation-Id:
      - GetTest
      User-Agent:
      - terraform-provider-datadog/dev (terraform 1.16.0; terraform-cli 0.12.7-sdk) datadog-api-client-go/1.0.0-beta.19+dev (go go1.15.3; os darwin; arch amd64)
    url: https://app.datadoghq.com/api/v1/synthetics/tests/daf-efr-492
    method: GET
  response:
    body: '{"status":"live","public_id":"daf-efr-492","tags":["foo:bar","buz"],"locations":["aws:eu-central-1"],"message":"Notify @pagerduty","name":"tf-TestAccDatadogSyntheticsBrowserTest_Updated-local-1616571222-updated","monitor_id":32720506,"type":"browser","config":{"variables":[{"pattern":"{{numeric(4)}}","type":"text","example":"5970","name":"MY_PATTERN_VAR"}],"request":{"body":"this is an updated body","headers":{"Accept":"application/xml","X-Datadog-Trace-ID":"987654321"},"url":"https://docs.datadoghq.com","timeout":60,"method":"PUT"},"assertions":[]},"options":{"retry":{"count":3,"interval":500},"min_location_failed":1,"min_failure_duration":10,"tick_every":1800,"device_ids":["laptop_large","tablet"],"monitor_options":{"renotify_interval":120}}}'
    headers:
      Cache-Control:
      - no-cache
      Content-Security-Policy:
      - frame-ancestors 'self'; report-uri https://api.datadoghq.com/csp-report
      Content-Type:
      - application/json
      Date:
      - Wed, 24 Mar 2021 07:33:46 GMT
      Pragma:
      - no-cache
      Strict-Transport-Security:
      - max-age=15724800;
      Vary:
      - Accept-Encoding
      X-Content-Type-Options:
      - nosniff
      X-Dd-Debug:
      - L3ULR3HwCWYmEqCWGz2Yob3chcH4pjowBacBXkncP7o+/uPqKt9yGEYf/g1AJPzQ
      X-Dd-Version:
      - "35.4160940"
      X-Frame-Options:
      - SAMEORIGIN
      X-Ratelimit-Limit:
      - "1000"
      X-Ratelimit-Period:
      - "60"
      X-Ratelimit-Remaining:
      - "855"
      X-Ratelimit-Reset:
      - "14"
    status: 200 OK
    code: 200
    duration: ""
- request:
    body: ""
    form: {}
    headers:
      Accept:
      - application/json
      Dd-Operation-Id:
      - GetBrowserTest
      User-Agent:
      - terraform-provider-datadog/dev (terraform 1.16.0; terraform-cli 0.12.7-sdk) datadog-api-client-go/1.0.0-beta.19+dev (go go1.15.3; os darwin; arch amd64)
    url: https://app.datadoghq.com/api/v1/synthetics/tests/browser/daf-efr-492
    method: GET
  response:
    body: '{"status":"live","public_id":"daf-efr-492","tags":["foo:bar","buz"],"locations":["aws:eu-central-1"],"message":"Notify @pagerduty","name":"tf-TestAccDatadogSyntheticsBrowserTest_Updated-local-1616571222-updated","monitor_id":32720506,"type":"browser","steps":[{"name":"first step updated","allowFailure":false,"params":{"check":"contains","value":"content"},"timeout":0,"type":"assertCurrentUrl"},{"name":"press key step","allowFailure":false,"params":{"value":"1"},"timeout":0,"type":"pressKey"}],"config":{"variables":[{"pattern":"{{numeric(4)}}","type":"text","example":"5970","name":"MY_PATTERN_VAR"}],"request":{"body":"this is an updated body","headers":{"Accept":"application/xml","X-Datadog-Trace-ID":"987654321"},"url":"https://docs.datadoghq.com","timeout":60,"method":"PUT"},"assertions":[]},"options":{"retry":{"count":3,"interval":500},"min_location_failed":1,"min_failure_duration":10,"tick_every":1800,"device_ids":["laptop_large","tablet"],"monitor_options":{"renotify_interval":120}}}'
    headers:
      Cache-Control:
      - no-cache
      Content-Security-Policy:
      - frame-ancestors 'self'; report-uri https://api.datadoghq.com/csp-report
      Content-Type:
      - application/json
      Date:
      - Wed, 24 Mar 2021 07:33:46 GMT
      Pragma:
      - no-cache
      Strict-Transport-Security:
      - max-age=15724800;
      Vary:
      - Accept-Encoding
      X-Content-Type-Options:
      - nosniff
      X-Dd-Debug:
      - SY1h8ScsWq+kYmtbh63ltMLFAZsQjqfrgvdfAoRX+9TzT1sgMBRYaFRwfWWRRe9a
      X-Dd-Version:
      - "35.4160940"
      X-Frame-Options:
      - SAMEORIGIN
      X-Ratelimit-Limit:
      - "1000"
      X-Ratelimit-Period:
      - "60"
      X-Ratelimit-Remaining:
      - "853"
      X-Ratelimit-Reset:
      - "14"
    status: 200 OK
    code: 200
    duration: ""
- request:
    body: |
      {"public_ids":["daf-efr-492"]}
    form: {}
    headers:
      Accept:
      - application/json
      Content-Type:
      - application/json
      Dd-Operation-Id:
      - DeleteTests
      User-Agent:
      - terraform-provider-datadog/dev (terraform 1.16.0; terraform-cli 0.12.7-sdk) datadog-api-client-go/1.0.0-beta.19+dev (go go1.15.3; os darwin; arch amd64)
    url: https://app.datadoghq.com/api/v1/synthetics/tests/delete
    method: POST
  response:
    body: '{"deleted_tests":[{"deleted_at":"2021-03-24T07:33:47.302428+00:00","public_id":"daf-efr-492"}]}'
    headers:
      Cache-Control:
      - no-cache
      Content-Security-Policy:
      - frame-ancestors 'self'; report-uri https://api.datadoghq.com/csp-report
      Content-Type:
      - application/json
      Date:
      - Wed, 24 Mar 2021 07:33:48 GMT
      Pragma:
      - no-cache
      Strict-Transport-Security:
      - max-age=15724800;
      Vary:
      - Accept-Encoding
      X-Content-Type-Options:
      - nosniff
      X-Dd-Debug:
      - dCmL/3rURV6BPeaqeP3Rxigq41m5CAb17XjrRE42uZ01zpr07HVhbL5/3TWMkvgu
      X-Dd-Version:
      - "35.4160940"
      X-Frame-Options:
      - SAMEORIGIN
      X-Ratelimit-Limit:
      - "120"
      X-Ratelimit-Period:
      - "60"
      X-Ratelimit-Remaining:
      - "109"
      X-Ratelimit-Reset:
      - "13"
    status: 200 OK
    code: 200
    duration: ""
- request:
    body: ""
    form: {}
    headers:
      Accept:
      - application/json
      Dd-Operation-Id:
      - GetTest
      User-Agent:
      - terraform-provider-datadog/dev (terraform 1.16.0; terraform-cli 0.12.7-sdk) datadog-api-client-go/1.0.0-beta.19+dev (go go1.15.3; os darwin; arch amd64)
    url: https://app.datadoghq.com/api/v1/synthetics/tests/daf-efr-492
    method: GET
  response:
    body: '{"errors": ["Synthetics test not found"]}'
    headers:
      Cache-Control:
      - no-cache
      Content-Security-Policy:
      - frame-ancestors 'self'; report-uri https://api.datadoghq.com/csp-report
      Content-Type:
      - application/json
      Date:
      - Wed, 24 Mar 2021 07:33:48 GMT
      Pragma:
      - no-cache
      Strict-Transport-Security:
      - max-age=15724800;
      Vary:
      - Accept-Encoding
      X-Content-Type-Options:
      - nosniff
      X-Dd-Version:
      - "35.4160940"
      X-Frame-Options:
      - SAMEORIGIN
      X-Ratelimit-Limit:
      - "1000"
      X-Ratelimit-Period:
      - "60"
      X-Ratelimit-Remaining:
      - "828"
      X-Ratelimit-Reset:
      - "12"
    status: 404 Not Found
    code: 404
    duration: ""
