---
version: 1
interactions:
- request:
    body: |
      {"description":"Created using the Datadog provider in Terraform","id":"","is_read_only":true,"layout_type":"ordered","notify_list":[],"template_variable_presets":[],"template_variables":[],"title":"tf-TestAccDatadogDashboardTimeseriesMultiCompute-local-1616013565","widgets":[{"definition":{"events":[{"q":"sources:test tags:1","tags_execution":"and"}],"legend_size":"2","markers":[{"display_type":"error dashed","label":"y=500000","value":"y=500000"},{"display_type":"warning dashed","label":"y=400000","value":"y=400000"}],"requests":[{"display_type":"line","log_query":{"group_by":[{"facet":"service","limit":10,"sort":{"aggregation":"count","order":"desc"}}],"index":"*","multi_compute":[{"aggregation":"count"},{"aggregation":"cardinality","facet":"env","interval":1000}],"search":{"query":""}},"on_right_yaxis":true,"style":{"line_type":"solid","line_width":"normal","palette":"cool"}}],"right_yaxis":{"include_zero":false,"max":"599998","min":"1"},"show_legend":true,"time":{"live_span":"5m"},"title":"system.cpu.user, env, process.stat.cpu.total_pct, network.bytes_read, @d...","title_align":"left","title_size":"16","type":"timeseries","yaxis":{"include_zero":true,"max":"599999","min":"0"}}},{"definition":{"events":[{"q":"sources:test tags:1","tags_execution":"and"}],"legend_size":"2","markers":[{"display_type":"error dashed","label":"y=500000","value":"y=500000"},{"display_type":"warning dashed","label":"y=400000","value":"y=400000"}],"requests":[{"display_type":"line","log_query":{"group_by":[{"facet":"service","limit":10,"sort":{"aggregation":"count","order":"desc"}}],"index":"*","multi_compute":[{"aggregation":"count"},{"aggregation":"cardinality","facet":"env","interval":1000}],"search":{"query":""}},"on_right_yaxis":true,"style":{"line_type":"solid","line_width":"normal","palette":"cool"}}],"right_yaxis":{"include_zero":false,"max":"599998","min":"1"},"show_legend":true,"time":{"live_span":"5m"},"title":"system.cpu.user, env, process.stat.cpu.total_pct, network.bytes_read, @d...","title_align":"left","title_size":"16","type":"timeseries","yaxis":{"include_zero":true,"max":"599999","min":"0"}}}]}
    form: {}
    headers:
      Accept:
      - application/json
      Content-Type:
      - application/json
      Dd-Operation-Id:
      - CreateDashboard
      User-Agent:
      - terraform-provider-datadog/dev (terraform 1.16.0; terraform-cli 0.12.7-sdk) datadog-api-client-go/1.0.0-beta.18+dev (go go1.16.2; os darwin; arch amd64)
    url: https://api.datadoghq.com/api/v1/dashboard
    method: POST
  response:
    body: '{"notify_list":[],"description":"Created using the Datadog provider in Terraform","author_name":null,"template_variable_presets":[],"template_variables":[],"is_read_only":true,"id":"bvr-qwb-rap","title":"tf-TestAccDatadogDashboardTimeseriesMultiCompute-local-1616013565","url":"/dashboard/bvr-qwb-rap/tf-testaccdatadogdashboardtimeseriesmulticompute-local-1616013565","created_at":"2021-03-17T20:39:26.499289+00:00","modified_at":"2021-03-17T20:39:26.499289+00:00","author_handle":"frog@datadoghq.com","widgets":[{"definition":{"title_size":"16","yaxis":{"include_zero":true,"min":"0","max":"599999"},"title_align":"left","right_yaxis":{"include_zero":false,"min":"1","max":"599998"},"events":[{"q":"sources:test tags:1","tags_execution":"and"}],"show_legend":true,"markers":[{"display_type":"error dashed","value":"y=500000","label":"y=500000"},{"display_type":"warning dashed","value":"y=400000","label":"y=400000"}],"time":{"live_span":"5m"},"title":"system.cpu.user, env, process.stat.cpu.total_pct, network.bytes_read, @d...","legend_size":"2","type":"timeseries","requests":[{"on_right_yaxis":true,"style":{"line_width":"normal","palette":"cool","line_type":"solid"},"display_type":"line","log_query":{"index":"*","search":{"query":""},"group_by":[{"facet":"service","sort":{"aggregation":"count","order":"desc"},"limit":10}],"multi_compute":[{"aggregation":"count"},{"facet":"env","interval":1000,"aggregation":"cardinality"}]}}]},"id":5712697537998841},{"definition":{"title_size":"16","yaxis":{"include_zero":true,"min":"0","max":"599999"},"title_align":"left","right_yaxis":{"include_zero":false,"min":"1","max":"599998"},"events":[{"q":"sources:test tags:1","tags_execution":"and"}],"show_legend":true,"markers":[{"display_type":"error dashed","value":"y=500000","label":"y=500000"},{"display_type":"warning dashed","value":"y=400000","label":"y=400000"}],"time":{"live_span":"5m"},"title":"system.cpu.user, env, process.stat.cpu.total_pct, network.bytes_read, @d...","legend_size":"2","type":"timeseries","requests":[{"on_right_yaxis":true,"style":{"line_width":"normal","palette":"cool","line_type":"solid"},"display_type":"line","log_query":{"index":"*","search":{"query":""},"group_by":[{"facet":"service","sort":{"aggregation":"count","order":"desc"},"limit":10}],"multi_compute":[{"aggregation":"count"},{"facet":"env","interval":1000,"aggregation":"cardinality"}]}}]},"id":6424009003241203}],"layout_type":"ordered"}'
    headers:
      Cache-Control:
      - no-cache
      Connection:
      - keep-alive
      Content-Security-Policy:
      - frame-ancestors 'self'; report-uri https://api.datadoghq.com/csp-report
      Content-Type:
      - application/json
      Date:
      - Wed, 17 Mar 2021 20:39:29 GMT
      Pragma:
      - no-cache
      Strict-Transport-Security:
      - max-age=15724800;
      Vary:
      - Accept-Encoding
      X-Content-Type-Options:
      - nosniff
      X-Dd-Debug:
      - dCmL/3rURV6BPeaqeP3Rxigq41m5CAb17XjrRE42uZ01zpr07HVhbL5/3TWMkvgu
      X-Dd-Version:
      - "35.4115494"
      X-Frame-Options:
      - SAMEORIGIN
    status: 200 OK
    code: 200
    duration: ""
- request:
    body: ""
    form: {}
    headers:
      Accept:
      - application/json
      Dd-Operation-Id:
      - GetDashboard
      User-Agent:
      - terraform-provider-datadog/dev (terraform 1.16.0; terraform-cli 0.12.7-sdk) datadog-api-client-go/1.0.0-beta.18+dev (go go1.16.2; os darwin; arch amd64)
    url: https://api.datadoghq.com/api/v1/dashboard/bvr-qwb-rap
    method: GET
  response:
    body: '{"notify_list":[],"description":"Created using the Datadog provider in Terraform","author_name":null,"template_variable_presets":[],"template_variables":[],"is_read_only":true,"id":"bvr-qwb-rap","title":"tf-TestAccDatadogDashboardTimeseriesMultiCompute-local-1616013565","url":"/dashboard/bvr-qwb-rap/tf-testaccdatadogdashboardtimeseriesmulticompute-local-1616013565","created_at":"2021-03-17T20:39:26.499289+00:00","modified_at":"2021-03-17T20:39:26.499289+00:00","author_handle":"frog@datadoghq.com","widgets":[{"definition":{"title_size":"16","yaxis":{"include_zero":true,"min":"0","max":"599999"},"title_align":"left","right_yaxis":{"include_zero":false,"min":"1","max":"599998"},"events":[{"q":"sources:test tags:1","tags_execution":"and"}],"show_legend":true,"markers":[{"display_type":"error dashed","value":"y=500000","label":"y=500000"},{"display_type":"warning dashed","value":"y=400000","label":"y=400000"}],"time":{"live_span":"5m"},"title":"system.cpu.user, env, process.stat.cpu.total_pct, network.bytes_read, @d...","legend_size":"2","type":"timeseries","requests":[{"on_right_yaxis":true,"style":{"line_width":"normal","palette":"cool","line_type":"solid"},"display_type":"line","log_query":{"index":"*","search":{"query":""},"group_by":[{"facet":"service","sort":{"aggregation":"count","order":"desc"},"limit":10}],"multi_compute":[{"aggregation":"count"},{"facet":"env","interval":1000,"aggregation":"cardinality"}]}}]},"id":5712697537998841},{"definition":{"title_size":"16","yaxis":{"include_zero":true,"min":"0","max":"599999"},"title_align":"left","right_yaxis":{"include_zero":false,"min":"1","max":"599998"},"events":[{"q":"sources:test tags:1","tags_execution":"and"}],"show_legend":true,"markers":[{"display_type":"error dashed","value":"y=500000","label":"y=500000"},{"display_type":"warning dashed","value":"y=400000","label":"y=400000"}],"time":{"live_span":"5m"},"title":"system.cpu.user, env, process.stat.cpu.total_pct, network.bytes_read, @d...","legend_size":"2","type":"timeseries","requests":[{"on_right_yaxis":true,"style":{"line_width":"normal","palette":"cool","line_type":"solid"},"display_type":"line","log_query":{"index":"*","search":{"query":""},"group_by":[{"facet":"service","sort":{"aggregation":"count","order":"desc"},"limit":10}],"multi_compute":[{"aggregation":"count"},{"facet":"env","interval":1000,"aggregation":"cardinality"}]}}]},"id":6424009003241203}],"layout_type":"ordered"}'
    headers:
      Cache-Control:
      - no-cache
      Connection:
      - keep-alive
      Content-Security-Policy:
      - frame-ancestors 'self'; report-uri https://api.datadoghq.com/csp-report
      Content-Type:
      - application/json
      Date:
      - Wed, 17 Mar 2021 20:39:29 GMT
      Pragma:
      - no-cache
      Strict-Transport-Security:
      - max-age=15724800;
      Vary:
      - Accept-Encoding
      X-Content-Type-Options:
      - nosniff
      X-Dd-Debug:
      - dPySkcOzIZtKyMKDAAzuysY3gNGGj6RtYogGuSb76E8mPvoqzREyRp6lPYm91hQU
      X-Dd-Version:
      - "35.4115494"
      X-Frame-Options:
      - SAMEORIGIN
    status: 200 OK
    code: 200
    duration: ""
- request:
    body: ""
    form: {}
    headers:
      Accept:
      - application/json
      Dd-Operation-Id:
      - GetDashboard
      User-Agent:
      - terraform-provider-datadog/dev (terraform 1.16.0; terraform-cli 0.12.7-sdk) datadog-api-client-go/1.0.0-beta.18+dev (go go1.16.2; os darwin; arch amd64)
    url: https://api.datadoghq.com/api/v1/dashboard/bvr-qwb-rap
    method: GET
  response:
    body: '{"notify_list":[],"description":"Created using the Datadog provider in Terraform","author_name":null,"template_variable_presets":[],"template_variables":[],"is_read_only":true,"id":"bvr-qwb-rap","title":"tf-TestAccDatadogDashboardTimeseriesMultiCompute-local-1616013565","url":"/dashboard/bvr-qwb-rap/tf-testaccdatadogdashboardtimeseriesmulticompute-local-1616013565","created_at":"2021-03-17T20:39:26.499289+00:00","modified_at":"2021-03-17T20:39:26.499289+00:00","author_handle":"frog@datadoghq.com","widgets":[{"definition":{"title_size":"16","yaxis":{"include_zero":true,"min":"0","max":"599999"},"title_align":"left","right_yaxis":{"include_zero":false,"min":"1","max":"599998"},"events":[{"q":"sources:test tags:1","tags_execution":"and"}],"show_legend":true,"markers":[{"display_type":"error dashed","value":"y=500000","label":"y=500000"},{"display_type":"warning dashed","value":"y=400000","label":"y=400000"}],"time":{"live_span":"5m"},"title":"system.cpu.user, env, process.stat.cpu.total_pct, network.bytes_read, @d...","legend_size":"2","type":"timeseries","requests":[{"on_right_yaxis":true,"style":{"line_width":"normal","palette":"cool","line_type":"solid"},"display_type":"line","log_query":{"index":"*","search":{"query":""},"group_by":[{"facet":"service","sort":{"aggregation":"count","order":"desc"},"limit":10}],"multi_compute":[{"aggregation":"count"},{"facet":"env","interval":1000,"aggregation":"cardinality"}]}}]},"id":5712697537998841},{"definition":{"title_size":"16","yaxis":{"include_zero":true,"min":"0","max":"599999"},"title_align":"left","right_yaxis":{"include_zero":false,"min":"1","max":"599998"},"events":[{"q":"sources:test tags:1","tags_execution":"and"}],"show_legend":true,"markers":[{"display_type":"error dashed","value":"y=500000","label":"y=500000"},{"display_type":"warning dashed","value":"y=400000","label":"y=400000"}],"time":{"live_span":"5m"},"title":"system.cpu.user, env, process.stat.cpu.total_pct, network.bytes_read, @d...","legend_size":"2","type":"timeseries","requests":[{"on_right_yaxis":true,"style":{"line_width":"normal","palette":"cool","line_type":"solid"},"display_type":"line","log_query":{"index":"*","search":{"query":""},"group_by":[{"facet":"service","sort":{"aggregation":"count","order":"desc"},"limit":10}],"multi_compute":[{"aggregation":"count"},{"facet":"env","interval":1000,"aggregation":"cardinality"}]}}]},"id":6424009003241203}],"layout_type":"ordered"}'
    headers:
      Cache-Control:
      - no-cache
      Connection:
      - keep-alive
      Content-Security-Policy:
      - frame-ancestors 'self'; report-uri https://api.datadoghq.com/csp-report
      Content-Type:
      - application/json
      Date:
      - Wed, 17 Mar 2021 20:39:29 GMT
      Pragma:
      - no-cache
      Strict-Transport-Security:
      - max-age=15724800;
      Vary:
      - Accept-Encoding
      X-Content-Type-Options:
      - nosniff
      X-Dd-Debug:
      - nLnnBNvlCFDECRnZvzDb0z4sAO35G+IMidcAs8vrCKyjvsKWE8Yd9S3n6OjZ1qRN
      X-Dd-Version:
      - "35.4115494"
      X-Frame-Options:
      - SAMEORIGIN
    status: 200 OK
    code: 200
    duration: ""
- request:
    body: ""
    form: {}
    headers:
      Accept:
      - application/json
      Dd-Operation-Id:
      - GetDashboard
      User-Agent:
      - terraform-provider-datadog/dev (terraform 1.16.0; terraform-cli 0.12.7-sdk) datadog-api-client-go/1.0.0-beta.18+dev (go go1.16.2; os darwin; arch amd64)
    url: https://api.datadoghq.com/api/v1/dashboard/bvr-qwb-rap
    method: GET
  response:
    body: '{"notify_list":[],"description":"Created using the Datadog provider in Terraform","author_name":null,"template_variable_presets":[],"template_variables":[],"is_read_only":true,"id":"bvr-qwb-rap","title":"tf-TestAccDatadogDashboardTimeseriesMultiCompute-local-1616013565","url":"/dashboard/bvr-qwb-rap/tf-testaccdatadogdashboardtimeseriesmulticompute-local-1616013565","created_at":"2021-03-17T20:39:26.499289+00:00","modified_at":"2021-03-17T20:39:26.499289+00:00","author_handle":"frog@datadoghq.com","widgets":[{"definition":{"title_size":"16","yaxis":{"include_zero":true,"min":"0","max":"599999"},"title_align":"left","right_yaxis":{"include_zero":false,"min":"1","max":"599998"},"events":[{"q":"sources:test tags:1","tags_execution":"and"}],"show_legend":true,"markers":[{"display_type":"error dashed","value":"y=500000","label":"y=500000"},{"display_type":"warning dashed","value":"y=400000","label":"y=400000"}],"time":{"live_span":"5m"},"title":"system.cpu.user, env, process.stat.cpu.total_pct, network.bytes_read, @d...","legend_size":"2","type":"timeseries","requests":[{"on_right_yaxis":true,"style":{"line_width":"normal","palette":"cool","line_type":"solid"},"display_type":"line","log_query":{"index":"*","search":{"query":""},"group_by":[{"facet":"service","sort":{"aggregation":"count","order":"desc"},"limit":10}],"multi_compute":[{"aggregation":"count"},{"facet":"env","interval":1000,"aggregation":"cardinality"}]}}]},"id":5712697537998841},{"definition":{"title_size":"16","yaxis":{"include_zero":true,"min":"0","max":"599999"},"title_align":"left","right_yaxis":{"include_zero":false,"min":"1","max":"599998"},"events":[{"q":"sources:test tags:1","tags_execution":"and"}],"show_legend":true,"markers":[{"display_type":"error dashed","value":"y=500000","label":"y=500000"},{"display_type":"warning dashed","value":"y=400000","label":"y=400000"}],"time":{"live_span":"5m"},"title":"system.cpu.user, env, process.stat.cpu.total_pct, network.bytes_read, @d...","legend_size":"2","type":"timeseries","requests":[{"on_right_yaxis":true,"style":{"line_width":"normal","palette":"cool","line_type":"solid"},"display_type":"line","log_query":{"index":"*","search":{"query":""},"group_by":[{"facet":"service","sort":{"aggregation":"count","order":"desc"},"limit":10}],"multi_compute":[{"aggregation":"count"},{"facet":"env","interval":1000,"aggregation":"cardinality"}]}}]},"id":6424009003241203}],"layout_type":"ordered"}'
    headers:
      Cache-Control:
      - no-cache
      Connection:
      - keep-alive
      Content-Security-Policy:
      - frame-ancestors 'self'; report-uri https://api.datadoghq.com/csp-report
      Content-Type:
      - application/json
      Date:
      - Wed, 17 Mar 2021 20:39:29 GMT
      Pragma:
      - no-cache
      Strict-Transport-Security:
      - max-age=15724800;
      Vary:
      - Accept-Encoding
      X-Content-Type-Options:
      - nosniff
      X-Dd-Debug:
      - 25u1gDlL724DHllbjFT4BhOLorBTilh+aah2uWAUEjFC/+rjczJdiyWrV/HwLwe/
      X-Dd-Version:
      - "35.4115494"
      X-Frame-Options:
      - SAMEORIGIN
    status: 200 OK
    code: 200
    duration: ""
- request:
    body: ""
    form: {}
    headers:
      Accept:
      - application/json
      Dd-Operation-Id:
      - GetDashboard
      User-Agent:
      - terraform-provider-datadog/dev (terraform 1.16.0; terraform-cli 0.12.7-sdk) datadog-api-client-go/1.0.0-beta.18+dev (go go1.16.2; os darwin; arch amd64)
    url: https://api.datadoghq.com/api/v1/dashboard/bvr-qwb-rap
    method: GET
  response:
    body: '{"notify_list":[],"description":"Created using the Datadog provider in Terraform","author_name":null,"template_variable_presets":[],"template_variables":[],"is_read_only":true,"id":"bvr-qwb-rap","title":"tf-TestAccDatadogDashboardTimeseriesMultiCompute-local-1616013565","url":"/dashboard/bvr-qwb-rap/tf-testaccdatadogdashboardtimeseriesmulticompute-local-1616013565","created_at":"2021-03-17T20:39:26.499289+00:00","modified_at":"2021-03-17T20:39:26.499289+00:00","author_handle":"frog@datadoghq.com","widgets":[{"definition":{"title_size":"16","yaxis":{"include_zero":true,"min":"0","max":"599999"},"title_align":"left","right_yaxis":{"include_zero":false,"min":"1","max":"599998"},"events":[{"q":"sources:test tags:1","tags_execution":"and"}],"show_legend":true,"markers":[{"display_type":"error dashed","value":"y=500000","label":"y=500000"},{"display_type":"warning dashed","value":"y=400000","label":"y=400000"}],"time":{"live_span":"5m"},"title":"system.cpu.user, env, process.stat.cpu.total_pct, network.bytes_read, @d...","legend_size":"2","type":"timeseries","requests":[{"on_right_yaxis":true,"style":{"line_width":"normal","palette":"cool","line_type":"solid"},"display_type":"line","log_query":{"index":"*","search":{"query":""},"group_by":[{"facet":"service","sort":{"aggregation":"count","order":"desc"},"limit":10}],"multi_compute":[{"aggregation":"count"},{"facet":"env","interval":1000,"aggregation":"cardinality"}]}}]},"id":5712697537998841},{"definition":{"title_size":"16","yaxis":{"include_zero":true,"min":"0","max":"599999"},"title_align":"left","right_yaxis":{"include_zero":false,"min":"1","max":"599998"},"events":[{"q":"sources:test tags:1","tags_execution":"and"}],"show_legend":true,"markers":[{"display_type":"error dashed","value":"y=500000","label":"y=500000"},{"display_type":"warning dashed","value":"y=400000","label":"y=400000"}],"time":{"live_span":"5m"},"title":"system.cpu.user, env, process.stat.cpu.total_pct, network.bytes_read, @d...","legend_size":"2","type":"timeseries","requests":[{"on_right_yaxis":true,"style":{"line_width":"normal","palette":"cool","line_type":"solid"},"display_type":"line","log_query":{"index":"*","search":{"query":""},"group_by":[{"facet":"service","sort":{"aggregation":"count","order":"desc"},"limit":10}],"multi_compute":[{"aggregation":"count"},{"facet":"env","interval":1000,"aggregation":"cardinality"}]}}]},"id":6424009003241203}],"layout_type":"ordered"}'
    headers:
      Cache-Control:
      - no-cache
      Connection:
      - keep-alive
      Content-Security-Policy:
      - frame-ancestors 'self'; report-uri https://api.datadoghq.com/csp-report
      Content-Type:
      - application/json
      Date:
      - Wed, 17 Mar 2021 20:39:30 GMT
      Pragma:
      - no-cache
      Strict-Transport-Security:
      - max-age=15724800;
      Vary:
      - Accept-Encoding
      X-Content-Type-Options:
      - nosniff
      X-Dd-Debug:
      - B1nwy/pPNqX+q4pQT22cdp1QCexE35IF8qwSHy0Nf7IW0Y881qtn4tXN1lpmzaKc
      X-Dd-Version:
      - "35.4115494"
      X-Frame-Options:
      - SAMEORIGIN
    status: 200 OK
    code: 200
    duration: ""
- request:
    body: ""
    form: {}
    headers:
      Accept:
      - application/json
      Dd-Operation-Id:
      - DeleteDashboard
      User-Agent:
      - terraform-provider-datadog/dev (terraform 1.16.0; terraform-cli 0.12.7-sdk) datadog-api-client-go/1.0.0-beta.18+dev (go go1.16.2; os darwin; arch amd64)
    url: https://api.datadoghq.com/api/v1/dashboard/bvr-qwb-rap
    method: DELETE
  response:
    body: '{"deleted_dashboard_id":"bvr-qwb-rap"}'
    headers:
      Cache-Control:
      - no-cache
      Connection:
      - keep-alive
      Content-Security-Policy:
      - frame-ancestors 'self'; report-uri https://api.datadoghq.com/csp-report
      Content-Type:
      - application/json
      Date:
      - Wed, 17 Mar 2021 20:39:30 GMT
      Pragma:
      - no-cache
      Strict-Transport-Security:
      - max-age=15724800;
      Vary:
      - Accept-Encoding
      X-Content-Type-Options:
      - nosniff
      X-Dd-Debug:
      - mNzaoDhdDKO7t4QSrAe5X7pHd0bJND187D+vRbwoluXouE2m1UaQQX0RGCvRpLVE
      X-Dd-Version:
      - "35.4115494"
      X-Frame-Options:
      - SAMEORIGIN
    status: 200 OK
    code: 200
    duration: ""
- request:
    body: ""
    form: {}
    headers:
      Accept:
      - application/json
      Dd-Operation-Id:
      - GetDashboard
      User-Agent:
      - terraform-provider-datadog/dev (terraform 1.16.0; terraform-cli 0.12.7-sdk) datadog-api-client-go/1.0.0-beta.18+dev (go go1.16.2; os darwin; arch amd64)
    url: https://api.datadoghq.com/api/v1/dashboard/bvr-qwb-rap
    method: GET
  response:
    body: '{"errors": ["Dashboard with ID bvr-qwb-rap not found"]}'
    headers:
      Cache-Control:
      - no-cache
      Connection:
      - keep-alive
      Content-Security-Policy:
      - frame-ancestors 'self'; report-uri https://api.datadoghq.com/csp-report
      Content-Type:
      - application/json
      Date:
      - Wed, 17 Mar 2021 20:39:30 GMT
      Pragma:
      - no-cache
      Strict-Transport-Security:
      - max-age=15724800;
      Vary:
      - Accept-Encoding
      X-Content-Type-Options:
      - nosniff
      X-Dd-Version:
      - "35.4115494"
      X-Frame-Options:
      - SAMEORIGIN
    status: 404 Not Found
    code: 404
    duration: ""
