---
version: 1
interactions:
- request:
    body: |
      {"config":{"assertions":[{"operator":"lessThan","target":2000,"type":"responseTime"}],"configVariables":[],"request":{"host":"agent-intake.logs.datadoghq.com","port":443}},"locations":["aws:eu-central-1"],"message":"Notify @datadog.user","name":"tf-TestAccDatadogSyntheticsTCPTest_importBasic-local-1617184107","options":{"min_location_failed":1,"tick_every":60},"status":"paused","subtype":"tcp","tags":["foo:bar","baz"],"type":"api"}
    form: {}
    headers:
      Accept:
      - application/json
      Content-Type:
      - application/json
      Dd-Operation-Id:
      - CreateSyntheticsAPITest
      User-Agent:
      - terraform-provider-datadog/dev (terraform 1.16.0; terraform-cli 0.12.7-sdk) datadog-api-client-go/1.0.0-beta.19+dev (go go1.15.3; os darwin; arch amd64)
    url: https://api.datadoghq.com/api/v1/synthetics/tests/api
    method: POST
  response:
    body: '{"status":"paused","public_id":"jd4-4eq-n4b","tags":["foo:bar","baz"],"org_id":321813,"locations":["aws:eu-central-1"],"message":"Notify @datadog.user","deleted_at":null,"name":"tf-TestAccDatadogSyntheticsTCPTest_importBasic-local-1617184107","monitor_id":33123865,"type":"api","created_at":"2021-03-31T09:48:27.462110+00:00","modified_at":"2021-03-31T09:48:27.462110+00:00","subtype":"tcp","config":{"request":{"host":"agent-intake.logs.datadoghq.com","port":443},"assertions":[{"operator":"lessThan","type":"responseTime","target":2000}],"configVariables":[]},"options":{"min_location_failed":1,"tick_every":60}}'
    headers:
      Cache-Control:
      - no-cache
      Connection:
      - keep-alive
      Content-Security-Policy:
      - frame-ancestors 'self'; report-uri https://api.datadoghq.com/csp-report
      Content-Type:
      - application/json
      Date:
      - Wed, 31 Mar 2021 09:48:28 GMT
      Pragma:
      - no-cache
      Strict-Transport-Security:
      - max-age=15724800;
      Vary:
      - Accept-Encoding
      X-Content-Type-Options:
      - nosniff
      X-Dd-Debug:
      - vdJ3/nHEY1ioXQ6pQrBVvsQK1s4yyc+wufBMPSoXql71qZVuP/xMdtNo6DafhOAk
      X-Dd-Version:
      - "35.4207470"
      X-Frame-Options:
      - SAMEORIGIN
      X-Ratelimit-Limit:
      - "120"
      X-Ratelimit-Period:
      - "60"
      X-Ratelimit-Remaining:
      - "106"
      X-Ratelimit-Reset:
      - "33"
    status: 200 OK
    code: 200
    duration: ""
- request:
    body: ""
    form: {}
    headers:
      Accept:
      - application/json
      Dd-Operation-Id:
      - GetTest
      User-Agent:
      - terraform-provider-datadog/dev (terraform 1.16.0; terraform-cli 0.12.7-sdk) datadog-api-client-go/1.0.0-beta.19+dev (go go1.15.3; os darwin; arch amd64)
    url: https://api.datadoghq.com/api/v1/synthetics/tests/jd4-4eq-n4b
    method: GET
  response:
    body: '{"status":"paused","public_id":"jd4-4eq-n4b","tags":["foo:bar","baz"],"locations":["aws:eu-central-1"],"message":"Notify @datadog.user","name":"tf-TestAccDatadogSyntheticsTCPTest_importBasic-local-1617184107","monitor_id":33123865,"type":"api","subtype":"tcp","config":{"request":{"host":"agent-intake.logs.datadoghq.com","port":443},"assertions":[{"operator":"lessThan","type":"responseTime","target":2000}],"configVariables":[]},"options":{"min_location_failed":1,"tick_every":60}}'
    headers:
      Cache-Control:
      - no-cache
      Connection:
      - keep-alive
      Content-Security-Policy:
      - frame-ancestors 'self'; report-uri https://api.datadoghq.com/csp-report
      Content-Type:
      - application/json
      Date:
      - Wed, 31 Mar 2021 09:48:28 GMT
      Pragma:
      - no-cache
      Strict-Transport-Security:
      - max-age=15724800;
      Vary:
      - Accept-Encoding
      X-Content-Type-Options:
      - nosniff
      X-Dd-Debug:
      - HbtaOKlJ6OCrx9tMXO6ivMTrEM+g0c93HDp08trmOmgdHozC5J+vn10F0H4WPjCU
      X-Dd-Version:
      - "35.4207470"
      X-Frame-Options:
      - SAMEORIGIN
      X-Ratelimit-Limit:
      - "1000"
      X-Ratelimit-Period:
      - "60"
      X-Ratelimit-Remaining:
      - "887"
      X-Ratelimit-Reset:
      - "32"
    status: 200 OK
    code: 200
    duration: ""
- request:
    body: ""
    form: {}
    headers:
      Accept:
      - application/json
      Dd-Operation-Id:
      - GetAPITest
      User-Agent:
      - terraform-provider-datadog/dev (terraform 1.16.0; terraform-cli 0.12.7-sdk) datadog-api-client-go/1.0.0-beta.19+dev (go go1.15.3; os darwin; arch amd64)
    url: https://api.datadoghq.com/api/v1/synthetics/tests/api/jd4-4eq-n4b
    method: GET
  response:
    body: '{"status":"paused","public_id":"jd4-4eq-n4b","tags":["foo:bar","baz"],"locations":["aws:eu-central-1"],"message":"Notify @datadog.user","name":"tf-TestAccDatadogSyntheticsTCPTest_importBasic-local-1617184107","monitor_id":33123865,"type":"api","subtype":"tcp","config":{"request":{"host":"agent-intake.logs.datadoghq.com","port":443},"assertions":[{"operator":"lessThan","type":"responseTime","target":2000}],"configVariables":[]},"options":{"min_location_failed":1,"tick_every":60}}'
    headers:
      Cache-Control:
      - no-cache
      Connection:
      - keep-alive
      Content-Security-Policy:
      - frame-ancestors 'self'; report-uri https://api.datadoghq.com/csp-report
      Content-Type:
      - application/json
      Date:
      - Wed, 31 Mar 2021 09:48:28 GMT
      Pragma:
      - no-cache
      Strict-Transport-Security:
      - max-age=15724800;
      Vary:
      - Accept-Encoding
      X-Content-Type-Options:
      - nosniff
      X-Dd-Debug:
      - l4HFlaRP3QwYSqoGKhzbYfv7zgkK63HIRR7YkyVYZspq0lGjjTBwoK8V/alf+XYt
      X-Dd-Version:
      - "35.4207470"
      X-Frame-Options:
      - SAMEORIGIN
      X-Ratelimit-Limit:
      - "1000"
      X-Ratelimit-Period:
      - "60"
      X-Ratelimit-Remaining:
      - "882"
      X-Ratelimit-Reset:
      - "32"
    status: 200 OK
    code: 200
    duration: ""
- request:
    body: ""
    form: {}
    headers:
      Accept:
      - application/json
      Dd-Operation-Id:
      - GetTest
      User-Agent:
      - terraform-provider-datadog/dev (terraform 1.16.0; terraform-cli ) datadog-api-client-go/1.0.0-beta.19+dev (go go1.15.3; os darwin; arch amd64)
    url: https://api.datadoghq.com/api/v1/synthetics/tests/jd4-4eq-n4b
    method: GET
  response:
    body: '{"status":"paused","public_id":"jd4-4eq-n4b","tags":["foo:bar","baz"],"locations":["aws:eu-central-1"],"message":"Notify @datadog.user","name":"tf-TestAccDatadogSyntheticsTCPTest_importBasic-local-1617184107","monitor_id":33123865,"type":"api","subtype":"tcp","config":{"request":{"host":"agent-intake.logs.datadoghq.com","port":443},"assertions":[{"operator":"lessThan","type":"responseTime","target":2000}],"configVariables":[]},"options":{"min_location_failed":1,"tick_every":60}}'
    headers:
      Cache-Control:
      - no-cache
      Connection:
      - keep-alive
      Content-Security-Policy:
      - frame-ancestors 'self'; report-uri https://api.datadoghq.com/csp-report
      Content-Type:
      - application/json
      Date:
      - Wed, 31 Mar 2021 09:48:29 GMT
      Pragma:
      - no-cache
      Strict-Transport-Security:
      - max-age=15724800;
      Vary:
      - Accept-Encoding
      X-Content-Type-Options:
      - nosniff
      X-Dd-Debug:
      - L3ULR3HwCWYmEqCWGz2Yob3chcH4pjowBacBXkncP7o+/uPqKt9yGEYf/g1AJPzQ
      X-Dd-Version:
      - "35.4207470"
      X-Frame-Options:
      - SAMEORIGIN
      X-Ratelimit-Limit:
      - "1000"
      X-Ratelimit-Period:
      - "60"
      X-Ratelimit-Remaining:
      - "874"
      X-Ratelimit-Reset:
      - "31"
    status: 200 OK
    code: 200
    duration: ""
- request:
    body: ""
    form: {}
    headers:
      Accept:
      - application/json
      Dd-Operation-Id:
      - GetAPITest
      User-Agent:
      - terraform-provider-datadog/dev (terraform 1.16.0; terraform-cli ) datadog-api-client-go/1.0.0-beta.19+dev (go go1.15.3; os darwin; arch amd64)
    url: https://api.datadoghq.com/api/v1/synthetics/tests/api/jd4-4eq-n4b
    method: GET
  response:
    body: '{"status":"paused","public_id":"jd4-4eq-n4b","tags":["foo:bar","baz"],"locations":["aws:eu-central-1"],"message":"Notify @datadog.user","name":"tf-TestAccDatadogSyntheticsTCPTest_importBasic-local-1617184107","monitor_id":33123865,"type":"api","subtype":"tcp","config":{"request":{"host":"agent-intake.logs.datadoghq.com","port":443},"assertions":[{"operator":"lessThan","type":"responseTime","target":2000}],"configVariables":[]},"options":{"min_location_failed":1,"tick_every":60}}'
    headers:
      Cache-Control:
      - no-cache
      Connection:
      - keep-alive
      Content-Security-Policy:
      - frame-ancestors 'self'; report-uri https://api.datadoghq.com/csp-report
      Content-Type:
      - application/json
      Date:
      - Wed, 31 Mar 2021 09:48:29 GMT
      Pragma:
      - no-cache
      Strict-Transport-Security:
      - max-age=15724800;
      Vary:
      - Accept-Encoding
      X-Content-Type-Options:
      - nosniff
      X-Dd-Debug:
      - Um4CoU685QqAscnxhS5BD+goWu2yX1Jd4zCfGzSsEvPPIm1qURZaF8dlLl/OEY4I
      X-Dd-Version:
      - "35.4207470"
      X-Frame-Options:
      - SAMEORIGIN
      X-Ratelimit-Limit:
      - "1000"
      X-Ratelimit-Period:
      - "60"
      X-Ratelimit-Remaining:
      - "869"
      X-Ratelimit-Reset:
      - "31"
    status: 200 OK
    code: 200
    duration: ""
- request:
    body: ""
    form: {}
    headers:
      Accept:
      - application/json
      Dd-Operation-Id:
      - GetTest
      User-Agent:
      - terraform-provider-datadog/dev (terraform 1.16.0; terraform-cli 0.12.7-sdk) datadog-api-client-go/1.0.0-beta.19+dev (go go1.15.3; os darwin; arch amd64)
    url: https://api.datadoghq.com/api/v1/synthetics/tests/jd4-4eq-n4b
    method: GET
  response:
    body: '{"status":"paused","public_id":"jd4-4eq-n4b","tags":["foo:bar","baz"],"locations":["aws:eu-central-1"],"message":"Notify @datadog.user","name":"tf-TestAccDatadogSyntheticsTCPTest_importBasic-local-1617184107","monitor_id":33123865,"type":"api","subtype":"tcp","config":{"request":{"host":"agent-intake.logs.datadoghq.com","port":443},"assertions":[{"operator":"lessThan","type":"responseTime","target":2000}],"configVariables":[]},"options":{"min_location_failed":1,"tick_every":60}}'
    headers:
      Cache-Control:
      - no-cache
      Connection:
      - keep-alive
      Content-Security-Policy:
      - frame-ancestors 'self'; report-uri https://api.datadoghq.com/csp-report
      Content-Type:
      - application/json
      Date:
      - Wed, 31 Mar 2021 09:48:29 GMT
      Pragma:
      - no-cache
      Strict-Transport-Security:
      - max-age=15724800;
      Vary:
      - Accept-Encoding
      X-Content-Type-Options:
      - nosniff
      X-Dd-Debug:
      - Um4CoU685QqAscnxhS5BD+goWu2yX1Jd4zCfGzSsEvPPIm1qURZaF8dlLl/OEY4I
      X-Dd-Version:
      - "35.4207470"
      X-Frame-Options:
      - SAMEORIGIN
      X-Ratelimit-Limit:
      - "1000"
      X-Ratelimit-Period:
      - "60"
      X-Ratelimit-Remaining:
      - "860"
      X-Ratelimit-Reset:
      - "31"
    status: 200 OK
    code: 200
    duration: ""
- request:
    body: ""
    form: {}
    headers:
      Accept:
      - application/json
      Dd-Operation-Id:
      - GetAPITest
      User-Agent:
      - terraform-provider-datadog/dev (terraform 1.16.0; terraform-cli 0.12.7-sdk) datadog-api-client-go/1.0.0-beta.19+dev (go go1.15.3; os darwin; arch amd64)
    url: https://api.datadoghq.com/api/v1/synthetics/tests/api/jd4-4eq-n4b
    method: GET
  response:
    body: '{"status":"paused","public_id":"jd4-4eq-n4b","tags":["foo:bar","baz"],"locations":["aws:eu-central-1"],"message":"Notify @datadog.user","name":"tf-TestAccDatadogSyntheticsTCPTest_importBasic-local-1617184107","monitor_id":33123865,"type":"api","subtype":"tcp","config":{"request":{"host":"agent-intake.logs.datadoghq.com","port":443},"assertions":[{"operator":"lessThan","type":"responseTime","target":2000}],"configVariables":[]},"options":{"min_location_failed":1,"tick_every":60}}'
    headers:
      Cache-Control:
      - no-cache
      Connection:
      - keep-alive
      Content-Security-Policy:
      - frame-ancestors 'self'; report-uri https://api.datadoghq.com/csp-report
      Content-Type:
      - application/json
      Date:
      - Wed, 31 Mar 2021 09:48:29 GMT
      Pragma:
      - no-cache
      Strict-Transport-Security:
      - max-age=15724800;
      Vary:
      - Accept-Encoding
      X-Content-Type-Options:
      - nosniff
      X-Dd-Debug:
      - F5gm0Rce1/Abr9/0Fw8HAqWfiz0FdiH8er/AXnN6lOn3L6KyGgbsLCwgPlob1No8
      X-Dd-Version:
      - "35.4207470"
      X-Frame-Options:
      - SAMEORIGIN
      X-Ratelimit-Limit:
      - "1000"
      X-Ratelimit-Period:
      - "60"
      X-Ratelimit-Remaining:
      - "856"
      X-Ratelimit-Reset:
      - "31"
    status: 200 OK
    code: 200
    duration: ""
- request:
    body: ""
    form: {}
    headers:
      Accept:
      - application/json
      Dd-Operation-Id:
      - GetTest
      User-Agent:
      - terraform-provider-datadog/dev (terraform 1.16.0; terraform-cli 0.12.7-sdk) datadog-api-client-go/1.0.0-beta.19+dev (go go1.15.3; os darwin; arch amd64)
    url: https://api.datadoghq.com/api/v1/synthetics/tests/jd4-4eq-n4b
    method: GET
  response:
    body: '{"status":"paused","public_id":"jd4-4eq-n4b","tags":["foo:bar","baz"],"locations":["aws:eu-central-1"],"message":"Notify @datadog.user","name":"tf-TestAccDatadogSyntheticsTCPTest_importBasic-local-1617184107","monitor_id":33123865,"type":"api","subtype":"tcp","config":{"request":{"host":"agent-intake.logs.datadoghq.com","port":443},"assertions":[{"operator":"lessThan","type":"responseTime","target":2000}],"configVariables":[]},"options":{"min_location_failed":1,"tick_every":60}}'
    headers:
      Cache-Control:
      - no-cache
      Connection:
      - keep-alive
      Content-Security-Policy:
      - frame-ancestors 'self'; report-uri https://api.datadoghq.com/csp-report
      Content-Type:
      - application/json
      Date:
      - Wed, 31 Mar 2021 09:48:30 GMT
      Pragma:
      - no-cache
      Strict-Transport-Security:
      - max-age=15724800;
      Vary:
      - Accept-Encoding
      X-Content-Type-Options:
      - nosniff
      X-Dd-Debug:
      - JpIJLwIH2nFlZOC+u71rq7aAOL43MLZN3MUsL+gpYHdZz5QLUOG8Jysf8kVK6tPU
      X-Dd-Version:
      - "35.4207470"
      X-Frame-Options:
      - SAMEORIGIN
      X-Ratelimit-Limit:
      - "1000"
      X-Ratelimit-Period:
      - "60"
      X-Ratelimit-Remaining:
      - "852"
      X-Ratelimit-Reset:
      - "30"
    status: 200 OK
    code: 200
    duration: ""
- request:
    body: ""
    form: {}
    headers:
      Accept:
      - application/json
      Dd-Operation-Id:
      - GetAPITest
      User-Agent:
      - terraform-provider-datadog/dev (terraform 1.16.0; terraform-cli 0.12.7-sdk) datadog-api-client-go/1.0.0-beta.19+dev (go go1.15.3; os darwin; arch amd64)
    url: https://api.datadoghq.com/api/v1/synthetics/tests/api/jd4-4eq-n4b
    method: GET
  response:
    body: '{"status":"paused","public_id":"jd4-4eq-n4b","tags":["foo:bar","baz"],"locations":["aws:eu-central-1"],"message":"Notify @datadog.user","name":"tf-TestAccDatadogSyntheticsTCPTest_importBasic-local-1617184107","monitor_id":33123865,"type":"api","subtype":"tcp","config":{"request":{"host":"agent-intake.logs.datadoghq.com","port":443},"assertions":[{"operator":"lessThan","type":"responseTime","target":2000}],"configVariables":[]},"options":{"min_location_failed":1,"tick_every":60}}'
    headers:
      Cache-Control:
      - no-cache
      Connection:
      - keep-alive
      Content-Security-Policy:
      - frame-ancestors 'self'; report-uri https://api.datadoghq.com/csp-report
      Content-Type:
      - application/json
      Date:
      - Wed, 31 Mar 2021 09:48:30 GMT
      Pragma:
      - no-cache
      Strict-Transport-Security:
      - max-age=15724800;
      Vary:
      - Accept-Encoding
      X-Content-Type-Options:
      - nosniff
      X-Dd-Debug:
      - vdJ3/nHEY1ioXQ6pQrBVvsQK1s4yyc+wufBMPSoXql71qZVuP/xMdtNo6DafhOAk
      X-Dd-Version:
      - "35.4207470"
      X-Frame-Options:
      - SAMEORIGIN
      X-Ratelimit-Limit:
      - "1000"
      X-Ratelimit-Period:
      - "60"
      X-Ratelimit-Remaining:
      - "846"
      X-Ratelimit-Reset:
      - "30"
    status: 200 OK
    code: 200
    duration: ""
- request:
    body: |
      {"public_ids":["jd4-4eq-n4b"]}
    form: {}
    headers:
      Accept:
      - application/json
      Content-Type:
      - application/json
      Dd-Operation-Id:
      - DeleteTests
      User-Agent:
      - terraform-provider-datadog/dev (terraform 1.16.0; terraform-cli 0.12.7-sdk) datadog-api-client-go/1.0.0-beta.19+dev (go go1.15.3; os darwin; arch amd64)
    url: https://api.datadoghq.com/api/v1/synthetics/tests/delete
    method: POST
  response:
    body: '{"deleted_tests":[{"deleted_at":"2021-03-31T09:48:31.959198+00:00","public_id":"jd4-4eq-n4b"}]}'
    headers:
      Cache-Control:
      - no-cache
      Connection:
      - keep-alive
      Content-Security-Policy:
      - frame-ancestors 'self'; report-uri https://api.datadoghq.com/csp-report
      Content-Type:
      - application/json
      Date:
      - Wed, 31 Mar 2021 09:48:32 GMT
      Pragma:
      - no-cache
      Strict-Transport-Security:
      - max-age=15724800;
      Vary:
      - Accept-Encoding
      X-Content-Type-Options:
      - nosniff
      X-Dd-Debug:
      - B1nwy/pPNqX+q4pQT22cdp1QCexE35IF8qwSHy0Nf7IW0Y881qtn4tXN1lpmzaKc
      X-Dd-Version:
      - "35.4207470"
      X-Frame-Options:
      - SAMEORIGIN
      X-Ratelimit-Limit:
      - "120"
      X-Ratelimit-Period:
      - "60"
      X-Ratelimit-Remaining:
      - "107"
      X-Ratelimit-Reset:
      - "29"
    status: 200 OK
    code: 200
    duration: ""
- request:
    body: ""
    form: {}
    headers:
      Accept:
      - application/json
      Dd-Operation-Id:
      - GetTest
      User-Agent:
      - terraform-provider-datadog/dev (terraform 1.16.0; terraform-cli 0.12.7-sdk) datadog-api-client-go/1.0.0-beta.19+dev (go go1.15.3; os darwin; arch amd64)
    url: https://api.datadoghq.com/api/v1/synthetics/tests/jd4-4eq-n4b
    method: GET
  response:
    body: '{"errors": ["Synthetics test not found"]}'
    headers:
      Cache-Control:
      - no-cache
      Connection:
      - keep-alive
      Content-Security-Policy:
      - frame-ancestors 'self'; report-uri https://api.datadoghq.com/csp-report
      Content-Type:
      - application/json
      Date:
      - Wed, 31 Mar 2021 09:48:32 GMT
      Pragma:
      - no-cache
      Strict-Transport-Security:
      - max-age=15724800;
      Vary:
      - Accept-Encoding
      X-Content-Type-Options:
      - nosniff
      X-Dd-Version:
      - "35.4207470"
      X-Frame-Options:
      - SAMEORIGIN
      X-Ratelimit-Limit:
      - "1000"
      X-Ratelimit-Period:
      - "60"
      X-Ratelimit-Remaining:
      - "832"
      X-Ratelimit-Reset:
      - "28"
    status: 404 Not Found
    code: 404
    duration: ""
