---
version: 1
interactions:
- request:
    body: |
      {"message":"some message Notify: @hipchat-channel","name":"tf-TestAccDatadogDowntime_BasicWithMonitor-local-1650558391","options":{"escalation_message":"the situation has escalated @pagerduty","include_tags":true,"new_host_delay":300,"no_data_timeframe":10,"notify_no_data":false,"require_full_window":true,"thresholds":{"critical":2,"warning":1}},"priority":0,"query":"avg(last_1h):avg:aws.ec2.cpu{environment:foo,host:foo} by {host} \u003e 2","tags":[],"type":"metric alert"}
    form: {}
    headers:
      Accept:
      - application/json
      Content-Type:
      - application/json
    url: https://api.datadoghq.com/api/v1/monitor/validate
    method: POST
  response:
    body: '{}'
    headers:
      Content-Type:
      - application/json
    status: 200 OK
    code: 200
    duration: ""
- request:
    body: |
      {"message":"some message Notify: @hipchat-channel","name":"tf-TestAccDatadogDowntime_BasicWithMonitor-local-1650558391","options":{"escalation_message":"the situation has escalated @pagerduty","include_tags":true,"new_host_delay":300,"no_data_timeframe":10,"notify_no_data":false,"require_full_window":true,"thresholds":{"critical":2,"warning":1}},"priority":0,"query":"avg(last_1h):avg:aws.ec2.cpu{environment:foo,host:foo} by {host} \u003e 2","tags":[],"type":"metric alert"}
    form: {}
    headers:
      Accept:
      - application/json
      Content-Type:
      - application/json
    url: https://api.datadoghq.com/api/v1/monitor/validate
    method: POST
  response:
    body: '{}'
    headers:
      Content-Type:
      - application/json
    status: 200 OK
    code: 200
    duration: ""
- request:
    body: |
      {"message":"some message Notify: @hipchat-channel","name":"tf-TestAccDatadogDowntime_BasicWithMonitor-local-1650558391","options":{"escalation_message":"the situation has escalated @pagerduty","include_tags":true,"new_host_delay":300,"no_data_timeframe":10,"notify_no_data":false,"require_full_window":true,"thresholds":{"critical":2,"warning":1}},"priority":0,"query":"avg(last_1h):avg:aws.ec2.cpu{environment:foo,host:foo} by {host} \u003e 2","tags":[],"type":"metric alert"}
    form: {}
    headers:
      Accept:
      - application/json
      Content-Type:
      - application/json
    url: https://api.datadoghq.com/api/v1/monitor/validate
    method: POST
  response:
    body: '{}'
    headers:
      Content-Type:
      - application/json
    status: 200 OK
    code: 200
    duration: ""
- request:
    body: |
      {"message":"some message Notify: @hipchat-channel","name":"tf-TestAccDatadogDowntime_BasicWithMonitor-local-1650558391","options":{"escalation_message":"the situation has escalated @pagerduty","include_tags":true,"new_host_delay":300,"notify_no_data":false,"require_full_window":true,"thresholds":{"critical":2,"warning":1}},"priority":0,"query":"avg(last_1h):avg:aws.ec2.cpu{environment:foo,host:foo} by {host} \u003e 2","tags":[],"type":"metric alert"}
    form: {}
    headers:
      Accept:
      - application/json
      Content-Type:
      - application/json
    url: https://api.datadoghq.com/api/v1/monitor
    method: POST
  response:
    body: '{"restricted_roles":null,"tags":[],"deleted":null,"query":"avg(last_1h):avg:aws.ec2.cpu{environment:foo,host:foo} by {host} > 2","message":"some message Notify: @hipchat-channel","id":69438919,"multi":true,"name":"tf-TestAccDatadogDowntime_BasicWithMonitor-local-1650558391","created":"2022-04-21T16:27:27.554433+00:00","created_at":1650558447000,"creator":{"id":1445416,"handle":"frog@datadoghq.com","name":null,"email":"frog@datadoghq.com"},"org_id":321813,"modified":"2022-04-21T16:27:27.554433+00:00","priority":null,"overall_state_modified":null,"overall_state":"No Data","type":"metric alert","options":{"notify_audit":false,"silenced":{},"include_tags":true,"thresholds":{"critical":2.0,"warning":1.0},"require_full_window":true,"new_host_delay":300,"notify_no_data":false,"escalation_message":"the situation has escalated @pagerduty"}}'
    headers:
      Content-Type:
      - application/json
    status: 200 OK
    code: 200
    duration: ""
- request:
    body: |
      {"end":1650572791,"message":"tf-TestAccDatadogDowntime_BasicWithMonitor-local-1650558391","monitor_id":69438919,"scope":["*"],"start":1650569191,"timezone":"UTC"}
    form: {}
    headers:
      Accept:
      - application/json
      Content-Type:
      - application/json
    url: https://api.datadoghq.com/api/v1/downtime
    method: POST
  response:
    body: '{"recurrence":null,"end":1650572791,"monitor_tags":["*"],"child_id":null,"canceled":null,"monitor_id":69438919,"mute_first_recovery_notification":false,"created":1650558447,"org_id":321813,"modified":1650558447,"disabled":false,"start":1650569191,"creator_id":1445416,"parent_id":null,"timezone":"UTC","active":false,"scope":["*"],"message":"tf-TestAccDatadogDowntime_BasicWithMonitor-local-1650558391","downtime_type":0,"id":1895964978,"updater_id":null}'
    headers:
      Content-Type:
      - application/json
    status: 200 OK
    code: 200
    duration: ""
- request:
    body: ""
    form: {}
    headers:
      Accept:
      - application/json
    url: https://api.datadoghq.com/api/v1/downtime/1895964978
    method: GET
  response:
    body: '{"recurrence":null,"end":1650572791,"monitor_tags":["*"],"child_id":null,"canceled":null,"monitor_id":69438919,"mute_first_recovery_notification":false,"created":1650558447,"org_id":321813,"modified":1650558447,"disabled":false,"start":1650569191,"creator_id":1445416,"parent_id":null,"timezone":"UTC","active":false,"scope":["*"],"message":"tf-TestAccDatadogDowntime_BasicWithMonitor-local-1650558391","downtime_type":0,"id":1895964978,"updater_id":null}'
    headers:
      Content-Type:
      - application/json
    status: 200 OK
    code: 200
    duration: ""
- request:
    body: |
      {"message":"some message Notify: @hipchat-channel","name":"tf-TestAccDatadogDowntime_BasicWithMonitor-local-1650558391","options":{"escalation_message":"the situation has escalated @pagerduty","include_tags":true,"new_host_delay":300,"no_data_timeframe":10,"notify_no_data":false,"require_full_window":true,"thresholds":{"critical":2,"warning":1}},"priority":0,"query":"avg(last_1h):avg:aws.ec2.cpu{environment:foo,host:foo} by {host} \u003e 2","tags":[],"type":"metric alert"}
    form: {}
    headers:
      Accept:
      - application/json
      Content-Type:
      - application/json
    url: https://api.datadoghq.com/api/v1/monitor/69438919/validate
    method: POST
  response:
    body: '{}'
    headers:
      Content-Type:
      - application/json
    status: 200 OK
    code: 200
    duration: ""
- request:
    body: ""
    form: {}
    headers:
      Accept:
      - application/json
    url: https://api.datadoghq.com/api/v1/monitor/69438919
    method: GET
  response:
    body: '{"restricted_roles":null,"tags":[],"deleted":null,"query":"avg(last_1h):avg:aws.ec2.cpu{environment:foo,host:foo} by {host} > 2","message":"some message Notify: @hipchat-channel","id":69438919,"multi":true,"name":"tf-TestAccDatadogDowntime_BasicWithMonitor-local-1650558391","created":"2022-04-21T16:27:27.554433+00:00","created_at":1650558447000,"creator":{"id":1445416,"handle":"frog@datadoghq.com","name":null,"email":"frog@datadoghq.com"},"org_id":321813,"modified":"2022-04-21T16:27:27.554433+00:00","priority":null,"overall_state_modified":null,"overall_state":"No Data","type":"metric alert","options":{"notify_audit":false,"silenced":{"*":1650572791},"include_tags":true,"thresholds":{"critical":2.0,"warning":1.0},"require_full_window":true,"new_host_delay":300,"notify_no_data":false,"escalation_message":"the situation has escalated @pagerduty"}}'
    headers:
      Content-Type:
      - application/json
    status: 200 OK
    code: 200
    duration: ""
- request:
    body: |
      {"message":"some message Notify: @hipchat-channel","name":"tf-TestAccDatadogDowntime_BasicWithMonitor-local-1650558391","options":{"escalation_message":"the situation has escalated @pagerduty","include_tags":true,"new_host_delay":300,"no_data_timeframe":10,"notify_no_data":false,"require_full_window":true,"thresholds":{"critical":2,"warning":1}},"priority":0,"query":"avg(last_1h):avg:aws.ec2.cpu{environment:foo,host:foo} by {host} \u003e 2","tags":[],"type":"metric alert"}
    form: {}
    headers:
      Accept:
      - application/json
      Content-Type:
      - application/json
    url: https://api.datadoghq.com/api/v1/monitor/69438919/validate
    method: POST
  response:
    body: '{}'
    headers:
      Content-Type:
      - application/json
    status: 200 OK
    code: 200
    duration: ""
- request:
    body: ""
    form: {}
    headers:
      Accept:
      - application/json
    url: https://api.datadoghq.com/api/v1/downtime/1895964978
    method: GET
  response:
    body: '{"recurrence":null,"end":1650572791,"monitor_tags":["*"],"child_id":null,"canceled":null,"monitor_id":69438919,"mute_first_recovery_notification":false,"created":1650558447,"org_id":321813,"modified":1650558447,"disabled":false,"start":1650569191,"creator_id":1445416,"parent_id":null,"timezone":"UTC","active":false,"scope":["*"],"message":"tf-TestAccDatadogDowntime_BasicWithMonitor-local-1650558391","downtime_type":0,"id":1895964978,"updater_id":null}'
    headers:
      Content-Type:
      - application/json
    status: 200 OK
    code: 200
    duration: ""
- request:
    body: |
      {"message":"some message Notify: @hipchat-channel","name":"tf-TestAccDatadogDowntime_BasicWithMonitor-local-1650558391","options":{"escalation_message":"the situation has escalated @pagerduty","include_tags":true,"new_host_delay":300,"no_data_timeframe":10,"notify_no_data":false,"require_full_window":true,"thresholds":{"critical":2,"warning":1}},"priority":0,"query":"avg(last_1h):avg:aws.ec2.cpu{environment:foo,host:foo} by {host} \u003e 2","tags":[],"type":"metric alert"}
    form: {}
    headers:
      Accept:
      - application/json
      Content-Type:
      - application/json
    url: https://api.datadoghq.com/api/v1/monitor/69438919/validate
    method: POST
  response:
    body: '{}'
    headers:
      Content-Type:
      - application/json
    status: 200 OK
    code: 200
    duration: ""
- request:
    body: ""
    form: {}
    headers:
      Accept:
      - '*/*'
    url: https://api.datadoghq.com/api/v1/downtime/1895964978
    method: DELETE
  response:
    body: ""
    headers: {}
    status: 204 No Content
    code: 204
    duration: ""
- request:
    body: ""
    form: {}
    headers:
      Accept:
      - application/json
    url: https://api.datadoghq.com/api/v1/monitor/69438919
    method: DELETE
  response:
    body: '{"deleted_monitor_id":69438919}'
    headers:
      Content-Type:
      - application/json
    status: 200 OK
    code: 200
    duration: ""
- request:
    body: ""
    form: {}
    headers:
      Accept:
      - application/json
    url: https://api.datadoghq.com/api/v1/downtime/1895964978
    method: GET
  response:
    body: '{"recurrence":null,"end":1650572791,"monitor_tags":["*"],"child_id":null,"canceled":1650558519,"monitor_id":69438919,"mute_first_recovery_notification":false,"created":1650558447,"org_id":321813,"modified":1650558519,"disabled":true,"start":1650569191,"creator_id":1445416,"parent_id":null,"timezone":"UTC","active":false,"scope":["*"],"message":"tf-TestAccDatadogDowntime_BasicWithMonitor-local-1650558391","downtime_type":0,"id":1895964978,"updater_id":1445416}'
    headers:
      Content-Type:
      - application/json
    status: 200 OK
    code: 200
    duration: ""
