---
version: 1
interactions:
- request:
    body: |
      {"client_id":"testc7f6-1234-5678-9101-3fcbf464test","client_secret":"testingx./Sw*g/Y33t..R1cH+hScMDt","host_filters":"foo:bar,buzz:lightyear","tenant_name":"tf-TestAccDatadogIntegrationAzure-local-1609425762"}
    form: {}
    headers:
      Accept:
      - application/json
      Content-Type:
      - application/json
      Dd-Operation-Id:
      - CreateAzureIntegration
      User-Agent:
      - terraform-provider-datadog/dev (terraform 1.15.0; terraform-cli 0.12.7-sdk)
        datadog-api-client-go/1.0.0-beta.13+dev (go go1.15.4; os darwin; arch amd64)
      X-Datadog-Parent-Id:
      - "8433320229476329363"
      X-Datadog-Sampling-Priority:
      - "1"
      X-Datadog-Trace-Id:
      - "1560609427575189856"
    url: https://api.datadoghq.com/api/v1/integration/azure
    method: POST
  response:
    body: '{}'
    headers:
      Cache-Control:
      - no-cache
      Connection:
      - keep-alive
      Content-Length:
      - "2"
      Content-Security-Policy:
      - frame-ancestors 'self'; report-uri https://api.datadoghq.com/csp-report
      Content-Type:
      - application/json
      Date:
      - Thu, 31 Dec 2020 14:42:44 GMT
      Pragma:
      - no-cache
      Set-Cookie:
      - DD-PSHARD=233; Max-Age=604800; Path=/; expires=Thu, 07-Jan-2021 14:42:43 GMT;
        secure; HttpOnly
      Strict-Transport-Security:
      - max-age=15724800;
      X-Content-Type-Options:
      - nosniff
      X-Dd-Debug:
      - n9uz1T+WujhmfsGndIdy1tCYb5bh9AzSyYOT5TTjJX23RGEavHxGqcz400IC+bY1
      X-Dd-Version:
      - "35.3622023"
      X-Frame-Options:
      - SAMEORIGIN
    status: 200 OK
    code: 200
    duration: ""
- request:
    body: ""
    form: {}
    headers:
      Accept:
      - application/json
      Dd-Operation-Id:
      - ListAzureIntegration
      User-Agent:
      - terraform-provider-datadog/dev (terraform 1.15.0; terraform-cli 0.12.7-sdk)
        datadog-api-client-go/1.0.0-beta.13+dev (go go1.15.4; os darwin; arch amd64)
      X-Datadog-Parent-Id:
      - "2685152266864873666"
      X-Datadog-Sampling-Priority:
      - "1"
      X-Datadog-Trace-Id:
      - "1560609427575189856"
    url: https://api.datadoghq.com/api/v1/integration/azure
    method: GET
  response:
    body: '[{"tenant_name":"java-createAzureIntegrationTest-30774-1604680419","errors":["Datadog
      could not query tenant java-createAzureIntegrationTest-30774-1604680419 and
      client ID javatest-1234-5678-9101-3fcbf464test: invalid credentials"],"host_filters":"","client_id":"javatest-1234-5678-9101-3fcbf464test"},{"tenant_name":"testc44-1234-5678-9101-cc00736ftest","errors":["Datadog
      could not query tenant testc44-1234-5678-9101-cc00736ftest and client ID testc7f6-1234-5678-9101-3fcbf464test:
      invalid credentials"],"host_filters":"api:test","client_id":"testc7f6-1234-5678-9101-3fcbf464test"},{"tenant_name":"tf-TestAccDatadogIntegrationAzure-local-1609425762","errors":[],"host_filters":"foo:bar,buzz:lightyear","client_id":"testc7f6-1234-5678-9101-3fcbf464test"}]'
    headers:
      Cache-Control:
      - no-cache
      Connection:
      - keep-alive
      Content-Security-Policy:
      - frame-ancestors 'self'; report-uri https://api.datadoghq.com/csp-report
      Content-Type:
      - application/json
      Date:
      - Thu, 31 Dec 2020 14:42:45 GMT
      Pragma:
      - no-cache
      Set-Cookie:
      - DD-PSHARD=233; Max-Age=604800; Path=/; expires=Thu, 07-Jan-2021 14:42:45 GMT;
        secure; HttpOnly
      Strict-Transport-Security:
      - max-age=15724800;
      Vary:
      - Accept-Encoding
      X-Content-Type-Options:
      - nosniff
      X-Dd-Debug:
      - Xg/YZweB8L/9y2bk9dLfKv6mTe53iWJN13eGXk6rwnDvTKZPuXf1i9AdXnCIzJ+B
      X-Dd-Version:
      - "35.3622023"
      X-Frame-Options:
      - SAMEORIGIN
    status: 200 OK
    code: 200
    duration: ""
- request:
    body: ""
    form: {}
    headers:
      Accept:
      - application/json
      Dd-Operation-Id:
      - ListAzureIntegration
      User-Agent:
      - terraform-provider-datadog/dev (terraform 1.15.0; terraform-cli 0.12.7-sdk)
        datadog-api-client-go/1.0.0-beta.13+dev (go go1.15.4; os darwin; arch amd64)
      X-Datadog-Parent-Id:
      - "4576729107386097032"
      X-Datadog-Sampling-Priority:
      - "1"
      X-Datadog-Trace-Id:
      - "1560609427575189856"
    url: https://api.datadoghq.com/api/v1/integration/azure
    method: GET
  response:
    body: '[{"tenant_name":"java-createAzureIntegrationTest-30774-1604680419","errors":["Datadog
      could not query tenant java-createAzureIntegrationTest-30774-1604680419 and
      client ID javatest-1234-5678-9101-3fcbf464test: invalid credentials"],"host_filters":"","client_id":"javatest-1234-5678-9101-3fcbf464test"},{"tenant_name":"testc44-1234-5678-9101-cc00736ftest","errors":["Datadog
      could not query tenant testc44-1234-5678-9101-cc00736ftest and client ID testc7f6-1234-5678-9101-3fcbf464test:
      invalid credentials"],"host_filters":"api:test","client_id":"testc7f6-1234-5678-9101-3fcbf464test"},{"tenant_name":"tf-TestAccDatadogIntegrationAzure-local-1609425762","errors":[],"host_filters":"foo:bar,buzz:lightyear","client_id":"testc7f6-1234-5678-9101-3fcbf464test"}]'
    headers:
      Cache-Control:
      - no-cache
      Connection:
      - keep-alive
      Content-Security-Policy:
      - frame-ancestors 'self'; report-uri https://api.datadoghq.com/csp-report
      Content-Type:
      - application/json
      Date:
      - Thu, 31 Dec 2020 14:42:46 GMT
      Pragma:
      - no-cache
      Set-Cookie:
      - DD-PSHARD=233; Max-Age=604800; Path=/; expires=Thu, 07-Jan-2021 14:42:45 GMT;
        secure; HttpOnly
      Strict-Transport-Security:
      - max-age=15724800;
      Vary:
      - Accept-Encoding
      X-Content-Type-Options:
      - nosniff
      X-Dd-Debug:
      - czEVy5beKXV4pQAZ5xftzVoEe/6sl5mAUrgslod1oQM8E1r6UMNK9mDY9umj8H+Q
      X-Dd-Version:
      - "35.3622023"
      X-Frame-Options:
      - SAMEORIGIN
    status: 200 OK
    code: 200
    duration: ""
- request:
    body: ""
    form: {}
    headers:
      Accept:
      - application/json
      Dd-Operation-Id:
      - ListAzureIntegration
      User-Agent:
      - terraform-provider-datadog/dev (terraform 1.15.0; terraform-cli 0.12.7-sdk)
        datadog-api-client-go/1.0.0-beta.13+dev (go go1.15.4; os darwin; arch amd64)
      X-Datadog-Parent-Id:
      - "6015010261539279311"
      X-Datadog-Sampling-Priority:
      - "1"
      X-Datadog-Trace-Id:
      - "1560609427575189856"
    url: https://api.datadoghq.com/api/v1/integration/azure
    method: GET
  response:
    body: '[{"tenant_name":"java-createAzureIntegrationTest-30774-1604680419","errors":["Datadog
      could not query tenant java-createAzureIntegrationTest-30774-1604680419 and
      client ID javatest-1234-5678-9101-3fcbf464test: invalid credentials"],"host_filters":"","client_id":"javatest-1234-5678-9101-3fcbf464test"},{"tenant_name":"testc44-1234-5678-9101-cc00736ftest","errors":["Datadog
      could not query tenant testc44-1234-5678-9101-cc00736ftest and client ID testc7f6-1234-5678-9101-3fcbf464test:
      invalid credentials"],"host_filters":"api:test","client_id":"testc7f6-1234-5678-9101-3fcbf464test"},{"tenant_name":"tf-TestAccDatadogIntegrationAzure-local-1609425762","errors":[],"host_filters":"foo:bar,buzz:lightyear","client_id":"testc7f6-1234-5678-9101-3fcbf464test"}]'
    headers:
      Cache-Control:
      - no-cache
      Connection:
      - keep-alive
      Content-Security-Policy:
      - frame-ancestors 'self'; report-uri https://api.datadoghq.com/csp-report
      Content-Type:
      - application/json
      Date:
      - Thu, 31 Dec 2020 14:42:46 GMT
      Pragma:
      - no-cache
      Set-Cookie:
      - DD-PSHARD=233; Max-Age=604800; Path=/; expires=Thu, 07-Jan-2021 14:42:46 GMT;
        secure; HttpOnly
      Strict-Transport-Security:
      - max-age=15724800;
      Vary:
      - Accept-Encoding
      X-Content-Type-Options:
      - nosniff
      X-Dd-Debug:
      - XhN3sROXhRtxvw2F+uRtJTWMwUQRYhDKBCNr1DfCqtzQgh490ZXtNSOhIx1TzG8K
      X-Dd-Version:
      - "35.3622023"
      X-Frame-Options:
      - SAMEORIGIN
    status: 200 OK
    code: 200
    duration: ""
- request:
    body: ""
    form: {}
    headers:
      Accept:
      - application/json
      Dd-Operation-Id:
      - ListAzureIntegration
      User-Agent:
      - terraform-provider-datadog/dev (terraform 1.15.0; terraform-cli 0.12.7-sdk)
        datadog-api-client-go/1.0.0-beta.13+dev (go go1.15.4; os darwin; arch amd64)
      X-Datadog-Parent-Id:
      - "8510074786307460896"
      X-Datadog-Sampling-Priority:
      - "1"
      X-Datadog-Trace-Id:
      - "1560609427575189856"
    url: https://api.datadoghq.com/api/v1/integration/azure
    method: GET
  response:
    body: '[{"tenant_name":"java-createAzureIntegrationTest-30774-1604680419","errors":["Datadog
      could not query tenant java-createAzureIntegrationTest-30774-1604680419 and
      client ID javatest-1234-5678-9101-3fcbf464test: invalid credentials"],"host_filters":"","client_id":"javatest-1234-5678-9101-3fcbf464test"},{"tenant_name":"testc44-1234-5678-9101-cc00736ftest","errors":["Datadog
      could not query tenant testc44-1234-5678-9101-cc00736ftest and client ID testc7f6-1234-5678-9101-3fcbf464test:
      invalid credentials"],"host_filters":"api:test","client_id":"testc7f6-1234-5678-9101-3fcbf464test"},{"tenant_name":"tf-TestAccDatadogIntegrationAzure-local-1609425762","errors":[],"host_filters":"foo:bar,buzz:lightyear","client_id":"testc7f6-1234-5678-9101-3fcbf464test"}]'
    headers:
      Cache-Control:
      - no-cache
      Connection:
      - keep-alive
      Content-Security-Policy:
      - frame-ancestors 'self'; report-uri https://api.datadoghq.com/csp-report
      Content-Type:
      - application/json
      Date:
      - Thu, 31 Dec 2020 14:42:47 GMT
      Pragma:
      - no-cache
      Set-Cookie:
      - DD-PSHARD=233; Max-Age=604800; Path=/; expires=Thu, 07-Jan-2021 14:42:47 GMT;
        secure; HttpOnly
      Strict-Transport-Security:
      - max-age=15724800;
      Vary:
      - Accept-Encoding
      X-Content-Type-Options:
      - nosniff
      X-Dd-Debug:
      - kz7POzMRR1DtZrw59X15p2pAWXtFgVtBoSlzXFcGszy5lhwGx7f8GB820VUZODrm
      X-Dd-Version:
      - "35.3622023"
      X-Frame-Options:
      - SAMEORIGIN
    status: 200 OK
    code: 200
    duration: ""
- request:
    body: |
      {"client_id":"testc7f6-1234-5678-9101-3fcbf464test","client_secret":"testingx./Sw*g/Y33t..R1cH+hScMDt","host_filters":"foo:bar,buzz:lightyear","tenant_name":"tf-TestAccDatadogIntegrationAzure-local-1609425762"}
    form: {}
    headers:
      Accept:
      - application/json
      Content-Type:
      - application/json
      Dd-Operation-Id:
      - DeleteAzureIntegration
      User-Agent:
      - terraform-provider-datadog/dev (terraform 1.15.0; terraform-cli 0.12.7-sdk)
        datadog-api-client-go/1.0.0-beta.13+dev (go go1.15.4; os darwin; arch amd64)
      X-Datadog-Parent-Id:
      - "8473975105697247354"
      X-Datadog-Sampling-Priority:
      - "1"
      X-Datadog-Trace-Id:
      - "1560609427575189856"
    url: https://api.datadoghq.com/api/v1/integration/azure
    method: DELETE
  response:
    body: '{}'
    headers:
      Cache-Control:
      - no-cache
      Connection:
      - keep-alive
      Content-Length:
      - "2"
      Content-Security-Policy:
      - frame-ancestors 'self'; report-uri https://api.datadoghq.com/csp-report
      Content-Type:
      - application/json
      Date:
      - Thu, 31 Dec 2020 14:42:48 GMT
      Pragma:
      - no-cache
      Set-Cookie:
      - DD-PSHARD=233; Max-Age=604800; Path=/; expires=Thu, 07-Jan-2021 14:42:48 GMT;
        secure; HttpOnly
      Strict-Transport-Security:
      - max-age=15724800;
      X-Content-Type-Options:
      - nosniff
      X-Dd-Debug:
      - 5x0PMB2EV7ostoQ8Atq4xA2+Yg42JuDoghGuHR/nVEOXOx15i0lNYfIS41IGAJpz
      X-Dd-Version:
      - "35.3622023"
      X-Frame-Options:
      - SAMEORIGIN
    status: 200 OK
    code: 200
    duration: ""
- request:
    body: ""
    form: {}
    headers:
      Accept:
      - application/json
      Dd-Operation-Id:
      - ListAzureIntegration
      User-Agent:
      - terraform-provider-datadog/dev (terraform 1.15.0; terraform-cli 0.12.7-sdk)
        datadog-api-client-go/1.0.0-beta.13+dev (go go1.15.4; os darwin; arch amd64)
      X-Datadog-Parent-Id:
      - "7168591861154542277"
      X-Datadog-Sampling-Priority:
      - "1"
      X-Datadog-Trace-Id:
      - "1560609427575189856"
    url: https://api.datadoghq.com/api/v1/integration/azure
    method: GET
  response:
    body: '[{"tenant_name":"java-createAzureIntegrationTest-30774-1604680419","errors":["Datadog
      could not query tenant java-createAzureIntegrationTest-30774-1604680419 and
      client ID javatest-1234-5678-9101-3fcbf464test: invalid credentials"],"host_filters":"","client_id":"javatest-1234-5678-9101-3fcbf464test"},{"tenant_name":"testc44-1234-5678-9101-cc00736ftest","errors":["Datadog
      could not query tenant testc44-1234-5678-9101-cc00736ftest and client ID testc7f6-1234-5678-9101-3fcbf464test:
      invalid credentials"],"host_filters":"api:test","client_id":"testc7f6-1234-5678-9101-3fcbf464test"}]'
    headers:
      Cache-Control:
      - no-cache
      Connection:
      - keep-alive
      Content-Security-Policy:
      - frame-ancestors 'self'; report-uri https://api.datadoghq.com/csp-report
      Content-Type:
      - application/json
      Date:
      - Thu, 31 Dec 2020 14:42:48 GMT
      Pragma:
      - no-cache
      Set-Cookie:
      - DD-PSHARD=233; Max-Age=604800; Path=/; expires=Thu, 07-Jan-2021 14:42:48 GMT;
        secure; HttpOnly
      Strict-Transport-Security:
      - max-age=15724800;
      Vary:
      - Accept-Encoding
      X-Content-Type-Options:
      - nosniff
      X-Dd-Debug:
      - XH13bHMKtoQVJueISAFCWP0HSHfKJRB7S49EcUHZy7wuPUHvZ/XfTy/P1yRgU1Db
      X-Dd-Version:
      - "35.3622023"
      X-Frame-Options:
      - SAMEORIGIN
    status: 200 OK
    code: 200
    duration: ""
