---
version: 1
interactions:
- request:
    body: |
      {"cases":[{"condition":"first \u003e 3 || second \u003e 10","name":"high case","notifications":["@user"],"status":"high"},{"condition":"first \u003e 0 || second \u003e 0","name":"warning case","notifications":[],"status":"medium"}],"isEnabled":false,"message":"acceptance rule triggered","name":"tf-TestAccDatadogSecurityMonitoringRule_Basic-local-1624624848","options":{"detectionMethod":"threshold","evaluationWindow":300,"keepAlive":600,"maxSignalDuration":900},"queries":[{"aggregation":"count","distinctFields":[],"groupByFields":["host"],"metric":"","name":"first","query":"does not really match much"},{"aggregation":"cardinality","distinctFields":["@orgId"],"groupByFields":["host"],"metric":"@network.bytes_read","name":"second","query":"does not really match much either"}],"tags":["i:tomato","u:tomato"]}
    form: {}
    headers:
      Accept:
      - application/json
      Content-Type:
      - application/json
      Dd-Operation-Id:
      - CreateSecurityMonitoringRule
      User-Agent:
      - terraform-provider-datadog/dev (terraform 2.6.1; terraform-cli 1.0.0) datadog-api-client-go/1.1.0 (go go1.16.5; os darwin; arch amd64)
    url: https://api.datadoghq.com/api/v2/security_monitoring/rules
    method: POST
  response:
    body: '{"creationAuthorId":1445416,"tags":["u:tomato","i:tomato"],"isEnabled":false,"hasExtendedTitle":false,"message":"acceptance rule triggered","options":{"detectionMethod":"threshold","evaluationWindow":300,"maxSignalDuration":900,"keepAlive":600},"version":1,"createdAt":1624624851951,"filters":[],"queries":[{"distinctFields":[],"name":"first","metric":"","aggregation":"count","groupByFields":["host"],"query":"does not really match much"},{"distinctFields":["@orgId"],"name":"second","metric":"@network.bytes_read","aggregation":"cardinality","groupByFields":["host"],"query":"does not really match much either"}],"isDeleted":false,"cases":[{"status":"high","notifications":["@user"],"name":"high case","condition":"first > 3 || second > 10"},{"status":"medium","notifications":[],"name":"warning case","condition":"first > 0 || second > 0"}],"type":"log_detection","id":"kyd-a41-4qk","isDefault":false,"name":"tf-TestAccDatadogSecurityMonitoringRule_Basic-local-1624624848"}'
    headers:
      Cache-Control:
      - no-cache
      Connection:
      - keep-alive
      Content-Disposition:
      - inline
      Content-Security-Policy:
      - frame-ancestors 'self'; report-uri https://api.datadoghq.com/csp-report
      Content-Type:
      - application/json;charset=utf-8
      Date:
      - Fri, 25 Jun 2021 12:40:51 GMT
      Pragma:
      - no-cache
      Strict-Transport-Security:
      - max-age=15724800;
      Vary:
      - Accept-Encoding
      X-Content-Type-Options:
      - nosniff
      X-Dd-Debug:
      - twvpGlmuom5y6A0pjGtXzTf554cmwJgTcCZ71fK4H/RDi+v5ehBK0zQiRcTJQG5C
      X-Dd-Version:
      - "35.4832146"
      X-Frame-Options:
      - SAMEORIGIN
      X-Ratelimit-Limit:
      - "600"
      X-Ratelimit-Period:
      - "60"
      X-Ratelimit-Remaining:
      - "599"
      X-Ratelimit-Reset:
      - "9"
    status: 200 OK
    code: 200
    duration: ""
- request:
    body: ""
    form: {}
    headers:
      Accept:
      - application/json
      Dd-Operation-Id:
      - GetSecurityMonitoringRule
      User-Agent:
      - terraform-provider-datadog/dev (terraform 2.6.1; terraform-cli 1.0.0) datadog-api-client-go/1.1.0 (go go1.16.5; os darwin; arch amd64)
    url: https://api.datadoghq.com/api/v2/security_monitoring/rules/kyd-a41-4qk
    method: GET
  response:
    body: '{"creationAuthorId":1445416,"tags":["u:tomato","i:tomato"],"isEnabled":false,"hasExtendedTitle":false,"message":"acceptance rule triggered","options":{"detectionMethod":"threshold","evaluationWindow":300,"maxSignalDuration":900,"keepAlive":600},"version":1,"createdAt":1624624851951,"filters":[],"queries":[{"distinctFields":[],"name":"first","metric":"","aggregation":"count","groupByFields":["host"],"query":"does not really match much"},{"distinctFields":["@orgId"],"name":"second","metric":"@network.bytes_read","aggregation":"cardinality","groupByFields":["host"],"query":"does not really match much either"}],"isDeleted":false,"cases":[{"status":"high","notifications":["@user"],"name":"high case","condition":"first > 3 || second > 10"},{"status":"medium","notifications":[],"name":"warning case","condition":"first > 0 || second > 0"}],"type":"log_detection","id":"kyd-a41-4qk","isDefault":false,"name":"tf-TestAccDatadogSecurityMonitoringRule_Basic-local-1624624848"}'
    headers:
      Cache-Control:
      - no-cache
      Connection:
      - keep-alive
      Content-Disposition:
      - inline
      Content-Security-Policy:
      - frame-ancestors 'self'; report-uri https://api.datadoghq.com/csp-report
      Content-Type:
      - application/json;charset=utf-8
      Date:
      - Fri, 25 Jun 2021 12:40:52 GMT
      Pragma:
      - no-cache
      Strict-Transport-Security:
      - max-age=15724800;
      Vary:
      - Accept-Encoding
      X-Content-Type-Options:
      - nosniff
      X-Dd-Debug:
      - Um4CoU685QqAscnxhS5BD+goWu2yX1Jd4zCfGzSsEvPPIm1qURZaF8dlLl/OEY4I
      X-Dd-Version:
      - "35.4832146"
      X-Frame-Options:
      - SAMEORIGIN
      X-Ratelimit-Limit:
      - "600"
      X-Ratelimit-Period:
      - "60"
      X-Ratelimit-Remaining:
      - "594"
      X-Ratelimit-Reset:
      - "8"
    status: 200 OK
    code: 200
    duration: ""
- request:
    body: ""
    form: {}
    headers:
      Accept:
      - application/json
      Dd-Operation-Id:
      - GetSecurityMonitoringRule
      User-Agent:
      - terraform-provider-datadog/dev (terraform 2.6.1; terraform-cli 1.0.0) datadog-api-client-go/1.1.0 (go go1.16.5; os darwin; arch amd64)
    url: https://api.datadoghq.com/api/v2/security_monitoring/rules/kyd-a41-4qk
    method: GET
  response:
    body: '{"creationAuthorId":1445416,"tags":["u:tomato","i:tomato"],"isEnabled":false,"hasExtendedTitle":false,"message":"acceptance rule triggered","options":{"detectionMethod":"threshold","evaluationWindow":300,"maxSignalDuration":900,"keepAlive":600},"version":1,"createdAt":1624624851951,"filters":[],"queries":[{"distinctFields":[],"name":"first","metric":"","aggregation":"count","groupByFields":["host"],"query":"does not really match much"},{"distinctFields":["@orgId"],"name":"second","metric":"@network.bytes_read","aggregation":"cardinality","groupByFields":["host"],"query":"does not really match much either"}],"isDeleted":false,"cases":[{"status":"high","notifications":["@user"],"name":"high case","condition":"first > 3 || second > 10"},{"status":"medium","notifications":[],"name":"warning case","condition":"first > 0 || second > 0"}],"type":"log_detection","id":"kyd-a41-4qk","isDefault":false,"name":"tf-TestAccDatadogSecurityMonitoringRule_Basic-local-1624624848"}'
    headers:
      Cache-Control:
      - no-cache
      Connection:
      - keep-alive
      Content-Disposition:
      - inline
      Content-Security-Policy:
      - frame-ancestors 'self'; report-uri https://api.datadoghq.com/csp-report
      Content-Type:
      - application/json;charset=utf-8
      Date:
      - Fri, 25 Jun 2021 12:40:53 GMT
      Pragma:
      - no-cache
      Strict-Transport-Security:
      - max-age=15724800;
      Vary:
      - Accept-Encoding
      X-Content-Type-Options:
      - nosniff
      X-Dd-Debug:
      - gYZcaADwbKcv7Hm19HJx6WsLoKuOijDWAt2viPeCfWqUgyKY+9e1xZdmMJeXV3YV
      X-Dd-Version:
      - "35.4832146"
      X-Frame-Options:
      - SAMEORIGIN
      X-Ratelimit-Limit:
      - "600"
      X-Ratelimit-Period:
      - "60"
      X-Ratelimit-Remaining:
      - "591"
      X-Ratelimit-Reset:
      - "7"
    status: 200 OK
    code: 200
    duration: ""
- request:
    body: ""
    form: {}
    headers:
      Accept:
      - application/json
      Dd-Operation-Id:
      - GetSecurityMonitoringRule
      User-Agent:
      - terraform-provider-datadog/dev (terraform 2.6.1; terraform-cli 1.0.0) datadog-api-client-go/1.1.0 (go go1.16.5; os darwin; arch amd64)
    url: https://api.datadoghq.com/api/v2/security_monitoring/rules/kyd-a41-4qk
    method: GET
  response:
    body: '{"creationAuthorId":1445416,"tags":["u:tomato","i:tomato"],"isEnabled":false,"hasExtendedTitle":false,"message":"acceptance rule triggered","options":{"detectionMethod":"threshold","evaluationWindow":300,"maxSignalDuration":900,"keepAlive":600},"version":1,"createdAt":1624624851951,"filters":[],"queries":[{"distinctFields":[],"name":"first","metric":"","aggregation":"count","groupByFields":["host"],"query":"does not really match much"},{"distinctFields":["@orgId"],"name":"second","metric":"@network.bytes_read","aggregation":"cardinality","groupByFields":["host"],"query":"does not really match much either"}],"isDeleted":false,"cases":[{"status":"high","notifications":["@user"],"name":"high case","condition":"first > 3 || second > 10"},{"status":"medium","notifications":[],"name":"warning case","condition":"first > 0 || second > 0"}],"type":"log_detection","id":"kyd-a41-4qk","isDefault":false,"name":"tf-TestAccDatadogSecurityMonitoringRule_Basic-local-1624624848"}'
    headers:
      Cache-Control:
      - no-cache
      Connection:
      - keep-alive
      Content-Disposition:
      - inline
      Content-Security-Policy:
      - frame-ancestors 'self'; report-uri https://api.datadoghq.com/csp-report
      Content-Type:
      - application/json;charset=utf-8
      Date:
      - Fri, 25 Jun 2021 12:40:55 GMT
      Pragma:
      - no-cache
      Strict-Transport-Security:
      - max-age=15724800;
      Vary:
      - Accept-Encoding
      X-Content-Type-Options:
      - nosniff
      X-Dd-Debug:
      - fIO2C4qGDheGHy4YbS+r3a3CXbh4cbRo7roILOimQyiHGjQdOat0cIpWCkupM1uX
      X-Dd-Version:
      - "35.4832146"
      X-Frame-Options:
      - SAMEORIGIN
      X-Ratelimit-Limit:
      - "600"
      X-Ratelimit-Period:
      - "60"
      X-Ratelimit-Remaining:
      - "586"
      X-Ratelimit-Reset:
      - "5"
    status: 200 OK
    code: 200
    duration: ""
- request:
    body: |
      {"cases":[{"condition":"first_updated \u003e 3","name":"high case (updated)","notifications":["@user"],"status":"medium"},{"condition":"first_updated \u003e 0","name":"warning case (updated)","notifications":[],"status":"high"}],"isEnabled":true,"message":"acceptance rule triggered (updated)","name":"tf-TestAccDatadogSecurityMonitoringRule_Basic-local-1624624848 - updated","options":{"detectionMethod":"threshold","evaluationWindow":60,"keepAlive":300,"maxSignalDuration":600},"queries":[{"aggregation":"cardinality","distinctFields":["@orgId"],"groupByFields":["service"],"metric":"@network.bytes_read","name":"first_updated","query":"does not really match much (updated)"}],"tags":["u:tomato","i:tomato"]}
    form: {}
    headers:
      Accept:
      - application/json
      Content-Type:
      - application/json
      Dd-Operation-Id:
      - UpdateSecurityMonitoringRule
      User-Agent:
      - terraform-provider-datadog/dev (terraform 2.6.1; terraform-cli 1.0.0) datadog-api-client-go/1.1.0 (go go1.16.5; os darwin; arch amd64)
    url: https://api.datadoghq.com/api/v2/security_monitoring/rules/kyd-a41-4qk
    method: PUT
  response:
    body: '{"updateAuthorId":1445416,"creationAuthorId":1445416,"tags":["u:tomato","i:tomato"],"isEnabled":true,"hasExtendedTitle":false,"message":"acceptance rule triggered (updated)","options":{"detectionMethod":"threshold","evaluationWindow":60,"maxSignalDuration":600,"keepAlive":300},"version":2,"isDefault":false,"filters":[],"queries":[{"distinctFields":["@orgId"],"name":"first_updated","metric":"@network.bytes_read","aggregation":"cardinality","groupByFields":["service"],"query":"does not really match much (updated)"}],"isDeleted":false,"cases":[{"status":"medium","notifications":["@user"],"name":"high case (updated)","condition":"first_updated > 3"},{"status":"high","notifications":[],"name":"warning case (updated)","condition":"first_updated > 0"}],"type":"log_detection","id":"kyd-a41-4qk","createdAt":1624624851951,"name":"tf-TestAccDatadogSecurityMonitoringRule_Basic-local-1624624848 - updated"}'
    headers:
      Cache-Control:
      - no-cache
      Connection:
      - keep-alive
      Content-Disposition:
      - inline
      Content-Security-Policy:
      - frame-ancestors 'self'; report-uri https://api.datadoghq.com/csp-report
      Content-Type:
      - application/json;charset=utf-8
      Date:
      - Fri, 25 Jun 2021 12:40:56 GMT
      Pragma:
      - no-cache
      Strict-Transport-Security:
      - max-age=15724800;
      Vary:
      - Accept-Encoding
      X-Content-Type-Options:
      - nosniff
      X-Dd-Debug:
      - fIO2C4qGDheGHy4YbS+r3a3CXbh4cbRo7roILOimQyiHGjQdOat0cIpWCkupM1uX
      X-Dd-Version:
      - "35.4832146"
      X-Frame-Options:
      - SAMEORIGIN
      X-Ratelimit-Limit:
      - "600"
      X-Ratelimit-Period:
      - "60"
      X-Ratelimit-Remaining:
      - "580"
      X-Ratelimit-Reset:
      - "4"
    status: 200 OK
    code: 200
    duration: ""
- request:
    body: ""
    form: {}
    headers:
      Accept:
      - application/json
      Dd-Operation-Id:
      - GetSecurityMonitoringRule
      User-Agent:
      - terraform-provider-datadog/dev (terraform 2.6.1; terraform-cli 1.0.0) datadog-api-client-go/1.1.0 (go go1.16.5; os darwin; arch amd64)
    url: https://api.datadoghq.com/api/v2/security_monitoring/rules/kyd-a41-4qk
    method: GET
  response:
    body: '{"updateAuthorId":1445416,"creationAuthorId":1445416,"tags":["u:tomato","i:tomato"],"isEnabled":true,"hasExtendedTitle":false,"message":"acceptance rule triggered (updated)","options":{"detectionMethod":"threshold","evaluationWindow":60,"maxSignalDuration":600,"keepAlive":300},"version":2,"isDefault":false,"filters":[],"queries":[{"distinctFields":["@orgId"],"name":"first_updated","metric":"@network.bytes_read","aggregation":"cardinality","groupByFields":["service"],"query":"does not really match much (updated)"}],"isDeleted":false,"cases":[{"status":"medium","notifications":["@user"],"name":"high case (updated)","condition":"first_updated > 3"},{"status":"high","notifications":[],"name":"warning case (updated)","condition":"first_updated > 0"}],"type":"log_detection","id":"kyd-a41-4qk","createdAt":1624624851951,"name":"tf-TestAccDatadogSecurityMonitoringRule_Basic-local-1624624848 - updated"}'
    headers:
      Cache-Control:
      - no-cache
      Connection:
      - keep-alive
      Content-Disposition:
      - inline
      Content-Security-Policy:
      - frame-ancestors 'self'; report-uri https://api.datadoghq.com/csp-report
      Content-Type:
      - application/json;charset=utf-8
      Date:
      - Fri, 25 Jun 2021 12:40:56 GMT
      Pragma:
      - no-cache
      Strict-Transport-Security:
      - max-age=15724800;
      Vary:
      - Accept-Encoding
      X-Content-Type-Options:
      - nosniff
      X-Dd-Debug:
      - bgHykj7A9bfZx0Y5ZO3swhhp5tGUSNJHqFWR868+qg087CYrDOd5hQslC+noiEtH
      X-Dd-Version:
      - "35.4832146"
      X-Frame-Options:
      - SAMEORIGIN
      X-Ratelimit-Limit:
      - "600"
      X-Ratelimit-Period:
      - "60"
      X-Ratelimit-Remaining:
      - "577"
      X-Ratelimit-Reset:
      - "4"
    status: 200 OK
    code: 200
    duration: ""
- request:
    body: ""
    form: {}
    headers:
      Accept:
      - application/json
      Dd-Operation-Id:
      - GetSecurityMonitoringRule
      User-Agent:
      - terraform-provider-datadog/dev (terraform 2.6.1; terraform-cli 1.0.0) datadog-api-client-go/1.1.0 (go go1.16.5; os darwin; arch amd64)
    url: https://api.datadoghq.com/api/v2/security_monitoring/rules/kyd-a41-4qk
    method: GET
  response:
    body: '{"updateAuthorId":1445416,"creationAuthorId":1445416,"tags":["u:tomato","i:tomato"],"isEnabled":true,"hasExtendedTitle":false,"message":"acceptance rule triggered (updated)","options":{"detectionMethod":"threshold","evaluationWindow":60,"maxSignalDuration":600,"keepAlive":300},"version":2,"isDefault":false,"filters":[],"queries":[{"distinctFields":["@orgId"],"name":"first_updated","metric":"@network.bytes_read","aggregation":"cardinality","groupByFields":["service"],"query":"does not really match much (updated)"}],"isDeleted":false,"cases":[{"status":"medium","notifications":["@user"],"name":"high case (updated)","condition":"first_updated > 3"},{"status":"high","notifications":[],"name":"warning case (updated)","condition":"first_updated > 0"}],"type":"log_detection","id":"kyd-a41-4qk","createdAt":1624624851951,"name":"tf-TestAccDatadogSecurityMonitoringRule_Basic-local-1624624848 - updated"}'
    headers:
      Cache-Control:
      - no-cache
      Connection:
      - keep-alive
      Content-Disposition:
      - inline
      Content-Security-Policy:
      - frame-ancestors 'self'; report-uri https://api.datadoghq.com/csp-report
      Content-Type:
      - application/json;charset=utf-8
      Date:
      - Fri, 25 Jun 2021 12:40:57 GMT
      Pragma:
      - no-cache
      Strict-Transport-Security:
      - max-age=15724800;
      Vary:
      - Accept-Encoding
      X-Content-Type-Options:
      - nosniff
      X-Dd-Debug:
      - twvpGlmuom5y6A0pjGtXzTf554cmwJgTcCZ71fK4H/RDi+v5ehBK0zQiRcTJQG5C
      X-Dd-Version:
      - "35.4832146"
      X-Frame-Options:
      - SAMEORIGIN
      X-Ratelimit-Limit:
      - "600"
      X-Ratelimit-Period:
      - "60"
      X-Ratelimit-Remaining:
      - "574"
      X-Ratelimit-Reset:
      - "3"
    status: 200 OK
    code: 200
    duration: ""
- request:
    body: ""
    form: {}
    headers:
      Accept:
      - application/json
      Dd-Operation-Id:
      - GetSecurityMonitoringRule
      User-Agent:
      - terraform-provider-datadog/dev (terraform 2.6.1; terraform-cli 1.0.0) datadog-api-client-go/1.1.0 (go go1.16.5; os darwin; arch amd64)
    url: https://api.datadoghq.com/api/v2/security_monitoring/rules/kyd-a41-4qk
    method: GET
  response:
    body: '{"updateAuthorId":1445416,"creationAuthorId":1445416,"tags":["u:tomato","i:tomato"],"isEnabled":true,"hasExtendedTitle":false,"message":"acceptance rule triggered (updated)","options":{"detectionMethod":"threshold","evaluationWindow":60,"maxSignalDuration":600,"keepAlive":300},"version":2,"isDefault":false,"filters":[],"queries":[{"distinctFields":["@orgId"],"name":"first_updated","metric":"@network.bytes_read","aggregation":"cardinality","groupByFields":["service"],"query":"does not really match much (updated)"}],"isDeleted":false,"cases":[{"status":"medium","notifications":["@user"],"name":"high case (updated)","condition":"first_updated > 3"},{"status":"high","notifications":[],"name":"warning case (updated)","condition":"first_updated > 0"}],"type":"log_detection","id":"kyd-a41-4qk","createdAt":1624624851951,"name":"tf-TestAccDatadogSecurityMonitoringRule_Basic-local-1624624848 - updated"}'
    headers:
      Cache-Control:
      - no-cache
      Connection:
      - keep-alive
      Content-Disposition:
      - inline
      Content-Security-Policy:
      - frame-ancestors 'self'; report-uri https://api.datadoghq.com/csp-report
      Content-Type:
      - application/json;charset=utf-8
      Date:
      - Fri, 25 Jun 2021 12:40:58 GMT
      Pragma:
      - no-cache
      Strict-Transport-Security:
      - max-age=15724800;
      Vary:
      - Accept-Encoding
      X-Content-Type-Options:
      - nosniff
      X-Dd-Debug:
      - S1wfaMZOKGT/IoMw6fqAwAwGWo2vQ44sjF3YzuETnQfxZO2T5eJbs0aX3UKb9Dwu
      X-Dd-Version:
      - "35.4832146"
      X-Frame-Options:
      - SAMEORIGIN
      X-Ratelimit-Limit:
      - "600"
      X-Ratelimit-Period:
      - "60"
      X-Ratelimit-Remaining:
      - "570"
      X-Ratelimit-Reset:
      - "2"
    status: 200 OK
    code: 200
    duration: ""
- request:
    body: ""
    form: {}
    headers:
      Accept:
      - application/json
      Dd-Operation-Id:
      - GetSecurityMonitoringRule
      User-Agent:
      - terraform-provider-datadog/dev (terraform 2.6.1; terraform-cli 1.0.0) datadog-api-client-go/1.1.0 (go go1.16.5; os darwin; arch amd64)
    url: https://api.datadoghq.com/api/v2/security_monitoring/rules/kyd-a41-4qk
    method: GET
  response:
    body: '{"updateAuthorId":1445416,"creationAuthorId":1445416,"tags":["u:tomato","i:tomato"],"isEnabled":true,"hasExtendedTitle":false,"message":"acceptance rule triggered (updated)","options":{"detectionMethod":"threshold","evaluationWindow":60,"maxSignalDuration":600,"keepAlive":300},"version":2,"isDefault":false,"filters":[],"queries":[{"distinctFields":["@orgId"],"name":"first_updated","metric":"@network.bytes_read","aggregation":"cardinality","groupByFields":["service"],"query":"does not really match much (updated)"}],"isDeleted":false,"cases":[{"status":"medium","notifications":["@user"],"name":"high case (updated)","condition":"first_updated > 3"},{"status":"high","notifications":[],"name":"warning case (updated)","condition":"first_updated > 0"}],"type":"log_detection","id":"kyd-a41-4qk","createdAt":1624624851951,"name":"tf-TestAccDatadogSecurityMonitoringRule_Basic-local-1624624848 - updated"}'
    headers:
      Cache-Control:
      - no-cache
      Connection:
      - keep-alive
      Content-Disposition:
      - inline
      Content-Security-Policy:
      - frame-ancestors 'self'; report-uri https://api.datadoghq.com/csp-report
      Content-Type:
      - application/json;charset=utf-8
      Date:
      - Fri, 25 Jun 2021 12:40:59 GMT
      Pragma:
      - no-cache
      Strict-Transport-Security:
      - max-age=15724800;
      Vary:
      - Accept-Encoding
      X-Content-Type-Options:
      - nosniff
      X-Dd-Debug:
      - HbtaOKlJ6OCrx9tMXO6ivMTrEM+g0c93HDp08trmOmgdHozC5J+vn10F0H4WPjCU
      X-Dd-Version:
      - "35.4832146"
      X-Frame-Options:
      - SAMEORIGIN
      X-Ratelimit-Limit:
      - "600"
      X-Ratelimit-Period:
      - "60"
      X-Ratelimit-Remaining:
      - "568"
      X-Ratelimit-Reset:
      - "1"
    status: 200 OK
    code: 200
    duration: ""
- request:
    body: ""
    form: {}
    headers:
      Accept:
      - application/json
      Dd-Operation-Id:
      - GetSecurityMonitoringRule
      User-Agent:
      - terraform-provider-datadog/dev (terraform 2.6.1; terraform-cli 1.0.0) datadog-api-client-go/1.1.0 (go go1.16.5; os darwin; arch amd64)
    url: https://api.datadoghq.com/api/v2/security_monitoring/rules/kyd-a41-4qk
    method: GET
  response:
    body: '{"updateAuthorId":1445416,"creationAuthorId":1445416,"tags":["u:tomato","i:tomato"],"isEnabled":true,"hasExtendedTitle":false,"message":"acceptance rule triggered (updated)","options":{"detectionMethod":"threshold","evaluationWindow":60,"maxSignalDuration":600,"keepAlive":300},"version":2,"isDefault":false,"filters":[],"queries":[{"distinctFields":["@orgId"],"name":"first_updated","metric":"@network.bytes_read","aggregation":"cardinality","groupByFields":["service"],"query":"does not really match much (updated)"}],"isDeleted":false,"cases":[{"status":"medium","notifications":["@user"],"name":"high case (updated)","condition":"first_updated > 3"},{"status":"high","notifications":[],"name":"warning case (updated)","condition":"first_updated > 0"}],"type":"log_detection","id":"kyd-a41-4qk","createdAt":1624624851951,"name":"tf-TestAccDatadogSecurityMonitoringRule_Basic-local-1624624848 - updated"}'
    headers:
      Cache-Control:
      - no-cache
      Connection:
      - keep-alive
      Content-Disposition:
      - inline
      Content-Security-Policy:
      - frame-ancestors 'self'; report-uri https://api.datadoghq.com/csp-report
      Content-Type:
      - application/json;charset=utf-8
      Date:
      - Fri, 25 Jun 2021 12:41:00 GMT
      Pragma:
      - no-cache
      Strict-Transport-Security:
      - max-age=15724800;
      Vary:
      - Accept-Encoding
      X-Content-Type-Options:
      - nosniff
      X-Dd-Debug:
      - 25u1gDlL724DHllbjFT4BhOLorBTilh+aah2uWAUEjFC/+rjczJdiyWrV/HwLwe/
      X-Dd-Version:
      - "35.4832146"
      X-Frame-Options:
      - SAMEORIGIN
      X-Ratelimit-Limit:
      - "600"
      X-Ratelimit-Period:
      - "60"
      X-Ratelimit-Remaining:
      - "599"
      X-Ratelimit-Reset:
      - "60"
    status: 200 OK
    code: 200
    duration: ""
- request:
    body: ""
    form: {}
    headers:
      Accept:
      - application/json
      Dd-Operation-Id:
      - DeleteSecurityMonitoringRule
      User-Agent:
      - terraform-provider-datadog/dev (terraform 2.6.1; terraform-cli 1.0.0) datadog-api-client-go/1.1.0 (go go1.16.5; os darwin; arch amd64)
    url: https://api.datadoghq.com/api/v2/security_monitoring/rules/kyd-a41-4qk
    method: DELETE
  response:
    body: ""
    headers:
      Cache-Control:
      - no-cache
      Connection:
      - keep-alive
      Content-Disposition:
      - inline
      Content-Length:
      - "0"
      Content-Security-Policy:
      - frame-ancestors 'self'; report-uri https://api.datadoghq.com/csp-report
      Date:
      - Fri, 25 Jun 2021 12:41:01 GMT
      Pragma:
      - no-cache
      Strict-Transport-Security:
      - max-age=15724800;
      X-Content-Type-Options:
      - nosniff
      X-Dd-Debug:
      - SY1h8ScsWq+kYmtbh63ltMLFAZsQjqfrgvdfAoRX+9TzT1sgMBRYaFRwfWWRRe9a
      X-Dd-Version:
      - "35.4832146"
      X-Frame-Options:
      - SAMEORIGIN
      X-Ratelimit-Limit:
      - "600"
      X-Ratelimit-Period:
      - "60"
      X-Ratelimit-Remaining:
      - "598"
      X-Ratelimit-Reset:
      - "59"
    status: 204 No Content
    code: 204
    duration: ""
- request:
    body: ""
    form: {}
    headers:
      Accept:
      - application/json
      Dd-Operation-Id:
      - GetSecurityMonitoringRule
      User-Agent:
      - terraform-provider-datadog/dev (terraform 2.6.1; terraform-cli 1.0.0) datadog-api-client-go/1.1.0 (go go1.16.5; os darwin; arch amd64)
    url: https://api.datadoghq.com/api/v2/security_monitoring/rules/kyd-a41-4qk
    method: GET
  response:
    body: '{"errors":["Threat detection rule not found: kyd-a41-4qk"]}'
    headers:
      Cache-Control:
      - no-cache
      Connection:
      - keep-alive
      Content-Security-Policy:
      - frame-ancestors 'self'; report-uri https://api.datadoghq.com/csp-report
      Content-Type:
      - application/json
      Date:
      - Fri, 25 Jun 2021 12:41:01 GMT
      Pragma:
      - no-cache
      Strict-Transport-Security:
      - max-age=15724800;
      Vary:
      - Accept-Encoding
      X-Content-Type-Options:
      - nosniff
      X-Dd-Version:
      - "35.4832146"
      X-Frame-Options:
      - SAMEORIGIN
      X-Ratelimit-Limit:
      - "600"
      X-Ratelimit-Period:
      - "60"
      X-Ratelimit-Remaining:
      - "597"
      X-Ratelimit-Reset:
      - "59"
    status: 404 Not Found
    code: 404
    duration: ""
